d:\cybermed\daddy\dependency\sdk-vtk-9.4.2\build_msvc\lib\debug\vtkimagingmath-9.4d.pdb
d:\cybermed\daddy\dependency\sdk-vtk-9.4.2\build_msvc\imaging\math\imagingmath.dir\debug\vtkimageweightedsum.obj
d:\cybermed\daddy\dependency\sdk-vtk-9.4.2\build_msvc\imaging\math\imagingmath.dir\debug\vtkimagemathematics.obj
d:\cybermed\daddy\dependency\sdk-vtk-9.4.2\build_msvc\imaging\math\imagingmath.dir\debug\vtkimagemaskbits.obj
d:\cybermed\daddy\dependency\sdk-vtk-9.4.2\build_msvc\imaging\math\imagingmath.dir\debug\vtkimagemagnitude.obj
d:\cybermed\daddy\dependency\sdk-vtk-9.4.2\build_msvc\imaging\math\imagingmath.dir\debug\vtkimagelogic.obj
d:\cybermed\daddy\dependency\sdk-vtk-9.4.2\build_msvc\imaging\math\imagingmath.dir\debug\vtkimagelogarithmicscale.obj
d:\cybermed\daddy\dependency\sdk-vtk-9.4.2\build_msvc\imaging\math\imagingmath.dir\debug\vtkimagedotproduct.obj
d:\cybermed\daddy\dependency\sdk-vtk-9.4.2\build_msvc\imaging\math\imagingmath.dir\debug\vtkimagedivergence.obj
d:\cybermed\daddy\dependency\sdk-vtk-9.4.2\build_msvc\imaging\math\imagingmath.dir\debug\vc143.pdb
d:\cybermed\daddy\dependency\sdk-vtk-9.4.2\build_msvc\imaging\math\cmakefiles\generate.stamp
d:\cybermed\daddy\dependency\sdk-vtk-9.4.2\build_msvc\lib\debug\vtkimagingmath-9.4d.lib
d:\cybermed\daddy\dependency\sdk-vtk-9.4.2\build_msvc\bin\debug\vtkimagingmath-9.4d.dll
d:\cybermed\daddy\dependency\sdk-vtk-9.4.2\build_msvc\bin\debug\vtkimagingmath-9.4d.pdb
d:\cybermed\daddy\dependency\sdk-vtk-9.4.2\build_msvc\lib\debug\vtkimagingmath-9.4d.exp
d:\cybermed\daddy\dependency\sdk-vtk-9.4.2\build_msvc\imaging\math\imagingmath.dir\debug\vtkimagingmath-9.4d.ilk
d:\cybermed\daddy\dependency\sdk-vtk-9.4.2\build_msvc\imaging\math\imagingmath.dir\debug\imagingmath.tlog\cl.command.1.tlog
d:\cybermed\daddy\dependency\sdk-vtk-9.4.2\build_msvc\imaging\math\imagingmath.dir\debug\imagingmath.tlog\cl.items.tlog
d:\cybermed\daddy\dependency\sdk-vtk-9.4.2\build_msvc\imaging\math\imagingmath.dir\debug\imagingmath.tlog\cl.read.1.tlog
d:\cybermed\daddy\dependency\sdk-vtk-9.4.2\build_msvc\imaging\math\imagingmath.dir\debug\imagingmath.tlog\cl.write.1.tlog
d:\cybermed\daddy\dependency\sdk-vtk-9.4.2\build_msvc\imaging\math\imagingmath.dir\debug\imagingmath.tlog\custombuild.command.1.tlog
d:\cybermed\daddy\dependency\sdk-vtk-9.4.2\build_msvc\imaging\math\imagingmath.dir\debug\imagingmath.tlog\custombuild.read.1.tlog
d:\cybermed\daddy\dependency\sdk-vtk-9.4.2\build_msvc\imaging\math\imagingmath.dir\debug\imagingmath.tlog\custombuild.write.1.tlog
d:\cybermed\daddy\dependency\sdk-vtk-9.4.2\build_msvc\imaging\math\imagingmath.dir\debug\imagingmath.tlog\lib-link.read.1.tlog
d:\cybermed\daddy\dependency\sdk-vtk-9.4.2\build_msvc\imaging\math\imagingmath.dir\debug\imagingmath.tlog\lib-link.write.1.tlog
d:\cybermed\daddy\dependency\sdk-vtk-9.4.2\build_msvc\imaging\math\imagingmath.dir\debug\imagingmath.tlog\lib.command.1.tlog
d:\cybermed\daddy\dependency\sdk-vtk-9.4.2\build_msvc\imaging\math\imagingmath.dir\debug\imagingmath.tlog\link.command.1.tlog
d:\cybermed\daddy\dependency\sdk-vtk-9.4.2\build_msvc\imaging\math\imagingmath.dir\debug\imagingmath.tlog\link.read.1.tlog
d:\cybermed\daddy\dependency\sdk-vtk-9.4.2\build_msvc\imaging\math\imagingmath.dir\debug\imagingmath.tlog\link.secondary.1.tlog
d:\cybermed\daddy\dependency\sdk-vtk-9.4.2\build_msvc\imaging\math\imagingmath.dir\debug\imagingmath.tlog\link.write.1.tlog
