d:\cybermed\daddy\dependency\sdk-vtk-9.4.2\build_msvc\lib\debug\vtkrenderingqt-9.4d.pdb
d:\cybermed\daddy\dependency\sdk-vtk-9.4.2\build_msvc\rendering\qt\renderingqt.dir\debug\vtkqttreeringlabelmapper.obj
d:\cybermed\daddy\dependency\sdk-vtk-9.4.2\build_msvc\rendering\qt\renderingqt.dir\debug\vtkqtstringtoimage.obj
d:\cybermed\daddy\dependency\sdk-vtk-9.4.2\build_msvc\rendering\qt\renderingqt.dir\debug\vtkqtlabelrenderstrategy.obj
d:\cybermed\daddy\dependency\sdk-vtk-9.4.2\build_msvc\rendering\qt\renderingqt.dir\debug\vtkqtinitialization.obj
d:\cybermed\daddy\dependency\sdk-vtk-9.4.2\build_msvc\rendering\qt\renderingqt.dir\debug\vtkqimagetoimagesource.obj
d:\cybermed\daddy\dependency\sdk-vtk-9.4.2\build_msvc\rendering\qt\renderingqt.dir\debug\vc143.pdb
d:\cybermed\daddy\dependency\sdk-vtk-9.4.2\build_msvc\rendering\qt\cmakefiles\generate.stamp
d:\cybermed\daddy\dependency\sdk-vtk-9.4.2\build_msvc\lib\debug\vtkrenderingqt-9.4d.lib
d:\cybermed\daddy\dependency\sdk-vtk-9.4.2\build_msvc\bin\debug\vtkrenderingqt-9.4d.dll
d:\cybermed\daddy\dependency\sdk-vtk-9.4.2\build_msvc\bin\debug\vtkrenderingqt-9.4d.pdb
d:\cybermed\daddy\dependency\sdk-vtk-9.4.2\build_msvc\lib\debug\vtkrenderingqt-9.4d.exp
d:\cybermed\daddy\dependency\sdk-vtk-9.4.2\build_msvc\rendering\qt\renderingqt.dir\debug\vtkrenderingqt-9.4d.ilk
d:\cybermed\daddy\dependency\sdk-vtk-9.4.2\build_msvc\rendering\qt\renderingqt.dir\debug\renderingqt.tlog\cl.command.1.tlog
d:\cybermed\daddy\dependency\sdk-vtk-9.4.2\build_msvc\rendering\qt\renderingqt.dir\debug\renderingqt.tlog\cl.items.tlog
d:\cybermed\daddy\dependency\sdk-vtk-9.4.2\build_msvc\rendering\qt\renderingqt.dir\debug\renderingqt.tlog\cl.read.1.tlog
d:\cybermed\daddy\dependency\sdk-vtk-9.4.2\build_msvc\rendering\qt\renderingqt.dir\debug\renderingqt.tlog\cl.write.1.tlog
d:\cybermed\daddy\dependency\sdk-vtk-9.4.2\build_msvc\rendering\qt\renderingqt.dir\debug\renderingqt.tlog\custombuild.command.1.tlog
d:\cybermed\daddy\dependency\sdk-vtk-9.4.2\build_msvc\rendering\qt\renderingqt.dir\debug\renderingqt.tlog\custombuild.read.1.tlog
d:\cybermed\daddy\dependency\sdk-vtk-9.4.2\build_msvc\rendering\qt\renderingqt.dir\debug\renderingqt.tlog\custombuild.write.1.tlog
d:\cybermed\daddy\dependency\sdk-vtk-9.4.2\build_msvc\rendering\qt\renderingqt.dir\debug\renderingqt.tlog\lib-link.read.1.tlog
d:\cybermed\daddy\dependency\sdk-vtk-9.4.2\build_msvc\rendering\qt\renderingqt.dir\debug\renderingqt.tlog\lib-link.write.1.tlog
d:\cybermed\daddy\dependency\sdk-vtk-9.4.2\build_msvc\rendering\qt\renderingqt.dir\debug\renderingqt.tlog\lib.command.1.tlog
d:\cybermed\daddy\dependency\sdk-vtk-9.4.2\build_msvc\rendering\qt\renderingqt.dir\debug\renderingqt.tlog\link.command.1.tlog
d:\cybermed\daddy\dependency\sdk-vtk-9.4.2\build_msvc\rendering\qt\renderingqt.dir\debug\renderingqt.tlog\link.read.1.tlog
d:\cybermed\daddy\dependency\sdk-vtk-9.4.2\build_msvc\rendering\qt\renderingqt.dir\debug\renderingqt.tlog\link.secondary.1.tlog
d:\cybermed\daddy\dependency\sdk-vtk-9.4.2\build_msvc\rendering\qt\renderingqt.dir\debug\renderingqt.tlog\link.write.1.tlog
