d:\cybermed\daddy\dependency\sdk-vtk-9.4.2\build_msvc\thirdparty\freetype\vtkfreetype\freetype.dir\release\ftsdf.obj
d:\cybermed\daddy\dependency\sdk-vtk-9.4.2\build_msvc\thirdparty\freetype\vtkfreetype\freetype.dir\release\ftbsdf.obj
d:\cybermed\daddy\dependency\sdk-vtk-9.4.2\build_msvc\thirdparty\freetype\vtkfreetype\freetype.dir\release\raster.obj
d:\cybermed\daddy\dependency\sdk-vtk-9.4.2\build_msvc\thirdparty\freetype\vtkfreetype\freetype.dir\release\psmodule.obj
d:\cybermed\daddy\dependency\sdk-vtk-9.4.2\build_msvc\thirdparty\freetype\vtkfreetype\freetype.dir\release\pshinter.obj
d:\cybermed\daddy\dependency\sdk-vtk-9.4.2\build_msvc\thirdparty\freetype\vtkfreetype\freetype.dir\release\psaux.obj
d:\cybermed\daddy\dependency\sdk-vtk-9.4.2\build_msvc\thirdparty\freetype\vtkfreetype\freetype.dir\release\pfr.obj
d:\cybermed\daddy\dependency\sdk-vtk-9.4.2\build_msvc\thirdparty\freetype\vtkfreetype\freetype.dir\release\pcf.obj
d:\cybermed\daddy\dependency\sdk-vtk-9.4.2\build_msvc\thirdparty\freetype\vtkfreetype\freetype.dir\release\ftlzw.obj
d:\cybermed\daddy\dependency\sdk-vtk-9.4.2\build_msvc\thirdparty\freetype\vtkfreetype\freetype.dir\release\ftgzip.obj
d:\cybermed\daddy\dependency\sdk-vtk-9.4.2\build_msvc\thirdparty\freetype\vtkfreetype\freetype.dir\release\type1cid.obj
d:\cybermed\daddy\dependency\sdk-vtk-9.4.2\build_msvc\thirdparty\freetype\vtkfreetype\freetype.dir\release\cff.obj
d:\cybermed\daddy\dependency\sdk-vtk-9.4.2\build_msvc\thirdparty\freetype\vtkfreetype\freetype.dir\release\ftcache.obj
d:\cybermed\daddy\dependency\sdk-vtk-9.4.2\build_msvc\thirdparty\freetype\vtkfreetype\freetype.dir\release\bdf.obj
d:\cybermed\daddy\dependency\sdk-vtk-9.4.2\build_msvc\thirdparty\freetype\vtkfreetype\freetype.dir\release\ftmm.obj
d:\cybermed\daddy\dependency\sdk-vtk-9.4.2\build_msvc\thirdparty\freetype\vtkfreetype\freetype.dir\release\ftinit.obj
d:\cybermed\daddy\dependency\sdk-vtk-9.4.2\build_msvc\thirdparty\freetype\vtkfreetype\freetype.dir\release\ftglyph.obj
d:\cybermed\daddy\dependency\sdk-vtk-9.4.2\build_msvc\thirdparty\freetype\vtkfreetype\freetype.dir\release\ftbitmap.obj
d:\cybermed\daddy\dependency\sdk-vtk-9.4.2\build_msvc\thirdparty\freetype\vtkfreetype\freetype.dir\release\ftbbox.obj
d:\cybermed\daddy\dependency\sdk-vtk-9.4.2\build_msvc\thirdparty\freetype\vtkfreetype\freetype.dir\release\ftbase.obj
d:\cybermed\daddy\dependency\sdk-vtk-9.4.2\build_msvc\thirdparty\freetype\vtkfreetype\freetype.dir\release\ftsystem.obj
d:\cybermed\daddy\dependency\sdk-vtk-9.4.2\build_msvc\thirdparty\freetype\vtkfreetype\freetype.dir\release\ftdebug.obj
d:\cybermed\daddy\dependency\sdk-vtk-9.4.2\build_msvc\thirdparty\freetype\vtkfreetype\freetype.dir\release\winfnt.obj
d:\cybermed\daddy\dependency\sdk-vtk-9.4.2\build_msvc\thirdparty\freetype\vtkfreetype\freetype.dir\release\type42.obj
d:\cybermed\daddy\dependency\sdk-vtk-9.4.2\build_msvc\thirdparty\freetype\vtkfreetype\freetype.dir\release\type1.obj
d:\cybermed\daddy\dependency\sdk-vtk-9.4.2\build_msvc\thirdparty\freetype\vtkfreetype\freetype.dir\release\truetype.obj
d:\cybermed\daddy\dependency\sdk-vtk-9.4.2\build_msvc\thirdparty\freetype\vtkfreetype\freetype.dir\release\svg.obj
d:\cybermed\daddy\dependency\sdk-vtk-9.4.2\build_msvc\thirdparty\freetype\vtkfreetype\freetype.dir\release\smooth.obj
d:\cybermed\daddy\dependency\sdk-vtk-9.4.2\build_msvc\thirdparty\freetype\vtkfreetype\freetype.dir\release\sfnt.obj
d:\cybermed\daddy\dependency\sdk-vtk-9.4.2\build_msvc\thirdparty\freetype\vtkfreetype\freetype.dir\release\ftsdfrend.obj
d:\cybermed\daddy\dependency\sdk-vtk-9.4.2\build_msvc\thirdparty\freetype\vtkfreetype\freetype.dir\release\ftsdfcommon.obj
d:\cybermed\daddy\dependency\sdk-vtk-9.4.2\build_msvc\thirdparty\freetype\vtkfreetype\cmakefiles\generate.stamp
d:\cybermed\daddy\dependency\sdk-vtk-9.4.2\build_msvc\bin\release\vtkfreetype-9.4.dll
d:\cybermed\daddy\dependency\sdk-vtk-9.4.2\build_msvc\lib\release\vtkfreetype-9.4.lib
d:\cybermed\daddy\dependency\sdk-vtk-9.4.2\build_msvc\lib\release\vtkfreetype-9.4.exp
d:\cybermed\daddy\dependency\sdk-vtk-9.4.2\build_msvc\thirdparty\freetype\vtkfreetype\freetype.dir\release\freetype.tlog\cl.command.1.tlog
d:\cybermed\daddy\dependency\sdk-vtk-9.4.2\build_msvc\thirdparty\freetype\vtkfreetype\freetype.dir\release\freetype.tlog\cl.items.tlog
d:\cybermed\daddy\dependency\sdk-vtk-9.4.2\build_msvc\thirdparty\freetype\vtkfreetype\freetype.dir\release\freetype.tlog\cl.read.1.tlog
d:\cybermed\daddy\dependency\sdk-vtk-9.4.2\build_msvc\thirdparty\freetype\vtkfreetype\freetype.dir\release\freetype.tlog\cl.write.1.tlog
d:\cybermed\daddy\dependency\sdk-vtk-9.4.2\build_msvc\thirdparty\freetype\vtkfreetype\freetype.dir\release\freetype.tlog\custombuild.command.1.tlog
d:\cybermed\daddy\dependency\sdk-vtk-9.4.2\build_msvc\thirdparty\freetype\vtkfreetype\freetype.dir\release\freetype.tlog\custombuild.read.1.tlog
d:\cybermed\daddy\dependency\sdk-vtk-9.4.2\build_msvc\thirdparty\freetype\vtkfreetype\freetype.dir\release\freetype.tlog\custombuild.write.1.tlog
d:\cybermed\daddy\dependency\sdk-vtk-9.4.2\build_msvc\thirdparty\freetype\vtkfreetype\freetype.dir\release\freetype.tlog\link.command.1.tlog
d:\cybermed\daddy\dependency\sdk-vtk-9.4.2\build_msvc\thirdparty\freetype\vtkfreetype\freetype.dir\release\freetype.tlog\link.read.1.tlog
d:\cybermed\daddy\dependency\sdk-vtk-9.4.2\build_msvc\thirdparty\freetype\vtkfreetype\freetype.dir\release\freetype.tlog\link.secondary.1.tlog
d:\cybermed\daddy\dependency\sdk-vtk-9.4.2\build_msvc\thirdparty\freetype\vtkfreetype\freetype.dir\release\freetype.tlog\link.write.1.tlog
