d:\cybermed\daddy\dependency\dcmtk-dcmtk-3.6.8\build_msvc\lib\debug\dcmdsig.pdb
d:\cybermed\daddy\dependency\dcmtk-dcmtk-3.6.8\build_msvc\dcmsign\libsrc\dcmdsig.dir\debug\sitypes.obj
d:\cybermed\daddy\dependency\dcmtk-dcmtk-3.6.8\build_msvc\dcmsign\libsrc\dcmdsig.dir\debug\sitstamp.obj
d:\cybermed\daddy\dependency\dcmtk-dcmtk-3.6.8\build_msvc\dcmsign\libsrc\dcmdsig.dir\debug\sitsfs.obj
d:\cybermed\daddy\dependency\dcmtk-dcmtk-3.6.8\build_msvc\dcmsign\libsrc\dcmdsig.dir\debug\sisrvpr.obj
d:\cybermed\daddy\dependency\dcmtk-dcmtk-3.6.8\build_msvc\dcmsign\libsrc\dcmdsig.dir\debug\sisrpr.obj
d:\cybermed\daddy\dependency\dcmtk-dcmtk-3.6.8\build_msvc\dcmsign\libsrc\dcmdsig.dir\debug\sisprof.obj
d:\cybermed\daddy\dependency\dcmtk-dcmtk-3.6.8\build_msvc\dcmsign\libsrc\dcmdsig.dir\debug\sipurpos.obj
d:\cybermed\daddy\dependency\dcmtk-dcmtk-3.6.8\build_msvc\dcmsign\libsrc\dcmdsig.dir\debug\siprivat.obj
d:\cybermed\daddy\dependency\dcmtk-dcmtk-3.6.8\build_msvc\dcmsign\libsrc\dcmdsig.dir\debug\sipkey.obj
d:\cybermed\daddy\dependency\dcmtk-dcmtk-3.6.8\build_msvc\dcmsign\libsrc\dcmdsig.dir\debug\sinullpr.obj
d:\cybermed\daddy\dependency\dcmtk-dcmtk-3.6.8\build_msvc\dcmsign\libsrc\dcmdsig.dir\debug\simdmac.obj
d:\cybermed\daddy\dependency\dcmtk-dcmtk-3.6.8\build_msvc\dcmsign\libsrc\dcmdsig.dir\debug\simaccon.obj
d:\cybermed\daddy\dependency\dcmtk-dcmtk-3.6.8\build_msvc\dcmsign\libsrc\dcmdsig.dir\debug\sicreapr.obj
d:\cybermed\daddy\dependency\dcmtk-dcmtk-3.6.8\build_msvc\dcmsign\libsrc\dcmdsig.dir\debug\sicertvf.obj
d:\cybermed\daddy\dependency\dcmtk-dcmtk-3.6.8\build_msvc\dcmsign\libsrc\dcmdsig.dir\debug\sicert.obj
d:\cybermed\daddy\dependency\dcmtk-dcmtk-3.6.8\build_msvc\dcmsign\libsrc\dcmdsig.dir\debug\sibrsapr.obj
d:\cybermed\daddy\dependency\dcmtk-dcmtk-3.6.8\build_msvc\dcmsign\libsrc\dcmdsig.dir\debug\siautopr.obj
d:\cybermed\daddy\dependency\dcmtk-dcmtk-3.6.8\build_msvc\dcmsign\libsrc\dcmdsig.dir\debug\dcsignat.obj
d:\cybermed\daddy\dependency\dcmtk-dcmtk-3.6.8\build_msvc\dcmsign\libsrc\dcmdsig.dir\debug\dcsighlp.obj
d:\cybermed\daddy\dependency\dcmtk-dcmtk-3.6.8\build_msvc\dcmsign\libsrc\dcmdsig.dir\debug\vc143.pdb
d:\cybermed\daddy\dependency\dcmtk-dcmtk-3.6.8\build_msvc\dcmsign\libsrc\cmakefiles\generate.stamp
d:\cybermed\daddy\dependency\dcmtk-dcmtk-3.6.8\build_msvc\lib\debug\dcmdsig.lib
d:\cybermed\daddy\dependency\dcmtk-dcmtk-3.6.8\build_msvc\bin\debug\dcmdsig.dll
d:\cybermed\daddy\dependency\dcmtk-dcmtk-3.6.8\build_msvc\bin\debug\dcmdsig.pdb
d:\cybermed\daddy\dependency\dcmtk-dcmtk-3.6.8\build_msvc\lib\debug\dcmdsig.exp
d:\cybermed\daddy\dependency\dcmtk-dcmtk-3.6.8\build_msvc\dcmsign\libsrc\dcmdsig.dir\debug\dcmdsig.ilk
d:\cybermed\daddy\dependency\dcmtk-dcmtk-3.6.8\build_msvc\dcmsign\libsrc\dcmdsig.dir\debug\dcmdsig.tlog\cl.command.1.tlog
d:\cybermed\daddy\dependency\dcmtk-dcmtk-3.6.8\build_msvc\dcmsign\libsrc\dcmdsig.dir\debug\dcmdsig.tlog\cl.items.tlog
d:\cybermed\daddy\dependency\dcmtk-dcmtk-3.6.8\build_msvc\dcmsign\libsrc\dcmdsig.dir\debug\dcmdsig.tlog\cl.read.1.tlog
d:\cybermed\daddy\dependency\dcmtk-dcmtk-3.6.8\build_msvc\dcmsign\libsrc\dcmdsig.dir\debug\dcmdsig.tlog\cl.write.1.tlog
d:\cybermed\daddy\dependency\dcmtk-dcmtk-3.6.8\build_msvc\dcmsign\libsrc\dcmdsig.dir\debug\dcmdsig.tlog\custombuild.command.1.tlog
d:\cybermed\daddy\dependency\dcmtk-dcmtk-3.6.8\build_msvc\dcmsign\libsrc\dcmdsig.dir\debug\dcmdsig.tlog\custombuild.read.1.tlog
d:\cybermed\daddy\dependency\dcmtk-dcmtk-3.6.8\build_msvc\dcmsign\libsrc\dcmdsig.dir\debug\dcmdsig.tlog\custombuild.write.1.tlog
d:\cybermed\daddy\dependency\dcmtk-dcmtk-3.6.8\build_msvc\dcmsign\libsrc\dcmdsig.dir\debug\dcmdsig.tlog\lib-link.read.1.tlog
d:\cybermed\daddy\dependency\dcmtk-dcmtk-3.6.8\build_msvc\dcmsign\libsrc\dcmdsig.dir\debug\dcmdsig.tlog\lib-link.write.1.tlog
d:\cybermed\daddy\dependency\dcmtk-dcmtk-3.6.8\build_msvc\dcmsign\libsrc\dcmdsig.dir\debug\dcmdsig.tlog\lib.command.1.tlog
d:\cybermed\daddy\dependency\dcmtk-dcmtk-3.6.8\build_msvc\dcmsign\libsrc\dcmdsig.dir\debug\dcmdsig.tlog\link.command.1.tlog
d:\cybermed\daddy\dependency\dcmtk-dcmtk-3.6.8\build_msvc\dcmsign\libsrc\dcmdsig.dir\debug\dcmdsig.tlog\link.read.1.tlog
d:\cybermed\daddy\dependency\dcmtk-dcmtk-3.6.8\build_msvc\dcmsign\libsrc\dcmdsig.dir\debug\dcmdsig.tlog\link.secondary.1.tlog
d:\cybermed\daddy\dependency\dcmtk-dcmtk-3.6.8\build_msvc\dcmsign\libsrc\dcmdsig.dir\debug\dcmdsig.tlog\link.write.1.tlog
