d:\cybermed\daddy\dependency\sdk-vtk-9.4.2\build_msvc\lib\debug\vtkviewscontext2d-9.4d.pdb
d:\cybermed\daddy\dependency\sdk-vtk-9.4.2\build_msvc\views\context2d\viewscontext2d.dir\debug\vtkcontextview.obj
d:\cybermed\daddy\dependency\sdk-vtk-9.4.2\build_msvc\views\context2d\viewscontext2d.dir\debug\vtkcontextinteractorstyle.obj
d:\cybermed\daddy\dependency\sdk-vtk-9.4.2\build_msvc\views\context2d\viewscontext2d.dir\debug\vc143.pdb
d:\cybermed\daddy\dependency\sdk-vtk-9.4.2\build_msvc\views\context2d\cmakefiles\generate.stamp
d:\cybermed\daddy\dependency\sdk-vtk-9.4.2\build_msvc\lib\debug\vtkviewscontext2d-9.4d.lib
d:\cybermed\daddy\dependency\sdk-vtk-9.4.2\build_msvc\bin\debug\vtkviewscontext2d-9.4d.dll
d:\cybermed\daddy\dependency\sdk-vtk-9.4.2\build_msvc\bin\debug\vtkviewscontext2d-9.4d.pdb
d:\cybermed\daddy\dependency\sdk-vtk-9.4.2\build_msvc\lib\debug\vtkviewscontext2d-9.4d.exp
d:\cybermed\daddy\dependency\sdk-vtk-9.4.2\build_msvc\views\context2d\viewscontext2d.dir\debug\vtkviewscontext2d-9.4d.ilk
d:\cybermed\daddy\dependency\sdk-vtk-9.4.2\build_msvc\views\context2d\viewscontext2d.dir\debug\viewscontext2d.tlog\cl.command.1.tlog
d:\cybermed\daddy\dependency\sdk-vtk-9.4.2\build_msvc\views\context2d\viewscontext2d.dir\debug\viewscontext2d.tlog\cl.items.tlog
d:\cybermed\daddy\dependency\sdk-vtk-9.4.2\build_msvc\views\context2d\viewscontext2d.dir\debug\viewscontext2d.tlog\cl.read.1.tlog
d:\cybermed\daddy\dependency\sdk-vtk-9.4.2\build_msvc\views\context2d\viewscontext2d.dir\debug\viewscontext2d.tlog\cl.write.1.tlog
d:\cybermed\daddy\dependency\sdk-vtk-9.4.2\build_msvc\views\context2d\viewscontext2d.dir\debug\viewscontext2d.tlog\custombuild.command.1.tlog
d:\cybermed\daddy\dependency\sdk-vtk-9.4.2\build_msvc\views\context2d\viewscontext2d.dir\debug\viewscontext2d.tlog\custombuild.read.1.tlog
d:\cybermed\daddy\dependency\sdk-vtk-9.4.2\build_msvc\views\context2d\viewscontext2d.dir\debug\viewscontext2d.tlog\custombuild.write.1.tlog
d:\cybermed\daddy\dependency\sdk-vtk-9.4.2\build_msvc\views\context2d\viewscontext2d.dir\debug\viewscontext2d.tlog\lib-link.read.1.tlog
d:\cybermed\daddy\dependency\sdk-vtk-9.4.2\build_msvc\views\context2d\viewscontext2d.dir\debug\viewscontext2d.tlog\lib-link.write.1.tlog
d:\cybermed\daddy\dependency\sdk-vtk-9.4.2\build_msvc\views\context2d\viewscontext2d.dir\debug\viewscontext2d.tlog\lib.command.1.tlog
d:\cybermed\daddy\dependency\sdk-vtk-9.4.2\build_msvc\views\context2d\viewscontext2d.dir\debug\viewscontext2d.tlog\link.command.1.tlog
d:\cybermed\daddy\dependency\sdk-vtk-9.4.2\build_msvc\views\context2d\viewscontext2d.dir\debug\viewscontext2d.tlog\link.read.1.tlog
d:\cybermed\daddy\dependency\sdk-vtk-9.4.2\build_msvc\views\context2d\viewscontext2d.dir\debug\viewscontext2d.tlog\link.secondary.1.tlog
d:\cybermed\daddy\dependency\sdk-vtk-9.4.2\build_msvc\views\context2d\viewscontext2d.dir\debug\viewscontext2d.tlog\link.write.1.tlog
