d:\cybermed\daddy\dependency\sdk-vtk-9.4.2\build_msvc\lib\debug\vtkfiltersextraction-9.4d.pdb
d:\cybermed\daddy\dependency\sdk-vtk-9.4.2\build_msvc\filters\extraction\filtersextraction.dir\debug\vtkextracttensorcomponents.obj
d:\cybermed\daddy\dependency\sdk-vtk-9.4.2\build_msvc\filters\extraction\filtersextraction.dir\debug\vtkextractselection.obj
d:\cybermed\daddy\dependency\sdk-vtk-9.4.2\build_msvc\filters\extraction\filtersextraction.dir\debug\vtkextractselectedrows.obj
d:\cybermed\daddy\dependency\sdk-vtk-9.4.2\build_msvc\filters\extraction\filtersextraction.dir\debug\vtkextractselectedarraysovertime.obj
d:\cybermed\daddy\dependency\sdk-vtk-9.4.2\build_msvc\filters\extraction\filtersextraction.dir\debug\vtkextractrectilineargrid.obj
d:\cybermed\daddy\dependency\sdk-vtk-9.4.2\build_msvc\filters\extraction\filtersextraction.dir\debug\vtkextractpolydatageometry.obj
d:\cybermed\daddy\dependency\sdk-vtk-9.4.2\build_msvc\filters\extraction\filtersextraction.dir\debug\vtkextractparticlesovertime.obj
d:\cybermed\daddy\dependency\sdk-vtk-9.4.2\build_msvc\filters\extraction\filtersextraction.dir\debug\vtkextractlevel.obj
d:\cybermed\daddy\dependency\sdk-vtk-9.4.2\build_msvc\filters\extraction\filtersextraction.dir\debug\vtkextractgrid.obj
d:\cybermed\daddy\dependency\sdk-vtk-9.4.2\build_msvc\filters\extraction\filtersextraction.dir\debug\vtkextractgeometry.obj
d:\cybermed\daddy\dependency\sdk-vtk-9.4.2\build_msvc\filters\extraction\filtersextraction.dir\debug\vtkextractexodusglobaltemporalvariables.obj
d:\cybermed\daddy\dependency\sdk-vtk-9.4.2\build_msvc\filters\extraction\filtersextraction.dir\debug\vtkextractdatasets.obj
d:\cybermed\daddy\dependency\sdk-vtk-9.4.2\build_msvc\filters\extraction\filtersextraction.dir\debug\vtkextractdataovertime.obj
d:\cybermed\daddy\dependency\sdk-vtk-9.4.2\build_msvc\filters\extraction\filtersextraction.dir\debug\vtkextractdataarraysovertime.obj
d:\cybermed\daddy\dependency\sdk-vtk-9.4.2\build_msvc\filters\extraction\filtersextraction.dir\debug\vtkextractcellsbytype.obj
d:\cybermed\daddy\dependency\sdk-vtk-9.4.2\build_msvc\filters\extraction\filtersextraction.dir\debug\vtkextractblockusingdataassembly.obj
d:\cybermed\daddy\dependency\sdk-vtk-9.4.2\build_msvc\filters\extraction\filtersextraction.dir\debug\vtkextractblock.obj
d:\cybermed\daddy\dependency\sdk-vtk-9.4.2\build_msvc\filters\extraction\filtersextraction.dir\debug\vtkexpandmarkedelements.obj
d:\cybermed\daddy\dependency\sdk-vtk-9.4.2\build_msvc\filters\extraction\filtersextraction.dir\debug\vtkconvertselection.obj
d:\cybermed\daddy\dependency\sdk-vtk-9.4.2\build_msvc\filters\extraction\filtersextraction.dir\debug\vtkblockselector.obj
d:\cybermed\daddy\dependency\sdk-vtk-9.4.2\build_msvc\filters\extraction\filtersextraction.dir\debug\vtkvalueselector.obj
d:\cybermed\daddy\dependency\sdk-vtk-9.4.2\build_msvc\filters\extraction\filtersextraction.dir\debug\vtkselector.obj
d:\cybermed\daddy\dependency\sdk-vtk-9.4.2\build_msvc\filters\extraction\filtersextraction.dir\debug\vtkprobeselectedlocations.obj
d:\cybermed\daddy\dependency\sdk-vtk-9.4.2\build_msvc\filters\extraction\filtersextraction.dir\debug\vtklocationselector.obj
d:\cybermed\daddy\dependency\sdk-vtk-9.4.2\build_msvc\filters\extraction\filtersextraction.dir\debug\vtkhierarchicaldataextractlevel.obj
d:\cybermed\daddy\dependency\sdk-vtk-9.4.2\build_msvc\filters\extraction\filtersextraction.dir\debug\vtkhierarchicaldataextractdatasets.obj
d:\cybermed\daddy\dependency\sdk-vtk-9.4.2\build_msvc\filters\extraction\filtersextraction.dir\debug\vtkfrustumselector.obj
d:\cybermed\daddy\dependency\sdk-vtk-9.4.2\build_msvc\filters\extraction\filtersextraction.dir\debug\vtkextractvectorcomponents.obj
d:\cybermed\daddy\dependency\sdk-vtk-9.4.2\build_msvc\filters\extraction\filtersextraction.dir\debug\vtkextractunstructuredgrid.obj
d:\cybermed\daddy\dependency\sdk-vtk-9.4.2\build_msvc\filters\extraction\filtersextraction.dir\debug\vtkextracttimesteps.obj
d:\cybermed\daddy\dependency\sdk-vtk-9.4.2\build_msvc\filters\extraction\filtersextraction.dir\debug\vc143.pdb
d:\cybermed\daddy\dependency\sdk-vtk-9.4.2\build_msvc\filters\extraction\cmakefiles\generate.stamp
d:\cybermed\daddy\dependency\sdk-vtk-9.4.2\build_msvc\lib\debug\vtkfiltersextraction-9.4d.lib
d:\cybermed\daddy\dependency\sdk-vtk-9.4.2\build_msvc\bin\debug\vtkfiltersextraction-9.4d.dll
d:\cybermed\daddy\dependency\sdk-vtk-9.4.2\build_msvc\bin\debug\vtkfiltersextraction-9.4d.pdb
d:\cybermed\daddy\dependency\sdk-vtk-9.4.2\build_msvc\lib\debug\vtkfiltersextraction-9.4d.exp
d:\cybermed\daddy\dependency\sdk-vtk-9.4.2\build_msvc\filters\extraction\filtersextraction.dir\debug\vtkfiltersextraction-9.4d.ilk
d:\cybermed\daddy\dependency\sdk-vtk-9.4.2\build_msvc\filters\extraction\filtersextraction.dir\debug\filterse.a14d8243.tlog\cl.command.1.tlog
d:\cybermed\daddy\dependency\sdk-vtk-9.4.2\build_msvc\filters\extraction\filtersextraction.dir\debug\filterse.a14d8243.tlog\cl.items.tlog
d:\cybermed\daddy\dependency\sdk-vtk-9.4.2\build_msvc\filters\extraction\filtersextraction.dir\debug\filterse.a14d8243.tlog\cl.read.1.tlog
d:\cybermed\daddy\dependency\sdk-vtk-9.4.2\build_msvc\filters\extraction\filtersextraction.dir\debug\filterse.a14d8243.tlog\cl.write.1.tlog
d:\cybermed\daddy\dependency\sdk-vtk-9.4.2\build_msvc\filters\extraction\filtersextraction.dir\debug\filterse.a14d8243.tlog\custombuild.command.1.tlog
d:\cybermed\daddy\dependency\sdk-vtk-9.4.2\build_msvc\filters\extraction\filtersextraction.dir\debug\filterse.a14d8243.tlog\custombuild.read.1.tlog
d:\cybermed\daddy\dependency\sdk-vtk-9.4.2\build_msvc\filters\extraction\filtersextraction.dir\debug\filterse.a14d8243.tlog\custombuild.write.1.tlog
d:\cybermed\daddy\dependency\sdk-vtk-9.4.2\build_msvc\filters\extraction\filtersextraction.dir\debug\filterse.a14d8243.tlog\lib-link.read.1.tlog
d:\cybermed\daddy\dependency\sdk-vtk-9.4.2\build_msvc\filters\extraction\filtersextraction.dir\debug\filterse.a14d8243.tlog\lib-link.write.1.tlog
d:\cybermed\daddy\dependency\sdk-vtk-9.4.2\build_msvc\filters\extraction\filtersextraction.dir\debug\filterse.a14d8243.tlog\lib.command.1.tlog
d:\cybermed\daddy\dependency\sdk-vtk-9.4.2\build_msvc\filters\extraction\filtersextraction.dir\debug\filterse.a14d8243.tlog\link.command.1.tlog
d:\cybermed\daddy\dependency\sdk-vtk-9.4.2\build_msvc\filters\extraction\filtersextraction.dir\debug\filterse.a14d8243.tlog\link.read.1.tlog
d:\cybermed\daddy\dependency\sdk-vtk-9.4.2\build_msvc\filters\extraction\filtersextraction.dir\debug\filterse.a14d8243.tlog\link.secondary.1.tlog
d:\cybermed\daddy\dependency\sdk-vtk-9.4.2\build_msvc\filters\extraction\filtersextraction.dir\debug\filterse.a14d8243.tlog\link.write.1.tlog
