d:\cybermed\daddy\dependency\sdk-vtk-9.4.2\build_msvc\lib\debug\vtkfiltersgeneral-9.4d.pdb
d:\cybermed\daddy\dependency\sdk-vtk-9.4.2\build_msvc\filters\general\filtersgeneral.dir\debug\vtkclipdataset.obj
d:\cybermed\daddy\dependency\sdk-vtk-9.4.2\build_msvc\filters\general\filtersgeneral.dir\debug\vtkclipconvexpolydata.obj
d:\cybermed\daddy\dependency\sdk-vtk-9.4.2\build_msvc\filters\general\filtersgeneral.dir\debug\vtkclipclosedsurface.obj
d:\cybermed\daddy\dependency\sdk-vtk-9.4.2\build_msvc\filters\general\filtersgeneral.dir\debug\vtkcleanunstructuredgridcells.obj
d:\cybermed\daddy\dependency\sdk-vtk-9.4.2\build_msvc\filters\general\filtersgeneral.dir\debug\vtkcleanunstructuredgrid.obj
d:\cybermed\daddy\dependency\sdk-vtk-9.4.2\build_msvc\filters\general\filtersgeneral.dir\debug\vtkcellvalidator.obj
d:\cybermed\daddy\dependency\sdk-vtk-9.4.2\build_msvc\filters\general\filtersgeneral.dir\debug\vtkcellderivatives.obj
d:\cybermed\daddy\dependency\sdk-vtk-9.4.2\build_msvc\filters\general\filtersgeneral.dir\debug\vtkbrownianpoints.obj
d:\cybermed\daddy\dependency\sdk-vtk-9.4.2\build_msvc\filters\general\filtersgeneral.dir\debug\vtkboxclipdataset.obj
d:\cybermed\daddy\dependency\sdk-vtk-9.4.2\build_msvc\filters\general\filtersgeneral.dir\debug\vtkbooleanoperationpolydatafilter.obj
d:\cybermed\daddy\dependency\sdk-vtk-9.4.2\build_msvc\filters\general\filtersgeneral.dir\debug\vtkblockidscalars.obj
d:\cybermed\daddy\dependency\sdk-vtk-9.4.2\build_msvc\filters\general\filtersgeneral.dir\debug\vtkblankstructuredgridwithimage.obj
d:\cybermed\daddy\dependency\sdk-vtk-9.4.2\build_msvc\filters\general\filtersgeneral.dir\debug\vtkblankstructuredgrid.obj
d:\cybermed\daddy\dependency\sdk-vtk-9.4.2\build_msvc\filters\general\filtersgeneral.dir\debug\vtkaxes.obj
d:\cybermed\daddy\dependency\sdk-vtk-9.4.2\build_msvc\filters\general\filtersgeneral.dir\debug\vtkareacontourspectrumfilter.obj
d:\cybermed\daddy\dependency\sdk-vtk-9.4.2\build_msvc\filters\general\filtersgeneral.dir\debug\vtkapproximatingsubdivisionfilter.obj
d:\cybermed\daddy\dependency\sdk-vtk-9.4.2\build_msvc\filters\general\filtersgeneral.dir\debug\vtkappendpoints.obj
d:\cybermed\daddy\dependency\sdk-vtk-9.4.2\build_msvc\filters\general\filtersgeneral.dir\debug\vtkappendlocationattributes.obj
d:\cybermed\daddy\dependency\sdk-vtk-9.4.2\build_msvc\filters\general\filtersgeneral.dir\debug\vtkannotationlink.obj
d:\cybermed\daddy\dependency\sdk-vtk-9.4.2\build_msvc\filters\general\filtersgeneral.dir\debug\vtkanimatemodes.obj
d:\cybermed\daddy\dependency\sdk-vtk-9.4.2\build_msvc\filters\general\filtersgeneral.dir\debug\vtkdiscretemarchingcubes.obj
d:\cybermed\daddy\dependency\sdk-vtk-9.4.2\build_msvc\filters\general\filtersgeneral.dir\debug\vtkdiscreteflyingedgesclipper2d.obj
d:\cybermed\daddy\dependency\sdk-vtk-9.4.2\build_msvc\filters\general\filtersgeneral.dir\debug\vtkdiscreteflyingedges3d.obj
d:\cybermed\daddy\dependency\sdk-vtk-9.4.2\build_msvc\filters\general\filtersgeneral.dir\debug\vtkdiscreteflyingedges2d.obj
d:\cybermed\daddy\dependency\sdk-vtk-9.4.2\build_msvc\filters\general\filtersgeneral.dir\debug\vtkdicer.obj
d:\cybermed\daddy\dependency\sdk-vtk-9.4.2\build_msvc\filters\general\filtersgeneral.dir\debug\vtkdensifypolydata.obj
d:\cybermed\daddy\dependency\sdk-vtk-9.4.2\build_msvc\filters\general\filtersgeneral.dir\debug\vtkdeformpointset.obj
d:\cybermed\daddy\dependency\sdk-vtk-9.4.2\build_msvc\filters\general\filtersgeneral.dir\debug\vtkdeflectnormals.obj
d:\cybermed\daddy\dependency\sdk-vtk-9.4.2\build_msvc\filters\general\filtersgeneral.dir\debug\vtkdatetonumeric.obj
d:\cybermed\daddy\dependency\sdk-vtk-9.4.2\build_msvc\filters\general\filtersgeneral.dir\debug\vtkdatasettrianglefilter.obj
d:\cybermed\daddy\dependency\sdk-vtk-9.4.2\build_msvc\filters\general\filtersgeneral.dir\debug\vtkdatasetgradientprecompute.obj
d:\cybermed\daddy\dependency\sdk-vtk-9.4.2\build_msvc\filters\general\filtersgeneral.dir\debug\vtkdatasetgradient.obj
d:\cybermed\daddy\dependency\sdk-vtk-9.4.2\build_msvc\filters\general\filtersgeneral.dir\debug\vtkcurvatures.obj
d:\cybermed\daddy\dependency\sdk-vtk-9.4.2\build_msvc\filters\general\filtersgeneral.dir\debug\vtkcursor3d.obj
d:\cybermed\daddy\dependency\sdk-vtk-9.4.2\build_msvc\filters\general\filtersgeneral.dir\debug\vtkcursor2d.obj
d:\cybermed\daddy\dependency\sdk-vtk-9.4.2\build_msvc\filters\general\filtersgeneral.dir\debug\vtkcountvertices.obj
d:\cybermed\daddy\dependency\sdk-vtk-9.4.2\build_msvc\filters\general\filtersgeneral.dir\debug\vtkcountfaces.obj
d:\cybermed\daddy\dependency\sdk-vtk-9.4.2\build_msvc\filters\general\filtersgeneral.dir\debug\vtkcontourtriangulator.obj
d:\cybermed\daddy\dependency\sdk-vtk-9.4.2\build_msvc\filters\general\filtersgeneral.dir\debug\vtkcoincidentpoints.obj
d:\cybermed\daddy\dependency\sdk-vtk-9.4.2\build_msvc\filters\general\filtersgeneral.dir\debug\vtkclipvolume.obj
d:\cybermed\daddy\dependency\sdk-vtk-9.4.2\build_msvc\filters\general\filtersgeneral.dir\debug\vtkimagemarchingcubes.obj
d:\cybermed\daddy\dependency\sdk-vtk-9.4.2\build_msvc\filters\general\filtersgeneral.dir\debug\vtkimagedatatopointset.obj
d:\cybermed\daddy\dependency\sdk-vtk-9.4.2\build_msvc\filters\general\filtersgeneral.dir\debug\vtkiconglyphfilter.obj
d:\cybermed\daddy\dependency\sdk-vtk-9.4.2\build_msvc\filters\general\filtersgeneral.dir\debug\vtkhyperstreamline.obj
d:\cybermed\daddy\dependency\sdk-vtk-9.4.2\build_msvc\filters\general\filtersgeneral.dir\debug\vtkhierarchicaldatalevelfilter.obj
d:\cybermed\daddy\dependency\sdk-vtk-9.4.2\build_msvc\filters\general\filtersgeneral.dir\debug\vtkgrouptimestepsfilter.obj
d:\cybermed\daddy\dependency\sdk-vtk-9.4.2\build_msvc\filters\general\filtersgeneral.dir\debug\vtkgroupdatasetsfilter.obj
d:\cybermed\daddy\dependency\sdk-vtk-9.4.2\build_msvc\filters\general\filtersgeneral.dir\debug\vtkgraphweightfilter.obj
d:\cybermed\daddy\dependency\sdk-vtk-9.4.2\build_msvc\filters\general\filtersgeneral.dir\debug\vtkgraphweighteuclideandistancefilter.obj
d:\cybermed\daddy\dependency\sdk-vtk-9.4.2\build_msvc\filters\general\filtersgeneral.dir\debug\vtkgraphtopoints.obj
d:\cybermed\daddy\dependency\sdk-vtk-9.4.2\build_msvc\filters\general\filtersgeneral.dir\debug\vtkgraphlayoutfilter.obj
d:\cybermed\daddy\dependency\sdk-vtk-9.4.2\build_msvc\filters\general\filtersgeneral.dir\debug\vtkgradientfilter.obj
d:\cybermed\daddy\dependency\sdk-vtk-9.4.2\build_msvc\filters\general\filtersgeneral.dir\debug\vtkfiniteelementfielddistributor.obj
d:\cybermed\daddy\dependency\sdk-vtk-9.4.2\build_msvc\filters\general\filtersgeneral.dir\debug\vtkextractselectionbase.obj
d:\cybermed\daddy\dependency\sdk-vtk-9.4.2\build_msvc\filters\general\filtersgeneral.dir\debug\vtkextractselectedfrustum.obj
d:\cybermed\daddy\dependency\sdk-vtk-9.4.2\build_msvc\filters\general\filtersgeneral.dir\debug\vtkextractghostcells.obj
d:\cybermed\daddy\dependency\sdk-vtk-9.4.2\build_msvc\filters\general\filtersgeneral.dir\debug\vtkextractarray.obj
d:\cybermed\daddy\dependency\sdk-vtk-9.4.2\build_msvc\filters\general\filtersgeneral.dir\debug\vtkequalizerfilter.obj
d:\cybermed\daddy\dependency\sdk-vtk-9.4.2\build_msvc\filters\general\filtersgeneral.dir\debug\vtkedgepoints.obj
d:\cybermed\daddy\dependency\sdk-vtk-9.4.2\build_msvc\filters\general\filtersgeneral.dir\debug\vtkdistancepolydatafilter.obj
d:\cybermed\daddy\dependency\sdk-vtk-9.4.2\build_msvc\filters\general\filtersgeneral.dir\debug\vtkoverlappingamrlevelidscalars.obj
d:\cybermed\daddy\dependency\sdk-vtk-9.4.2\build_msvc\filters\general\filtersgeneral.dir\debug\vtkobbtree.obj
d:\cybermed\daddy\dependency\sdk-vtk-9.4.2\build_msvc\filters\general\filtersgeneral.dir\debug\vtkobbdicer.obj
d:\cybermed\daddy\dependency\sdk-vtk-9.4.2\build_msvc\filters\general\filtersgeneral.dir\debug\vtknormalizematrixvectors.obj
d:\cybermed\daddy\dependency\sdk-vtk-9.4.2\build_msvc\filters\general\filtersgeneral.dir\debug\vtkmultithreshold.obj
d:\cybermed\daddy\dependency\sdk-vtk-9.4.2\build_msvc\filters\general\filtersgeneral.dir\debug\vtkmultiblockmergefilter.obj
d:\cybermed\daddy\dependency\sdk-vtk-9.4.2\build_msvc\filters\general\filtersgeneral.dir\debug\vtkmultiblockdatagroupfilter.obj
d:\cybermed\daddy\dependency\sdk-vtk-9.4.2\build_msvc\filters\general\filtersgeneral.dir\debug\vtkmergevectorcomponents.obj
d:\cybermed\daddy\dependency\sdk-vtk-9.4.2\build_msvc\filters\general\filtersgeneral.dir\debug\vtkmergetimefilter.obj
d:\cybermed\daddy\dependency\sdk-vtk-9.4.2\build_msvc\filters\general\filtersgeneral.dir\debug\vtkmergecells.obj
d:\cybermed\daddy\dependency\sdk-vtk-9.4.2\build_msvc\filters\general\filtersgeneral.dir\debug\vtkmergearrays.obj
d:\cybermed\daddy\dependency\sdk-vtk-9.4.2\build_msvc\filters\general\filtersgeneral.dir\debug\vtkmatricizearray.obj
d:\cybermed\daddy\dependency\sdk-vtk-9.4.2\build_msvc\filters\general\filtersgeneral.dir\debug\vtkmarchingcontourfilter.obj
d:\cybermed\daddy\dependency\sdk-vtk-9.4.2\build_msvc\filters\general\filtersgeneral.dir\debug\vtkloopbooleanpolydatafilter.obj
d:\cybermed\daddy\dependency\sdk-vtk-9.4.2\build_msvc\filters\general\filtersgeneral.dir\debug\vtklinkedgels.obj
d:\cybermed\daddy\dependency\sdk-vtk-9.4.2\build_msvc\filters\general\filtersgeneral.dir\debug\vtklevelidscalars.obj
d:\cybermed\daddy\dependency\sdk-vtk-9.4.2\build_msvc\filters\general\filtersgeneral.dir\debug\vtkjointables.obj
d:\cybermed\daddy\dependency\sdk-vtk-9.4.2\build_msvc\filters\general\filtersgeneral.dir\debug\vtkintersectionpolydatafilter.obj
d:\cybermed\daddy\dependency\sdk-vtk-9.4.2\build_msvc\filters\general\filtersgeneral.dir\debug\vtkinterpolatingsubdivisionfilter.obj
d:\cybermed\daddy\dependency\sdk-vtk-9.4.2\build_msvc\filters\general\filtersgeneral.dir\debug\vtkinterpolatedatasetattributes.obj
d:\cybermed\daddy\dependency\sdk-vtk-9.4.2\build_msvc\filters\general\filtersgeneral.dir\debug\vtkshrinkfilter.obj
d:\cybermed\daddy\dependency\sdk-vtk-9.4.2\build_msvc\filters\general\filtersgeneral.dir\debug\vtksampleimplicitfunctionfilter.obj
d:\cybermed\daddy\dependency\sdk-vtk-9.4.2\build_msvc\filters\general\filtersgeneral.dir\debug\vtkrotationfilter.obj
d:\cybermed\daddy\dependency\sdk-vtk-9.4.2\build_msvc\filters\general\filtersgeneral.dir\debug\vtkremovepolydata.obj
d:\cybermed\daddy\dependency\sdk-vtk-9.4.2\build_msvc\filters\general\filtersgeneral.dir\debug\vtkreflectionfilter.obj
d:\cybermed\daddy\dependency\sdk-vtk-9.4.2\build_msvc\filters\general\filtersgeneral.dir\debug\vtkrecursivedividingcubes.obj
d:\cybermed\daddy\dependency\sdk-vtk-9.4.2\build_msvc\filters\general\filtersgeneral.dir\debug\vtkrectilineargridtotetrahedra.obj
d:\cybermed\daddy\dependency\sdk-vtk-9.4.2\build_msvc\filters\general\filtersgeneral.dir\debug\vtkrectilineargridtopointset.obj
d:\cybermed\daddy\dependency\sdk-vtk-9.4.2\build_msvc\filters\general\filtersgeneral.dir\debug\vtkrectilineargridclip.obj
d:\cybermed\daddy\dependency\sdk-vtk-9.4.2\build_msvc\filters\general\filtersgeneral.dir\debug\vtkrandomattributegenerator.obj
d:\cybermed\daddy\dependency\sdk-vtk-9.4.2\build_msvc\filters\general\filtersgeneral.dir\debug\vtkquantizepolydatapoints.obj
d:\cybermed\daddy\dependency\sdk-vtk-9.4.2\build_msvc\filters\general\filtersgeneral.dir\debug\vtkquadratureschemedictionarygenerator.obj
d:\cybermed\daddy\dependency\sdk-vtk-9.4.2\build_msvc\filters\general\filtersgeneral.dir\debug\vtkquadraturepointsgenerator.obj
d:\cybermed\daddy\dependency\sdk-vtk-9.4.2\build_msvc\filters\general\filtersgeneral.dir\debug\vtkquadraturepointinterpolator.obj
d:\cybermed\daddy\dependency\sdk-vtk-9.4.2\build_msvc\filters\general\filtersgeneral.dir\debug\vtkprobepolyhedron.obj
d:\cybermed\daddy\dependency\sdk-vtk-9.4.2\build_msvc\filters\general\filtersgeneral.dir\debug\vtkpolydatatoreebgraphfilter.obj
d:\cybermed\daddy\dependency\sdk-vtk-9.4.2\build_msvc\filters\general\filtersgeneral.dir\debug\vtkpolydatastreamer.obj
d:\cybermed\daddy\dependency\sdk-vtk-9.4.2\build_msvc\filters\general\filtersgeneral.dir\debug\vtkpointconnectivityfilter.obj
d:\cybermed\daddy\dependency\sdk-vtk-9.4.2\build_msvc\filters\general\filtersgeneral.dir\debug\vtkpassselectedarrays.obj
d:\cybermed\daddy\dependency\sdk-vtk-9.4.2\build_msvc\filters\general\filtersgeneral.dir\debug\vtkpassarrays.obj
d:\cybermed\daddy\dependency\sdk-vtk-9.4.2\build_msvc\filters\general\filtersgeneral.dir\debug\vtktimesourceexample.obj
d:\cybermed\daddy\dependency\sdk-vtk-9.4.2\build_msvc\filters\general\filtersgeneral.dir\debug\vtktessellatorfilter.obj
d:\cybermed\daddy\dependency\sdk-vtk-9.4.2\build_msvc\filters\general\filtersgeneral.dir\debug\vtktemporalstatistics.obj
d:\cybermed\daddy\dependency\sdk-vtk-9.4.2\build_msvc\filters\general\filtersgeneral.dir\debug\vtktemporalpathlinefilter.obj
d:\cybermed\daddy\dependency\sdk-vtk-9.4.2\build_msvc\filters\general\filtersgeneral.dir\debug\vtktabletostructuredgrid.obj
d:\cybermed\daddy\dependency\sdk-vtk-9.4.2\build_msvc\filters\general\filtersgeneral.dir\debug\vtktabletopolydata.obj
d:\cybermed\daddy\dependency\sdk-vtk-9.4.2\build_msvc\filters\general\filtersgeneral.dir\debug\vtktablefft.obj
d:\cybermed\daddy\dependency\sdk-vtk-9.4.2\build_msvc\filters\general\filtersgeneral.dir\debug\vtktablebasedclipdataset.obj
d:\cybermed\daddy\dependency\sdk-vtk-9.4.2\build_msvc\filters\general\filtersgeneral.dir\debug\vtksynchronizetimefilter.obj
d:\cybermed\daddy\dependency\sdk-vtk-9.4.2\build_msvc\filters\general\filtersgeneral.dir\debug\vtksubdivisionfilter.obj
d:\cybermed\daddy\dependency\sdk-vtk-9.4.2\build_msvc\filters\general\filtersgeneral.dir\debug\vtksubpixelpositionedgels.obj
d:\cybermed\daddy\dependency\sdk-vtk-9.4.2\build_msvc\filters\general\filtersgeneral.dir\debug\vtkstructuredgridclip.obj
d:\cybermed\daddy\dependency\sdk-vtk-9.4.2\build_msvc\filters\general\filtersgeneral.dir\debug\vtksplitfield.obj
d:\cybermed\daddy\dependency\sdk-vtk-9.4.2\build_msvc\filters\general\filtersgeneral.dir\debug\vtksplitcolumncomponents.obj
d:\cybermed\daddy\dependency\sdk-vtk-9.4.2\build_msvc\filters\general\filtersgeneral.dir\debug\vtksplitbycellscalarfilter.obj
d:\cybermed\daddy\dependency\sdk-vtk-9.4.2\build_msvc\filters\general\filtersgeneral.dir\debug\vtksplinefilter.obj
d:\cybermed\daddy\dependency\sdk-vtk-9.4.2\build_msvc\filters\general\filtersgeneral.dir\debug\vtksphericalharmonics.obj
d:\cybermed\daddy\dependency\sdk-vtk-9.4.2\build_msvc\filters\general\filtersgeneral.dir\debug\vtkspatiotemporalharmonicsattribute.obj
d:\cybermed\daddy\dependency\sdk-vtk-9.4.2\build_msvc\filters\general\filtersgeneral.dir\debug\vtkspatialrepresentationfilter.obj
d:\cybermed\daddy\dependency\sdk-vtk-9.4.2\build_msvc\filters\general\filtersgeneral.dir\debug\vtkshrinkpolydata.obj
d:\cybermed\daddy\dependency\sdk-vtk-9.4.2\build_msvc\filters\general\filtersgeneral.dir\debug\vtktablebasedclipcases.obj
d:\cybermed\daddy\dependency\sdk-vtk-9.4.2\build_msvc\filters\general\filtersgeneral.dir\debug\vtkyoungsmaterialinterface.obj
d:\cybermed\daddy\dependency\sdk-vtk-9.4.2\build_msvc\filters\general\filtersgeneral.dir\debug\vtkwarpvector.obj
d:\cybermed\daddy\dependency\sdk-vtk-9.4.2\build_msvc\filters\general\filtersgeneral.dir\debug\vtkwarpto.obj
d:\cybermed\daddy\dependency\sdk-vtk-9.4.2\build_msvc\filters\general\filtersgeneral.dir\debug\vtkwarpscalar.obj
d:\cybermed\daddy\dependency\sdk-vtk-9.4.2\build_msvc\filters\general\filtersgeneral.dir\debug\vtkwarplens.obj
d:\cybermed\daddy\dependency\sdk-vtk-9.4.2\build_msvc\filters\general\filtersgeneral.dir\debug\vtkvoxelcontourstosurfacefilter.obj
d:\cybermed\daddy\dependency\sdk-vtk-9.4.2\build_msvc\filters\general\filtersgeneral.dir\debug\vtkvolumecontourspectrumfilter.obj
d:\cybermed\daddy\dependency\sdk-vtk-9.4.2\build_msvc\filters\general\filtersgeneral.dir\debug\vtkvertexglyphfilter.obj
d:\cybermed\daddy\dependency\sdk-vtk-9.4.2\build_msvc\filters\general\filtersgeneral.dir\debug\vtkuncertaintytubefilter.obj
d:\cybermed\daddy\dependency\sdk-vtk-9.4.2\build_msvc\filters\general\filtersgeneral.dir\debug\vtktransformpolydatafilter.obj
d:\cybermed\daddy\dependency\sdk-vtk-9.4.2\build_msvc\filters\general\filtersgeneral.dir\debug\vtktransformfilter.obj
d:\cybermed\daddy\dependency\sdk-vtk-9.4.2\build_msvc\filters\general\filtersgeneral.dir\debug\vc143.pdb
d:\cybermed\daddy\dependency\sdk-vtk-9.4.2\build_msvc\filters\general\cmakefiles\generate.stamp
d:\cybermed\daddy\dependency\sdk-vtk-9.4.2\build_msvc\lib\debug\vtkfiltersgeneral-9.4d.lib
d:\cybermed\daddy\dependency\sdk-vtk-9.4.2\build_msvc\bin\debug\vtkfiltersgeneral-9.4d.dll
d:\cybermed\daddy\dependency\sdk-vtk-9.4.2\build_msvc\bin\debug\vtkfiltersgeneral-9.4d.pdb
d:\cybermed\daddy\dependency\sdk-vtk-9.4.2\build_msvc\lib\debug\vtkfiltersgeneral-9.4d.exp
d:\cybermed\daddy\dependency\sdk-vtk-9.4.2\build_msvc\filters\general\filtersgeneral.dir\debug\vtkfiltersgeneral-9.4d.ilk
d:\cybermed\daddy\dependency\sdk-vtk-9.4.2\build_msvc\filters\general\filtersgeneral.dir\debug\filtersgeneral.tlog\cl.command.1.tlog
d:\cybermed\daddy\dependency\sdk-vtk-9.4.2\build_msvc\filters\general\filtersgeneral.dir\debug\filtersgeneral.tlog\cl.items.tlog
d:\cybermed\daddy\dependency\sdk-vtk-9.4.2\build_msvc\filters\general\filtersgeneral.dir\debug\filtersgeneral.tlog\cl.read.1.tlog
d:\cybermed\daddy\dependency\sdk-vtk-9.4.2\build_msvc\filters\general\filtersgeneral.dir\debug\filtersgeneral.tlog\cl.write.1.tlog
d:\cybermed\daddy\dependency\sdk-vtk-9.4.2\build_msvc\filters\general\filtersgeneral.dir\debug\filtersgeneral.tlog\custombuild.command.1.tlog
d:\cybermed\daddy\dependency\sdk-vtk-9.4.2\build_msvc\filters\general\filtersgeneral.dir\debug\filtersgeneral.tlog\custombuild.read.1.tlog
d:\cybermed\daddy\dependency\sdk-vtk-9.4.2\build_msvc\filters\general\filtersgeneral.dir\debug\filtersgeneral.tlog\custombuild.write.1.tlog
d:\cybermed\daddy\dependency\sdk-vtk-9.4.2\build_msvc\filters\general\filtersgeneral.dir\debug\filtersgeneral.tlog\lib-link.read.1.tlog
d:\cybermed\daddy\dependency\sdk-vtk-9.4.2\build_msvc\filters\general\filtersgeneral.dir\debug\filtersgeneral.tlog\lib-link.write.1.tlog
d:\cybermed\daddy\dependency\sdk-vtk-9.4.2\build_msvc\filters\general\filtersgeneral.dir\debug\filtersgeneral.tlog\lib.command.1.tlog
d:\cybermed\daddy\dependency\sdk-vtk-9.4.2\build_msvc\filters\general\filtersgeneral.dir\debug\filtersgeneral.tlog\link.command.1.tlog
d:\cybermed\daddy\dependency\sdk-vtk-9.4.2\build_msvc\filters\general\filtersgeneral.dir\debug\filtersgeneral.tlog\link.read.1.tlog
d:\cybermed\daddy\dependency\sdk-vtk-9.4.2\build_msvc\filters\general\filtersgeneral.dir\debug\filtersgeneral.tlog\link.secondary.1.tlog
d:\cybermed\daddy\dependency\sdk-vtk-9.4.2\build_msvc\filters\general\filtersgeneral.dir\debug\filtersgeneral.tlog\link.write.1.tlog
