d:\cybermed\daddy\dependency\sdk-vtk-9.4.2\build_msvc\wrapping\tools\wrappython.dir\release\vtkwrappythontype.obj
d:\cybermed\daddy\dependency\sdk-vtk-9.4.2\build_msvc\wrapping\tools\wrappython.dir\release\vtkwrappythontemplate.obj
d:\cybermed\daddy\dependency\sdk-vtk-9.4.2\build_msvc\wrapping\tools\wrappython.dir\release\vtkwrappythonproperty.obj
d:\cybermed\daddy\dependency\sdk-vtk-9.4.2\build_msvc\wrapping\tools\wrappython.dir\release\vtkwrappythonoverload.obj
d:\cybermed\daddy\dependency\sdk-vtk-9.4.2\build_msvc\wrapping\tools\wrappython.dir\release\vtkwrappythonnumberprotocol.obj
d:\cybermed\daddy\dependency\sdk-vtk-9.4.2\build_msvc\wrapping\tools\wrappython.dir\release\vtkwrappythonnamespace.obj
d:\cybermed\daddy\dependency\sdk-vtk-9.4.2\build_msvc\wrapping\tools\wrappython.dir\release\vtkwrappythonmethoddef.obj
d:\cybermed\daddy\dependency\sdk-vtk-9.4.2\build_msvc\wrapping\tools\wrappython.dir\release\vtkwrappythonmethod.obj
d:\cybermed\daddy\dependency\sdk-vtk-9.4.2\build_msvc\wrapping\tools\wrappython.dir\release\vtkwrappythonenum.obj
d:\cybermed\daddy\dependency\sdk-vtk-9.4.2\build_msvc\wrapping\tools\wrappython.dir\release\vtkwrappythonconstant.obj
d:\cybermed\daddy\dependency\sdk-vtk-9.4.2\build_msvc\wrapping\tools\wrappython.dir\release\vtkwrappythonclass.obj
d:\cybermed\daddy\dependency\sdk-vtk-9.4.2\build_msvc\wrapping\tools\wrappython.dir\release\vtkwrappython.obj
d:\cybermed\daddy\dependency\sdk-vtk-9.4.2\build_msvc\wrapping\tools\cmakefiles\generate.stamp
d:\cybermed\daddy\dependency\sdk-vtk-9.4.2\build_msvc\bin\release\vtkwrappython-9.4.exe
d:\cybermed\daddy\dependency\sdk-vtk-9.4.2\build_msvc\wrapping\tools\wrappython.dir\release\wrappython.tlog\cl.command.1.tlog
d:\cybermed\daddy\dependency\sdk-vtk-9.4.2\build_msvc\wrapping\tools\wrappython.dir\release\wrappython.tlog\cl.items.tlog
d:\cybermed\daddy\dependency\sdk-vtk-9.4.2\build_msvc\wrapping\tools\wrappython.dir\release\wrappython.tlog\cl.read.1.tlog
d:\cybermed\daddy\dependency\sdk-vtk-9.4.2\build_msvc\wrapping\tools\wrappython.dir\release\wrappython.tlog\cl.write.1.tlog
d:\cybermed\daddy\dependency\sdk-vtk-9.4.2\build_msvc\wrapping\tools\wrappython.dir\release\wrappython.tlog\custombuild.command.1.tlog
d:\cybermed\daddy\dependency\sdk-vtk-9.4.2\build_msvc\wrapping\tools\wrappython.dir\release\wrappython.tlog\custombuild.read.1.tlog
d:\cybermed\daddy\dependency\sdk-vtk-9.4.2\build_msvc\wrapping\tools\wrappython.dir\release\wrappython.tlog\custombuild.write.1.tlog
d:\cybermed\daddy\dependency\sdk-vtk-9.4.2\build_msvc\wrapping\tools\wrappython.dir\release\wrappython.tlog\link.command.1.tlog
d:\cybermed\daddy\dependency\sdk-vtk-9.4.2\build_msvc\wrapping\tools\wrappython.dir\release\wrappython.tlog\link.read.1.tlog
d:\cybermed\daddy\dependency\sdk-vtk-9.4.2\build_msvc\wrapping\tools\wrappython.dir\release\wrappython.tlog\link.secondary.1.tlog
d:\cybermed\daddy\dependency\sdk-vtk-9.4.2\build_msvc\wrapping\tools\wrappython.dir\release\wrappython.tlog\link.write.1.tlog
