d:\cybermed\daddy\dependency\sdk-vtk-9.4.2\build_msvc\lib\debug\vtkiolsdyna-9.4d.pdb
d:\cybermed\daddy\dependency\sdk-vtk-9.4.2\build_msvc\io\lsdyna\iolsdyna.dir\debug\vtklsdynapartcollection.obj
d:\cybermed\daddy\dependency\sdk-vtk-9.4.2\build_msvc\io\lsdyna\iolsdyna.dir\debug\vtklsdynapart.obj
d:\cybermed\daddy\dependency\sdk-vtk-9.4.2\build_msvc\io\lsdyna\iolsdyna.dir\debug\vtklsdynasummaryparser.obj
d:\cybermed\daddy\dependency\sdk-vtk-9.4.2\build_msvc\io\lsdyna\iolsdyna.dir\debug\vtklsdynareader.obj
d:\cybermed\daddy\dependency\sdk-vtk-9.4.2\build_msvc\io\lsdyna\iolsdyna.dir\debug\lsdynametadata.obj
d:\cybermed\daddy\dependency\sdk-vtk-9.4.2\build_msvc\io\lsdyna\iolsdyna.dir\debug\lsdynafamily.obj
d:\cybermed\daddy\dependency\sdk-vtk-9.4.2\build_msvc\io\lsdyna\iolsdyna.dir\debug\vc143.pdb
d:\cybermed\daddy\dependency\sdk-vtk-9.4.2\build_msvc\io\lsdyna\cmakefiles\generate.stamp
d:\cybermed\daddy\dependency\sdk-vtk-9.4.2\build_msvc\lib\debug\vtkiolsdyna-9.4d.lib
d:\cybermed\daddy\dependency\sdk-vtk-9.4.2\build_msvc\bin\debug\vtkiolsdyna-9.4d.dll
d:\cybermed\daddy\dependency\sdk-vtk-9.4.2\build_msvc\bin\debug\vtkiolsdyna-9.4d.pdb
d:\cybermed\daddy\dependency\sdk-vtk-9.4.2\build_msvc\lib\debug\vtkiolsdyna-9.4d.exp
d:\cybermed\daddy\dependency\sdk-vtk-9.4.2\build_msvc\io\lsdyna\iolsdyna.dir\debug\vtkiolsdyna-9.4d.ilk
d:\cybermed\daddy\dependency\sdk-vtk-9.4.2\build_msvc\io\lsdyna\iolsdyna.dir\debug\iolsdyna.tlog\cl.command.1.tlog
d:\cybermed\daddy\dependency\sdk-vtk-9.4.2\build_msvc\io\lsdyna\iolsdyna.dir\debug\iolsdyna.tlog\cl.items.tlog
d:\cybermed\daddy\dependency\sdk-vtk-9.4.2\build_msvc\io\lsdyna\iolsdyna.dir\debug\iolsdyna.tlog\cl.read.1.tlog
d:\cybermed\daddy\dependency\sdk-vtk-9.4.2\build_msvc\io\lsdyna\iolsdyna.dir\debug\iolsdyna.tlog\cl.write.1.tlog
d:\cybermed\daddy\dependency\sdk-vtk-9.4.2\build_msvc\io\lsdyna\iolsdyna.dir\debug\iolsdyna.tlog\custombuild.command.1.tlog
d:\cybermed\daddy\dependency\sdk-vtk-9.4.2\build_msvc\io\lsdyna\iolsdyna.dir\debug\iolsdyna.tlog\custombuild.read.1.tlog
d:\cybermed\daddy\dependency\sdk-vtk-9.4.2\build_msvc\io\lsdyna\iolsdyna.dir\debug\iolsdyna.tlog\custombuild.write.1.tlog
d:\cybermed\daddy\dependency\sdk-vtk-9.4.2\build_msvc\io\lsdyna\iolsdyna.dir\debug\iolsdyna.tlog\lib-link.read.1.tlog
d:\cybermed\daddy\dependency\sdk-vtk-9.4.2\build_msvc\io\lsdyna\iolsdyna.dir\debug\iolsdyna.tlog\lib-link.write.1.tlog
d:\cybermed\daddy\dependency\sdk-vtk-9.4.2\build_msvc\io\lsdyna\iolsdyna.dir\debug\iolsdyna.tlog\lib.command.1.tlog
d:\cybermed\daddy\dependency\sdk-vtk-9.4.2\build_msvc\io\lsdyna\iolsdyna.dir\debug\iolsdyna.tlog\link.command.1.tlog
d:\cybermed\daddy\dependency\sdk-vtk-9.4.2\build_msvc\io\lsdyna\iolsdyna.dir\debug\iolsdyna.tlog\link.read.1.tlog
d:\cybermed\daddy\dependency\sdk-vtk-9.4.2\build_msvc\io\lsdyna\iolsdyna.dir\debug\iolsdyna.tlog\link.secondary.1.tlog
d:\cybermed\daddy\dependency\sdk-vtk-9.4.2\build_msvc\io\lsdyna\iolsdyna.dir\debug\iolsdyna.tlog\link.write.1.tlog
