d:\cybermed\daddy\dependency\sdk-vtk-9.4.2\build_msvc\lib\debug\vtknetcdf-9.4d.pdb
d:\cybermed\daddy\dependency\sdk-vtk-9.4.2\build_msvc\thirdparty\netcdf\vtknetcdf\netcdf.dir\debug\dinternal.obj
d:\cybermed\daddy\dependency\sdk-vtk-9.4.2\build_msvc\thirdparty\netcdf\vtknetcdf\netcdf.dir\debug\dinstance.obj
d:\cybermed\daddy\dependency\sdk-vtk-9.4.2\build_msvc\thirdparty\netcdf\vtknetcdf\netcdf.dir\debug\dinfermodel.obj
d:\cybermed\daddy\dependency\sdk-vtk-9.4.2\build_msvc\thirdparty\netcdf\vtknetcdf\netcdf.dir\debug\dgroup.obj
d:\cybermed\daddy\dependency\sdk-vtk-9.4.2\build_msvc\thirdparty\netcdf\vtknetcdf\netcdf.dir\debug\dfilter.obj
d:\cybermed\daddy\dependency\sdk-vtk-9.4.2\build_msvc\thirdparty\netcdf\vtknetcdf\netcdf.dir\debug\dfile.obj
d:\cybermed\daddy\dependency\sdk-vtk-9.4.2\build_msvc\thirdparty\netcdf\vtknetcdf\netcdf.dir\debug\derror.obj
d:\cybermed\daddy\dependency\sdk-vtk-9.4.2\build_msvc\thirdparty\netcdf\vtknetcdf\netcdf.dir\debug\denum.obj
d:\cybermed\daddy\dependency\sdk-vtk-9.4.2\build_msvc\thirdparty\netcdf\vtknetcdf\netcdf.dir\debug\ddispatch.obj
d:\cybermed\daddy\dependency\sdk-vtk-9.4.2\build_msvc\thirdparty\netcdf\vtknetcdf\netcdf.dir\debug\ddim.obj
d:\cybermed\daddy\dependency\sdk-vtk-9.4.2\build_msvc\thirdparty\netcdf\vtknetcdf\netcdf.dir\debug\dcrc64.obj
d:\cybermed\daddy\dependency\sdk-vtk-9.4.2\build_msvc\thirdparty\netcdf\vtknetcdf\netcdf.dir\debug\dcrc32.obj
d:\cybermed\daddy\dependency\sdk-vtk-9.4.2\build_msvc\thirdparty\netcdf\vtknetcdf\netcdf.dir\debug\dcopy.obj
d:\cybermed\daddy\dependency\sdk-vtk-9.4.2\build_msvc\thirdparty\netcdf\vtknetcdf\netcdf.dir\debug\dcompound.obj
d:\cybermed\daddy\dependency\sdk-vtk-9.4.2\build_msvc\thirdparty\netcdf\vtknetcdf\netcdf.dir\debug\daux.obj
d:\cybermed\daddy\dependency\sdk-vtk-9.4.2\build_msvc\thirdparty\netcdf\vtknetcdf\netcdf.dir\debug\dauth.obj
d:\cybermed\daddy\dependency\sdk-vtk-9.4.2\build_msvc\thirdparty\netcdf\vtknetcdf\netcdf.dir\debug\dattput.obj
d:\cybermed\daddy\dependency\sdk-vtk-9.4.2\build_msvc\thirdparty\netcdf\vtknetcdf\netcdf.dir\debug\dattinq.obj
d:\cybermed\daddy\dependency\sdk-vtk-9.4.2\build_msvc\thirdparty\netcdf\vtknetcdf\netcdf.dir\debug\dattget.obj
d:\cybermed\daddy\dependency\sdk-vtk-9.4.2\build_msvc\thirdparty\netcdf\vtknetcdf\netcdf.dir\debug\datt.obj
d:\cybermed\daddy\dependency\sdk-vtk-9.4.2\build_msvc\thirdparty\netcdf\vtknetcdf\netcdf.dir\debug\ncbytes.obj
d:\cybermed\daddy\dependency\sdk-vtk-9.4.2\build_msvc\thirdparty\netcdf\vtknetcdf\netcdf.dir\debug\nc.obj
d:\cybermed\daddy\dependency\sdk-vtk-9.4.2\build_msvc\thirdparty\netcdf\vtknetcdf\netcdf.dir\debug\dvlen.obj
d:\cybermed\daddy\dependency\sdk-vtk-9.4.2\build_msvc\thirdparty\netcdf\vtknetcdf\netcdf.dir\debug\dvarput.obj
d:\cybermed\daddy\dependency\sdk-vtk-9.4.2\build_msvc\thirdparty\netcdf\vtknetcdf\netcdf.dir\debug\dvarinq.obj
d:\cybermed\daddy\dependency\sdk-vtk-9.4.2\build_msvc\thirdparty\netcdf\vtknetcdf\netcdf.dir\debug\dvarget.obj
d:\cybermed\daddy\dependency\sdk-vtk-9.4.2\build_msvc\thirdparty\netcdf\vtknetcdf\netcdf.dir\debug\dvar.obj
d:\cybermed\daddy\dependency\sdk-vtk-9.4.2\build_msvc\thirdparty\netcdf\vtknetcdf\netcdf.dir\debug\dutil.obj
d:\cybermed\daddy\dependency\sdk-vtk-9.4.2\build_msvc\thirdparty\netcdf\vtknetcdf\netcdf.dir\debug\dutf8.obj
d:\cybermed\daddy\dependency\sdk-vtk-9.4.2\build_msvc\thirdparty\netcdf\vtknetcdf\netcdf.dir\debug\dtype.obj
d:\cybermed\daddy\dependency\sdk-vtk-9.4.2\build_msvc\thirdparty\netcdf\vtknetcdf\netcdf.dir\debug\dstring.obj
d:\cybermed\daddy\dependency\sdk-vtk-9.4.2\build_msvc\thirdparty\netcdf\vtknetcdf\netcdf.dir\debug\ds3util.obj
d:\cybermed\daddy\dependency\sdk-vtk-9.4.2\build_msvc\thirdparty\netcdf\vtknetcdf\netcdf.dir\debug\dreadonly.obj
d:\cybermed\daddy\dependency\sdk-vtk-9.4.2\build_msvc\thirdparty\netcdf\vtknetcdf\netcdf.dir\debug\drc.obj
d:\cybermed\daddy\dependency\sdk-vtk-9.4.2\build_msvc\thirdparty\netcdf\vtknetcdf\netcdf.dir\debug\dpathmgr.obj
d:\cybermed\daddy\dependency\sdk-vtk-9.4.2\build_msvc\thirdparty\netcdf\vtknetcdf\netcdf.dir\debug\dparallel.obj
d:\cybermed\daddy\dependency\sdk-vtk-9.4.2\build_msvc\thirdparty\netcdf\vtknetcdf\netcdf.dir\debug\dopaque.obj
d:\cybermed\daddy\dependency\sdk-vtk-9.4.2\build_msvc\thirdparty\netcdf\vtknetcdf\netcdf.dir\debug\doffsets.obj
d:\cybermed\daddy\dependency\sdk-vtk-9.4.2\build_msvc\thirdparty\netcdf\vtknetcdf\netcdf.dir\debug\dnotnc4.obj
d:\cybermed\daddy\dependency\sdk-vtk-9.4.2\build_msvc\thirdparty\netcdf\vtknetcdf\netcdf.dir\debug\dnotnc3.obj
d:\cybermed\daddy\dependency\sdk-vtk-9.4.2\build_msvc\thirdparty\netcdf\vtknetcdf\netcdf.dir\debug\posixio.obj
d:\cybermed\daddy\dependency\sdk-vtk-9.4.2\build_msvc\thirdparty\netcdf\vtknetcdf\netcdf.dir\debug\ncx.obj
d:\cybermed\daddy\dependency\sdk-vtk-9.4.2\build_msvc\thirdparty\netcdf\vtknetcdf\netcdf.dir\debug\ncio.obj
d:\cybermed\daddy\dependency\sdk-vtk-9.4.2\build_msvc\thirdparty\netcdf\vtknetcdf\netcdf.dir\debug\nc3internal.obj
d:\cybermed\daddy\dependency\sdk-vtk-9.4.2\build_msvc\thirdparty\netcdf\vtknetcdf\netcdf.dir\debug\nc3dispatch.obj
d:\cybermed\daddy\dependency\sdk-vtk-9.4.2\build_msvc\thirdparty\netcdf\vtknetcdf\netcdf.dir\debug\memio.obj
d:\cybermed\daddy\dependency\sdk-vtk-9.4.2\build_msvc\thirdparty\netcdf\vtknetcdf\netcdf.dir\debug\lookup3.obj
d:\cybermed\daddy\dependency\sdk-vtk-9.4.2\build_msvc\thirdparty\netcdf\vtknetcdf\netcdf.dir\debug\dim.obj
d:\cybermed\daddy\dependency\sdk-vtk-9.4.2\build_msvc\thirdparty\netcdf\vtknetcdf\netcdf.dir\debug\attr.obj
d:\cybermed\daddy\dependency\sdk-vtk-9.4.2\build_msvc\thirdparty\netcdf\vtknetcdf\netcdf.dir\debug\nc_initialize.obj
d:\cybermed\daddy\dependency\sdk-vtk-9.4.2\build_msvc\thirdparty\netcdf\vtknetcdf\netcdf.dir\debug\utf8proc.obj
d:\cybermed\daddy\dependency\sdk-vtk-9.4.2\build_msvc\thirdparty\netcdf\vtknetcdf\netcdf.dir\debug\ncxcache.obj
d:\cybermed\daddy\dependency\sdk-vtk-9.4.2\build_msvc\thirdparty\netcdf\vtknetcdf\netcdf.dir\debug\ncuri.obj
d:\cybermed\daddy\dependency\sdk-vtk-9.4.2\build_msvc\thirdparty\netcdf\vtknetcdf\netcdf.dir\debug\nctime.obj
d:\cybermed\daddy\dependency\sdk-vtk-9.4.2\build_msvc\thirdparty\netcdf\vtknetcdf\netcdf.dir\debug\nclog.obj
d:\cybermed\daddy\dependency\sdk-vtk-9.4.2\build_msvc\thirdparty\netcdf\vtknetcdf\netcdf.dir\debug\nclistmgr.obj
d:\cybermed\daddy\dependency\sdk-vtk-9.4.2\build_msvc\thirdparty\netcdf\vtknetcdf\netcdf.dir\debug\nclist.obj
d:\cybermed\daddy\dependency\sdk-vtk-9.4.2\build_msvc\thirdparty\netcdf\vtknetcdf\netcdf.dir\debug\ncjson.obj
d:\cybermed\daddy\dependency\sdk-vtk-9.4.2\build_msvc\thirdparty\netcdf\vtknetcdf\netcdf.dir\debug\nchashmap.obj
d:\cybermed\daddy\dependency\sdk-vtk-9.4.2\build_msvc\thirdparty\netcdf\vtknetcdf\netcdf.dir\debug\ncexhash.obj
d:\cybermed\daddy\dependency\sdk-vtk-9.4.2\build_msvc\thirdparty\netcdf\vtknetcdf\netcdf.dir\debug\hdf5filter.obj
d:\cybermed\daddy\dependency\sdk-vtk-9.4.2\build_msvc\thirdparty\netcdf\vtknetcdf\netcdf.dir\debug\hdf5file.obj
d:\cybermed\daddy\dependency\sdk-vtk-9.4.2\build_msvc\thirdparty\netcdf\vtknetcdf\netcdf.dir\debug\hdf5dim.obj
d:\cybermed\daddy\dependency\sdk-vtk-9.4.2\build_msvc\thirdparty\netcdf\vtknetcdf\netcdf.dir\debug\hdf5debug.obj
d:\cybermed\daddy\dependency\sdk-vtk-9.4.2\build_msvc\thirdparty\netcdf\vtknetcdf\netcdf.dir\debug\hdf5attr.obj
d:\cybermed\daddy\dependency\sdk-vtk-9.4.2\build_msvc\thirdparty\netcdf\vtknetcdf\netcdf.dir\debug\nc4info.obj
d:\cybermed\daddy\dependency\sdk-vtk-9.4.2\build_msvc\thirdparty\netcdf\vtknetcdf\netcdf.dir\debug\nc4hdf.obj
d:\cybermed\daddy\dependency\sdk-vtk-9.4.2\build_msvc\thirdparty\netcdf\vtknetcdf\netcdf.dir\debug\ncindex.obj
d:\cybermed\daddy\dependency\sdk-vtk-9.4.2\build_msvc\thirdparty\netcdf\vtknetcdf\netcdf.dir\debug\ncfunc.obj
d:\cybermed\daddy\dependency\sdk-vtk-9.4.2\build_msvc\thirdparty\netcdf\vtknetcdf\netcdf.dir\debug\nc4var.obj
d:\cybermed\daddy\dependency\sdk-vtk-9.4.2\build_msvc\thirdparty\netcdf\vtknetcdf\netcdf.dir\debug\nc4type.obj
d:\cybermed\daddy\dependency\sdk-vtk-9.4.2\build_msvc\thirdparty\netcdf\vtknetcdf\netcdf.dir\debug\nc4internal.obj
d:\cybermed\daddy\dependency\sdk-vtk-9.4.2\build_msvc\thirdparty\netcdf\vtknetcdf\netcdf.dir\debug\nc4grp.obj
d:\cybermed\daddy\dependency\sdk-vtk-9.4.2\build_msvc\thirdparty\netcdf\vtknetcdf\netcdf.dir\debug\nc4dispatch.obj
d:\cybermed\daddy\dependency\sdk-vtk-9.4.2\build_msvc\thirdparty\netcdf\vtknetcdf\netcdf.dir\debug\nc4dim.obj
d:\cybermed\daddy\dependency\sdk-vtk-9.4.2\build_msvc\thirdparty\netcdf\vtknetcdf\netcdf.dir\debug\nc4cache.obj
d:\cybermed\daddy\dependency\sdk-vtk-9.4.2\build_msvc\thirdparty\netcdf\vtknetcdf\netcdf.dir\debug\nc4attr.obj
d:\cybermed\daddy\dependency\sdk-vtk-9.4.2\build_msvc\thirdparty\netcdf\vtknetcdf\netcdf.dir\debug\var.obj
d:\cybermed\daddy\dependency\sdk-vtk-9.4.2\build_msvc\thirdparty\netcdf\vtknetcdf\netcdf.dir\debug\v1hpg.obj
d:\cybermed\daddy\dependency\sdk-vtk-9.4.2\build_msvc\thirdparty\netcdf\vtknetcdf\netcdf.dir\debug\putget.obj
d:\cybermed\daddy\dependency\sdk-vtk-9.4.2\build_msvc\thirdparty\netcdf\vtknetcdf\netcdf.dir\debug\dreg.obj
d:\cybermed\daddy\dependency\sdk-vtk-9.4.2\build_msvc\thirdparty\netcdf\vtknetcdf\netcdf.dir\debug\hdf5set_format_compatibility.obj
d:\cybermed\daddy\dependency\sdk-vtk-9.4.2\build_msvc\thirdparty\netcdf\vtknetcdf\netcdf.dir\debug\hdf5dispatch.obj
d:\cybermed\daddy\dependency\sdk-vtk-9.4.2\build_msvc\thirdparty\netcdf\vtknetcdf\netcdf.dir\debug\nc4memcb.obj
d:\cybermed\daddy\dependency\sdk-vtk-9.4.2\build_msvc\thirdparty\netcdf\vtknetcdf\netcdf.dir\debug\nc4mem.obj
d:\cybermed\daddy\dependency\sdk-vtk-9.4.2\build_msvc\thirdparty\netcdf\vtknetcdf\netcdf.dir\debug\hdf5var.obj
d:\cybermed\daddy\dependency\sdk-vtk-9.4.2\build_msvc\thirdparty\netcdf\vtknetcdf\netcdf.dir\debug\hdf5open.obj
d:\cybermed\daddy\dependency\sdk-vtk-9.4.2\build_msvc\thirdparty\netcdf\vtknetcdf\netcdf.dir\debug\hdf5create.obj
d:\cybermed\daddy\dependency\sdk-vtk-9.4.2\build_msvc\thirdparty\netcdf\vtknetcdf\netcdf.dir\debug\hdf5internal.obj
d:\cybermed\daddy\dependency\sdk-vtk-9.4.2\build_msvc\thirdparty\netcdf\vtknetcdf\netcdf.dir\debug\hdf5type.obj
d:\cybermed\daddy\dependency\sdk-vtk-9.4.2\build_msvc\thirdparty\netcdf\vtknetcdf\netcdf.dir\debug\hdf5grp.obj
d:\cybermed\daddy\dependency\sdk-vtk-9.4.2\build_msvc\thirdparty\netcdf\vtknetcdf\netcdf.dir\debug\vc143.pdb
d:\cybermed\daddy\dependency\sdk-vtk-9.4.2\build_msvc\thirdparty\netcdf\vtknetcdf\cmakefiles\generate.stamp
d:\cybermed\daddy\dependency\sdk-vtk-9.4.2\build_msvc\lib\debug\vtknetcdf-9.4d.lib
d:\cybermed\daddy\dependency\sdk-vtk-9.4.2\build_msvc\bin\debug\vtknetcdf-9.4d.dll
d:\cybermed\daddy\dependency\sdk-vtk-9.4.2\build_msvc\bin\debug\vtknetcdf-9.4d.pdb
d:\cybermed\daddy\dependency\sdk-vtk-9.4.2\build_msvc\lib\debug\vtknetcdf-9.4d.exp
d:\cybermed\daddy\dependency\sdk-vtk-9.4.2\build_msvc\thirdparty\netcdf\vtknetcdf\netcdf.dir\debug\vtknetcdf-9.4d.ilk
d:\cybermed\daddy\dependency\sdk-vtk-9.4.2\build_msvc\thirdparty\netcdf\vtknetcdf\netcdf.dir\debug\netcdf.tlog\cl.command.1.tlog
d:\cybermed\daddy\dependency\sdk-vtk-9.4.2\build_msvc\thirdparty\netcdf\vtknetcdf\netcdf.dir\debug\netcdf.tlog\cl.items.tlog
d:\cybermed\daddy\dependency\sdk-vtk-9.4.2\build_msvc\thirdparty\netcdf\vtknetcdf\netcdf.dir\debug\netcdf.tlog\cl.read.1.tlog
d:\cybermed\daddy\dependency\sdk-vtk-9.4.2\build_msvc\thirdparty\netcdf\vtknetcdf\netcdf.dir\debug\netcdf.tlog\cl.write.1.tlog
d:\cybermed\daddy\dependency\sdk-vtk-9.4.2\build_msvc\thirdparty\netcdf\vtknetcdf\netcdf.dir\debug\netcdf.tlog\custombuild.command.1.tlog
d:\cybermed\daddy\dependency\sdk-vtk-9.4.2\build_msvc\thirdparty\netcdf\vtknetcdf\netcdf.dir\debug\netcdf.tlog\custombuild.read.1.tlog
d:\cybermed\daddy\dependency\sdk-vtk-9.4.2\build_msvc\thirdparty\netcdf\vtknetcdf\netcdf.dir\debug\netcdf.tlog\custombuild.write.1.tlog
d:\cybermed\daddy\dependency\sdk-vtk-9.4.2\build_msvc\thirdparty\netcdf\vtknetcdf\netcdf.dir\debug\netcdf.tlog\lib-link.read.1.tlog
d:\cybermed\daddy\dependency\sdk-vtk-9.4.2\build_msvc\thirdparty\netcdf\vtknetcdf\netcdf.dir\debug\netcdf.tlog\lib-link.write.1.tlog
d:\cybermed\daddy\dependency\sdk-vtk-9.4.2\build_msvc\thirdparty\netcdf\vtknetcdf\netcdf.dir\debug\netcdf.tlog\lib.command.1.tlog
d:\cybermed\daddy\dependency\sdk-vtk-9.4.2\build_msvc\thirdparty\netcdf\vtknetcdf\netcdf.dir\debug\netcdf.tlog\link.command.1.tlog
d:\cybermed\daddy\dependency\sdk-vtk-9.4.2\build_msvc\thirdparty\netcdf\vtknetcdf\netcdf.dir\debug\netcdf.tlog\link.read.1.tlog
d:\cybermed\daddy\dependency\sdk-vtk-9.4.2\build_msvc\thirdparty\netcdf\vtknetcdf\netcdf.dir\debug\netcdf.tlog\link.secondary.1.tlog
d:\cybermed\daddy\dependency\sdk-vtk-9.4.2\build_msvc\thirdparty\netcdf\vtknetcdf\netcdf.dir\debug\netcdf.tlog\link.write.1.tlog
