d:\cybermed\daddy\dependency\sdk-vtk-9.4.2\build_msvc\thirdparty\zlib\vtkzlib\zlib.dir\release\zutil.obj
d:\cybermed\daddy\dependency\sdk-vtk-9.4.2\build_msvc\thirdparty\zlib\vtkzlib\zlib.dir\release\uncompr.obj
d:\cybermed\daddy\dependency\sdk-vtk-9.4.2\build_msvc\thirdparty\zlib\vtkzlib\zlib.dir\release\trees.obj
d:\cybermed\daddy\dependency\sdk-vtk-9.4.2\build_msvc\thirdparty\zlib\vtkzlib\zlib.dir\release\inffast.obj
d:\cybermed\daddy\dependency\sdk-vtk-9.4.2\build_msvc\thirdparty\zlib\vtkzlib\zlib.dir\release\inftrees.obj
d:\cybermed\daddy\dependency\sdk-vtk-9.4.2\build_msvc\thirdparty\zlib\vtkzlib\zlib.dir\release\infback.obj
d:\cybermed\daddy\dependency\sdk-vtk-9.4.2\build_msvc\thirdparty\zlib\vtkzlib\zlib.dir\release\inflate.obj
d:\cybermed\daddy\dependency\sdk-vtk-9.4.2\build_msvc\thirdparty\zlib\vtkzlib\zlib.dir\release\gzwrite.obj
d:\cybermed\daddy\dependency\sdk-vtk-9.4.2\build_msvc\thirdparty\zlib\vtkzlib\zlib.dir\release\gzread.obj
d:\cybermed\daddy\dependency\sdk-vtk-9.4.2\build_msvc\thirdparty\zlib\vtkzlib\zlib.dir\release\gzlib.obj
d:\cybermed\daddy\dependency\sdk-vtk-9.4.2\build_msvc\thirdparty\zlib\vtkzlib\zlib.dir\release\gzclose.obj
d:\cybermed\daddy\dependency\sdk-vtk-9.4.2\build_msvc\thirdparty\zlib\vtkzlib\zlib.dir\release\deflate.obj
d:\cybermed\daddy\dependency\sdk-vtk-9.4.2\build_msvc\thirdparty\zlib\vtkzlib\zlib.dir\release\crc32.obj
d:\cybermed\daddy\dependency\sdk-vtk-9.4.2\build_msvc\thirdparty\zlib\vtkzlib\zlib.dir\release\compress.obj
d:\cybermed\daddy\dependency\sdk-vtk-9.4.2\build_msvc\thirdparty\zlib\vtkzlib\zlib.dir\release\adler32.obj
d:\cybermed\daddy\dependency\sdk-vtk-9.4.2\build_msvc\thirdparty\zlib\vtkzlib\cmakefiles\generate.stamp
d:\cybermed\daddy\dependency\sdk-vtk-9.4.2\build_msvc\bin\release\vtkzlib-9.4.dll
d:\cybermed\daddy\dependency\sdk-vtk-9.4.2\build_msvc\lib\release\vtkzlib-9.4.lib
d:\cybermed\daddy\dependency\sdk-vtk-9.4.2\build_msvc\lib\release\vtkzlib-9.4.exp
d:\cybermed\daddy\dependency\sdk-vtk-9.4.2\build_msvc\thirdparty\zlib\vtkzlib\zlib.dir\release\zlib.tlog\cl.command.1.tlog
d:\cybermed\daddy\dependency\sdk-vtk-9.4.2\build_msvc\thirdparty\zlib\vtkzlib\zlib.dir\release\zlib.tlog\cl.items.tlog
d:\cybermed\daddy\dependency\sdk-vtk-9.4.2\build_msvc\thirdparty\zlib\vtkzlib\zlib.dir\release\zlib.tlog\cl.read.1.tlog
d:\cybermed\daddy\dependency\sdk-vtk-9.4.2\build_msvc\thirdparty\zlib\vtkzlib\zlib.dir\release\zlib.tlog\cl.write.1.tlog
d:\cybermed\daddy\dependency\sdk-vtk-9.4.2\build_msvc\thirdparty\zlib\vtkzlib\zlib.dir\release\zlib.tlog\custombuild.command.1.tlog
d:\cybermed\daddy\dependency\sdk-vtk-9.4.2\build_msvc\thirdparty\zlib\vtkzlib\zlib.dir\release\zlib.tlog\custombuild.read.1.tlog
d:\cybermed\daddy\dependency\sdk-vtk-9.4.2\build_msvc\thirdparty\zlib\vtkzlib\zlib.dir\release\zlib.tlog\custombuild.write.1.tlog
d:\cybermed\daddy\dependency\sdk-vtk-9.4.2\build_msvc\thirdparty\zlib\vtkzlib\zlib.dir\release\zlib.tlog\link.command.1.tlog
d:\cybermed\daddy\dependency\sdk-vtk-9.4.2\build_msvc\thirdparty\zlib\vtkzlib\zlib.dir\release\zlib.tlog\link.read.1.tlog
d:\cybermed\daddy\dependency\sdk-vtk-9.4.2\build_msvc\thirdparty\zlib\vtkzlib\zlib.dir\release\zlib.tlog\link.secondary.1.tlog
d:\cybermed\daddy\dependency\sdk-vtk-9.4.2\build_msvc\thirdparty\zlib\vtkzlib\zlib.dir\release\zlib.tlog\link.write.1.tlog
