d:\cybermed\daddy\dependency\sdk-vtk-9.4.2\build_msvc\lib\debug\vtkioxmlparser-9.4d.pdb
d:\cybermed\daddy\dependency\sdk-vtk-9.4.2\build_msvc\io\xmlparser\ioxmlparser.dir\debug\vtkxmlutilities.obj
d:\cybermed\daddy\dependency\sdk-vtk-9.4.2\build_msvc\io\xmlparser\ioxmlparser.dir\debug\vtkxmlparser.obj
d:\cybermed\daddy\dependency\sdk-vtk-9.4.2\build_msvc\io\xmlparser\ioxmlparser.dir\debug\vtkxmldataparser.obj
d:\cybermed\daddy\dependency\sdk-vtk-9.4.2\build_msvc\io\xmlparser\ioxmlparser.dir\debug\vc143.pdb
d:\cybermed\daddy\dependency\sdk-vtk-9.4.2\build_msvc\io\xmlparser\cmakefiles\generate.stamp
d:\cybermed\daddy\dependency\sdk-vtk-9.4.2\build_msvc\lib\debug\vtkioxmlparser-9.4d.lib
d:\cybermed\daddy\dependency\sdk-vtk-9.4.2\build_msvc\bin\debug\vtkioxmlparser-9.4d.dll
d:\cybermed\daddy\dependency\sdk-vtk-9.4.2\build_msvc\bin\debug\vtkioxmlparser-9.4d.pdb
d:\cybermed\daddy\dependency\sdk-vtk-9.4.2\build_msvc\lib\debug\vtkioxmlparser-9.4d.exp
d:\cybermed\daddy\dependency\sdk-vtk-9.4.2\build_msvc\io\xmlparser\ioxmlparser.dir\debug\vtkioxmlparser-9.4d.ilk
d:\cybermed\daddy\dependency\sdk-vtk-9.4.2\build_msvc\io\xmlparser\ioxmlparser.dir\debug\ioxmlparser.tlog\cl.command.1.tlog
d:\cybermed\daddy\dependency\sdk-vtk-9.4.2\build_msvc\io\xmlparser\ioxmlparser.dir\debug\ioxmlparser.tlog\cl.items.tlog
d:\cybermed\daddy\dependency\sdk-vtk-9.4.2\build_msvc\io\xmlparser\ioxmlparser.dir\debug\ioxmlparser.tlog\cl.read.1.tlog
d:\cybermed\daddy\dependency\sdk-vtk-9.4.2\build_msvc\io\xmlparser\ioxmlparser.dir\debug\ioxmlparser.tlog\cl.write.1.tlog
d:\cybermed\daddy\dependency\sdk-vtk-9.4.2\build_msvc\io\xmlparser\ioxmlparser.dir\debug\ioxmlparser.tlog\custombuild.command.1.tlog
d:\cybermed\daddy\dependency\sdk-vtk-9.4.2\build_msvc\io\xmlparser\ioxmlparser.dir\debug\ioxmlparser.tlog\custombuild.read.1.tlog
d:\cybermed\daddy\dependency\sdk-vtk-9.4.2\build_msvc\io\xmlparser\ioxmlparser.dir\debug\ioxmlparser.tlog\custombuild.write.1.tlog
d:\cybermed\daddy\dependency\sdk-vtk-9.4.2\build_msvc\io\xmlparser\ioxmlparser.dir\debug\ioxmlparser.tlog\lib-link.read.1.tlog
d:\cybermed\daddy\dependency\sdk-vtk-9.4.2\build_msvc\io\xmlparser\ioxmlparser.dir\debug\ioxmlparser.tlog\lib-link.write.1.tlog
d:\cybermed\daddy\dependency\sdk-vtk-9.4.2\build_msvc\io\xmlparser\ioxmlparser.dir\debug\ioxmlparser.tlog\lib.command.1.tlog
d:\cybermed\daddy\dependency\sdk-vtk-9.4.2\build_msvc\io\xmlparser\ioxmlparser.dir\debug\ioxmlparser.tlog\link.command.1.tlog
d:\cybermed\daddy\dependency\sdk-vtk-9.4.2\build_msvc\io\xmlparser\ioxmlparser.dir\debug\ioxmlparser.tlog\link.read.1.tlog
d:\cybermed\daddy\dependency\sdk-vtk-9.4.2\build_msvc\io\xmlparser\ioxmlparser.dir\debug\ioxmlparser.tlog\link.secondary.1.tlog
d:\cybermed\daddy\dependency\sdk-vtk-9.4.2\build_msvc\io\xmlparser\ioxmlparser.dir\debug\ioxmlparser.tlog\link.write.1.tlog
