d:\cybermed\daddy\dependency\sdk-vtk-9.4.2\build_msvc\lib\debug\vtkrenderingimage-9.4d.pdb
d:\cybermed\daddy\dependency\sdk-vtk-9.4.2\build_msvc\rendering\image\renderingimage.dir\debug\vtkimagestack.obj
d:\cybermed\daddy\dependency\sdk-vtk-9.4.2\build_msvc\rendering\image\renderingimage.dir\debug\vtkimageslicecollection.obj
d:\cybermed\daddy\dependency\sdk-vtk-9.4.2\build_msvc\rendering\image\renderingimage.dir\debug\vtkimagereslicemapper.obj
d:\cybermed\daddy\dependency\sdk-vtk-9.4.2\build_msvc\rendering\image\renderingimage.dir\debug\vtkdepthimagetopointcloud.obj
d:\cybermed\daddy\dependency\sdk-vtk-9.4.2\build_msvc\rendering\image\renderingimage.dir\debug\vc143.pdb
d:\cybermed\daddy\dependency\sdk-vtk-9.4.2\build_msvc\rendering\image\cmakefiles\generate.stamp
d:\cybermed\daddy\dependency\sdk-vtk-9.4.2\build_msvc\lib\debug\vtkrenderingimage-9.4d.lib
d:\cybermed\daddy\dependency\sdk-vtk-9.4.2\build_msvc\bin\debug\vtkrenderingimage-9.4d.dll
d:\cybermed\daddy\dependency\sdk-vtk-9.4.2\build_msvc\bin\debug\vtkrenderingimage-9.4d.pdb
d:\cybermed\daddy\dependency\sdk-vtk-9.4.2\build_msvc\lib\debug\vtkrenderingimage-9.4d.exp
d:\cybermed\daddy\dependency\sdk-vtk-9.4.2\build_msvc\rendering\image\renderingimage.dir\debug\vtkrenderingimage-9.4d.ilk
d:\cybermed\daddy\dependency\sdk-vtk-9.4.2\build_msvc\rendering\image\renderingimage.dir\debug\renderingimage.tlog\cl.command.1.tlog
d:\cybermed\daddy\dependency\sdk-vtk-9.4.2\build_msvc\rendering\image\renderingimage.dir\debug\renderingimage.tlog\cl.items.tlog
d:\cybermed\daddy\dependency\sdk-vtk-9.4.2\build_msvc\rendering\image\renderingimage.dir\debug\renderingimage.tlog\cl.read.1.tlog
d:\cybermed\daddy\dependency\sdk-vtk-9.4.2\build_msvc\rendering\image\renderingimage.dir\debug\renderingimage.tlog\cl.write.1.tlog
d:\cybermed\daddy\dependency\sdk-vtk-9.4.2\build_msvc\rendering\image\renderingimage.dir\debug\renderingimage.tlog\custombuild.command.1.tlog
d:\cybermed\daddy\dependency\sdk-vtk-9.4.2\build_msvc\rendering\image\renderingimage.dir\debug\renderingimage.tlog\custombuild.read.1.tlog
d:\cybermed\daddy\dependency\sdk-vtk-9.4.2\build_msvc\rendering\image\renderingimage.dir\debug\renderingimage.tlog\custombuild.write.1.tlog
d:\cybermed\daddy\dependency\sdk-vtk-9.4.2\build_msvc\rendering\image\renderingimage.dir\debug\renderingimage.tlog\lib-link.read.1.tlog
d:\cybermed\daddy\dependency\sdk-vtk-9.4.2\build_msvc\rendering\image\renderingimage.dir\debug\renderingimage.tlog\lib-link.write.1.tlog
d:\cybermed\daddy\dependency\sdk-vtk-9.4.2\build_msvc\rendering\image\renderingimage.dir\debug\renderingimage.tlog\lib.command.1.tlog
d:\cybermed\daddy\dependency\sdk-vtk-9.4.2\build_msvc\rendering\image\renderingimage.dir\debug\renderingimage.tlog\link.command.1.tlog
d:\cybermed\daddy\dependency\sdk-vtk-9.4.2\build_msvc\rendering\image\renderingimage.dir\debug\renderingimage.tlog\link.read.1.tlog
d:\cybermed\daddy\dependency\sdk-vtk-9.4.2\build_msvc\rendering\image\renderingimage.dir\debug\renderingimage.tlog\link.secondary.1.tlog
d:\cybermed\daddy\dependency\sdk-vtk-9.4.2\build_msvc\rendering\image\renderingimage.dir\debug\renderingimage.tlog\link.write.1.tlog
