d:\cybermed\daddy\dependency\sdk-vtk-9.4.2\build_msvc\utilities\kwsys\vtksys\vtksys.dir\release\md5.obj
d:\cybermed\daddy\dependency\sdk-vtk-9.4.2\build_msvc\utilities\kwsys\vtksys\vtksys.dir\release\base64.obj
d:\cybermed\daddy\dependency\sdk-vtk-9.4.2\build_msvc\utilities\kwsys\vtksys\vtksys.dir\release\processwin32.obj
d:\cybermed\daddy\dependency\sdk-vtk-9.4.2\build_msvc\utilities\kwsys\vtksys\vtksys.dir\release\encodingc.obj
d:\cybermed\daddy\dependency\sdk-vtk-9.4.2\build_msvc\utilities\kwsys\vtksys\vtksys.dir\release\system.obj
d:\cybermed\daddy\dependency\sdk-vtk-9.4.2\build_msvc\utilities\kwsys\vtksys\vtksys.dir\release\status.obj
d:\cybermed\daddy\dependency\sdk-vtk-9.4.2\build_msvc\utilities\kwsys\vtksys\vtksys.dir\release\fstream.obj
d:\cybermed\daddy\dependency\sdk-vtk-9.4.2\build_msvc\utilities\kwsys\vtksys\vtksys.dir\release\commandlinearguments.obj
d:\cybermed\daddy\dependency\sdk-vtk-9.4.2\build_msvc\utilities\kwsys\vtksys\vtksys.dir\release\regularexpression.obj
d:\cybermed\daddy\dependency\sdk-vtk-9.4.2\build_msvc\utilities\kwsys\vtksys\vtksys.dir\release\glob.obj
d:\cybermed\daddy\dependency\sdk-vtk-9.4.2\build_msvc\utilities\kwsys\vtksys\vtksys.dir\release\directory.obj
d:\cybermed\daddy\dependency\sdk-vtk-9.4.2\build_msvc\utilities\kwsys\vtksys\vtksys.dir\release\dynamicloader.obj
d:\cybermed\daddy\dependency\sdk-vtk-9.4.2\build_msvc\utilities\kwsys\vtksys\vtksys.dir\release\encodingcxx.obj
d:\cybermed\daddy\dependency\sdk-vtk-9.4.2\build_msvc\utilities\kwsys\vtksys\vtksys.dir\release\systemtools.obj
d:\cybermed\daddy\dependency\sdk-vtk-9.4.2\build_msvc\utilities\kwsys\vtksys\vtksys.dir\release\systeminformation.obj
d:\cybermed\daddy\dependency\sdk-vtk-9.4.2\build_msvc\utilities\kwsys\vtksys\cmakefiles\generate.stamp
d:\cybermed\daddy\dependency\sdk-vtk-9.4.2\build_msvc\bin\release\vtksys-9.4.dll
d:\cybermed\daddy\dependency\sdk-vtk-9.4.2\build_msvc\lib\release\vtksys-9.4.lib
d:\cybermed\daddy\dependency\sdk-vtk-9.4.2\build_msvc\lib\release\vtksys-9.4.exp
d:\cybermed\daddy\dependency\sdk-vtk-9.4.2\build_msvc\utilities\kwsys\vtksys\vtksys.dir\release\vtksys.tlog\cl.command.1.tlog
d:\cybermed\daddy\dependency\sdk-vtk-9.4.2\build_msvc\utilities\kwsys\vtksys\vtksys.dir\release\vtksys.tlog\cl.items.tlog
d:\cybermed\daddy\dependency\sdk-vtk-9.4.2\build_msvc\utilities\kwsys\vtksys\vtksys.dir\release\vtksys.tlog\cl.read.1.tlog
d:\cybermed\daddy\dependency\sdk-vtk-9.4.2\build_msvc\utilities\kwsys\vtksys\vtksys.dir\release\vtksys.tlog\cl.write.1.tlog
d:\cybermed\daddy\dependency\sdk-vtk-9.4.2\build_msvc\utilities\kwsys\vtksys\vtksys.dir\release\vtksys.tlog\custombuild.command.1.tlog
d:\cybermed\daddy\dependency\sdk-vtk-9.4.2\build_msvc\utilities\kwsys\vtksys\vtksys.dir\release\vtksys.tlog\custombuild.read.1.tlog
d:\cybermed\daddy\dependency\sdk-vtk-9.4.2\build_msvc\utilities\kwsys\vtksys\vtksys.dir\release\vtksys.tlog\custombuild.write.1.tlog
d:\cybermed\daddy\dependency\sdk-vtk-9.4.2\build_msvc\utilities\kwsys\vtksys\vtksys.dir\release\vtksys.tlog\link.command.1.tlog
d:\cybermed\daddy\dependency\sdk-vtk-9.4.2\build_msvc\utilities\kwsys\vtksys\vtksys.dir\release\vtksys.tlog\link.read.1.tlog
d:\cybermed\daddy\dependency\sdk-vtk-9.4.2\build_msvc\utilities\kwsys\vtksys\vtksys.dir\release\vtksys.tlog\link.secondary.1.tlog
d:\cybermed\daddy\dependency\sdk-vtk-9.4.2\build_msvc\utilities\kwsys\vtksys\vtksys.dir\release\vtksys.tlog\link.write.1.tlog
