  Building Custom Rule D:/cybermed/daddy/dependency/sdk-VTK-9.4.2/Utilities/KWSys/vtksys/CMakeLists.txt
  ProcessWin32.c
  Base64.c
  MD5.c
  코드를 생성하고 있습니다...
  EncodingC.c
  System.c
  Directory.cxx
  Glob.cxx
  RegularExpression.cxx
  CommandLineArguments.cxx
  FStream.cxx
  Status.cxx
  코드를 생성하고 있습니다...
  DynamicLoader.cxx
  EncodingCXX.cxx
  SystemTools.cxx
  SystemInformation.cxx
     D:/cybermed/daddy/dependency/sdk-VTK-9.4.2/build_msvc/lib/Release/vtksys-9.4.lib 라이브러리 및 D:/cybermed/daddy/dependency/sdk-VTK-9.4.2/build_msvc/lib/Release/vtksys-9.4.exp 개체를 생성하고 있습니다.
  vtksys.vcxproj -> D:\cybermed\daddy\dependency\sdk-VTK-9.4.2\build_msvc\bin\Release\vtksys-9.4.dll
