d:\cybermed\daddy\dependency\sdk-vtk-9.4.2\build_msvc\lib\debug\vtkrenderingcore-9.4d.pdb
d:\cybermed\daddy\dependency\sdk-vtk-9.4.2\build_msvc\rendering\core\renderingcore.dir\debug\vtkcellgridrenderrequest.obj
d:\cybermed\daddy\dependency\sdk-vtk-9.4.2\build_msvc\rendering\core\renderingcore.dir\debug\vtkcellgridmapper.obj
d:\cybermed\daddy\dependency\sdk-vtk-9.4.2\build_msvc\rendering\core\renderingcore.dir\debug\vtkcellgraphicsprimitivemap.obj
d:\cybermed\daddy\dependency\sdk-vtk-9.4.2\build_msvc\rendering\core\renderingcore.dir\debug\vtkcellcenterdepthsort.obj
d:\cybermed\daddy\dependency\sdk-vtk-9.4.2\build_msvc\rendering\core\renderingcore.dir\debug\vtkcamerainterpolator.obj
d:\cybermed\daddy\dependency\sdk-vtk-9.4.2\build_msvc\rendering\core\renderingcore.dir\debug\vtkcameraactor.obj
d:\cybermed\daddy\dependency\sdk-vtk-9.4.2\build_msvc\rendering\core\renderingcore.dir\debug\vtkcamera.obj
d:\cybermed\daddy\dependency\sdk-vtk-9.4.2\build_msvc\rendering\core\renderingcore.dir\debug\vtkbillboardtextactor3d.obj
d:\cybermed\daddy\dependency\sdk-vtk-9.4.2\build_msvc\rendering\core\renderingcore.dir\debug\vtkbackgroundcolormonitor.obj
d:\cybermed\daddy\dependency\sdk-vtk-9.4.2\build_msvc\rendering\core\renderingcore.dir\debug\vtkavatar.obj
d:\cybermed\daddy\dependency\sdk-vtk-9.4.2\build_msvc\rendering\core\renderingcore.dir\debug\vtkassembly.obj
d:\cybermed\daddy\dependency\sdk-vtk-9.4.2\build_msvc\rendering\core\renderingcore.dir\debug\vtkactorcollection.obj
d:\cybermed\daddy\dependency\sdk-vtk-9.4.2\build_msvc\rendering\core\renderingcore.dir\debug\vtkactor2dcollection.obj
d:\cybermed\daddy\dependency\sdk-vtk-9.4.2\build_msvc\rendering\core\renderingcore.dir\debug\vtkactor2d.obj
d:\cybermed\daddy\dependency\sdk-vtk-9.4.2\build_msvc\rendering\core\renderingcore.dir\debug\vtkactor.obj
d:\cybermed\daddy\dependency\sdk-vtk-9.4.2\build_msvc\rendering\core\renderingcore.dir\debug\vtkabstractvolumemapper.obj
d:\cybermed\daddy\dependency\sdk-vtk-9.4.2\build_msvc\rendering\core\renderingcore.dir\debug\vtkabstractpicker.obj
d:\cybermed\daddy\dependency\sdk-vtk-9.4.2\build_msvc\rendering\core\renderingcore.dir\debug\vtkabstractmapper3d.obj
d:\cybermed\daddy\dependency\sdk-vtk-9.4.2\build_msvc\rendering\core\renderingcore.dir\debug\vtkabstractmapper.obj
d:\cybermed\daddy\dependency\sdk-vtk-9.4.2\build_msvc\rendering\core\renderingcore.dir\debug\vtkabstracthypertreegridmapper.obj
d:\cybermed\daddy\dependency\sdk-vtk-9.4.2\build_msvc\rendering\core\renderingcore.dir\debug\vtkgenericvertexattributemapping.obj
d:\cybermed\daddy\dependency\sdk-vtk-9.4.2\build_msvc\rendering\core\renderingcore.dir\debug\vtkgpuinfolist.obj
d:\cybermed\daddy\dependency\sdk-vtk-9.4.2\build_msvc\rendering\core\renderingcore.dir\debug\vtkgpuinfo.obj
d:\cybermed\daddy\dependency\sdk-vtk-9.4.2\build_msvc\rendering\core\renderingcore.dir\debug\vtkfrustumcoverageculler.obj
d:\cybermed\daddy\dependency\sdk-vtk-9.4.2\build_msvc\rendering\core\renderingcore.dir\debug\vtkframebufferobjectbase.obj
d:\cybermed\daddy\dependency\sdk-vtk-9.4.2\build_msvc\rendering\core\renderingcore.dir\debug\vtkfollower.obj
d:\cybermed\daddy\dependency\sdk-vtk-9.4.2\build_msvc\rendering\core\renderingcore.dir\debug\vtkflagpolelabel.obj
d:\cybermed\daddy\dependency\sdk-vtk-9.4.2\build_msvc\rendering\core\renderingcore.dir\debug\vtkfxaaoptions.obj
d:\cybermed\daddy\dependency\sdk-vtk-9.4.2\build_msvc\rendering\core\renderingcore.dir\debug\vtkdistancetocamera.obj
d:\cybermed\daddy\dependency\sdk-vtk-9.4.2\build_msvc\rendering\core\renderingcore.dir\debug\vtkdiscretizablecolortransferfunction.obj
d:\cybermed\daddy\dependency\sdk-vtk-9.4.2\build_msvc\rendering\core\renderingcore.dir\debug\vtkdatasetmapper.obj
d:\cybermed\daddy\dependency\sdk-vtk-9.4.2\build_msvc\rendering\core\renderingcore.dir\debug\vtkcullercollection.obj
d:\cybermed\daddy\dependency\sdk-vtk-9.4.2\build_msvc\rendering\core\renderingcore.dir\debug\vtkculler.obj
d:\cybermed\daddy\dependency\sdk-vtk-9.4.2\build_msvc\rendering\core\renderingcore.dir\debug\vtkcoordinate.obj
d:\cybermed\daddy\dependency\sdk-vtk-9.4.2\build_msvc\rendering\core\renderingcore.dir\debug\vtkcompositepolydatamapperdelegator.obj
d:\cybermed\daddy\dependency\sdk-vtk-9.4.2\build_msvc\rendering\core\renderingcore.dir\debug\vtkcompositepolydatamapper.obj
d:\cybermed\daddy\dependency\sdk-vtk-9.4.2\build_msvc\rendering\core\renderingcore.dir\debug\vtkcompositedatadisplayattributeslegacy.obj
d:\cybermed\daddy\dependency\sdk-vtk-9.4.2\build_msvc\rendering\core\renderingcore.dir\debug\vtkcompositedatadisplayattributes.obj
d:\cybermed\daddy\dependency\sdk-vtk-9.4.2\build_msvc\rendering\core\renderingcore.dir\debug\vtkcompositecellgridmapper.obj
d:\cybermed\daddy\dependency\sdk-vtk-9.4.2\build_msvc\rendering\core\renderingcore.dir\debug\vtkcolortransferfunction.obj
d:\cybermed\daddy\dependency\sdk-vtk-9.4.2\build_msvc\rendering\core\renderingcore.dir\debug\vtklightkit.obj
d:\cybermed\daddy\dependency\sdk-vtk-9.4.2\build_msvc\rendering\core\renderingcore.dir\debug\vtklightcollection.obj
d:\cybermed\daddy\dependency\sdk-vtk-9.4.2\build_msvc\rendering\core\renderingcore.dir\debug\vtklightactor.obj
d:\cybermed\daddy\dependency\sdk-vtk-9.4.2\build_msvc\rendering\core\renderingcore.dir\debug\vtklight.obj
d:\cybermed\daddy\dependency\sdk-vtk-9.4.2\build_msvc\rendering\core\renderingcore.dir\debug\vtklabeledcontourmapper.obj
d:\cybermed\daddy\dependency\sdk-vtk-9.4.2\build_msvc\rendering\core\renderingcore.dir\debug\vtkinteractorobserver.obj
d:\cybermed\daddy\dependency\sdk-vtk-9.4.2\build_msvc\rendering\core\renderingcore.dir\debug\vtkinteractoreventrecorder.obj
d:\cybermed\daddy\dependency\sdk-vtk-9.4.2\build_msvc\rendering\core\renderingcore.dir\debug\vtkimageslicemapper.obj
d:\cybermed\daddy\dependency\sdk-vtk-9.4.2\build_msvc\rendering\core\renderingcore.dir\debug\vtkimageslice.obj
d:\cybermed\daddy\dependency\sdk-vtk-9.4.2\build_msvc\rendering\core\renderingcore.dir\debug\vtkimageproperty.obj
d:\cybermed\daddy\dependency\sdk-vtk-9.4.2\build_msvc\rendering\core\renderingcore.dir\debug\vtkimagemapper3d.obj
d:\cybermed\daddy\dependency\sdk-vtk-9.4.2\build_msvc\rendering\core\renderingcore.dir\debug\vtkimagemapper.obj
d:\cybermed\daddy\dependency\sdk-vtk-9.4.2\build_msvc\rendering\core\renderingcore.dir\debug\vtkimageactor.obj
d:\cybermed\daddy\dependency\sdk-vtk-9.4.2\build_msvc\rendering\core\renderingcore.dir\debug\vtkhierarchicalpolydatamapper.obj
d:\cybermed\daddy\dependency\sdk-vtk-9.4.2\build_msvc\rendering\core\renderingcore.dir\debug\vtkhardwarewindow.obj
d:\cybermed\daddy\dependency\sdk-vtk-9.4.2\build_msvc\rendering\core\renderingcore.dir\debug\vtkhardwarepicker.obj
d:\cybermed\daddy\dependency\sdk-vtk-9.4.2\build_msvc\rendering\core\renderingcore.dir\debug\vtkgraphicsfactory.obj
d:\cybermed\daddy\dependency\sdk-vtk-9.4.2\build_msvc\rendering\core\renderingcore.dir\debug\vtkgraphtoglyphs.obj
d:\cybermed\daddy\dependency\sdk-vtk-9.4.2\build_msvc\rendering\core\renderingcore.dir\debug\vtkgraphmapper.obj
d:\cybermed\daddy\dependency\sdk-vtk-9.4.2\build_msvc\rendering\core\renderingcore.dir\debug\vtkglyph3dmapper.obj
d:\cybermed\daddy\dependency\sdk-vtk-9.4.2\build_msvc\rendering\core\renderingcore.dir\debug\vtkrenderstate.obj
d:\cybermed\daddy\dependency\sdk-vtk-9.4.2\build_msvc\rendering\core\renderingcore.dir\debug\vtkrenderpass.obj
d:\cybermed\daddy\dependency\sdk-vtk-9.4.2\build_msvc\rendering\core\renderingcore.dir\debug\vtkproperty2d.obj
d:\cybermed\daddy\dependency\sdk-vtk-9.4.2\build_msvc\rendering\core\renderingcore.dir\debug\vtkproperty.obj
d:\cybermed\daddy\dependency\sdk-vtk-9.4.2\build_msvc\rendering\core\renderingcore.dir\debug\vtkpropcollection.obj
d:\cybermed\daddy\dependency\sdk-vtk-9.4.2\build_msvc\rendering\core\renderingcore.dir\debug\vtkpropassembly.obj
d:\cybermed\daddy\dependency\sdk-vtk-9.4.2\build_msvc\rendering\core\renderingcore.dir\debug\vtkprop3dfollower.obj
d:\cybermed\daddy\dependency\sdk-vtk-9.4.2\build_msvc\rendering\core\renderingcore.dir\debug\vtkprop3dcollection.obj
d:\cybermed\daddy\dependency\sdk-vtk-9.4.2\build_msvc\rendering\core\renderingcore.dir\debug\vtkprop3d.obj
d:\cybermed\daddy\dependency\sdk-vtk-9.4.2\build_msvc\rendering\core\renderingcore.dir\debug\vtkprop.obj
d:\cybermed\daddy\dependency\sdk-vtk-9.4.2\build_msvc\rendering\core\renderingcore.dir\debug\vtkpolydatamapper2d.obj
d:\cybermed\daddy\dependency\sdk-vtk-9.4.2\build_msvc\rendering\core\renderingcore.dir\debug\vtkpolydatamapper.obj
d:\cybermed\daddy\dependency\sdk-vtk-9.4.2\build_msvc\rendering\core\renderingcore.dir\debug\vtkpointgaussianmapper.obj
d:\cybermed\daddy\dependency\sdk-vtk-9.4.2\build_msvc\rendering\core\renderingcore.dir\debug\vtkobservermediator.obj
d:\cybermed\daddy\dependency\sdk-vtk-9.4.2\build_msvc\rendering\core\renderingcore.dir\debug\vtkmappercollection.obj
d:\cybermed\daddy\dependency\sdk-vtk-9.4.2\build_msvc\rendering\core\renderingcore.dir\debug\vtkmapper2d.obj
d:\cybermed\daddy\dependency\sdk-vtk-9.4.2\build_msvc\rendering\core\renderingcore.dir\debug\vtkmapper.obj
d:\cybermed\daddy\dependency\sdk-vtk-9.4.2\build_msvc\rendering\core\renderingcore.dir\debug\vtkmaparrayvalues.obj
d:\cybermed\daddy\dependency\sdk-vtk-9.4.2\build_msvc\rendering\core\renderingcore.dir\debug\vtklookuptablewithenabling.obj
d:\cybermed\daddy\dependency\sdk-vtk-9.4.2\build_msvc\rendering\core\renderingcore.dir\debug\vtkloglookuptable.obj
d:\cybermed\daddy\dependency\sdk-vtk-9.4.2\build_msvc\rendering\core\renderingcore.dir\debug\vtktupleinterpolator.obj
d:\cybermed\daddy\dependency\sdk-vtk-9.4.2\build_msvc\rendering\core\renderingcore.dir\debug\vtktransforminterpolator.obj
d:\cybermed\daddy\dependency\sdk-vtk-9.4.2\build_msvc\rendering\core\renderingcore.dir\debug\vtktransformcoordinatesystems.obj
d:\cybermed\daddy\dependency\sdk-vtk-9.4.2\build_msvc\rendering\core\renderingcore.dir\debug\vtktexturedactor2d.obj
d:\cybermed\daddy\dependency\sdk-vtk-9.4.2\build_msvc\rendering\core\renderingcore.dir\debug\vtktexture.obj
d:\cybermed\daddy\dependency\sdk-vtk-9.4.2\build_msvc\rendering\core\renderingcore.dir\debug\vtktextactor3d.obj
d:\cybermed\daddy\dependency\sdk-vtk-9.4.2\build_msvc\rendering\core\renderingcore.dir\debug\vtktextactor.obj
d:\cybermed\daddy\dependency\sdk-vtk-9.4.2\build_msvc\rendering\core\renderingcore.dir\debug\vtkstereocompositor.obj
d:\cybermed\daddy\dependency\sdk-vtk-9.4.2\build_msvc\rendering\core\renderingcore.dir\debug\vtkskybox.obj
d:\cybermed\daddy\dependency\sdk-vtk-9.4.2\build_msvc\rendering\core\renderingcore.dir\debug\vtkshaderproperty.obj
d:\cybermed\daddy\dependency\sdk-vtk-9.4.2\build_msvc\rendering\core\renderingcore.dir\debug\vtkselectvisiblepoints.obj
d:\cybermed\daddy\dependency\sdk-vtk-9.4.2\build_msvc\rendering\core\renderingcore.dir\debug\vtkresizingwindowtoimagefilter.obj
d:\cybermed\daddy\dependency\sdk-vtk-9.4.2\build_msvc\rendering\core\renderingcore.dir\debug\vtkrenderersource.obj
d:\cybermed\daddy\dependency\sdk-vtk-9.4.2\build_msvc\rendering\core\renderingcore.dir\debug\vtkrendererdelegate.obj
d:\cybermed\daddy\dependency\sdk-vtk-9.4.2\build_msvc\rendering\core\renderingcore.dir\debug\vtkrenderercollection.obj
d:\cybermed\daddy\dependency\sdk-vtk-9.4.2\build_msvc\rendering\core\renderingcore.dir\debug\vtkrenderer.obj
d:\cybermed\daddy\dependency\sdk-vtk-9.4.2\build_msvc\rendering\core\renderingcore.dir\debug\vtkrenderwindowinteractor3d.obj
d:\cybermed\daddy\dependency\sdk-vtk-9.4.2\build_msvc\rendering\core\renderingcore.dir\debug\vtkrenderwindowinteractor.obj
d:\cybermed\daddy\dependency\sdk-vtk-9.4.2\build_msvc\rendering\core\renderingcore.dir\debug\vtkrenderwindowcollection.obj
d:\cybermed\daddy\dependency\sdk-vtk-9.4.2\build_msvc\rendering\core\renderingcore.dir\debug\vtkrendertimerlog.obj
d:\cybermed\daddy\dependency\sdk-vtk-9.4.2\build_msvc\rendering\core\renderingcore.dir\debug\vtkcellpicker.obj
d:\cybermed\daddy\dependency\sdk-vtk-9.4.2\build_msvc\rendering\core\renderingcore.dir\debug\vtkworldpointpicker.obj
d:\cybermed\daddy\dependency\sdk-vtk-9.4.2\build_msvc\rendering\core\renderingcore.dir\debug\vtkpickingmanager.obj
d:\cybermed\daddy\dependency\sdk-vtk-9.4.2\build_msvc\rendering\core\renderingcore.dir\debug\vtkproppicker.obj
d:\cybermed\daddy\dependency\sdk-vtk-9.4.2\build_msvc\rendering\core\renderingcore.dir\debug\vtklodprop3d.obj
d:\cybermed\daddy\dependency\sdk-vtk-9.4.2\build_msvc\rendering\core\renderingcore.dir\debug\vtkabstractproppicker.obj
d:\cybermed\daddy\dependency\sdk-vtk-9.4.2\build_msvc\rendering\core\renderingcore.dir\debug\vtkpicker.obj
d:\cybermed\daddy\dependency\sdk-vtk-9.4.2\build_msvc\rendering\core\renderingcore.dir\debug\vtkareapicker.obj
d:\cybermed\daddy\dependency\sdk-vtk-9.4.2\build_msvc\rendering\core\renderingcore.dir\debug\vtkassemblypaths.obj
d:\cybermed\daddy\dependency\sdk-vtk-9.4.2\build_msvc\rendering\core\renderingcore.dir\debug\vtkassemblypath.obj
d:\cybermed\daddy\dependency\sdk-vtk-9.4.2\build_msvc\rendering\core\renderingcore.dir\debug\vtkassemblynode.obj
d:\cybermed\daddy\dependency\sdk-vtk-9.4.2\build_msvc\rendering\core\renderingcore.dir\debug\vtkwindowtoimagefilter.obj
d:\cybermed\daddy\dependency\sdk-vtk-9.4.2\build_msvc\rendering\core\renderingcore.dir\debug\vtkwindowlevellookuptable.obj
d:\cybermed\daddy\dependency\sdk-vtk-9.4.2\build_msvc\rendering\core\renderingcore.dir\debug\vtkvolumeproperty.obj
d:\cybermed\daddy\dependency\sdk-vtk-9.4.2\build_msvc\rendering\core\renderingcore.dir\debug\vtkvolumecollection.obj
d:\cybermed\daddy\dependency\sdk-vtk-9.4.2\build_msvc\rendering\core\renderingcore.dir\debug\vtkvolume.obj
d:\cybermed\daddy\dependency\sdk-vtk-9.4.2\build_msvc\rendering\core\renderingcore.dir\debug\vtkvisibilitysort.obj
d:\cybermed\daddy\dependency\sdk-vtk-9.4.2\build_msvc\rendering\core\renderingcore.dir\debug\vtkviewport.obj
d:\cybermed\daddy\dependency\sdk-vtk-9.4.2\build_msvc\rendering\core\renderingcore.dir\debug\vtkviewdependenterrormetric.obj
d:\cybermed\daddy\dependency\sdk-vtk-9.4.2\build_msvc\rendering\core\renderingcore.dir\debug\vtkuniforms.obj
d:\cybermed\daddy\dependency\sdk-vtk-9.4.2\build_msvc\rendering\core\renderingcore.dir\debug\vtkciede2000.obj
d:\cybermed\daddy\dependency\sdk-vtk-9.4.2\build_msvc\rendering\core\renderingcore.dir\debug\vtkrenderwidget.obj
d:\cybermed\daddy\dependency\sdk-vtk-9.4.2\build_msvc\rendering\core\renderingcore.dir\debug\vtkabstractrenderdevice.obj
d:\cybermed\daddy\dependency\sdk-vtk-9.4.2\build_msvc\rendering\core\renderingcore.dir\debug\vtkabstractinteractiondevice.obj
d:\cybermed\daddy\dependency\sdk-vtk-9.4.2\build_msvc\rendering\core\renderingcore.dir\debug\vtktextrenderer.obj
d:\cybermed\daddy\dependency\sdk-vtk-9.4.2\build_msvc\rendering\core\renderingcore.dir\debug\vtktextpropertycollection.obj
d:\cybermed\daddy\dependency\sdk-vtk-9.4.2\build_msvc\rendering\core\renderingcore.dir\debug\vtktextproperty.obj
d:\cybermed\daddy\dependency\sdk-vtk-9.4.2\build_msvc\rendering\core\renderingcore.dir\debug\vtktextmapper.obj
d:\cybermed\daddy\dependency\sdk-vtk-9.4.2\build_msvc\rendering\core\renderingcore.dir\debug\vtkstringtoimage.obj
d:\cybermed\daddy\dependency\sdk-vtk-9.4.2\build_msvc\rendering\core\renderingcore.dir\debug\vtktdxinteractorstylesettings.obj
d:\cybermed\daddy\dependency\sdk-vtk-9.4.2\build_msvc\rendering\core\renderingcore.dir\debug\vtktdxinteractorstylecamera.obj
d:\cybermed\daddy\dependency\sdk-vtk-9.4.2\build_msvc\rendering\core\renderingcore.dir\debug\vtktdxinteractorstyle.obj
d:\cybermed\daddy\dependency\sdk-vtk-9.4.2\build_msvc\rendering\core\renderingcore.dir\debug\vtkinteractorstyleswitchbase.obj
d:\cybermed\daddy\dependency\sdk-vtk-9.4.2\build_msvc\rendering\core\renderingcore.dir\debug\vtkinteractorstyle3d.obj
d:\cybermed\daddy\dependency\sdk-vtk-9.4.2\build_msvc\rendering\core\renderingcore.dir\debug\vtkinteractorstyle.obj
d:\cybermed\daddy\dependency\sdk-vtk-9.4.2\build_msvc\rendering\core\renderingcore.dir\debug\vtkscenepicker.obj
d:\cybermed\daddy\dependency\sdk-vtk-9.4.2\build_msvc\rendering\core\renderingcore.dir\debug\vtkrenderedareapicker.obj
d:\cybermed\daddy\dependency\sdk-vtk-9.4.2\build_msvc\rendering\core\renderingcore.dir\debug\vtkpointpicker.obj
d:\cybermed\daddy\dependency\sdk-vtk-9.4.2\build_msvc\rendering\core\renderingcore.dir\debug\vc143.pdb
d:\cybermed\daddy\dependency\sdk-vtk-9.4.2\build_msvc\rendering\core\renderingcore.dir\debug\vtkrenderwindow.obj
d:\cybermed\daddy\dependency\sdk-vtk-9.4.2\build_msvc\rendering\core\renderingcore.dir\debug\vtkhardwareselector.obj
d:\cybermed\daddy\dependency\sdk-vtk-9.4.2\build_msvc\rendering\core\cmakefiles\generate.stamp
d:\cybermed\daddy\dependency\sdk-vtk-9.4.2\build_msvc\lib\debug\vtkrenderingcore-9.4d.lib
d:\cybermed\daddy\dependency\sdk-vtk-9.4.2\build_msvc\bin\debug\vtkrenderingcore-9.4d.dll
d:\cybermed\daddy\dependency\sdk-vtk-9.4.2\build_msvc\bin\debug\vtkrenderingcore-9.4d.pdb
d:\cybermed\daddy\dependency\sdk-vtk-9.4.2\build_msvc\lib\debug\vtkrenderingcore-9.4d.exp
d:\cybermed\daddy\dependency\sdk-vtk-9.4.2\build_msvc\rendering\core\renderingcore.dir\debug\vtkrenderingcore-9.4d.ilk
d:\cybermed\daddy\dependency\sdk-vtk-9.4.2\build_msvc\rendering\core\renderingcore.dir\debug\renderingcore.tlog\cl.command.1.tlog
d:\cybermed\daddy\dependency\sdk-vtk-9.4.2\build_msvc\rendering\core\renderingcore.dir\debug\renderingcore.tlog\cl.items.tlog
d:\cybermed\daddy\dependency\sdk-vtk-9.4.2\build_msvc\rendering\core\renderingcore.dir\debug\renderingcore.tlog\cl.read.1.tlog
d:\cybermed\daddy\dependency\sdk-vtk-9.4.2\build_msvc\rendering\core\renderingcore.dir\debug\renderingcore.tlog\cl.write.1.tlog
d:\cybermed\daddy\dependency\sdk-vtk-9.4.2\build_msvc\rendering\core\renderingcore.dir\debug\renderingcore.tlog\custombuild.command.1.tlog
d:\cybermed\daddy\dependency\sdk-vtk-9.4.2\build_msvc\rendering\core\renderingcore.dir\debug\renderingcore.tlog\custombuild.read.1.tlog
d:\cybermed\daddy\dependency\sdk-vtk-9.4.2\build_msvc\rendering\core\renderingcore.dir\debug\renderingcore.tlog\custombuild.write.1.tlog
d:\cybermed\daddy\dependency\sdk-vtk-9.4.2\build_msvc\rendering\core\renderingcore.dir\debug\renderingcore.tlog\lib-link.read.1.tlog
d:\cybermed\daddy\dependency\sdk-vtk-9.4.2\build_msvc\rendering\core\renderingcore.dir\debug\renderingcore.tlog\lib-link.write.1.tlog
d:\cybermed\daddy\dependency\sdk-vtk-9.4.2\build_msvc\rendering\core\renderingcore.dir\debug\renderingcore.tlog\lib.command.1.tlog
d:\cybermed\daddy\dependency\sdk-vtk-9.4.2\build_msvc\rendering\core\renderingcore.dir\debug\renderingcore.tlog\link.command.1.tlog
d:\cybermed\daddy\dependency\sdk-vtk-9.4.2\build_msvc\rendering\core\renderingcore.dir\debug\renderingcore.tlog\link.read.1.tlog
d:\cybermed\daddy\dependency\sdk-vtk-9.4.2\build_msvc\rendering\core\renderingcore.dir\debug\renderingcore.tlog\link.secondary.1.tlog
d:\cybermed\daddy\dependency\sdk-vtk-9.4.2\build_msvc\rendering\core\renderingcore.dir\debug\renderingcore.tlog\link.write.1.tlog
