d:\cybermed\daddy\dependency\sdk-vtk-9.4.2\build_msvc\lib\debug\vtkioexportgl2ps-9.4d.pdb
d:\cybermed\daddy\dependency\sdk-vtk-9.4.2\build_msvc\io\exportgl2ps\ioexportgl2ps.dir\debug\vtkopenglgl2psexporter.obj
d:\cybermed\daddy\dependency\sdk-vtk-9.4.2\build_msvc\io\exportgl2ps\ioexportgl2ps.dir\debug\vtkgl2psexporter.obj
d:\cybermed\daddy\dependency\sdk-vtk-9.4.2\build_msvc\io\exportgl2ps\ioexportgl2ps.dir\debug\vtkioexportgl2psobjectfactory.obj
d:\cybermed\daddy\dependency\sdk-vtk-9.4.2\build_msvc\io\exportgl2ps\ioexportgl2ps.dir\debug\vc143.pdb
d:\cybermed\daddy\dependency\sdk-vtk-9.4.2\build_msvc\io\exportgl2ps\cmakefiles\generate.stamp
d:\cybermed\daddy\dependency\sdk-vtk-9.4.2\build_msvc\lib\debug\vtkioexportgl2ps-9.4d.lib
d:\cybermed\daddy\dependency\sdk-vtk-9.4.2\build_msvc\bin\debug\vtkioexportgl2ps-9.4d.dll
d:\cybermed\daddy\dependency\sdk-vtk-9.4.2\build_msvc\bin\debug\vtkioexportgl2ps-9.4d.pdb
d:\cybermed\daddy\dependency\sdk-vtk-9.4.2\build_msvc\lib\debug\vtkioexportgl2ps-9.4d.exp
d:\cybermed\daddy\dependency\sdk-vtk-9.4.2\build_msvc\io\exportgl2ps\ioexportgl2ps.dir\debug\vtkioexportgl2ps-9.4d.ilk
d:\cybermed\daddy\dependency\sdk-vtk-9.4.2\build_msvc\io\exportgl2ps\ioexportgl2ps.dir\debug\ioexportgl2ps.tlog\cl.command.1.tlog
d:\cybermed\daddy\dependency\sdk-vtk-9.4.2\build_msvc\io\exportgl2ps\ioexportgl2ps.dir\debug\ioexportgl2ps.tlog\cl.items.tlog
d:\cybermed\daddy\dependency\sdk-vtk-9.4.2\build_msvc\io\exportgl2ps\ioexportgl2ps.dir\debug\ioexportgl2ps.tlog\cl.read.1.tlog
d:\cybermed\daddy\dependency\sdk-vtk-9.4.2\build_msvc\io\exportgl2ps\ioexportgl2ps.dir\debug\ioexportgl2ps.tlog\cl.write.1.tlog
d:\cybermed\daddy\dependency\sdk-vtk-9.4.2\build_msvc\io\exportgl2ps\ioexportgl2ps.dir\debug\ioexportgl2ps.tlog\custombuild.command.1.tlog
d:\cybermed\daddy\dependency\sdk-vtk-9.4.2\build_msvc\io\exportgl2ps\ioexportgl2ps.dir\debug\ioexportgl2ps.tlog\custombuild.read.1.tlog
d:\cybermed\daddy\dependency\sdk-vtk-9.4.2\build_msvc\io\exportgl2ps\ioexportgl2ps.dir\debug\ioexportgl2ps.tlog\custombuild.write.1.tlog
d:\cybermed\daddy\dependency\sdk-vtk-9.4.2\build_msvc\io\exportgl2ps\ioexportgl2ps.dir\debug\ioexportgl2ps.tlog\lib-link.read.1.tlog
d:\cybermed\daddy\dependency\sdk-vtk-9.4.2\build_msvc\io\exportgl2ps\ioexportgl2ps.dir\debug\ioexportgl2ps.tlog\lib-link.write.1.tlog
d:\cybermed\daddy\dependency\sdk-vtk-9.4.2\build_msvc\io\exportgl2ps\ioexportgl2ps.dir\debug\ioexportgl2ps.tlog\lib.command.1.tlog
d:\cybermed\daddy\dependency\sdk-vtk-9.4.2\build_msvc\io\exportgl2ps\ioexportgl2ps.dir\debug\ioexportgl2ps.tlog\link.command.1.tlog
d:\cybermed\daddy\dependency\sdk-vtk-9.4.2\build_msvc\io\exportgl2ps\ioexportgl2ps.dir\debug\ioexportgl2ps.tlog\link.read.1.tlog
d:\cybermed\daddy\dependency\sdk-vtk-9.4.2\build_msvc\io\exportgl2ps\ioexportgl2ps.dir\debug\ioexportgl2ps.tlog\link.secondary.1.tlog
d:\cybermed\daddy\dependency\sdk-vtk-9.4.2\build_msvc\io\exportgl2ps\ioexportgl2ps.dir\debug\ioexportgl2ps.tlog\link.write.1.tlog
