d:\cybermed\daddy\dependency\sdk-vtk-9.4.2\build_msvc\common\computationalgeometry\commoncomputationalgeometry.dir\release\vtkparametricpseudosphere.obj
d:\cybermed\daddy\dependency\sdk-vtk-9.4.2\build_msvc\common\computationalgeometry\commoncomputationalgeometry.dir\release\vtkparametricpluckerconoid.obj
d:\cybermed\daddy\dependency\sdk-vtk-9.4.2\build_msvc\common\computationalgeometry\commoncomputationalgeometry.dir\release\vtkparametricmobius.obj
d:\cybermed\daddy\dependency\sdk-vtk-9.4.2\build_msvc\common\computationalgeometry\commoncomputationalgeometry.dir\release\vtkparametrickuen.obj
d:\cybermed\daddy\dependency\sdk-vtk-9.4.2\build_msvc\common\computationalgeometry\commoncomputationalgeometry.dir\release\vtkparametricklein.obj
d:\cybermed\daddy\dependency\sdk-vtk-9.4.2\build_msvc\common\computationalgeometry\commoncomputationalgeometry.dir\release\vtkparametrichenneberg.obj
d:\cybermed\daddy\dependency\sdk-vtk-9.4.2\build_msvc\common\computationalgeometry\commoncomputationalgeometry.dir\release\vtkparametricfunction.obj
d:\cybermed\daddy\dependency\sdk-vtk-9.4.2\build_msvc\common\computationalgeometry\commoncomputationalgeometry.dir\release\vtkparametricfigure8klein.obj
d:\cybermed\daddy\dependency\sdk-vtk-9.4.2\build_msvc\common\computationalgeometry\commoncomputationalgeometry.dir\release\vtkparametricenneper.obj
d:\cybermed\daddy\dependency\sdk-vtk-9.4.2\build_msvc\common\computationalgeometry\commoncomputationalgeometry.dir\release\vtkparametricellipsoid.obj
d:\cybermed\daddy\dependency\sdk-vtk-9.4.2\build_msvc\common\computationalgeometry\commoncomputationalgeometry.dir\release\vtkparametricdini.obj
d:\cybermed\daddy\dependency\sdk-vtk-9.4.2\build_msvc\common\computationalgeometry\commoncomputationalgeometry.dir\release\vtkparametriccrosscap.obj
d:\cybermed\daddy\dependency\sdk-vtk-9.4.2\build_msvc\common\computationalgeometry\commoncomputationalgeometry.dir\release\vtkparametricconicspiral.obj
d:\cybermed\daddy\dependency\sdk-vtk-9.4.2\build_msvc\common\computationalgeometry\commoncomputationalgeometry.dir\release\vtkparametriccatalanminimal.obj
d:\cybermed\daddy\dependency\sdk-vtk-9.4.2\build_msvc\common\computationalgeometry\commoncomputationalgeometry.dir\release\vtkparametricboy.obj
d:\cybermed\daddy\dependency\sdk-vtk-9.4.2\build_msvc\common\computationalgeometry\commoncomputationalgeometry.dir\release\vtkparametricbour.obj
d:\cybermed\daddy\dependency\sdk-vtk-9.4.2\build_msvc\common\computationalgeometry\commoncomputationalgeometry.dir\release\vtkparametricbohemiandome.obj
d:\cybermed\daddy\dependency\sdk-vtk-9.4.2\build_msvc\common\computationalgeometry\commoncomputationalgeometry.dir\release\vtkkochanekspline.obj
d:\cybermed\daddy\dependency\sdk-vtk-9.4.2\build_msvc\common\computationalgeometry\commoncomputationalgeometry.dir\release\vtkcardinalspline.obj
d:\cybermed\daddy\dependency\sdk-vtk-9.4.2\build_msvc\common\computationalgeometry\commoncomputationalgeometry.dir\release\vtkbilinearquadintersection.obj
d:\cybermed\daddy\dependency\sdk-vtk-9.4.2\build_msvc\common\computationalgeometry\commoncomputationalgeometry.dir\release\vtkparametrictorus.obj
d:\cybermed\daddy\dependency\sdk-vtk-9.4.2\build_msvc\common\computationalgeometry\commoncomputationalgeometry.dir\release\vtkparametricsupertoroid.obj
d:\cybermed\daddy\dependency\sdk-vtk-9.4.2\build_msvc\common\computationalgeometry\commoncomputationalgeometry.dir\release\vtkparametricsuperellipsoid.obj
d:\cybermed\daddy\dependency\sdk-vtk-9.4.2\build_msvc\common\computationalgeometry\commoncomputationalgeometry.dir\release\vtkparametricspline.obj
d:\cybermed\daddy\dependency\sdk-vtk-9.4.2\build_msvc\common\computationalgeometry\commoncomputationalgeometry.dir\release\vtkparametricroman.obj
d:\cybermed\daddy\dependency\sdk-vtk-9.4.2\build_msvc\common\computationalgeometry\commoncomputationalgeometry.dir\release\vtkparametricrandomhills.obj
d:\cybermed\daddy\dependency\sdk-vtk-9.4.2\build_msvc\common\computationalgeometry\cmakefiles\generate.stamp
d:\cybermed\daddy\dependency\sdk-vtk-9.4.2\build_msvc\bin\release\vtkcommoncomputationalgeometry-9.4.dll
d:\cybermed\daddy\dependency\sdk-vtk-9.4.2\build_msvc\lib\release\vtkcommoncomputationalgeometry-9.4.lib
d:\cybermed\daddy\dependency\sdk-vtk-9.4.2\build_msvc\lib\release\vtkcommoncomputationalgeometry-9.4.exp
d:\cybermed\daddy\dependency\sdk-vtk-9.4.2\build_msvc\common\computationalgeometry\commoncomputationalgeometry.dir\release\commonco.65111140.tlog\cl.command.1.tlog
d:\cybermed\daddy\dependency\sdk-vtk-9.4.2\build_msvc\common\computationalgeometry\commoncomputationalgeometry.dir\release\commonco.65111140.tlog\cl.items.tlog
d:\cybermed\daddy\dependency\sdk-vtk-9.4.2\build_msvc\common\computationalgeometry\commoncomputationalgeometry.dir\release\commonco.65111140.tlog\cl.read.1.tlog
d:\cybermed\daddy\dependency\sdk-vtk-9.4.2\build_msvc\common\computationalgeometry\commoncomputationalgeometry.dir\release\commonco.65111140.tlog\cl.write.1.tlog
d:\cybermed\daddy\dependency\sdk-vtk-9.4.2\build_msvc\common\computationalgeometry\commoncomputationalgeometry.dir\release\commonco.65111140.tlog\custombuild.command.1.tlog
d:\cybermed\daddy\dependency\sdk-vtk-9.4.2\build_msvc\common\computationalgeometry\commoncomputationalgeometry.dir\release\commonco.65111140.tlog\custombuild.read.1.tlog
d:\cybermed\daddy\dependency\sdk-vtk-9.4.2\build_msvc\common\computationalgeometry\commoncomputationalgeometry.dir\release\commonco.65111140.tlog\custombuild.write.1.tlog
d:\cybermed\daddy\dependency\sdk-vtk-9.4.2\build_msvc\common\computationalgeometry\commoncomputationalgeometry.dir\release\commonco.65111140.tlog\link.command.1.tlog
d:\cybermed\daddy\dependency\sdk-vtk-9.4.2\build_msvc\common\computationalgeometry\commoncomputationalgeometry.dir\release\commonco.65111140.tlog\link.read.1.tlog
d:\cybermed\daddy\dependency\sdk-vtk-9.4.2\build_msvc\common\computationalgeometry\commoncomputationalgeometry.dir\release\commonco.65111140.tlog\link.secondary.1.tlog
d:\cybermed\daddy\dependency\sdk-vtk-9.4.2\build_msvc\common\computationalgeometry\commoncomputationalgeometry.dir\release\commonco.65111140.tlog\link.write.1.tlog
