d:\cybermed\daddy\dependency\sdk-vtk-9.4.2\build_msvc\lib\debug\vtkfiltersparallelimaging-9.4d.pdb
d:\cybermed\daddy\dependency\sdk-vtk-9.4.2\build_msvc\filters\parallelimaging\filtersparallelimaging.dir\debug\vtktransmitimagedatapiece.obj
d:\cybermed\daddy\dependency\sdk-vtk-9.4.2\build_msvc\filters\parallelimaging\filtersparallelimaging.dir\debug\vtkppairwiseextracthistogram2d.obj
d:\cybermed\daddy\dependency\sdk-vtk-9.4.2\build_msvc\filters\parallelimaging\filtersparallelimaging.dir\debug\vtkpextracthistogram2d.obj
d:\cybermed\daddy\dependency\sdk-vtk-9.4.2\build_msvc\filters\parallelimaging\filtersparallelimaging.dir\debug\vtkpcomputehistogram2doutliers.obj
d:\cybermed\daddy\dependency\sdk-vtk-9.4.2\build_msvc\filters\parallelimaging\filtersparallelimaging.dir\debug\vtkmemorylimitimagedatastreamer.obj
d:\cybermed\daddy\dependency\sdk-vtk-9.4.2\build_msvc\filters\parallelimaging\filtersparallelimaging.dir\debug\vtkextractpiece.obj
d:\cybermed\daddy\dependency\sdk-vtk-9.4.2\build_msvc\filters\parallelimaging\filtersparallelimaging.dir\debug\vc143.pdb
d:\cybermed\daddy\dependency\sdk-vtk-9.4.2\build_msvc\filters\parallelimaging\cmakefiles\generate.stamp
d:\cybermed\daddy\dependency\sdk-vtk-9.4.2\build_msvc\lib\debug\vtkfiltersparallelimaging-9.4d.lib
d:\cybermed\daddy\dependency\sdk-vtk-9.4.2\build_msvc\bin\debug\vtkfiltersparallelimaging-9.4d.dll
d:\cybermed\daddy\dependency\sdk-vtk-9.4.2\build_msvc\bin\debug\vtkfiltersparallelimaging-9.4d.pdb
d:\cybermed\daddy\dependency\sdk-vtk-9.4.2\build_msvc\lib\debug\vtkfiltersparallelimaging-9.4d.exp
d:\cybermed\daddy\dependency\sdk-vtk-9.4.2\build_msvc\filters\parallelimaging\filtersparallelimaging.dir\debug\vtkfiltersparallelimaging-9.4d.ilk
d:\cybermed\daddy\dependency\sdk-vtk-9.4.2\build_msvc\filters\parallelimaging\filtersparallelimaging.dir\debug\filtersp.85db23e6.tlog\cl.command.1.tlog
d:\cybermed\daddy\dependency\sdk-vtk-9.4.2\build_msvc\filters\parallelimaging\filtersparallelimaging.dir\debug\filtersp.85db23e6.tlog\cl.items.tlog
d:\cybermed\daddy\dependency\sdk-vtk-9.4.2\build_msvc\filters\parallelimaging\filtersparallelimaging.dir\debug\filtersp.85db23e6.tlog\cl.read.1.tlog
d:\cybermed\daddy\dependency\sdk-vtk-9.4.2\build_msvc\filters\parallelimaging\filtersparallelimaging.dir\debug\filtersp.85db23e6.tlog\cl.write.1.tlog
d:\cybermed\daddy\dependency\sdk-vtk-9.4.2\build_msvc\filters\parallelimaging\filtersparallelimaging.dir\debug\filtersp.85db23e6.tlog\custombuild.command.1.tlog
d:\cybermed\daddy\dependency\sdk-vtk-9.4.2\build_msvc\filters\parallelimaging\filtersparallelimaging.dir\debug\filtersp.85db23e6.tlog\custombuild.read.1.tlog
d:\cybermed\daddy\dependency\sdk-vtk-9.4.2\build_msvc\filters\parallelimaging\filtersparallelimaging.dir\debug\filtersp.85db23e6.tlog\custombuild.write.1.tlog
d:\cybermed\daddy\dependency\sdk-vtk-9.4.2\build_msvc\filters\parallelimaging\filtersparallelimaging.dir\debug\filtersp.85db23e6.tlog\lib-link.read.1.tlog
d:\cybermed\daddy\dependency\sdk-vtk-9.4.2\build_msvc\filters\parallelimaging\filtersparallelimaging.dir\debug\filtersp.85db23e6.tlog\lib-link.write.1.tlog
d:\cybermed\daddy\dependency\sdk-vtk-9.4.2\build_msvc\filters\parallelimaging\filtersparallelimaging.dir\debug\filtersp.85db23e6.tlog\lib.command.1.tlog
d:\cybermed\daddy\dependency\sdk-vtk-9.4.2\build_msvc\filters\parallelimaging\filtersparallelimaging.dir\debug\filtersp.85db23e6.tlog\link.command.1.tlog
d:\cybermed\daddy\dependency\sdk-vtk-9.4.2\build_msvc\filters\parallelimaging\filtersparallelimaging.dir\debug\filtersp.85db23e6.tlog\link.read.1.tlog
d:\cybermed\daddy\dependency\sdk-vtk-9.4.2\build_msvc\filters\parallelimaging\filtersparallelimaging.dir\debug\filtersp.85db23e6.tlog\link.secondary.1.tlog
d:\cybermed\daddy\dependency\sdk-vtk-9.4.2\build_msvc\filters\parallelimaging\filtersparallelimaging.dir\debug\filtersp.85db23e6.tlog\link.write.1.tlog
