d:\cybermed\daddy\dependency\sdk-vtk-9.4.2\build_msvc\rendering\opengl2\renderingopengl2.dir\release\vtkoutlineglowblurpassfs.obj
d:\cybermed\daddy\dependency\sdk-vtk-9.4.2\build_msvc\rendering\opengl2\renderingopengl2.dir\release\vtkorderindependenttranslucentpassfinalfs.obj
d:\cybermed\daddy\dependency\sdk-vtk-9.4.2\build_msvc\rendering\opengl2\renderingopengl2.dir\release\vtkglyph3dvs.obj
d:\cybermed\daddy\dependency\sdk-vtk-9.4.2\build_msvc\rendering\opengl2\renderingopengl2.dir\release\vtkgaussianblurpassvs.obj
d:\cybermed\daddy\dependency\sdk-vtk-9.4.2\build_msvc\rendering\opengl2\renderingopengl2.dir\release\vtkgaussianblurpassfs.obj
d:\cybermed\daddy\dependency\sdk-vtk-9.4.2\build_msvc\rendering\opengl2\renderingopengl2.dir\release\vtkfluidmappervs.obj
d:\cybermed\daddy\dependency\sdk-vtk-9.4.2\build_msvc\rendering\opengl2\renderingopengl2.dir\release\vtkfluidmappergs.obj
d:\cybermed\daddy\dependency\sdk-vtk-9.4.2\build_msvc\rendering\opengl2\renderingopengl2.dir\release\vtkfluidmapperfinalfs.obj
d:\cybermed\daddy\dependency\sdk-vtk-9.4.2\build_msvc\rendering\opengl2\renderingopengl2.dir\release\vtkfluidmapperfs.obj
d:\cybermed\daddy\dependency\sdk-vtk-9.4.2\build_msvc\rendering\opengl2\renderingopengl2.dir\release\vtkfluidmapperthicknessandvolumecolorfilterfs.obj
d:\cybermed\daddy\dependency\sdk-vtk-9.4.2\build_msvc\rendering\opengl2\renderingopengl2.dir\release\vtkfluidmappersurfacenormalfs.obj
d:\cybermed\daddy\dependency\sdk-vtk-9.4.2\build_msvc\rendering\opengl2\renderingopengl2.dir\release\vtkfluidmapperdepthfilternarrowrangefs.obj
d:\cybermed\daddy\dependency\sdk-vtk-9.4.2\build_msvc\rendering\opengl2\renderingopengl2.dir\release\vtkfluidmapperdepthfilterbigaussfs.obj
d:\cybermed\daddy\dependency\sdk-vtk-9.4.2\build_msvc\rendering\opengl2\renderingopengl2.dir\release\vtkfxaafilterfs.obj
d:\cybermed\daddy\dependency\sdk-vtk-9.4.2\build_msvc\rendering\opengl2\renderingopengl2.dir\release\vtkedlshadefs.obj
d:\cybermed\daddy\dependency\sdk-vtk-9.4.2\build_msvc\rendering\opengl2\renderingopengl2.dir\release\vtkedlcomposefs.obj
d:\cybermed\daddy\dependency\sdk-vtk-9.4.2\build_msvc\rendering\opengl2\renderingopengl2.dir\release\vtkedlbilateralfilterfs.obj
d:\cybermed\daddy\dependency\sdk-vtk-9.4.2\build_msvc\rendering\opengl2\renderingopengl2.dir\release\vtkdepthpeelingpassintermediatefs.obj
d:\cybermed\daddy\dependency\sdk-vtk-9.4.2\build_msvc\rendering\opengl2\renderingopengl2.dir\release\vtkdepthpeelingpassfinalfs.obj
d:\cybermed\daddy\dependency\sdk-vtk-9.4.2\build_msvc\rendering\opengl2\renderingopengl2.dir\release\vtkdepthoffieldpassfs.obj
d:\cybermed\daddy\dependency\sdk-vtk-9.4.2\build_msvc\rendering\opengl2\renderingopengl2.dir\release\vtktextureobjectvs.obj
d:\cybermed\daddy\dependency\sdk-vtk-9.4.2\build_msvc\rendering\opengl2\renderingopengl2.dir\release\vtktextureobjectfs.obj
d:\cybermed\daddy\dependency\sdk-vtk-9.4.2\build_msvc\rendering\opengl2\renderingopengl2.dir\release\vtkstickmappergs.obj
d:\cybermed\daddy\dependency\sdk-vtk-9.4.2\build_msvc\rendering\opengl2\renderingopengl2.dir\release\vtkspheremappergs.obj
d:\cybermed\daddy\dependency\sdk-vtk-9.4.2\build_msvc\rendering\opengl2\renderingopengl2.dir\release\vtksobelgradientmagnitudepass2fs.obj
d:\cybermed\daddy\dependency\sdk-vtk-9.4.2\build_msvc\rendering\opengl2\renderingopengl2.dir\release\vtksobelgradientmagnitudepass1fs.obj
d:\cybermed\daddy\dependency\sdk-vtk-9.4.2\build_msvc\rendering\opengl2\renderingopengl2.dir\release\vtksimplesplatvs.obj
d:\cybermed\daddy\dependency\sdk-vtk-9.4.2\build_msvc\rendering\opengl2\renderingopengl2.dir\release\vtksimplemotionblurpassfs.obj
d:\cybermed\daddy\dependency\sdk-vtk-9.4.2\build_msvc\rendering\opengl2\renderingopengl2.dir\release\vtkssaapassfs.obj
d:\cybermed\daddy\dependency\sdk-vtk-9.4.2\build_msvc\rendering\opengl2\renderingopengl2.dir\release\vtkpolydatawidelinegs.obj
d:\cybermed\daddy\dependency\sdk-vtk-9.4.2\build_msvc\rendering\opengl2\renderingopengl2.dir\release\vtkpolydataedgesgs.obj
d:\cybermed\daddy\dependency\sdk-vtk-9.4.2\build_msvc\rendering\opengl2\renderingopengl2.dir\release\vtkpolydatavs.obj
d:\cybermed\daddy\dependency\sdk-vtk-9.4.2\build_msvc\rendering\opengl2\renderingopengl2.dir\release\vtkpolydatafs.obj
d:\cybermed\daddy\dependency\sdk-vtk-9.4.2\build_msvc\rendering\opengl2\renderingopengl2.dir\release\vtkpolydata2dvs.obj
d:\cybermed\daddy\dependency\sdk-vtk-9.4.2\build_msvc\rendering\opengl2\renderingopengl2.dir\release\vtkpolydata2dfs.obj
d:\cybermed\daddy\dependency\sdk-vtk-9.4.2\build_msvc\rendering\opengl2\renderingopengl2.dir\release\vtkpointgaussiangs.obj
d:\cybermed\daddy\dependency\sdk-vtk-9.4.2\build_msvc\rendering\opengl2\renderingopengl2.dir\release\vtkpointgaussianvs.obj
d:\cybermed\daddy\dependency\sdk-vtk-9.4.2\build_msvc\rendering\opengl2\renderingopengl2.dir\release\vtkpointfillpassfs.obj
d:\cybermed\daddy\dependency\sdk-vtk-9.4.2\build_msvc\rendering\opengl2\renderingopengl2.dir\release\vtkpbrfunctions.obj
d:\cybermed\daddy\dependency\sdk-vtk-9.4.2\build_msvc\rendering\opengl2\renderingopengl2.dir\release\vtkoutlineglowupscalepassfs.obj
d:\cybermed\daddy\dependency\sdk-vtk-9.4.2\build_msvc\rendering\opengl2\renderingopengl2.dir\release\vtkglslmodcamera.obj
d:\cybermed\daddy\dependency\sdk-vtk-9.4.2\build_msvc\rendering\opengl2\renderingopengl2.dir\release\vtkgenericopenglrenderwindow.obj
d:\cybermed\daddy\dependency\sdk-vtk-9.4.2\build_msvc\rendering\opengl2\renderingopengl2.dir\release\vtkgaussianblurpass.obj
d:\cybermed\daddy\dependency\sdk-vtk-9.4.2\build_msvc\rendering\opengl2\renderingopengl2.dir\release\vtkframebufferpass.obj
d:\cybermed\daddy\dependency\sdk-vtk-9.4.2\build_msvc\rendering\opengl2\renderingopengl2.dir\release\vtkequirectangulartocubemaptexture.obj
d:\cybermed\daddy\dependency\sdk-vtk-9.4.2\build_msvc\rendering\opengl2\renderingopengl2.dir\release\vtkedlshading.obj
d:\cybermed\daddy\dependency\sdk-vtk-9.4.2\build_msvc\rendering\opengl2\renderingopengl2.dir\release\vtkdualdepthpeelingpass.obj
d:\cybermed\daddy\dependency\sdk-vtk-9.4.2\build_msvc\rendering\opengl2\renderingopengl2.dir\release\vtkdrawtexturedelements.obj
d:\cybermed\daddy\dependency\sdk-vtk-9.4.2\build_msvc\rendering\opengl2\renderingopengl2.dir\release\vtkdepthpeelingpass.obj
d:\cybermed\daddy\dependency\sdk-vtk-9.4.2\build_msvc\rendering\opengl2\renderingopengl2.dir\release\vtkdepthoffieldpass.obj
d:\cybermed\daddy\dependency\sdk-vtk-9.4.2\build_msvc\rendering\opengl2\renderingopengl2.dir\release\vtkdepthimageprocessingpass.obj
d:\cybermed\daddy\dependency\sdk-vtk-9.4.2\build_msvc\rendering\opengl2\renderingopengl2.dir\release\vtkdefaultpass.obj
d:\cybermed\daddy\dependency\sdk-vtk-9.4.2\build_msvc\rendering\opengl2\renderingopengl2.dir\release\vtkdatatransferhelper.obj
d:\cybermed\daddy\dependency\sdk-vtk-9.4.2\build_msvc\rendering\opengl2\renderingopengl2.dir\release\vtkcompositepolydatamapper2.obj
d:\cybermed\daddy\dependency\sdk-vtk-9.4.2\build_msvc\rendering\opengl2\renderingopengl2.dir\release\vtkclearzpass.obj
d:\cybermed\daddy\dependency\sdk-vtk-9.4.2\build_msvc\rendering\opengl2\renderingopengl2.dir\release\vtkclearrgbpass.obj
d:\cybermed\daddy\dependency\sdk-vtk-9.4.2\build_msvc\rendering\opengl2\renderingopengl2.dir\release\vtkcamerapass.obj
d:\cybermed\daddy\dependency\sdk-vtk-9.4.2\build_msvc\rendering\opengl2\renderingopengl2.dir\release\vtkarrayrenderer.obj
d:\cybermed\daddy\dependency\sdk-vtk-9.4.2\build_msvc\rendering\opengl2\renderingopengl2.dir\release\vtkrenderingopengl2objectfactory.obj
d:\cybermed\daddy\dependency\sdk-vtk-9.4.2\build_msvc\rendering\opengl2\renderingopengl2.dir\release\bluenoisetexture64x64.obj
d:\cybermed\daddy\dependency\sdk-vtk-9.4.2\build_msvc\rendering\opengl2\renderingopengl2.dir\release\vtkopenglfxaafilter.obj
d:\cybermed\daddy\dependency\sdk-vtk-9.4.2\build_msvc\rendering\opengl2\renderingopengl2.dir\release\vtkopengles30polydatamapper2d.obj
d:\cybermed\daddy\dependency\sdk-vtk-9.4.2\build_msvc\rendering\opengl2\renderingopengl2.dir\release\vtkopenglcompositepolydatamapperdelegator.obj
d:\cybermed\daddy\dependency\sdk-vtk-9.4.2\build_msvc\rendering\opengl2\renderingopengl2.dir\release\vtkopenglcelltovtkcellmap.obj
d:\cybermed\daddy\dependency\sdk-vtk-9.4.2\build_msvc\rendering\opengl2\renderingopengl2.dir\release\vtkopenglcamera.obj
d:\cybermed\daddy\dependency\sdk-vtk-9.4.2\build_msvc\rendering\opengl2\renderingopengl2.dir\release\vtkopenglbufferobject.obj
d:\cybermed\daddy\dependency\sdk-vtk-9.4.2\build_msvc\rendering\opengl2\renderingopengl2.dir\release\vtkopenglbillboardtextactor3d.obj
d:\cybermed\daddy\dependency\sdk-vtk-9.4.2\build_msvc\rendering\opengl2\renderingopengl2.dir\release\vtkopenglbatchedpolydatamapper.obj
d:\cybermed\daddy\dependency\sdk-vtk-9.4.2\build_msvc\rendering\opengl2\renderingopengl2.dir\release\vtkopenglarraytexturebufferadapter.obj
d:\cybermed\daddy\dependency\sdk-vtk-9.4.2\build_msvc\rendering\opengl2\renderingopengl2.dir\release\vtkopenglactor.obj
d:\cybermed\daddy\dependency\sdk-vtk-9.4.2\build_msvc\rendering\opengl2\renderingopengl2.dir\release\vtkopaquepass.obj
d:\cybermed\daddy\dependency\sdk-vtk-9.4.2\build_msvc\rendering\opengl2\renderingopengl2.dir\release\vtklightspass.obj
d:\cybermed\daddy\dependency\sdk-vtk-9.4.2\build_msvc\rendering\opengl2\renderingopengl2.dir\release\vtklightingmappass.obj
d:\cybermed\daddy\dependency\sdk-vtk-9.4.2\build_msvc\rendering\opengl2\renderingopengl2.dir\release\vtkimageprocessingpass.obj
d:\cybermed\daddy\dependency\sdk-vtk-9.4.2\build_msvc\rendering\opengl2\renderingopengl2.dir\release\vtkhiddenlineremovalpass.obj
d:\cybermed\daddy\dependency\sdk-vtk-9.4.2\build_msvc\rendering\opengl2\renderingopengl2.dir\release\vtkglslmodifierfactory.obj
d:\cybermed\daddy\dependency\sdk-vtk-9.4.2\build_msvc\rendering\opengl2\renderingopengl2.dir\release\vtkglslmodifierbase.obj
d:\cybermed\daddy\dependency\sdk-vtk-9.4.2\build_msvc\rendering\opengl2\renderingopengl2.dir\release\vtkglslmodpixeldebugger.obj
d:\cybermed\daddy\dependency\sdk-vtk-9.4.2\build_msvc\rendering\opengl2\renderingopengl2.dir\release\vtkglslmodlight.obj
d:\cybermed\daddy\dependency\sdk-vtk-9.4.2\build_msvc\rendering\opengl2\renderingopengl2.dir\release\vtkglslmodcoincidenttopology.obj
d:\cybermed\daddy\dependency\sdk-vtk-9.4.2\build_msvc\rendering\opengl2\renderingopengl2.dir\release\vtkopenglpolydatamapper.obj
d:\cybermed\daddy\dependency\sdk-vtk-9.4.2\build_msvc\rendering\opengl2\renderingopengl2.dir\release\vtkopenglpointgaussianmapper.obj
d:\cybermed\daddy\dependency\sdk-vtk-9.4.2\build_msvc\rendering\opengl2\renderingopengl2.dir\release\vtkopengllowmemorypolydatamapper.obj
d:\cybermed\daddy\dependency\sdk-vtk-9.4.2\build_msvc\rendering\opengl2\renderingopengl2.dir\release\vtkopengllowmemorybatchedpolydatamapper.obj
d:\cybermed\daddy\dependency\sdk-vtk-9.4.2\build_msvc\rendering\opengl2\renderingopengl2.dir\release\vtkopengllight.obj
d:\cybermed\daddy\dependency\sdk-vtk-9.4.2\build_msvc\rendering\opengl2\renderingopengl2.dir\release\vtkopengllabeledcontourmapper.obj
d:\cybermed\daddy\dependency\sdk-vtk-9.4.2\build_msvc\rendering\opengl2\renderingopengl2.dir\release\vtkopenglinstanceculling.obj
d:\cybermed\daddy\dependency\sdk-vtk-9.4.2\build_msvc\rendering\opengl2\renderingopengl2.dir\release\vtkopenglindexbufferobject.obj
d:\cybermed\daddy\dependency\sdk-vtk-9.4.2\build_msvc\rendering\opengl2\renderingopengl2.dir\release\vtkopenglimageslicemapper.obj
d:\cybermed\daddy\dependency\sdk-vtk-9.4.2\build_msvc\rendering\opengl2\renderingopengl2.dir\release\vtkopenglimagemapper.obj
d:\cybermed\daddy\dependency\sdk-vtk-9.4.2\build_msvc\rendering\opengl2\renderingopengl2.dir\release\vtkopenglimagealgorithmhelper.obj
d:\cybermed\daddy\dependency\sdk-vtk-9.4.2\build_msvc\rendering\opengl2\renderingopengl2.dir\release\vtkopenglhypertreegridmapper.obj
d:\cybermed\daddy\dependency\sdk-vtk-9.4.2\build_msvc\rendering\opengl2\renderingopengl2.dir\release\vtkopenglhelper.obj
d:\cybermed\daddy\dependency\sdk-vtk-9.4.2\build_msvc\rendering\opengl2\renderingopengl2.dir\release\vtkopenglhardwareselector.obj
d:\cybermed\daddy\dependency\sdk-vtk-9.4.2\build_msvc\rendering\opengl2\renderingopengl2.dir\release\vtkopenglglyph3dmapper.obj
d:\cybermed\daddy\dependency\sdk-vtk-9.4.2\build_msvc\rendering\opengl2\renderingopengl2.dir\release\vtkopenglglyph3dhelper.obj
d:\cybermed\daddy\dependency\sdk-vtk-9.4.2\build_msvc\rendering\opengl2\renderingopengl2.dir\release\vtkopenglgl2pshelper.obj
d:\cybermed\daddy\dependency\sdk-vtk-9.4.2\build_msvc\rendering\opengl2\renderingopengl2.dir\release\vtkopenglframebufferobject.obj
d:\cybermed\daddy\dependency\sdk-vtk-9.4.2\build_msvc\rendering\opengl2\renderingopengl2.dir\release\vtkopenglfluidmapper.obj
d:\cybermed\daddy\dependency\sdk-vtk-9.4.2\build_msvc\rendering\opengl2\renderingopengl2.dir\release\vtkopenglfxaapass.obj
d:\cybermed\daddy\dependency\sdk-vtk-9.4.2\build_msvc\rendering\opengl2\renderingopengl2.dir\release\vtkopengluniforms.obj
d:\cybermed\daddy\dependency\sdk-vtk-9.4.2\build_msvc\rendering\opengl2\renderingopengl2.dir\release\vtkopengltexture.obj
d:\cybermed\daddy\dependency\sdk-vtk-9.4.2\build_msvc\rendering\opengl2\renderingopengl2.dir\release\vtkopengltextmapper.obj
d:\cybermed\daddy\dependency\sdk-vtk-9.4.2\build_msvc\rendering\opengl2\renderingopengl2.dir\release\vtkopengltextactor3d.obj
d:\cybermed\daddy\dependency\sdk-vtk-9.4.2\build_msvc\rendering\opengl2\renderingopengl2.dir\release\vtkopengltextactor.obj
d:\cybermed\daddy\dependency\sdk-vtk-9.4.2\build_msvc\rendering\opengl2\renderingopengl2.dir\release\vtkopenglstickmapper.obj
d:\cybermed\daddy\dependency\sdk-vtk-9.4.2\build_msvc\rendering\opengl2\renderingopengl2.dir\release\vtkopenglstate.obj
d:\cybermed\daddy\dependency\sdk-vtk-9.4.2\build_msvc\rendering\opengl2\renderingopengl2.dir\release\vtkopenglspheremapper.obj
d:\cybermed\daddy\dependency\sdk-vtk-9.4.2\build_msvc\rendering\opengl2\renderingopengl2.dir\release\vtkopenglskybox.obj
d:\cybermed\daddy\dependency\sdk-vtk-9.4.2\build_msvc\rendering\opengl2\renderingopengl2.dir\release\vtkopenglshaderproperty.obj
d:\cybermed\daddy\dependency\sdk-vtk-9.4.2\build_msvc\rendering\opengl2\renderingopengl2.dir\release\vtkopenglshadercache.obj
d:\cybermed\daddy\dependency\sdk-vtk-9.4.2\build_msvc\rendering\opengl2\renderingopengl2.dir\release\vtkopenglrenderer.obj
d:\cybermed\daddy\dependency\sdk-vtk-9.4.2\build_msvc\rendering\opengl2\renderingopengl2.dir\release\vtkopenglrenderwindow.obj
d:\cybermed\daddy\dependency\sdk-vtk-9.4.2\build_msvc\rendering\opengl2\renderingopengl2.dir\release\vtkopenglrenderutilities.obj
d:\cybermed\daddy\dependency\sdk-vtk-9.4.2\build_msvc\rendering\opengl2\renderingopengl2.dir\release\vtkopenglrendertimerlog.obj
d:\cybermed\daddy\dependency\sdk-vtk-9.4.2\build_msvc\rendering\opengl2\renderingopengl2.dir\release\vtkopenglrendertimer.obj
d:\cybermed\daddy\dependency\sdk-vtk-9.4.2\build_msvc\rendering\opengl2\renderingopengl2.dir\release\vtkopenglrenderpass.obj
d:\cybermed\daddy\dependency\sdk-vtk-9.4.2\build_msvc\rendering\opengl2\renderingopengl2.dir\release\vtkopenglquadhelper.obj
d:\cybermed\daddy\dependency\sdk-vtk-9.4.2\build_msvc\rendering\opengl2\renderingopengl2.dir\release\vtkopenglproperty.obj
d:\cybermed\daddy\dependency\sdk-vtk-9.4.2\build_msvc\rendering\opengl2\renderingopengl2.dir\release\vtkopenglpolydatamapper2d.obj
d:\cybermed\daddy\dependency\sdk-vtk-9.4.2\build_msvc\rendering\opengl2\renderingopengl2.dir\release\vtksequencepass.obj
d:\cybermed\daddy\dependency\sdk-vtk-9.4.2\build_msvc\rendering\opengl2\renderingopengl2.dir\release\vtkssaopass.obj
d:\cybermed\daddy\dependency\sdk-vtk-9.4.2\build_msvc\rendering\opengl2\renderingopengl2.dir\release\vtkssaapass.obj
d:\cybermed\daddy\dependency\sdk-vtk-9.4.2\build_msvc\rendering\opengl2\renderingopengl2.dir\release\vtkrenderbuffer.obj
d:\cybermed\daddy\dependency\sdk-vtk-9.4.2\build_msvc\rendering\opengl2\renderingopengl2.dir\release\vtkrenderstepspass.obj
d:\cybermed\daddy\dependency\sdk-vtk-9.4.2\build_msvc\rendering\opengl2\renderingopengl2.dir\release\vtkrenderpasscollection.obj
d:\cybermed\daddy\dependency\sdk-vtk-9.4.2\build_msvc\rendering\opengl2\renderingopengl2.dir\release\vtkpointfillpass.obj
d:\cybermed\daddy\dependency\sdk-vtk-9.4.2\build_msvc\rendering\opengl2\renderingopengl2.dir\release\vtkpixelbufferobject.obj
d:\cybermed\daddy\dependency\sdk-vtk-9.4.2\build_msvc\rendering\opengl2\renderingopengl2.dir\release\vtkpanoramicprojectionpass.obj
d:\cybermed\daddy\dependency\sdk-vtk-9.4.2\build_msvc\rendering\opengl2\renderingopengl2.dir\release\vtkpbrprefiltertexture.obj
d:\cybermed\daddy\dependency\sdk-vtk-9.4.2\build_msvc\rendering\opengl2\renderingopengl2.dir\release\vtkpbrluttexture.obj
d:\cybermed\daddy\dependency\sdk-vtk-9.4.2\build_msvc\rendering\opengl2\renderingopengl2.dir\release\vtkpbrirradiancetexture.obj
d:\cybermed\daddy\dependency\sdk-vtk-9.4.2\build_msvc\rendering\opengl2\renderingopengl2.dir\release\vtkoverlaypass.obj
d:\cybermed\daddy\dependency\sdk-vtk-9.4.2\build_msvc\rendering\opengl2\renderingopengl2.dir\release\vtkoutlineglowpass.obj
d:\cybermed\daddy\dependency\sdk-vtk-9.4.2\build_msvc\rendering\opengl2\renderingopengl2.dir\release\vtkosopenglrenderwindow.obj
d:\cybermed\daddy\dependency\sdk-vtk-9.4.2\build_msvc\rendering\opengl2\renderingopengl2.dir\release\vtkorderindependenttranslucentpass.obj
d:\cybermed\daddy\dependency\sdk-vtk-9.4.2\build_msvc\rendering\opengl2\renderingopengl2.dir\release\vtkopenglvertexbufferobjectgroup.obj
d:\cybermed\daddy\dependency\sdk-vtk-9.4.2\build_msvc\rendering\opengl2\renderingopengl2.dir\release\vtkopenglvertexbufferobjectcache.obj
d:\cybermed\daddy\dependency\sdk-vtk-9.4.2\build_msvc\rendering\opengl2\renderingopengl2.dir\release\vtkopenglvertexbufferobject.obj
d:\cybermed\daddy\dependency\sdk-vtk-9.4.2\build_msvc\rendering\opengl2\renderingopengl2.dir\release\vtkopenglvertexarrayobject.obj
d:\cybermed\daddy\dependency\sdk-vtk-9.4.2\build_msvc\rendering\opengl2\renderingopengl2.dir\release\vtkopengllowmemorystripsagent.obj
d:\cybermed\daddy\dependency\sdk-vtk-9.4.2\build_msvc\rendering\opengl2\renderingopengl2.dir\release\vtkopengllowmemorypolygonsagent.obj
d:\cybermed\daddy\dependency\sdk-vtk-9.4.2\build_msvc\rendering\opengl2\renderingopengl2.dir\release\vtkopengllowmemorylinesagent.obj
d:\cybermed\daddy\dependency\sdk-vtk-9.4.2\build_msvc\rendering\opengl2\renderingopengl2.dir\release\vtkopengllowmemorycelltypeagent.obj
d:\cybermed\daddy\dependency\sdk-vtk-9.4.2\build_msvc\rendering\opengl2\renderingopengl2.dir\release\vtkwin32opengldxrenderwindow.obj
d:\cybermed\daddy\dependency\sdk-vtk-9.4.2\build_msvc\rendering\opengl2\renderingopengl2.dir\release\vtkwin32openglrenderwindow.obj
d:\cybermed\daddy\dependency\sdk-vtk-9.4.2\build_msvc\rendering\opengl2\renderingopengl2.dir\release\vtkdummygpuinfolist.obj
d:\cybermed\daddy\dependency\sdk-vtk-9.4.2\build_msvc\rendering\opengl2\renderingopengl2.dir\release\vtkvolumetricpass.obj
d:\cybermed\daddy\dependency\sdk-vtk-9.4.2\build_msvc\rendering\opengl2\renderingopengl2.dir\release\vtkvaluepass.obj
d:\cybermed\daddy\dependency\sdk-vtk-9.4.2\build_msvc\rendering\opengl2\renderingopengl2.dir\release\vtktranslucentpass.obj
d:\cybermed\daddy\dependency\sdk-vtk-9.4.2\build_msvc\rendering\opengl2\renderingopengl2.dir\release\vtktransformfeedback.obj
d:\cybermed\daddy\dependency\sdk-vtk-9.4.2\build_msvc\rendering\opengl2\renderingopengl2.dir\release\vtktonemappingpass.obj
d:\cybermed\daddy\dependency\sdk-vtk-9.4.2\build_msvc\rendering\opengl2\renderingopengl2.dir\release\vtktextureunitmanager.obj
d:\cybermed\daddy\dependency\sdk-vtk-9.4.2\build_msvc\rendering\opengl2\renderingopengl2.dir\release\vtktextureobject.obj
d:\cybermed\daddy\dependency\sdk-vtk-9.4.2\build_msvc\rendering\opengl2\renderingopengl2.dir\release\vtksobelgradientmagnitudepass.obj
d:\cybermed\daddy\dependency\sdk-vtk-9.4.2\build_msvc\rendering\opengl2\renderingopengl2.dir\release\vtksimplemotionblurpass.obj
d:\cybermed\daddy\dependency\sdk-vtk-9.4.2\build_msvc\rendering\opengl2\renderingopengl2.dir\release\vtkshadowmappass.obj
d:\cybermed\daddy\dependency\sdk-vtk-9.4.2\build_msvc\rendering\opengl2\renderingopengl2.dir\release\vtkshadowmapbakerpass.obj
d:\cybermed\daddy\dependency\sdk-vtk-9.4.2\build_msvc\rendering\opengl2\renderingopengl2.dir\release\vtkshaderprogram.obj
d:\cybermed\daddy\dependency\sdk-vtk-9.4.2\build_msvc\rendering\opengl2\renderingopengl2.dir\release\vtkshader.obj
d:\cybermed\daddy\dependency\sdk-vtk-9.4.2\build_msvc\rendering\opengl2\renderingopengl2.dir\release\vtkopengllowmemoryverticesagent.obj
d:\cybermed\daddy\dependency\sdk-vtk-9.4.2\build_msvc\rendering\opengl2\vtkdepthoffieldpassfs.h
d:\cybermed\daddy\dependency\sdk-vtk-9.4.2\build_msvc\rendering\opengl2\vtkdepthoffieldpassfs.cxx
d:\cybermed\daddy\dependency\sdk-vtk-9.4.2\build_msvc\rendering\opengl2\vtkdepthpeelingpassfinalfs.h
d:\cybermed\daddy\dependency\sdk-vtk-9.4.2\build_msvc\rendering\opengl2\vtkdepthpeelingpassfinalfs.cxx
d:\cybermed\daddy\dependency\sdk-vtk-9.4.2\build_msvc\rendering\opengl2\vtkdepthpeelingpassintermediatefs.h
d:\cybermed\daddy\dependency\sdk-vtk-9.4.2\build_msvc\rendering\opengl2\vtkdepthpeelingpassintermediatefs.cxx
d:\cybermed\daddy\dependency\sdk-vtk-9.4.2\build_msvc\rendering\opengl2\vtkedlbilateralfilterfs.h
d:\cybermed\daddy\dependency\sdk-vtk-9.4.2\build_msvc\rendering\opengl2\vtkedlbilateralfilterfs.cxx
d:\cybermed\daddy\dependency\sdk-vtk-9.4.2\build_msvc\rendering\opengl2\vtkedlcomposefs.h
d:\cybermed\daddy\dependency\sdk-vtk-9.4.2\build_msvc\rendering\opengl2\vtkedlcomposefs.cxx
d:\cybermed\daddy\dependency\sdk-vtk-9.4.2\build_msvc\rendering\opengl2\vtkedlshadefs.h
d:\cybermed\daddy\dependency\sdk-vtk-9.4.2\build_msvc\rendering\opengl2\vtkedlshadefs.cxx
d:\cybermed\daddy\dependency\sdk-vtk-9.4.2\build_msvc\rendering\opengl2\vtkfxaafilterfs.h
d:\cybermed\daddy\dependency\sdk-vtk-9.4.2\build_msvc\rendering\opengl2\vtkfxaafilterfs.cxx
d:\cybermed\daddy\dependency\sdk-vtk-9.4.2\build_msvc\rendering\opengl2\vtkfluidmapperdepthfilterbigaussfs.h
d:\cybermed\daddy\dependency\sdk-vtk-9.4.2\build_msvc\rendering\opengl2\vtkfluidmapperdepthfilterbigaussfs.cxx
d:\cybermed\daddy\dependency\sdk-vtk-9.4.2\build_msvc\rendering\opengl2\vtkfluidmapperdepthfilternarrowrangefs.h
d:\cybermed\daddy\dependency\sdk-vtk-9.4.2\build_msvc\rendering\opengl2\vtkfluidmapperdepthfilternarrowrangefs.cxx
d:\cybermed\daddy\dependency\sdk-vtk-9.4.2\build_msvc\rendering\opengl2\vtkfluidmappersurfacenormalfs.h
d:\cybermed\daddy\dependency\sdk-vtk-9.4.2\build_msvc\rendering\opengl2\vtkfluidmappersurfacenormalfs.cxx
d:\cybermed\daddy\dependency\sdk-vtk-9.4.2\build_msvc\rendering\opengl2\vtkfluidmapperthicknessandvolumecolorfilterfs.h
d:\cybermed\daddy\dependency\sdk-vtk-9.4.2\build_msvc\rendering\opengl2\vtkfluidmapperthicknessandvolumecolorfilterfs.cxx
d:\cybermed\daddy\dependency\sdk-vtk-9.4.2\build_msvc\rendering\opengl2\vtkfluidmapperfs.h
d:\cybermed\daddy\dependency\sdk-vtk-9.4.2\build_msvc\rendering\opengl2\vtkfluidmapperfs.cxx
d:\cybermed\daddy\dependency\sdk-vtk-9.4.2\build_msvc\rendering\opengl2\vtkfluidmapperfinalfs.h
d:\cybermed\daddy\dependency\sdk-vtk-9.4.2\build_msvc\rendering\opengl2\vtkfluidmapperfinalfs.cxx
d:\cybermed\daddy\dependency\sdk-vtk-9.4.2\build_msvc\rendering\opengl2\vtkfluidmappergs.h
d:\cybermed\daddy\dependency\sdk-vtk-9.4.2\build_msvc\rendering\opengl2\vtkfluidmappergs.cxx
d:\cybermed\daddy\dependency\sdk-vtk-9.4.2\build_msvc\rendering\opengl2\vtkfluidmappervs.h
d:\cybermed\daddy\dependency\sdk-vtk-9.4.2\build_msvc\rendering\opengl2\vtkfluidmappervs.cxx
d:\cybermed\daddy\dependency\sdk-vtk-9.4.2\build_msvc\rendering\opengl2\vtkgaussianblurpassfs.h
d:\cybermed\daddy\dependency\sdk-vtk-9.4.2\build_msvc\rendering\opengl2\vtkgaussianblurpassfs.cxx
d:\cybermed\daddy\dependency\sdk-vtk-9.4.2\build_msvc\rendering\opengl2\vtkgaussianblurpassvs.h
d:\cybermed\daddy\dependency\sdk-vtk-9.4.2\build_msvc\rendering\opengl2\vtkgaussianblurpassvs.cxx
d:\cybermed\daddy\dependency\sdk-vtk-9.4.2\build_msvc\rendering\opengl2\vtkglyph3dvs.h
d:\cybermed\daddy\dependency\sdk-vtk-9.4.2\build_msvc\rendering\opengl2\vtkglyph3dvs.cxx
d:\cybermed\daddy\dependency\sdk-vtk-9.4.2\build_msvc\rendering\opengl2\vtkorderindependenttranslucentpassfinalfs.h
d:\cybermed\daddy\dependency\sdk-vtk-9.4.2\build_msvc\rendering\opengl2\vtkorderindependenttranslucentpassfinalfs.cxx
d:\cybermed\daddy\dependency\sdk-vtk-9.4.2\build_msvc\rendering\opengl2\vtkoutlineglowblurpassfs.h
d:\cybermed\daddy\dependency\sdk-vtk-9.4.2\build_msvc\rendering\opengl2\vtkoutlineglowblurpassfs.cxx
d:\cybermed\daddy\dependency\sdk-vtk-9.4.2\build_msvc\rendering\opengl2\vtkoutlineglowupscalepassfs.h
d:\cybermed\daddy\dependency\sdk-vtk-9.4.2\build_msvc\rendering\opengl2\vtkoutlineglowupscalepassfs.cxx
d:\cybermed\daddy\dependency\sdk-vtk-9.4.2\build_msvc\rendering\opengl2\vtkpbrfunctions.h
d:\cybermed\daddy\dependency\sdk-vtk-9.4.2\build_msvc\rendering\opengl2\vtkpbrfunctions.cxx
d:\cybermed\daddy\dependency\sdk-vtk-9.4.2\build_msvc\rendering\opengl2\vtkpointfillpassfs.h
d:\cybermed\daddy\dependency\sdk-vtk-9.4.2\build_msvc\rendering\opengl2\vtkpointfillpassfs.cxx
d:\cybermed\daddy\dependency\sdk-vtk-9.4.2\build_msvc\rendering\opengl2\vtkpointgaussianvs.h
d:\cybermed\daddy\dependency\sdk-vtk-9.4.2\build_msvc\rendering\opengl2\vtkpointgaussianvs.cxx
d:\cybermed\daddy\dependency\sdk-vtk-9.4.2\build_msvc\rendering\opengl2\vtkpointgaussiangs.h
d:\cybermed\daddy\dependency\sdk-vtk-9.4.2\build_msvc\rendering\opengl2\vtkpointgaussiangs.cxx
d:\cybermed\daddy\dependency\sdk-vtk-9.4.2\build_msvc\rendering\opengl2\vtkpolydata2dfs.h
d:\cybermed\daddy\dependency\sdk-vtk-9.4.2\build_msvc\rendering\opengl2\vtkpolydata2dfs.cxx
d:\cybermed\daddy\dependency\sdk-vtk-9.4.2\build_msvc\rendering\opengl2\vtkpolydata2dvs.h
d:\cybermed\daddy\dependency\sdk-vtk-9.4.2\build_msvc\rendering\opengl2\vtkpolydata2dvs.cxx
d:\cybermed\daddy\dependency\sdk-vtk-9.4.2\build_msvc\rendering\opengl2\vtkpolydatafs.h
d:\cybermed\daddy\dependency\sdk-vtk-9.4.2\build_msvc\rendering\opengl2\vtkpolydatafs.cxx
d:\cybermed\daddy\dependency\sdk-vtk-9.4.2\build_msvc\rendering\opengl2\vtkpolydatavs.h
d:\cybermed\daddy\dependency\sdk-vtk-9.4.2\build_msvc\rendering\opengl2\vtkpolydatavs.cxx
d:\cybermed\daddy\dependency\sdk-vtk-9.4.2\build_msvc\rendering\opengl2\vtkpolydataedgesgs.h
d:\cybermed\daddy\dependency\sdk-vtk-9.4.2\build_msvc\rendering\opengl2\vtkpolydataedgesgs.cxx
d:\cybermed\daddy\dependency\sdk-vtk-9.4.2\build_msvc\rendering\opengl2\vtkpolydatawidelinegs.h
d:\cybermed\daddy\dependency\sdk-vtk-9.4.2\build_msvc\rendering\opengl2\vtkpolydatawidelinegs.cxx
d:\cybermed\daddy\dependency\sdk-vtk-9.4.2\build_msvc\rendering\opengl2\vtkssaapassfs.h
d:\cybermed\daddy\dependency\sdk-vtk-9.4.2\build_msvc\rendering\opengl2\vtkssaapassfs.cxx
d:\cybermed\daddy\dependency\sdk-vtk-9.4.2\build_msvc\rendering\opengl2\vtksimplemotionblurpassfs.h
d:\cybermed\daddy\dependency\sdk-vtk-9.4.2\build_msvc\rendering\opengl2\vtksimplemotionblurpassfs.cxx
d:\cybermed\daddy\dependency\sdk-vtk-9.4.2\build_msvc\rendering\opengl2\vtksimplesplatvs.h
d:\cybermed\daddy\dependency\sdk-vtk-9.4.2\build_msvc\rendering\opengl2\vtksimplesplatvs.cxx
d:\cybermed\daddy\dependency\sdk-vtk-9.4.2\build_msvc\rendering\opengl2\vtksobelgradientmagnitudepass1fs.h
d:\cybermed\daddy\dependency\sdk-vtk-9.4.2\build_msvc\rendering\opengl2\vtksobelgradientmagnitudepass1fs.cxx
d:\cybermed\daddy\dependency\sdk-vtk-9.4.2\build_msvc\rendering\opengl2\vtksobelgradientmagnitudepass2fs.h
d:\cybermed\daddy\dependency\sdk-vtk-9.4.2\build_msvc\rendering\opengl2\vtksobelgradientmagnitudepass2fs.cxx
d:\cybermed\daddy\dependency\sdk-vtk-9.4.2\build_msvc\rendering\opengl2\vtkspheremappergs.h
d:\cybermed\daddy\dependency\sdk-vtk-9.4.2\build_msvc\rendering\opengl2\vtkspheremappergs.cxx
d:\cybermed\daddy\dependency\sdk-vtk-9.4.2\build_msvc\rendering\opengl2\vtkstickmappergs.h
d:\cybermed\daddy\dependency\sdk-vtk-9.4.2\build_msvc\rendering\opengl2\vtkstickmappergs.cxx
d:\cybermed\daddy\dependency\sdk-vtk-9.4.2\build_msvc\rendering\opengl2\vtktextureobjectfs.h
d:\cybermed\daddy\dependency\sdk-vtk-9.4.2\build_msvc\rendering\opengl2\vtktextureobjectfs.cxx
d:\cybermed\daddy\dependency\sdk-vtk-9.4.2\build_msvc\rendering\opengl2\vtktextureobjectvs.h
d:\cybermed\daddy\dependency\sdk-vtk-9.4.2\build_msvc\rendering\opengl2\vtktextureobjectvs.cxx
d:\cybermed\daddy\dependency\sdk-vtk-9.4.2\build_msvc\rendering\opengl2\bluenoisetexture64x64.h
d:\cybermed\daddy\dependency\sdk-vtk-9.4.2\build_msvc\rendering\opengl2\bluenoisetexture64x64.cxx
d:\cybermed\daddy\dependency\sdk-vtk-9.4.2\build_msvc\rendering\opengl2\cmakefiles\generate.stamp
d:\cybermed\daddy\dependency\sdk-vtk-9.4.2\build_msvc\bin\release\vtkrenderingopengl2-9.4.dll
d:\cybermed\daddy\dependency\sdk-vtk-9.4.2\build_msvc\lib\release\vtkrenderingopengl2-9.4.lib
d:\cybermed\daddy\dependency\sdk-vtk-9.4.2\build_msvc\lib\release\vtkrenderingopengl2-9.4.exp
d:\cybermed\daddy\dependency\sdk-vtk-9.4.2\build_msvc\rendering\opengl2\renderingopengl2.dir\release\renderingopengl2.tlog\cl.command.1.tlog
d:\cybermed\daddy\dependency\sdk-vtk-9.4.2\build_msvc\rendering\opengl2\renderingopengl2.dir\release\renderingopengl2.tlog\cl.items.tlog
d:\cybermed\daddy\dependency\sdk-vtk-9.4.2\build_msvc\rendering\opengl2\renderingopengl2.dir\release\renderingopengl2.tlog\cl.read.1.tlog
d:\cybermed\daddy\dependency\sdk-vtk-9.4.2\build_msvc\rendering\opengl2\renderingopengl2.dir\release\renderingopengl2.tlog\cl.write.1.tlog
d:\cybermed\daddy\dependency\sdk-vtk-9.4.2\build_msvc\rendering\opengl2\renderingopengl2.dir\release\renderingopengl2.tlog\custombuild.command.1.tlog
d:\cybermed\daddy\dependency\sdk-vtk-9.4.2\build_msvc\rendering\opengl2\renderingopengl2.dir\release\renderingopengl2.tlog\custombuild.read.1.tlog
d:\cybermed\daddy\dependency\sdk-vtk-9.4.2\build_msvc\rendering\opengl2\renderingopengl2.dir\release\renderingopengl2.tlog\custombuild.write.1.tlog
d:\cybermed\daddy\dependency\sdk-vtk-9.4.2\build_msvc\rendering\opengl2\renderingopengl2.dir\release\renderingopengl2.tlog\link.command.1.tlog
d:\cybermed\daddy\dependency\sdk-vtk-9.4.2\build_msvc\rendering\opengl2\renderingopengl2.dir\release\renderingopengl2.tlog\link.read.1.tlog
d:\cybermed\daddy\dependency\sdk-vtk-9.4.2\build_msvc\rendering\opengl2\renderingopengl2.dir\release\renderingopengl2.tlog\link.secondary.1.tlog
d:\cybermed\daddy\dependency\sdk-vtk-9.4.2\build_msvc\rendering\opengl2\renderingopengl2.dir\release\renderingopengl2.tlog\link.write.1.tlog
