d:\cybermed\daddy\dependency\sdk-vtk-9.4.2\build_msvc\guisupport\qtquick\qml\qmlvtkplugin.dir\debug\vc143.pdb
d:\cybermed\daddy\dependency\sdk-vtk-9.4.2\build_msvc\guisupport\qtquick\qml\qmlvtkplugin.dir\debug\qqmlvtkplugin.obj
d:\cybermed\daddy\dependency\sdk-vtk-9.4.2\build_msvc\guisupport\qtquick\qml\qmlvtkplugin.dir\debug\mocs_compilation_debug.obj
d:\cybermed\daddy\dependency\sdk-vtk-9.4.2\build_msvc\guisupport\qtquick\qml\cmakefiles\generate.stamp
d:\cybermed\daddy\dependency\sdk-vtk-9.4.2\build_msvc\lib\qml\debug\vtk.9.4\qmlvtkplugin.dll
d:\cybermed\daddy\dependency\sdk-vtk-9.4.2\build_msvc\lib\qml\debug\vtk.9.4\qmlvtkplugin.pdb
d:\cybermed\daddy\dependency\sdk-vtk-9.4.2\build_msvc\lib\debug\qmlvtkplugin.lib
d:\cybermed\daddy\dependency\sdk-vtk-9.4.2\build_msvc\lib\debug\qmlvtkplugin.exp
d:\cybermed\daddy\dependency\sdk-vtk-9.4.2\build_msvc\guisupport\qtquick\qml\qmlvtkplugin.dir\debug\qmlvtkplugin.ilk
d:\cybermed\daddy\dependency\sdk-vtk-9.4.2\build_msvc\guisupport\qtquick\qml\qmlvtkplugin.dir\debug\qmlvtkplugin.tlog\cl.command.1.tlog
d:\cybermed\daddy\dependency\sdk-vtk-9.4.2\build_msvc\guisupport\qtquick\qml\qmlvtkplugin.dir\debug\qmlvtkplugin.tlog\cl.items.tlog
d:\cybermed\daddy\dependency\sdk-vtk-9.4.2\build_msvc\guisupport\qtquick\qml\qmlvtkplugin.dir\debug\qmlvtkplugin.tlog\cl.read.1.tlog
d:\cybermed\daddy\dependency\sdk-vtk-9.4.2\build_msvc\guisupport\qtquick\qml\qmlvtkplugin.dir\debug\qmlvtkplugin.tlog\cl.write.1.tlog
d:\cybermed\daddy\dependency\sdk-vtk-9.4.2\build_msvc\guisupport\qtquick\qml\qmlvtkplugin.dir\debug\qmlvtkplugin.tlog\custombuild.command.1.tlog
d:\cybermed\daddy\dependency\sdk-vtk-9.4.2\build_msvc\guisupport\qtquick\qml\qmlvtkplugin.dir\debug\qmlvtkplugin.tlog\custombuild.read.1.tlog
d:\cybermed\daddy\dependency\sdk-vtk-9.4.2\build_msvc\guisupport\qtquick\qml\qmlvtkplugin.dir\debug\qmlvtkplugin.tlog\custombuild.write.1.tlog
d:\cybermed\daddy\dependency\sdk-vtk-9.4.2\build_msvc\guisupport\qtquick\qml\qmlvtkplugin.dir\debug\qmlvtkplugin.tlog\link.command.1.tlog
d:\cybermed\daddy\dependency\sdk-vtk-9.4.2\build_msvc\guisupport\qtquick\qml\qmlvtkplugin.dir\debug\qmlvtkplugin.tlog\link.read.1.tlog
d:\cybermed\daddy\dependency\sdk-vtk-9.4.2\build_msvc\guisupport\qtquick\qml\qmlvtkplugin.dir\debug\qmlvtkplugin.tlog\link.secondary.1.tlog
d:\cybermed\daddy\dependency\sdk-vtk-9.4.2\build_msvc\guisupport\qtquick\qml\qmlvtkplugin.dir\debug\qmlvtkplugin.tlog\link.write.1.tlog
