d:\cybermed\daddy\dependency\sdk-vtk-9.4.2\build_msvc\lib\debug\vtkioconvergecfd-9.4d.pdb
d:\cybermed\daddy\dependency\sdk-vtk-9.4.2\build_msvc\io\convergecfd\ioconvergecfd.dir\debug\vtkconvergecfdreader.obj
d:\cybermed\daddy\dependency\sdk-vtk-9.4.2\build_msvc\io\convergecfd\ioconvergecfd.dir\debug\vc143.pdb
d:\cybermed\daddy\dependency\sdk-vtk-9.4.2\build_msvc\io\convergecfd\cmakefiles\generate.stamp
d:\cybermed\daddy\dependency\sdk-vtk-9.4.2\build_msvc\lib\debug\vtkioconvergecfd-9.4d.lib
d:\cybermed\daddy\dependency\sdk-vtk-9.4.2\build_msvc\bin\debug\vtkioconvergecfd-9.4d.dll
d:\cybermed\daddy\dependency\sdk-vtk-9.4.2\build_msvc\bin\debug\vtkioconvergecfd-9.4d.pdb
d:\cybermed\daddy\dependency\sdk-vtk-9.4.2\build_msvc\lib\debug\vtkioconvergecfd-9.4d.exp
d:\cybermed\daddy\dependency\sdk-vtk-9.4.2\build_msvc\io\convergecfd\ioconvergecfd.dir\debug\vtkioconvergecfd-9.4d.ilk
d:\cybermed\daddy\dependency\sdk-vtk-9.4.2\build_msvc\io\convergecfd\ioconvergecfd.dir\debug\ioconvergecfd.tlog\cl.command.1.tlog
d:\cybermed\daddy\dependency\sdk-vtk-9.4.2\build_msvc\io\convergecfd\ioconvergecfd.dir\debug\ioconvergecfd.tlog\cl.items.tlog
d:\cybermed\daddy\dependency\sdk-vtk-9.4.2\build_msvc\io\convergecfd\ioconvergecfd.dir\debug\ioconvergecfd.tlog\cl.read.1.tlog
d:\cybermed\daddy\dependency\sdk-vtk-9.4.2\build_msvc\io\convergecfd\ioconvergecfd.dir\debug\ioconvergecfd.tlog\cl.write.1.tlog
d:\cybermed\daddy\dependency\sdk-vtk-9.4.2\build_msvc\io\convergecfd\ioconvergecfd.dir\debug\ioconvergecfd.tlog\custombuild.command.1.tlog
d:\cybermed\daddy\dependency\sdk-vtk-9.4.2\build_msvc\io\convergecfd\ioconvergecfd.dir\debug\ioconvergecfd.tlog\custombuild.read.1.tlog
d:\cybermed\daddy\dependency\sdk-vtk-9.4.2\build_msvc\io\convergecfd\ioconvergecfd.dir\debug\ioconvergecfd.tlog\custombuild.write.1.tlog
d:\cybermed\daddy\dependency\sdk-vtk-9.4.2\build_msvc\io\convergecfd\ioconvergecfd.dir\debug\ioconvergecfd.tlog\lib-link.read.1.tlog
d:\cybermed\daddy\dependency\sdk-vtk-9.4.2\build_msvc\io\convergecfd\ioconvergecfd.dir\debug\ioconvergecfd.tlog\lib-link.write.1.tlog
d:\cybermed\daddy\dependency\sdk-vtk-9.4.2\build_msvc\io\convergecfd\ioconvergecfd.dir\debug\ioconvergecfd.tlog\lib.command.1.tlog
d:\cybermed\daddy\dependency\sdk-vtk-9.4.2\build_msvc\io\convergecfd\ioconvergecfd.dir\debug\ioconvergecfd.tlog\link.command.1.tlog
d:\cybermed\daddy\dependency\sdk-vtk-9.4.2\build_msvc\io\convergecfd\ioconvergecfd.dir\debug\ioconvergecfd.tlog\link.read.1.tlog
d:\cybermed\daddy\dependency\sdk-vtk-9.4.2\build_msvc\io\convergecfd\ioconvergecfd.dir\debug\ioconvergecfd.tlog\link.secondary.1.tlog
d:\cybermed\daddy\dependency\sdk-vtk-9.4.2\build_msvc\io\convergecfd\ioconvergecfd.dir\debug\ioconvergecfd.tlog\link.write.1.tlog
