d:\cybermed\daddy\dependency\sdk-vtk-9.4.2\build_msvc\lib\debug\vtkchartscore-9.4d.pdb
d:\cybermed\daddy\dependency\sdk-vtk-9.4.2\build_msvc\charts\core\chartscore.dir\debug\vtkcontrolpointsitem.obj
d:\cybermed\daddy\dependency\sdk-vtk-9.4.2\build_msvc\charts\core\chartscore.dir\debug\vtkcontextpolygon.obj
d:\cybermed\daddy\dependency\sdk-vtk-9.4.2\build_msvc\charts\core\chartscore.dir\debug\vtkcontextarea.obj
d:\cybermed\daddy\dependency\sdk-vtk-9.4.2\build_msvc\charts\core\chartscore.dir\debug\vtkcompositetransferfunctionitem.obj
d:\cybermed\daddy\dependency\sdk-vtk-9.4.2\build_msvc\charts\core\chartscore.dir\debug\vtkcompositecontrolpointsitem.obj
d:\cybermed\daddy\dependency\sdk-vtk-9.4.2\build_msvc\charts\core\chartscore.dir\debug\vtkcolortransferfunctionitem.obj
d:\cybermed\daddy\dependency\sdk-vtk-9.4.2\build_msvc\charts\core\chartscore.dir\debug\vtkcolortransfercontrolpointsitem.obj
d:\cybermed\daddy\dependency\sdk-vtk-9.4.2\build_msvc\charts\core\chartscore.dir\debug\vtkcolorlegend.obj
d:\cybermed\daddy\dependency\sdk-vtk-9.4.2\build_msvc\charts\core\chartscore.dir\debug\vtkchartxyz.obj
d:\cybermed\daddy\dependency\sdk-vtk-9.4.2\build_msvc\charts\core\chartscore.dir\debug\vtkchartxy.obj
d:\cybermed\daddy\dependency\sdk-vtk-9.4.2\build_msvc\charts\core\chartscore.dir\debug\vtkchartpie.obj
d:\cybermed\daddy\dependency\sdk-vtk-9.4.2\build_msvc\charts\core\chartscore.dir\debug\vtkchartparallelcoordinates.obj
d:\cybermed\daddy\dependency\sdk-vtk-9.4.2\build_msvc\charts\core\chartscore.dir\debug\vtkchartmatrix.obj
d:\cybermed\daddy\dependency\sdk-vtk-9.4.2\build_msvc\charts\core\chartscore.dir\debug\vtkchartlegend.obj
d:\cybermed\daddy\dependency\sdk-vtk-9.4.2\build_msvc\charts\core\chartscore.dir\debug\vtkcharthistogram2d.obj
d:\cybermed\daddy\dependency\sdk-vtk-9.4.2\build_msvc\charts\core\chartscore.dir\debug\vtkchartbox.obj
d:\cybermed\daddy\dependency\sdk-vtk-9.4.2\build_msvc\charts\core\chartscore.dir\debug\vtkchart.obj
d:\cybermed\daddy\dependency\sdk-vtk-9.4.2\build_msvc\charts\core\chartscore.dir\debug\vtkcategorylegend.obj
d:\cybermed\daddy\dependency\sdk-vtk-9.4.2\build_msvc\charts\core\chartscore.dir\debug\vtkaxisextended.obj
d:\cybermed\daddy\dependency\sdk-vtk-9.4.2\build_msvc\charts\core\chartscore.dir\debug\vtkaxis.obj
d:\cybermed\daddy\dependency\sdk-vtk-9.4.2\build_msvc\charts\core\chartscore.dir\debug\vtkplotpoints.obj
d:\cybermed\daddy\dependency\sdk-vtk-9.4.2\build_msvc\charts\core\chartscore.dir\debug\vtkplotpie.obj
d:\cybermed\daddy\dependency\sdk-vtk-9.4.2\build_msvc\charts\core\chartscore.dir\debug\vtkplotparallelcoordinates.obj
d:\cybermed\daddy\dependency\sdk-vtk-9.4.2\build_msvc\charts\core\chartscore.dir\debug\vtkplotline3d.obj
d:\cybermed\daddy\dependency\sdk-vtk-9.4.2\build_msvc\charts\core\chartscore.dir\debug\vtkplotline.obj
d:\cybermed\daddy\dependency\sdk-vtk-9.4.2\build_msvc\charts\core\chartscore.dir\debug\vtkplothistogram2d.obj
d:\cybermed\daddy\dependency\sdk-vtk-9.4.2\build_msvc\charts\core\chartscore.dir\debug\vtkplotgrid.obj
d:\cybermed\daddy\dependency\sdk-vtk-9.4.2\build_msvc\charts\core\chartscore.dir\debug\vtkplotfunctionalbag.obj
d:\cybermed\daddy\dependency\sdk-vtk-9.4.2\build_msvc\charts\core\chartscore.dir\debug\vtkplotbox.obj
d:\cybermed\daddy\dependency\sdk-vtk-9.4.2\build_msvc\charts\core\chartscore.dir\debug\vtkplotbarrangehandlesitem.obj
d:\cybermed\daddy\dependency\sdk-vtk-9.4.2\build_msvc\charts\core\chartscore.dir\debug\vtkplotbar.obj
d:\cybermed\daddy\dependency\sdk-vtk-9.4.2\build_msvc\charts\core\chartscore.dir\debug\vtkplotbag.obj
d:\cybermed\daddy\dependency\sdk-vtk-9.4.2\build_msvc\charts\core\chartscore.dir\debug\vtkplotarea.obj
d:\cybermed\daddy\dependency\sdk-vtk-9.4.2\build_msvc\charts\core\chartscore.dir\debug\vtkplot3d.obj
d:\cybermed\daddy\dependency\sdk-vtk-9.4.2\build_msvc\charts\core\chartscore.dir\debug\vtkplot.obj
d:\cybermed\daddy\dependency\sdk-vtk-9.4.2\build_msvc\charts\core\chartscore.dir\debug\vtkpiecewisepointhandleitem.obj
d:\cybermed\daddy\dependency\sdk-vtk-9.4.2\build_msvc\charts\core\chartscore.dir\debug\vtkpiecewisefunctionitem.obj
d:\cybermed\daddy\dependency\sdk-vtk-9.4.2\build_msvc\charts\core\chartscore.dir\debug\vtkpiecewisecontrolpointsitem.obj
d:\cybermed\daddy\dependency\sdk-vtk-9.4.2\build_msvc\charts\core\chartscore.dir\debug\vtklookuptableitem.obj
d:\cybermed\daddy\dependency\sdk-vtk-9.4.2\build_msvc\charts\core\chartscore.dir\debug\vtkinteractivearea.obj
d:\cybermed\daddy\dependency\sdk-vtk-9.4.2\build_msvc\charts\core\chartscore.dir\debug\vtkscatterplotmatrix.obj
d:\cybermed\daddy\dependency\sdk-vtk-9.4.2\build_msvc\charts\core\chartscore.dir\debug\vtkscalarstocolorsitem.obj
d:\cybermed\daddy\dependency\sdk-vtk-9.4.2\build_msvc\charts\core\chartscore.dir\debug\vtkrangehandlesitem.obj
d:\cybermed\daddy\dependency\sdk-vtk-9.4.2\build_msvc\charts\core\chartscore.dir\debug\vtkplotsurface.obj
d:\cybermed\daddy\dependency\sdk-vtk-9.4.2\build_msvc\charts\core\chartscore.dir\debug\vtkplotstacked.obj
d:\cybermed\daddy\dependency\sdk-vtk-9.4.2\build_msvc\charts\core\chartscore.dir\debug\vtkplotrangehandlesitem.obj
d:\cybermed\daddy\dependency\sdk-vtk-9.4.2\build_msvc\charts\core\chartscore.dir\debug\vtkplotpoints3d.obj
d:\cybermed\daddy\dependency\sdk-vtk-9.4.2\build_msvc\charts\core\chartscore.dir\debug\vc143.pdb
d:\cybermed\daddy\dependency\sdk-vtk-9.4.2\build_msvc\charts\core\cmakefiles\generate.stamp
d:\cybermed\daddy\dependency\sdk-vtk-9.4.2\build_msvc\lib\debug\vtkchartscore-9.4d.lib
d:\cybermed\daddy\dependency\sdk-vtk-9.4.2\build_msvc\bin\debug\vtkchartscore-9.4d.dll
d:\cybermed\daddy\dependency\sdk-vtk-9.4.2\build_msvc\bin\debug\vtkchartscore-9.4d.pdb
d:\cybermed\daddy\dependency\sdk-vtk-9.4.2\build_msvc\lib\debug\vtkchartscore-9.4d.exp
d:\cybermed\daddy\dependency\sdk-vtk-9.4.2\build_msvc\charts\core\chartscore.dir\debug\vtkchartscore-9.4d.ilk
d:\cybermed\daddy\dependency\sdk-vtk-9.4.2\build_msvc\charts\core\chartscore.dir\debug\chartscore.tlog\cl.command.1.tlog
d:\cybermed\daddy\dependency\sdk-vtk-9.4.2\build_msvc\charts\core\chartscore.dir\debug\chartscore.tlog\cl.items.tlog
d:\cybermed\daddy\dependency\sdk-vtk-9.4.2\build_msvc\charts\core\chartscore.dir\debug\chartscore.tlog\cl.read.1.tlog
d:\cybermed\daddy\dependency\sdk-vtk-9.4.2\build_msvc\charts\core\chartscore.dir\debug\chartscore.tlog\cl.write.1.tlog
d:\cybermed\daddy\dependency\sdk-vtk-9.4.2\build_msvc\charts\core\chartscore.dir\debug\chartscore.tlog\custombuild.command.1.tlog
d:\cybermed\daddy\dependency\sdk-vtk-9.4.2\build_msvc\charts\core\chartscore.dir\debug\chartscore.tlog\custombuild.read.1.tlog
d:\cybermed\daddy\dependency\sdk-vtk-9.4.2\build_msvc\charts\core\chartscore.dir\debug\chartscore.tlog\custombuild.write.1.tlog
d:\cybermed\daddy\dependency\sdk-vtk-9.4.2\build_msvc\charts\core\chartscore.dir\debug\chartscore.tlog\lib-link.read.1.tlog
d:\cybermed\daddy\dependency\sdk-vtk-9.4.2\build_msvc\charts\core\chartscore.dir\debug\chartscore.tlog\lib-link.write.1.tlog
d:\cybermed\daddy\dependency\sdk-vtk-9.4.2\build_msvc\charts\core\chartscore.dir\debug\chartscore.tlog\lib.command.1.tlog
d:\cybermed\daddy\dependency\sdk-vtk-9.4.2\build_msvc\charts\core\chartscore.dir\debug\chartscore.tlog\link.command.1.tlog
d:\cybermed\daddy\dependency\sdk-vtk-9.4.2\build_msvc\charts\core\chartscore.dir\debug\chartscore.tlog\link.read.1.tlog
d:\cybermed\daddy\dependency\sdk-vtk-9.4.2\build_msvc\charts\core\chartscore.dir\debug\chartscore.tlog\link.secondary.1.tlog
d:\cybermed\daddy\dependency\sdk-vtk-9.4.2\build_msvc\charts\core\chartscore.dir\debug\chartscore.tlog\link.write.1.tlog
