  Building Custom Rule D:/cybermed/daddy/dependency/sdk-VTK-9.4.2/Infovis/Core/CMakeLists.txt
  vtkAddMembershipArray.cxx
  vtkAdjacencyMatrixToEdgeTable.cxx
  vtkArrayNorm.cxx
  vtkArrayToTable.cxx
  vtkCollapseGraph.cxx
  vtkCollapseVerticesByArray.cxx
  vtkContinuousScatterplot.cxx
  vtkDataObjectToTable.cxx
  vtkDotProductSimilarity.cxx
  vtkEdgeCenters.cxx
  vtkExpandSelectedGraph.cxx
  vtkExtractSelectedGraph.cxx
  vtkExtractSelectedTree.cxx
  vtkGenerateIndexArray.cxx
  vtkGraphHierarchicalBundleEdges.cxx
  vtkGroupLeafVertices.cxx
  vtkKCoreDecomposition.cxx
  vtkMergeColumns.cxx
  vtkMergeGraphs.cxx
  vtkMergeTables.cxx
  코드를 생성하고 있습니다...
  컴파일하고 있습니다...
  vtkMutableGraphHelper.cxx
  vtkNetworkHierarchy.cxx
  vtkPipelineGraphSource.cxx
  vtkPruneTreeFilter.cxx
  vtkRandomGraphSource.cxx
  vtkReduceTable.cxx
  vtkRemoveHiddenData.cxx
  vtkRemoveIsolatedVertices.cxx
  vtkSparseArrayToTable.cxx
  vtkStreamGraph.cxx
  vtkStringToCategory.cxx
  vtkStringToNumeric.cxx
  vtkTableToArray.cxx
  vtkTableToGraph.cxx
  vtkTableToSparseArray.cxx
  vtkTableToTreeFilter.cxx
  vtkThresholdGraph.cxx
  vtkThresholdTable.cxx
  vtkTransferAttributes.cxx
  vtkTransposeMatrix.cxx
  코드를 생성하고 있습니다...
  컴파일하고 있습니다...
  vtkTreeDifferenceFilter.cxx
  vtkTreeFieldAggregator.cxx
  vtkTreeLevelsFilter.cxx
  vtkVertexDegree.cxx
  vtkWordCloud.cxx
  코드를 생성하고 있습니다...
     D:/cybermed/daddy/dependency/sdk-VTK-9.4.2/build_msvc/lib/Debug/vtkInfovisCore-9.4d.lib 라이브러리 및 D:/cybermed/daddy/dependency/sdk-VTK-9.4.2/build_msvc/lib/Debug/vtkInfovisCore-9.4d.exp 개체를 생성하고 있습니다.
  InfovisCore.vcxproj -> D:\cybermed\daddy\dependency\sdk-VTK-9.4.2\build_msvc\bin\Debug\vtkInfovisCore-9.4d.dll
