d:\cybermed\daddy\dependency\sdk-vtk-9.4.2\build_msvc\lib\debug\vtkinfoviscore-9.4d.pdb
d:\cybermed\daddy\dependency\sdk-vtk-9.4.2\build_msvc\infovis\core\infoviscore.dir\debug\vtkmergetables.obj
d:\cybermed\daddy\dependency\sdk-vtk-9.4.2\build_msvc\infovis\core\infoviscore.dir\debug\vtkmergegraphs.obj
d:\cybermed\daddy\dependency\sdk-vtk-9.4.2\build_msvc\infovis\core\infoviscore.dir\debug\vtkmergecolumns.obj
d:\cybermed\daddy\dependency\sdk-vtk-9.4.2\build_msvc\infovis\core\infoviscore.dir\debug\vtkkcoredecomposition.obj
d:\cybermed\daddy\dependency\sdk-vtk-9.4.2\build_msvc\infovis\core\infoviscore.dir\debug\vtkgroupleafvertices.obj
d:\cybermed\daddy\dependency\sdk-vtk-9.4.2\build_msvc\infovis\core\infoviscore.dir\debug\vtkgraphhierarchicalbundleedges.obj
d:\cybermed\daddy\dependency\sdk-vtk-9.4.2\build_msvc\infovis\core\infoviscore.dir\debug\vtkgenerateindexarray.obj
d:\cybermed\daddy\dependency\sdk-vtk-9.4.2\build_msvc\infovis\core\infoviscore.dir\debug\vtkextractselectedtree.obj
d:\cybermed\daddy\dependency\sdk-vtk-9.4.2\build_msvc\infovis\core\infoviscore.dir\debug\vtkextractselectedgraph.obj
d:\cybermed\daddy\dependency\sdk-vtk-9.4.2\build_msvc\infovis\core\infoviscore.dir\debug\vtkexpandselectedgraph.obj
d:\cybermed\daddy\dependency\sdk-vtk-9.4.2\build_msvc\infovis\core\infoviscore.dir\debug\vtkedgecenters.obj
d:\cybermed\daddy\dependency\sdk-vtk-9.4.2\build_msvc\infovis\core\infoviscore.dir\debug\vtkdotproductsimilarity.obj
d:\cybermed\daddy\dependency\sdk-vtk-9.4.2\build_msvc\infovis\core\infoviscore.dir\debug\vtkdataobjecttotable.obj
d:\cybermed\daddy\dependency\sdk-vtk-9.4.2\build_msvc\infovis\core\infoviscore.dir\debug\vtkcontinuousscatterplot.obj
d:\cybermed\daddy\dependency\sdk-vtk-9.4.2\build_msvc\infovis\core\infoviscore.dir\debug\vtkcollapseverticesbyarray.obj
d:\cybermed\daddy\dependency\sdk-vtk-9.4.2\build_msvc\infovis\core\infoviscore.dir\debug\vtkcollapsegraph.obj
d:\cybermed\daddy\dependency\sdk-vtk-9.4.2\build_msvc\infovis\core\infoviscore.dir\debug\vtkarraytotable.obj
d:\cybermed\daddy\dependency\sdk-vtk-9.4.2\build_msvc\infovis\core\infoviscore.dir\debug\vtkarraynorm.obj
d:\cybermed\daddy\dependency\sdk-vtk-9.4.2\build_msvc\infovis\core\infoviscore.dir\debug\vtkadjacencymatrixtoedgetable.obj
d:\cybermed\daddy\dependency\sdk-vtk-9.4.2\build_msvc\infovis\core\infoviscore.dir\debug\vtkaddmembershiparray.obj
d:\cybermed\daddy\dependency\sdk-vtk-9.4.2\build_msvc\infovis\core\infoviscore.dir\debug\vtktransposematrix.obj
d:\cybermed\daddy\dependency\sdk-vtk-9.4.2\build_msvc\infovis\core\infoviscore.dir\debug\vtktransferattributes.obj
d:\cybermed\daddy\dependency\sdk-vtk-9.4.2\build_msvc\infovis\core\infoviscore.dir\debug\vtkthresholdtable.obj
d:\cybermed\daddy\dependency\sdk-vtk-9.4.2\build_msvc\infovis\core\infoviscore.dir\debug\vtkthresholdgraph.obj
d:\cybermed\daddy\dependency\sdk-vtk-9.4.2\build_msvc\infovis\core\infoviscore.dir\debug\vtktabletotreefilter.obj
d:\cybermed\daddy\dependency\sdk-vtk-9.4.2\build_msvc\infovis\core\infoviscore.dir\debug\vtktabletosparsearray.obj
d:\cybermed\daddy\dependency\sdk-vtk-9.4.2\build_msvc\infovis\core\infoviscore.dir\debug\vtktabletograph.obj
d:\cybermed\daddy\dependency\sdk-vtk-9.4.2\build_msvc\infovis\core\infoviscore.dir\debug\vtktabletoarray.obj
d:\cybermed\daddy\dependency\sdk-vtk-9.4.2\build_msvc\infovis\core\infoviscore.dir\debug\vtkstringtonumeric.obj
d:\cybermed\daddy\dependency\sdk-vtk-9.4.2\build_msvc\infovis\core\infoviscore.dir\debug\vtkstringtocategory.obj
d:\cybermed\daddy\dependency\sdk-vtk-9.4.2\build_msvc\infovis\core\infoviscore.dir\debug\vtkstreamgraph.obj
d:\cybermed\daddy\dependency\sdk-vtk-9.4.2\build_msvc\infovis\core\infoviscore.dir\debug\vtksparsearraytotable.obj
d:\cybermed\daddy\dependency\sdk-vtk-9.4.2\build_msvc\infovis\core\infoviscore.dir\debug\vtkremoveisolatedvertices.obj
d:\cybermed\daddy\dependency\sdk-vtk-9.4.2\build_msvc\infovis\core\infoviscore.dir\debug\vtkremovehiddendata.obj
d:\cybermed\daddy\dependency\sdk-vtk-9.4.2\build_msvc\infovis\core\infoviscore.dir\debug\vtkreducetable.obj
d:\cybermed\daddy\dependency\sdk-vtk-9.4.2\build_msvc\infovis\core\infoviscore.dir\debug\vtkrandomgraphsource.obj
d:\cybermed\daddy\dependency\sdk-vtk-9.4.2\build_msvc\infovis\core\infoviscore.dir\debug\vtkprunetreefilter.obj
d:\cybermed\daddy\dependency\sdk-vtk-9.4.2\build_msvc\infovis\core\infoviscore.dir\debug\vtkpipelinegraphsource.obj
d:\cybermed\daddy\dependency\sdk-vtk-9.4.2\build_msvc\infovis\core\infoviscore.dir\debug\vtknetworkhierarchy.obj
d:\cybermed\daddy\dependency\sdk-vtk-9.4.2\build_msvc\infovis\core\infoviscore.dir\debug\vtkmutablegraphhelper.obj
d:\cybermed\daddy\dependency\sdk-vtk-9.4.2\build_msvc\infovis\core\infoviscore.dir\debug\vtkwordcloud.obj
d:\cybermed\daddy\dependency\sdk-vtk-9.4.2\build_msvc\infovis\core\infoviscore.dir\debug\vtkvertexdegree.obj
d:\cybermed\daddy\dependency\sdk-vtk-9.4.2\build_msvc\infovis\core\infoviscore.dir\debug\vtktreelevelsfilter.obj
d:\cybermed\daddy\dependency\sdk-vtk-9.4.2\build_msvc\infovis\core\infoviscore.dir\debug\vtktreefieldaggregator.obj
d:\cybermed\daddy\dependency\sdk-vtk-9.4.2\build_msvc\infovis\core\infoviscore.dir\debug\vtktreedifferencefilter.obj
d:\cybermed\daddy\dependency\sdk-vtk-9.4.2\build_msvc\infovis\core\infoviscore.dir\debug\vc143.pdb
d:\cybermed\daddy\dependency\sdk-vtk-9.4.2\build_msvc\infovis\core\cmakefiles\generate.stamp
d:\cybermed\daddy\dependency\sdk-vtk-9.4.2\build_msvc\lib\debug\vtkinfoviscore-9.4d.lib
d:\cybermed\daddy\dependency\sdk-vtk-9.4.2\build_msvc\bin\debug\vtkinfoviscore-9.4d.dll
d:\cybermed\daddy\dependency\sdk-vtk-9.4.2\build_msvc\bin\debug\vtkinfoviscore-9.4d.pdb
d:\cybermed\daddy\dependency\sdk-vtk-9.4.2\build_msvc\lib\debug\vtkinfoviscore-9.4d.exp
d:\cybermed\daddy\dependency\sdk-vtk-9.4.2\build_msvc\infovis\core\infoviscore.dir\debug\vtkinfoviscore-9.4d.ilk
d:\cybermed\daddy\dependency\sdk-vtk-9.4.2\build_msvc\infovis\core\infoviscore.dir\debug\infoviscore.tlog\cl.command.1.tlog
d:\cybermed\daddy\dependency\sdk-vtk-9.4.2\build_msvc\infovis\core\infoviscore.dir\debug\infoviscore.tlog\cl.items.tlog
d:\cybermed\daddy\dependency\sdk-vtk-9.4.2\build_msvc\infovis\core\infoviscore.dir\debug\infoviscore.tlog\cl.read.1.tlog
d:\cybermed\daddy\dependency\sdk-vtk-9.4.2\build_msvc\infovis\core\infoviscore.dir\debug\infoviscore.tlog\cl.write.1.tlog
d:\cybermed\daddy\dependency\sdk-vtk-9.4.2\build_msvc\infovis\core\infoviscore.dir\debug\infoviscore.tlog\custombuild.command.1.tlog
d:\cybermed\daddy\dependency\sdk-vtk-9.4.2\build_msvc\infovis\core\infoviscore.dir\debug\infoviscore.tlog\custombuild.read.1.tlog
d:\cybermed\daddy\dependency\sdk-vtk-9.4.2\build_msvc\infovis\core\infoviscore.dir\debug\infoviscore.tlog\custombuild.write.1.tlog
d:\cybermed\daddy\dependency\sdk-vtk-9.4.2\build_msvc\infovis\core\infoviscore.dir\debug\infoviscore.tlog\lib-link.read.1.tlog
d:\cybermed\daddy\dependency\sdk-vtk-9.4.2\build_msvc\infovis\core\infoviscore.dir\debug\infoviscore.tlog\lib-link.write.1.tlog
d:\cybermed\daddy\dependency\sdk-vtk-9.4.2\build_msvc\infovis\core\infoviscore.dir\debug\infoviscore.tlog\lib.command.1.tlog
d:\cybermed\daddy\dependency\sdk-vtk-9.4.2\build_msvc\infovis\core\infoviscore.dir\debug\infoviscore.tlog\link.command.1.tlog
d:\cybermed\daddy\dependency\sdk-vtk-9.4.2\build_msvc\infovis\core\infoviscore.dir\debug\infoviscore.tlog\link.read.1.tlog
d:\cybermed\daddy\dependency\sdk-vtk-9.4.2\build_msvc\infovis\core\infoviscore.dir\debug\infoviscore.tlog\link.secondary.1.tlog
d:\cybermed\daddy\dependency\sdk-vtk-9.4.2\build_msvc\infovis\core\infoviscore.dir\debug\infoviscore.tlog\link.write.1.tlog
