d:\cybermed\daddy\dependency\dcmtk-dcmtk-3.6.8\build_msvc\dcmnet\libsrc\dcmnet.dir\release\dimfind.obj
d:\cybermed\daddy\dependency\dcmtk-dcmtk-3.6.8\build_msvc\dcmnet\libsrc\dcmnet.dir\release\dimecho.obj
d:\cybermed\daddy\dependency\dcmtk-dcmtk-3.6.8\build_msvc\dcmnet\libsrc\dcmnet.dir\release\dimdump.obj
d:\cybermed\daddy\dependency\dcmtk-dcmtk-3.6.8\build_msvc\dcmnet\libsrc\dcmnet.dir\release\dimcmd.obj
d:\cybermed\daddy\dependency\dcmtk-dcmtk-3.6.8\build_msvc\dcmnet\libsrc\dcmnet.dir\release\dimcancl.obj
d:\cybermed\daddy\dependency\dcmtk-dcmtk-3.6.8\build_msvc\dcmnet\libsrc\dcmnet.dir\release\dfindscu.obj
d:\cybermed\daddy\dependency\dcmtk-dcmtk-3.6.8\build_msvc\dcmnet\libsrc\dcmnet.dir\release\dcuserid.obj
d:\cybermed\daddy\dependency\dcmtk-dcmtk-3.6.8\build_msvc\dcmnet\libsrc\dcmnet.dir\release\dcompat.obj
d:\cybermed\daddy\dependency\dcmtk-dcmtk-3.6.8\build_msvc\dcmnet\libsrc\dcmnet.dir\release\dcmtrans.obj
d:\cybermed\daddy\dependency\dcmtk-dcmtk-3.6.8\build_msvc\dcmnet\libsrc\dcmnet.dir\release\dcmlayer.obj
d:\cybermed\daddy\dependency\dcmtk-dcmtk-3.6.8\build_msvc\dcmnet\libsrc\dcmnet.dir\release\dccfuidh.obj
d:\cybermed\daddy\dependency\dcmtk-dcmtk-3.6.8\build_msvc\dcmnet\libsrc\dcmnet.dir\release\dccftsmp.obj
d:\cybermed\daddy\dependency\dcmtk-dcmtk-3.6.8\build_msvc\dcmnet\libsrc\dcmnet.dir\release\dccfrsmp.obj
d:\cybermed\daddy\dependency\dcmtk-dcmtk-3.6.8\build_msvc\dcmnet\libsrc\dcmnet.dir\release\dccfprmp.obj
d:\cybermed\daddy\dependency\dcmtk-dcmtk-3.6.8\build_msvc\dcmnet\libsrc\dcmnet.dir\release\dccfpcmp.obj
d:\cybermed\daddy\dependency\dcmtk-dcmtk-3.6.8\build_msvc\dcmnet\libsrc\dcmnet.dir\release\dccfenmp.obj
d:\cybermed\daddy\dependency\dcmtk-dcmtk-3.6.8\build_msvc\dcmnet\libsrc\dcmnet.dir\release\dcasccfg.obj
d:\cybermed\daddy\dependency\dcmtk-dcmtk-3.6.8\build_msvc\dcmnet\libsrc\dcmnet.dir\release\dcasccff.obj
d:\cybermed\daddy\dependency\dcmtk-dcmtk-3.6.8\build_msvc\dcmnet\libsrc\dcmnet.dir\release\cond.obj
d:\cybermed\daddy\dependency\dcmtk-dcmtk-3.6.8\build_msvc\dcmnet\libsrc\dcmnet.dir\release\assoc.obj
d:\cybermed\daddy\dependency\dcmtk-dcmtk-3.6.8\build_msvc\dcmnet\libsrc\dcmnet.dir\release\scpthrd.obj
d:\cybermed\daddy\dependency\dcmtk-dcmtk-3.6.8\build_msvc\dcmnet\libsrc\dcmnet.dir\release\scppool.obj
d:\cybermed\daddy\dependency\dcmtk-dcmtk-3.6.8\build_msvc\dcmnet\libsrc\dcmnet.dir\release\scpcfg.obj
d:\cybermed\daddy\dependency\dcmtk-dcmtk-3.6.8\build_msvc\dcmnet\libsrc\dcmnet.dir\release\scp.obj
d:\cybermed\daddy\dependency\dcmtk-dcmtk-3.6.8\build_msvc\dcmnet\libsrc\dcmnet.dir\release\lst.obj
d:\cybermed\daddy\dependency\dcmtk-dcmtk-3.6.8\build_msvc\dcmnet\libsrc\dcmnet.dir\release\helpers.obj
d:\cybermed\daddy\dependency\dcmtk-dcmtk-3.6.8\build_msvc\dcmnet\libsrc\dcmnet.dir\release\extneg.obj
d:\cybermed\daddy\dependency\dcmtk-dcmtk-3.6.8\build_msvc\dcmnet\libsrc\dcmnet.dir\release\dulpres.obj
d:\cybermed\daddy\dependency\dcmtk-dcmtk-3.6.8\build_msvc\dcmnet\libsrc\dcmnet.dir\release\dulparse.obj
d:\cybermed\daddy\dependency\dcmtk-dcmtk-3.6.8\build_msvc\dcmnet\libsrc\dcmnet.dir\release\dulfsm.obj
d:\cybermed\daddy\dependency\dcmtk-dcmtk-3.6.8\build_msvc\dcmnet\libsrc\dcmnet.dir\release\dulextra.obj
d:\cybermed\daddy\dependency\dcmtk-dcmtk-3.6.8\build_msvc\dcmnet\libsrc\dcmnet.dir\release\dulconst.obj
d:\cybermed\daddy\dependency\dcmtk-dcmtk-3.6.8\build_msvc\dcmnet\libsrc\dcmnet.dir\release\dul.obj
d:\cybermed\daddy\dependency\dcmtk-dcmtk-3.6.8\build_msvc\dcmnet\libsrc\dcmnet.dir\release\dstorscu.obj
d:\cybermed\daddy\dependency\dcmtk-dcmtk-3.6.8\build_msvc\dcmnet\libsrc\dcmnet.dir\release\dstorscp.obj
d:\cybermed\daddy\dependency\dcmtk-dcmtk-3.6.8\build_msvc\dcmnet\libsrc\dcmnet.dir\release\diutil.obj
d:\cybermed\daddy\dependency\dcmtk-dcmtk-3.6.8\build_msvc\dcmnet\libsrc\dcmnet.dir\release\dimstore.obj
d:\cybermed\daddy\dependency\dcmtk-dcmtk-3.6.8\build_msvc\dcmnet\libsrc\dcmnet.dir\release\dimse.obj
d:\cybermed\daddy\dependency\dcmtk-dcmtk-3.6.8\build_msvc\dcmnet\libsrc\dcmnet.dir\release\dimmove.obj
d:\cybermed\daddy\dependency\dcmtk-dcmtk-3.6.8\build_msvc\dcmnet\libsrc\dcmnet.dir\release\dimget.obj
d:\cybermed\daddy\dependency\dcmtk-dcmtk-3.6.8\build_msvc\dcmnet\libsrc\dcmnet.dir\release\scu.obj
d:\cybermed\daddy\dependency\dcmtk-dcmtk-3.6.8\build_msvc\dcmnet\libsrc\dcmnet.dir\release\dwrap.obj
d:\cybermed\daddy\dependency\dcmtk-dcmtk-3.6.8\build_msvc\dcmnet\libsrc\cmakefiles\generate.stamp
d:\cybermed\daddy\dependency\dcmtk-dcmtk-3.6.8\build_msvc\lib\release\dcmnet.lib
d:\cybermed\daddy\dependency\dcmtk-dcmtk-3.6.8\build_msvc\bin\release\dcmnet.dll
d:\cybermed\daddy\dependency\dcmtk-dcmtk-3.6.8\build_msvc\lib\release\dcmnet.exp
d:\cybermed\daddy\dependency\dcmtk-dcmtk-3.6.8\build_msvc\dcmnet\libsrc\dcmnet.dir\release\dcmnet.tlog\cl.command.1.tlog
d:\cybermed\daddy\dependency\dcmtk-dcmtk-3.6.8\build_msvc\dcmnet\libsrc\dcmnet.dir\release\dcmnet.tlog\cl.items.tlog
d:\cybermed\daddy\dependency\dcmtk-dcmtk-3.6.8\build_msvc\dcmnet\libsrc\dcmnet.dir\release\dcmnet.tlog\cl.read.1.tlog
d:\cybermed\daddy\dependency\dcmtk-dcmtk-3.6.8\build_msvc\dcmnet\libsrc\dcmnet.dir\release\dcmnet.tlog\cl.write.1.tlog
d:\cybermed\daddy\dependency\dcmtk-dcmtk-3.6.8\build_msvc\dcmnet\libsrc\dcmnet.dir\release\dcmnet.tlog\custombuild.command.1.tlog
d:\cybermed\daddy\dependency\dcmtk-dcmtk-3.6.8\build_msvc\dcmnet\libsrc\dcmnet.dir\release\dcmnet.tlog\custombuild.read.1.tlog
d:\cybermed\daddy\dependency\dcmtk-dcmtk-3.6.8\build_msvc\dcmnet\libsrc\dcmnet.dir\release\dcmnet.tlog\custombuild.write.1.tlog
d:\cybermed\daddy\dependency\dcmtk-dcmtk-3.6.8\build_msvc\dcmnet\libsrc\dcmnet.dir\release\dcmnet.tlog\lib-link.read.1.tlog
d:\cybermed\daddy\dependency\dcmtk-dcmtk-3.6.8\build_msvc\dcmnet\libsrc\dcmnet.dir\release\dcmnet.tlog\lib-link.write.1.tlog
d:\cybermed\daddy\dependency\dcmtk-dcmtk-3.6.8\build_msvc\dcmnet\libsrc\dcmnet.dir\release\dcmnet.tlog\lib.command.1.tlog
d:\cybermed\daddy\dependency\dcmtk-dcmtk-3.6.8\build_msvc\dcmnet\libsrc\dcmnet.dir\release\dcmnet.tlog\link.command.1.tlog
d:\cybermed\daddy\dependency\dcmtk-dcmtk-3.6.8\build_msvc\dcmnet\libsrc\dcmnet.dir\release\dcmnet.tlog\link.read.1.tlog
d:\cybermed\daddy\dependency\dcmtk-dcmtk-3.6.8\build_msvc\dcmnet\libsrc\dcmnet.dir\release\dcmnet.tlog\link.secondary.1.tlog
d:\cybermed\daddy\dependency\dcmtk-dcmtk-3.6.8\build_msvc\dcmnet\libsrc\dcmnet.dir\release\dcmnet.tlog\link.write.1.tlog
