d:\cybermed\daddy\dependency\dcmtk-dcmtk-3.6.8\build_msvc\dcmsr\libsrc\dcmsr.dir\release\dsrdocst.obj
d:\cybermed\daddy\dependency\dcmtk-dcmtk-3.6.8\build_msvc\dcmsr\libsrc\dcmsr.dir\release\dsrdoc.obj
d:\cybermed\daddy\dependency\dcmtk-dcmtk-3.6.8\build_msvc\dcmsr\libsrc\dcmsr.dir\release\dsrdnflt.obj
d:\cybermed\daddy\dependency\dcmtk-dcmtk-3.6.8\build_msvc\dcmsr\libsrc\dcmsr.dir\release\dsrdncsr.obj
d:\cybermed\daddy\dependency\dcmtk-dcmtk-3.6.8\build_msvc\dcmsr\libsrc\dcmsr.dir\release\dsrdattn.obj
d:\cybermed\daddy\dependency\dcmtk-dcmtk-3.6.8\build_msvc\dcmsr\libsrc\dcmsr.dir\release\dsrctxgr.obj
d:\cybermed\daddy\dependency\dcmtk-dcmtk-3.6.8\build_msvc\dcmsr\libsrc\dcmsr.dir\release\dsrctpl.obj
d:\cybermed\daddy\dependency\dcmtk-dcmtk-3.6.8\build_msvc\dcmsr\libsrc\dcmsr.dir\release\dsrcsidl.obj
d:\cybermed\daddy\dependency\dcmtk-dcmtk-3.6.8\build_msvc\dcmsr\libsrc\dcmsr.dir\release\dsrcontn.obj
d:\cybermed\daddy\dependency\dcmtk-dcmtk-3.6.8\build_msvc\dcmsr\libsrc\dcmsr.dir\release\dsrcomvl.obj
d:\cybermed\daddy\dependency\dcmtk-dcmtk-3.6.8\build_msvc\dcmsr\libsrc\dcmsr.dir\release\dsrcomtn.obj
d:\cybermed\daddy\dependency\dcmtk-dcmtk-3.6.8\build_msvc\dcmsr\libsrc\dcmsr.dir\release\dsrcomcc.obj
d:\cybermed\daddy\dependency\dcmtk-dcmtk-3.6.8\build_msvc\dcmsr\libsrc\dcmsr.dir\release\dsrcolcc.obj
d:\cybermed\daddy\dependency\dcmtk-dcmtk-3.6.8\build_msvc\dcmsr\libsrc\dcmsr.dir\release\dsrcodvl.obj
d:\cybermed\daddy\dependency\dcmtk-dcmtk-3.6.8\build_msvc\dcmsr\libsrc\dcmsr.dir\release\dsrcodtn.obj
d:\cybermed\daddy\dependency\dcmtk-dcmtk-3.6.8\build_msvc\dcmsr\libsrc\dcmsr.dir\release\dsrcitem.obj
d:\cybermed\daddy\dependency\dcmtk-dcmtk-3.6.8\build_msvc\dcmsr\libsrc\dcmsr.dir\release\dsrchecc.obj
d:\cybermed\daddy\dependency\dcmtk-dcmtk-3.6.8\build_msvc\dcmsr\libsrc\dcmsr.dir\release\dsrc3dcc.obj
d:\cybermed\daddy\dependency\dcmtk-dcmtk-3.6.8\build_msvc\dcmsr\libsrc\dcmsr.dir\release\dsrbascc.obj
d:\cybermed\daddy\dependency\dcmtk-dcmtk-3.6.8\build_msvc\dcmsr\libsrc\dcmsr.dir\release\dsracqcc.obj
d:\cybermed\daddy\dependency\dcmtk-dcmtk-3.6.8\build_msvc\dcmsr\libsrc\dcmsr.dir\release\dsrposcn.obj
d:\cybermed\daddy\dependency\dcmtk-dcmtk-3.6.8\build_msvc\dcmsr\libsrc\dcmsr.dir\release\dsrpnmtn.obj
d:\cybermed\daddy\dependency\dcmtk-dcmtk-3.6.8\build_msvc\dcmsr\libsrc\dcmsr.dir\release\dsrplicc.obj
d:\cybermed\daddy\dependency\dcmtk-dcmtk-3.6.8\build_msvc\dcmsr\libsrc\dcmsr.dir\release\dsrpficc.obj
d:\cybermed\daddy\dependency\dcmtk-dcmtk-3.6.8\build_msvc\dcmsr\libsrc\dcmsr.dir\release\dsrnumvl.obj
d:\cybermed\daddy\dependency\dcmtk-dcmtk-3.6.8\build_msvc\dcmsr\libsrc\dcmsr.dir\release\dsrnumtn.obj
d:\cybermed\daddy\dependency\dcmtk-dcmtk-3.6.8\build_msvc\dcmsr\libsrc\dcmsr.dir\release\dsrmamcc.obj
d:\cybermed\daddy\dependency\dcmtk-dcmtk-3.6.8\build_msvc\dcmsr\libsrc\dcmsr.dir\release\dsrmaccc.obj
d:\cybermed\daddy\dependency\dcmtk-dcmtk-3.6.8\build_msvc\dcmsr\libsrc\dcmsr.dir\release\dsrkeycc.obj
d:\cybermed\daddy\dependency\dcmtk-dcmtk-3.6.8\build_msvc\dcmsr\libsrc\dcmsr.dir\release\dsritcsr.obj
d:\cybermed\daddy\dependency\dcmtk-dcmtk-3.6.8\build_msvc\dcmsr\libsrc\dcmsr.dir\release\dsriodcc.obj
d:\cybermed\daddy\dependency\dcmtk-dcmtk-3.6.8\build_msvc\dcmsr\libsrc\dcmsr.dir\release\dsrimpcc.obj
d:\cybermed\daddy\dependency\dcmtk-dcmtk-3.6.8\build_msvc\dcmsr\libsrc\dcmsr.dir\release\dsrimgvl.obj
d:\cybermed\daddy\dependency\dcmtk-dcmtk-3.6.8\build_msvc\dcmsr\libsrc\dcmsr.dir\release\dsrimgtn.obj
d:\cybermed\daddy\dependency\dcmtk-dcmtk-3.6.8\build_msvc\dcmsr\libsrc\dcmsr.dir\release\dsrimgse.obj
d:\cybermed\daddy\dependency\dcmtk-dcmtk-3.6.8\build_msvc\dcmsr\libsrc\dcmsr.dir\release\dsrimgfr.obj
d:\cybermed\daddy\dependency\dcmtk-dcmtk-3.6.8\build_msvc\dcmsr\libsrc\dcmsr.dir\release\dsrenhcc.obj
d:\cybermed\daddy\dependency\dcmtk-dcmtk-3.6.8\build_msvc\dcmsr\libsrc\dcmsr.dir\release\dsrdtitn.obj
d:\cybermed\daddy\dependency\dcmtk-dcmtk-3.6.8\build_msvc\dcmsr\libsrc\dcmsr.dir\release\dsrdoctr.obj
d:\cybermed\daddy\dependency\dcmtk-dcmtk-3.6.8\build_msvc\dcmsr\libsrc\dcmsr.dir\release\dsrdoctn.obj
d:\cybermed\daddy\dependency\dcmtk-dcmtk-3.6.8\build_msvc\dcmsr\libsrc\dcmsr.dir\release\dsrtcosp.obj
d:\cybermed\daddy\dependency\dcmtk-dcmtk-3.6.8\build_msvc\dcmsr\libsrc\dcmsr.dir\release\dsrtcodt.obj
d:\cybermed\daddy\dependency\dcmtk-dcmtk-3.6.8\build_msvc\dcmsr\libsrc\dcmsr.dir\release\dsrstrvl.obj
d:\cybermed\daddy\dependency\dcmtk-dcmtk-3.6.8\build_msvc\dcmsr\libsrc\dcmsr.dir\release\dsrstpl.obj
d:\cybermed\daddy\dependency\dcmtk-dcmtk-3.6.8\build_msvc\dcmsr\libsrc\dcmsr.dir\release\dsrspecc.obj
d:\cybermed\daddy\dependency\dcmtk-dcmtk-3.6.8\build_msvc\dcmsr\libsrc\dcmsr.dir\release\dsrsoprf.obj
d:\cybermed\daddy\dependency\dcmtk-dcmtk-3.6.8\build_msvc\dcmsr\libsrc\dcmsr.dir\release\dsrscovl.obj
d:\cybermed\daddy\dependency\dcmtk-dcmtk-3.6.8\build_msvc\dcmsr\libsrc\dcmsr.dir\release\dsrscotn.obj
d:\cybermed\daddy\dependency\dcmtk-dcmtk-3.6.8\build_msvc\dcmsr\libsrc\dcmsr.dir\release\dsrscogr.obj
d:\cybermed\daddy\dependency\dcmtk-dcmtk-3.6.8\build_msvc\dcmsr\libsrc\dcmsr.dir\release\dsrsc3vl.obj
d:\cybermed\daddy\dependency\dcmtk-dcmtk-3.6.8\build_msvc\dcmsr\libsrc\dcmsr.dir\release\dsrsc3tn.obj
d:\cybermed\daddy\dependency\dcmtk-dcmtk-3.6.8\build_msvc\dcmsr\libsrc\dcmsr.dir\release\dsrsc3gr.obj
d:\cybermed\daddy\dependency\dcmtk-dcmtk-3.6.8\build_msvc\dcmsr\libsrc\dcmsr.dir\release\dsrsaecc.obj
d:\cybermed\daddy\dependency\dcmtk-dcmtk-3.6.8\build_msvc\dcmsr\libsrc\dcmsr.dir\release\dsrrtpl.obj
d:\cybermed\daddy\dependency\dcmtk-dcmtk-3.6.8\build_msvc\dcmsr\libsrc\dcmsr.dir\release\dsrrsdcc.obj
d:\cybermed\daddy\dependency\dcmtk-dcmtk-3.6.8\build_msvc\dcmsr\libsrc\dcmsr.dir\release\dsrrrdcc.obj
d:\cybermed\daddy\dependency\dcmtk-dcmtk-3.6.8\build_msvc\dcmsr\libsrc\dcmsr.dir\release\dsrreftn.obj
d:\cybermed\daddy\dependency\dcmtk-dcmtk-3.6.8\build_msvc\dcmsr\libsrc\dcmsr.dir\release\dsrrefin.obj
d:\cybermed\daddy\dependency\dcmtk-dcmtk-3.6.8\build_msvc\dcmsr\libsrc\dcmsr.dir\release\dsrprocc.obj
d:\cybermed\daddy\dependency\dcmtk-dcmtk-3.6.8\build_msvc\dcmsr\libsrc\dcmsr.dir\release\dsrprdcc.obj
d:\cybermed\daddy\dependency\dcmtk-dcmtk-3.6.8\build_msvc\dcmsr\libsrc\dcmsr.dir\release\dsrxrdcc.obj
d:\cybermed\daddy\dependency\dcmtk-dcmtk-3.6.8\build_msvc\dcmsr\libsrc\dcmsr.dir\release\dsrxmld.obj
d:\cybermed\daddy\dependency\dcmtk-dcmtk-3.6.8\build_msvc\dcmsr\libsrc\dcmsr.dir\release\dsrxmlc.obj
d:\cybermed\daddy\dependency\dcmtk-dcmtk-3.6.8\build_msvc\dcmsr\libsrc\dcmsr.dir\release\dsrwavvl.obj
d:\cybermed\daddy\dependency\dcmtk-dcmtk-3.6.8\build_msvc\dcmsr\libsrc\dcmsr.dir\release\dsrwavtn.obj
d:\cybermed\daddy\dependency\dcmtk-dcmtk-3.6.8\build_msvc\dcmsr\libsrc\dcmsr.dir\release\dsrwavch.obj
d:\cybermed\daddy\dependency\dcmtk-dcmtk-3.6.8\build_msvc\dcmsr\libsrc\dcmsr.dir\release\dsruidtn.obj
d:\cybermed\daddy\dependency\dcmtk-dcmtk-3.6.8\build_msvc\dcmsr\libsrc\dcmsr.dir\release\dsrtypes.obj
d:\cybermed\daddy\dependency\dcmtk-dcmtk-3.6.8\build_msvc\dcmsr\libsrc\dcmsr.dir\release\dsrtree.obj
d:\cybermed\daddy\dependency\dcmtk-dcmtk-3.6.8\build_msvc\dcmsr\libsrc\dcmsr.dir\release\dsrtpltn.obj
d:\cybermed\daddy\dependency\dcmtk-dcmtk-3.6.8\build_msvc\dcmsr\libsrc\dcmsr.dir\release\dsrtimtn.obj
d:\cybermed\daddy\dependency\dcmtk-dcmtk-3.6.8\build_msvc\dcmsr\libsrc\dcmsr.dir\release\dsrtextn.obj
d:\cybermed\daddy\dependency\dcmtk-dcmtk-3.6.8\build_msvc\dcmsr\libsrc\dcmsr.dir\release\dsrtcovl.obj
d:\cybermed\daddy\dependency\dcmtk-dcmtk-3.6.8\build_msvc\dcmsr\libsrc\dcmsr.dir\release\dsrtcoto.obj
d:\cybermed\daddy\dependency\dcmtk-dcmtk-3.6.8\build_msvc\dcmsr\libsrc\dcmsr.dir\release\dsrtcotn.obj
d:\cybermed\daddy\dependency\dcmtk-dcmtk-3.6.8\build_msvc\dcmsr\libsrc\cmakefiles\generate.stamp
d:\cybermed\daddy\dependency\dcmtk-dcmtk-3.6.8\build_msvc\lib\release\dcmsr.lib
d:\cybermed\daddy\dependency\dcmtk-dcmtk-3.6.8\build_msvc\bin\release\dcmsr.dll
d:\cybermed\daddy\dependency\dcmtk-dcmtk-3.6.8\build_msvc\lib\release\dcmsr.exp
d:\cybermed\daddy\dependency\dcmtk-dcmtk-3.6.8\build_msvc\dcmsr\libsrc\dcmsr.dir\release\dcmsr.tlog\cl.command.1.tlog
d:\cybermed\daddy\dependency\dcmtk-dcmtk-3.6.8\build_msvc\dcmsr\libsrc\dcmsr.dir\release\dcmsr.tlog\cl.items.tlog
d:\cybermed\daddy\dependency\dcmtk-dcmtk-3.6.8\build_msvc\dcmsr\libsrc\dcmsr.dir\release\dcmsr.tlog\cl.read.1.tlog
d:\cybermed\daddy\dependency\dcmtk-dcmtk-3.6.8\build_msvc\dcmsr\libsrc\dcmsr.dir\release\dcmsr.tlog\cl.write.1.tlog
d:\cybermed\daddy\dependency\dcmtk-dcmtk-3.6.8\build_msvc\dcmsr\libsrc\dcmsr.dir\release\dcmsr.tlog\custombuild.command.1.tlog
d:\cybermed\daddy\dependency\dcmtk-dcmtk-3.6.8\build_msvc\dcmsr\libsrc\dcmsr.dir\release\dcmsr.tlog\custombuild.read.1.tlog
d:\cybermed\daddy\dependency\dcmtk-dcmtk-3.6.8\build_msvc\dcmsr\libsrc\dcmsr.dir\release\dcmsr.tlog\custombuild.write.1.tlog
d:\cybermed\daddy\dependency\dcmtk-dcmtk-3.6.8\build_msvc\dcmsr\libsrc\dcmsr.dir\release\dcmsr.tlog\lib-link.read.1.tlog
d:\cybermed\daddy\dependency\dcmtk-dcmtk-3.6.8\build_msvc\dcmsr\libsrc\dcmsr.dir\release\dcmsr.tlog\lib-link.write.1.tlog
d:\cybermed\daddy\dependency\dcmtk-dcmtk-3.6.8\build_msvc\dcmsr\libsrc\dcmsr.dir\release\dcmsr.tlog\lib.command.1.tlog
d:\cybermed\daddy\dependency\dcmtk-dcmtk-3.6.8\build_msvc\dcmsr\libsrc\dcmsr.dir\release\dcmsr.tlog\link.command.1.tlog
d:\cybermed\daddy\dependency\dcmtk-dcmtk-3.6.8\build_msvc\dcmsr\libsrc\dcmsr.dir\release\dcmsr.tlog\link.read.1.tlog
d:\cybermed\daddy\dependency\dcmtk-dcmtk-3.6.8\build_msvc\dcmsr\libsrc\dcmsr.dir\release\dcmsr.tlog\link.secondary.1.tlog
d:\cybermed\daddy\dependency\dcmtk-dcmtk-3.6.8\build_msvc\dcmsr\libsrc\dcmsr.dir\release\dcmsr.tlog\link.write.1.tlog
