  Building Custom Rule D:/cybermed/daddy/dependency/dcmtk-DCMTK-3.6.8/dcmsr/libsrc/CMakeLists.txt
  dsracqcc.cc
  dsrbascc.cc
  dsrc3dcc.cc
  dsrchecc.cc
  dsrcitem.cc
  dsrcodtn.cc
  dsrcodvl.cc
  dsrcolcc.cc
  dsrcomcc.cc
  dsrcomtn.cc
  dsrcomvl.cc
  dsrcontn.cc
  dsrcsidl.cc
  dsrctpl.cc
  dsrctxgr.cc
  dsrdattn.cc
  dsrdncsr.cc
  dsrdnflt.cc
  dsrdoc.cc
  dsrdocst.cc
  코드를 생성하고 있습니다...
  컴파일하고 있습니다...
  dsrdoctn.cc
  dsrdoctr.cc
  dsrdtitn.cc
  dsrenhcc.cc
  dsrimgfr.cc
  dsrimgse.cc
  dsrimgtn.cc
  dsrimgvl.cc
  dsrimpcc.cc
  dsriodcc.cc
  dsritcsr.cc
  dsrkeycc.cc
  dsrmaccc.cc
  dsrmamcc.cc
  dsrnumtn.cc
  dsrnumvl.cc
  dsrpficc.cc
  dsrplicc.cc
  dsrpnmtn.cc
  dsrposcn.cc
  코드를 생성하고 있습니다...
  컴파일하고 있습니다...
  dsrprdcc.cc
  dsrprocc.cc
  dsrrefin.cc
  dsrreftn.cc
  dsrrrdcc.cc
  dsrrsdcc.cc
  dsrrtpl.cc
  dsrsaecc.cc
  dsrsc3gr.cc
  dsrsc3tn.cc
  dsrsc3vl.cc
  dsrscogr.cc
  dsrscotn.cc
  dsrscovl.cc
  dsrsoprf.cc
  dsrspecc.cc
  dsrstpl.cc
  dsrstrvl.cc
  dsrtcodt.cc
  dsrtcosp.cc
  코드를 생성하고 있습니다...
  컴파일하고 있습니다...
  dsrtcotn.cc
  dsrtcoto.cc
  dsrtcovl.cc
  dsrtextn.cc
  dsrtimtn.cc
  dsrtpltn.cc
  dsrtree.cc
  dsrtypes.cc
  dsruidtn.cc
  dsrwavch.cc
  dsrwavtn.cc
  dsrwavvl.cc
  dsrxmlc.cc
  dsrxmld.cc
  dsrxrdcc.cc
  코드를 생성하고 있습니다...
     D:/cybermed/daddy/dependency/dcmtk-DCMTK-3.6.8/build_msvc/lib/Release/dcmsr.lib 라이브러리 및 D:/cybermed/daddy/dependency/dcmtk-DCMTK-3.6.8/build_msvc/lib/Release/dcmsr.exp 개체를 생성하고 있습니다.
  dcmsr.vcxproj -> D:\cybermed\daddy\dependency\dcmtk-DCMTK-3.6.8\build_msvc\bin\Release\dcmsr.dll
