d:\cybermed\daddy\dependency\sdk-vtk-9.4.2\build_msvc\thirdparty\hdf5\vtkhdf5\src\vtkhdf5_src.dir\release\h5bcache.obj
d:\cybermed\daddy\dependency\sdk-vtk-9.4.2\build_msvc\thirdparty\hdf5\vtkhdf5\src\vtkhdf5_src.dir\release\h5b.obj
d:\cybermed\daddy\dependency\sdk-vtk-9.4.2\build_msvc\thirdparty\hdf5\vtkhdf5\src\vtkhdf5_src.dir\release\h5acproxy_entry.obj
d:\cybermed\daddy\dependency\sdk-vtk-9.4.2\build_msvc\thirdparty\hdf5\vtkhdf5\src\vtkhdf5_src.dir\release\h5acmpio.obj
d:\cybermed\daddy\dependency\sdk-vtk-9.4.2\build_msvc\thirdparty\hdf5\vtkhdf5\src\vtkhdf5_src.dir\release\h5acdbg.obj
d:\cybermed\daddy\dependency\sdk-vtk-9.4.2\build_msvc\thirdparty\hdf5\vtkhdf5\src\vtkhdf5_src.dir\release\h5ac.obj
d:\cybermed\daddy\dependency\sdk-vtk-9.4.2\build_msvc\thirdparty\hdf5\vtkhdf5\src\vtkhdf5_src.dir\release\h5atest.obj
d:\cybermed\daddy\dependency\sdk-vtk-9.4.2\build_msvc\thirdparty\hdf5\vtkhdf5\src\vtkhdf5_src.dir\release\h5aint.obj
d:\cybermed\daddy\dependency\sdk-vtk-9.4.2\build_msvc\thirdparty\hdf5\vtkhdf5\src\vtkhdf5_src.dir\release\h5adeprec.obj
d:\cybermed\daddy\dependency\sdk-vtk-9.4.2\build_msvc\thirdparty\hdf5\vtkhdf5\src\vtkhdf5_src.dir\release\h5adense.obj
d:\cybermed\daddy\dependency\sdk-vtk-9.4.2\build_msvc\thirdparty\hdf5\vtkhdf5\src\vtkhdf5_src.dir\release\h5abtree2.obj
d:\cybermed\daddy\dependency\sdk-vtk-9.4.2\build_msvc\thirdparty\hdf5\vtkhdf5\src\vtkhdf5_src.dir\release\h5a.obj
d:\cybermed\daddy\dependency\sdk-vtk-9.4.2\build_msvc\thirdparty\hdf5\vtkhdf5\src\vtkhdf5_src.dir\release\h5trace.obj
d:\cybermed\daddy\dependency\sdk-vtk-9.4.2\build_msvc\thirdparty\hdf5\vtkhdf5\src\vtkhdf5_src.dir\release\h5timer.obj
d:\cybermed\daddy\dependency\sdk-vtk-9.4.2\build_msvc\thirdparty\hdf5\vtkhdf5\src\vtkhdf5_src.dir\release\h5system.obj
d:\cybermed\daddy\dependency\sdk-vtk-9.4.2\build_msvc\thirdparty\hdf5\vtkhdf5\src\vtkhdf5_src.dir\release\h5mpi.obj
d:\cybermed\daddy\dependency\sdk-vtk-9.4.2\build_msvc\thirdparty\hdf5\vtkhdf5\src\vtkhdf5_src.dir\release\h5dbg.obj
d:\cybermed\daddy\dependency\sdk-vtk-9.4.2\build_msvc\thirdparty\hdf5\vtkhdf5\src\vtkhdf5_src.dir\release\h5checksum.obj
d:\cybermed\daddy\dependency\sdk-vtk-9.4.2\build_msvc\thirdparty\hdf5\vtkhdf5\src\vtkhdf5_src.dir\release\h5build_settings.obj
d:\cybermed\daddy\dependency\sdk-vtk-9.4.2\build_msvc\thirdparty\hdf5\vtkhdf5\src\vtkhdf5_src.dir\release\h5.obj
d:\cybermed\daddy\dependency\sdk-vtk-9.4.2\build_msvc\thirdparty\hdf5\vtkhdf5\src\vtkhdf5_src.dir\release\h5cquery.obj
d:\cybermed\daddy\dependency\sdk-vtk-9.4.2\build_msvc\thirdparty\hdf5\vtkhdf5\src\vtkhdf5_src.dir\release\h5cprefetched.obj
d:\cybermed\daddy\dependency\sdk-vtk-9.4.2\build_msvc\thirdparty\hdf5\vtkhdf5\src\vtkhdf5_src.dir\release\h5cmpio.obj
d:\cybermed\daddy\dependency\sdk-vtk-9.4.2\build_msvc\thirdparty\hdf5\vtkhdf5\src\vtkhdf5_src.dir\release\h5clog_trace.obj
d:\cybermed\daddy\dependency\sdk-vtk-9.4.2\build_msvc\thirdparty\hdf5\vtkhdf5\src\vtkhdf5_src.dir\release\h5clog_json.obj
d:\cybermed\daddy\dependency\sdk-vtk-9.4.2\build_msvc\thirdparty\hdf5\vtkhdf5\src\vtkhdf5_src.dir\release\h5clog.obj
d:\cybermed\daddy\dependency\sdk-vtk-9.4.2\build_msvc\thirdparty\hdf5\vtkhdf5\src\vtkhdf5_src.dir\release\h5cimage.obj
d:\cybermed\daddy\dependency\sdk-vtk-9.4.2\build_msvc\thirdparty\hdf5\vtkhdf5\src\vtkhdf5_src.dir\release\h5cepoch.obj
d:\cybermed\daddy\dependency\sdk-vtk-9.4.2\build_msvc\thirdparty\hdf5\vtkhdf5\src\vtkhdf5_src.dir\release\h5cdbg.obj
d:\cybermed\daddy\dependency\sdk-vtk-9.4.2\build_msvc\thirdparty\hdf5\vtkhdf5\src\vtkhdf5_src.dir\release\h5c.obj
d:\cybermed\daddy\dependency\sdk-vtk-9.4.2\build_msvc\thirdparty\hdf5\vtkhdf5\src\vtkhdf5_src.dir\release\h5b2test.obj
d:\cybermed\daddy\dependency\sdk-vtk-9.4.2\build_msvc\thirdparty\hdf5\vtkhdf5\src\vtkhdf5_src.dir\release\h5b2stat.obj
d:\cybermed\daddy\dependency\sdk-vtk-9.4.2\build_msvc\thirdparty\hdf5\vtkhdf5\src\vtkhdf5_src.dir\release\h5b2leaf.obj
d:\cybermed\daddy\dependency\sdk-vtk-9.4.2\build_msvc\thirdparty\hdf5\vtkhdf5\src\vtkhdf5_src.dir\release\h5b2internal.obj
d:\cybermed\daddy\dependency\sdk-vtk-9.4.2\build_msvc\thirdparty\hdf5\vtkhdf5\src\vtkhdf5_src.dir\release\h5b2int.obj
d:\cybermed\daddy\dependency\sdk-vtk-9.4.2\build_msvc\thirdparty\hdf5\vtkhdf5\src\vtkhdf5_src.dir\release\h5b2hdr.obj
d:\cybermed\daddy\dependency\sdk-vtk-9.4.2\build_msvc\thirdparty\hdf5\vtkhdf5\src\vtkhdf5_src.dir\release\h5b2dbg.obj
d:\cybermed\daddy\dependency\sdk-vtk-9.4.2\build_msvc\thirdparty\hdf5\vtkhdf5\src\vtkhdf5_src.dir\release\h5b2cache.obj
d:\cybermed\daddy\dependency\sdk-vtk-9.4.2\build_msvc\thirdparty\hdf5\vtkhdf5\src\vtkhdf5_src.dir\release\h5b2.obj
d:\cybermed\daddy\dependency\sdk-vtk-9.4.2\build_msvc\thirdparty\hdf5\vtkhdf5\src\vtkhdf5_src.dir\release\h5bdbg.obj
d:\cybermed\daddy\dependency\sdk-vtk-9.4.2\build_msvc\thirdparty\hdf5\vtkhdf5\src\vtkhdf5_src.dir\release\h5dmpio.obj
d:\cybermed\daddy\dependency\sdk-vtk-9.4.2\build_msvc\thirdparty\hdf5\vtkhdf5\src\vtkhdf5_src.dir\release\h5dlayout.obj
d:\cybermed\daddy\dependency\sdk-vtk-9.4.2\build_msvc\thirdparty\hdf5\vtkhdf5\src\vtkhdf5_src.dir\release\h5dio.obj
d:\cybermed\daddy\dependency\sdk-vtk-9.4.2\build_msvc\thirdparty\hdf5\vtkhdf5\src\vtkhdf5_src.dir\release\h5dint.obj
d:\cybermed\daddy\dependency\sdk-vtk-9.4.2\build_msvc\thirdparty\hdf5\vtkhdf5\src\vtkhdf5_src.dir\release\h5dfill.obj
d:\cybermed\daddy\dependency\sdk-vtk-9.4.2\build_msvc\thirdparty\hdf5\vtkhdf5\src\vtkhdf5_src.dir\release\h5dfarray.obj
d:\cybermed\daddy\dependency\sdk-vtk-9.4.2\build_msvc\thirdparty\hdf5\vtkhdf5\src\vtkhdf5_src.dir\release\h5defl.obj
d:\cybermed\daddy\dependency\sdk-vtk-9.4.2\build_msvc\thirdparty\hdf5\vtkhdf5\src\vtkhdf5_src.dir\release\h5dearray.obj
d:\cybermed\daddy\dependency\sdk-vtk-9.4.2\build_msvc\thirdparty\hdf5\vtkhdf5\src\vtkhdf5_src.dir\release\h5ddeprec.obj
d:\cybermed\daddy\dependency\sdk-vtk-9.4.2\build_msvc\thirdparty\hdf5\vtkhdf5\src\vtkhdf5_src.dir\release\h5ddbg.obj
d:\cybermed\daddy\dependency\sdk-vtk-9.4.2\build_msvc\thirdparty\hdf5\vtkhdf5\src\vtkhdf5_src.dir\release\h5dcontig.obj
d:\cybermed\daddy\dependency\sdk-vtk-9.4.2\build_msvc\thirdparty\hdf5\vtkhdf5\src\vtkhdf5_src.dir\release\h5dcompact.obj
d:\cybermed\daddy\dependency\sdk-vtk-9.4.2\build_msvc\thirdparty\hdf5\vtkhdf5\src\vtkhdf5_src.dir\release\h5dchunk.obj
d:\cybermed\daddy\dependency\sdk-vtk-9.4.2\build_msvc\thirdparty\hdf5\vtkhdf5\src\vtkhdf5_src.dir\release\h5dbtree2.obj
d:\cybermed\daddy\dependency\sdk-vtk-9.4.2\build_msvc\thirdparty\hdf5\vtkhdf5\src\vtkhdf5_src.dir\release\h5dbtree.obj
d:\cybermed\daddy\dependency\sdk-vtk-9.4.2\build_msvc\thirdparty\hdf5\vtkhdf5\src\vtkhdf5_src.dir\release\h5d.obj
d:\cybermed\daddy\dependency\sdk-vtk-9.4.2\build_msvc\thirdparty\hdf5\vtkhdf5\src\vtkhdf5_src.dir\release\h5cx.obj
d:\cybermed\daddy\dependency\sdk-vtk-9.4.2\build_msvc\thirdparty\hdf5\vtkhdf5\src\vtkhdf5_src.dir\release\h5cs.obj
d:\cybermed\daddy\dependency\sdk-vtk-9.4.2\build_msvc\thirdparty\hdf5\vtkhdf5\src\vtkhdf5_src.dir\release\h5ctest.obj
d:\cybermed\daddy\dependency\sdk-vtk-9.4.2\build_msvc\thirdparty\hdf5\vtkhdf5\src\vtkhdf5_src.dir\release\h5ctag.obj
d:\cybermed\daddy\dependency\sdk-vtk-9.4.2\build_msvc\thirdparty\hdf5\vtkhdf5\src\vtkhdf5_src.dir\release\h5eastat.obj
d:\cybermed\daddy\dependency\sdk-vtk-9.4.2\build_msvc\thirdparty\hdf5\vtkhdf5\src\vtkhdf5_src.dir\release\h5easblock.obj
d:\cybermed\daddy\dependency\sdk-vtk-9.4.2\build_msvc\thirdparty\hdf5\vtkhdf5\src\vtkhdf5_src.dir\release\h5eaint.obj
d:\cybermed\daddy\dependency\sdk-vtk-9.4.2\build_msvc\thirdparty\hdf5\vtkhdf5\src\vtkhdf5_src.dir\release\h5eaiblock.obj
d:\cybermed\daddy\dependency\sdk-vtk-9.4.2\build_msvc\thirdparty\hdf5\vtkhdf5\src\vtkhdf5_src.dir\release\h5eahdr.obj
d:\cybermed\daddy\dependency\sdk-vtk-9.4.2\build_msvc\thirdparty\hdf5\vtkhdf5\src\vtkhdf5_src.dir\release\h5eadblock.obj
d:\cybermed\daddy\dependency\sdk-vtk-9.4.2\build_msvc\thirdparty\hdf5\vtkhdf5\src\vtkhdf5_src.dir\release\h5eadblkpage.obj
d:\cybermed\daddy\dependency\sdk-vtk-9.4.2\build_msvc\thirdparty\hdf5\vtkhdf5\src\vtkhdf5_src.dir\release\h5eadbg.obj
d:\cybermed\daddy\dependency\sdk-vtk-9.4.2\build_msvc\thirdparty\hdf5\vtkhdf5\src\vtkhdf5_src.dir\release\h5eacache.obj
d:\cybermed\daddy\dependency\sdk-vtk-9.4.2\build_msvc\thirdparty\hdf5\vtkhdf5\src\vtkhdf5_src.dir\release\h5ea.obj
d:\cybermed\daddy\dependency\sdk-vtk-9.4.2\build_msvc\thirdparty\hdf5\vtkhdf5\src\vtkhdf5_src.dir\release\h5eint.obj
d:\cybermed\daddy\dependency\sdk-vtk-9.4.2\build_msvc\thirdparty\hdf5\vtkhdf5\src\vtkhdf5_src.dir\release\h5edeprec.obj
d:\cybermed\daddy\dependency\sdk-vtk-9.4.2\build_msvc\thirdparty\hdf5\vtkhdf5\src\vtkhdf5_src.dir\release\h5e.obj
d:\cybermed\daddy\dependency\sdk-vtk-9.4.2\build_msvc\thirdparty\hdf5\vtkhdf5\src\vtkhdf5_src.dir\release\h5dvirtual.obj
d:\cybermed\daddy\dependency\sdk-vtk-9.4.2\build_msvc\thirdparty\hdf5\vtkhdf5\src\vtkhdf5_src.dir\release\h5dtest.obj
d:\cybermed\daddy\dependency\sdk-vtk-9.4.2\build_msvc\thirdparty\hdf5\vtkhdf5\src\vtkhdf5_src.dir\release\h5dsingle.obj
d:\cybermed\daddy\dependency\sdk-vtk-9.4.2\build_msvc\thirdparty\hdf5\vtkhdf5\src\vtkhdf5_src.dir\release\h5dselect.obj
d:\cybermed\daddy\dependency\sdk-vtk-9.4.2\build_msvc\thirdparty\hdf5\vtkhdf5\src\vtkhdf5_src.dir\release\h5dscatgath.obj
d:\cybermed\daddy\dependency\sdk-vtk-9.4.2\build_msvc\thirdparty\hdf5\vtkhdf5\src\vtkhdf5_src.dir\release\h5doh.obj
d:\cybermed\daddy\dependency\sdk-vtk-9.4.2\build_msvc\thirdparty\hdf5\vtkhdf5\src\vtkhdf5_src.dir\release\h5dnone.obj
d:\cybermed\daddy\dependency\sdk-vtk-9.4.2\build_msvc\thirdparty\hdf5\vtkhdf5\src\vtkhdf5_src.dir\release\h5fsuper.obj
d:\cybermed\daddy\dependency\sdk-vtk-9.4.2\build_msvc\thirdparty\hdf5\vtkhdf5\src\vtkhdf5_src.dir\release\h5fspace.obj
d:\cybermed\daddy\dependency\sdk-vtk-9.4.2\build_msvc\thirdparty\hdf5\vtkhdf5\src\vtkhdf5_src.dir\release\h5fsfile.obj
d:\cybermed\daddy\dependency\sdk-vtk-9.4.2\build_msvc\thirdparty\hdf5\vtkhdf5\src\vtkhdf5_src.dir\release\h5fquery.obj
d:\cybermed\daddy\dependency\sdk-vtk-9.4.2\build_msvc\thirdparty\hdf5\vtkhdf5\src\vtkhdf5_src.dir\release\h5fmpi.obj
d:\cybermed\daddy\dependency\sdk-vtk-9.4.2\build_msvc\thirdparty\hdf5\vtkhdf5\src\vtkhdf5_src.dir\release\h5fmount.obj
d:\cybermed\daddy\dependency\sdk-vtk-9.4.2\build_msvc\thirdparty\hdf5\vtkhdf5\src\vtkhdf5_src.dir\release\h5fio.obj
d:\cybermed\daddy\dependency\sdk-vtk-9.4.2\build_msvc\thirdparty\hdf5\vtkhdf5\src\vtkhdf5_src.dir\release\h5fint.obj
d:\cybermed\daddy\dependency\sdk-vtk-9.4.2\build_msvc\thirdparty\hdf5\vtkhdf5\src\vtkhdf5_src.dir\release\h5ffake.obj
d:\cybermed\daddy\dependency\sdk-vtk-9.4.2\build_msvc\thirdparty\hdf5\vtkhdf5\src\vtkhdf5_src.dir\release\h5fefc.obj
d:\cybermed\daddy\dependency\sdk-vtk-9.4.2\build_msvc\thirdparty\hdf5\vtkhdf5\src\vtkhdf5_src.dir\release\h5fdeprec.obj
d:\cybermed\daddy\dependency\sdk-vtk-9.4.2\build_msvc\thirdparty\hdf5\vtkhdf5\src\vtkhdf5_src.dir\release\h5fdbg.obj
d:\cybermed\daddy\dependency\sdk-vtk-9.4.2\build_msvc\thirdparty\hdf5\vtkhdf5\src\vtkhdf5_src.dir\release\h5fcwfs.obj
d:\cybermed\daddy\dependency\sdk-vtk-9.4.2\build_msvc\thirdparty\hdf5\vtkhdf5\src\vtkhdf5_src.dir\release\h5faccum.obj
d:\cybermed\daddy\dependency\sdk-vtk-9.4.2\build_msvc\thirdparty\hdf5\vtkhdf5\src\vtkhdf5_src.dir\release\h5f.obj
d:\cybermed\daddy\dependency\sdk-vtk-9.4.2\build_msvc\thirdparty\hdf5\vtkhdf5\src\vtkhdf5_src.dir\release\h5eslist.obj
d:\cybermed\daddy\dependency\sdk-vtk-9.4.2\build_msvc\thirdparty\hdf5\vtkhdf5\src\vtkhdf5_src.dir\release\h5esint.obj
d:\cybermed\daddy\dependency\sdk-vtk-9.4.2\build_msvc\thirdparty\hdf5\vtkhdf5\src\vtkhdf5_src.dir\release\h5esevent.obj
d:\cybermed\daddy\dependency\sdk-vtk-9.4.2\build_msvc\thirdparty\hdf5\vtkhdf5\src\vtkhdf5_src.dir\release\h5es.obj
d:\cybermed\daddy\dependency\sdk-vtk-9.4.2\build_msvc\thirdparty\hdf5\vtkhdf5\src\vtkhdf5_src.dir\release\h5eatest.obj
d:\cybermed\daddy\dependency\sdk-vtk-9.4.2\build_msvc\thirdparty\hdf5\vtkhdf5\src\vtkhdf5_src.dir\release\h5fdmpi.obj
d:\cybermed\daddy\dependency\sdk-vtk-9.4.2\build_msvc\thirdparty\hdf5\vtkhdf5\src\vtkhdf5_src.dir\release\h5fdmirror.obj
d:\cybermed\daddy\dependency\sdk-vtk-9.4.2\build_msvc\thirdparty\hdf5\vtkhdf5\src\vtkhdf5_src.dir\release\h5fdlog.obj
d:\cybermed\daddy\dependency\sdk-vtk-9.4.2\build_msvc\thirdparty\hdf5\vtkhdf5\src\vtkhdf5_src.dir\release\h5fdint.obj
d:\cybermed\daddy\dependency\sdk-vtk-9.4.2\build_msvc\thirdparty\hdf5\vtkhdf5\src\vtkhdf5_src.dir\release\h5fdhdfs.obj
d:\cybermed\daddy\dependency\sdk-vtk-9.4.2\build_msvc\thirdparty\hdf5\vtkhdf5\src\vtkhdf5_src.dir\release\h5fdfamily.obj
d:\cybermed\daddy\dependency\sdk-vtk-9.4.2\build_msvc\thirdparty\hdf5\vtkhdf5\src\vtkhdf5_src.dir\release\h5fddirect.obj
d:\cybermed\daddy\dependency\sdk-vtk-9.4.2\build_msvc\thirdparty\hdf5\vtkhdf5\src\vtkhdf5_src.dir\release\h5fdcore.obj
d:\cybermed\daddy\dependency\sdk-vtk-9.4.2\build_msvc\thirdparty\hdf5\vtkhdf5\src\vtkhdf5_src.dir\release\h5fd.obj
d:\cybermed\daddy\dependency\sdk-vtk-9.4.2\build_msvc\thirdparty\hdf5\vtkhdf5\src\vtkhdf5_src.dir\release\h5fatest.obj
d:\cybermed\daddy\dependency\sdk-vtk-9.4.2\build_msvc\thirdparty\hdf5\vtkhdf5\src\vtkhdf5_src.dir\release\h5fastat.obj
d:\cybermed\daddy\dependency\sdk-vtk-9.4.2\build_msvc\thirdparty\hdf5\vtkhdf5\src\vtkhdf5_src.dir\release\h5faint.obj
d:\cybermed\daddy\dependency\sdk-vtk-9.4.2\build_msvc\thirdparty\hdf5\vtkhdf5\src\vtkhdf5_src.dir\release\h5fahdr.obj
d:\cybermed\daddy\dependency\sdk-vtk-9.4.2\build_msvc\thirdparty\hdf5\vtkhdf5\src\vtkhdf5_src.dir\release\h5fadblock.obj
d:\cybermed\daddy\dependency\sdk-vtk-9.4.2\build_msvc\thirdparty\hdf5\vtkhdf5\src\vtkhdf5_src.dir\release\h5fadblkpage.obj
d:\cybermed\daddy\dependency\sdk-vtk-9.4.2\build_msvc\thirdparty\hdf5\vtkhdf5\src\vtkhdf5_src.dir\release\h5fadbg.obj
d:\cybermed\daddy\dependency\sdk-vtk-9.4.2\build_msvc\thirdparty\hdf5\vtkhdf5\src\vtkhdf5_src.dir\release\h5facache.obj
d:\cybermed\daddy\dependency\sdk-vtk-9.4.2\build_msvc\thirdparty\hdf5\vtkhdf5\src\vtkhdf5_src.dir\release\h5fa.obj
d:\cybermed\daddy\dependency\sdk-vtk-9.4.2\build_msvc\thirdparty\hdf5\vtkhdf5\src\vtkhdf5_src.dir\release\h5ftest.obj
d:\cybermed\daddy\dependency\sdk-vtk-9.4.2\build_msvc\thirdparty\hdf5\vtkhdf5\src\vtkhdf5_src.dir\release\h5fsuper_cache.obj
d:\cybermed\daddy\dependency\sdk-vtk-9.4.2\build_msvc\thirdparty\hdf5\vtkhdf5\src\vtkhdf5_src.dir\release\h5fstest.obj
d:\cybermed\daddy\dependency\sdk-vtk-9.4.2\build_msvc\thirdparty\hdf5\vtkhdf5\src\vtkhdf5_src.dir\release\h5fsstat.obj
d:\cybermed\daddy\dependency\sdk-vtk-9.4.2\build_msvc\thirdparty\hdf5\vtkhdf5\src\vtkhdf5_src.dir\release\h5fssection.obj
d:\cybermed\daddy\dependency\sdk-vtk-9.4.2\build_msvc\thirdparty\hdf5\vtkhdf5\src\vtkhdf5_src.dir\release\h5fsint.obj
d:\cybermed\daddy\dependency\sdk-vtk-9.4.2\build_msvc\thirdparty\hdf5\vtkhdf5\src\vtkhdf5_src.dir\release\h5fsdbg.obj
d:\cybermed\daddy\dependency\sdk-vtk-9.4.2\build_msvc\thirdparty\hdf5\vtkhdf5\src\vtkhdf5_src.dir\release\h5fscache.obj
d:\cybermed\daddy\dependency\sdk-vtk-9.4.2\build_msvc\thirdparty\hdf5\vtkhdf5\src\vtkhdf5_src.dir\release\h5fs.obj
d:\cybermed\daddy\dependency\sdk-vtk-9.4.2\build_msvc\thirdparty\hdf5\vtkhdf5\src\vtkhdf5_src.dir\release\h5fo.obj
d:\cybermed\daddy\dependency\sdk-vtk-9.4.2\build_msvc\thirdparty\hdf5\vtkhdf5\src\vtkhdf5_src.dir\release\h5fl.obj
d:\cybermed\daddy\dependency\sdk-vtk-9.4.2\build_msvc\thirdparty\hdf5\vtkhdf5\src\vtkhdf5_src.dir\release\h5fdwindows.obj
d:\cybermed\daddy\dependency\sdk-vtk-9.4.2\build_msvc\thirdparty\hdf5\vtkhdf5\src\vtkhdf5_src.dir\release\h5fdtest.obj
d:\cybermed\daddy\dependency\sdk-vtk-9.4.2\build_msvc\thirdparty\hdf5\vtkhdf5\src\vtkhdf5_src.dir\release\h5fdstdio.obj
d:\cybermed\daddy\dependency\sdk-vtk-9.4.2\build_msvc\thirdparty\hdf5\vtkhdf5\src\vtkhdf5_src.dir\release\h5fdsplitter.obj
d:\cybermed\daddy\dependency\sdk-vtk-9.4.2\build_msvc\thirdparty\hdf5\vtkhdf5\src\vtkhdf5_src.dir\release\h5fdspace.obj
d:\cybermed\daddy\dependency\sdk-vtk-9.4.2\build_msvc\thirdparty\hdf5\vtkhdf5\src\vtkhdf5_src.dir\release\h5fdsec2.obj
d:\cybermed\daddy\dependency\sdk-vtk-9.4.2\build_msvc\thirdparty\hdf5\vtkhdf5\src\vtkhdf5_src.dir\release\h5fds3comms.obj
d:\cybermed\daddy\dependency\sdk-vtk-9.4.2\build_msvc\thirdparty\hdf5\vtkhdf5\src\vtkhdf5_src.dir\release\h5fdros3.obj
d:\cybermed\daddy\dependency\sdk-vtk-9.4.2\build_msvc\thirdparty\hdf5\vtkhdf5\src\vtkhdf5_src.dir\release\h5fdperform.obj
d:\cybermed\daddy\dependency\sdk-vtk-9.4.2\build_msvc\thirdparty\hdf5\vtkhdf5\src\vtkhdf5_src.dir\release\h5fdmulti.obj
d:\cybermed\daddy\dependency\sdk-vtk-9.4.2\build_msvc\thirdparty\hdf5\vtkhdf5\src\vtkhdf5_src.dir\release\h5fdmpio.obj
d:\cybermed\daddy\dependency\sdk-vtk-9.4.2\build_msvc\thirdparty\hdf5\vtkhdf5\src\vtkhdf5_src.dir\release\h5hfbtree2.obj
d:\cybermed\daddy\dependency\sdk-vtk-9.4.2\build_msvc\thirdparty\hdf5\vtkhdf5\src\vtkhdf5_src.dir\release\h5hf.obj
d:\cybermed\daddy\dependency\sdk-vtk-9.4.2\build_msvc\thirdparty\hdf5\vtkhdf5\src\vtkhdf5_src.dir\release\h5gtraverse.obj
d:\cybermed\daddy\dependency\sdk-vtk-9.4.2\build_msvc\thirdparty\hdf5\vtkhdf5\src\vtkhdf5_src.dir\release\h5gtest.obj
d:\cybermed\daddy\dependency\sdk-vtk-9.4.2\build_msvc\thirdparty\hdf5\vtkhdf5\src\vtkhdf5_src.dir\release\h5gstab.obj
d:\cybermed\daddy\dependency\sdk-vtk-9.4.2\build_msvc\thirdparty\hdf5\vtkhdf5\src\vtkhdf5_src.dir\release\h5groot.obj
d:\cybermed\daddy\dependency\sdk-vtk-9.4.2\build_msvc\thirdparty\hdf5\vtkhdf5\src\vtkhdf5_src.dir\release\h5goh.obj
d:\cybermed\daddy\dependency\sdk-vtk-9.4.2\build_msvc\thirdparty\hdf5\vtkhdf5\src\vtkhdf5_src.dir\release\h5gobj.obj
d:\cybermed\daddy\dependency\sdk-vtk-9.4.2\build_msvc\thirdparty\hdf5\vtkhdf5\src\vtkhdf5_src.dir\release\h5gnode.obj
d:\cybermed\daddy\dependency\sdk-vtk-9.4.2\build_msvc\thirdparty\hdf5\vtkhdf5\src\vtkhdf5_src.dir\release\h5gname.obj
d:\cybermed\daddy\dependency\sdk-vtk-9.4.2\build_msvc\thirdparty\hdf5\vtkhdf5\src\vtkhdf5_src.dir\release\h5gloc.obj
d:\cybermed\daddy\dependency\sdk-vtk-9.4.2\build_msvc\thirdparty\hdf5\vtkhdf5\src\vtkhdf5_src.dir\release\h5glink.obj
d:\cybermed\daddy\dependency\sdk-vtk-9.4.2\build_msvc\thirdparty\hdf5\vtkhdf5\src\vtkhdf5_src.dir\release\h5gint.obj
d:\cybermed\daddy\dependency\sdk-vtk-9.4.2\build_msvc\thirdparty\hdf5\vtkhdf5\src\vtkhdf5_src.dir\release\h5gent.obj
d:\cybermed\daddy\dependency\sdk-vtk-9.4.2\build_msvc\thirdparty\hdf5\vtkhdf5\src\vtkhdf5_src.dir\release\h5gdeprec.obj
d:\cybermed\daddy\dependency\sdk-vtk-9.4.2\build_msvc\thirdparty\hdf5\vtkhdf5\src\vtkhdf5_src.dir\release\h5gdense.obj
d:\cybermed\daddy\dependency\sdk-vtk-9.4.2\build_msvc\thirdparty\hdf5\vtkhdf5\src\vtkhdf5_src.dir\release\h5gcompact.obj
d:\cybermed\daddy\dependency\sdk-vtk-9.4.2\build_msvc\thirdparty\hdf5\vtkhdf5\src\vtkhdf5_src.dir\release\h5gcache.obj
d:\cybermed\daddy\dependency\sdk-vtk-9.4.2\build_msvc\thirdparty\hdf5\vtkhdf5\src\vtkhdf5_src.dir\release\h5gbtree2.obj
d:\cybermed\daddy\dependency\sdk-vtk-9.4.2\build_msvc\thirdparty\hdf5\vtkhdf5\src\vtkhdf5_src.dir\release\h5g.obj
d:\cybermed\daddy\dependency\sdk-vtk-9.4.2\build_msvc\thirdparty\hdf5\vtkhdf5\src\vtkhdf5_src.dir\release\h5hlcache.obj
d:\cybermed\daddy\dependency\sdk-vtk-9.4.2\build_msvc\thirdparty\hdf5\vtkhdf5\src\vtkhdf5_src.dir\release\h5hl.obj
d:\cybermed\daddy\dependency\sdk-vtk-9.4.2\build_msvc\thirdparty\hdf5\vtkhdf5\src\vtkhdf5_src.dir\release\h5hgquery.obj
d:\cybermed\daddy\dependency\sdk-vtk-9.4.2\build_msvc\thirdparty\hdf5\vtkhdf5\src\vtkhdf5_src.dir\release\h5hgdbg.obj
d:\cybermed\daddy\dependency\sdk-vtk-9.4.2\build_msvc\thirdparty\hdf5\vtkhdf5\src\vtkhdf5_src.dir\release\h5hgcache.obj
d:\cybermed\daddy\dependency\sdk-vtk-9.4.2\build_msvc\thirdparty\hdf5\vtkhdf5\src\vtkhdf5_src.dir\release\h5hg.obj
d:\cybermed\daddy\dependency\sdk-vtk-9.4.2\build_msvc\thirdparty\hdf5\vtkhdf5\src\vtkhdf5_src.dir\release\h5hftiny.obj
d:\cybermed\daddy\dependency\sdk-vtk-9.4.2\build_msvc\thirdparty\hdf5\vtkhdf5\src\vtkhdf5_src.dir\release\h5hftest.obj
d:\cybermed\daddy\dependency\sdk-vtk-9.4.2\build_msvc\thirdparty\hdf5\vtkhdf5\src\vtkhdf5_src.dir\release\h5hfstat.obj
d:\cybermed\daddy\dependency\sdk-vtk-9.4.2\build_msvc\thirdparty\hdf5\vtkhdf5\src\vtkhdf5_src.dir\release\h5hfspace.obj
d:\cybermed\daddy\dependency\sdk-vtk-9.4.2\build_msvc\thirdparty\hdf5\vtkhdf5\src\vtkhdf5_src.dir\release\h5hfsection.obj
d:\cybermed\daddy\dependency\sdk-vtk-9.4.2\build_msvc\thirdparty\hdf5\vtkhdf5\src\vtkhdf5_src.dir\release\h5hfman.obj
d:\cybermed\daddy\dependency\sdk-vtk-9.4.2\build_msvc\thirdparty\hdf5\vtkhdf5\src\vtkhdf5_src.dir\release\h5hfiter.obj
d:\cybermed\daddy\dependency\sdk-vtk-9.4.2\build_msvc\thirdparty\hdf5\vtkhdf5\src\vtkhdf5_src.dir\release\h5hfiblock.obj
d:\cybermed\daddy\dependency\sdk-vtk-9.4.2\build_msvc\thirdparty\hdf5\vtkhdf5\src\vtkhdf5_src.dir\release\h5hfhuge.obj
d:\cybermed\daddy\dependency\sdk-vtk-9.4.2\build_msvc\thirdparty\hdf5\vtkhdf5\src\vtkhdf5_src.dir\release\h5hfhdr.obj
d:\cybermed\daddy\dependency\sdk-vtk-9.4.2\build_msvc\thirdparty\hdf5\vtkhdf5\src\vtkhdf5_src.dir\release\h5hfdtable.obj
d:\cybermed\daddy\dependency\sdk-vtk-9.4.2\build_msvc\thirdparty\hdf5\vtkhdf5\src\vtkhdf5_src.dir\release\h5hfdblock.obj
d:\cybermed\daddy\dependency\sdk-vtk-9.4.2\build_msvc\thirdparty\hdf5\vtkhdf5\src\vtkhdf5_src.dir\release\h5hfdbg.obj
d:\cybermed\daddy\dependency\sdk-vtk-9.4.2\build_msvc\thirdparty\hdf5\vtkhdf5\src\vtkhdf5_src.dir\release\h5hfcache.obj
d:\cybermed\daddy\dependency\sdk-vtk-9.4.2\build_msvc\thirdparty\hdf5\vtkhdf5\src\vtkhdf5_src.dir\release\h5mp.obj
d:\cybermed\daddy\dependency\sdk-vtk-9.4.2\build_msvc\thirdparty\hdf5\vtkhdf5\src\vtkhdf5_src.dir\release\h5mm.obj
d:\cybermed\daddy\dependency\sdk-vtk-9.4.2\build_msvc\thirdparty\hdf5\vtkhdf5\src\vtkhdf5_src.dir\release\h5mfsection.obj
d:\cybermed\daddy\dependency\sdk-vtk-9.4.2\build_msvc\thirdparty\hdf5\vtkhdf5\src\vtkhdf5_src.dir\release\h5mfdbg.obj
d:\cybermed\daddy\dependency\sdk-vtk-9.4.2\build_msvc\thirdparty\hdf5\vtkhdf5\src\vtkhdf5_src.dir\release\h5mfaggr.obj
d:\cybermed\daddy\dependency\sdk-vtk-9.4.2\build_msvc\thirdparty\hdf5\vtkhdf5\src\vtkhdf5_src.dir\release\h5mf.obj
d:\cybermed\daddy\dependency\sdk-vtk-9.4.2\build_msvc\thirdparty\hdf5\vtkhdf5\src\vtkhdf5_src.dir\release\h5m.obj
d:\cybermed\daddy\dependency\sdk-vtk-9.4.2\build_msvc\thirdparty\hdf5\vtkhdf5\src\vtkhdf5_src.dir\release\h5lint.obj
d:\cybermed\daddy\dependency\sdk-vtk-9.4.2\build_msvc\thirdparty\hdf5\vtkhdf5\src\vtkhdf5_src.dir\release\h5lexternal.obj
d:\cybermed\daddy\dependency\sdk-vtk-9.4.2\build_msvc\thirdparty\hdf5\vtkhdf5\src\vtkhdf5_src.dir\release\h5ldeprec.obj
d:\cybermed\daddy\dependency\sdk-vtk-9.4.2\build_msvc\thirdparty\hdf5\vtkhdf5\src\vtkhdf5_src.dir\release\h5l.obj
d:\cybermed\daddy\dependency\sdk-vtk-9.4.2\build_msvc\thirdparty\hdf5\vtkhdf5\src\vtkhdf5_src.dir\release\h5itest.obj
d:\cybermed\daddy\dependency\sdk-vtk-9.4.2\build_msvc\thirdparty\hdf5\vtkhdf5\src\vtkhdf5_src.dir\release\h5iint.obj
d:\cybermed\daddy\dependency\sdk-vtk-9.4.2\build_msvc\thirdparty\hdf5\vtkhdf5\src\vtkhdf5_src.dir\release\h5idbg.obj
d:\cybermed\daddy\dependency\sdk-vtk-9.4.2\build_msvc\thirdparty\hdf5\vtkhdf5\src\vtkhdf5_src.dir\release\h5i.obj
d:\cybermed\daddy\dependency\sdk-vtk-9.4.2\build_msvc\thirdparty\hdf5\vtkhdf5\src\vtkhdf5_src.dir\release\h5hp.obj
d:\cybermed\daddy\dependency\sdk-vtk-9.4.2\build_msvc\thirdparty\hdf5\vtkhdf5\src\vtkhdf5_src.dir\release\h5hlprfx.obj
d:\cybermed\daddy\dependency\sdk-vtk-9.4.2\build_msvc\thirdparty\hdf5\vtkhdf5\src\vtkhdf5_src.dir\release\h5hlint.obj
d:\cybermed\daddy\dependency\sdk-vtk-9.4.2\build_msvc\thirdparty\hdf5\vtkhdf5\src\vtkhdf5_src.dir\release\h5hldblk.obj
d:\cybermed\daddy\dependency\sdk-vtk-9.4.2\build_msvc\thirdparty\hdf5\vtkhdf5\src\vtkhdf5_src.dir\release\h5hldbg.obj
d:\cybermed\daddy\dependency\sdk-vtk-9.4.2\build_msvc\thirdparty\hdf5\vtkhdf5\src\vtkhdf5_src.dir\release\h5ofill.obj
d:\cybermed\daddy\dependency\sdk-vtk-9.4.2\build_msvc\thirdparty\hdf5\vtkhdf5\src\vtkhdf5_src.dir\release\h5oefl.obj
d:\cybermed\daddy\dependency\sdk-vtk-9.4.2\build_msvc\thirdparty\hdf5\vtkhdf5\src\vtkhdf5_src.dir\release\h5odtype.obj
d:\cybermed\daddy\dependency\sdk-vtk-9.4.2\build_msvc\thirdparty\hdf5\vtkhdf5\src\vtkhdf5_src.dir\release\h5odrvinfo.obj
d:\cybermed\daddy\dependency\sdk-vtk-9.4.2\build_msvc\thirdparty\hdf5\vtkhdf5\src\vtkhdf5_src.dir\release\h5odeprec.obj
d:\cybermed\daddy\dependency\sdk-vtk-9.4.2\build_msvc\thirdparty\hdf5\vtkhdf5\src\vtkhdf5_src.dir\release\h5odbg.obj
d:\cybermed\daddy\dependency\sdk-vtk-9.4.2\build_msvc\thirdparty\hdf5\vtkhdf5\src\vtkhdf5_src.dir\release\h5ocopy_ref.obj
d:\cybermed\daddy\dependency\sdk-vtk-9.4.2\build_msvc\thirdparty\hdf5\vtkhdf5\src\vtkhdf5_src.dir\release\h5ocopy.obj
d:\cybermed\daddy\dependency\sdk-vtk-9.4.2\build_msvc\thirdparty\hdf5\vtkhdf5\src\vtkhdf5_src.dir\release\h5ocont.obj
d:\cybermed\daddy\dependency\sdk-vtk-9.4.2\build_msvc\thirdparty\hdf5\vtkhdf5\src\vtkhdf5_src.dir\release\h5ochunk.obj
d:\cybermed\daddy\dependency\sdk-vtk-9.4.2\build_msvc\thirdparty\hdf5\vtkhdf5\src\vtkhdf5_src.dir\release\h5ocache_image.obj
d:\cybermed\daddy\dependency\sdk-vtk-9.4.2\build_msvc\thirdparty\hdf5\vtkhdf5\src\vtkhdf5_src.dir\release\h5ocache.obj
d:\cybermed\daddy\dependency\sdk-vtk-9.4.2\build_msvc\thirdparty\hdf5\vtkhdf5\src\vtkhdf5_src.dir\release\h5obtreek.obj
d:\cybermed\daddy\dependency\sdk-vtk-9.4.2\build_msvc\thirdparty\hdf5\vtkhdf5\src\vtkhdf5_src.dir\release\h5obogus.obj
d:\cybermed\daddy\dependency\sdk-vtk-9.4.2\build_msvc\thirdparty\hdf5\vtkhdf5\src\vtkhdf5_src.dir\release\h5oattribute.obj
d:\cybermed\daddy\dependency\sdk-vtk-9.4.2\build_msvc\thirdparty\hdf5\vtkhdf5\src\vtkhdf5_src.dir\release\h5oattr.obj
d:\cybermed\daddy\dependency\sdk-vtk-9.4.2\build_msvc\thirdparty\hdf5\vtkhdf5\src\vtkhdf5_src.dir\release\h5oalloc.obj
d:\cybermed\daddy\dependency\sdk-vtk-9.4.2\build_msvc\thirdparty\hdf5\vtkhdf5\src\vtkhdf5_src.dir\release\h5oainfo.obj
d:\cybermed\daddy\dependency\sdk-vtk-9.4.2\build_msvc\thirdparty\hdf5\vtkhdf5\src\vtkhdf5_src.dir\release\h5o.obj
d:\cybermed\daddy\dependency\sdk-vtk-9.4.2\build_msvc\thirdparty\hdf5\vtkhdf5\src\vtkhdf5_src.dir\release\h5mptest.obj
d:\cybermed\daddy\dependency\sdk-vtk-9.4.2\build_msvc\thirdparty\hdf5\vtkhdf5\src\vtkhdf5_src.dir\release\h5p.obj
d:\cybermed\daddy\dependency\sdk-vtk-9.4.2\build_msvc\thirdparty\hdf5\vtkhdf5\src\vtkhdf5_src.dir\release\h5ounknown.obj
d:\cybermed\daddy\dependency\sdk-vtk-9.4.2\build_msvc\thirdparty\hdf5\vtkhdf5\src\vtkhdf5_src.dir\release\h5otest.obj
d:\cybermed\daddy\dependency\sdk-vtk-9.4.2\build_msvc\thirdparty\hdf5\vtkhdf5\src\vtkhdf5_src.dir\release\h5ostab.obj
d:\cybermed\daddy\dependency\sdk-vtk-9.4.2\build_msvc\thirdparty\hdf5\vtkhdf5\src\vtkhdf5_src.dir\release\h5oshmesg.obj
d:\cybermed\daddy\dependency\sdk-vtk-9.4.2\build_msvc\thirdparty\hdf5\vtkhdf5\src\vtkhdf5_src.dir\release\h5oshared.obj
d:\cybermed\daddy\dependency\sdk-vtk-9.4.2\build_msvc\thirdparty\hdf5\vtkhdf5\src\vtkhdf5_src.dir\release\h5osdspace.obj
d:\cybermed\daddy\dependency\sdk-vtk-9.4.2\build_msvc\thirdparty\hdf5\vtkhdf5\src\vtkhdf5_src.dir\release\h5orefcount.obj
d:\cybermed\daddy\dependency\sdk-vtk-9.4.2\build_msvc\thirdparty\hdf5\vtkhdf5\src\vtkhdf5_src.dir\release\h5opline.obj
d:\cybermed\daddy\dependency\sdk-vtk-9.4.2\build_msvc\thirdparty\hdf5\vtkhdf5\src\vtkhdf5_src.dir\release\h5onull.obj
d:\cybermed\daddy\dependency\sdk-vtk-9.4.2\build_msvc\thirdparty\hdf5\vtkhdf5\src\vtkhdf5_src.dir\release\h5oname.obj
d:\cybermed\daddy\dependency\sdk-vtk-9.4.2\build_msvc\thirdparty\hdf5\vtkhdf5\src\vtkhdf5_src.dir\release\h5omtime.obj
d:\cybermed\daddy\dependency\sdk-vtk-9.4.2\build_msvc\thirdparty\hdf5\vtkhdf5\src\vtkhdf5_src.dir\release\h5omessage.obj
d:\cybermed\daddy\dependency\sdk-vtk-9.4.2\build_msvc\thirdparty\hdf5\vtkhdf5\src\vtkhdf5_src.dir\release\h5olink.obj
d:\cybermed\daddy\dependency\sdk-vtk-9.4.2\build_msvc\thirdparty\hdf5\vtkhdf5\src\vtkhdf5_src.dir\release\h5olinfo.obj
d:\cybermed\daddy\dependency\sdk-vtk-9.4.2\build_msvc\thirdparty\hdf5\vtkhdf5\src\vtkhdf5_src.dir\release\h5olayout.obj
d:\cybermed\daddy\dependency\sdk-vtk-9.4.2\build_msvc\thirdparty\hdf5\vtkhdf5\src\vtkhdf5_src.dir\release\h5oint.obj
d:\cybermed\daddy\dependency\sdk-vtk-9.4.2\build_msvc\thirdparty\hdf5\vtkhdf5\src\vtkhdf5_src.dir\release\h5oginfo.obj
d:\cybermed\daddy\dependency\sdk-vtk-9.4.2\build_msvc\thirdparty\hdf5\vtkhdf5\src\vtkhdf5_src.dir\release\h5ofsinfo.obj
d:\cybermed\daddy\dependency\sdk-vtk-9.4.2\build_msvc\thirdparty\hdf5\vtkhdf5\src\vtkhdf5_src.dir\release\h5oflush.obj
d:\cybermed\daddy\dependency\sdk-vtk-9.4.2\build_msvc\thirdparty\hdf5\vtkhdf5\src\vtkhdf5_src.dir\release\h5pb.obj
d:\cybermed\daddy\dependency\sdk-vtk-9.4.2\build_msvc\thirdparty\hdf5\vtkhdf5\src\vtkhdf5_src.dir\release\h5ptest.obj
d:\cybermed\daddy\dependency\sdk-vtk-9.4.2\build_msvc\thirdparty\hdf5\vtkhdf5\src\vtkhdf5_src.dir\release\h5pstrcpl.obj
d:\cybermed\daddy\dependency\sdk-vtk-9.4.2\build_msvc\thirdparty\hdf5\vtkhdf5\src\vtkhdf5_src.dir\release\h5pocpypl.obj
d:\cybermed\daddy\dependency\sdk-vtk-9.4.2\build_msvc\thirdparty\hdf5\vtkhdf5\src\vtkhdf5_src.dir\release\h5pocpl.obj
d:\cybermed\daddy\dependency\sdk-vtk-9.4.2\build_msvc\thirdparty\hdf5\vtkhdf5\src\vtkhdf5_src.dir\release\h5pmcpl.obj
d:\cybermed\daddy\dependency\sdk-vtk-9.4.2\build_msvc\thirdparty\hdf5\vtkhdf5\src\vtkhdf5_src.dir\release\h5pmapl.obj
d:\cybermed\daddy\dependency\sdk-vtk-9.4.2\build_msvc\thirdparty\hdf5\vtkhdf5\src\vtkhdf5_src.dir\release\h5plcpl.obj
d:\cybermed\daddy\dependency\sdk-vtk-9.4.2\build_msvc\thirdparty\hdf5\vtkhdf5\src\vtkhdf5_src.dir\release\h5plapl.obj
d:\cybermed\daddy\dependency\sdk-vtk-9.4.2\build_msvc\thirdparty\hdf5\vtkhdf5\src\vtkhdf5_src.dir\release\h5pint.obj
d:\cybermed\daddy\dependency\sdk-vtk-9.4.2\build_msvc\thirdparty\hdf5\vtkhdf5\src\vtkhdf5_src.dir\release\h5pgcpl.obj
d:\cybermed\daddy\dependency\sdk-vtk-9.4.2\build_msvc\thirdparty\hdf5\vtkhdf5\src\vtkhdf5_src.dir\release\h5pfmpl.obj
d:\cybermed\daddy\dependency\sdk-vtk-9.4.2\build_msvc\thirdparty\hdf5\vtkhdf5\src\vtkhdf5_src.dir\release\h5pfcpl.obj
d:\cybermed\daddy\dependency\sdk-vtk-9.4.2\build_msvc\thirdparty\hdf5\vtkhdf5\src\vtkhdf5_src.dir\release\h5pfapl.obj
d:\cybermed\daddy\dependency\sdk-vtk-9.4.2\build_msvc\thirdparty\hdf5\vtkhdf5\src\vtkhdf5_src.dir\release\h5pencdec.obj
d:\cybermed\daddy\dependency\sdk-vtk-9.4.2\build_msvc\thirdparty\hdf5\vtkhdf5\src\vtkhdf5_src.dir\release\h5pdxpl.obj
d:\cybermed\daddy\dependency\sdk-vtk-9.4.2\build_msvc\thirdparty\hdf5\vtkhdf5\src\vtkhdf5_src.dir\release\h5pdeprec.obj
d:\cybermed\daddy\dependency\sdk-vtk-9.4.2\build_msvc\thirdparty\hdf5\vtkhdf5\src\vtkhdf5_src.dir\release\h5pdcpl.obj
d:\cybermed\daddy\dependency\sdk-vtk-9.4.2\build_msvc\thirdparty\hdf5\vtkhdf5\src\vtkhdf5_src.dir\release\h5pdapl.obj
d:\cybermed\daddy\dependency\sdk-vtk-9.4.2\build_msvc\thirdparty\hdf5\vtkhdf5\src\vtkhdf5_src.dir\release\h5pacpl.obj
d:\cybermed\daddy\dependency\sdk-vtk-9.4.2\build_msvc\thirdparty\hdf5\vtkhdf5\src\vtkhdf5_src.dir\release\h5sl.obj
d:\cybermed\daddy\dependency\sdk-vtk-9.4.2\build_msvc\thirdparty\hdf5\vtkhdf5\src\vtkhdf5_src.dir\release\h5stest.obj
d:\cybermed\daddy\dependency\sdk-vtk-9.4.2\build_msvc\thirdparty\hdf5\vtkhdf5\src\vtkhdf5_src.dir\release\h5sselect.obj
d:\cybermed\daddy\dependency\sdk-vtk-9.4.2\build_msvc\thirdparty\hdf5\vtkhdf5\src\vtkhdf5_src.dir\release\h5spoint.obj
d:\cybermed\daddy\dependency\sdk-vtk-9.4.2\build_msvc\thirdparty\hdf5\vtkhdf5\src\vtkhdf5_src.dir\release\h5snone.obj
d:\cybermed\daddy\dependency\sdk-vtk-9.4.2\build_msvc\thirdparty\hdf5\vtkhdf5\src\vtkhdf5_src.dir\release\h5smpio.obj
d:\cybermed\daddy\dependency\sdk-vtk-9.4.2\build_msvc\thirdparty\hdf5\vtkhdf5\src\vtkhdf5_src.dir\release\h5shyper.obj
d:\cybermed\daddy\dependency\sdk-vtk-9.4.2\build_msvc\thirdparty\hdf5\vtkhdf5\src\vtkhdf5_src.dir\release\h5sdeprec.obj
d:\cybermed\daddy\dependency\sdk-vtk-9.4.2\build_msvc\thirdparty\hdf5\vtkhdf5\src\vtkhdf5_src.dir\release\h5sdbg.obj
d:\cybermed\daddy\dependency\sdk-vtk-9.4.2\build_msvc\thirdparty\hdf5\vtkhdf5\src\vtkhdf5_src.dir\release\h5sall.obj
d:\cybermed\daddy\dependency\sdk-vtk-9.4.2\build_msvc\thirdparty\hdf5\vtkhdf5\src\vtkhdf5_src.dir\release\h5s.obj
d:\cybermed\daddy\dependency\sdk-vtk-9.4.2\build_msvc\thirdparty\hdf5\vtkhdf5\src\vtkhdf5_src.dir\release\h5rs.obj
d:\cybermed\daddy\dependency\sdk-vtk-9.4.2\build_msvc\thirdparty\hdf5\vtkhdf5\src\vtkhdf5_src.dir\release\h5uc.obj
d:\cybermed\daddy\dependency\sdk-vtk-9.4.2\build_msvc\thirdparty\hdf5\vtkhdf5\src\vtkhdf5_src.dir\release\h5rint.obj
d:\cybermed\daddy\dependency\sdk-vtk-9.4.2\build_msvc\thirdparty\hdf5\vtkhdf5\src\vtkhdf5_src.dir\release\h5rdeprec.obj
d:\cybermed\daddy\dependency\sdk-vtk-9.4.2\build_msvc\thirdparty\hdf5\vtkhdf5\src\vtkhdf5_src.dir\release\h5r.obj
d:\cybermed\daddy\dependency\sdk-vtk-9.4.2\build_msvc\thirdparty\hdf5\vtkhdf5\src\vtkhdf5_src.dir\release\h5plplugin_cache.obj
d:\cybermed\daddy\dependency\sdk-vtk-9.4.2\build_msvc\thirdparty\hdf5\vtkhdf5\src\vtkhdf5_src.dir\release\h5plpath.obj
d:\cybermed\daddy\dependency\sdk-vtk-9.4.2\build_msvc\thirdparty\hdf5\vtkhdf5\src\vtkhdf5_src.dir\release\h5plint.obj
d:\cybermed\daddy\dependency\sdk-vtk-9.4.2\build_msvc\thirdparty\hdf5\vtkhdf5\src\vtkhdf5_src.dir\release\h5pl.obj
d:\cybermed\daddy\dependency\sdk-vtk-9.4.2\build_msvc\thirdparty\hdf5\vtkhdf5\src\vtkhdf5_src.dir\release\h5tnative.obj
d:\cybermed\daddy\dependency\sdk-vtk-9.4.2\build_msvc\thirdparty\hdf5\vtkhdf5\src\vtkhdf5_src.dir\release\h5tinit_float.obj
d:\cybermed\daddy\dependency\sdk-vtk-9.4.2\build_msvc\thirdparty\hdf5\vtkhdf5\src\vtkhdf5_src.dir\release\h5tfloat.obj
d:\cybermed\daddy\dependency\sdk-vtk-9.4.2\build_msvc\thirdparty\hdf5\vtkhdf5\src\vtkhdf5_src.dir\release\h5tfixed.obj
d:\cybermed\daddy\dependency\sdk-vtk-9.4.2\build_msvc\thirdparty\hdf5\vtkhdf5\src\vtkhdf5_src.dir\release\h5tfields.obj
d:\cybermed\daddy\dependency\sdk-vtk-9.4.2\build_msvc\thirdparty\hdf5\vtkhdf5\src\vtkhdf5_src.dir\release\h5tenum.obj
d:\cybermed\daddy\dependency\sdk-vtk-9.4.2\build_msvc\thirdparty\hdf5\vtkhdf5\src\vtkhdf5_src.dir\release\h5tdeprec.obj
d:\cybermed\daddy\dependency\sdk-vtk-9.4.2\build_msvc\thirdparty\hdf5\vtkhdf5\src\vtkhdf5_src.dir\release\h5tdbg.obj
d:\cybermed\daddy\dependency\sdk-vtk-9.4.2\build_msvc\thirdparty\hdf5\vtkhdf5\src\vtkhdf5_src.dir\release\h5tcset.obj
d:\cybermed\daddy\dependency\sdk-vtk-9.4.2\build_msvc\thirdparty\hdf5\vtkhdf5\src\vtkhdf5_src.dir\release\h5tconv.obj
d:\cybermed\daddy\dependency\sdk-vtk-9.4.2\build_msvc\thirdparty\hdf5\vtkhdf5\src\vtkhdf5_src.dir\release\h5tcompound.obj
d:\cybermed\daddy\dependency\sdk-vtk-9.4.2\build_msvc\thirdparty\hdf5\vtkhdf5\src\vtkhdf5_src.dir\release\h5tcommit.obj
d:\cybermed\daddy\dependency\sdk-vtk-9.4.2\build_msvc\thirdparty\hdf5\vtkhdf5\src\vtkhdf5_src.dir\release\h5tbit.obj
d:\cybermed\daddy\dependency\sdk-vtk-9.4.2\build_msvc\thirdparty\hdf5\vtkhdf5\src\vtkhdf5_src.dir\release\h5tarray.obj
d:\cybermed\daddy\dependency\sdk-vtk-9.4.2\build_msvc\thirdparty\hdf5\vtkhdf5\src\vtkhdf5_src.dir\release\h5t.obj
d:\cybermed\daddy\dependency\sdk-vtk-9.4.2\build_msvc\thirdparty\hdf5\vtkhdf5\src\vtkhdf5_src.dir\release\h5smtest.obj
d:\cybermed\daddy\dependency\sdk-vtk-9.4.2\build_msvc\thirdparty\hdf5\vtkhdf5\src\vtkhdf5_src.dir\release\h5smmessage.obj
d:\cybermed\daddy\dependency\sdk-vtk-9.4.2\build_msvc\thirdparty\hdf5\vtkhdf5\src\vtkhdf5_src.dir\release\h5smcache.obj
d:\cybermed\daddy\dependency\sdk-vtk-9.4.2\build_msvc\thirdparty\hdf5\vtkhdf5\src\vtkhdf5_src.dir\release\h5smbtree2.obj
d:\cybermed\daddy\dependency\sdk-vtk-9.4.2\build_msvc\thirdparty\hdf5\vtkhdf5\src\vtkhdf5_src.dir\release\h5sm.obj
d:\cybermed\daddy\dependency\sdk-vtk-9.4.2\build_msvc\thirdparty\hdf5\vtkhdf5\src\vtkhdf5_src.dir\release\h5vlnative_datatype.obj
d:\cybermed\daddy\dependency\sdk-vtk-9.4.2\build_msvc\thirdparty\hdf5\vtkhdf5\src\vtkhdf5_src.dir\release\h5vlnative_dataset.obj
d:\cybermed\daddy\dependency\sdk-vtk-9.4.2\build_msvc\thirdparty\hdf5\vtkhdf5\src\vtkhdf5_src.dir\release\h5vlnative_blob.obj
d:\cybermed\daddy\dependency\sdk-vtk-9.4.2\build_msvc\thirdparty\hdf5\vtkhdf5\src\vtkhdf5_src.dir\release\h5vlnative_attr.obj
d:\cybermed\daddy\dependency\sdk-vtk-9.4.2\build_msvc\thirdparty\hdf5\vtkhdf5\src\vtkhdf5_src.dir\release\h5vlnative.obj
d:\cybermed\daddy\dependency\sdk-vtk-9.4.2\build_msvc\thirdparty\hdf5\vtkhdf5\src\vtkhdf5_src.dir\release\h5vlint.obj
d:\cybermed\daddy\dependency\sdk-vtk-9.4.2\build_msvc\thirdparty\hdf5\vtkhdf5\src\vtkhdf5_src.dir\release\h5vldyn_ops.obj
d:\cybermed\daddy\dependency\sdk-vtk-9.4.2\build_msvc\thirdparty\hdf5\vtkhdf5\src\vtkhdf5_src.dir\release\h5vlcallback.obj
d:\cybermed\daddy\dependency\sdk-vtk-9.4.2\build_msvc\thirdparty\hdf5\vtkhdf5\src\vtkhdf5_src.dir\release\h5vl.obj
d:\cybermed\daddy\dependency\sdk-vtk-9.4.2\build_msvc\thirdparty\hdf5\vtkhdf5\src\vtkhdf5_src.dir\release\h5ts.obj
d:\cybermed\daddy\dependency\sdk-vtk-9.4.2\build_msvc\thirdparty\hdf5\vtkhdf5\src\vtkhdf5_src.dir\release\h5tvlen.obj
d:\cybermed\daddy\dependency\sdk-vtk-9.4.2\build_msvc\thirdparty\hdf5\vtkhdf5\src\vtkhdf5_src.dir\release\h5tvisit.obj
d:\cybermed\daddy\dependency\sdk-vtk-9.4.2\build_msvc\thirdparty\hdf5\vtkhdf5\src\vtkhdf5_src.dir\release\h5tstrpad.obj
d:\cybermed\daddy\dependency\sdk-vtk-9.4.2\build_msvc\thirdparty\hdf5\vtkhdf5\src\vtkhdf5_src.dir\release\h5tref.obj
d:\cybermed\daddy\dependency\sdk-vtk-9.4.2\build_msvc\thirdparty\hdf5\vtkhdf5\src\vtkhdf5_src.dir\release\h5tprecis.obj
d:\cybermed\daddy\dependency\sdk-vtk-9.4.2\build_msvc\thirdparty\hdf5\vtkhdf5\src\vtkhdf5_src.dir\release\h5tpad.obj
d:\cybermed\daddy\dependency\sdk-vtk-9.4.2\build_msvc\thirdparty\hdf5\vtkhdf5\src\vtkhdf5_src.dir\release\h5torder.obj
d:\cybermed\daddy\dependency\sdk-vtk-9.4.2\build_msvc\thirdparty\hdf5\vtkhdf5\src\vtkhdf5_src.dir\release\h5topaque.obj
d:\cybermed\daddy\dependency\sdk-vtk-9.4.2\build_msvc\thirdparty\hdf5\vtkhdf5\src\vtkhdf5_src.dir\release\h5toh.obj
d:\cybermed\daddy\dependency\sdk-vtk-9.4.2\build_msvc\thirdparty\hdf5\vtkhdf5\src\vtkhdf5_src.dir\release\h5toffset.obj
d:\cybermed\daddy\dependency\sdk-vtk-9.4.2\build_msvc\thirdparty\hdf5\vtkhdf5\src\vtkhdf5_src.dir\release\h5ztrans.obj
d:\cybermed\daddy\dependency\sdk-vtk-9.4.2\build_msvc\thirdparty\hdf5\vtkhdf5\src\vtkhdf5_src.dir\release\h5zszip.obj
d:\cybermed\daddy\dependency\sdk-vtk-9.4.2\build_msvc\thirdparty\hdf5\vtkhdf5\src\vtkhdf5_src.dir\release\h5zshuffle.obj
d:\cybermed\daddy\dependency\sdk-vtk-9.4.2\build_msvc\thirdparty\hdf5\vtkhdf5\src\vtkhdf5_src.dir\release\h5zscaleoffset.obj
d:\cybermed\daddy\dependency\sdk-vtk-9.4.2\build_msvc\thirdparty\hdf5\vtkhdf5\src\vtkhdf5_src.dir\release\h5znbit.obj
d:\cybermed\daddy\dependency\sdk-vtk-9.4.2\build_msvc\thirdparty\hdf5\vtkhdf5\src\vtkhdf5_src.dir\release\h5zfletcher32.obj
d:\cybermed\daddy\dependency\sdk-vtk-9.4.2\build_msvc\thirdparty\hdf5\vtkhdf5\src\vtkhdf5_src.dir\release\h5z.obj
d:\cybermed\daddy\dependency\sdk-vtk-9.4.2\build_msvc\thirdparty\hdf5\vtkhdf5\src\vtkhdf5_src.dir\release\h5wb.obj
d:\cybermed\daddy\dependency\sdk-vtk-9.4.2\build_msvc\thirdparty\hdf5\vtkhdf5\src\vtkhdf5_src.dir\release\h5vm.obj
d:\cybermed\daddy\dependency\sdk-vtk-9.4.2\build_msvc\thirdparty\hdf5\vtkhdf5\src\vtkhdf5_src.dir\release\h5vltest.obj
d:\cybermed\daddy\dependency\sdk-vtk-9.4.2\build_msvc\thirdparty\hdf5\vtkhdf5\src\vtkhdf5_src.dir\release\h5vlpassthru.obj
d:\cybermed\daddy\dependency\sdk-vtk-9.4.2\build_msvc\thirdparty\hdf5\vtkhdf5\src\vtkhdf5_src.dir\release\h5vlnative_token.obj
d:\cybermed\daddy\dependency\sdk-vtk-9.4.2\build_msvc\thirdparty\hdf5\vtkhdf5\src\vtkhdf5_src.dir\release\h5vlnative_object.obj
d:\cybermed\daddy\dependency\sdk-vtk-9.4.2\build_msvc\thirdparty\hdf5\vtkhdf5\src\vtkhdf5_src.dir\release\h5vlnative_introspect.obj
d:\cybermed\daddy\dependency\sdk-vtk-9.4.2\build_msvc\thirdparty\hdf5\vtkhdf5\src\vtkhdf5_src.dir\release\h5vlnative_link.obj
d:\cybermed\daddy\dependency\sdk-vtk-9.4.2\build_msvc\thirdparty\hdf5\vtkhdf5\src\vtkhdf5_src.dir\release\h5vlnative_group.obj
d:\cybermed\daddy\dependency\sdk-vtk-9.4.2\build_msvc\thirdparty\hdf5\vtkhdf5\src\vtkhdf5_src.dir\release\h5vlnative_file.obj
d:\cybermed\daddy\dependency\sdk-vtk-9.4.2\build_msvc\thirdparty\hdf5\vtkhdf5\src\vtkhdf5_src.dir\release\h5zdeflate.obj
d:\cybermed\daddy\dependency\sdk-vtk-9.4.2\build_msvc\thirdparty\hdf5\vtkhdf5\src\cmakefiles\generate.stamp
d:\cybermed\daddy\dependency\sdk-vtk-9.4.2\build_msvc\bin\release\vtkhdf5-9.4.dll
d:\cybermed\daddy\dependency\sdk-vtk-9.4.2\build_msvc\lib\release\vtkhdf5-9.4.lib
d:\cybermed\daddy\dependency\sdk-vtk-9.4.2\build_msvc\lib\release\vtkhdf5-9.4.exp
d:\cybermed\daddy\dependency\sdk-vtk-9.4.2\build_msvc\thirdparty\hdf5\vtkhdf5\src\vtkhdf5_src.dir\release\vtkhdf5_src.tlog\cl.command.1.tlog
d:\cybermed\daddy\dependency\sdk-vtk-9.4.2\build_msvc\thirdparty\hdf5\vtkhdf5\src\vtkhdf5_src.dir\release\vtkhdf5_src.tlog\cl.items.tlog
d:\cybermed\daddy\dependency\sdk-vtk-9.4.2\build_msvc\thirdparty\hdf5\vtkhdf5\src\vtkhdf5_src.dir\release\vtkhdf5_src.tlog\cl.read.1.tlog
d:\cybermed\daddy\dependency\sdk-vtk-9.4.2\build_msvc\thirdparty\hdf5\vtkhdf5\src\vtkhdf5_src.dir\release\vtkhdf5_src.tlog\cl.write.1.tlog
d:\cybermed\daddy\dependency\sdk-vtk-9.4.2\build_msvc\thirdparty\hdf5\vtkhdf5\src\vtkhdf5_src.dir\release\vtkhdf5_src.tlog\custombuild.command.1.tlog
d:\cybermed\daddy\dependency\sdk-vtk-9.4.2\build_msvc\thirdparty\hdf5\vtkhdf5\src\vtkhdf5_src.dir\release\vtkhdf5_src.tlog\custombuild.read.1.tlog
d:\cybermed\daddy\dependency\sdk-vtk-9.4.2\build_msvc\thirdparty\hdf5\vtkhdf5\src\vtkhdf5_src.dir\release\vtkhdf5_src.tlog\custombuild.write.1.tlog
d:\cybermed\daddy\dependency\sdk-vtk-9.4.2\build_msvc\thirdparty\hdf5\vtkhdf5\src\vtkhdf5_src.dir\release\vtkhdf5_src.tlog\link.command.1.tlog
d:\cybermed\daddy\dependency\sdk-vtk-9.4.2\build_msvc\thirdparty\hdf5\vtkhdf5\src\vtkhdf5_src.dir\release\vtkhdf5_src.tlog\link.read.1.tlog
d:\cybermed\daddy\dependency\sdk-vtk-9.4.2\build_msvc\thirdparty\hdf5\vtkhdf5\src\vtkhdf5_src.dir\release\vtkhdf5_src.tlog\link.secondary.1.tlog
d:\cybermed\daddy\dependency\sdk-vtk-9.4.2\build_msvc\thirdparty\hdf5\vtkhdf5\src\vtkhdf5_src.dir\release\vtkhdf5_src.tlog\link.write.1.tlog
