  Building Custom Rule D:/cybermed/daddy/dependency/sdk-VTK-9.4.2/Filters/Modeling/CMakeLists.txt
  vtkAdaptiveSubdivisionFilter.cxx
  vtkBandedPolyDataContourFilter.cxx
  vtkButterflySubdivisionFilter.cxx
  vtkCollisionDetectionFilter.cxx
  vtkContourLoopExtraction.cxx
  vtkCookieCutter.cxx
  vtkDijkstraGraphGeodesicPath.cxx
  vtkDijkstraImageGeodesicPath.cxx
  vtkFillHolesFilter.cxx
  vtkFitToHeightMapFilter.cxx
  vtkGeodesicPath.cxx
  vtkGraphGeodesicPath.cxx
  vtkHausdorffDistancePointSetFilter.cxx
  vtkHyperTreeGridOutlineFilter.cxx
  vtkImageDataOutlineFilter.cxx
  vtkImprintFilter.cxx
  vtkLinearCellExtrusionFilter.cxx
  vtkLinearExtrusionFilter.cxx
  vtkLinearSubdivisionFilter.cxx
  vtkLoopSubdivisionFilter.cxx
  코드를 생성하고 있습니다...
  컴파일하고 있습니다...
  vtkOutlineFilter.cxx
  vtkPolyDataPointSampler.cxx
  vtkProjectedTexture.cxx
  vtkQuadRotationalExtrusionFilter.cxx
  vtkRibbonFilter.cxx
  vtkRotationalExtrusionFilter.cxx
  vtkRuledSurfaceFilter.cxx
  vtkSectorSource.cxx
  vtkSelectEnclosedPoints.cxx
  vtkSelectPolyData.cxx
  vtkSpherePuzzle.cxx
  vtkSpherePuzzleArrows.cxx
  vtkSubdivideTetra.cxx
  vtkTrimmedExtrusionFilter.cxx
  vtkVolumeOfRevolutionFilter.cxx
  코드를 생성하고 있습니다...
     D:/cybermed/daddy/dependency/sdk-VTK-9.4.2/build_msvc/lib/Release/vtkFiltersModeling-9.4.lib 라이브러리 및 D:/cybermed/daddy/dependency/sdk-VTK-9.4.2/build_msvc/lib/Release/vtkFiltersModeling-9.4.exp 개체를 생성하고 있습니다.
  FiltersModeling.vcxproj -> D:\cybermed\daddy\dependency\sdk-VTK-9.4.2\build_msvc\bin\Release\vtkFiltersModeling-9.4.dll
