d:\cybermed\daddy\dependency\sdk-vtk-9.4.2\build_msvc\filters\modeling\filtersmodeling.dir\release\vtkloopsubdivisionfilter.obj
d:\cybermed\daddy\dependency\sdk-vtk-9.4.2\build_msvc\filters\modeling\filtersmodeling.dir\release\vtklinearsubdivisionfilter.obj
d:\cybermed\daddy\dependency\sdk-vtk-9.4.2\build_msvc\filters\modeling\filtersmodeling.dir\release\vtklinearextrusionfilter.obj
d:\cybermed\daddy\dependency\sdk-vtk-9.4.2\build_msvc\filters\modeling\filtersmodeling.dir\release\vtklinearcellextrusionfilter.obj
d:\cybermed\daddy\dependency\sdk-vtk-9.4.2\build_msvc\filters\modeling\filtersmodeling.dir\release\vtkimprintfilter.obj
d:\cybermed\daddy\dependency\sdk-vtk-9.4.2\build_msvc\filters\modeling\filtersmodeling.dir\release\vtkimagedataoutlinefilter.obj
d:\cybermed\daddy\dependency\sdk-vtk-9.4.2\build_msvc\filters\modeling\filtersmodeling.dir\release\vtkhypertreegridoutlinefilter.obj
d:\cybermed\daddy\dependency\sdk-vtk-9.4.2\build_msvc\filters\modeling\filtersmodeling.dir\release\vtkhausdorffdistancepointsetfilter.obj
d:\cybermed\daddy\dependency\sdk-vtk-9.4.2\build_msvc\filters\modeling\filtersmodeling.dir\release\vtkgraphgeodesicpath.obj
d:\cybermed\daddy\dependency\sdk-vtk-9.4.2\build_msvc\filters\modeling\filtersmodeling.dir\release\vtkgeodesicpath.obj
d:\cybermed\daddy\dependency\sdk-vtk-9.4.2\build_msvc\filters\modeling\filtersmodeling.dir\release\vtkfittoheightmapfilter.obj
d:\cybermed\daddy\dependency\sdk-vtk-9.4.2\build_msvc\filters\modeling\filtersmodeling.dir\release\vtkfillholesfilter.obj
d:\cybermed\daddy\dependency\sdk-vtk-9.4.2\build_msvc\filters\modeling\filtersmodeling.dir\release\vtkdijkstraimagegeodesicpath.obj
d:\cybermed\daddy\dependency\sdk-vtk-9.4.2\build_msvc\filters\modeling\filtersmodeling.dir\release\vtkdijkstragraphgeodesicpath.obj
d:\cybermed\daddy\dependency\sdk-vtk-9.4.2\build_msvc\filters\modeling\filtersmodeling.dir\release\vtkcookiecutter.obj
d:\cybermed\daddy\dependency\sdk-vtk-9.4.2\build_msvc\filters\modeling\filtersmodeling.dir\release\vtkcontourloopextraction.obj
d:\cybermed\daddy\dependency\sdk-vtk-9.4.2\build_msvc\filters\modeling\filtersmodeling.dir\release\vtkcollisiondetectionfilter.obj
d:\cybermed\daddy\dependency\sdk-vtk-9.4.2\build_msvc\filters\modeling\filtersmodeling.dir\release\vtkbutterflysubdivisionfilter.obj
d:\cybermed\daddy\dependency\sdk-vtk-9.4.2\build_msvc\filters\modeling\filtersmodeling.dir\release\vtkbandedpolydatacontourfilter.obj
d:\cybermed\daddy\dependency\sdk-vtk-9.4.2\build_msvc\filters\modeling\filtersmodeling.dir\release\vtkadaptivesubdivisionfilter.obj
d:\cybermed\daddy\dependency\sdk-vtk-9.4.2\build_msvc\filters\modeling\filtersmodeling.dir\release\vtkvolumeofrevolutionfilter.obj
d:\cybermed\daddy\dependency\sdk-vtk-9.4.2\build_msvc\filters\modeling\filtersmodeling.dir\release\vtktrimmedextrusionfilter.obj
d:\cybermed\daddy\dependency\sdk-vtk-9.4.2\build_msvc\filters\modeling\filtersmodeling.dir\release\vtksubdividetetra.obj
d:\cybermed\daddy\dependency\sdk-vtk-9.4.2\build_msvc\filters\modeling\filtersmodeling.dir\release\vtkspherepuzzlearrows.obj
d:\cybermed\daddy\dependency\sdk-vtk-9.4.2\build_msvc\filters\modeling\filtersmodeling.dir\release\vtkspherepuzzle.obj
d:\cybermed\daddy\dependency\sdk-vtk-9.4.2\build_msvc\filters\modeling\filtersmodeling.dir\release\vtkselectpolydata.obj
d:\cybermed\daddy\dependency\sdk-vtk-9.4.2\build_msvc\filters\modeling\filtersmodeling.dir\release\vtkselectenclosedpoints.obj
d:\cybermed\daddy\dependency\sdk-vtk-9.4.2\build_msvc\filters\modeling\filtersmodeling.dir\release\vtksectorsource.obj
d:\cybermed\daddy\dependency\sdk-vtk-9.4.2\build_msvc\filters\modeling\filtersmodeling.dir\release\vtkruledsurfacefilter.obj
d:\cybermed\daddy\dependency\sdk-vtk-9.4.2\build_msvc\filters\modeling\filtersmodeling.dir\release\vtkrotationalextrusionfilter.obj
d:\cybermed\daddy\dependency\sdk-vtk-9.4.2\build_msvc\filters\modeling\filtersmodeling.dir\release\vtkribbonfilter.obj
d:\cybermed\daddy\dependency\sdk-vtk-9.4.2\build_msvc\filters\modeling\filtersmodeling.dir\release\vtkquadrotationalextrusionfilter.obj
d:\cybermed\daddy\dependency\sdk-vtk-9.4.2\build_msvc\filters\modeling\filtersmodeling.dir\release\vtkprojectedtexture.obj
d:\cybermed\daddy\dependency\sdk-vtk-9.4.2\build_msvc\filters\modeling\filtersmodeling.dir\release\vtkpolydatapointsampler.obj
d:\cybermed\daddy\dependency\sdk-vtk-9.4.2\build_msvc\filters\modeling\filtersmodeling.dir\release\vtkoutlinefilter.obj
d:\cybermed\daddy\dependency\sdk-vtk-9.4.2\build_msvc\filters\modeling\cmakefiles\generate.stamp
d:\cybermed\daddy\dependency\sdk-vtk-9.4.2\build_msvc\bin\release\vtkfiltersmodeling-9.4.dll
d:\cybermed\daddy\dependency\sdk-vtk-9.4.2\build_msvc\lib\release\vtkfiltersmodeling-9.4.lib
d:\cybermed\daddy\dependency\sdk-vtk-9.4.2\build_msvc\lib\release\vtkfiltersmodeling-9.4.exp
d:\cybermed\daddy\dependency\sdk-vtk-9.4.2\build_msvc\filters\modeling\filtersmodeling.dir\release\filtersmodeling.tlog\cl.command.1.tlog
d:\cybermed\daddy\dependency\sdk-vtk-9.4.2\build_msvc\filters\modeling\filtersmodeling.dir\release\filtersmodeling.tlog\cl.items.tlog
d:\cybermed\daddy\dependency\sdk-vtk-9.4.2\build_msvc\filters\modeling\filtersmodeling.dir\release\filtersmodeling.tlog\cl.read.1.tlog
d:\cybermed\daddy\dependency\sdk-vtk-9.4.2\build_msvc\filters\modeling\filtersmodeling.dir\release\filtersmodeling.tlog\cl.write.1.tlog
d:\cybermed\daddy\dependency\sdk-vtk-9.4.2\build_msvc\filters\modeling\filtersmodeling.dir\release\filtersmodeling.tlog\custombuild.command.1.tlog
d:\cybermed\daddy\dependency\sdk-vtk-9.4.2\build_msvc\filters\modeling\filtersmodeling.dir\release\filtersmodeling.tlog\custombuild.read.1.tlog
d:\cybermed\daddy\dependency\sdk-vtk-9.4.2\build_msvc\filters\modeling\filtersmodeling.dir\release\filtersmodeling.tlog\custombuild.write.1.tlog
d:\cybermed\daddy\dependency\sdk-vtk-9.4.2\build_msvc\filters\modeling\filtersmodeling.dir\release\filtersmodeling.tlog\link.command.1.tlog
d:\cybermed\daddy\dependency\sdk-vtk-9.4.2\build_msvc\filters\modeling\filtersmodeling.dir\release\filtersmodeling.tlog\link.read.1.tlog
d:\cybermed\daddy\dependency\sdk-vtk-9.4.2\build_msvc\filters\modeling\filtersmodeling.dir\release\filtersmodeling.tlog\link.secondary.1.tlog
d:\cybermed\daddy\dependency\sdk-vtk-9.4.2\build_msvc\filters\modeling\filtersmodeling.dir\release\filtersmodeling.tlog\link.write.1.tlog
