d:\cybermed\daddy\dependency\sdk-vtk-9.4.2\build_msvc\filters\parallel\filtersparallel.dir\release\vtkhypertreegridgenerateprocessids.obj
d:\cybermed\daddy\dependency\sdk-vtk-9.4.2\build_msvc\filters\parallel\filtersparallel.dir\release\vtkhypertreegridgenerateglobalids.obj
d:\cybermed\daddy\dependency\sdk-vtk-9.4.2\build_msvc\filters\parallel\filtersparallel.dir\release\vtkgenerateprocessids.obj
d:\cybermed\daddy\dependency\sdk-vtk-9.4.2\build_msvc\filters\parallel\filtersparallel.dir\release\vtkextractuserdefinedpiece.obj
d:\cybermed\daddy\dependency\sdk-vtk-9.4.2\build_msvc\filters\parallel\filtersparallel.dir\release\vtkextractunstructuredgridpiece.obj
d:\cybermed\daddy\dependency\sdk-vtk-9.4.2\build_msvc\filters\parallel\filtersparallel.dir\release\vtkextractpolydatapiece.obj
d:\cybermed\daddy\dependency\sdk-vtk-9.4.2\build_msvc\filters\parallel\filtersparallel.dir\release\vtkextractcthpart.obj
d:\cybermed\daddy\dependency\sdk-vtk-9.4.2\build_msvc\filters\parallel\filtersparallel.dir\release\vtkduplicatepolydata.obj
d:\cybermed\daddy\dependency\sdk-vtk-9.4.2\build_msvc\filters\parallel\filtersparallel.dir\release\vtkdistributeddatafilter.obj
d:\cybermed\daddy\dependency\sdk-vtk-9.4.2\build_msvc\filters\parallel\filtersparallel.dir\release\vtkcutmaterial.obj
d:\cybermed\daddy\dependency\sdk-vtk-9.4.2\build_msvc\filters\parallel\filtersparallel.dir\release\vtkcollecttable.obj
d:\cybermed\daddy\dependency\sdk-vtk-9.4.2\build_msvc\filters\parallel\filtersparallel.dir\release\vtkcollectpolydata.obj
d:\cybermed\daddy\dependency\sdk-vtk-9.4.2\build_msvc\filters\parallel\filtersparallel.dir\release\vtkcollectgraph.obj
d:\cybermed\daddy\dependency\sdk-vtk-9.4.2\build_msvc\filters\parallel\filtersparallel.dir\release\vtkcleanarrays.obj
d:\cybermed\daddy\dependency\sdk-vtk-9.4.2\build_msvc\filters\parallel\filtersparallel.dir\release\vtkangularperiodicfilter.obj
d:\cybermed\daddy\dependency\sdk-vtk-9.4.2\build_msvc\filters\parallel\filtersparallel.dir\release\vtkalignimagedatasetfilter.obj
d:\cybermed\daddy\dependency\sdk-vtk-9.4.2\build_msvc\filters\parallel\filtersparallel.dir\release\vtkaggregatedatasetfilter.obj
d:\cybermed\daddy\dependency\sdk-vtk-9.4.2\build_msvc\filters\parallel\filtersparallel.dir\release\vtkadaptivetemporalinterpolator.obj
d:\cybermed\daddy\dependency\sdk-vtk-9.4.2\build_msvc\filters\parallel\filtersparallel.dir\release\vtkhypertreegridghostcellsgeneratorinternals.obj
d:\cybermed\daddy\dependency\sdk-vtk-9.4.2\build_msvc\filters\parallel\filtersparallel.dir\release\vtkfiltersparallelobjectfactory.obj
d:\cybermed\daddy\dependency\sdk-vtk-9.4.2\build_msvc\filters\parallel\filtersparallel.dir\release\vtkpoutlinefilter.obj
d:\cybermed\daddy\dependency\sdk-vtk-9.4.2\build_msvc\filters\parallel\filtersparallel.dir\release\vtkpoutlinecornerfilter.obj
d:\cybermed\daddy\dependency\sdk-vtk-9.4.2\build_msvc\filters\parallel\filtersparallel.dir\release\vtkpmergearrays.obj
d:\cybermed\daddy\dependency\sdk-vtk-9.4.2\build_msvc\filters\parallel\filtersparallel.dir\release\vtkpmaskpoints.obj
d:\cybermed\daddy\dependency\sdk-vtk-9.4.2\build_msvc\filters\parallel\filtersparallel.dir\release\vtkplinearextrusionfilter.obj
d:\cybermed\daddy\dependency\sdk-vtk-9.4.2\build_msvc\filters\parallel\filtersparallel.dir\release\vtkpkdtree.obj
d:\cybermed\daddy\dependency\sdk-vtk-9.4.2\build_msvc\filters\parallel\filtersparallel.dir\release\vtkpipelinesize.obj
d:\cybermed\daddy\dependency\sdk-vtk-9.4.2\build_msvc\filters\parallel\filtersparallel.dir\release\vtkpiecescalars.obj
d:\cybermed\daddy\dependency\sdk-vtk-9.4.2\build_msvc\filters\parallel\filtersparallel.dir\release\vtkpiecerequestfilter.obj
d:\cybermed\daddy\dependency\sdk-vtk-9.4.2\build_msvc\filters\parallel\filtersparallel.dir\release\vtkpextractselectedarraysovertime.obj
d:\cybermed\daddy\dependency\sdk-vtk-9.4.2\build_msvc\filters\parallel\filtersparallel.dir\release\vtkpextractexodusglobaltemporalvariables.obj
d:\cybermed\daddy\dependency\sdk-vtk-9.4.2\build_msvc\filters\parallel\filtersparallel.dir\release\vtkpextractdataarraysovertime.obj
d:\cybermed\daddy\dependency\sdk-vtk-9.4.2\build_msvc\filters\parallel\filtersparallel.dir\release\vtkpconverttomultiblockdataset.obj
d:\cybermed\daddy\dependency\sdk-vtk-9.4.2\build_msvc\filters\parallel\filtersparallel.dir\release\vtkpcelldatatopointdata.obj
d:\cybermed\daddy\dependency\sdk-vtk-9.4.2\build_msvc\filters\parallel\filtersparallel.dir\release\vtkperiodicfilter.obj
d:\cybermed\daddy\dependency\sdk-vtk-9.4.2\build_msvc\filters\parallel\filtersparallel.dir\release\vtkintegrateattributes.obj
d:\cybermed\daddy\dependency\sdk-vtk-9.4.2\build_msvc\filters\parallel\filtersparallel.dir\release\vtkphypertreegridprobefilter.obj
d:\cybermed\daddy\dependency\sdk-vtk-9.4.2\build_msvc\filters\parallel\filtersparallel.dir\release\vtkmultiprocesscontrollerhelper.obj
d:\cybermed\daddy\dependency\sdk-vtk-9.4.2\build_msvc\filters\parallel\filtersparallel.dir\release\vtkmergeblocks.obj
d:\cybermed\daddy\dependency\sdk-vtk-9.4.2\build_msvc\filters\parallel\filtersparallel.dir\release\vtkhypertreegridghostcellsgenerator.obj
d:\cybermed\daddy\dependency\sdk-vtk-9.4.2\build_msvc\filters\parallel\filtersparallel.dir\release\vtktransmitunstructuredgridpiece.obj
d:\cybermed\daddy\dependency\sdk-vtk-9.4.2\build_msvc\filters\parallel\filtersparallel.dir\release\vtktransmitstructuredgridpiece.obj
d:\cybermed\daddy\dependency\sdk-vtk-9.4.2\build_msvc\filters\parallel\filtersparallel.dir\release\vtktransmitstructureddatapiece.obj
d:\cybermed\daddy\dependency\sdk-vtk-9.4.2\build_msvc\filters\parallel\filtersparallel.dir\release\vtktransmitrectilineargridpiece.obj
d:\cybermed\daddy\dependency\sdk-vtk-9.4.2\build_msvc\filters\parallel\filtersparallel.dir\release\vtktransmitpolydatapiece.obj
d:\cybermed\daddy\dependency\sdk-vtk-9.4.2\build_msvc\filters\parallel\filtersparallel.dir\release\vtkremoveghosts.obj
d:\cybermed\daddy\dependency\sdk-vtk-9.4.2\build_msvc\filters\parallel\filtersparallel.dir\release\vtkrectilineargridoutlinefilter.obj
d:\cybermed\daddy\dependency\sdk-vtk-9.4.2\build_msvc\filters\parallel\filtersparallel.dir\release\vtkpyoungsmaterialinterface.obj
d:\cybermed\daddy\dependency\sdk-vtk-9.4.2\build_msvc\filters\parallel\filtersparallel.dir\release\vtkptexturemaptosphere.obj
d:\cybermed\daddy\dependency\sdk-vtk-9.4.2\build_msvc\filters\parallel\filtersparallel.dir\release\vtkpspheresource.obj
d:\cybermed\daddy\dependency\sdk-vtk-9.4.2\build_msvc\filters\parallel\filtersparallel.dir\release\vtkprocessidscalars.obj
d:\cybermed\daddy\dependency\sdk-vtk-9.4.2\build_msvc\filters\parallel\filtersparallel.dir\release\vtkpartitionbalancer.obj
d:\cybermed\daddy\dependency\sdk-vtk-9.4.2\build_msvc\filters\parallel\filtersparallel.dir\release\vtkpresamplefilter.obj
d:\cybermed\daddy\dependency\sdk-vtk-9.4.2\build_msvc\filters\parallel\filtersparallel.dir\release\vtkpreflectionfilter.obj
d:\cybermed\daddy\dependency\sdk-vtk-9.4.2\build_msvc\filters\parallel\filtersparallel.dir\release\vtkpprojectspherefilter.obj
d:\cybermed\daddy\dependency\sdk-vtk-9.4.2\build_msvc\filters\parallel\filtersparallel.dir\release\vtkpprobefilter.obj
d:\cybermed\daddy\dependency\sdk-vtk-9.4.2\build_msvc\filters\parallel\filtersparallel.dir\release\vtkppolydatanormals.obj
d:\cybermed\daddy\dependency\sdk-vtk-9.4.2\build_msvc\filters\parallel\filtersparallel.dir\release\vtkpoutlinefilterinternals.obj
d:\cybermed\daddy\dependency\sdk-vtk-9.4.2\build_msvc\filters\parallel\cmakefiles\generate.stamp
d:\cybermed\daddy\dependency\sdk-vtk-9.4.2\build_msvc\bin\release\vtkfiltersparallel-9.4.dll
d:\cybermed\daddy\dependency\sdk-vtk-9.4.2\build_msvc\lib\release\vtkfiltersparallel-9.4.lib
d:\cybermed\daddy\dependency\sdk-vtk-9.4.2\build_msvc\lib\release\vtkfiltersparallel-9.4.exp
d:\cybermed\daddy\dependency\sdk-vtk-9.4.2\build_msvc\filters\parallel\filtersparallel.dir\release\filtersparallel.tlog\cl.command.1.tlog
d:\cybermed\daddy\dependency\sdk-vtk-9.4.2\build_msvc\filters\parallel\filtersparallel.dir\release\filtersparallel.tlog\cl.items.tlog
d:\cybermed\daddy\dependency\sdk-vtk-9.4.2\build_msvc\filters\parallel\filtersparallel.dir\release\filtersparallel.tlog\cl.read.1.tlog
d:\cybermed\daddy\dependency\sdk-vtk-9.4.2\build_msvc\filters\parallel\filtersparallel.dir\release\filtersparallel.tlog\cl.write.1.tlog
d:\cybermed\daddy\dependency\sdk-vtk-9.4.2\build_msvc\filters\parallel\filtersparallel.dir\release\filtersparallel.tlog\custombuild.command.1.tlog
d:\cybermed\daddy\dependency\sdk-vtk-9.4.2\build_msvc\filters\parallel\filtersparallel.dir\release\filtersparallel.tlog\custombuild.read.1.tlog
d:\cybermed\daddy\dependency\sdk-vtk-9.4.2\build_msvc\filters\parallel\filtersparallel.dir\release\filtersparallel.tlog\custombuild.write.1.tlog
d:\cybermed\daddy\dependency\sdk-vtk-9.4.2\build_msvc\filters\parallel\filtersparallel.dir\release\filtersparallel.tlog\link.command.1.tlog
d:\cybermed\daddy\dependency\sdk-vtk-9.4.2\build_msvc\filters\parallel\filtersparallel.dir\release\filtersparallel.tlog\link.read.1.tlog
d:\cybermed\daddy\dependency\sdk-vtk-9.4.2\build_msvc\filters\parallel\filtersparallel.dir\release\filtersparallel.tlog\link.secondary.1.tlog
d:\cybermed\daddy\dependency\sdk-vtk-9.4.2\build_msvc\filters\parallel\filtersparallel.dir\release\filtersparallel.tlog\link.write.1.tlog
