d:\cybermed\daddy\dependency\sdk-vtk-9.4.2\build_msvc\io\amr\ioamr.dir\release\vtkamrvelodynereaderinternal.obj
d:\cybermed\daddy\dependency\sdk-vtk-9.4.2\build_msvc\io\amr\ioamr.dir\release\vtkamrflashreaderinternal.obj
d:\cybermed\daddy\dependency\sdk-vtk-9.4.2\build_msvc\io\amr\ioamr.dir\release\vtkamrexgridreaderinternal.obj
d:\cybermed\daddy\dependency\sdk-vtk-9.4.2\build_msvc\io\amr\ioamr.dir\release\vtkamrenzoreaderinternal.obj
d:\cybermed\daddy\dependency\sdk-vtk-9.4.2\build_msvc\io\amr\ioamr.dir\release\vtkamrvelodynereader.obj
d:\cybermed\daddy\dependency\sdk-vtk-9.4.2\build_msvc\io\amr\ioamr.dir\release\vtkamrflashreader.obj
d:\cybermed\daddy\dependency\sdk-vtk-9.4.2\build_msvc\io\amr\ioamr.dir\release\vtkamrflashparticlesreader.obj
d:\cybermed\daddy\dependency\sdk-vtk-9.4.2\build_msvc\io\amr\ioamr.dir\release\vtkamrexparticlesreader.obj
d:\cybermed\daddy\dependency\sdk-vtk-9.4.2\build_msvc\io\amr\ioamr.dir\release\vtkamrexgridreader.obj
d:\cybermed\daddy\dependency\sdk-vtk-9.4.2\build_msvc\io\amr\ioamr.dir\release\vtkamrenzoreader.obj
d:\cybermed\daddy\dependency\sdk-vtk-9.4.2\build_msvc\io\amr\ioamr.dir\release\vtkamrenzoparticlesreader.obj
d:\cybermed\daddy\dependency\sdk-vtk-9.4.2\build_msvc\io\amr\ioamr.dir\release\vtkamrdatasetcache.obj
d:\cybermed\daddy\dependency\sdk-vtk-9.4.2\build_msvc\io\amr\ioamr.dir\release\vtkamrbasereader.obj
d:\cybermed\daddy\dependency\sdk-vtk-9.4.2\build_msvc\io\amr\ioamr.dir\release\vtkamrbaseparticlesreader.obj
d:\cybermed\daddy\dependency\sdk-vtk-9.4.2\build_msvc\io\amr\cmakefiles\generate.stamp
d:\cybermed\daddy\dependency\sdk-vtk-9.4.2\build_msvc\bin\release\vtkioamr-9.4.dll
d:\cybermed\daddy\dependency\sdk-vtk-9.4.2\build_msvc\lib\release\vtkioamr-9.4.lib
d:\cybermed\daddy\dependency\sdk-vtk-9.4.2\build_msvc\lib\release\vtkioamr-9.4.exp
d:\cybermed\daddy\dependency\sdk-vtk-9.4.2\build_msvc\io\amr\ioamr.dir\release\ioamr.tlog\cl.command.1.tlog
d:\cybermed\daddy\dependency\sdk-vtk-9.4.2\build_msvc\io\amr\ioamr.dir\release\ioamr.tlog\cl.items.tlog
d:\cybermed\daddy\dependency\sdk-vtk-9.4.2\build_msvc\io\amr\ioamr.dir\release\ioamr.tlog\cl.read.1.tlog
d:\cybermed\daddy\dependency\sdk-vtk-9.4.2\build_msvc\io\amr\ioamr.dir\release\ioamr.tlog\cl.write.1.tlog
d:\cybermed\daddy\dependency\sdk-vtk-9.4.2\build_msvc\io\amr\ioamr.dir\release\ioamr.tlog\custombuild.command.1.tlog
d:\cybermed\daddy\dependency\sdk-vtk-9.4.2\build_msvc\io\amr\ioamr.dir\release\ioamr.tlog\custombuild.read.1.tlog
d:\cybermed\daddy\dependency\sdk-vtk-9.4.2\build_msvc\io\amr\ioamr.dir\release\ioamr.tlog\custombuild.write.1.tlog
d:\cybermed\daddy\dependency\sdk-vtk-9.4.2\build_msvc\io\amr\ioamr.dir\release\ioamr.tlog\link.command.1.tlog
d:\cybermed\daddy\dependency\sdk-vtk-9.4.2\build_msvc\io\amr\ioamr.dir\release\ioamr.tlog\link.read.1.tlog
d:\cybermed\daddy\dependency\sdk-vtk-9.4.2\build_msvc\io\amr\ioamr.dir\release\ioamr.tlog\link.secondary.1.tlog
d:\cybermed\daddy\dependency\sdk-vtk-9.4.2\build_msvc\io\amr\ioamr.dir\release\ioamr.tlog\link.write.1.tlog
