d:\cybermed\daddy\dependency\sdk-vtk-9.4.2\build_msvc\thirdparty\jpeg\vtkjpeg\jpeg.dir\release\jdatadst.obj
d:\cybermed\daddy\dependency\sdk-vtk-9.4.2\build_msvc\thirdparty\jpeg\vtkjpeg\jpeg.dir\release\jdapistd.obj
d:\cybermed\daddy\dependency\sdk-vtk-9.4.2\build_msvc\thirdparty\jpeg\vtkjpeg\jpeg.dir\release\jdapimin.obj
d:\cybermed\daddy\dependency\sdk-vtk-9.4.2\build_msvc\thirdparty\jpeg\vtkjpeg\jpeg.dir\release\jctrans.obj
d:\cybermed\daddy\dependency\sdk-vtk-9.4.2\build_msvc\thirdparty\jpeg\vtkjpeg\jpeg.dir\release\jcsample.obj
d:\cybermed\daddy\dependency\sdk-vtk-9.4.2\build_msvc\thirdparty\jpeg\vtkjpeg\jpeg.dir\release\jcprepct.obj
d:\cybermed\daddy\dependency\sdk-vtk-9.4.2\build_msvc\thirdparty\jpeg\vtkjpeg\jpeg.dir\release\jcphuff.obj
d:\cybermed\daddy\dependency\sdk-vtk-9.4.2\build_msvc\thirdparty\jpeg\vtkjpeg\jpeg.dir\release\jcparam.obj
d:\cybermed\daddy\dependency\sdk-vtk-9.4.2\build_msvc\thirdparty\jpeg\vtkjpeg\jpeg.dir\release\jcomapi.obj
d:\cybermed\daddy\dependency\sdk-vtk-9.4.2\build_msvc\thirdparty\jpeg\vtkjpeg\jpeg.dir\release\jcmaster.obj
d:\cybermed\daddy\dependency\sdk-vtk-9.4.2\build_msvc\thirdparty\jpeg\vtkjpeg\jpeg.dir\release\jcmarker.obj
d:\cybermed\daddy\dependency\sdk-vtk-9.4.2\build_msvc\thirdparty\jpeg\vtkjpeg\jpeg.dir\release\jcmainct.obj
d:\cybermed\daddy\dependency\sdk-vtk-9.4.2\build_msvc\thirdparty\jpeg\vtkjpeg\jpeg.dir\release\jcinit.obj
d:\cybermed\daddy\dependency\sdk-vtk-9.4.2\build_msvc\thirdparty\jpeg\vtkjpeg\jpeg.dir\release\jcicc.obj
d:\cybermed\daddy\dependency\sdk-vtk-9.4.2\build_msvc\thirdparty\jpeg\vtkjpeg\jpeg.dir\release\jchuff.obj
d:\cybermed\daddy\dependency\sdk-vtk-9.4.2\build_msvc\thirdparty\jpeg\vtkjpeg\jpeg.dir\release\jcdctmgr.obj
d:\cybermed\daddy\dependency\sdk-vtk-9.4.2\build_msvc\thirdparty\jpeg\vtkjpeg\jpeg.dir\release\jccolor.obj
d:\cybermed\daddy\dependency\sdk-vtk-9.4.2\build_msvc\thirdparty\jpeg\vtkjpeg\jpeg.dir\release\jccoefct.obj
d:\cybermed\daddy\dependency\sdk-vtk-9.4.2\build_msvc\thirdparty\jpeg\vtkjpeg\jpeg.dir\release\jcapistd.obj
d:\cybermed\daddy\dependency\sdk-vtk-9.4.2\build_msvc\thirdparty\jpeg\vtkjpeg\jpeg.dir\release\jcapimin.obj
d:\cybermed\daddy\dependency\sdk-vtk-9.4.2\build_msvc\thirdparty\jpeg\vtkjpeg\jpeg.dir\release\jidctflt.obj
d:\cybermed\daddy\dependency\sdk-vtk-9.4.2\build_msvc\thirdparty\jpeg\vtkjpeg\jpeg.dir\release\jfdctint.obj
d:\cybermed\daddy\dependency\sdk-vtk-9.4.2\build_msvc\thirdparty\jpeg\vtkjpeg\jpeg.dir\release\jfdctfst.obj
d:\cybermed\daddy\dependency\sdk-vtk-9.4.2\build_msvc\thirdparty\jpeg\vtkjpeg\jpeg.dir\release\jfdctflt.obj
d:\cybermed\daddy\dependency\sdk-vtk-9.4.2\build_msvc\thirdparty\jpeg\vtkjpeg\jpeg.dir\release\jerror.obj
d:\cybermed\daddy\dependency\sdk-vtk-9.4.2\build_msvc\thirdparty\jpeg\vtkjpeg\jpeg.dir\release\jdtrans.obj
d:\cybermed\daddy\dependency\sdk-vtk-9.4.2\build_msvc\thirdparty\jpeg\vtkjpeg\jpeg.dir\release\jdsample.obj
d:\cybermed\daddy\dependency\sdk-vtk-9.4.2\build_msvc\thirdparty\jpeg\vtkjpeg\jpeg.dir\release\jdpostct.obj
d:\cybermed\daddy\dependency\sdk-vtk-9.4.2\build_msvc\thirdparty\jpeg\vtkjpeg\jpeg.dir\release\jdphuff.obj
d:\cybermed\daddy\dependency\sdk-vtk-9.4.2\build_msvc\thirdparty\jpeg\vtkjpeg\jpeg.dir\release\jdmerge.obj
d:\cybermed\daddy\dependency\sdk-vtk-9.4.2\build_msvc\thirdparty\jpeg\vtkjpeg\jpeg.dir\release\jdmaster.obj
d:\cybermed\daddy\dependency\sdk-vtk-9.4.2\build_msvc\thirdparty\jpeg\vtkjpeg\jpeg.dir\release\jdmarker.obj
d:\cybermed\daddy\dependency\sdk-vtk-9.4.2\build_msvc\thirdparty\jpeg\vtkjpeg\jpeg.dir\release\jdmainct.obj
d:\cybermed\daddy\dependency\sdk-vtk-9.4.2\build_msvc\thirdparty\jpeg\vtkjpeg\jpeg.dir\release\jdinput.obj
d:\cybermed\daddy\dependency\sdk-vtk-9.4.2\build_msvc\thirdparty\jpeg\vtkjpeg\jpeg.dir\release\jdicc.obj
d:\cybermed\daddy\dependency\sdk-vtk-9.4.2\build_msvc\thirdparty\jpeg\vtkjpeg\jpeg.dir\release\jdhuff.obj
d:\cybermed\daddy\dependency\sdk-vtk-9.4.2\build_msvc\thirdparty\jpeg\vtkjpeg\jpeg.dir\release\jddctmgr.obj
d:\cybermed\daddy\dependency\sdk-vtk-9.4.2\build_msvc\thirdparty\jpeg\vtkjpeg\jpeg.dir\release\jdcolor.obj
d:\cybermed\daddy\dependency\sdk-vtk-9.4.2\build_msvc\thirdparty\jpeg\vtkjpeg\jpeg.dir\release\jdcoefct.obj
d:\cybermed\daddy\dependency\sdk-vtk-9.4.2\build_msvc\thirdparty\jpeg\vtkjpeg\jpeg.dir\release\jdatasrc.obj
d:\cybermed\daddy\dependency\sdk-vtk-9.4.2\build_msvc\thirdparty\jpeg\vtkjpeg\jpeg.dir\release\jsimd_none.obj
d:\cybermed\daddy\dependency\sdk-vtk-9.4.2\build_msvc\thirdparty\jpeg\vtkjpeg\jpeg.dir\release\jdarith.obj
d:\cybermed\daddy\dependency\sdk-vtk-9.4.2\build_msvc\thirdparty\jpeg\vtkjpeg\jpeg.dir\release\jcarith.obj
d:\cybermed\daddy\dependency\sdk-vtk-9.4.2\build_msvc\thirdparty\jpeg\vtkjpeg\jpeg.dir\release\jaricom.obj
d:\cybermed\daddy\dependency\sdk-vtk-9.4.2\build_msvc\thirdparty\jpeg\vtkjpeg\jpeg.dir\release\jmemnobs.obj
d:\cybermed\daddy\dependency\sdk-vtk-9.4.2\build_msvc\thirdparty\jpeg\vtkjpeg\jpeg.dir\release\jmemmgr.obj
d:\cybermed\daddy\dependency\sdk-vtk-9.4.2\build_msvc\thirdparty\jpeg\vtkjpeg\jpeg.dir\release\jutils.obj
d:\cybermed\daddy\dependency\sdk-vtk-9.4.2\build_msvc\thirdparty\jpeg\vtkjpeg\jpeg.dir\release\jquant2.obj
d:\cybermed\daddy\dependency\sdk-vtk-9.4.2\build_msvc\thirdparty\jpeg\vtkjpeg\jpeg.dir\release\jquant1.obj
d:\cybermed\daddy\dependency\sdk-vtk-9.4.2\build_msvc\thirdparty\jpeg\vtkjpeg\jpeg.dir\release\jidctred.obj
d:\cybermed\daddy\dependency\sdk-vtk-9.4.2\build_msvc\thirdparty\jpeg\vtkjpeg\jpeg.dir\release\jidctint.obj
d:\cybermed\daddy\dependency\sdk-vtk-9.4.2\build_msvc\thirdparty\jpeg\vtkjpeg\jpeg.dir\release\jidctfst.obj
d:\cybermed\daddy\dependency\sdk-vtk-9.4.2\build_msvc\thirdparty\jpeg\vtkjpeg\cmakefiles\generate.stamp
d:\cybermed\daddy\dependency\sdk-vtk-9.4.2\build_msvc\bin\release\vtkjpeg-9.4.dll
d:\cybermed\daddy\dependency\sdk-vtk-9.4.2\build_msvc\lib\release\vtkjpeg-9.4.lib
d:\cybermed\daddy\dependency\sdk-vtk-9.4.2\build_msvc\lib\release\vtkjpeg-9.4.exp
d:\cybermed\daddy\dependency\sdk-vtk-9.4.2\build_msvc\thirdparty\jpeg\vtkjpeg\jpeg.dir\release\jpeg.tlog\cl.command.1.tlog
d:\cybermed\daddy\dependency\sdk-vtk-9.4.2\build_msvc\thirdparty\jpeg\vtkjpeg\jpeg.dir\release\jpeg.tlog\cl.items.tlog
d:\cybermed\daddy\dependency\sdk-vtk-9.4.2\build_msvc\thirdparty\jpeg\vtkjpeg\jpeg.dir\release\jpeg.tlog\cl.read.1.tlog
d:\cybermed\daddy\dependency\sdk-vtk-9.4.2\build_msvc\thirdparty\jpeg\vtkjpeg\jpeg.dir\release\jpeg.tlog\cl.write.1.tlog
d:\cybermed\daddy\dependency\sdk-vtk-9.4.2\build_msvc\thirdparty\jpeg\vtkjpeg\jpeg.dir\release\jpeg.tlog\custombuild.command.1.tlog
d:\cybermed\daddy\dependency\sdk-vtk-9.4.2\build_msvc\thirdparty\jpeg\vtkjpeg\jpeg.dir\release\jpeg.tlog\custombuild.read.1.tlog
d:\cybermed\daddy\dependency\sdk-vtk-9.4.2\build_msvc\thirdparty\jpeg\vtkjpeg\jpeg.dir\release\jpeg.tlog\custombuild.write.1.tlog
d:\cybermed\daddy\dependency\sdk-vtk-9.4.2\build_msvc\thirdparty\jpeg\vtkjpeg\jpeg.dir\release\jpeg.tlog\link.command.1.tlog
d:\cybermed\daddy\dependency\sdk-vtk-9.4.2\build_msvc\thirdparty\jpeg\vtkjpeg\jpeg.dir\release\jpeg.tlog\link.read.1.tlog
d:\cybermed\daddy\dependency\sdk-vtk-9.4.2\build_msvc\thirdparty\jpeg\vtkjpeg\jpeg.dir\release\jpeg.tlog\link.secondary.1.tlog
d:\cybermed\daddy\dependency\sdk-vtk-9.4.2\build_msvc\thirdparty\jpeg\vtkjpeg\jpeg.dir\release\jpeg.tlog\link.write.1.tlog
