d:\cybermed\daddy\dependency\sdk-vtk-9.4.2\build_msvc\lib\debug\vtkfiltersselection-9.4d.pdb
d:\cybermed\daddy\dependency\sdk-vtk-9.4.2\build_msvc\filters\selection\filtersselection.dir\debug\vtklinearselector.obj
d:\cybermed\daddy\dependency\sdk-vtk-9.4.2\build_msvc\filters\selection\filtersselection.dir\debug\vtkkdtreeselector.obj
d:\cybermed\daddy\dependency\sdk-vtk-9.4.2\build_msvc\filters\selection\filtersselection.dir\debug\vtkcelldistanceselector.obj
d:\cybermed\daddy\dependency\sdk-vtk-9.4.2\build_msvc\filters\selection\filtersselection.dir\debug\vc143.pdb
d:\cybermed\daddy\dependency\sdk-vtk-9.4.2\build_msvc\filters\selection\cmakefiles\generate.stamp
d:\cybermed\daddy\dependency\sdk-vtk-9.4.2\build_msvc\lib\debug\vtkfiltersselection-9.4d.lib
d:\cybermed\daddy\dependency\sdk-vtk-9.4.2\build_msvc\bin\debug\vtkfiltersselection-9.4d.dll
d:\cybermed\daddy\dependency\sdk-vtk-9.4.2\build_msvc\bin\debug\vtkfiltersselection-9.4d.pdb
d:\cybermed\daddy\dependency\sdk-vtk-9.4.2\build_msvc\lib\debug\vtkfiltersselection-9.4d.exp
d:\cybermed\daddy\dependency\sdk-vtk-9.4.2\build_msvc\filters\selection\filtersselection.dir\debug\vtkfiltersselection-9.4d.ilk
d:\cybermed\daddy\dependency\sdk-vtk-9.4.2\build_msvc\filters\selection\filtersselection.dir\debug\filtersselection.tlog\cl.command.1.tlog
d:\cybermed\daddy\dependency\sdk-vtk-9.4.2\build_msvc\filters\selection\filtersselection.dir\debug\filtersselection.tlog\cl.items.tlog
d:\cybermed\daddy\dependency\sdk-vtk-9.4.2\build_msvc\filters\selection\filtersselection.dir\debug\filtersselection.tlog\cl.read.1.tlog
d:\cybermed\daddy\dependency\sdk-vtk-9.4.2\build_msvc\filters\selection\filtersselection.dir\debug\filtersselection.tlog\cl.write.1.tlog
d:\cybermed\daddy\dependency\sdk-vtk-9.4.2\build_msvc\filters\selection\filtersselection.dir\debug\filtersselection.tlog\custombuild.command.1.tlog
d:\cybermed\daddy\dependency\sdk-vtk-9.4.2\build_msvc\filters\selection\filtersselection.dir\debug\filtersselection.tlog\custombuild.read.1.tlog
d:\cybermed\daddy\dependency\sdk-vtk-9.4.2\build_msvc\filters\selection\filtersselection.dir\debug\filtersselection.tlog\custombuild.write.1.tlog
d:\cybermed\daddy\dependency\sdk-vtk-9.4.2\build_msvc\filters\selection\filtersselection.dir\debug\filtersselection.tlog\lib-link.read.1.tlog
d:\cybermed\daddy\dependency\sdk-vtk-9.4.2\build_msvc\filters\selection\filtersselection.dir\debug\filtersselection.tlog\lib-link.write.1.tlog
d:\cybermed\daddy\dependency\sdk-vtk-9.4.2\build_msvc\filters\selection\filtersselection.dir\debug\filtersselection.tlog\lib.command.1.tlog
d:\cybermed\daddy\dependency\sdk-vtk-9.4.2\build_msvc\filters\selection\filtersselection.dir\debug\filtersselection.tlog\link.command.1.tlog
d:\cybermed\daddy\dependency\sdk-vtk-9.4.2\build_msvc\filters\selection\filtersselection.dir\debug\filtersselection.tlog\link.read.1.tlog
d:\cybermed\daddy\dependency\sdk-vtk-9.4.2\build_msvc\filters\selection\filtersselection.dir\debug\filtersselection.tlog\link.secondary.1.tlog
d:\cybermed\daddy\dependency\sdk-vtk-9.4.2\build_msvc\filters\selection\filtersselection.dir\debug\filtersselection.tlog\link.write.1.tlog
