d:\cybermed\daddy\dependency\dcmtk-dcmtk-3.6.8\build_msvc\lib\debug\dcmjpeg.pdb
d:\cybermed\daddy\dependency\dcmtk-dcmtk-3.6.8\build_msvc\dcmjpeg\libsrc\dcmjpeg.dir\debug\djencext.obj
d:\cybermed\daddy\dependency\dcmtk-dcmtk-3.6.8\build_msvc\dcmjpeg\libsrc\dcmjpeg.dir\debug\djencbas.obj
d:\cybermed\daddy\dependency\dcmtk-dcmtk-3.6.8\build_msvc\dcmjpeg\libsrc\dcmjpeg.dir\debug\djeijg16.obj
d:\cybermed\daddy\dependency\dcmtk-dcmtk-3.6.8\build_msvc\dcmjpeg\libsrc\dcmjpeg.dir\debug\djeijg8.obj
d:\cybermed\daddy\dependency\dcmtk-dcmtk-3.6.8\build_msvc\dcmjpeg\libsrc\dcmjpeg.dir\debug\djeijg12.obj
d:\cybermed\daddy\dependency\dcmtk-dcmtk-3.6.8\build_msvc\dcmjpeg\libsrc\dcmjpeg.dir\debug\djdijg16.obj
d:\cybermed\daddy\dependency\dcmtk-dcmtk-3.6.8\build_msvc\dcmjpeg\libsrc\dcmjpeg.dir\debug\djdijg8.obj
d:\cybermed\daddy\dependency\dcmtk-dcmtk-3.6.8\build_msvc\dcmjpeg\libsrc\dcmjpeg.dir\debug\djdijg12.obj
d:\cybermed\daddy\dependency\dcmtk-dcmtk-3.6.8\build_msvc\dcmjpeg\libsrc\dcmjpeg.dir\debug\djdecsv1.obj
d:\cybermed\daddy\dependency\dcmtk-dcmtk-3.6.8\build_msvc\dcmjpeg\libsrc\dcmjpeg.dir\debug\djdecsps.obj
d:\cybermed\daddy\dependency\dcmtk-dcmtk-3.6.8\build_msvc\dcmjpeg\libsrc\dcmjpeg.dir\debug\djdecpro.obj
d:\cybermed\daddy\dependency\dcmtk-dcmtk-3.6.8\build_msvc\dcmjpeg\libsrc\dcmjpeg.dir\debug\djdecode.obj
d:\cybermed\daddy\dependency\dcmtk-dcmtk-3.6.8\build_msvc\dcmjpeg\libsrc\dcmjpeg.dir\debug\djdeclol.obj
d:\cybermed\daddy\dependency\dcmtk-dcmtk-3.6.8\build_msvc\dcmjpeg\libsrc\dcmjpeg.dir\debug\djdecext.obj
d:\cybermed\daddy\dependency\dcmtk-dcmtk-3.6.8\build_msvc\dcmjpeg\libsrc\dcmjpeg.dir\debug\djdecbas.obj
d:\cybermed\daddy\dependency\dcmtk-dcmtk-3.6.8\build_msvc\dcmjpeg\libsrc\dcmjpeg.dir\debug\djcparam.obj
d:\cybermed\daddy\dependency\dcmtk-dcmtk-3.6.8\build_msvc\dcmjpeg\libsrc\dcmjpeg.dir\debug\djcodece.obj
d:\cybermed\daddy\dependency\dcmtk-dcmtk-3.6.8\build_msvc\dcmjpeg\libsrc\dcmjpeg.dir\debug\djcodecd.obj
d:\cybermed\daddy\dependency\dcmtk-dcmtk-3.6.8\build_msvc\dcmjpeg\libsrc\dcmjpeg.dir\debug\dipijpeg.obj
d:\cybermed\daddy\dependency\dcmtk-dcmtk-3.6.8\build_msvc\dcmjpeg\libsrc\dcmjpeg.dir\debug\ddpiimpl.obj
d:\cybermed\daddy\dependency\dcmtk-dcmtk-3.6.8\build_msvc\dcmjpeg\libsrc\dcmjpeg.dir\debug\djutils.obj
d:\cybermed\daddy\dependency\dcmtk-dcmtk-3.6.8\build_msvc\dcmjpeg\libsrc\dcmjpeg.dir\debug\djrploss.obj
d:\cybermed\daddy\dependency\dcmtk-dcmtk-3.6.8\build_msvc\dcmjpeg\libsrc\dcmjpeg.dir\debug\djrplol.obj
d:\cybermed\daddy\dependency\dcmtk-dcmtk-3.6.8\build_msvc\dcmjpeg\libsrc\dcmjpeg.dir\debug\djencsv1.obj
d:\cybermed\daddy\dependency\dcmtk-dcmtk-3.6.8\build_msvc\dcmjpeg\libsrc\dcmjpeg.dir\debug\djencsps.obj
d:\cybermed\daddy\dependency\dcmtk-dcmtk-3.6.8\build_msvc\dcmjpeg\libsrc\dcmjpeg.dir\debug\djencpro.obj
d:\cybermed\daddy\dependency\dcmtk-dcmtk-3.6.8\build_msvc\dcmjpeg\libsrc\dcmjpeg.dir\debug\djencode.obj
d:\cybermed\daddy\dependency\dcmtk-dcmtk-3.6.8\build_msvc\dcmjpeg\libsrc\dcmjpeg.dir\debug\djenclol.obj
d:\cybermed\daddy\dependency\dcmtk-dcmtk-3.6.8\build_msvc\dcmjpeg\libsrc\dcmjpeg.dir\debug\vc143.pdb
d:\cybermed\daddy\dependency\dcmtk-dcmtk-3.6.8\build_msvc\dcmjpeg\libsrc\cmakefiles\generate.stamp
d:\cybermed\daddy\dependency\dcmtk-dcmtk-3.6.8\build_msvc\lib\debug\dcmjpeg.lib
d:\cybermed\daddy\dependency\dcmtk-dcmtk-3.6.8\build_msvc\bin\debug\dcmjpeg.dll
d:\cybermed\daddy\dependency\dcmtk-dcmtk-3.6.8\build_msvc\bin\debug\dcmjpeg.pdb
d:\cybermed\daddy\dependency\dcmtk-dcmtk-3.6.8\build_msvc\lib\debug\dcmjpeg.exp
d:\cybermed\daddy\dependency\dcmtk-dcmtk-3.6.8\build_msvc\dcmjpeg\libsrc\dcmjpeg.dir\debug\dcmjpeg.ilk
d:\cybermed\daddy\dependency\dcmtk-dcmtk-3.6.8\build_msvc\dcmjpeg\libsrc\dcmjpeg.dir\debug\dcmjpeg.tlog\cl.command.1.tlog
d:\cybermed\daddy\dependency\dcmtk-dcmtk-3.6.8\build_msvc\dcmjpeg\libsrc\dcmjpeg.dir\debug\dcmjpeg.tlog\cl.items.tlog
d:\cybermed\daddy\dependency\dcmtk-dcmtk-3.6.8\build_msvc\dcmjpeg\libsrc\dcmjpeg.dir\debug\dcmjpeg.tlog\cl.read.1.tlog
d:\cybermed\daddy\dependency\dcmtk-dcmtk-3.6.8\build_msvc\dcmjpeg\libsrc\dcmjpeg.dir\debug\dcmjpeg.tlog\cl.write.1.tlog
d:\cybermed\daddy\dependency\dcmtk-dcmtk-3.6.8\build_msvc\dcmjpeg\libsrc\dcmjpeg.dir\debug\dcmjpeg.tlog\custombuild.command.1.tlog
d:\cybermed\daddy\dependency\dcmtk-dcmtk-3.6.8\build_msvc\dcmjpeg\libsrc\dcmjpeg.dir\debug\dcmjpeg.tlog\custombuild.read.1.tlog
d:\cybermed\daddy\dependency\dcmtk-dcmtk-3.6.8\build_msvc\dcmjpeg\libsrc\dcmjpeg.dir\debug\dcmjpeg.tlog\custombuild.write.1.tlog
d:\cybermed\daddy\dependency\dcmtk-dcmtk-3.6.8\build_msvc\dcmjpeg\libsrc\dcmjpeg.dir\debug\dcmjpeg.tlog\lib-link.read.1.tlog
d:\cybermed\daddy\dependency\dcmtk-dcmtk-3.6.8\build_msvc\dcmjpeg\libsrc\dcmjpeg.dir\debug\dcmjpeg.tlog\lib-link.write.1.tlog
d:\cybermed\daddy\dependency\dcmtk-dcmtk-3.6.8\build_msvc\dcmjpeg\libsrc\dcmjpeg.dir\debug\dcmjpeg.tlog\lib.command.1.tlog
d:\cybermed\daddy\dependency\dcmtk-dcmtk-3.6.8\build_msvc\dcmjpeg\libsrc\dcmjpeg.dir\debug\dcmjpeg.tlog\link.command.1.tlog
d:\cybermed\daddy\dependency\dcmtk-dcmtk-3.6.8\build_msvc\dcmjpeg\libsrc\dcmjpeg.dir\debug\dcmjpeg.tlog\link.read.1.tlog
d:\cybermed\daddy\dependency\dcmtk-dcmtk-3.6.8\build_msvc\dcmjpeg\libsrc\dcmjpeg.dir\debug\dcmjpeg.tlog\link.secondary.1.tlog
d:\cybermed\daddy\dependency\dcmtk-dcmtk-3.6.8\build_msvc\dcmjpeg\libsrc\dcmjpeg.dir\debug\dcmjpeg.tlog\link.write.1.tlog
