d:\cybermed\daddy\dependency\sdk-vtk-9.4.2\build_msvc\infovis\core\infoviscore.dir\release\vtkmergetables.obj
d:\cybermed\daddy\dependency\sdk-vtk-9.4.2\build_msvc\infovis\core\infoviscore.dir\release\vtkmergegraphs.obj
d:\cybermed\daddy\dependency\sdk-vtk-9.4.2\build_msvc\infovis\core\infoviscore.dir\release\vtkmergecolumns.obj
d:\cybermed\daddy\dependency\sdk-vtk-9.4.2\build_msvc\infovis\core\infoviscore.dir\release\vtkkcoredecomposition.obj
d:\cybermed\daddy\dependency\sdk-vtk-9.4.2\build_msvc\infovis\core\infoviscore.dir\release\vtkgroupleafvertices.obj
d:\cybermed\daddy\dependency\sdk-vtk-9.4.2\build_msvc\infovis\core\infoviscore.dir\release\vtkgraphhierarchicalbundleedges.obj
d:\cybermed\daddy\dependency\sdk-vtk-9.4.2\build_msvc\infovis\core\infoviscore.dir\release\vtkgenerateindexarray.obj
d:\cybermed\daddy\dependency\sdk-vtk-9.4.2\build_msvc\infovis\core\infoviscore.dir\release\vtkextractselectedtree.obj
d:\cybermed\daddy\dependency\sdk-vtk-9.4.2\build_msvc\infovis\core\infoviscore.dir\release\vtkextractselectedgraph.obj
d:\cybermed\daddy\dependency\sdk-vtk-9.4.2\build_msvc\infovis\core\infoviscore.dir\release\vtkexpandselectedgraph.obj
d:\cybermed\daddy\dependency\sdk-vtk-9.4.2\build_msvc\infovis\core\infoviscore.dir\release\vtkedgecenters.obj
d:\cybermed\daddy\dependency\sdk-vtk-9.4.2\build_msvc\infovis\core\infoviscore.dir\release\vtkdotproductsimilarity.obj
d:\cybermed\daddy\dependency\sdk-vtk-9.4.2\build_msvc\infovis\core\infoviscore.dir\release\vtkdataobjecttotable.obj
d:\cybermed\daddy\dependency\sdk-vtk-9.4.2\build_msvc\infovis\core\infoviscore.dir\release\vtkcontinuousscatterplot.obj
d:\cybermed\daddy\dependency\sdk-vtk-9.4.2\build_msvc\infovis\core\infoviscore.dir\release\vtkcollapseverticesbyarray.obj
d:\cybermed\daddy\dependency\sdk-vtk-9.4.2\build_msvc\infovis\core\infoviscore.dir\release\vtkcollapsegraph.obj
d:\cybermed\daddy\dependency\sdk-vtk-9.4.2\build_msvc\infovis\core\infoviscore.dir\release\vtkarraytotable.obj
d:\cybermed\daddy\dependency\sdk-vtk-9.4.2\build_msvc\infovis\core\infoviscore.dir\release\vtkarraynorm.obj
d:\cybermed\daddy\dependency\sdk-vtk-9.4.2\build_msvc\infovis\core\infoviscore.dir\release\vtkadjacencymatrixtoedgetable.obj
d:\cybermed\daddy\dependency\sdk-vtk-9.4.2\build_msvc\infovis\core\infoviscore.dir\release\vtkaddmembershiparray.obj
d:\cybermed\daddy\dependency\sdk-vtk-9.4.2\build_msvc\infovis\core\infoviscore.dir\release\vtktransposematrix.obj
d:\cybermed\daddy\dependency\sdk-vtk-9.4.2\build_msvc\infovis\core\infoviscore.dir\release\vtktransferattributes.obj
d:\cybermed\daddy\dependency\sdk-vtk-9.4.2\build_msvc\infovis\core\infoviscore.dir\release\vtkthresholdtable.obj
d:\cybermed\daddy\dependency\sdk-vtk-9.4.2\build_msvc\infovis\core\infoviscore.dir\release\vtkthresholdgraph.obj
d:\cybermed\daddy\dependency\sdk-vtk-9.4.2\build_msvc\infovis\core\infoviscore.dir\release\vtktabletotreefilter.obj
d:\cybermed\daddy\dependency\sdk-vtk-9.4.2\build_msvc\infovis\core\infoviscore.dir\release\vtktabletosparsearray.obj
d:\cybermed\daddy\dependency\sdk-vtk-9.4.2\build_msvc\infovis\core\infoviscore.dir\release\vtktabletograph.obj
d:\cybermed\daddy\dependency\sdk-vtk-9.4.2\build_msvc\infovis\core\infoviscore.dir\release\vtktabletoarray.obj
d:\cybermed\daddy\dependency\sdk-vtk-9.4.2\build_msvc\infovis\core\infoviscore.dir\release\vtkstringtonumeric.obj
d:\cybermed\daddy\dependency\sdk-vtk-9.4.2\build_msvc\infovis\core\infoviscore.dir\release\vtkstringtocategory.obj
d:\cybermed\daddy\dependency\sdk-vtk-9.4.2\build_msvc\infovis\core\infoviscore.dir\release\vtkstreamgraph.obj
d:\cybermed\daddy\dependency\sdk-vtk-9.4.2\build_msvc\infovis\core\infoviscore.dir\release\vtksparsearraytotable.obj
d:\cybermed\daddy\dependency\sdk-vtk-9.4.2\build_msvc\infovis\core\infoviscore.dir\release\vtkremoveisolatedvertices.obj
d:\cybermed\daddy\dependency\sdk-vtk-9.4.2\build_msvc\infovis\core\infoviscore.dir\release\vtkremovehiddendata.obj
d:\cybermed\daddy\dependency\sdk-vtk-9.4.2\build_msvc\infovis\core\infoviscore.dir\release\vtkreducetable.obj
d:\cybermed\daddy\dependency\sdk-vtk-9.4.2\build_msvc\infovis\core\infoviscore.dir\release\vtkrandomgraphsource.obj
d:\cybermed\daddy\dependency\sdk-vtk-9.4.2\build_msvc\infovis\core\infoviscore.dir\release\vtkprunetreefilter.obj
d:\cybermed\daddy\dependency\sdk-vtk-9.4.2\build_msvc\infovis\core\infoviscore.dir\release\vtkpipelinegraphsource.obj
d:\cybermed\daddy\dependency\sdk-vtk-9.4.2\build_msvc\infovis\core\infoviscore.dir\release\vtknetworkhierarchy.obj
d:\cybermed\daddy\dependency\sdk-vtk-9.4.2\build_msvc\infovis\core\infoviscore.dir\release\vtkmutablegraphhelper.obj
d:\cybermed\daddy\dependency\sdk-vtk-9.4.2\build_msvc\infovis\core\infoviscore.dir\release\vtkwordcloud.obj
d:\cybermed\daddy\dependency\sdk-vtk-9.4.2\build_msvc\infovis\core\infoviscore.dir\release\vtkvertexdegree.obj
d:\cybermed\daddy\dependency\sdk-vtk-9.4.2\build_msvc\infovis\core\infoviscore.dir\release\vtktreelevelsfilter.obj
d:\cybermed\daddy\dependency\sdk-vtk-9.4.2\build_msvc\infovis\core\infoviscore.dir\release\vtktreefieldaggregator.obj
d:\cybermed\daddy\dependency\sdk-vtk-9.4.2\build_msvc\infovis\core\infoviscore.dir\release\vtktreedifferencefilter.obj
d:\cybermed\daddy\dependency\sdk-vtk-9.4.2\build_msvc\infovis\core\cmakefiles\generate.stamp
d:\cybermed\daddy\dependency\sdk-vtk-9.4.2\build_msvc\bin\release\vtkinfoviscore-9.4.dll
d:\cybermed\daddy\dependency\sdk-vtk-9.4.2\build_msvc\lib\release\vtkinfoviscore-9.4.lib
d:\cybermed\daddy\dependency\sdk-vtk-9.4.2\build_msvc\lib\release\vtkinfoviscore-9.4.exp
d:\cybermed\daddy\dependency\sdk-vtk-9.4.2\build_msvc\infovis\core\infoviscore.dir\release\infoviscore.tlog\cl.command.1.tlog
d:\cybermed\daddy\dependency\sdk-vtk-9.4.2\build_msvc\infovis\core\infoviscore.dir\release\infoviscore.tlog\cl.items.tlog
d:\cybermed\daddy\dependency\sdk-vtk-9.4.2\build_msvc\infovis\core\infoviscore.dir\release\infoviscore.tlog\cl.read.1.tlog
d:\cybermed\daddy\dependency\sdk-vtk-9.4.2\build_msvc\infovis\core\infoviscore.dir\release\infoviscore.tlog\cl.write.1.tlog
d:\cybermed\daddy\dependency\sdk-vtk-9.4.2\build_msvc\infovis\core\infoviscore.dir\release\infoviscore.tlog\custombuild.command.1.tlog
d:\cybermed\daddy\dependency\sdk-vtk-9.4.2\build_msvc\infovis\core\infoviscore.dir\release\infoviscore.tlog\custombuild.read.1.tlog
d:\cybermed\daddy\dependency\sdk-vtk-9.4.2\build_msvc\infovis\core\infoviscore.dir\release\infoviscore.tlog\custombuild.write.1.tlog
d:\cybermed\daddy\dependency\sdk-vtk-9.4.2\build_msvc\infovis\core\infoviscore.dir\release\infoviscore.tlog\link.command.1.tlog
d:\cybermed\daddy\dependency\sdk-vtk-9.4.2\build_msvc\infovis\core\infoviscore.dir\release\infoviscore.tlog\link.read.1.tlog
d:\cybermed\daddy\dependency\sdk-vtk-9.4.2\build_msvc\infovis\core\infoviscore.dir\release\infoviscore.tlog\link.secondary.1.tlog
d:\cybermed\daddy\dependency\sdk-vtk-9.4.2\build_msvc\infovis\core\infoviscore.dir\release\infoviscore.tlog\link.write.1.tlog
