d:\cybermed\daddy\dependency\sdk-vtk-9.4.2\build_msvc\rendering\context2d\renderingcontext2d.dir\release\vtkpen.obj
d:\cybermed\daddy\dependency\sdk-vtk-9.4.2\build_msvc\rendering\context2d\renderingcontext2d.dir\release\vtkmarkerutilities.obj
d:\cybermed\daddy\dependency\sdk-vtk-9.4.2\build_msvc\rendering\context2d\renderingcontext2d.dir\release\vtklabeledcontourpolydataitem.obj
d:\cybermed\daddy\dependency\sdk-vtk-9.4.2\build_msvc\rendering\context2d\renderingcontext2d.dir\release\vtkimageitem.obj
d:\cybermed\daddy\dependency\sdk-vtk-9.4.2\build_msvc\rendering\context2d\renderingcontext2d.dir\release\vtkcontexttransform.obj
d:\cybermed\daddy\dependency\sdk-vtk-9.4.2\build_msvc\rendering\context2d\renderingcontext2d.dir\release\vtkcontextscene.obj
d:\cybermed\daddy\dependency\sdk-vtk-9.4.2\build_msvc\rendering\context2d\renderingcontext2d.dir\release\vtkcontextmouseevent.obj
d:\cybermed\daddy\dependency\sdk-vtk-9.4.2\build_msvc\rendering\context2d\renderingcontext2d.dir\release\vtkcontextmapper2d.obj
d:\cybermed\daddy\dependency\sdk-vtk-9.4.2\build_msvc\rendering\context2d\renderingcontext2d.dir\release\vtkcontextkeyevent.obj
d:\cybermed\daddy\dependency\sdk-vtk-9.4.2\build_msvc\rendering\context2d\renderingcontext2d.dir\release\vtkcontextitem.obj
d:\cybermed\daddy\dependency\sdk-vtk-9.4.2\build_msvc\rendering\context2d\renderingcontext2d.dir\release\vtkcontextdevice3d.obj
d:\cybermed\daddy\dependency\sdk-vtk-9.4.2\build_msvc\rendering\context2d\renderingcontext2d.dir\release\vtkcontextdevice2d.obj
d:\cybermed\daddy\dependency\sdk-vtk-9.4.2\build_msvc\rendering\context2d\renderingcontext2d.dir\release\vtkcontextclip.obj
d:\cybermed\daddy\dependency\sdk-vtk-9.4.2\build_msvc\rendering\context2d\renderingcontext2d.dir\release\vtkcontextactor.obj
d:\cybermed\daddy\dependency\sdk-vtk-9.4.2\build_msvc\rendering\context2d\renderingcontext2d.dir\release\vtkcontext3d.obj
d:\cybermed\daddy\dependency\sdk-vtk-9.4.2\build_msvc\rendering\context2d\renderingcontext2d.dir\release\vtkcontext2d.obj
d:\cybermed\daddy\dependency\sdk-vtk-9.4.2\build_msvc\rendering\context2d\renderingcontext2d.dir\release\vtkbrush.obj
d:\cybermed\daddy\dependency\sdk-vtk-9.4.2\build_msvc\rendering\context2d\renderingcontext2d.dir\release\vtkblockitem.obj
d:\cybermed\daddy\dependency\sdk-vtk-9.4.2\build_msvc\rendering\context2d\renderingcontext2d.dir\release\vtkabstractcontextitem.obj
d:\cybermed\daddy\dependency\sdk-vtk-9.4.2\build_msvc\rendering\context2d\renderingcontext2d.dir\release\vtkabstractcontextbufferid.obj
d:\cybermed\daddy\dependency\sdk-vtk-9.4.2\build_msvc\rendering\context2d\renderingcontext2d.dir\release\vtktooltipitem.obj
d:\cybermed\daddy\dependency\sdk-vtk-9.4.2\build_msvc\rendering\context2d\renderingcontext2d.dir\release\vtkpropitem.obj
d:\cybermed\daddy\dependency\sdk-vtk-9.4.2\build_msvc\rendering\context2d\renderingcontext2d.dir\release\vtkpolydataitem.obj
d:\cybermed\daddy\dependency\sdk-vtk-9.4.2\build_msvc\rendering\context2d\cmakefiles\generate.stamp
d:\cybermed\daddy\dependency\sdk-vtk-9.4.2\build_msvc\bin\release\vtkrenderingcontext2d-9.4.dll
d:\cybermed\daddy\dependency\sdk-vtk-9.4.2\build_msvc\lib\release\vtkrenderingcontext2d-9.4.lib
d:\cybermed\daddy\dependency\sdk-vtk-9.4.2\build_msvc\lib\release\vtkrenderingcontext2d-9.4.exp
d:\cybermed\daddy\dependency\sdk-vtk-9.4.2\build_msvc\rendering\context2d\renderingcontext2d.dir\release\renderin.2ee4b28b.tlog\cl.command.1.tlog
d:\cybermed\daddy\dependency\sdk-vtk-9.4.2\build_msvc\rendering\context2d\renderingcontext2d.dir\release\renderin.2ee4b28b.tlog\cl.items.tlog
d:\cybermed\daddy\dependency\sdk-vtk-9.4.2\build_msvc\rendering\context2d\renderingcontext2d.dir\release\renderin.2ee4b28b.tlog\cl.read.1.tlog
d:\cybermed\daddy\dependency\sdk-vtk-9.4.2\build_msvc\rendering\context2d\renderingcontext2d.dir\release\renderin.2ee4b28b.tlog\cl.write.1.tlog
d:\cybermed\daddy\dependency\sdk-vtk-9.4.2\build_msvc\rendering\context2d\renderingcontext2d.dir\release\renderin.2ee4b28b.tlog\custombuild.command.1.tlog
d:\cybermed\daddy\dependency\sdk-vtk-9.4.2\build_msvc\rendering\context2d\renderingcontext2d.dir\release\renderin.2ee4b28b.tlog\custombuild.read.1.tlog
d:\cybermed\daddy\dependency\sdk-vtk-9.4.2\build_msvc\rendering\context2d\renderingcontext2d.dir\release\renderin.2ee4b28b.tlog\custombuild.write.1.tlog
d:\cybermed\daddy\dependency\sdk-vtk-9.4.2\build_msvc\rendering\context2d\renderingcontext2d.dir\release\renderin.2ee4b28b.tlog\link.command.1.tlog
d:\cybermed\daddy\dependency\sdk-vtk-9.4.2\build_msvc\rendering\context2d\renderingcontext2d.dir\release\renderin.2ee4b28b.tlog\link.read.1.tlog
d:\cybermed\daddy\dependency\sdk-vtk-9.4.2\build_msvc\rendering\context2d\renderingcontext2d.dir\release\renderin.2ee4b28b.tlog\link.secondary.1.tlog
d:\cybermed\daddy\dependency\sdk-vtk-9.4.2\build_msvc\rendering\context2d\renderingcontext2d.dir\release\renderin.2ee4b28b.tlog\link.write.1.tlog
