d:\cybermed\daddy\dependency\sdk-vtk-9.4.2\build_msvc\io\parallelxml\ioparallelxml.dir\release\vtkxmlpunstructuredgridwriter.obj
d:\cybermed\daddy\dependency\sdk-vtk-9.4.2\build_msvc\io\parallelxml\ioparallelxml.dir\release\vtkxmlpunstructureddatawriter.obj
d:\cybermed\daddy\dependency\sdk-vtk-9.4.2\build_msvc\io\parallelxml\ioparallelxml.dir\release\vtkxmlpuniformgridamrwriter.obj
d:\cybermed\daddy\dependency\sdk-vtk-9.4.2\build_msvc\io\parallelxml\ioparallelxml.dir\release\vtkxmlptablewriter.obj
d:\cybermed\daddy\dependency\sdk-vtk-9.4.2\build_msvc\io\parallelxml\ioparallelxml.dir\release\vtkxmlpstructuredgridwriter.obj
d:\cybermed\daddy\dependency\sdk-vtk-9.4.2\build_msvc\io\parallelxml\ioparallelxml.dir\release\vtkxmlpstructureddatawriter.obj
d:\cybermed\daddy\dependency\sdk-vtk-9.4.2\build_msvc\io\parallelxml\ioparallelxml.dir\release\vtkxmlprectilineargridwriter.obj
d:\cybermed\daddy\dependency\sdk-vtk-9.4.2\build_msvc\io\parallelxml\ioparallelxml.dir\release\vtkxmlppolydatawriter.obj
d:\cybermed\daddy\dependency\sdk-vtk-9.4.2\build_msvc\io\parallelxml\ioparallelxml.dir\release\vtkxmlpmultiblockdatawriter.obj
d:\cybermed\daddy\dependency\sdk-vtk-9.4.2\build_msvc\io\parallelxml\ioparallelxml.dir\release\vtkxmlpimagedatawriter.obj
d:\cybermed\daddy\dependency\sdk-vtk-9.4.2\build_msvc\io\parallelxml\ioparallelxml.dir\release\vtkxmlphypertreegridwriter.obj
d:\cybermed\daddy\dependency\sdk-vtk-9.4.2\build_msvc\io\parallelxml\ioparallelxml.dir\release\vtkxmlphierarchicalboxdatawriter.obj
d:\cybermed\daddy\dependency\sdk-vtk-9.4.2\build_msvc\io\parallelxml\ioparallelxml.dir\release\vtkxmlpdatawriter.obj
d:\cybermed\daddy\dependency\sdk-vtk-9.4.2\build_msvc\io\parallelxml\ioparallelxml.dir\release\vtkxmlpdatasetwriter.obj
d:\cybermed\daddy\dependency\sdk-vtk-9.4.2\build_msvc\io\parallelxml\ioparallelxml.dir\release\vtkxmlpdataobjectwriter.obj
d:\cybermed\daddy\dependency\sdk-vtk-9.4.2\build_msvc\io\parallelxml\ioparallelxml.dir\release\vtkxmlwriter2.obj
d:\cybermed\daddy\dependency\sdk-vtk-9.4.2\build_msvc\io\parallelxml\ioparallelxml.dir\release\vtkxmlpartitioneddatasetwriter.obj
d:\cybermed\daddy\dependency\sdk-vtk-9.4.2\build_msvc\io\parallelxml\ioparallelxml.dir\release\vtkxmlpartitioneddatasetcollectionwriter.obj
d:\cybermed\daddy\dependency\sdk-vtk-9.4.2\build_msvc\io\parallelxml\ioparallelxml.dir\release\vtkxmldatawriterhelper.obj
d:\cybermed\daddy\dependency\sdk-vtk-9.4.2\build_msvc\io\parallelxml\ioparallelxml.dir\release\vtkxmlcompositedatasetwriterhelper.obj
d:\cybermed\daddy\dependency\sdk-vtk-9.4.2\build_msvc\io\parallelxml\cmakefiles\generate.stamp
d:\cybermed\daddy\dependency\sdk-vtk-9.4.2\build_msvc\bin\release\vtkioparallelxml-9.4.dll
d:\cybermed\daddy\dependency\sdk-vtk-9.4.2\build_msvc\lib\release\vtkioparallelxml-9.4.lib
d:\cybermed\daddy\dependency\sdk-vtk-9.4.2\build_msvc\lib\release\vtkioparallelxml-9.4.exp
d:\cybermed\daddy\dependency\sdk-vtk-9.4.2\build_msvc\io\parallelxml\ioparallelxml.dir\release\ioparallelxml.tlog\cl.command.1.tlog
d:\cybermed\daddy\dependency\sdk-vtk-9.4.2\build_msvc\io\parallelxml\ioparallelxml.dir\release\ioparallelxml.tlog\cl.items.tlog
d:\cybermed\daddy\dependency\sdk-vtk-9.4.2\build_msvc\io\parallelxml\ioparallelxml.dir\release\ioparallelxml.tlog\cl.read.1.tlog
d:\cybermed\daddy\dependency\sdk-vtk-9.4.2\build_msvc\io\parallelxml\ioparallelxml.dir\release\ioparallelxml.tlog\cl.write.1.tlog
d:\cybermed\daddy\dependency\sdk-vtk-9.4.2\build_msvc\io\parallelxml\ioparallelxml.dir\release\ioparallelxml.tlog\custombuild.command.1.tlog
d:\cybermed\daddy\dependency\sdk-vtk-9.4.2\build_msvc\io\parallelxml\ioparallelxml.dir\release\ioparallelxml.tlog\custombuild.read.1.tlog
d:\cybermed\daddy\dependency\sdk-vtk-9.4.2\build_msvc\io\parallelxml\ioparallelxml.dir\release\ioparallelxml.tlog\custombuild.write.1.tlog
d:\cybermed\daddy\dependency\sdk-vtk-9.4.2\build_msvc\io\parallelxml\ioparallelxml.dir\release\ioparallelxml.tlog\link.command.1.tlog
d:\cybermed\daddy\dependency\sdk-vtk-9.4.2\build_msvc\io\parallelxml\ioparallelxml.dir\release\ioparallelxml.tlog\link.read.1.tlog
d:\cybermed\daddy\dependency\sdk-vtk-9.4.2\build_msvc\io\parallelxml\ioparallelxml.dir\release\ioparallelxml.tlog\link.secondary.1.tlog
d:\cybermed\daddy\dependency\sdk-vtk-9.4.2\build_msvc\io\parallelxml\ioparallelxml.dir\release\ioparallelxml.tlog\link.write.1.tlog
