d:\cybermed\daddy\dependency\sdk-vtk-9.4.2\build_msvc\thirdparty\doubleconversion\vtkdoubleconversion\doubleconversion.dir\release\strtod.obj
d:\cybermed\daddy\dependency\sdk-vtk-9.4.2\build_msvc\thirdparty\doubleconversion\vtkdoubleconversion\doubleconversion.dir\release\fixed-dtoa.obj
d:\cybermed\daddy\dependency\sdk-vtk-9.4.2\build_msvc\thirdparty\doubleconversion\vtkdoubleconversion\doubleconversion.dir\release\fast-dtoa.obj
d:\cybermed\daddy\dependency\sdk-vtk-9.4.2\build_msvc\thirdparty\doubleconversion\vtkdoubleconversion\doubleconversion.dir\release\double-conversion.obj
d:\cybermed\daddy\dependency\sdk-vtk-9.4.2\build_msvc\thirdparty\doubleconversion\vtkdoubleconversion\doubleconversion.dir\release\diy-fp.obj
d:\cybermed\daddy\dependency\sdk-vtk-9.4.2\build_msvc\thirdparty\doubleconversion\vtkdoubleconversion\doubleconversion.dir\release\cached-powers.obj
d:\cybermed\daddy\dependency\sdk-vtk-9.4.2\build_msvc\thirdparty\doubleconversion\vtkdoubleconversion\doubleconversion.dir\release\bignum-dtoa.obj
d:\cybermed\daddy\dependency\sdk-vtk-9.4.2\build_msvc\thirdparty\doubleconversion\vtkdoubleconversion\doubleconversion.dir\release\bignum.obj
d:\cybermed\daddy\dependency\sdk-vtk-9.4.2\build_msvc\thirdparty\doubleconversion\vtkdoubleconversion\cmakefiles\generate.stamp
d:\cybermed\daddy\dependency\sdk-vtk-9.4.2\build_msvc\bin\release\vtkdoubleconversion-9.4.dll
d:\cybermed\daddy\dependency\sdk-vtk-9.4.2\build_msvc\lib\release\vtkdoubleconversion-9.4.lib
d:\cybermed\daddy\dependency\sdk-vtk-9.4.2\build_msvc\lib\release\vtkdoubleconversion-9.4.exp
d:\cybermed\daddy\dependency\sdk-vtk-9.4.2\build_msvc\thirdparty\doubleconversion\vtkdoubleconversion\doubleconversion.dir\release\doubleconversion.tlog\cl.command.1.tlog
d:\cybermed\daddy\dependency\sdk-vtk-9.4.2\build_msvc\thirdparty\doubleconversion\vtkdoubleconversion\doubleconversion.dir\release\doubleconversion.tlog\cl.items.tlog
d:\cybermed\daddy\dependency\sdk-vtk-9.4.2\build_msvc\thirdparty\doubleconversion\vtkdoubleconversion\doubleconversion.dir\release\doubleconversion.tlog\cl.read.1.tlog
d:\cybermed\daddy\dependency\sdk-vtk-9.4.2\build_msvc\thirdparty\doubleconversion\vtkdoubleconversion\doubleconversion.dir\release\doubleconversion.tlog\cl.write.1.tlog
d:\cybermed\daddy\dependency\sdk-vtk-9.4.2\build_msvc\thirdparty\doubleconversion\vtkdoubleconversion\doubleconversion.dir\release\doubleconversion.tlog\custombuild.command.1.tlog
d:\cybermed\daddy\dependency\sdk-vtk-9.4.2\build_msvc\thirdparty\doubleconversion\vtkdoubleconversion\doubleconversion.dir\release\doubleconversion.tlog\custombuild.read.1.tlog
d:\cybermed\daddy\dependency\sdk-vtk-9.4.2\build_msvc\thirdparty\doubleconversion\vtkdoubleconversion\doubleconversion.dir\release\doubleconversion.tlog\custombuild.write.1.tlog
d:\cybermed\daddy\dependency\sdk-vtk-9.4.2\build_msvc\thirdparty\doubleconversion\vtkdoubleconversion\doubleconversion.dir\release\doubleconversion.tlog\link.command.1.tlog
d:\cybermed\daddy\dependency\sdk-vtk-9.4.2\build_msvc\thirdparty\doubleconversion\vtkdoubleconversion\doubleconversion.dir\release\doubleconversion.tlog\link.read.1.tlog
d:\cybermed\daddy\dependency\sdk-vtk-9.4.2\build_msvc\thirdparty\doubleconversion\vtkdoubleconversion\doubleconversion.dir\release\doubleconversion.tlog\link.secondary.1.tlog
d:\cybermed\daddy\dependency\sdk-vtk-9.4.2\build_msvc\thirdparty\doubleconversion\vtkdoubleconversion\doubleconversion.dir\release\doubleconversion.tlog\link.write.1.tlog
