d:\cybermed\daddy\dependency\sdk-vtk-9.4.2\build_msvc\io\cesium3dtiles\iocesium3dtiles.dir\release\treeinformation.obj
d:\cybermed\daddy\dependency\sdk-vtk-9.4.2\build_msvc\io\cesium3dtiles\iocesium3dtiles.dir\release\vtkcesiumb3dmreader.obj
d:\cybermed\daddy\dependency\sdk-vtk-9.4.2\build_msvc\io\cesium3dtiles\iocesium3dtiles.dir\release\vtkcesiumpointcloudwriter.obj
d:\cybermed\daddy\dependency\sdk-vtk-9.4.2\build_msvc\io\cesium3dtiles\iocesium3dtiles.dir\release\vtkcesium3dtilesreader.obj
d:\cybermed\daddy\dependency\sdk-vtk-9.4.2\build_msvc\io\cesium3dtiles\iocesium3dtiles.dir\release\vtkcesium3dtileswriter.obj
d:\cybermed\daddy\dependency\sdk-vtk-9.4.2\build_msvc\io\cesium3dtiles\cmakefiles\generate.stamp
d:\cybermed\daddy\dependency\sdk-vtk-9.4.2\build_msvc\bin\release\vtkiocesium3dtiles-9.4.dll
d:\cybermed\daddy\dependency\sdk-vtk-9.4.2\build_msvc\lib\release\vtkiocesium3dtiles-9.4.lib
d:\cybermed\daddy\dependency\sdk-vtk-9.4.2\build_msvc\lib\release\vtkiocesium3dtiles-9.4.exp
d:\cybermed\daddy\dependency\sdk-vtk-9.4.2\build_msvc\io\cesium3dtiles\iocesium3dtiles.dir\release\iocesium3dtiles.tlog\cl.command.1.tlog
d:\cybermed\daddy\dependency\sdk-vtk-9.4.2\build_msvc\io\cesium3dtiles\iocesium3dtiles.dir\release\iocesium3dtiles.tlog\cl.items.tlog
d:\cybermed\daddy\dependency\sdk-vtk-9.4.2\build_msvc\io\cesium3dtiles\iocesium3dtiles.dir\release\iocesium3dtiles.tlog\cl.read.1.tlog
d:\cybermed\daddy\dependency\sdk-vtk-9.4.2\build_msvc\io\cesium3dtiles\iocesium3dtiles.dir\release\iocesium3dtiles.tlog\cl.write.1.tlog
d:\cybermed\daddy\dependency\sdk-vtk-9.4.2\build_msvc\io\cesium3dtiles\iocesium3dtiles.dir\release\iocesium3dtiles.tlog\custombuild.command.1.tlog
d:\cybermed\daddy\dependency\sdk-vtk-9.4.2\build_msvc\io\cesium3dtiles\iocesium3dtiles.dir\release\iocesium3dtiles.tlog\custombuild.read.1.tlog
d:\cybermed\daddy\dependency\sdk-vtk-9.4.2\build_msvc\io\cesium3dtiles\iocesium3dtiles.dir\release\iocesium3dtiles.tlog\custombuild.write.1.tlog
d:\cybermed\daddy\dependency\sdk-vtk-9.4.2\build_msvc\io\cesium3dtiles\iocesium3dtiles.dir\release\iocesium3dtiles.tlog\link.command.1.tlog
d:\cybermed\daddy\dependency\sdk-vtk-9.4.2\build_msvc\io\cesium3dtiles\iocesium3dtiles.dir\release\iocesium3dtiles.tlog\link.read.1.tlog
d:\cybermed\daddy\dependency\sdk-vtk-9.4.2\build_msvc\io\cesium3dtiles\iocesium3dtiles.dir\release\iocesium3dtiles.tlog\link.secondary.1.tlog
d:\cybermed\daddy\dependency\sdk-vtk-9.4.2\build_msvc\io\cesium3dtiles\iocesium3dtiles.dir\release\iocesium3dtiles.tlog\link.write.1.tlog
