d:\cybermed\daddy\dependency\sdk-vtk-9.4.2\build_msvc\io\import\ioimport.dir\release\vtkobjimporterinternals.obj
d:\cybermed\daddy\dependency\sdk-vtk-9.4.2\build_msvc\io\import\ioimport.dir\release\vtkobjimporter.obj
d:\cybermed\daddy\dependency\sdk-vtk-9.4.2\build_msvc\io\import\ioimport.dir\release\vtkvrmlimporter.obj
d:\cybermed\daddy\dependency\sdk-vtk-9.4.2\build_msvc\io\import\ioimport.dir\release\vtkimporter.obj
d:\cybermed\daddy\dependency\sdk-vtk-9.4.2\build_msvc\io\import\ioimport.dir\release\vtkgltfimporter.obj
d:\cybermed\daddy\dependency\sdk-vtk-9.4.2\build_msvc\io\import\ioimport.dir\release\vtk3dsimporter.obj
d:\cybermed\daddy\dependency\sdk-vtk-9.4.2\build_msvc\io\import\cmakefiles\generate.stamp
d:\cybermed\daddy\dependency\sdk-vtk-9.4.2\build_msvc\bin\release\vtkioimport-9.4.dll
d:\cybermed\daddy\dependency\sdk-vtk-9.4.2\build_msvc\lib\release\vtkioimport-9.4.lib
d:\cybermed\daddy\dependency\sdk-vtk-9.4.2\build_msvc\lib\release\vtkioimport-9.4.exp
d:\cybermed\daddy\dependency\sdk-vtk-9.4.2\build_msvc\io\import\ioimport.dir\release\ioimport.tlog\cl.command.1.tlog
d:\cybermed\daddy\dependency\sdk-vtk-9.4.2\build_msvc\io\import\ioimport.dir\release\ioimport.tlog\cl.items.tlog
d:\cybermed\daddy\dependency\sdk-vtk-9.4.2\build_msvc\io\import\ioimport.dir\release\ioimport.tlog\cl.read.1.tlog
d:\cybermed\daddy\dependency\sdk-vtk-9.4.2\build_msvc\io\import\ioimport.dir\release\ioimport.tlog\cl.write.1.tlog
d:\cybermed\daddy\dependency\sdk-vtk-9.4.2\build_msvc\io\import\ioimport.dir\release\ioimport.tlog\custombuild.command.1.tlog
d:\cybermed\daddy\dependency\sdk-vtk-9.4.2\build_msvc\io\import\ioimport.dir\release\ioimport.tlog\custombuild.read.1.tlog
d:\cybermed\daddy\dependency\sdk-vtk-9.4.2\build_msvc\io\import\ioimport.dir\release\ioimport.tlog\custombuild.write.1.tlog
d:\cybermed\daddy\dependency\sdk-vtk-9.4.2\build_msvc\io\import\ioimport.dir\release\ioimport.tlog\link.command.1.tlog
d:\cybermed\daddy\dependency\sdk-vtk-9.4.2\build_msvc\io\import\ioimport.dir\release\ioimport.tlog\link.read.1.tlog
d:\cybermed\daddy\dependency\sdk-vtk-9.4.2\build_msvc\io\import\ioimport.dir\release\ioimport.tlog\link.secondary.1.tlog
d:\cybermed\daddy\dependency\sdk-vtk-9.4.2\build_msvc\io\import\ioimport.dir\release\ioimport.tlog\link.write.1.tlog
