d:\cybermed\daddy\dependency\sdk-vtk-9.4.2\build_msvc\rendering\label\renderinglabel.dir\release\vtkpointsettolabelhierarchy.obj
d:\cybermed\daddy\dependency\sdk-vtk-9.4.2\build_msvc\rendering\label\renderinglabel.dir\release\vtklabelsizecalculator.obj
d:\cybermed\daddy\dependency\sdk-vtk-9.4.2\build_msvc\rendering\label\renderinglabel.dir\release\vtklabelrenderstrategy.obj
d:\cybermed\daddy\dependency\sdk-vtk-9.4.2\build_msvc\rendering\label\renderinglabel.dir\release\vtklabelplacer.obj
d:\cybermed\daddy\dependency\sdk-vtk-9.4.2\build_msvc\rendering\label\renderinglabel.dir\release\vtklabelplacementmapper.obj
d:\cybermed\daddy\dependency\sdk-vtk-9.4.2\build_msvc\rendering\label\renderinglabel.dir\release\vtklabelhierarchyiterator.obj
d:\cybermed\daddy\dependency\sdk-vtk-9.4.2\build_msvc\rendering\label\renderinglabel.dir\release\vtklabelhierarchycompositeiterator.obj
d:\cybermed\daddy\dependency\sdk-vtk-9.4.2\build_msvc\rendering\label\renderinglabel.dir\release\vtklabelhierarchyalgorithm.obj
d:\cybermed\daddy\dependency\sdk-vtk-9.4.2\build_msvc\rendering\label\renderinglabel.dir\release\vtklabelhierarchy.obj
d:\cybermed\daddy\dependency\sdk-vtk-9.4.2\build_msvc\rendering\label\renderinglabel.dir\release\vtklabeledtreemapdatamapper.obj
d:\cybermed\daddy\dependency\sdk-vtk-9.4.2\build_msvc\rendering\label\renderinglabel.dir\release\vtklabeleddatamapper.obj
d:\cybermed\daddy\dependency\sdk-vtk-9.4.2\build_msvc\rendering\label\renderinglabel.dir\release\vtkfreetypelabelrenderstrategy.obj
d:\cybermed\daddy\dependency\sdk-vtk-9.4.2\build_msvc\rendering\label\renderinglabel.dir\release\vtkdynamic2dlabelmapper.obj
d:\cybermed\daddy\dependency\sdk-vtk-9.4.2\build_msvc\rendering\label\cmakefiles\generate.stamp
d:\cybermed\daddy\dependency\sdk-vtk-9.4.2\build_msvc\bin\release\vtkrenderinglabel-9.4.dll
d:\cybermed\daddy\dependency\sdk-vtk-9.4.2\build_msvc\lib\release\vtkrenderinglabel-9.4.lib
d:\cybermed\daddy\dependency\sdk-vtk-9.4.2\build_msvc\lib\release\vtkrenderinglabel-9.4.exp
d:\cybermed\daddy\dependency\sdk-vtk-9.4.2\build_msvc\rendering\label\renderinglabel.dir\release\renderinglabel.tlog\cl.command.1.tlog
d:\cybermed\daddy\dependency\sdk-vtk-9.4.2\build_msvc\rendering\label\renderinglabel.dir\release\renderinglabel.tlog\cl.items.tlog
d:\cybermed\daddy\dependency\sdk-vtk-9.4.2\build_msvc\rendering\label\renderinglabel.dir\release\renderinglabel.tlog\cl.read.1.tlog
d:\cybermed\daddy\dependency\sdk-vtk-9.4.2\build_msvc\rendering\label\renderinglabel.dir\release\renderinglabel.tlog\cl.write.1.tlog
d:\cybermed\daddy\dependency\sdk-vtk-9.4.2\build_msvc\rendering\label\renderinglabel.dir\release\renderinglabel.tlog\custombuild.command.1.tlog
d:\cybermed\daddy\dependency\sdk-vtk-9.4.2\build_msvc\rendering\label\renderinglabel.dir\release\renderinglabel.tlog\custombuild.read.1.tlog
d:\cybermed\daddy\dependency\sdk-vtk-9.4.2\build_msvc\rendering\label\renderinglabel.dir\release\renderinglabel.tlog\custombuild.write.1.tlog
d:\cybermed\daddy\dependency\sdk-vtk-9.4.2\build_msvc\rendering\label\renderinglabel.dir\release\renderinglabel.tlog\link.command.1.tlog
d:\cybermed\daddy\dependency\sdk-vtk-9.4.2\build_msvc\rendering\label\renderinglabel.dir\release\renderinglabel.tlog\link.read.1.tlog
d:\cybermed\daddy\dependency\sdk-vtk-9.4.2\build_msvc\rendering\label\renderinglabel.dir\release\renderinglabel.tlog\link.secondary.1.tlog
d:\cybermed\daddy\dependency\sdk-vtk-9.4.2\build_msvc\rendering\label\renderinglabel.dir\release\renderinglabel.tlog\link.write.1.tlog
