d:\cybermed\daddy\dependency\sdk-vtk-9.4.2\build_msvc\io\lsdyna\iolsdyna.dir\release\vtklsdynapartcollection.obj
d:\cybermed\daddy\dependency\sdk-vtk-9.4.2\build_msvc\io\lsdyna\iolsdyna.dir\release\vtklsdynapart.obj
d:\cybermed\daddy\dependency\sdk-vtk-9.4.2\build_msvc\io\lsdyna\iolsdyna.dir\release\vtklsdynasummaryparser.obj
d:\cybermed\daddy\dependency\sdk-vtk-9.4.2\build_msvc\io\lsdyna\iolsdyna.dir\release\vtklsdynareader.obj
d:\cybermed\daddy\dependency\sdk-vtk-9.4.2\build_msvc\io\lsdyna\iolsdyna.dir\release\lsdynametadata.obj
d:\cybermed\daddy\dependency\sdk-vtk-9.4.2\build_msvc\io\lsdyna\iolsdyna.dir\release\lsdynafamily.obj
d:\cybermed\daddy\dependency\sdk-vtk-9.4.2\build_msvc\io\lsdyna\cmakefiles\generate.stamp
d:\cybermed\daddy\dependency\sdk-vtk-9.4.2\build_msvc\bin\release\vtkiolsdyna-9.4.dll
d:\cybermed\daddy\dependency\sdk-vtk-9.4.2\build_msvc\lib\release\vtkiolsdyna-9.4.lib
d:\cybermed\daddy\dependency\sdk-vtk-9.4.2\build_msvc\lib\release\vtkiolsdyna-9.4.exp
d:\cybermed\daddy\dependency\sdk-vtk-9.4.2\build_msvc\io\lsdyna\iolsdyna.dir\release\iolsdyna.tlog\cl.command.1.tlog
d:\cybermed\daddy\dependency\sdk-vtk-9.4.2\build_msvc\io\lsdyna\iolsdyna.dir\release\iolsdyna.tlog\cl.items.tlog
d:\cybermed\daddy\dependency\sdk-vtk-9.4.2\build_msvc\io\lsdyna\iolsdyna.dir\release\iolsdyna.tlog\cl.read.1.tlog
d:\cybermed\daddy\dependency\sdk-vtk-9.4.2\build_msvc\io\lsdyna\iolsdyna.dir\release\iolsdyna.tlog\cl.write.1.tlog
d:\cybermed\daddy\dependency\sdk-vtk-9.4.2\build_msvc\io\lsdyna\iolsdyna.dir\release\iolsdyna.tlog\custombuild.command.1.tlog
d:\cybermed\daddy\dependency\sdk-vtk-9.4.2\build_msvc\io\lsdyna\iolsdyna.dir\release\iolsdyna.tlog\custombuild.read.1.tlog
d:\cybermed\daddy\dependency\sdk-vtk-9.4.2\build_msvc\io\lsdyna\iolsdyna.dir\release\iolsdyna.tlog\custombuild.write.1.tlog
d:\cybermed\daddy\dependency\sdk-vtk-9.4.2\build_msvc\io\lsdyna\iolsdyna.dir\release\iolsdyna.tlog\link.command.1.tlog
d:\cybermed\daddy\dependency\sdk-vtk-9.4.2\build_msvc\io\lsdyna\iolsdyna.dir\release\iolsdyna.tlog\link.read.1.tlog
d:\cybermed\daddy\dependency\sdk-vtk-9.4.2\build_msvc\io\lsdyna\iolsdyna.dir\release\iolsdyna.tlog\link.secondary.1.tlog
d:\cybermed\daddy\dependency\sdk-vtk-9.4.2\build_msvc\io\lsdyna\iolsdyna.dir\release\iolsdyna.tlog\link.write.1.tlog
