d:\cybermed\daddy\dependency\dcmtk-dcmtk-3.6.8\build_msvc\dcmrt\libsrc\dcmrt.dir\debug\vc143.pdb
d:\cybermed\daddy\dependency\dcmtk-dcmtk-3.6.8\build_msvc\dcmrt\libsrc\dcmrt.dir\debug\drtbads.obj
d:\cybermed\daddy\dependency\dcmtk-dcmtk-3.6.8\build_msvc\dcmrt\libsrc\dcmrt.dir\debug\drtass.obj
d:\cybermed\daddy\dependency\dcmtk-dcmtk-3.6.8\build_msvc\dcmrt\libsrc\dcmrt.dir\debug\drtas4.obj
d:\cybermed\daddy\dependency\dcmtk-dcmtk-3.6.8\build_msvc\dcmrt\libsrc\dcmrt.dir\debug\drtas3.obj
d:\cybermed\daddy\dependency\dcmtk-dcmtk-3.6.8\build_msvc\dcmrt\libsrc\dcmrt.dir\debug\drtas2.obj
d:\cybermed\daddy\dependency\dcmtk-dcmtk-3.6.8\build_msvc\dcmrt\libsrc\dcmrt.dir\debug\drtas1.obj
d:\cybermed\daddy\dependency\dcmtk-dcmtk-3.6.8\build_msvc\dcmrt\libsrc\dcmrt.dir\debug\drtars.obj
d:\cybermed\daddy\dependency\dcmtk-dcmtk-3.6.8\build_msvc\dcmrt\libsrc\dcmrt.dir\debug\drtarms.obj
d:\cybermed\daddy\dependency\dcmtk-dcmtk-3.6.8\build_msvc\dcmrt\libsrc\dcmrt.dir\debug\drtancs.obj
d:\cybermed\daddy\dependency\dcmtk-dcmtk-3.6.8\build_msvc\dcmrt\libsrc\dcmrt.dir\debug\drtajcs.obj
d:\cybermed\daddy\dependency\dcmtk-dcmtk-3.6.8\build_msvc\dcmrt\libsrc\dcmrt.dir\debug\drtags.obj
d:\cybermed\daddy\dependency\dcmtk-dcmtk-3.6.8\build_msvc\dcmrt\libsrc\dcmrt.dir\debug\drtafs.obj
d:\cybermed\daddy\dependency\dcmtk-dcmtk-3.6.8\build_msvc\dcmrt\libsrc\dcmrt.dir\debug\drtafcs.obj
d:\cybermed\daddy\dependency\dcmtk-dcmtk-3.6.8\build_msvc\dcmrt\libsrc\dcmrt.dir\debug\drtads.obj
d:\cybermed\daddy\dependency\dcmtk-dcmtk-3.6.8\build_msvc\dcmrt\libsrc\dcmrt.dir\debug\drtadcs.obj
d:\cybermed\daddy\dependency\dcmtk-dcmtk-3.6.8\build_msvc\dcmrt\libsrc\dcmrt.dir\debug\drtaadcs.obj
d:\cybermed\daddy\dependency\dcmtk-dcmtk-3.6.8\build_msvc\dcmrt\libsrc\dcmrt.dir\debug\drmstrct.obj
d:\cybermed\daddy\dependency\dcmtk-dcmtk-3.6.8\build_msvc\dcmrt\libsrc\dcmrt.dir\debug\drmplan.obj
d:\cybermed\daddy\dependency\dcmtk-dcmtk-3.6.8\build_msvc\dcmrt\libsrc\dcmrt.dir\debug\drmimage.obj
d:\cybermed\daddy\dependency\dcmtk-dcmtk-3.6.8\build_msvc\dcmrt\libsrc\dcmrt.dir\debug\drmdose.obj
d:\cybermed\daddy\dependency\dcmtk-dcmtk-3.6.8\build_msvc\dcmrt\libsrc\dcmrt.dir\debug\drtces.obj
d:\cybermed\daddy\dependency\dcmtk-dcmtk-3.6.8\build_msvc\dcmrt\libsrc\dcmrt.dir\debug\drtcdrs.obj
d:\cybermed\daddy\dependency\dcmtk-dcmtk-3.6.8\build_msvc\dcmrt\libsrc\dcmrt.dir\debug\drtcctus.obj
d:\cybermed\daddy\dependency\dcmtk-dcmtk-3.6.8\build_msvc\dcmrt\libsrc\dcmrt.dir\debug\drtccs.obj
d:\cybermed\daddy\dependency\dcmtk-dcmtk-3.6.8\build_msvc\dcmrt\libsrc\dcmrt.dir\debug\drtcbars.obj
d:\cybermed\daddy\dependency\dcmtk-dcmtk-3.6.8\build_msvc\dcmrt\libsrc\dcmrt.dir\debug\drtbvcps.obj
d:\cybermed\daddy\dependency\dcmtk-dcmtk-3.6.8\build_msvc\dcmrt\libsrc\dcmrt.dir\debug\drtbss.obj
d:\cybermed\daddy\dependency\dcmtk-dcmtk-3.6.8\build_msvc\dcmrt\libsrc\dcmrt.dir\debug\drtbs.obj
d:\cybermed\daddy\dependency\dcmtk-dcmtk-3.6.8\build_msvc\dcmrt\libsrc\dcmrt.dir\debug\drtbrs.obj
d:\cybermed\daddy\dependency\dcmtk-dcmtk-3.6.8\build_msvc\dcmrt\libsrc\dcmrt.dir\debug\drtbrdrs.obj
d:\cybermed\daddy\dependency\dcmtk-dcmtk-3.6.8\build_msvc\dcmrt\libsrc\dcmrt.dir\debug\drtbrcss.obj
d:\cybermed\daddy\dependency\dcmtk-dcmtk-3.6.8\build_msvc\dcmrt\libsrc\dcmrt.dir\debug\drtbldts.obj
d:\cybermed\daddy\dependency\dcmtk-dcmtk-3.6.8\build_msvc\dcmrt\libsrc\dcmrt.dir\debug\drtblds2.obj
d:\cybermed\daddy\dependency\dcmtk-dcmtk-3.6.8\build_msvc\dcmrt\libsrc\dcmrt.dir\debug\drtblds1.obj
d:\cybermed\daddy\dependency\dcmtk-dcmtk-3.6.8\build_msvc\dcmrt\libsrc\dcmrt.dir\debug\drtbldps.obj
d:\cybermed\daddy\dependency\dcmtk-dcmtk-3.6.8\build_msvc\dcmrt\libsrc\dcmrt.dir\debug\drtbldls.obj
d:\cybermed\daddy\dependency\dcmtk-dcmtk-3.6.8\build_msvc\dcmrt\libsrc\dcmrt.dir\debug\drtbl2.obj
d:\cybermed\daddy\dependency\dcmtk-dcmtk-3.6.8\build_msvc\dcmrt\libsrc\dcmrt.dir\debug\drtbl1.obj
d:\cybermed\daddy\dependency\dcmtk-dcmtk-3.6.8\build_msvc\dcmrt\libsrc\dcmrt.dir\debug\drtbcps.obj
d:\cybermed\daddy\dependency\dcmtk-dcmtk-3.6.8\build_msvc\dcmrt\libsrc\dcmrt.dir\debug\drtbas.obj
d:\cybermed\daddy\dependency\dcmtk-dcmtk-3.6.8\build_msvc\dcmrt\libsrc\dcmrt.dir\debug\drtdccs.obj
d:\cybermed\daddy\dependency\dcmtk-dcmtk-3.6.8\build_msvc\dcmrt\libsrc\dcmrt.dir\debug\drtcvis.obj
d:\cybermed\daddy\dependency\dcmtk-dcmtk-3.6.8\build_msvc\dcmrt\libsrc\dcmrt.dir\debug\drtcvdas.obj
d:\cybermed\daddy\dependency\dcmtk-dcmtk-3.6.8\build_msvc\dcmrt\libsrc\dcmrt.dir\debug\drtcvcss.obj
d:\cybermed\daddy\dependency\dcmtk-dcmtk-3.6.8\build_msvc\dcmrt\libsrc\dcmrt.dir\debug\drtcttcs.obj
d:\cybermed\daddy\dependency\dcmtk-dcmtk-3.6.8\build_msvc\dcmrt\libsrc\dcmrt.dir\debug\drtcss.obj
d:\cybermed\daddy\dependency\dcmtk-dcmtk-3.6.8\build_msvc\dcmrt\libsrc\dcmrt.dir\debug\drtcsrs.obj
d:\cybermed\daddy\dependency\dcmtk-dcmtk-3.6.8\build_msvc\dcmrt\libsrc\dcmrt.dir\debug\drtcsis.obj
d:\cybermed\daddy\dependency\dcmtk-dcmtk-3.6.8\build_msvc\dcmrt\libsrc\dcmrt.dir\debug\drtcshs.obj
d:\cybermed\daddy\dependency\dcmtk-dcmtk-3.6.8\build_msvc\dcmrt\libsrc\dcmrt.dir\debug\drtcsas.obj
d:\cybermed\daddy\dependency\dcmtk-dcmtk-3.6.8\build_msvc\dcmrt\libsrc\dcmrt.dir\debug\drtcs.obj
d:\cybermed\daddy\dependency\dcmtk-dcmtk-3.6.8\build_msvc\dcmrt\libsrc\dcmrt.dir\debug\drtcps.obj
d:\cybermed\daddy\dependency\dcmtk-dcmtk-3.6.8\build_msvc\dcmrt\libsrc\dcmrt.dir\debug\drtcpis.obj
d:\cybermed\daddy\dependency\dcmtk-dcmtk-3.6.8\build_msvc\dcmrt\libsrc\dcmrt.dir\debug\drtcpas.obj
d:\cybermed\daddy\dependency\dcmtk-dcmtk-3.6.8\build_msvc\dcmrt\libsrc\dcmrt.dir\debug\drtcos.obj
d:\cybermed\daddy\dependency\dcmtk-dcmtk-3.6.8\build_msvc\dcmrt\libsrc\dcmrt.dir\debug\drtcncs.obj
d:\cybermed\daddy\dependency\dcmtk-dcmtk-3.6.8\build_msvc\dcmrt\libsrc\dcmrt.dir\debug\drtcis.obj
d:\cybermed\daddy\dependency\dcmtk-dcmtk-3.6.8\build_msvc\dcmrt\libsrc\dcmrt.dir\debug\drtcims.obj
d:\cybermed\daddy\dependency\dcmtk-dcmtk-3.6.8\build_msvc\dcmrt\libsrc\dcmrt.dir\debug\drtchs.obj
d:\cybermed\daddy\dependency\dcmtk-dcmtk-3.6.8\build_msvc\dcmrt\libsrc\dcmrt.dir\debug\drtcgis.obj
d:\cybermed\daddy\dependency\dcmtk-dcmtk-3.6.8\build_msvc\dcmrt\libsrc\dcmrt.dir\debug\drteblos.obj
d:\cybermed\daddy\dependency\dcmtk-dcmtk-3.6.8\build_msvc\dcmrt\libsrc\dcmrt.dir\debug\drteblds.obj
d:\cybermed\daddy\dependency\dcmtk-dcmtk-3.6.8\build_msvc\dcmrt\libsrc\dcmrt.dir\debug\drteas.obj
d:\cybermed\daddy\dependency\dcmtk-dcmtk-3.6.8\build_msvc\dcmrt\libsrc\dcmrt.dir\debug\drtdvrrs.obj
d:\cybermed\daddy\dependency\dcmtk-dcmtk-3.6.8\build_msvc\dcmrt\libsrc\dcmrt.dir\debug\drtdvhs.obj
d:\cybermed\daddy\dependency\dcmtk-dcmtk-3.6.8\build_msvc\dcmrt\libsrc\dcmrt.dir\debug\drtdtcs.obj
d:\cybermed\daddy\dependency\dcmtk-dcmtk-3.6.8\build_msvc\dcmrt\libsrc\dcmrt.dir\debug\drtdss.obj
d:\cybermed\daddy\dependency\dcmtk-dcmtk-3.6.8\build_msvc\dcmrt\libsrc\dcmrt.dir\debug\drtdspcs.obj
d:\cybermed\daddy\dependency\dcmtk-dcmtk-3.6.8\build_msvc\dcmrt\libsrc\dcmrt.dir\debug\drtds.obj
d:\cybermed\daddy\dependency\dcmtk-dcmtk-3.6.8\build_msvc\dcmrt\libsrc\dcmrt.dir\debug\drtdrs.obj
d:\cybermed\daddy\dependency\dcmtk-dcmtk-3.6.8\build_msvc\dcmrt\libsrc\dcmrt.dir\debug\drtdose.obj
d:\cybermed\daddy\dependency\dcmtk-dcmtk-3.6.8\build_msvc\dcmrt\libsrc\dcmrt.dir\debug\drtdirs.obj
d:\cybermed\daddy\dependency\dcmtk-dcmtk-3.6.8\build_msvc\dcmrt\libsrc\dcmrt.dir\debug\drtdimrs.obj
d:\cybermed\daddy\dependency\dcmtk-dcmtk-3.6.8\build_msvc\dcmrt\libsrc\dcmrt.dir\debug\drtdimcs.obj
d:\cybermed\daddy\dependency\dcmtk-dcmtk-3.6.8\build_msvc\dcmrt\libsrc\dcmrt.dir\debug\drtdias.obj
d:\cybermed\daddy\dependency\dcmtk-dcmtk-3.6.8\build_msvc\dcmrt\libsrc\dcmrt.dir\debug\drtdfss.obj
d:\cybermed\daddy\dependency\dcmtk-dcmtk-3.6.8\build_msvc\dcmrt\libsrc\dcmrt.dir\debug\drtddps.obj
d:\cybermed\daddy\dependency\dcmtk-dcmtk-3.6.8\build_msvc\dcmrt\libsrc\dcmrt.dir\debug\drtdddps.obj
d:\cybermed\daddy\dependency\dcmtk-dcmtk-3.6.8\build_msvc\dcmrt\libsrc\dcmrt.dir\debug\drtdcvs.obj
d:\cybermed\daddy\dependency\dcmtk-dcmtk-3.6.8\build_msvc\dcmrt\libsrc\dcmrt.dir\debug\drtdcs.obj
d:\cybermed\daddy\dependency\dcmtk-dcmtk-3.6.8\build_msvc\dcmrt\libsrc\dcmrt.dir\debug\drtgpis.obj
d:\cybermed\daddy\dependency\dcmtk-dcmtk-3.6.8\build_msvc\dcmrt\libsrc\dcmrt.dir\debug\drtgms.obj
d:\cybermed\daddy\dependency\dcmtk-dcmtk-3.6.8\build_msvc\dcmrt\libsrc\dcmrt.dir\debug\drtgmcs.obj
d:\cybermed\daddy\dependency\dcmtk-dcmtk-3.6.8\build_msvc\dcmrt\libsrc\dcmrt.dir\debug\drtgas6.obj
d:\cybermed\daddy\dependency\dcmtk-dcmtk-3.6.8\build_msvc\dcmrt\libsrc\dcmrt.dir\debug\drtgas5.obj
d:\cybermed\daddy\dependency\dcmtk-dcmtk-3.6.8\build_msvc\dcmrt\libsrc\dcmrt.dir\debug\drtgas4.obj
d:\cybermed\daddy\dependency\dcmtk-dcmtk-3.6.8\build_msvc\dcmrt\libsrc\dcmrt.dir\debug\drtgas3.obj
d:\cybermed\daddy\dependency\dcmtk-dcmtk-3.6.8\build_msvc\dcmrt\libsrc\dcmrt.dir\debug\drtgas2.obj
d:\cybermed\daddy\dependency\dcmtk-dcmtk-3.6.8\build_msvc\dcmrt\libsrc\dcmrt.dir\debug\drtgas1.obj
d:\cybermed\daddy\dependency\dcmtk-dcmtk-3.6.8\build_msvc\dcmrt\libsrc\dcmrt.dir\debug\drtfsss.obj
d:\cybermed\daddy\dependency\dcmtk-dcmtk-3.6.8\build_msvc\dcmrt\libsrc\dcmrt.dir\debug\drtfms.obj
d:\cybermed\daddy\dependency\dcmtk-dcmtk-3.6.8\build_msvc\dcmrt\libsrc\dcmrt.dir\debug\drtfgss.obj
d:\cybermed\daddy\dependency\dcmtk-dcmtk-3.6.8\build_msvc\dcmrt\libsrc\dcmrt.dir\debug\drtfgs.obj
d:\cybermed\daddy\dependency\dcmtk-dcmtk-3.6.8\build_msvc\dcmrt\libsrc\dcmrt.dir\debug\drtfes.obj
d:\cybermed\daddy\dependency\dcmtk-dcmtk-3.6.8\build_msvc\dcmrt\libsrc\dcmrt.dir\debug\drtfds.obj
d:\cybermed\daddy\dependency\dcmtk-dcmtk-3.6.8\build_msvc\dcmrt\libsrc\dcmrt.dir\debug\drtfbdds.obj
d:\cybermed\daddy\dependency\dcmtk-dcmtk-3.6.8\build_msvc\dcmrt\libsrc\dcmrt.dir\debug\drtes.obj
d:\cybermed\daddy\dependency\dcmtk-dcmtk-3.6.8\build_msvc\dcmrt\libsrc\dcmrt.dir\debug\drtecvs.obj
d:\cybermed\daddy\dependency\dcmtk-dcmtk-3.6.8\build_msvc\dcmrt\libsrc\dcmrt.dir\debug\drtecvis.obj
d:\cybermed\daddy\dependency\dcmtk-dcmtk-3.6.8\build_msvc\dcmrt\libsrc\dcmrt.dir\debug\drtecs.obj
d:\cybermed\daddy\dependency\dcmtk-dcmtk-3.6.8\build_msvc\dcmrt\libsrc\dcmrt.dir\debug\drtiws.obj
d:\cybermed\daddy\dependency\dcmtk-dcmtk-3.6.8\build_msvc\dcmrt\libsrc\dcmrt.dir\debug\drtiwps.obj
d:\cybermed\daddy\dependency\dcmtk-dcmtk-3.6.8\build_msvc\dcmrt\libsrc\dcmrt.dir\debug\drtitts.obj
d:\cybermed\daddy\dependency\dcmtk-dcmtk-3.6.8\build_msvc\dcmrt\libsrc\dcmrt.dir\debug\drtiseis.obj
d:\cybermed\daddy\dependency\dcmtk-dcmtk-3.6.8\build_msvc\dcmrt\libsrc\dcmrt.dir\debug\drtircs.obj
d:\cybermed\daddy\dependency\dcmtk-dcmtk-3.6.8\build_msvc\dcmrt\libsrc\dcmrt.dir\debug\drtipiqs.obj
d:\cybermed\daddy\dependency\dcmtk-dcmtk-3.6.8\build_msvc\dcmrt\libsrc\dcmrt.dir\debug\drtiontr.obj
d:\cybermed\daddy\dependency\dcmtk-dcmtk-3.6.8\build_msvc\dcmrt\libsrc\dcmrt.dir\debug\drtionpl.obj
d:\cybermed\daddy\dependency\dcmtk-dcmtk-3.6.8\build_msvc\dcmrt\libsrc\dcmrt.dir\debug\drtimage.obj
d:\cybermed\daddy\dependency\dcmtk-dcmtk-3.6.8\build_msvc\dcmrt\libsrc\dcmrt.dir\debug\drtiis.obj
d:\cybermed\daddy\dependency\dcmtk-dcmtk-3.6.8\build_msvc\dcmrt\libsrc\dcmrt.dir\debug\drtidcs.obj
d:\cybermed\daddy\dependency\dcmtk-dcmtk-3.6.8\build_msvc\dcmrt\libsrc\dcmrt.dir\debug\drtics.obj
d:\cybermed\daddy\dependency\dcmtk-dcmtk-3.6.8\build_msvc\dcmrt\libsrc\dcmrt.dir\debug\drticps.obj
d:\cybermed\daddy\dependency\dcmtk-dcmtk-3.6.8\build_msvc\dcmrt\libsrc\dcmrt.dir\debug\drticpds.obj
d:\cybermed\daddy\dependency\dcmtk-dcmtk-3.6.8\build_msvc\dcmrt\libsrc\dcmrt.dir\debug\drtibs.obj
d:\cybermed\daddy\dependency\dcmtk-dcmtk-3.6.8\build_msvc\dcmrt\libsrc\dcmrt.dir\debug\drtibls.obj
d:\cybermed\daddy\dependency\dcmtk-dcmtk-3.6.8\build_msvc\dcmrt\libsrc\dcmrt.dir\debug\drtiblds.obj
d:\cybermed\daddy\dependency\dcmtk-dcmtk-3.6.8\build_msvc\dcmrt\libsrc\dcmrt.dir\debug\drtians.obj
d:\cybermed\daddy\dependency\dcmtk-dcmtk-3.6.8\build_msvc\dcmrt\libsrc\dcmrt.dir\debug\drtiais.obj
d:\cybermed\daddy\dependency\dcmtk-dcmtk-3.6.8\build_msvc\dcmrt\libsrc\dcmrt.dir\debug\drthsdrs.obj
d:\cybermed\daddy\dependency\dcmtk-dcmtk-3.6.8\build_msvc\dcmrt\libsrc\dcmrt.dir\debug\drtpass.obj
d:\cybermed\daddy\dependency\dcmtk-dcmtk-3.6.8\build_msvc\dcmrt\libsrc\dcmrt.dir\debug\drtpasms.obj
d:\cybermed\daddy\dependency\dcmtk-dcmtk-3.6.8\build_msvc\dcmrt\libsrc\dcmrt.dir\debug\drtosirs.obj
d:\cybermed\daddy\dependency\dcmtk-dcmtk-3.6.8\build_msvc\dcmrt\libsrc\dcmrt.dir\debug\drtos.obj
d:\cybermed\daddy\dependency\dcmtk-dcmtk-3.6.8\build_msvc\dcmrt\libsrc\dcmrt.dir\debug\drtopis.obj
d:\cybermed\daddy\dependency\dcmtk-dcmtk-3.6.8\build_msvc\dcmrt\libsrc\dcmrt.dir\debug\drtois.obj
d:\cybermed\daddy\dependency\dcmtk-dcmtk-3.6.8\build_msvc\dcmrt\libsrc\dcmrt.dir\debug\drtoas.obj
d:\cybermed\daddy\dependency\dcmtk-dcmtk-3.6.8\build_msvc\dcmrt\libsrc\dcmrt.dir\debug\drtnmas.obj
d:\cybermed\daddy\dependency\dcmtk-dcmtk-3.6.8\build_msvc\dcmrt\libsrc\dcmrt.dir\debug\drtmucs.obj
d:\cybermed\daddy\dependency\dcmtk-dcmtk-3.6.8\build_msvc\dcmrt\libsrc\dcmrt.dir\debug\drtmttcs.obj
d:\cybermed\daddy\dependency\dcmtk-dcmtk-3.6.8\build_msvc\dcmrt\libsrc\dcmrt.dir\debug\drtmss.obj
d:\cybermed\daddy\dependency\dcmtk-dcmtk-3.6.8\build_msvc\dcmrt\libsrc\dcmrt.dir\debug\drtmris.obj
d:\cybermed\daddy\dependency\dcmtk-dcmtk-3.6.8\build_msvc\dcmrt\libsrc\dcmrt.dir\debug\drtmps.obj
d:\cybermed\daddy\dependency\dcmtk-dcmtk-3.6.8\build_msvc\dcmrt\libsrc\dcmrt.dir\debug\drtmls.obj
d:\cybermed\daddy\dependency\dcmtk-dcmtk-3.6.8\build_msvc\dcmrt\libsrc\dcmrt.dir\debug\drtmdrs.obj
d:\cybermed\daddy\dependency\dcmtk-dcmtk-3.6.8\build_msvc\dcmrt\libsrc\dcmrt.dir\debug\drtmas.obj
d:\cybermed\daddy\dependency\dcmtk-dcmtk-3.6.8\build_msvc\dcmrt\libsrc\dcmrt.dir\debug\drtmacds.obj
d:\cybermed\daddy\dependency\dcmtk-dcmtk-3.6.8\build_msvc\dcmrt\libsrc\dcmrt.dir\debug\drtlsds2.obj
d:\cybermed\daddy\dependency\dcmtk-dcmtk-3.6.8\build_msvc\dcmrt\libsrc\dcmrt.dir\debug\drtlsds1.obj
d:\cybermed\daddy\dependency\dcmtk-dcmtk-3.6.8\build_msvc\dcmrt\libsrc\dcmrt.dir\debug\drtlsds.obj
d:\cybermed\daddy\dependency\dcmtk-dcmtk-3.6.8\build_msvc\dcmrt\libsrc\dcmrt.dir\debug\drtpsss.obj
d:\cybermed\daddy\dependency\dcmtk-dcmtk-3.6.8\build_msvc\dcmrt\libsrc\dcmrt.dir\debug\drtpss.obj
d:\cybermed\daddy\dependency\dcmtk-dcmtk-3.6.8\build_msvc\dcmrt\libsrc\dcmrt.dir\debug\drtpsics.obj
d:\cybermed\daddy\dependency\dcmtk-dcmtk-3.6.8\build_msvc\dcmrt\libsrc\dcmrt.dir\debug\drtpscs.obj
d:\cybermed\daddy\dependency\dcmtk-dcmtk-3.6.8\build_msvc\dcmrt\libsrc\dcmrt.dir\debug\drtprsis.obj
d:\cybermed\daddy\dependency\dcmtk-dcmtk-3.6.8\build_msvc\dcmrt\libsrc\dcmrt.dir\debug\drtpros.obj
d:\cybermed\daddy\dependency\dcmtk-dcmtk-3.6.8\build_msvc\dcmrt\libsrc\dcmrt.dir\debug\drtppcs.obj
d:\cybermed\daddy\dependency\dcmtk-dcmtk-3.6.8\build_msvc\dcmrt\libsrc\dcmrt.dir\debug\drtporis.obj
d:\cybermed\daddy\dependency\dcmtk-dcmtk-3.6.8\build_msvc\dcmrt\libsrc\dcmrt.dir\debug\drtporcs.obj
d:\cybermed\daddy\dependency\dcmtk-dcmtk-3.6.8\build_msvc\dcmrt\libsrc\dcmrt.dir\debug\drtplos.obj
d:\cybermed\daddy\dependency\dcmtk-dcmtk-3.6.8\build_msvc\dcmrt\libsrc\dcmrt.dir\debug\drtplan.obj
d:\cybermed\daddy\dependency\dcmtk-dcmtk-3.6.8\build_msvc\dcmrt\libsrc\dcmrt.dir\debug\drtpics.obj
d:\cybermed\daddy\dependency\dcmtk-dcmtk-3.6.8\build_msvc\dcmrt\libsrc\dcmrt.dir\debug\drtpfms.obj
d:\cybermed\daddy\dependency\dcmtk-dcmtk-3.6.8\build_msvc\dcmrt\libsrc\dcmrt.dir\debug\drtpdeds.obj
d:\cybermed\daddy\dependency\dcmtk-dcmtk-3.6.8\build_msvc\dcmrt\libsrc\dcmrt.dir\debug\drtpdecs.obj
d:\cybermed\daddy\dependency\dcmtk-dcmtk-3.6.8\build_msvc\dcmrt\libsrc\dcmrt.dir\debug\drtpcxs.obj
d:\cybermed\daddy\dependency\dcmtk-dcmtk-3.6.8\build_msvc\dcmrt\libsrc\dcmrt.dir\debug\drtpcs.obj
d:\cybermed\daddy\dependency\dcmtk-dcmtk-3.6.8\build_msvc\dcmrt\libsrc\dcmrt.dir\debug\drtpbdos.obj
d:\cybermed\daddy\dependency\dcmtk-dcmtk-3.6.8\build_msvc\dcmrt\libsrc\dcmrt.dir\debug\drtpbdds.obj
d:\cybermed\daddy\dependency\dcmtk-dcmtk-3.6.8\build_msvc\dcmrt\libsrc\dcmrt.dir\debug\drtpbcs.obj
d:\cybermed\daddy\dependency\dcmtk-dcmtk-3.6.8\build_msvc\dcmrt\libsrc\dcmrt.dir\debug\drtrdcks.obj
d:\cybermed\daddy\dependency\dcmtk-dcmtk-3.6.8\build_msvc\dcmrt\libsrc\dcmrt.dir\debug\drtrdais.obj
d:\cybermed\daddy\dependency\dcmtk-dcmtk-3.6.8\build_msvc\dcmrt\libsrc\dcmrt.dir\debug\drtrcs.obj
d:\cybermed\daddy\dependency\dcmtk-dcmtk-3.6.8\build_msvc\dcmrt\libsrc\dcmrt.dir\debug\drtrcps.obj
d:\cybermed\daddy\dependency\dcmtk-dcmtk-3.6.8\build_msvc\dcmrt\libsrc\dcmrt.dir\debug\drtrcos.obj
d:\cybermed\daddy\dependency\dcmtk-dcmtk-3.6.8\build_msvc\dcmrt\libsrc\dcmrt.dir\debug\drtrcdrs.obj
d:\cybermed\daddy\dependency\dcmtk-dcmtk-3.6.8\build_msvc\dcmrt\libsrc\dcmrt.dir\debug\drtrbss.obj
d:\cybermed\daddy\dependency\dcmtk-dcmtk-3.6.8\build_msvc\dcmrt\libsrc\dcmrt.dir\debug\drtrbs3.obj
d:\cybermed\daddy\dependency\dcmtk-dcmtk-3.6.8\build_msvc\dcmrt\libsrc\dcmrt.dir\debug\drtrbs2.obj
d:\cybermed\daddy\dependency\dcmtk-dcmtk-3.6.8\build_msvc\dcmrt\libsrc\dcmrt.dir\debug\drtrbs1.obj
d:\cybermed\daddy\dependency\dcmtk-dcmtk-3.6.8\build_msvc\dcmrt\libsrc\dcmrt.dir\debug\drtrbos3.obj
d:\cybermed\daddy\dependency\dcmtk-dcmtk-3.6.8\build_msvc\dcmrt\libsrc\dcmrt.dir\debug\drtrbos2.obj
d:\cybermed\daddy\dependency\dcmtk-dcmtk-3.6.8\build_msvc\dcmrt\libsrc\dcmrt.dir\debug\drtrbos1.obj
d:\cybermed\daddy\dependency\dcmtk-dcmtk-3.6.8\build_msvc\dcmrt\libsrc\dcmrt.dir\debug\drtrbls.obj
d:\cybermed\daddy\dependency\dcmtk-dcmtk-3.6.8\build_msvc\dcmrt\libsrc\dcmrt.dir\debug\drtrbdgs.obj
d:\cybermed\daddy\dependency\dcmtk-dcmtk-3.6.8\build_msvc\dcmrt\libsrc\dcmrt.dir\debug\drtrbas2.obj
d:\cybermed\daddy\dependency\dcmtk-dcmtk-3.6.8\build_msvc\dcmrt\libsrc\dcmrt.dir\debug\drtrbas1.obj
d:\cybermed\daddy\dependency\dcmtk-dcmtk-3.6.8\build_msvc\dcmrt\libsrc\dcmrt.dir\debug\drtras.obj
d:\cybermed\daddy\dependency\dcmtk-dcmtk-3.6.8\build_msvc\dcmrt\libsrc\dcmrt.dir\debug\drtqds.obj
d:\cybermed\daddy\dependency\dcmtk-dcmtk-3.6.8\build_msvc\dcmrt\libsrc\dcmrt.dir\debug\drtpvis.obj
d:\cybermed\daddy\dependency\dcmtk-dcmtk-3.6.8\build_msvc\dcmrt\libsrc\dcmrt.dir\debug\drtrppcs.obj
d:\cybermed\daddy\dependency\dcmtk-dcmtk-3.6.8\build_msvc\dcmrt\libsrc\dcmrt.dir\debug\drtrpis.obj
d:\cybermed\daddy\dependency\dcmtk-dcmtk-3.6.8\build_msvc\dcmrt\libsrc\dcmrt.dir\debug\drtrpcs.obj
d:\cybermed\daddy\dependency\dcmtk-dcmtk-3.6.8\build_msvc\dcmrt\libsrc\dcmrt.dir\debug\drtrmss2.obj
d:\cybermed\daddy\dependency\dcmtk-dcmtk-3.6.8\build_msvc\dcmrt\libsrc\dcmrt.dir\debug\drtrmss1.obj
d:\cybermed\daddy\dependency\dcmtk-dcmtk-3.6.8\build_msvc\dcmrt\libsrc\dcmrt.dir\debug\drtrms.obj
d:\cybermed\daddy\dependency\dcmtk-dcmtk-3.6.8\build_msvc\dcmrt\libsrc\dcmrt.dir\debug\drtrmdrs.obj
d:\cybermed\daddy\dependency\dcmtk-dcmtk-3.6.8\build_msvc\dcmrt\libsrc\dcmrt.dir\debug\drtrlsds.obj
d:\cybermed\daddy\dependency\dcmtk-dcmtk-3.6.8\build_msvc\dcmrt\libsrc\dcmrt.dir\debug\drtris.obj
d:\cybermed\daddy\dependency\dcmtk-dcmtk-3.6.8\build_msvc\dcmrt\libsrc\dcmrt.dir\debug\drtrims.obj
d:\cybermed\daddy\dependency\dcmtk-dcmtk-3.6.8\build_msvc\dcmrt\libsrc\dcmrt.dir\debug\drtrics.obj
d:\cybermed\daddy\dependency\dcmtk-dcmtk-3.6.8\build_msvc\dcmrt\libsrc\dcmrt.dir\debug\drtrfors.obj
d:\cybermed\daddy\dependency\dcmtk-dcmtk-3.6.8\build_msvc\dcmrt\libsrc\dcmrt.dir\debug\drtrfgs.obj
d:\cybermed\daddy\dependency\dcmtk-dcmtk-3.6.8\build_msvc\dcmrt\libsrc\dcmrt.dir\debug\drtrecs.obj
d:\cybermed\daddy\dependency\dcmtk-dcmtk-3.6.8\build_msvc\dcmrt\libsrc\dcmrt.dir\debug\drtrdsis.obj
d:\cybermed\daddy\dependency\dcmtk-dcmtk-3.6.8\build_msvc\dcmrt\libsrc\dcmrt.dir\debug\drtrds.obj
d:\cybermed\daddy\dependency\dcmtk-dcmtk-3.6.8\build_msvc\dcmrt\libsrc\dcmrt.dir\debug\drtrdrs3.obj
d:\cybermed\daddy\dependency\dcmtk-dcmtk-3.6.8\build_msvc\dcmrt\libsrc\dcmrt.dir\debug\drtrdrs2.obj
d:\cybermed\daddy\dependency\dcmtk-dcmtk-3.6.8\build_msvc\dcmrt\libsrc\dcmrt.dir\debug\drtrdrs1.obj
d:\cybermed\daddy\dependency\dcmtk-dcmtk-3.6.8\build_msvc\dcmrt\libsrc\dcmrt.dir\debug\drtrdps.obj
d:\cybermed\daddy\dependency\dcmtk-dcmtk-3.6.8\build_msvc\dcmrt\libsrc\dcmrt.dir\debug\drtrshs2.obj
d:\cybermed\daddy\dependency\dcmtk-dcmtk-3.6.8\build_msvc\dcmrt\libsrc\dcmrt.dir\debug\drtrshs1.obj
d:\cybermed\daddy\dependency\dcmtk-dcmtk-3.6.8\build_msvc\dcmrt\libsrc\dcmrt.dir\debug\drtrshs.obj
d:\cybermed\daddy\dependency\dcmtk-dcmtk-3.6.8\build_msvc\dcmrt\libsrc\dcmrt.dir\debug\drtrses.obj
d:\cybermed\daddy\dependency\dcmtk-dcmtk-3.6.8\build_msvc\dcmrt\libsrc\dcmrt.dir\debug\drtrsers.obj
d:\cybermed\daddy\dependency\dcmtk-dcmtk-3.6.8\build_msvc\dcmrt\libsrc\dcmrt.dir\debug\drtrscs.obj
d:\cybermed\daddy\dependency\dcmtk-dcmtk-3.6.8\build_msvc\dcmrt\libsrc\dcmrt.dir\debug\drtrrshs.obj
d:\cybermed\daddy\dependency\dcmtk-dcmtk-3.6.8\build_msvc\dcmrt\libsrc\dcmrt.dir\debug\drtrrs.obj
d:\cybermed\daddy\dependency\dcmtk-dcmtk-3.6.8\build_msvc\dcmrt\libsrc\dcmrt.dir\debug\drtrrros.obj
d:\cybermed\daddy\dependency\dcmtk-dcmtk-3.6.8\build_msvc\dcmrt\libsrc\dcmrt.dir\debug\drtrrpcs.obj
d:\cybermed\daddy\dependency\dcmtk-dcmtk-3.6.8\build_msvc\dcmrt\libsrc\dcmrt.dir\debug\drtrros.obj
d:\cybermed\daddy\dependency\dcmtk-dcmtk-3.6.8\build_msvc\dcmrt\libsrc\dcmrt.dir\debug\drtrrms.obj
d:\cybermed\daddy\dependency\dcmtk-dcmtk-3.6.8\build_msvc\dcmrt\libsrc\dcmrt.dir\debug\drtrris3.obj
d:\cybermed\daddy\dependency\dcmtk-dcmtk-3.6.8\build_msvc\dcmrt\libsrc\dcmrt.dir\debug\drtrris2.obj
d:\cybermed\daddy\dependency\dcmtk-dcmtk-3.6.8\build_msvc\dcmrt\libsrc\dcmrt.dir\debug\drtrris1.obj
d:\cybermed\daddy\dependency\dcmtk-dcmtk-3.6.8\build_msvc\dcmrt\libsrc\dcmrt.dir\debug\drtrps.obj
d:\cybermed\daddy\dependency\dcmtk-dcmtk-3.6.8\build_msvc\dcmrt\libsrc\dcmrt.dir\debug\drtrppss.obj
d:\cybermed\daddy\dependency\dcmtk-dcmtk-3.6.8\build_msvc\dcmrt\libsrc\dcmrt.dir\debug\drtrpps.obj
d:\cybermed\daddy\dependency\dcmtk-dcmtk-3.6.8\build_msvc\dcmrt\libsrc\dcmrt.dir\debug\drtrpprs.obj
d:\cybermed\daddy\dependency\dcmtk-dcmtk-3.6.8\build_msvc\dcmrt\libsrc\dcmrt.dir\debug\drtrpphs.obj
d:\cybermed\daddy\dependency\dcmtk-dcmtk-3.6.8\build_msvc\dcmrt\libsrc\dcmrt.dir\debug\drtscvs.obj
d:\cybermed\daddy\dependency\dcmtk-dcmtk-3.6.8\build_msvc\dcmrt\libsrc\dcmrt.dir\debug\drtscs.obj
d:\cybermed\daddy\dependency\dcmtk-dcmtk-3.6.8\build_msvc\dcmrt\libsrc\dcmrt.dir\debug\drtscris.obj
d:\cybermed\daddy\dependency\dcmtk-dcmtk-3.6.8\build_msvc\dcmrt\libsrc\dcmrt.dir\debug\drtrwvms.obj
d:\cybermed\daddy\dependency\dcmtk-dcmtk-3.6.8\build_msvc\dcmrt\libsrc\dcmrt.dir\debug\drtrws.obj
d:\cybermed\daddy\dependency\dcmtk-dcmtk-3.6.8\build_msvc\dcmrt\libsrc\dcmrt.dir\debug\drtrvis.obj
d:\cybermed\daddy\dependency\dcmtk-dcmtk-3.6.8\build_msvc\dcmrt\libsrc\dcmrt.dir\debug\drtrvcs.obj
d:\cybermed\daddy\dependency\dcmtk-dcmtk-3.6.8\build_msvc\dcmrt\libsrc\dcmrt.dir\debug\drtrtrs2.obj
d:\cybermed\daddy\dependency\dcmtk-dcmtk-3.6.8\build_msvc\dcmrt\libsrc\dcmrt.dir\debug\drtrtrs1.obj
d:\cybermed\daddy\dependency\dcmtk-dcmtk-3.6.8\build_msvc\dcmrt\libsrc\dcmrt.dir\debug\drtrtps4.obj
d:\cybermed\daddy\dependency\dcmtk-dcmtk-3.6.8\build_msvc\dcmrt\libsrc\dcmrt.dir\debug\drtrtps3.obj
d:\cybermed\daddy\dependency\dcmtk-dcmtk-3.6.8\build_msvc\dcmrt\libsrc\dcmrt.dir\debug\drtrtps2.obj
d:\cybermed\daddy\dependency\dcmtk-dcmtk-3.6.8\build_msvc\dcmrt\libsrc\dcmrt.dir\debug\drtrtps1.obj
d:\cybermed\daddy\dependency\dcmtk-dcmtk-3.6.8\build_msvc\dcmrt\libsrc\dcmrt.dir\debug\drtrsts.obj
d:\cybermed\daddy\dependency\dcmtk-dcmtk-3.6.8\build_msvc\dcmrt\libsrc\dcmrt.dir\debug\drtrsss.obj
d:\cybermed\daddy\dependency\dcmtk-dcmtk-3.6.8\build_msvc\dcmrt\libsrc\dcmrt.dir\debug\drtrss.obj
d:\cybermed\daddy\dependency\dcmtk-dcmtk-3.6.8\build_msvc\dcmrt\libsrc\dcmrt.dir\debug\drtrsrs.obj
d:\cybermed\daddy\dependency\dcmtk-dcmtk-3.6.8\build_msvc\dcmrt\libsrc\dcmrt.dir\debug\drtrsos.obj
d:\cybermed\daddy\dependency\dcmtk-dcmtk-3.6.8\build_msvc\dcmrt\libsrc\dcmrt.dir\debug\drtrsns.obj
d:\cybermed\daddy\dependency\dcmtk-dcmtk-3.6.8\build_msvc\dcmrt\libsrc\dcmrt.dir\debug\drtrsis.obj
d:\cybermed\daddy\dependency\dcmtk-dcmtk-3.6.8\build_msvc\dcmrt\libsrc\dcmrt.dir\debug\drttreat.obj
d:\cybermed\daddy\dependency\dcmtk-dcmtk-3.6.8\build_msvc\dcmrt\libsrc\dcmrt.dir\debug\drttrccs.obj
d:\cybermed\daddy\dependency\dcmtk-dcmtk-3.6.8\build_msvc\dcmrt\libsrc\dcmrt.dir\debug\drttms2.obj
d:\cybermed\daddy\dependency\dcmtk-dcmtk-3.6.8\build_msvc\dcmrt\libsrc\dcmrt.dir\debug\drttms1.obj
d:\cybermed\daddy\dependency\dcmtk-dcmtk-3.6.8\build_msvc\dcmrt\libsrc\dcmrt.dir\debug\drtstrct.obj
d:\cybermed\daddy\dependency\dcmtk-dcmtk-3.6.8\build_msvc\dcmrt\libsrc\dcmrt.dir\debug\drtsss.obj
d:\cybermed\daddy\dependency\dcmtk-dcmtk-3.6.8\build_msvc\dcmrt\libsrc\dcmrt.dir\debug\drtssrs.obj
d:\cybermed\daddy\dependency\dcmtk-dcmtk-3.6.8\build_msvc\dcmrt\libsrc\dcmrt.dir\debug\drtssrcs.obj
d:\cybermed\daddy\dependency\dcmtk-dcmtk-3.6.8\build_msvc\dcmrt\libsrc\dcmrt.dir\debug\drtss.obj
d:\cybermed\daddy\dependency\dcmtk-dcmtk-3.6.8\build_msvc\dcmrt\libsrc\dcmrt.dir\debug\drtsptcs.obj
d:\cybermed\daddy\dependency\dcmtk-dcmtk-3.6.8\build_msvc\dcmrt\libsrc\dcmrt.dir\debug\drtsppcs.obj
d:\cybermed\daddy\dependency\dcmtk-dcmtk-3.6.8\build_msvc\dcmrt\libsrc\dcmrt.dir\debug\drtspgis.obj
d:\cybermed\daddy\dependency\dcmtk-dcmtk-3.6.8\build_msvc\dcmrt\libsrc\dcmrt.dir\debug\drtspcs.obj
d:\cybermed\daddy\dependency\dcmtk-dcmtk-3.6.8\build_msvc\dcmrt\libsrc\dcmrt.dir\debug\drtspccs.obj
d:\cybermed\daddy\dependency\dcmtk-dcmtk-3.6.8\build_msvc\dcmrt\libsrc\dcmrt.dir\debug\drtsns.obj
d:\cybermed\daddy\dependency\dcmtk-dcmtk-3.6.8\build_msvc\dcmrt\libsrc\dcmrt.dir\debug\drtsis.obj
d:\cybermed\daddy\dependency\dcmtk-dcmtk-3.6.8\build_msvc\dcmrt\libsrc\dcmrt.dir\debug\drtsins.obj
d:\cybermed\daddy\dependency\dcmtk-dcmtk-3.6.8\build_msvc\dcmrt\libsrc\dcmrt.dir\debug\drtshds.obj
d:\cybermed\daddy\dependency\dcmtk-dcmtk-3.6.8\build_msvc\dcmrt\libsrc\dcmrt.dir\debug\drtsds.obj
d:\cybermed\daddy\dependency\dcmtk-dcmtk-3.6.8\build_msvc\dcmrt\libsrc\dcmrt.dir\debug\drtsdcs.obj
d:\cybermed\daddy\dependency\dcmtk-dcmtk-3.6.8\build_msvc\dcmrt\libsrc\dcmrt.dir\debug\drtxrs.obj
d:\cybermed\daddy\dependency\dcmtk-dcmtk-3.6.8\build_msvc\dcmrt\libsrc\dcmrt.dir\debug\drtws.obj
d:\cybermed\daddy\dependency\dcmtk-dcmtk-3.6.8\build_msvc\dcmrt\libsrc\dcmrt.dir\debug\drtwrsrs.obj
d:\cybermed\daddy\dependency\dcmtk-dcmtk-3.6.8\build_msvc\dcmrt\libsrc\dcmrt.dir\debug\drtwrs.obj
d:\cybermed\daddy\dependency\dcmtk-dcmtk-3.6.8\build_msvc\dcmrt\libsrc\dcmrt.dir\debug\drtwps.obj
d:\cybermed\daddy\dependency\dcmtk-dcmtk-3.6.8\build_msvc\dcmrt\libsrc\dcmrt.dir\debug\drtvls.obj
d:\cybermed\daddy\dependency\dcmtk-dcmtk-3.6.8\build_msvc\dcmrt\libsrc\dcmrt.dir\debug\drtudis.obj
d:\cybermed\daddy\dependency\dcmtk-dcmtk-3.6.8\build_msvc\dcmrt\libsrc\dcmrt.dir\debug\drttypes.obj
d:\cybermed\daddy\dependency\dcmtk-dcmtk-3.6.8\build_msvc\dcmrt\libsrc\dcmrt.dir\debug\drttts.obj
d:\cybermed\daddy\dependency\dcmtk-dcmtk-3.6.8\build_msvc\dcmrt\libsrc\dcmrt.dir\debug\drtttrcs.obj
d:\cybermed\daddy\dependency\dcmtk-dcmtk-3.6.8\build_msvc\dcmrt\libsrc\dcmrt.dir\debug\drttsmds.obj
d:\cybermed\daddy\dependency\dcmtk-dcmtk-3.6.8\build_msvc\dcmrt\libsrc\dcmrt.dir\debug\drttsibs.obj
d:\cybermed\daddy\dependency\dcmtk-dcmtk-3.6.8\build_msvc\dcmrt\libsrc\dcmrt.dir\debug\drttscs.obj
d:\cybermed\daddy\dependency\dcmtk-dcmtk-3.6.8\build_msvc\dcmrt\libsrc\dcmrt.dir\debug\drttscds.obj
d:\cybermed\daddy\dependency\dcmtk-dcmtk-3.6.8\build_msvc\dcmrt\libsrc\dcmrt.dir\debug\drttrtcs.obj
d:\cybermed\daddy\dependency\dcmtk-dcmtk-3.6.8\build_msvc\dcmrt\libsrc\cmakefiles\generate.stamp
d:\cybermed\daddy\dependency\dcmtk-dcmtk-3.6.8\build_msvc\lib\debug\dcmrt.lib
d:\cybermed\daddy\dependency\dcmtk-dcmtk-3.6.8\build_msvc\bin\debug\dcmrt.dll
d:\cybermed\daddy\dependency\dcmtk-dcmtk-3.6.8\build_msvc\bin\debug\dcmrt.pdb
d:\cybermed\daddy\dependency\dcmtk-dcmtk-3.6.8\build_msvc\lib\debug\dcmrt.exp
d:\cybermed\daddy\dependency\dcmtk-dcmtk-3.6.8\build_msvc\dcmrt\libsrc\dcmrt.dir\debug\dcmrt.ilk
d:\cybermed\daddy\dependency\dcmtk-dcmtk-3.6.8\build_msvc\dcmrt\libsrc\dcmrt.dir\debug\dcmrt.tlog\cl.command.1.tlog
d:\cybermed\daddy\dependency\dcmtk-dcmtk-3.6.8\build_msvc\dcmrt\libsrc\dcmrt.dir\debug\dcmrt.tlog\cl.items.tlog
d:\cybermed\daddy\dependency\dcmtk-dcmtk-3.6.8\build_msvc\dcmrt\libsrc\dcmrt.dir\debug\dcmrt.tlog\cl.read.1.tlog
d:\cybermed\daddy\dependency\dcmtk-dcmtk-3.6.8\build_msvc\dcmrt\libsrc\dcmrt.dir\debug\dcmrt.tlog\cl.write.1.tlog
d:\cybermed\daddy\dependency\dcmtk-dcmtk-3.6.8\build_msvc\dcmrt\libsrc\dcmrt.dir\debug\dcmrt.tlog\custombuild.command.1.tlog
d:\cybermed\daddy\dependency\dcmtk-dcmtk-3.6.8\build_msvc\dcmrt\libsrc\dcmrt.dir\debug\dcmrt.tlog\custombuild.read.1.tlog
d:\cybermed\daddy\dependency\dcmtk-dcmtk-3.6.8\build_msvc\dcmrt\libsrc\dcmrt.dir\debug\dcmrt.tlog\custombuild.write.1.tlog
d:\cybermed\daddy\dependency\dcmtk-dcmtk-3.6.8\build_msvc\dcmrt\libsrc\dcmrt.dir\debug\dcmrt.tlog\lib-link.read.1.tlog
d:\cybermed\daddy\dependency\dcmtk-dcmtk-3.6.8\build_msvc\dcmrt\libsrc\dcmrt.dir\debug\dcmrt.tlog\lib-link.write.1.tlog
d:\cybermed\daddy\dependency\dcmtk-dcmtk-3.6.8\build_msvc\dcmrt\libsrc\dcmrt.dir\debug\dcmrt.tlog\lib.command.1.tlog
d:\cybermed\daddy\dependency\dcmtk-dcmtk-3.6.8\build_msvc\dcmrt\libsrc\dcmrt.dir\debug\dcmrt.tlog\link.command.1.tlog
d:\cybermed\daddy\dependency\dcmtk-dcmtk-3.6.8\build_msvc\dcmrt\libsrc\dcmrt.dir\debug\dcmrt.tlog\link.read.1.tlog
d:\cybermed\daddy\dependency\dcmtk-dcmtk-3.6.8\build_msvc\dcmrt\libsrc\dcmrt.dir\debug\dcmrt.tlog\link.secondary.1.tlog
d:\cybermed\daddy\dependency\dcmtk-dcmtk-3.6.8\build_msvc\dcmrt\libsrc\dcmrt.dir\debug\dcmrt.tlog\link.write.1.tlog
