d:\cybermed\daddy\dependency\dcmtk-dcmtk-3.6.8\build_msvc\lib\debug\dcmjpls.pdb
d:\cybermed\daddy\dependency\dcmtk-dcmtk-3.6.8\build_msvc\dcmjpls\libsrc\dcmjpls.dir\debug\djcodece.obj
d:\cybermed\daddy\dependency\dcmtk-dcmtk-3.6.8\build_msvc\dcmjpls\libsrc\dcmjpls.dir\debug\djutils.obj
d:\cybermed\daddy\dependency\dcmtk-dcmtk-3.6.8\build_msvc\dcmjpls\libsrc\dcmjpls.dir\debug\djcodecd.obj
d:\cybermed\daddy\dependency\dcmtk-dcmtk-3.6.8\build_msvc\dcmjpls\libsrc\dcmjpls.dir\debug\djrparam.obj
d:\cybermed\daddy\dependency\dcmtk-dcmtk-3.6.8\build_msvc\dcmjpls\libsrc\dcmjpls.dir\debug\djencode.obj
d:\cybermed\daddy\dependency\dcmtk-dcmtk-3.6.8\build_msvc\dcmjpls\libsrc\dcmjpls.dir\debug\djdecode.obj
d:\cybermed\daddy\dependency\dcmtk-dcmtk-3.6.8\build_msvc\dcmjpls\libsrc\dcmjpls.dir\debug\djcparam.obj
d:\cybermed\daddy\dependency\dcmtk-dcmtk-3.6.8\build_msvc\dcmjpls\libsrc\dcmjpls.dir\debug\vc143.pdb
d:\cybermed\daddy\dependency\dcmtk-dcmtk-3.6.8\build_msvc\dcmjpls\libsrc\cmakefiles\generate.stamp
d:\cybermed\daddy\dependency\dcmtk-dcmtk-3.6.8\build_msvc\lib\debug\dcmjpls.lib
d:\cybermed\daddy\dependency\dcmtk-dcmtk-3.6.8\build_msvc\bin\debug\dcmjpls.dll
d:\cybermed\daddy\dependency\dcmtk-dcmtk-3.6.8\build_msvc\bin\debug\dcmjpls.pdb
d:\cybermed\daddy\dependency\dcmtk-dcmtk-3.6.8\build_msvc\lib\debug\dcmjpls.exp
d:\cybermed\daddy\dependency\dcmtk-dcmtk-3.6.8\build_msvc\dcmjpls\libsrc\dcmjpls.dir\debug\dcmjpls.ilk
d:\cybermed\daddy\dependency\dcmtk-dcmtk-3.6.8\build_msvc\dcmjpls\libsrc\dcmjpls.dir\debug\dcmjpls.tlog\cl.command.1.tlog
d:\cybermed\daddy\dependency\dcmtk-dcmtk-3.6.8\build_msvc\dcmjpls\libsrc\dcmjpls.dir\debug\dcmjpls.tlog\cl.items.tlog
d:\cybermed\daddy\dependency\dcmtk-dcmtk-3.6.8\build_msvc\dcmjpls\libsrc\dcmjpls.dir\debug\dcmjpls.tlog\cl.read.1.tlog
d:\cybermed\daddy\dependency\dcmtk-dcmtk-3.6.8\build_msvc\dcmjpls\libsrc\dcmjpls.dir\debug\dcmjpls.tlog\cl.write.1.tlog
d:\cybermed\daddy\dependency\dcmtk-dcmtk-3.6.8\build_msvc\dcmjpls\libsrc\dcmjpls.dir\debug\dcmjpls.tlog\custombuild.command.1.tlog
d:\cybermed\daddy\dependency\dcmtk-dcmtk-3.6.8\build_msvc\dcmjpls\libsrc\dcmjpls.dir\debug\dcmjpls.tlog\custombuild.read.1.tlog
d:\cybermed\daddy\dependency\dcmtk-dcmtk-3.6.8\build_msvc\dcmjpls\libsrc\dcmjpls.dir\debug\dcmjpls.tlog\custombuild.write.1.tlog
d:\cybermed\daddy\dependency\dcmtk-dcmtk-3.6.8\build_msvc\dcmjpls\libsrc\dcmjpls.dir\debug\dcmjpls.tlog\lib-link.read.1.tlog
d:\cybermed\daddy\dependency\dcmtk-dcmtk-3.6.8\build_msvc\dcmjpls\libsrc\dcmjpls.dir\debug\dcmjpls.tlog\lib-link.write.1.tlog
d:\cybermed\daddy\dependency\dcmtk-dcmtk-3.6.8\build_msvc\dcmjpls\libsrc\dcmjpls.dir\debug\dcmjpls.tlog\lib.command.1.tlog
d:\cybermed\daddy\dependency\dcmtk-dcmtk-3.6.8\build_msvc\dcmjpls\libsrc\dcmjpls.dir\debug\dcmjpls.tlog\link.command.1.tlog
d:\cybermed\daddy\dependency\dcmtk-dcmtk-3.6.8\build_msvc\dcmjpls\libsrc\dcmjpls.dir\debug\dcmjpls.tlog\link.read.1.tlog
d:\cybermed\daddy\dependency\dcmtk-dcmtk-3.6.8\build_msvc\dcmjpls\libsrc\dcmjpls.dir\debug\dcmjpls.tlog\link.secondary.1.tlog
d:\cybermed\daddy\dependency\dcmtk-dcmtk-3.6.8\build_msvc\dcmjpls\libsrc\dcmjpls.dir\debug\dcmjpls.tlog\link.write.1.tlog
