d:\cybermed\daddy\dependency\dcmtk-dcmtk-3.6.8\build_msvc\lib\debug\ofstd.pdb
d:\cybermed\daddy\dependency\dcmtk-dcmtk-3.6.8\build_msvc\ofstd\libsrc\ofstd.dir\debug\oftime.obj
d:\cybermed\daddy\dependency\dcmtk-dcmtk-3.6.8\build_msvc\ofstd\libsrc\ofstd.dir\debug\ofthread.obj
d:\cybermed\daddy\dependency\dcmtk-dcmtk-3.6.8\build_msvc\ofstd\libsrc\ofstd.dir\debug\ofstrutl.obj
d:\cybermed\daddy\dependency\dcmtk-dcmtk-3.6.8\build_msvc\ofstd\libsrc\ofstd.dir\debug\ofstring.obj
d:\cybermed\daddy\dependency\dcmtk-dcmtk-3.6.8\build_msvc\ofstd\libsrc\ofstd.dir\debug\ofstd.obj
d:\cybermed\daddy\dependency\dcmtk-dcmtk-3.6.8\build_msvc\ofstd\libsrc\ofstd.dir\debug\oflist.obj
d:\cybermed\daddy\dependency\dcmtk-dcmtk-3.6.8\build_msvc\ofstd\libsrc\ofstd.dir\debug\ofipc.obj
d:\cybermed\daddy\dependency\dcmtk-dcmtk-3.6.8\build_msvc\ofstd\libsrc\ofstd.dir\debug\offname.obj
d:\cybermed\daddy\dependency\dcmtk-dcmtk-3.6.8\build_msvc\ofstd\libsrc\ofstd.dir\debug\offilsys.obj
d:\cybermed\daddy\dependency\dcmtk-dcmtk-3.6.8\build_msvc\ofstd\libsrc\ofstd.dir\debug\offile.obj
d:\cybermed\daddy\dependency\dcmtk-dcmtk-3.6.8\build_msvc\ofstd\libsrc\ofstd.dir\debug\oferror.obj
d:\cybermed\daddy\dependency\dcmtk-dcmtk-3.6.8\build_msvc\ofstd\libsrc\ofstd.dir\debug\ofdatime.obj
d:\cybermed\daddy\dependency\dcmtk-dcmtk-3.6.8\build_msvc\ofstd\libsrc\ofstd.dir\debug\ofdate.obj
d:\cybermed\daddy\dependency\dcmtk-dcmtk-3.6.8\build_msvc\ofstd\libsrc\ofstd.dir\debug\ofcrc32.obj
d:\cybermed\daddy\dependency\dcmtk-dcmtk-3.6.8\build_msvc\ofstd\libsrc\ofstd.dir\debug\ofconsol.obj
d:\cybermed\daddy\dependency\dcmtk-dcmtk-3.6.8\build_msvc\ofstd\libsrc\ofstd.dir\debug\ofconfig.obj
d:\cybermed\daddy\dependency\dcmtk-dcmtk-3.6.8\build_msvc\ofstd\libsrc\ofstd.dir\debug\ofcond.obj
d:\cybermed\daddy\dependency\dcmtk-dcmtk-3.6.8\build_msvc\ofstd\libsrc\ofstd.dir\debug\ofconapp.obj
d:\cybermed\daddy\dependency\dcmtk-dcmtk-3.6.8\build_msvc\ofstd\libsrc\ofstd.dir\debug\ofcmdln.obj
d:\cybermed\daddy\dependency\dcmtk-dcmtk-3.6.8\build_msvc\ofstd\libsrc\ofstd.dir\debug\ofchrenc.obj
d:\cybermed\daddy\dependency\dcmtk-dcmtk-3.6.8\build_msvc\ofstd\libsrc\ofstd.dir\debug\ofrand.obj
d:\cybermed\daddy\dependency\dcmtk-dcmtk-3.6.8\build_msvc\ofstd\libsrc\ofstd.dir\debug\ofsockad.obj
d:\cybermed\daddy\dependency\dcmtk-dcmtk-3.6.8\build_msvc\ofstd\libsrc\ofstd.dir\debug\ofmath.obj
d:\cybermed\daddy\dependency\dcmtk-dcmtk-3.6.8\build_msvc\ofstd\libsrc\ofstd.dir\debug\ofuuid.obj
d:\cybermed\daddy\dependency\dcmtk-dcmtk-3.6.8\build_msvc\ofstd\libsrc\ofstd.dir\debug\ofxml.obj
d:\cybermed\daddy\dependency\dcmtk-dcmtk-3.6.8\build_msvc\ofstd\libsrc\ofstd.dir\debug\oftempf.obj
d:\cybermed\daddy\dependency\dcmtk-dcmtk-3.6.8\build_msvc\ofstd\libsrc\ofstd.dir\debug\oftimer.obj
d:\cybermed\daddy\dependency\dcmtk-dcmtk-3.6.8\build_msvc\ofstd\libsrc\ofstd.dir\debug\vc143.pdb
d:\cybermed\daddy\dependency\dcmtk-dcmtk-3.6.8\build_msvc\ofstd\libsrc\cmakefiles\generate.stamp
d:\cybermed\daddy\dependency\dcmtk-dcmtk-3.6.8\build_msvc\lib\debug\ofstd.lib
d:\cybermed\daddy\dependency\dcmtk-dcmtk-3.6.8\build_msvc\bin\debug\ofstd.dll
d:\cybermed\daddy\dependency\dcmtk-dcmtk-3.6.8\build_msvc\bin\debug\ofstd.pdb
d:\cybermed\daddy\dependency\dcmtk-dcmtk-3.6.8\build_msvc\lib\debug\ofstd.exp
d:\cybermed\daddy\dependency\dcmtk-dcmtk-3.6.8\build_msvc\ofstd\libsrc\ofstd.dir\debug\ofstd.ilk
d:\cybermed\daddy\dependency\dcmtk-dcmtk-3.6.8\build_msvc\ofstd\libsrc\ofstd.dir\debug\ofstd.tlog\cl.command.1.tlog
d:\cybermed\daddy\dependency\dcmtk-dcmtk-3.6.8\build_msvc\ofstd\libsrc\ofstd.dir\debug\ofstd.tlog\cl.items.tlog
d:\cybermed\daddy\dependency\dcmtk-dcmtk-3.6.8\build_msvc\ofstd\libsrc\ofstd.dir\debug\ofstd.tlog\cl.read.1.tlog
d:\cybermed\daddy\dependency\dcmtk-dcmtk-3.6.8\build_msvc\ofstd\libsrc\ofstd.dir\debug\ofstd.tlog\cl.write.1.tlog
d:\cybermed\daddy\dependency\dcmtk-dcmtk-3.6.8\build_msvc\ofstd\libsrc\ofstd.dir\debug\ofstd.tlog\custombuild.command.1.tlog
d:\cybermed\daddy\dependency\dcmtk-dcmtk-3.6.8\build_msvc\ofstd\libsrc\ofstd.dir\debug\ofstd.tlog\custombuild.read.1.tlog
d:\cybermed\daddy\dependency\dcmtk-dcmtk-3.6.8\build_msvc\ofstd\libsrc\ofstd.dir\debug\ofstd.tlog\custombuild.write.1.tlog
d:\cybermed\daddy\dependency\dcmtk-dcmtk-3.6.8\build_msvc\ofstd\libsrc\ofstd.dir\debug\ofstd.tlog\lib-link.read.1.tlog
d:\cybermed\daddy\dependency\dcmtk-dcmtk-3.6.8\build_msvc\ofstd\libsrc\ofstd.dir\debug\ofstd.tlog\lib-link.write.1.tlog
d:\cybermed\daddy\dependency\dcmtk-dcmtk-3.6.8\build_msvc\ofstd\libsrc\ofstd.dir\debug\ofstd.tlog\lib.command.1.tlog
d:\cybermed\daddy\dependency\dcmtk-dcmtk-3.6.8\build_msvc\ofstd\libsrc\ofstd.dir\debug\ofstd.tlog\link.command.1.tlog
d:\cybermed\daddy\dependency\dcmtk-dcmtk-3.6.8\build_msvc\ofstd\libsrc\ofstd.dir\debug\ofstd.tlog\link.read.1.tlog
d:\cybermed\daddy\dependency\dcmtk-dcmtk-3.6.8\build_msvc\ofstd\libsrc\ofstd.dir\debug\ofstd.tlog\link.secondary.1.tlog
d:\cybermed\daddy\dependency\dcmtk-dcmtk-3.6.8\build_msvc\ofstd\libsrc\ofstd.dir\debug\ofstd.tlog\link.write.1.tlog
