d:\cybermed\daddy\dependency\sdk-vtk-9.4.2\build_msvc\io\xml\ioxml.dir\release\vtkxmlpdataobjectreader.obj
d:\cybermed\daddy\dependency\sdk-vtk-9.4.2\build_msvc\io\xml\ioxml.dir\release\vtkxmlmultigroupdatareader.obj
d:\cybermed\daddy\dependency\sdk-vtk-9.4.2\build_msvc\io\xml\ioxml.dir\release\vtkxmlmultiblockdatawriter.obj
d:\cybermed\daddy\dependency\sdk-vtk-9.4.2\build_msvc\io\xml\ioxml.dir\release\vtkxmlmultiblockdatareader.obj
d:\cybermed\daddy\dependency\sdk-vtk-9.4.2\build_msvc\io\xml\ioxml.dir\release\vtkxmlimagedatawriter.obj
d:\cybermed\daddy\dependency\sdk-vtk-9.4.2\build_msvc\io\xml\ioxml.dir\release\vtkxmlimagedatareader.obj
d:\cybermed\daddy\dependency\sdk-vtk-9.4.2\build_msvc\io\xml\ioxml.dir\release\vtkxmlhypertreegridwriter.obj
d:\cybermed\daddy\dependency\sdk-vtk-9.4.2\build_msvc\io\xml\ioxml.dir\release\vtkxmlhypertreegridreader.obj
d:\cybermed\daddy\dependency\sdk-vtk-9.4.2\build_msvc\io\xml\ioxml.dir\release\vtkxmlhierarchicaldatareader.obj
d:\cybermed\daddy\dependency\sdk-vtk-9.4.2\build_msvc\io\xml\ioxml.dir\release\vtkxmlhierarchicalboxdatawriter.obj
d:\cybermed\daddy\dependency\sdk-vtk-9.4.2\build_msvc\io\xml\ioxml.dir\release\vtkxmlhierarchicalboxdatareader.obj
d:\cybermed\daddy\dependency\sdk-vtk-9.4.2\build_msvc\io\xml\ioxml.dir\release\vtkxmlhierarchicalboxdatafileconverter.obj
d:\cybermed\daddy\dependency\sdk-vtk-9.4.2\build_msvc\io\xml\ioxml.dir\release\vtkxmlgenericdataobjectreader.obj
d:\cybermed\daddy\dependency\sdk-vtk-9.4.2\build_msvc\io\xml\ioxml.dir\release\vtkxmlfilereadtester.obj
d:\cybermed\daddy\dependency\sdk-vtk-9.4.2\build_msvc\io\xml\ioxml.dir\release\vtkxmldatasetwriter.obj
d:\cybermed\daddy\dependency\sdk-vtk-9.4.2\build_msvc\io\xml\ioxml.dir\release\vtkxmldatareader.obj
d:\cybermed\daddy\dependency\sdk-vtk-9.4.2\build_msvc\io\xml\ioxml.dir\release\vtkxmldataobjectwriter.obj
d:\cybermed\daddy\dependency\sdk-vtk-9.4.2\build_msvc\io\xml\ioxml.dir\release\vtkxmlcompositedatawriter.obj
d:\cybermed\daddy\dependency\sdk-vtk-9.4.2\build_msvc\io\xml\ioxml.dir\release\vtkxmlcompositedatareader.obj
d:\cybermed\daddy\dependency\sdk-vtk-9.4.2\build_msvc\io\xml\ioxml.dir\release\vtkrtxmlpolydatareader.obj
d:\cybermed\daddy\dependency\sdk-vtk-9.4.2\build_msvc\io\xml\ioxml.dir\release\vtkxmlstructuredgridreader.obj
d:\cybermed\daddy\dependency\sdk-vtk-9.4.2\build_msvc\io\xml\ioxml.dir\release\vtkxmlstructureddatawriter.obj
d:\cybermed\daddy\dependency\sdk-vtk-9.4.2\build_msvc\io\xml\ioxml.dir\release\vtkxmlstructureddatareader.obj
d:\cybermed\daddy\dependency\sdk-vtk-9.4.2\build_msvc\io\xml\ioxml.dir\release\vtkxmlrectilineargridwriter.obj
d:\cybermed\daddy\dependency\sdk-vtk-9.4.2\build_msvc\io\xml\ioxml.dir\release\vtkxmlrectilineargridreader.obj
d:\cybermed\daddy\dependency\sdk-vtk-9.4.2\build_msvc\io\xml\ioxml.dir\release\vtkxmlreader.obj
d:\cybermed\daddy\dependency\sdk-vtk-9.4.2\build_msvc\io\xml\ioxml.dir\release\vtkxmlpolydatawriter.obj
d:\cybermed\daddy\dependency\sdk-vtk-9.4.2\build_msvc\io\xml\ioxml.dir\release\vtkxmlpolydatareader.obj
d:\cybermed\daddy\dependency\sdk-vtk-9.4.2\build_msvc\io\xml\ioxml.dir\release\vtkxmlpartitioneddatasetreader.obj
d:\cybermed\daddy\dependency\sdk-vtk-9.4.2\build_msvc\io\xml\ioxml.dir\release\vtkxmlpartitioneddatasetcollectionreader.obj
d:\cybermed\daddy\dependency\sdk-vtk-9.4.2\build_msvc\io\xml\ioxml.dir\release\vtkxmlpunstructuredgridreader.obj
d:\cybermed\daddy\dependency\sdk-vtk-9.4.2\build_msvc\io\xml\ioxml.dir\release\vtkxmlpunstructureddatareader.obj
d:\cybermed\daddy\dependency\sdk-vtk-9.4.2\build_msvc\io\xml\ioxml.dir\release\vtkxmlptablereader.obj
d:\cybermed\daddy\dependency\sdk-vtk-9.4.2\build_msvc\io\xml\ioxml.dir\release\vtkxmlpstructuredgridreader.obj
d:\cybermed\daddy\dependency\sdk-vtk-9.4.2\build_msvc\io\xml\ioxml.dir\release\vtkxmlpstructureddatareader.obj
d:\cybermed\daddy\dependency\sdk-vtk-9.4.2\build_msvc\io\xml\ioxml.dir\release\vtkxmlprectilineargridreader.obj
d:\cybermed\daddy\dependency\sdk-vtk-9.4.2\build_msvc\io\xml\ioxml.dir\release\vtkxmlppolydatareader.obj
d:\cybermed\daddy\dependency\sdk-vtk-9.4.2\build_msvc\io\xml\ioxml.dir\release\vtkxmlpimagedatareader.obj
d:\cybermed\daddy\dependency\sdk-vtk-9.4.2\build_msvc\io\xml\ioxml.dir\release\vtkxmlphypertreegridreader.obj
d:\cybermed\daddy\dependency\sdk-vtk-9.4.2\build_msvc\io\xml\ioxml.dir\release\vtkxmlpdatareader.obj
d:\cybermed\daddy\dependency\sdk-vtk-9.4.2\build_msvc\io\xml\ioxml.dir\release\vtkxmlwriterc.obj
d:\cybermed\daddy\dependency\sdk-vtk-9.4.2\build_msvc\io\xml\ioxml.dir\release\vtkxmlwriterbase.obj
d:\cybermed\daddy\dependency\sdk-vtk-9.4.2\build_msvc\io\xml\ioxml.dir\release\vtkxmlwriter.obj
d:\cybermed\daddy\dependency\sdk-vtk-9.4.2\build_msvc\io\xml\ioxml.dir\release\vtkxmlunstructuredgridwriter.obj
d:\cybermed\daddy\dependency\sdk-vtk-9.4.2\build_msvc\io\xml\ioxml.dir\release\vtkxmlunstructuredgridreader.obj
d:\cybermed\daddy\dependency\sdk-vtk-9.4.2\build_msvc\io\xml\ioxml.dir\release\vtkxmlunstructureddatawriter.obj
d:\cybermed\daddy\dependency\sdk-vtk-9.4.2\build_msvc\io\xml\ioxml.dir\release\vtkxmlunstructureddatareader.obj
d:\cybermed\daddy\dependency\sdk-vtk-9.4.2\build_msvc\io\xml\ioxml.dir\release\vtkxmluniformgridamrwriter.obj
d:\cybermed\daddy\dependency\sdk-vtk-9.4.2\build_msvc\io\xml\ioxml.dir\release\vtkxmluniformgridamrreader.obj
d:\cybermed\daddy\dependency\sdk-vtk-9.4.2\build_msvc\io\xml\ioxml.dir\release\vtkxmltablewriter.obj
d:\cybermed\daddy\dependency\sdk-vtk-9.4.2\build_msvc\io\xml\ioxml.dir\release\vtkxmltablereader.obj
d:\cybermed\daddy\dependency\sdk-vtk-9.4.2\build_msvc\io\xml\ioxml.dir\release\vtkxmlstructuredgridwriter.obj
d:\cybermed\daddy\dependency\sdk-vtk-9.4.2\build_msvc\io\xml\cmakefiles\generate.stamp
d:\cybermed\daddy\dependency\sdk-vtk-9.4.2\build_msvc\bin\release\vtkioxml-9.4.dll
d:\cybermed\daddy\dependency\sdk-vtk-9.4.2\build_msvc\lib\release\vtkioxml-9.4.lib
d:\cybermed\daddy\dependency\sdk-vtk-9.4.2\build_msvc\lib\release\vtkioxml-9.4.exp
d:\cybermed\daddy\dependency\sdk-vtk-9.4.2\build_msvc\io\xml\ioxml.dir\release\ioxml.tlog\cl.command.1.tlog
d:\cybermed\daddy\dependency\sdk-vtk-9.4.2\build_msvc\io\xml\ioxml.dir\release\ioxml.tlog\cl.items.tlog
d:\cybermed\daddy\dependency\sdk-vtk-9.4.2\build_msvc\io\xml\ioxml.dir\release\ioxml.tlog\cl.read.1.tlog
d:\cybermed\daddy\dependency\sdk-vtk-9.4.2\build_msvc\io\xml\ioxml.dir\release\ioxml.tlog\cl.write.1.tlog
d:\cybermed\daddy\dependency\sdk-vtk-9.4.2\build_msvc\io\xml\ioxml.dir\release\ioxml.tlog\custombuild.command.1.tlog
d:\cybermed\daddy\dependency\sdk-vtk-9.4.2\build_msvc\io\xml\ioxml.dir\release\ioxml.tlog\custombuild.read.1.tlog
d:\cybermed\daddy\dependency\sdk-vtk-9.4.2\build_msvc\io\xml\ioxml.dir\release\ioxml.tlog\custombuild.write.1.tlog
d:\cybermed\daddy\dependency\sdk-vtk-9.4.2\build_msvc\io\xml\ioxml.dir\release\ioxml.tlog\link.command.1.tlog
d:\cybermed\daddy\dependency\sdk-vtk-9.4.2\build_msvc\io\xml\ioxml.dir\release\ioxml.tlog\link.read.1.tlog
d:\cybermed\daddy\dependency\sdk-vtk-9.4.2\build_msvc\io\xml\ioxml.dir\release\ioxml.tlog\link.secondary.1.tlog
d:\cybermed\daddy\dependency\sdk-vtk-9.4.2\build_msvc\io\xml\ioxml.dir\release\ioxml.tlog\link.write.1.tlog
