d:\cybermed\daddy\dependency\sdk-vtk-9.4.2\build_msvc\lib\debug\vtkrenderingvolumeopengl2-9.4d.pdb
d:\cybermed\daddy\dependency\sdk-vtk-9.4.2\build_msvc\rendering\volumeopengl2\renderingvolumeopengl2.dir\debug\vtkvolumeinputhelper.obj
d:\cybermed\daddy\dependency\sdk-vtk-9.4.2\build_msvc\rendering\volumeopengl2\renderingvolumeopengl2.dir\debug\vtkopenglvolumetransferfunction2d.obj
d:\cybermed\daddy\dependency\sdk-vtk-9.4.2\build_msvc\rendering\volumeopengl2\renderingvolumeopengl2.dir\debug\vtkopenglvolumergbtable.obj
d:\cybermed\daddy\dependency\sdk-vtk-9.4.2\build_msvc\rendering\volumeopengl2\renderingvolumeopengl2.dir\debug\vtkopenglvolumeopacitytable.obj
d:\cybermed\daddy\dependency\sdk-vtk-9.4.2\build_msvc\rendering\volumeopengl2\renderingvolumeopengl2.dir\debug\vtkopenglvolumemasktransferfunction2d.obj
d:\cybermed\daddy\dependency\sdk-vtk-9.4.2\build_msvc\rendering\volumeopengl2\renderingvolumeopengl2.dir\debug\vtkopenglvolumemaskgradientopacitytransferfunction2d.obj
d:\cybermed\daddy\dependency\sdk-vtk-9.4.2\build_msvc\rendering\volumeopengl2\renderingvolumeopengl2.dir\debug\vtkopenglvolumelookuptable.obj
d:\cybermed\daddy\dependency\sdk-vtk-9.4.2\build_msvc\rendering\volumeopengl2\renderingvolumeopengl2.dir\debug\vtkopenglvolumegradientopacitytable.obj
d:\cybermed\daddy\dependency\sdk-vtk-9.4.2\build_msvc\rendering\volumeopengl2\renderingvolumeopengl2.dir\debug\vtkvolumetexture.obj
d:\cybermed\daddy\dependency\sdk-vtk-9.4.2\build_msvc\rendering\volumeopengl2\renderingvolumeopengl2.dir\debug\vtksmartvolumemapper.obj
d:\cybermed\daddy\dependency\sdk-vtk-9.4.2\build_msvc\rendering\volumeopengl2\renderingvolumeopengl2.dir\debug\vtkopenglraycastimagedisplayhelper.obj
d:\cybermed\daddy\dependency\sdk-vtk-9.4.2\build_msvc\rendering\volumeopengl2\renderingvolumeopengl2.dir\debug\vtkopenglprojectedtetrahedramapper.obj
d:\cybermed\daddy\dependency\sdk-vtk-9.4.2\build_msvc\rendering\volumeopengl2\renderingvolumeopengl2.dir\debug\vtkopenglgpuvolumeraycastmapper.obj
d:\cybermed\daddy\dependency\sdk-vtk-9.4.2\build_msvc\rendering\volumeopengl2\renderingvolumeopengl2.dir\debug\vtkmultiblockvolumemapper.obj
d:\cybermed\daddy\dependency\sdk-vtk-9.4.2\build_msvc\rendering\volumeopengl2\renderingvolumeopengl2.dir\debug\vtkmultiblockunstructuredgridvolumemapper.obj
d:\cybermed\daddy\dependency\sdk-vtk-9.4.2\build_msvc\rendering\volumeopengl2\renderingvolumeopengl2.dir\debug\vtkrenderingvolumeopengl2objectfactory.obj
d:\cybermed\daddy\dependency\sdk-vtk-9.4.2\build_msvc\rendering\volumeopengl2\renderingvolumeopengl2.dir\debug\vtkglprojectedtetrahedravs.obj
d:\cybermed\daddy\dependency\sdk-vtk-9.4.2\build_msvc\rendering\volumeopengl2\renderingvolumeopengl2.dir\debug\vtkglprojectedtetrahedrafs.obj
d:\cybermed\daddy\dependency\sdk-vtk-9.4.2\build_msvc\rendering\volumeopengl2\renderingvolumeopengl2.dir\debug\raycastervs.obj
d:\cybermed\daddy\dependency\sdk-vtk-9.4.2\build_msvc\rendering\volumeopengl2\renderingvolumeopengl2.dir\debug\raycasterfs.obj
d:\cybermed\daddy\dependency\sdk-vtk-9.4.2\build_msvc\rendering\volumeopengl2\renderingvolumeopengl2.dir\debug\vc143.pdb
d:\cybermed\daddy\dependency\sdk-vtk-9.4.2\build_msvc\rendering\volumeopengl2\raycasterfs.h
d:\cybermed\daddy\dependency\sdk-vtk-9.4.2\build_msvc\rendering\volumeopengl2\raycasterfs.cxx
d:\cybermed\daddy\dependency\sdk-vtk-9.4.2\build_msvc\rendering\volumeopengl2\raycastervs.h
d:\cybermed\daddy\dependency\sdk-vtk-9.4.2\build_msvc\rendering\volumeopengl2\raycastervs.cxx
d:\cybermed\daddy\dependency\sdk-vtk-9.4.2\build_msvc\rendering\volumeopengl2\vtkglprojectedtetrahedrafs.h
d:\cybermed\daddy\dependency\sdk-vtk-9.4.2\build_msvc\rendering\volumeopengl2\vtkglprojectedtetrahedrafs.cxx
d:\cybermed\daddy\dependency\sdk-vtk-9.4.2\build_msvc\rendering\volumeopengl2\vtkglprojectedtetrahedravs.h
d:\cybermed\daddy\dependency\sdk-vtk-9.4.2\build_msvc\rendering\volumeopengl2\vtkglprojectedtetrahedravs.cxx
d:\cybermed\daddy\dependency\sdk-vtk-9.4.2\build_msvc\rendering\volumeopengl2\cmakefiles\generate.stamp
d:\cybermed\daddy\dependency\sdk-vtk-9.4.2\build_msvc\lib\debug\vtkrenderingvolumeopengl2-9.4d.lib
d:\cybermed\daddy\dependency\sdk-vtk-9.4.2\build_msvc\bin\debug\vtkrenderingvolumeopengl2-9.4d.dll
d:\cybermed\daddy\dependency\sdk-vtk-9.4.2\build_msvc\bin\debug\vtkrenderingvolumeopengl2-9.4d.pdb
d:\cybermed\daddy\dependency\sdk-vtk-9.4.2\build_msvc\lib\debug\vtkrenderingvolumeopengl2-9.4d.exp
d:\cybermed\daddy\dependency\sdk-vtk-9.4.2\build_msvc\rendering\volumeopengl2\renderingvolumeopengl2.dir\debug\vtkrenderingvolumeopengl2-9.4d.ilk
d:\cybermed\daddy\dependency\sdk-vtk-9.4.2\build_msvc\rendering\volumeopengl2\renderingvolumeopengl2.dir\debug\renderin.ff57d04c.tlog\cl.command.1.tlog
d:\cybermed\daddy\dependency\sdk-vtk-9.4.2\build_msvc\rendering\volumeopengl2\renderingvolumeopengl2.dir\debug\renderin.ff57d04c.tlog\cl.items.tlog
d:\cybermed\daddy\dependency\sdk-vtk-9.4.2\build_msvc\rendering\volumeopengl2\renderingvolumeopengl2.dir\debug\renderin.ff57d04c.tlog\cl.read.1.tlog
d:\cybermed\daddy\dependency\sdk-vtk-9.4.2\build_msvc\rendering\volumeopengl2\renderingvolumeopengl2.dir\debug\renderin.ff57d04c.tlog\cl.write.1.tlog
d:\cybermed\daddy\dependency\sdk-vtk-9.4.2\build_msvc\rendering\volumeopengl2\renderingvolumeopengl2.dir\debug\renderin.ff57d04c.tlog\custombuild.command.1.tlog
d:\cybermed\daddy\dependency\sdk-vtk-9.4.2\build_msvc\rendering\volumeopengl2\renderingvolumeopengl2.dir\debug\renderin.ff57d04c.tlog\custombuild.read.1.tlog
d:\cybermed\daddy\dependency\sdk-vtk-9.4.2\build_msvc\rendering\volumeopengl2\renderingvolumeopengl2.dir\debug\renderin.ff57d04c.tlog\custombuild.write.1.tlog
d:\cybermed\daddy\dependency\sdk-vtk-9.4.2\build_msvc\rendering\volumeopengl2\renderingvolumeopengl2.dir\debug\renderin.ff57d04c.tlog\lib-link.read.1.tlog
d:\cybermed\daddy\dependency\sdk-vtk-9.4.2\build_msvc\rendering\volumeopengl2\renderingvolumeopengl2.dir\debug\renderin.ff57d04c.tlog\lib-link.write.1.tlog
d:\cybermed\daddy\dependency\sdk-vtk-9.4.2\build_msvc\rendering\volumeopengl2\renderingvolumeopengl2.dir\debug\renderin.ff57d04c.tlog\lib.command.1.tlog
d:\cybermed\daddy\dependency\sdk-vtk-9.4.2\build_msvc\rendering\volumeopengl2\renderingvolumeopengl2.dir\debug\renderin.ff57d04c.tlog\link.command.1.tlog
d:\cybermed\daddy\dependency\sdk-vtk-9.4.2\build_msvc\rendering\volumeopengl2\renderingvolumeopengl2.dir\debug\renderin.ff57d04c.tlog\link.read.1.tlog
d:\cybermed\daddy\dependency\sdk-vtk-9.4.2\build_msvc\rendering\volumeopengl2\renderingvolumeopengl2.dir\debug\renderin.ff57d04c.tlog\link.secondary.1.tlog
d:\cybermed\daddy\dependency\sdk-vtk-9.4.2\build_msvc\rendering\volumeopengl2\renderingvolumeopengl2.dir\debug\renderin.ff57d04c.tlog\link.write.1.tlog
