d:\cybermed\daddy\dependency\sdk-vtk-9.4.2\build_msvc\lib\debug\vtkfilterscellgrid-9.4d.pdb
d:\cybermed\daddy\dependency\sdk-vtk-9.4.2\build_msvc\filters\cellgrid\filterscellgrid.dir\debug\basis_hgrad_tetf2basis.obj
d:\cybermed\daddy\dependency\sdk-vtk-9.4.2\build_msvc\filters\cellgrid\filterscellgrid.dir\debug\basis_hgrad_edgec1gradient.obj
d:\cybermed\daddy\dependency\sdk-vtk-9.4.2\build_msvc\filters\cellgrid\filterscellgrid.dir\debug\basis_hgrad_wdgc1gradient.obj
d:\cybermed\daddy\dependency\sdk-vtk-9.4.2\build_msvc\filters\cellgrid\filterscellgrid.dir\debug\basis_hgrad_tetf2gradient.obj
d:\cybermed\daddy\dependency\sdk-vtk-9.4.2\build_msvc\filters\cellgrid\filterscellgrid.dir\debug\basis_hgrad_pyrc1basis.obj
d:\cybermed\daddy\dependency\sdk-vtk-9.4.2\build_msvc\filters\cellgrid\filterscellgrid.dir\debug\basis_hgrad_tetc1gradient.obj
d:\cybermed\daddy\dependency\sdk-vtk-9.4.2\build_msvc\filters\cellgrid\filterscellgrid.dir\debug\basis_hgrad_pyri2gradient.obj
d:\cybermed\daddy\dependency\sdk-vtk-9.4.2\build_msvc\filters\cellgrid\filterscellgrid.dir\debug\basis_hgrad_wdgc2gradient.obj
d:\cybermed\daddy\dependency\sdk-vtk-9.4.2\build_msvc\filters\cellgrid\filterscellgrid.dir\debug\basis_hgrad_wdgf2basis.obj
d:\cybermed\daddy\dependency\sdk-vtk-9.4.2\build_msvc\filters\cellgrid\filterscellgrid.dir\debug\basis_hgrad_pyrc1gradient.obj
d:\cybermed\daddy\dependency\sdk-vtk-9.4.2\build_msvc\filters\cellgrid\filterscellgrid.dir\debug\basis_hgrad_pyrf2gradient.obj
d:\cybermed\daddy\dependency\sdk-vtk-9.4.2\build_msvc\filters\cellgrid\filterscellgrid.dir\debug\basis_hgrad_quadc2basis.obj
d:\cybermed\daddy\dependency\sdk-vtk-9.4.2\build_msvc\filters\cellgrid\filterscellgrid.dir\debug\basis_hgrad_pyrf2basis.obj
d:\cybermed\daddy\dependency\sdk-vtk-9.4.2\build_msvc\filters\cellgrid\filterscellgrid.dir\debug\basis_hgrad_tric1basis.obj
d:\cybermed\daddy\dependency\sdk-vtk-9.4.2\build_msvc\filters\cellgrid\filterscellgrid.dir\debug\basis_hgrad_hexi2basis.obj
d:\cybermed\daddy\dependency\sdk-vtk-9.4.2\build_msvc\filters\cellgrid\filterscellgrid.dir\debug\basis_hgrad_quadc1gradient.obj
d:\cybermed\daddy\dependency\sdk-vtk-9.4.2\build_msvc\filters\cellgrid\filterscellgrid.dir\debug\basis_hgrad_wdgi2gradient.obj
d:\cybermed\daddy\dependency\sdk-vtk-9.4.2\build_msvc\filters\cellgrid\filterscellgrid.dir\debug\basis_hgrad_hexc1basis.obj
d:\cybermed\daddy\dependency\sdk-vtk-9.4.2\build_msvc\filters\cellgrid\filterscellgrid.dir\debug\basis_hgrad_hexc2gradient.obj
d:\cybermed\daddy\dependency\sdk-vtk-9.4.2\build_msvc\filters\cellgrid\filterscellgrid.dir\debug\basis_hgrad_tetc1basis.obj
d:\cybermed\daddy\dependency\sdk-vtk-9.4.2\build_msvc\filters\cellgrid\filterscellgrid.dir\debug\basis_hgrad_wdgc1basis.obj
d:\cybermed\daddy\dependency\sdk-vtk-9.4.2\build_msvc\filters\cellgrid\filterscellgrid.dir\debug\basis_hgrad_wdgf2gradient.obj
d:\cybermed\daddy\dependency\sdk-vtk-9.4.2\build_msvc\filters\cellgrid\filterscellgrid.dir\debug\basis_hgrad_tric2gradient.obj
d:\cybermed\daddy\dependency\sdk-vtk-9.4.2\build_msvc\filters\cellgrid\filterscellgrid.dir\debug\basis_hgrad_edgec2basis.obj
d:\cybermed\daddy\dependency\sdk-vtk-9.4.2\build_msvc\filters\cellgrid\filterscellgrid.dir\debug\basis_hgrad_pyrc2basis.obj
d:\cybermed\daddy\dependency\sdk-vtk-9.4.2\build_msvc\filters\cellgrid\filterscellgrid.dir\debug\basis_hgrad_pyrc2gradient.obj
d:\cybermed\daddy\dependency\sdk-vtk-9.4.2\build_msvc\filters\cellgrid\filterscellgrid.dir\debug\basis_hgrad_hexi2gradient.obj
d:\cybermed\daddy\dependency\sdk-vtk-9.4.2\build_msvc\filters\cellgrid\filterscellgrid.dir\debug\basis_hgrad_wdgc2basis.obj
d:\cybermed\daddy\dependency\sdk-vtk-9.4.2\build_msvc\filters\cellgrid\filterscellgrid.dir\debug\basis_hgrad_quadc2gradient.obj
d:\cybermed\daddy\dependency\sdk-vtk-9.4.2\build_msvc\filters\cellgrid\filterscellgrid.dir\debug\basis_hgrad_hexc2basis.obj
d:\cybermed\daddy\dependency\sdk-vtk-9.4.2\build_msvc\filters\cellgrid\filterscellgrid.dir\debug\basis_hgrad_wdgi2basis.obj
d:\cybermed\daddy\dependency\sdk-vtk-9.4.2\build_msvc\filters\cellgrid\filterscellgrid.dir\debug\basis_hgrad_edgec2gradient.obj
d:\cybermed\daddy\dependency\sdk-vtk-9.4.2\build_msvc\filters\cellgrid\filterscellgrid.dir\debug\basis_hgrad_tric1gradient.obj
d:\cybermed\daddy\dependency\sdk-vtk-9.4.2\build_msvc\filters\cellgrid\filterscellgrid.dir\debug\basis_hgrad_quadc1basis.obj
d:\cybermed\daddy\dependency\sdk-vtk-9.4.2\build_msvc\filters\cellgrid\filterscellgrid.dir\debug\basis_hgrad_edgec1basis.obj
d:\cybermed\daddy\dependency\sdk-vtk-9.4.2\build_msvc\filters\cellgrid\filterscellgrid.dir\debug\basis_hgrad_tetc2basis.obj
d:\cybermed\daddy\dependency\sdk-vtk-9.4.2\build_msvc\filters\cellgrid\filterscellgrid.dir\debug\basis_hgrad_tric2basis.obj
d:\cybermed\daddy\dependency\sdk-vtk-9.4.2\build_msvc\filters\cellgrid\filterscellgrid.dir\debug\basis_hgrad_hexc1gradient.obj
d:\cybermed\daddy\dependency\sdk-vtk-9.4.2\build_msvc\filters\cellgrid\filterscellgrid.dir\debug\basis_hgrad_pyri2basis.obj
d:\cybermed\daddy\dependency\sdk-vtk-9.4.2\build_msvc\filters\cellgrid\filterscellgrid.dir\debug\basis_hgrad_tetc2gradient.obj
d:\cybermed\daddy\dependency\sdk-vtk-9.4.2\build_msvc\filters\cellgrid\filterscellgrid.dir\debug\vtkunstructuredgridtocellgrid.obj
d:\cybermed\daddy\dependency\sdk-vtk-9.4.2\build_msvc\filters\cellgrid\filterscellgrid.dir\debug\vtkcellgridtransform.obj
d:\cybermed\daddy\dependency\sdk-vtk-9.4.2\build_msvc\filters\cellgrid\filterscellgrid.dir\debug\vtkcellgridpointprobe.obj
d:\cybermed\daddy\dependency\sdk-vtk-9.4.2\build_msvc\filters\cellgrid\filterscellgrid.dir\debug\vtkcellgridelevation.obj
d:\cybermed\daddy\dependency\sdk-vtk-9.4.2\build_msvc\filters\cellgrid\filterscellgrid.dir\debug\vtkcellgridcomputesides.obj
d:\cybermed\daddy\dependency\sdk-vtk-9.4.2\build_msvc\filters\cellgrid\filterscellgrid.dir\debug\vtkcellgridcellsource.obj
d:\cybermed\daddy\dependency\sdk-vtk-9.4.2\build_msvc\filters\cellgrid\filterscellgrid.dir\debug\vtkcellgridcellcenters.obj
d:\cybermed\daddy\dependency\sdk-vtk-9.4.2\build_msvc\filters\cellgrid\filterscellgrid.dir\debug\vtkfilterscellgrid.obj
d:\cybermed\daddy\dependency\sdk-vtk-9.4.2\build_msvc\filters\cellgrid\filterscellgrid.dir\debug\basis_constant_cellc0gradient.obj
d:\cybermed\daddy\dependency\sdk-vtk-9.4.2\build_msvc\filters\cellgrid\filterscellgrid.dir\debug\basis_constant_cellc0basis.obj
d:\cybermed\daddy\dependency\sdk-vtk-9.4.2\build_msvc\filters\cellgrid\filterscellgrid.dir\debug\basis_hcurl_teti1basis.obj
d:\cybermed\daddy\dependency\sdk-vtk-9.4.2\build_msvc\filters\cellgrid\filterscellgrid.dir\debug\basis_hcurl_wdgi1basis.obj
d:\cybermed\daddy\dependency\sdk-vtk-9.4.2\build_msvc\filters\cellgrid\filterscellgrid.dir\debug\basis_hcurl_hexi1basis.obj
d:\cybermed\daddy\dependency\sdk-vtk-9.4.2\build_msvc\filters\cellgrid\filterscellgrid.dir\debug\basis_hcurl_trii1basis.obj
d:\cybermed\daddy\dependency\sdk-vtk-9.4.2\build_msvc\filters\cellgrid\filterscellgrid.dir\debug\basis_hcurl_quadi1basis.obj
d:\cybermed\daddy\dependency\sdk-vtk-9.4.2\build_msvc\filters\cellgrid\filterscellgrid.dir\debug\basis_hdiv_teti1basis.obj
d:\cybermed\daddy\dependency\sdk-vtk-9.4.2\build_msvc\filters\cellgrid\filterscellgrid.dir\debug\basis_hdiv_wdgi1basis.obj
d:\cybermed\daddy\dependency\sdk-vtk-9.4.2\build_msvc\filters\cellgrid\filterscellgrid.dir\debug\basis_hdiv_hexi1basis.obj
d:\cybermed\daddy\dependency\sdk-vtk-9.4.2\build_msvc\filters\cellgrid\filterscellgrid.dir\debug\basis_hdiv_trii1basis.obj
d:\cybermed\daddy\dependency\sdk-vtk-9.4.2\build_msvc\filters\cellgrid\filterscellgrid.dir\debug\basis_hdiv_quadi1basis.obj
d:\cybermed\daddy\dependency\sdk-vtk-9.4.2\build_msvc\filters\cellgrid\filterscellgrid.dir\debug\vtkdgcell.obj
d:\cybermed\daddy\dependency\sdk-vtk-9.4.2\build_msvc\filters\cellgrid\filterscellgrid.dir\debug\vtkdgattributeinformation.obj
d:\cybermed\daddy\dependency\sdk-vtk-9.4.2\build_msvc\filters\cellgrid\filterscellgrid.dir\debug\vtkdginterpolatecalculator.obj
d:\cybermed\daddy\dependency\sdk-vtk-9.4.2\build_msvc\filters\cellgrid\filterscellgrid.dir\debug\vtkcellattributeinformation.obj
d:\cybermed\daddy\dependency\sdk-vtk-9.4.2\build_msvc\filters\cellgrid\filterscellgrid.dir\debug\vtkinterpolatecalculator.obj
d:\cybermed\daddy\dependency\sdk-vtk-9.4.2\build_msvc\filters\cellgrid\filterscellgrid.dir\debug\vtkdgwarp.obj
d:\cybermed\daddy\dependency\sdk-vtk-9.4.2\build_msvc\filters\cellgrid\filterscellgrid.dir\debug\vtkdgtransformresponder.obj
d:\cybermed\daddy\dependency\sdk-vtk-9.4.2\build_msvc\filters\cellgrid\filterscellgrid.dir\debug\vtkdgtranscribeunstructuredcells.obj
d:\cybermed\daddy\dependency\sdk-vtk-9.4.2\build_msvc\filters\cellgrid\filterscellgrid.dir\debug\vtkdgtranscribecellgridcells.obj
d:\cybermed\daddy\dependency\sdk-vtk-9.4.2\build_msvc\filters\cellgrid\filterscellgrid.dir\debug\vtkdgsidesresponder.obj
d:\cybermed\daddy\dependency\sdk-vtk-9.4.2\build_msvc\filters\cellgrid\filterscellgrid.dir\debug\vtkdgrangeresponder.obj
d:\cybermed\daddy\dependency\sdk-vtk-9.4.2\build_msvc\filters\cellgrid\filterscellgrid.dir\debug\vtkdgevaluator.obj
d:\cybermed\daddy\dependency\sdk-vtk-9.4.2\build_msvc\filters\cellgrid\filterscellgrid.dir\debug\vtkdgelevationresponder.obj
d:\cybermed\daddy\dependency\sdk-vtk-9.4.2\build_msvc\filters\cellgrid\filterscellgrid.dir\debug\vtkdgcopyresponder.obj
d:\cybermed\daddy\dependency\sdk-vtk-9.4.2\build_msvc\filters\cellgrid\filterscellgrid.dir\debug\vtkdgcellsourceresponder.obj
d:\cybermed\daddy\dependency\sdk-vtk-9.4.2\build_msvc\filters\cellgrid\filterscellgrid.dir\debug\vtkdgcellcenterresponder.obj
d:\cybermed\daddy\dependency\sdk-vtk-9.4.2\build_msvc\filters\cellgrid\filterscellgrid.dir\debug\vtkdgboundsresponder.obj
d:\cybermed\daddy\dependency\sdk-vtk-9.4.2\build_msvc\filters\cellgrid\filterscellgrid.dir\debug\vtkcellgridelevationquery.obj
d:\cybermed\daddy\dependency\sdk-vtk-9.4.2\build_msvc\filters\cellgrid\filterscellgrid.dir\debug\vtkcellgridwarp.obj
d:\cybermed\daddy\dependency\sdk-vtk-9.4.2\build_msvc\filters\cellgrid\filterscellgrid.dir\debug\vtkcellgridtounstructuredgrid.obj
d:\cybermed\daddy\dependency\sdk-vtk-9.4.2\build_msvc\filters\cellgrid\filterscellgrid.dir\debug\vtkunstructuredgridfieldannotations.obj
d:\cybermed\daddy\dependency\sdk-vtk-9.4.2\build_msvc\filters\cellgrid\filterscellgrid.dir\debug\vtkdgarrayoutputaccessor.obj
d:\cybermed\daddy\dependency\sdk-vtk-9.4.2\build_msvc\filters\cellgrid\filterscellgrid.dir\debug\vtkdgarraysinputaccessor.obj
d:\cybermed\daddy\dependency\sdk-vtk-9.4.2\build_msvc\filters\cellgrid\filterscellgrid.dir\debug\vtkdgoperation.obj
d:\cybermed\daddy\dependency\sdk-vtk-9.4.2\build_msvc\filters\cellgrid\filterscellgrid.dir\debug\vtkdgoperatorentry.obj
d:\cybermed\daddy\dependency\sdk-vtk-9.4.2\build_msvc\filters\cellgrid\filterscellgrid.dir\debug\vtkdghdivoperators.obj
d:\cybermed\daddy\dependency\sdk-vtk-9.4.2\build_msvc\filters\cellgrid\filterscellgrid.dir\debug\vtkdghcurloperators.obj
d:\cybermed\daddy\dependency\sdk-vtk-9.4.2\build_msvc\filters\cellgrid\filterscellgrid.dir\debug\vtkdghgradoperators.obj
d:\cybermed\daddy\dependency\sdk-vtk-9.4.2\build_msvc\filters\cellgrid\filterscellgrid.dir\debug\vtkdgconstantoperators.obj
d:\cybermed\daddy\dependency\sdk-vtk-9.4.2\build_msvc\filters\cellgrid\filterscellgrid.dir\debug\vtkderhamcell.obj
d:\cybermed\daddy\dependency\sdk-vtk-9.4.2\build_msvc\filters\cellgrid\filterscellgrid.dir\debug\vtkdgwdg.obj
d:\cybermed\daddy\dependency\sdk-vtk-9.4.2\build_msvc\filters\cellgrid\filterscellgrid.dir\debug\vtkdgvert.obj
d:\cybermed\daddy\dependency\sdk-vtk-9.4.2\build_msvc\filters\cellgrid\filterscellgrid.dir\debug\vtkdgtri.obj
d:\cybermed\daddy\dependency\sdk-vtk-9.4.2\build_msvc\filters\cellgrid\filterscellgrid.dir\debug\vtkdgtet.obj
d:\cybermed\daddy\dependency\sdk-vtk-9.4.2\build_msvc\filters\cellgrid\filterscellgrid.dir\debug\vtkdgquad.obj
d:\cybermed\daddy\dependency\sdk-vtk-9.4.2\build_msvc\filters\cellgrid\filterscellgrid.dir\debug\vtkdgpyr.obj
d:\cybermed\daddy\dependency\sdk-vtk-9.4.2\build_msvc\filters\cellgrid\filterscellgrid.dir\debug\vtkdghex.obj
d:\cybermed\daddy\dependency\sdk-vtk-9.4.2\build_msvc\filters\cellgrid\filterscellgrid.dir\debug\vtkdgedge.obj
d:\cybermed\daddy\dependency\sdk-vtk-9.4.2\build_msvc\filters\cellgrid\filterscellgrid.dir\debug\vc143.pdb
d:\cybermed\daddy\dependency\sdk-vtk-9.4.2\build_msvc\filters\cellgrid\basis_hgrad_tetc1basis.h
d:\cybermed\daddy\dependency\sdk-vtk-9.4.2\build_msvc\filters\cellgrid\basis_hgrad_tetc1basis.cxx
d:\cybermed\daddy\dependency\sdk-vtk-9.4.2\build_msvc\filters\cellgrid\basis_hgrad_hexc2gradient.h
d:\cybermed\daddy\dependency\sdk-vtk-9.4.2\build_msvc\filters\cellgrid\basis_hgrad_hexc2gradient.cxx
d:\cybermed\daddy\dependency\sdk-vtk-9.4.2\build_msvc\filters\cellgrid\basis_hgrad_hexc1basis.h
d:\cybermed\daddy\dependency\sdk-vtk-9.4.2\build_msvc\filters\cellgrid\basis_hgrad_hexc1basis.cxx
d:\cybermed\daddy\dependency\sdk-vtk-9.4.2\build_msvc\filters\cellgrid\basis_hgrad_wdgi2gradient.h
d:\cybermed\daddy\dependency\sdk-vtk-9.4.2\build_msvc\filters\cellgrid\basis_hgrad_wdgi2gradient.cxx
d:\cybermed\daddy\dependency\sdk-vtk-9.4.2\build_msvc\filters\cellgrid\basis_hgrad_quadc1gradient.h
d:\cybermed\daddy\dependency\sdk-vtk-9.4.2\build_msvc\filters\cellgrid\basis_hgrad_quadc1gradient.cxx
d:\cybermed\daddy\dependency\sdk-vtk-9.4.2\build_msvc\filters\cellgrid\basis_hgrad_hexi2basis.h
d:\cybermed\daddy\dependency\sdk-vtk-9.4.2\build_msvc\filters\cellgrid\basis_hgrad_hexi2basis.cxx
d:\cybermed\daddy\dependency\sdk-vtk-9.4.2\build_msvc\filters\cellgrid\basis_hgrad_tric1basis.h
d:\cybermed\daddy\dependency\sdk-vtk-9.4.2\build_msvc\filters\cellgrid\basis_hgrad_tric1basis.cxx
d:\cybermed\daddy\dependency\sdk-vtk-9.4.2\build_msvc\filters\cellgrid\basis_hgrad_pyrf2basis.h
d:\cybermed\daddy\dependency\sdk-vtk-9.4.2\build_msvc\filters\cellgrid\basis_hgrad_pyrf2basis.cxx
d:\cybermed\daddy\dependency\sdk-vtk-9.4.2\build_msvc\filters\cellgrid\basis_hgrad_quadc2basis.h
d:\cybermed\daddy\dependency\sdk-vtk-9.4.2\build_msvc\filters\cellgrid\basis_hgrad_quadc2basis.cxx
d:\cybermed\daddy\dependency\sdk-vtk-9.4.2\build_msvc\filters\cellgrid\basis_hgrad_pyrf2gradient.h
d:\cybermed\daddy\dependency\sdk-vtk-9.4.2\build_msvc\filters\cellgrid\basis_hgrad_pyrf2gradient.cxx
d:\cybermed\daddy\dependency\sdk-vtk-9.4.2\build_msvc\filters\cellgrid\basis_hgrad_pyrc1gradient.h
d:\cybermed\daddy\dependency\sdk-vtk-9.4.2\build_msvc\filters\cellgrid\basis_hgrad_pyrc1gradient.cxx
d:\cybermed\daddy\dependency\sdk-vtk-9.4.2\build_msvc\filters\cellgrid\basis_hgrad_wdgf2basis.h
d:\cybermed\daddy\dependency\sdk-vtk-9.4.2\build_msvc\filters\cellgrid\basis_hgrad_wdgf2basis.cxx
d:\cybermed\daddy\dependency\sdk-vtk-9.4.2\build_msvc\filters\cellgrid\basis_hgrad_wdgc2gradient.h
d:\cybermed\daddy\dependency\sdk-vtk-9.4.2\build_msvc\filters\cellgrid\basis_hgrad_wdgc2gradient.cxx
d:\cybermed\daddy\dependency\sdk-vtk-9.4.2\build_msvc\filters\cellgrid\basis_hgrad_pyri2gradient.h
d:\cybermed\daddy\dependency\sdk-vtk-9.4.2\build_msvc\filters\cellgrid\basis_hgrad_pyri2gradient.cxx
d:\cybermed\daddy\dependency\sdk-vtk-9.4.2\build_msvc\filters\cellgrid\basis_hgrad_tetc1gradient.h
d:\cybermed\daddy\dependency\sdk-vtk-9.4.2\build_msvc\filters\cellgrid\basis_hgrad_tetc1gradient.cxx
d:\cybermed\daddy\dependency\sdk-vtk-9.4.2\build_msvc\filters\cellgrid\basis_hgrad_pyrc1basis.h
d:\cybermed\daddy\dependency\sdk-vtk-9.4.2\build_msvc\filters\cellgrid\basis_hgrad_pyrc1basis.cxx
d:\cybermed\daddy\dependency\sdk-vtk-9.4.2\build_msvc\filters\cellgrid\basis_hgrad_tetf2gradient.h
d:\cybermed\daddy\dependency\sdk-vtk-9.4.2\build_msvc\filters\cellgrid\basis_hgrad_tetf2gradient.cxx
d:\cybermed\daddy\dependency\sdk-vtk-9.4.2\build_msvc\filters\cellgrid\basis_hgrad_wdgc1gradient.h
d:\cybermed\daddy\dependency\sdk-vtk-9.4.2\build_msvc\filters\cellgrid\basis_hgrad_wdgc1gradient.cxx
d:\cybermed\daddy\dependency\sdk-vtk-9.4.2\build_msvc\filters\cellgrid\basis_hgrad_edgec1gradient.h
d:\cybermed\daddy\dependency\sdk-vtk-9.4.2\build_msvc\filters\cellgrid\basis_hgrad_edgec1gradient.cxx
d:\cybermed\daddy\dependency\sdk-vtk-9.4.2\build_msvc\filters\cellgrid\basis_hgrad_tetf2basis.h
d:\cybermed\daddy\dependency\sdk-vtk-9.4.2\build_msvc\filters\cellgrid\basis_hgrad_tetf2basis.cxx
d:\cybermed\daddy\dependency\sdk-vtk-9.4.2\build_msvc\filters\cellgrid\basis_hgrad_tetc2gradient.h
d:\cybermed\daddy\dependency\sdk-vtk-9.4.2\build_msvc\filters\cellgrid\basis_hgrad_tetc2gradient.cxx
d:\cybermed\daddy\dependency\sdk-vtk-9.4.2\build_msvc\filters\cellgrid\basis_hgrad_pyri2basis.h
d:\cybermed\daddy\dependency\sdk-vtk-9.4.2\build_msvc\filters\cellgrid\basis_hgrad_pyri2basis.cxx
d:\cybermed\daddy\dependency\sdk-vtk-9.4.2\build_msvc\filters\cellgrid\basis_hgrad_hexc1gradient.h
d:\cybermed\daddy\dependency\sdk-vtk-9.4.2\build_msvc\filters\cellgrid\basis_hgrad_hexc1gradient.cxx
d:\cybermed\daddy\dependency\sdk-vtk-9.4.2\build_msvc\filters\cellgrid\basis_hgrad_tric2basis.h
d:\cybermed\daddy\dependency\sdk-vtk-9.4.2\build_msvc\filters\cellgrid\basis_hgrad_tric2basis.cxx
d:\cybermed\daddy\dependency\sdk-vtk-9.4.2\build_msvc\filters\cellgrid\basis_hgrad_tetc2basis.h
d:\cybermed\daddy\dependency\sdk-vtk-9.4.2\build_msvc\filters\cellgrid\basis_hgrad_tetc2basis.cxx
d:\cybermed\daddy\dependency\sdk-vtk-9.4.2\build_msvc\filters\cellgrid\basis_hgrad_edgec1basis.h
d:\cybermed\daddy\dependency\sdk-vtk-9.4.2\build_msvc\filters\cellgrid\basis_hgrad_edgec1basis.cxx
d:\cybermed\daddy\dependency\sdk-vtk-9.4.2\build_msvc\filters\cellgrid\basis_hgrad_quadc1basis.h
d:\cybermed\daddy\dependency\sdk-vtk-9.4.2\build_msvc\filters\cellgrid\basis_hgrad_quadc1basis.cxx
d:\cybermed\daddy\dependency\sdk-vtk-9.4.2\build_msvc\filters\cellgrid\basis_hgrad_tric1gradient.h
d:\cybermed\daddy\dependency\sdk-vtk-9.4.2\build_msvc\filters\cellgrid\basis_hgrad_tric1gradient.cxx
d:\cybermed\daddy\dependency\sdk-vtk-9.4.2\build_msvc\filters\cellgrid\basis_hgrad_edgec2gradient.h
d:\cybermed\daddy\dependency\sdk-vtk-9.4.2\build_msvc\filters\cellgrid\basis_hgrad_edgec2gradient.cxx
d:\cybermed\daddy\dependency\sdk-vtk-9.4.2\build_msvc\filters\cellgrid\basis_hgrad_wdgi2basis.h
d:\cybermed\daddy\dependency\sdk-vtk-9.4.2\build_msvc\filters\cellgrid\basis_hgrad_wdgi2basis.cxx
d:\cybermed\daddy\dependency\sdk-vtk-9.4.2\build_msvc\filters\cellgrid\basis_hgrad_hexc2basis.h
d:\cybermed\daddy\dependency\sdk-vtk-9.4.2\build_msvc\filters\cellgrid\basis_hgrad_hexc2basis.cxx
d:\cybermed\daddy\dependency\sdk-vtk-9.4.2\build_msvc\filters\cellgrid\basis_hgrad_quadc2gradient.h
d:\cybermed\daddy\dependency\sdk-vtk-9.4.2\build_msvc\filters\cellgrid\basis_hgrad_quadc2gradient.cxx
d:\cybermed\daddy\dependency\sdk-vtk-9.4.2\build_msvc\filters\cellgrid\basis_hgrad_wdgc2basis.h
d:\cybermed\daddy\dependency\sdk-vtk-9.4.2\build_msvc\filters\cellgrid\basis_hgrad_wdgc2basis.cxx
d:\cybermed\daddy\dependency\sdk-vtk-9.4.2\build_msvc\filters\cellgrid\basis_hgrad_hexi2gradient.h
d:\cybermed\daddy\dependency\sdk-vtk-9.4.2\build_msvc\filters\cellgrid\basis_hgrad_hexi2gradient.cxx
d:\cybermed\daddy\dependency\sdk-vtk-9.4.2\build_msvc\filters\cellgrid\basis_hgrad_pyrc2gradient.h
d:\cybermed\daddy\dependency\sdk-vtk-9.4.2\build_msvc\filters\cellgrid\basis_hgrad_pyrc2gradient.cxx
d:\cybermed\daddy\dependency\sdk-vtk-9.4.2\build_msvc\filters\cellgrid\basis_hgrad_pyrc2basis.h
d:\cybermed\daddy\dependency\sdk-vtk-9.4.2\build_msvc\filters\cellgrid\basis_hgrad_pyrc2basis.cxx
d:\cybermed\daddy\dependency\sdk-vtk-9.4.2\build_msvc\filters\cellgrid\basis_hgrad_edgec2basis.h
d:\cybermed\daddy\dependency\sdk-vtk-9.4.2\build_msvc\filters\cellgrid\basis_hgrad_edgec2basis.cxx
d:\cybermed\daddy\dependency\sdk-vtk-9.4.2\build_msvc\filters\cellgrid\basis_hgrad_tric2gradient.h
d:\cybermed\daddy\dependency\sdk-vtk-9.4.2\build_msvc\filters\cellgrid\basis_hgrad_tric2gradient.cxx
d:\cybermed\daddy\dependency\sdk-vtk-9.4.2\build_msvc\filters\cellgrid\basis_hgrad_wdgf2gradient.h
d:\cybermed\daddy\dependency\sdk-vtk-9.4.2\build_msvc\filters\cellgrid\basis_hgrad_wdgf2gradient.cxx
d:\cybermed\daddy\dependency\sdk-vtk-9.4.2\build_msvc\filters\cellgrid\basis_hgrad_wdgc1basis.h
d:\cybermed\daddy\dependency\sdk-vtk-9.4.2\build_msvc\filters\cellgrid\basis_hgrad_wdgc1basis.cxx
d:\cybermed\daddy\dependency\sdk-vtk-9.4.2\build_msvc\filters\cellgrid\basis_hdiv_quadi1basis.h
d:\cybermed\daddy\dependency\sdk-vtk-9.4.2\build_msvc\filters\cellgrid\basis_hdiv_quadi1basis.cxx
d:\cybermed\daddy\dependency\sdk-vtk-9.4.2\build_msvc\filters\cellgrid\basis_hdiv_trii1basis.h
d:\cybermed\daddy\dependency\sdk-vtk-9.4.2\build_msvc\filters\cellgrid\basis_hdiv_trii1basis.cxx
d:\cybermed\daddy\dependency\sdk-vtk-9.4.2\build_msvc\filters\cellgrid\basis_hdiv_hexi1basis.h
d:\cybermed\daddy\dependency\sdk-vtk-9.4.2\build_msvc\filters\cellgrid\basis_hdiv_hexi1basis.cxx
d:\cybermed\daddy\dependency\sdk-vtk-9.4.2\build_msvc\filters\cellgrid\basis_hdiv_wdgi1basis.h
d:\cybermed\daddy\dependency\sdk-vtk-9.4.2\build_msvc\filters\cellgrid\basis_hdiv_wdgi1basis.cxx
d:\cybermed\daddy\dependency\sdk-vtk-9.4.2\build_msvc\filters\cellgrid\basis_hdiv_teti1basis.h
d:\cybermed\daddy\dependency\sdk-vtk-9.4.2\build_msvc\filters\cellgrid\basis_hdiv_teti1basis.cxx
d:\cybermed\daddy\dependency\sdk-vtk-9.4.2\build_msvc\filters\cellgrid\basis_hcurl_quadi1basis.h
d:\cybermed\daddy\dependency\sdk-vtk-9.4.2\build_msvc\filters\cellgrid\basis_hcurl_quadi1basis.cxx
d:\cybermed\daddy\dependency\sdk-vtk-9.4.2\build_msvc\filters\cellgrid\basis_hcurl_trii1basis.h
d:\cybermed\daddy\dependency\sdk-vtk-9.4.2\build_msvc\filters\cellgrid\basis_hcurl_trii1basis.cxx
d:\cybermed\daddy\dependency\sdk-vtk-9.4.2\build_msvc\filters\cellgrid\basis_hcurl_hexi1basis.h
d:\cybermed\daddy\dependency\sdk-vtk-9.4.2\build_msvc\filters\cellgrid\basis_hcurl_hexi1basis.cxx
d:\cybermed\daddy\dependency\sdk-vtk-9.4.2\build_msvc\filters\cellgrid\basis_hcurl_wdgi1basis.h
d:\cybermed\daddy\dependency\sdk-vtk-9.4.2\build_msvc\filters\cellgrid\basis_hcurl_wdgi1basis.cxx
d:\cybermed\daddy\dependency\sdk-vtk-9.4.2\build_msvc\filters\cellgrid\basis_hcurl_teti1basis.h
d:\cybermed\daddy\dependency\sdk-vtk-9.4.2\build_msvc\filters\cellgrid\basis_hcurl_teti1basis.cxx
d:\cybermed\daddy\dependency\sdk-vtk-9.4.2\build_msvc\filters\cellgrid\basis_constant_cellc0basis.h
d:\cybermed\daddy\dependency\sdk-vtk-9.4.2\build_msvc\filters\cellgrid\basis_constant_cellc0basis.cxx
d:\cybermed\daddy\dependency\sdk-vtk-9.4.2\build_msvc\filters\cellgrid\basis_constant_cellc0gradient.h
d:\cybermed\daddy\dependency\sdk-vtk-9.4.2\build_msvc\filters\cellgrid\basis_constant_cellc0gradient.cxx
d:\cybermed\daddy\dependency\sdk-vtk-9.4.2\build_msvc\filters\cellgrid\cmakefiles\generate.stamp
d:\cybermed\daddy\dependency\sdk-vtk-9.4.2\build_msvc\lib\debug\vtkfilterscellgrid-9.4d.lib
d:\cybermed\daddy\dependency\sdk-vtk-9.4.2\build_msvc\bin\debug\vtkfilterscellgrid-9.4d.dll
d:\cybermed\daddy\dependency\sdk-vtk-9.4.2\build_msvc\bin\debug\vtkfilterscellgrid-9.4d.pdb
d:\cybermed\daddy\dependency\sdk-vtk-9.4.2\build_msvc\lib\debug\vtkfilterscellgrid-9.4d.exp
d:\cybermed\daddy\dependency\sdk-vtk-9.4.2\build_msvc\filters\cellgrid\filterscellgrid.dir\debug\vtkfilterscellgrid-9.4d.ilk
d:\cybermed\daddy\dependency\sdk-vtk-9.4.2\build_msvc\filters\cellgrid\filterscellgrid.dir\debug\filterscellgrid.tlog\cl.command.1.tlog
d:\cybermed\daddy\dependency\sdk-vtk-9.4.2\build_msvc\filters\cellgrid\filterscellgrid.dir\debug\filterscellgrid.tlog\cl.items.tlog
d:\cybermed\daddy\dependency\sdk-vtk-9.4.2\build_msvc\filters\cellgrid\filterscellgrid.dir\debug\filterscellgrid.tlog\cl.read.1.tlog
d:\cybermed\daddy\dependency\sdk-vtk-9.4.2\build_msvc\filters\cellgrid\filterscellgrid.dir\debug\filterscellgrid.tlog\cl.write.1.tlog
d:\cybermed\daddy\dependency\sdk-vtk-9.4.2\build_msvc\filters\cellgrid\filterscellgrid.dir\debug\filterscellgrid.tlog\custombuild.command.1.tlog
d:\cybermed\daddy\dependency\sdk-vtk-9.4.2\build_msvc\filters\cellgrid\filterscellgrid.dir\debug\filterscellgrid.tlog\custombuild.read.1.tlog
d:\cybermed\daddy\dependency\sdk-vtk-9.4.2\build_msvc\filters\cellgrid\filterscellgrid.dir\debug\filterscellgrid.tlog\custombuild.write.1.tlog
d:\cybermed\daddy\dependency\sdk-vtk-9.4.2\build_msvc\filters\cellgrid\filterscellgrid.dir\debug\filterscellgrid.tlog\lib-link.read.1.tlog
d:\cybermed\daddy\dependency\sdk-vtk-9.4.2\build_msvc\filters\cellgrid\filterscellgrid.dir\debug\filterscellgrid.tlog\lib-link.write.1.tlog
d:\cybermed\daddy\dependency\sdk-vtk-9.4.2\build_msvc\filters\cellgrid\filterscellgrid.dir\debug\filterscellgrid.tlog\lib.command.1.tlog
d:\cybermed\daddy\dependency\sdk-vtk-9.4.2\build_msvc\filters\cellgrid\filterscellgrid.dir\debug\filterscellgrid.tlog\link.command.1.tlog
d:\cybermed\daddy\dependency\sdk-vtk-9.4.2\build_msvc\filters\cellgrid\filterscellgrid.dir\debug\filterscellgrid.tlog\link.read.1.tlog
d:\cybermed\daddy\dependency\sdk-vtk-9.4.2\build_msvc\filters\cellgrid\filterscellgrid.dir\debug\filterscellgrid.tlog\link.secondary.1.tlog
d:\cybermed\daddy\dependency\sdk-vtk-9.4.2\build_msvc\filters\cellgrid\filterscellgrid.dir\debug\filterscellgrid.tlog\link.write.1.tlog
