d:\cybermed\daddy\dependency\sdk-vtk-9.4.2\build_msvc\lib\debug\vtkinteractionimage-9.4d.pdb
d:\cybermed\daddy\dependency\sdk-vtk-9.4.2\build_msvc\interaction\image\interactionimage.dir\debug\vtkresliceimageviewermeasurements.obj
d:\cybermed\daddy\dependency\sdk-vtk-9.4.2\build_msvc\interaction\image\interactionimage.dir\debug\vtkresliceimageviewer.obj
d:\cybermed\daddy\dependency\sdk-vtk-9.4.2\build_msvc\interaction\image\interactionimage.dir\debug\vtkimageviewer2.obj
d:\cybermed\daddy\dependency\sdk-vtk-9.4.2\build_msvc\interaction\image\interactionimage.dir\debug\vtkimageviewer.obj
d:\cybermed\daddy\dependency\sdk-vtk-9.4.2\build_msvc\interaction\image\interactionimage.dir\debug\vc143.pdb
d:\cybermed\daddy\dependency\sdk-vtk-9.4.2\build_msvc\interaction\image\cmakefiles\generate.stamp
d:\cybermed\daddy\dependency\sdk-vtk-9.4.2\build_msvc\lib\debug\vtkinteractionimage-9.4d.lib
d:\cybermed\daddy\dependency\sdk-vtk-9.4.2\build_msvc\bin\debug\vtkinteractionimage-9.4d.dll
d:\cybermed\daddy\dependency\sdk-vtk-9.4.2\build_msvc\bin\debug\vtkinteractionimage-9.4d.pdb
d:\cybermed\daddy\dependency\sdk-vtk-9.4.2\build_msvc\lib\debug\vtkinteractionimage-9.4d.exp
d:\cybermed\daddy\dependency\sdk-vtk-9.4.2\build_msvc\interaction\image\interactionimage.dir\debug\vtkinteractionimage-9.4d.ilk
d:\cybermed\daddy\dependency\sdk-vtk-9.4.2\build_msvc\interaction\image\interactionimage.dir\debug\interactionimage.tlog\cl.command.1.tlog
d:\cybermed\daddy\dependency\sdk-vtk-9.4.2\build_msvc\interaction\image\interactionimage.dir\debug\interactionimage.tlog\cl.items.tlog
d:\cybermed\daddy\dependency\sdk-vtk-9.4.2\build_msvc\interaction\image\interactionimage.dir\debug\interactionimage.tlog\cl.read.1.tlog
d:\cybermed\daddy\dependency\sdk-vtk-9.4.2\build_msvc\interaction\image\interactionimage.dir\debug\interactionimage.tlog\cl.write.1.tlog
d:\cybermed\daddy\dependency\sdk-vtk-9.4.2\build_msvc\interaction\image\interactionimage.dir\debug\interactionimage.tlog\custombuild.command.1.tlog
d:\cybermed\daddy\dependency\sdk-vtk-9.4.2\build_msvc\interaction\image\interactionimage.dir\debug\interactionimage.tlog\custombuild.read.1.tlog
d:\cybermed\daddy\dependency\sdk-vtk-9.4.2\build_msvc\interaction\image\interactionimage.dir\debug\interactionimage.tlog\custombuild.write.1.tlog
d:\cybermed\daddy\dependency\sdk-vtk-9.4.2\build_msvc\interaction\image\interactionimage.dir\debug\interactionimage.tlog\lib-link.read.1.tlog
d:\cybermed\daddy\dependency\sdk-vtk-9.4.2\build_msvc\interaction\image\interactionimage.dir\debug\interactionimage.tlog\lib-link.write.1.tlog
d:\cybermed\daddy\dependency\sdk-vtk-9.4.2\build_msvc\interaction\image\interactionimage.dir\debug\interactionimage.tlog\lib.command.1.tlog
d:\cybermed\daddy\dependency\sdk-vtk-9.4.2\build_msvc\interaction\image\interactionimage.dir\debug\interactionimage.tlog\link.command.1.tlog
d:\cybermed\daddy\dependency\sdk-vtk-9.4.2\build_msvc\interaction\image\interactionimage.dir\debug\interactionimage.tlog\link.read.1.tlog
d:\cybermed\daddy\dependency\sdk-vtk-9.4.2\build_msvc\interaction\image\interactionimage.dir\debug\interactionimage.tlog\link.secondary.1.tlog
d:\cybermed\daddy\dependency\sdk-vtk-9.4.2\build_msvc\interaction\image\interactionimage.dir\debug\interactionimage.tlog\link.write.1.tlog
