d:\cybermed\daddy\dependency\sdk-vtk-9.4.2\build_msvc\rendering\contextopengl2\renderingcontextopengl2.dir\release\vtkopenglpropitem.obj
d:\cybermed\daddy\dependency\sdk-vtk-9.4.2\build_msvc\rendering\contextopengl2\renderingcontextopengl2.dir\release\vtkopenglcontextdevice3d.obj
d:\cybermed\daddy\dependency\sdk-vtk-9.4.2\build_msvc\rendering\contextopengl2\renderingcontextopengl2.dir\release\vtkopenglcontextdevice2d.obj
d:\cybermed\daddy\dependency\sdk-vtk-9.4.2\build_msvc\rendering\contextopengl2\renderingcontextopengl2.dir\release\vtkopenglcontextbufferid.obj
d:\cybermed\daddy\dependency\sdk-vtk-9.4.2\build_msvc\rendering\contextopengl2\renderingcontextopengl2.dir\release\vtkopenglcontextactor.obj
d:\cybermed\daddy\dependency\sdk-vtk-9.4.2\build_msvc\rendering\contextopengl2\renderingcontextopengl2.dir\release\vtkopenglcontextdevicebufferobjectbuilder.obj
d:\cybermed\daddy\dependency\sdk-vtk-9.4.2\build_msvc\rendering\contextopengl2\renderingcontextopengl2.dir\release\vtkrenderingcontextopengl2objectfactory.obj
d:\cybermed\daddy\dependency\sdk-vtk-9.4.2\build_msvc\rendering\contextopengl2\cmakefiles\generate.stamp
d:\cybermed\daddy\dependency\sdk-vtk-9.4.2\build_msvc\bin\release\vtkrenderingcontextopengl2-9.4.dll
d:\cybermed\daddy\dependency\sdk-vtk-9.4.2\build_msvc\lib\release\vtkrenderingcontextopengl2-9.4.lib
d:\cybermed\daddy\dependency\sdk-vtk-9.4.2\build_msvc\lib\release\vtkrenderingcontextopengl2-9.4.exp
d:\cybermed\daddy\dependency\sdk-vtk-9.4.2\build_msvc\rendering\contextopengl2\renderingcontextopengl2.dir\release\renderin.694ca540.tlog\cl.command.1.tlog
d:\cybermed\daddy\dependency\sdk-vtk-9.4.2\build_msvc\rendering\contextopengl2\renderingcontextopengl2.dir\release\renderin.694ca540.tlog\cl.items.tlog
d:\cybermed\daddy\dependency\sdk-vtk-9.4.2\build_msvc\rendering\contextopengl2\renderingcontextopengl2.dir\release\renderin.694ca540.tlog\cl.read.1.tlog
d:\cybermed\daddy\dependency\sdk-vtk-9.4.2\build_msvc\rendering\contextopengl2\renderingcontextopengl2.dir\release\renderin.694ca540.tlog\cl.write.1.tlog
d:\cybermed\daddy\dependency\sdk-vtk-9.4.2\build_msvc\rendering\contextopengl2\renderingcontextopengl2.dir\release\renderin.694ca540.tlog\custombuild.command.1.tlog
d:\cybermed\daddy\dependency\sdk-vtk-9.4.2\build_msvc\rendering\contextopengl2\renderingcontextopengl2.dir\release\renderin.694ca540.tlog\custombuild.read.1.tlog
d:\cybermed\daddy\dependency\sdk-vtk-9.4.2\build_msvc\rendering\contextopengl2\renderingcontextopengl2.dir\release\renderin.694ca540.tlog\custombuild.write.1.tlog
d:\cybermed\daddy\dependency\sdk-vtk-9.4.2\build_msvc\rendering\contextopengl2\renderingcontextopengl2.dir\release\renderin.694ca540.tlog\link.command.1.tlog
d:\cybermed\daddy\dependency\sdk-vtk-9.4.2\build_msvc\rendering\contextopengl2\renderingcontextopengl2.dir\release\renderin.694ca540.tlog\link.read.1.tlog
d:\cybermed\daddy\dependency\sdk-vtk-9.4.2\build_msvc\rendering\contextopengl2\renderingcontextopengl2.dir\release\renderin.694ca540.tlog\link.secondary.1.tlog
d:\cybermed\daddy\dependency\sdk-vtk-9.4.2\build_msvc\rendering\contextopengl2\renderingcontextopengl2.dir\release\renderin.694ca540.tlog\link.write.1.tlog
