d:\cybermed\daddy\dependency\sdk-vtk-9.4.2\build_msvc\lib\debug\vtkfiltersflowpaths-9.4d.pdb
d:\cybermed\daddy\dependency\sdk-vtk-9.4.2\build_msvc\filters\flowpaths\filtersflowpaths.dir\debug\vtkvortexcore.obj
d:\cybermed\daddy\dependency\sdk-vtk-9.4.2\build_msvc\filters\flowpaths\filtersflowpaths.dir\debug\vtkvectorfieldtopology.obj
d:\cybermed\daddy\dependency\sdk-vtk-9.4.2\build_msvc\filters\flowpaths\filtersflowpaths.dir\debug\vtktemporalinterpolatedvelocityfield.obj
d:\cybermed\daddy\dependency\sdk-vtk-9.4.2\build_msvc\filters\flowpaths\filtersflowpaths.dir\debug\vtkstreamtracer.obj
d:\cybermed\daddy\dependency\sdk-vtk-9.4.2\build_msvc\filters\flowpaths\filtersflowpaths.dir\debug\vtkstreamsurface.obj
d:\cybermed\daddy\dependency\sdk-vtk-9.4.2\build_msvc\filters\flowpaths\filtersflowpaths.dir\debug\vtkstreaklinefilter.obj
d:\cybermed\daddy\dependency\sdk-vtk-9.4.2\build_msvc\filters\flowpaths\filtersflowpaths.dir\debug\vtkparticletracerbase.obj
d:\cybermed\daddy\dependency\sdk-vtk-9.4.2\build_msvc\filters\flowpaths\filtersflowpaths.dir\debug\vtkparticletracer.obj
d:\cybermed\daddy\dependency\sdk-vtk-9.4.2\build_msvc\filters\flowpaths\filtersflowpaths.dir\debug\vtkparticlepathfilter.obj
d:\cybermed\daddy\dependency\sdk-vtk-9.4.2\build_msvc\filters\flowpaths\filtersflowpaths.dir\debug\vtkparallelvectors.obj
d:\cybermed\daddy\dependency\sdk-vtk-9.4.2\build_msvc\filters\flowpaths\filtersflowpaths.dir\debug\vtkmodifiedbsptree.obj
d:\cybermed\daddy\dependency\sdk-vtk-9.4.2\build_msvc\filters\flowpaths\filtersflowpaths.dir\debug\vtklineartransformcelllocator.obj
d:\cybermed\daddy\dependency\sdk-vtk-9.4.2\build_msvc\filters\flowpaths\filtersflowpaths.dir\debug\vtklagrangianparticletracker.obj
d:\cybermed\daddy\dependency\sdk-vtk-9.4.2\build_msvc\filters\flowpaths\filtersflowpaths.dir\debug\vtklagrangianparticle.obj
d:\cybermed\daddy\dependency\sdk-vtk-9.4.2\build_msvc\filters\flowpaths\filtersflowpaths.dir\debug\vtklagrangianmatidaintegrationmodel.obj
d:\cybermed\daddy\dependency\sdk-vtk-9.4.2\build_msvc\filters\flowpaths\filtersflowpaths.dir\debug\vtklagrangianbasicintegrationmodel.obj
d:\cybermed\daddy\dependency\sdk-vtk-9.4.2\build_msvc\filters\flowpaths\filtersflowpaths.dir\debug\vtkevenlyspacedstreamlines2d.obj
d:\cybermed\daddy\dependency\sdk-vtk-9.4.2\build_msvc\filters\flowpaths\filtersflowpaths.dir\debug\vtkcompositeinterpolatedvelocityfield.obj
d:\cybermed\daddy\dependency\sdk-vtk-9.4.2\build_msvc\filters\flowpaths\filtersflowpaths.dir\debug\vtkamrinterpolatedvelocityfield.obj
d:\cybermed\daddy\dependency\sdk-vtk-9.4.2\build_msvc\filters\flowpaths\filtersflowpaths.dir\debug\vtkabstractinterpolatedvelocityfield.obj
d:\cybermed\daddy\dependency\sdk-vtk-9.4.2\build_msvc\filters\flowpaths\filtersflowpaths.dir\debug\vc143.pdb
d:\cybermed\daddy\dependency\sdk-vtk-9.4.2\build_msvc\filters\flowpaths\cmakefiles\generate.stamp
d:\cybermed\daddy\dependency\sdk-vtk-9.4.2\build_msvc\lib\debug\vtkfiltersflowpaths-9.4d.lib
d:\cybermed\daddy\dependency\sdk-vtk-9.4.2\build_msvc\bin\debug\vtkfiltersflowpaths-9.4d.dll
d:\cybermed\daddy\dependency\sdk-vtk-9.4.2\build_msvc\bin\debug\vtkfiltersflowpaths-9.4d.pdb
d:\cybermed\daddy\dependency\sdk-vtk-9.4.2\build_msvc\lib\debug\vtkfiltersflowpaths-9.4d.exp
d:\cybermed\daddy\dependency\sdk-vtk-9.4.2\build_msvc\filters\flowpaths\filtersflowpaths.dir\debug\vtkfiltersflowpaths-9.4d.ilk
d:\cybermed\daddy\dependency\sdk-vtk-9.4.2\build_msvc\filters\flowpaths\filtersflowpaths.dir\debug\filtersflowpaths.tlog\cl.command.1.tlog
d:\cybermed\daddy\dependency\sdk-vtk-9.4.2\build_msvc\filters\flowpaths\filtersflowpaths.dir\debug\filtersflowpaths.tlog\cl.items.tlog
d:\cybermed\daddy\dependency\sdk-vtk-9.4.2\build_msvc\filters\flowpaths\filtersflowpaths.dir\debug\filtersflowpaths.tlog\cl.read.1.tlog
d:\cybermed\daddy\dependency\sdk-vtk-9.4.2\build_msvc\filters\flowpaths\filtersflowpaths.dir\debug\filtersflowpaths.tlog\cl.write.1.tlog
d:\cybermed\daddy\dependency\sdk-vtk-9.4.2\build_msvc\filters\flowpaths\filtersflowpaths.dir\debug\filtersflowpaths.tlog\custombuild.command.1.tlog
d:\cybermed\daddy\dependency\sdk-vtk-9.4.2\build_msvc\filters\flowpaths\filtersflowpaths.dir\debug\filtersflowpaths.tlog\custombuild.read.1.tlog
d:\cybermed\daddy\dependency\sdk-vtk-9.4.2\build_msvc\filters\flowpaths\filtersflowpaths.dir\debug\filtersflowpaths.tlog\custombuild.write.1.tlog
d:\cybermed\daddy\dependency\sdk-vtk-9.4.2\build_msvc\filters\flowpaths\filtersflowpaths.dir\debug\filtersflowpaths.tlog\lib-link.read.1.tlog
d:\cybermed\daddy\dependency\sdk-vtk-9.4.2\build_msvc\filters\flowpaths\filtersflowpaths.dir\debug\filtersflowpaths.tlog\lib-link.write.1.tlog
d:\cybermed\daddy\dependency\sdk-vtk-9.4.2\build_msvc\filters\flowpaths\filtersflowpaths.dir\debug\filtersflowpaths.tlog\lib.command.1.tlog
d:\cybermed\daddy\dependency\sdk-vtk-9.4.2\build_msvc\filters\flowpaths\filtersflowpaths.dir\debug\filtersflowpaths.tlog\link.command.1.tlog
d:\cybermed\daddy\dependency\sdk-vtk-9.4.2\build_msvc\filters\flowpaths\filtersflowpaths.dir\debug\filtersflowpaths.tlog\link.read.1.tlog
d:\cybermed\daddy\dependency\sdk-vtk-9.4.2\build_msvc\filters\flowpaths\filtersflowpaths.dir\debug\filtersflowpaths.tlog\link.secondary.1.tlog
d:\cybermed\daddy\dependency\sdk-vtk-9.4.2\build_msvc\filters\flowpaths\filtersflowpaths.dir\debug\filtersflowpaths.tlog\link.write.1.tlog
