d:\cybermed\daddy\dependency\sdk-vtk-9.4.2\build_msvc\imaging\hybrid\imaginghybrid.dir\release\vtkvoxelmodeller.obj
d:\cybermed\daddy\dependency\sdk-vtk-9.4.2\build_msvc\imaging\hybrid\imaginghybrid.dir\release\vtktriangulartexture.obj
d:\cybermed\daddy\dependency\sdk-vtk-9.4.2\build_msvc\imaging\hybrid\imaginghybrid.dir\release\vtksurfacereconstructionfilter.obj
d:\cybermed\daddy\dependency\sdk-vtk-9.4.2\build_msvc\imaging\hybrid\imaginghybrid.dir\release\vtkslicecubes.obj
d:\cybermed\daddy\dependency\sdk-vtk-9.4.2\build_msvc\imaging\hybrid\imaginghybrid.dir\release\vtkshepardmethod.obj
d:\cybermed\daddy\dependency\sdk-vtk-9.4.2\build_msvc\imaging\hybrid\imaginghybrid.dir\release\vtksamplefunction.obj
d:\cybermed\daddy\dependency\sdk-vtk-9.4.2\build_msvc\imaging\hybrid\imaginghybrid.dir\release\vtkpointload.obj
d:\cybermed\daddy\dependency\sdk-vtk-9.4.2\build_msvc\imaging\hybrid\imaginghybrid.dir\release\vtkimagetopoints.obj
d:\cybermed\daddy\dependency\sdk-vtk-9.4.2\build_msvc\imaging\hybrid\imaginghybrid.dir\release\vtkimagerectilinearwipe.obj
d:\cybermed\daddy\dependency\sdk-vtk-9.4.2\build_msvc\imaging\hybrid\imaginghybrid.dir\release\vtkimagecursor3d.obj
d:\cybermed\daddy\dependency\sdk-vtk-9.4.2\build_msvc\imaging\hybrid\imaginghybrid.dir\release\vtkgaussiansplatter.obj
d:\cybermed\daddy\dependency\sdk-vtk-9.4.2\build_msvc\imaging\hybrid\imaginghybrid.dir\release\vtkfastsplatter.obj
d:\cybermed\daddy\dependency\sdk-vtk-9.4.2\build_msvc\imaging\hybrid\imaginghybrid.dir\release\vtkcheckerboardsplatter.obj
d:\cybermed\daddy\dependency\sdk-vtk-9.4.2\build_msvc\imaging\hybrid\imaginghybrid.dir\release\vtkbooleantexture.obj
d:\cybermed\daddy\dependency\sdk-vtk-9.4.2\build_msvc\imaging\hybrid\cmakefiles\generate.stamp
d:\cybermed\daddy\dependency\sdk-vtk-9.4.2\build_msvc\bin\release\vtkimaginghybrid-9.4.dll
d:\cybermed\daddy\dependency\sdk-vtk-9.4.2\build_msvc\lib\release\vtkimaginghybrid-9.4.lib
d:\cybermed\daddy\dependency\sdk-vtk-9.4.2\build_msvc\lib\release\vtkimaginghybrid-9.4.exp
d:\cybermed\daddy\dependency\sdk-vtk-9.4.2\build_msvc\imaging\hybrid\imaginghybrid.dir\release\imaginghybrid.tlog\cl.command.1.tlog
d:\cybermed\daddy\dependency\sdk-vtk-9.4.2\build_msvc\imaging\hybrid\imaginghybrid.dir\release\imaginghybrid.tlog\cl.items.tlog
d:\cybermed\daddy\dependency\sdk-vtk-9.4.2\build_msvc\imaging\hybrid\imaginghybrid.dir\release\imaginghybrid.tlog\cl.read.1.tlog
d:\cybermed\daddy\dependency\sdk-vtk-9.4.2\build_msvc\imaging\hybrid\imaginghybrid.dir\release\imaginghybrid.tlog\cl.write.1.tlog
d:\cybermed\daddy\dependency\sdk-vtk-9.4.2\build_msvc\imaging\hybrid\imaginghybrid.dir\release\imaginghybrid.tlog\custombuild.command.1.tlog
d:\cybermed\daddy\dependency\sdk-vtk-9.4.2\build_msvc\imaging\hybrid\imaginghybrid.dir\release\imaginghybrid.tlog\custombuild.read.1.tlog
d:\cybermed\daddy\dependency\sdk-vtk-9.4.2\build_msvc\imaging\hybrid\imaginghybrid.dir\release\imaginghybrid.tlog\custombuild.write.1.tlog
d:\cybermed\daddy\dependency\sdk-vtk-9.4.2\build_msvc\imaging\hybrid\imaginghybrid.dir\release\imaginghybrid.tlog\link.command.1.tlog
d:\cybermed\daddy\dependency\sdk-vtk-9.4.2\build_msvc\imaging\hybrid\imaginghybrid.dir\release\imaginghybrid.tlog\link.read.1.tlog
d:\cybermed\daddy\dependency\sdk-vtk-9.4.2\build_msvc\imaging\hybrid\imaginghybrid.dir\release\imaginghybrid.tlog\link.secondary.1.tlog
d:\cybermed\daddy\dependency\sdk-vtk-9.4.2\build_msvc\imaging\hybrid\imaginghybrid.dir\release\imaginghybrid.tlog\link.write.1.tlog
