d:\cybermed\daddy\dependency\sdk-vtk-9.4.2\build_msvc\lib\debug\vtkfmt-9.4d.pdb
d:\cybermed\daddy\dependency\sdk-vtk-9.4.2\build_msvc\thirdparty\fmt\vtkfmt\fmt.dir\debug\os.obj
d:\cybermed\daddy\dependency\sdk-vtk-9.4.2\build_msvc\thirdparty\fmt\vtkfmt\fmt.dir\debug\format.obj
d:\cybermed\daddy\dependency\sdk-vtk-9.4.2\build_msvc\thirdparty\fmt\vtkfmt\fmt.dir\debug\vc143.pdb
d:\cybermed\daddy\dependency\sdk-vtk-9.4.2\build_msvc\thirdparty\fmt\vtkfmt\cmakefiles\generate.stamp
d:\cybermed\daddy\dependency\sdk-vtk-9.4.2\build_msvc\lib\debug\vtkfmt-9.4d.lib
d:\cybermed\daddy\dependency\sdk-vtk-9.4.2\build_msvc\bin\debug\vtkfmt-9.4d.dll
d:\cybermed\daddy\dependency\sdk-vtk-9.4.2\build_msvc\bin\debug\vtkfmt-9.4d.pdb
d:\cybermed\daddy\dependency\sdk-vtk-9.4.2\build_msvc\lib\debug\vtkfmt-9.4d.exp
d:\cybermed\daddy\dependency\sdk-vtk-9.4.2\build_msvc\thirdparty\fmt\vtkfmt\fmt.dir\debug\vtkfmt-9.4d.ilk
d:\cybermed\daddy\dependency\sdk-vtk-9.4.2\build_msvc\thirdparty\fmt\vtkfmt\fmt.dir\debug\fmt.tlog\cl.command.1.tlog
d:\cybermed\daddy\dependency\sdk-vtk-9.4.2\build_msvc\thirdparty\fmt\vtkfmt\fmt.dir\debug\fmt.tlog\cl.items.tlog
d:\cybermed\daddy\dependency\sdk-vtk-9.4.2\build_msvc\thirdparty\fmt\vtkfmt\fmt.dir\debug\fmt.tlog\cl.read.1.tlog
d:\cybermed\daddy\dependency\sdk-vtk-9.4.2\build_msvc\thirdparty\fmt\vtkfmt\fmt.dir\debug\fmt.tlog\cl.write.1.tlog
d:\cybermed\daddy\dependency\sdk-vtk-9.4.2\build_msvc\thirdparty\fmt\vtkfmt\fmt.dir\debug\fmt.tlog\custombuild.command.1.tlog
d:\cybermed\daddy\dependency\sdk-vtk-9.4.2\build_msvc\thirdparty\fmt\vtkfmt\fmt.dir\debug\fmt.tlog\custombuild.read.1.tlog
d:\cybermed\daddy\dependency\sdk-vtk-9.4.2\build_msvc\thirdparty\fmt\vtkfmt\fmt.dir\debug\fmt.tlog\custombuild.write.1.tlog
d:\cybermed\daddy\dependency\sdk-vtk-9.4.2\build_msvc\thirdparty\fmt\vtkfmt\fmt.dir\debug\fmt.tlog\lib-link.read.1.tlog
d:\cybermed\daddy\dependency\sdk-vtk-9.4.2\build_msvc\thirdparty\fmt\vtkfmt\fmt.dir\debug\fmt.tlog\lib-link.write.1.tlog
d:\cybermed\daddy\dependency\sdk-vtk-9.4.2\build_msvc\thirdparty\fmt\vtkfmt\fmt.dir\debug\fmt.tlog\lib.command.1.tlog
d:\cybermed\daddy\dependency\sdk-vtk-9.4.2\build_msvc\thirdparty\fmt\vtkfmt\fmt.dir\debug\fmt.tlog\link.command.1.tlog
d:\cybermed\daddy\dependency\sdk-vtk-9.4.2\build_msvc\thirdparty\fmt\vtkfmt\fmt.dir\debug\fmt.tlog\link.read.1.tlog
d:\cybermed\daddy\dependency\sdk-vtk-9.4.2\build_msvc\thirdparty\fmt\vtkfmt\fmt.dir\debug\fmt.tlog\link.secondary.1.tlog
d:\cybermed\daddy\dependency\sdk-vtk-9.4.2\build_msvc\thirdparty\fmt\vtkfmt\fmt.dir\debug\fmt.tlog\link.write.1.tlog
