d:\cybermed\daddy\dependency\sdk-vtk-9.4.2\build_msvc\lib\debug\vtkfiltersmodeling-9.4d.pdb
d:\cybermed\daddy\dependency\sdk-vtk-9.4.2\build_msvc\filters\modeling\filtersmodeling.dir\debug\vtkloopsubdivisionfilter.obj
d:\cybermed\daddy\dependency\sdk-vtk-9.4.2\build_msvc\filters\modeling\filtersmodeling.dir\debug\vtklinearsubdivisionfilter.obj
d:\cybermed\daddy\dependency\sdk-vtk-9.4.2\build_msvc\filters\modeling\filtersmodeling.dir\debug\vtklinearextrusionfilter.obj
d:\cybermed\daddy\dependency\sdk-vtk-9.4.2\build_msvc\filters\modeling\filtersmodeling.dir\debug\vtklinearcellextrusionfilter.obj
d:\cybermed\daddy\dependency\sdk-vtk-9.4.2\build_msvc\filters\modeling\filtersmodeling.dir\debug\vtkimprintfilter.obj
d:\cybermed\daddy\dependency\sdk-vtk-9.4.2\build_msvc\filters\modeling\filtersmodeling.dir\debug\vtkimagedataoutlinefilter.obj
d:\cybermed\daddy\dependency\sdk-vtk-9.4.2\build_msvc\filters\modeling\filtersmodeling.dir\debug\vtkhypertreegridoutlinefilter.obj
d:\cybermed\daddy\dependency\sdk-vtk-9.4.2\build_msvc\filters\modeling\filtersmodeling.dir\debug\vtkhausdorffdistancepointsetfilter.obj
d:\cybermed\daddy\dependency\sdk-vtk-9.4.2\build_msvc\filters\modeling\filtersmodeling.dir\debug\vtkgraphgeodesicpath.obj
d:\cybermed\daddy\dependency\sdk-vtk-9.4.2\build_msvc\filters\modeling\filtersmodeling.dir\debug\vtkgeodesicpath.obj
d:\cybermed\daddy\dependency\sdk-vtk-9.4.2\build_msvc\filters\modeling\filtersmodeling.dir\debug\vtkfittoheightmapfilter.obj
d:\cybermed\daddy\dependency\sdk-vtk-9.4.2\build_msvc\filters\modeling\filtersmodeling.dir\debug\vtkfillholesfilter.obj
d:\cybermed\daddy\dependency\sdk-vtk-9.4.2\build_msvc\filters\modeling\filtersmodeling.dir\debug\vtkdijkstraimagegeodesicpath.obj
d:\cybermed\daddy\dependency\sdk-vtk-9.4.2\build_msvc\filters\modeling\filtersmodeling.dir\debug\vtkdijkstragraphgeodesicpath.obj
d:\cybermed\daddy\dependency\sdk-vtk-9.4.2\build_msvc\filters\modeling\filtersmodeling.dir\debug\vtkcookiecutter.obj
d:\cybermed\daddy\dependency\sdk-vtk-9.4.2\build_msvc\filters\modeling\filtersmodeling.dir\debug\vtkcontourloopextraction.obj
d:\cybermed\daddy\dependency\sdk-vtk-9.4.2\build_msvc\filters\modeling\filtersmodeling.dir\debug\vtkcollisiondetectionfilter.obj
d:\cybermed\daddy\dependency\sdk-vtk-9.4.2\build_msvc\filters\modeling\filtersmodeling.dir\debug\vtkbutterflysubdivisionfilter.obj
d:\cybermed\daddy\dependency\sdk-vtk-9.4.2\build_msvc\filters\modeling\filtersmodeling.dir\debug\vtkbandedpolydatacontourfilter.obj
d:\cybermed\daddy\dependency\sdk-vtk-9.4.2\build_msvc\filters\modeling\filtersmodeling.dir\debug\vtkadaptivesubdivisionfilter.obj
d:\cybermed\daddy\dependency\sdk-vtk-9.4.2\build_msvc\filters\modeling\filtersmodeling.dir\debug\vtkvolumeofrevolutionfilter.obj
d:\cybermed\daddy\dependency\sdk-vtk-9.4.2\build_msvc\filters\modeling\filtersmodeling.dir\debug\vtktrimmedextrusionfilter.obj
d:\cybermed\daddy\dependency\sdk-vtk-9.4.2\build_msvc\filters\modeling\filtersmodeling.dir\debug\vtksubdividetetra.obj
d:\cybermed\daddy\dependency\sdk-vtk-9.4.2\build_msvc\filters\modeling\filtersmodeling.dir\debug\vtkspherepuzzlearrows.obj
d:\cybermed\daddy\dependency\sdk-vtk-9.4.2\build_msvc\filters\modeling\filtersmodeling.dir\debug\vtkspherepuzzle.obj
d:\cybermed\daddy\dependency\sdk-vtk-9.4.2\build_msvc\filters\modeling\filtersmodeling.dir\debug\vtkselectpolydata.obj
d:\cybermed\daddy\dependency\sdk-vtk-9.4.2\build_msvc\filters\modeling\filtersmodeling.dir\debug\vtkselectenclosedpoints.obj
d:\cybermed\daddy\dependency\sdk-vtk-9.4.2\build_msvc\filters\modeling\filtersmodeling.dir\debug\vtksectorsource.obj
d:\cybermed\daddy\dependency\sdk-vtk-9.4.2\build_msvc\filters\modeling\filtersmodeling.dir\debug\vtkruledsurfacefilter.obj
d:\cybermed\daddy\dependency\sdk-vtk-9.4.2\build_msvc\filters\modeling\filtersmodeling.dir\debug\vtkrotationalextrusionfilter.obj
d:\cybermed\daddy\dependency\sdk-vtk-9.4.2\build_msvc\filters\modeling\filtersmodeling.dir\debug\vtkribbonfilter.obj
d:\cybermed\daddy\dependency\sdk-vtk-9.4.2\build_msvc\filters\modeling\filtersmodeling.dir\debug\vtkquadrotationalextrusionfilter.obj
d:\cybermed\daddy\dependency\sdk-vtk-9.4.2\build_msvc\filters\modeling\filtersmodeling.dir\debug\vtkprojectedtexture.obj
d:\cybermed\daddy\dependency\sdk-vtk-9.4.2\build_msvc\filters\modeling\filtersmodeling.dir\debug\vtkpolydatapointsampler.obj
d:\cybermed\daddy\dependency\sdk-vtk-9.4.2\build_msvc\filters\modeling\filtersmodeling.dir\debug\vtkoutlinefilter.obj
d:\cybermed\daddy\dependency\sdk-vtk-9.4.2\build_msvc\filters\modeling\filtersmodeling.dir\debug\vc143.pdb
d:\cybermed\daddy\dependency\sdk-vtk-9.4.2\build_msvc\filters\modeling\cmakefiles\generate.stamp
d:\cybermed\daddy\dependency\sdk-vtk-9.4.2\build_msvc\lib\debug\vtkfiltersmodeling-9.4d.lib
d:\cybermed\daddy\dependency\sdk-vtk-9.4.2\build_msvc\bin\debug\vtkfiltersmodeling-9.4d.dll
d:\cybermed\daddy\dependency\sdk-vtk-9.4.2\build_msvc\bin\debug\vtkfiltersmodeling-9.4d.pdb
d:\cybermed\daddy\dependency\sdk-vtk-9.4.2\build_msvc\lib\debug\vtkfiltersmodeling-9.4d.exp
d:\cybermed\daddy\dependency\sdk-vtk-9.4.2\build_msvc\filters\modeling\filtersmodeling.dir\debug\vtkfiltersmodeling-9.4d.ilk
d:\cybermed\daddy\dependency\sdk-vtk-9.4.2\build_msvc\filters\modeling\filtersmodeling.dir\debug\filtersmodeling.tlog\cl.command.1.tlog
d:\cybermed\daddy\dependency\sdk-vtk-9.4.2\build_msvc\filters\modeling\filtersmodeling.dir\debug\filtersmodeling.tlog\cl.items.tlog
d:\cybermed\daddy\dependency\sdk-vtk-9.4.2\build_msvc\filters\modeling\filtersmodeling.dir\debug\filtersmodeling.tlog\cl.read.1.tlog
d:\cybermed\daddy\dependency\sdk-vtk-9.4.2\build_msvc\filters\modeling\filtersmodeling.dir\debug\filtersmodeling.tlog\cl.write.1.tlog
d:\cybermed\daddy\dependency\sdk-vtk-9.4.2\build_msvc\filters\modeling\filtersmodeling.dir\debug\filtersmodeling.tlog\custombuild.command.1.tlog
d:\cybermed\daddy\dependency\sdk-vtk-9.4.2\build_msvc\filters\modeling\filtersmodeling.dir\debug\filtersmodeling.tlog\custombuild.read.1.tlog
d:\cybermed\daddy\dependency\sdk-vtk-9.4.2\build_msvc\filters\modeling\filtersmodeling.dir\debug\filtersmodeling.tlog\custombuild.write.1.tlog
d:\cybermed\daddy\dependency\sdk-vtk-9.4.2\build_msvc\filters\modeling\filtersmodeling.dir\debug\filtersmodeling.tlog\lib-link.read.1.tlog
d:\cybermed\daddy\dependency\sdk-vtk-9.4.2\build_msvc\filters\modeling\filtersmodeling.dir\debug\filtersmodeling.tlog\lib-link.write.1.tlog
d:\cybermed\daddy\dependency\sdk-vtk-9.4.2\build_msvc\filters\modeling\filtersmodeling.dir\debug\filtersmodeling.tlog\lib.command.1.tlog
d:\cybermed\daddy\dependency\sdk-vtk-9.4.2\build_msvc\filters\modeling\filtersmodeling.dir\debug\filtersmodeling.tlog\link.command.1.tlog
d:\cybermed\daddy\dependency\sdk-vtk-9.4.2\build_msvc\filters\modeling\filtersmodeling.dir\debug\filtersmodeling.tlog\link.read.1.tlog
d:\cybermed\daddy\dependency\sdk-vtk-9.4.2\build_msvc\filters\modeling\filtersmodeling.dir\debug\filtersmodeling.tlog\link.secondary.1.tlog
d:\cybermed\daddy\dependency\sdk-vtk-9.4.2\build_msvc\filters\modeling\filtersmodeling.dir\debug\filtersmodeling.tlog\link.write.1.tlog
