d:\cybermed\daddy\dependency\sdk-vtk-9.4.2\build_msvc\filters\reduction\filtersreduction.dir\release\vtktoimplicittypeerasurestrategy.obj
d:\cybermed\daddy\dependency\sdk-vtk-9.4.2\build_msvc\filters\reduction\filtersreduction.dir\release\vtktoimplicitstrategy.obj
d:\cybermed\daddy\dependency\sdk-vtk-9.4.2\build_msvc\filters\reduction\filtersreduction.dir\release\vtktoimplicitramerdouglaspeuckerstrategy.obj
d:\cybermed\daddy\dependency\sdk-vtk-9.4.2\build_msvc\filters\reduction\filtersreduction.dir\release\vtktoimplicitarrayfilter.obj
d:\cybermed\daddy\dependency\sdk-vtk-9.4.2\build_msvc\filters\reduction\filtersreduction.dir\release\vtktoconstantarraystrategy.obj
d:\cybermed\daddy\dependency\sdk-vtk-9.4.2\build_msvc\filters\reduction\filtersreduction.dir\release\vtktoaffinearraystrategy.obj
d:\cybermed\daddy\dependency\sdk-vtk-9.4.2\build_msvc\filters\reduction\cmakefiles\generate.stamp
d:\cybermed\daddy\dependency\sdk-vtk-9.4.2\build_msvc\bin\release\vtkfiltersreduction-9.4.dll
d:\cybermed\daddy\dependency\sdk-vtk-9.4.2\build_msvc\lib\release\vtkfiltersreduction-9.4.lib
d:\cybermed\daddy\dependency\sdk-vtk-9.4.2\build_msvc\lib\release\vtkfiltersreduction-9.4.exp
d:\cybermed\daddy\dependency\sdk-vtk-9.4.2\build_msvc\filters\reduction\filtersreduction.dir\release\filtersreduction.tlog\cl.command.1.tlog
d:\cybermed\daddy\dependency\sdk-vtk-9.4.2\build_msvc\filters\reduction\filtersreduction.dir\release\filtersreduction.tlog\cl.items.tlog
d:\cybermed\daddy\dependency\sdk-vtk-9.4.2\build_msvc\filters\reduction\filtersreduction.dir\release\filtersreduction.tlog\cl.read.1.tlog
d:\cybermed\daddy\dependency\sdk-vtk-9.4.2\build_msvc\filters\reduction\filtersreduction.dir\release\filtersreduction.tlog\cl.write.1.tlog
d:\cybermed\daddy\dependency\sdk-vtk-9.4.2\build_msvc\filters\reduction\filtersreduction.dir\release\filtersreduction.tlog\custombuild.command.1.tlog
d:\cybermed\daddy\dependency\sdk-vtk-9.4.2\build_msvc\filters\reduction\filtersreduction.dir\release\filtersreduction.tlog\custombuild.read.1.tlog
d:\cybermed\daddy\dependency\sdk-vtk-9.4.2\build_msvc\filters\reduction\filtersreduction.dir\release\filtersreduction.tlog\custombuild.write.1.tlog
d:\cybermed\daddy\dependency\sdk-vtk-9.4.2\build_msvc\filters\reduction\filtersreduction.dir\release\filtersreduction.tlog\link.command.1.tlog
d:\cybermed\daddy\dependency\sdk-vtk-9.4.2\build_msvc\filters\reduction\filtersreduction.dir\release\filtersreduction.tlog\link.read.1.tlog
d:\cybermed\daddy\dependency\sdk-vtk-9.4.2\build_msvc\filters\reduction\filtersreduction.dir\release\filtersreduction.tlog\link.secondary.1.tlog
d:\cybermed\daddy\dependency\sdk-vtk-9.4.2\build_msvc\filters\reduction\filtersreduction.dir\release\filtersreduction.tlog\link.write.1.tlog
