d:\cybermed\daddy\dependency\sdk-vtk-9.4.2\build_msvc\lib\debug\vtkioensight-9.4d.pdb
d:\cybermed\daddy\dependency\sdk-vtk-9.4.2\build_msvc\io\ensight\ioensight.dir\debug\ensightdataset.obj
d:\cybermed\daddy\dependency\sdk-vtk-9.4.2\build_msvc\io\ensight\ioensight.dir\debug\ensightfile.obj
d:\cybermed\daddy\dependency\sdk-vtk-9.4.2\build_msvc\io\ensight\ioensight.dir\debug\vtkgenericensightreader.obj
d:\cybermed\daddy\dependency\sdk-vtk-9.4.2\build_msvc\io\ensight\ioensight.dir\debug\vtkensightsosgoldreader.obj
d:\cybermed\daddy\dependency\sdk-vtk-9.4.2\build_msvc\io\ensight\ioensight.dir\debug\vtkensightreader.obj
d:\cybermed\daddy\dependency\sdk-vtk-9.4.2\build_msvc\io\ensight\ioensight.dir\debug\vtkensightmasterserverreader.obj
d:\cybermed\daddy\dependency\sdk-vtk-9.4.2\build_msvc\io\ensight\ioensight.dir\debug\vtkensightgoldreader.obj
d:\cybermed\daddy\dependency\sdk-vtk-9.4.2\build_msvc\io\ensight\ioensight.dir\debug\vtkensightgoldcombinedreader.obj
d:\cybermed\daddy\dependency\sdk-vtk-9.4.2\build_msvc\io\ensight\ioensight.dir\debug\vtkensightgoldbinaryreader.obj
d:\cybermed\daddy\dependency\sdk-vtk-9.4.2\build_msvc\io\ensight\ioensight.dir\debug\vtkensight6reader.obj
d:\cybermed\daddy\dependency\sdk-vtk-9.4.2\build_msvc\io\ensight\ioensight.dir\debug\vtkensight6binaryreader.obj
d:\cybermed\daddy\dependency\sdk-vtk-9.4.2\build_msvc\io\ensight\ioensight.dir\debug\vc143.pdb
d:\cybermed\daddy\dependency\sdk-vtk-9.4.2\build_msvc\io\ensight\cmakefiles\generate.stamp
d:\cybermed\daddy\dependency\sdk-vtk-9.4.2\build_msvc\lib\debug\vtkioensight-9.4d.lib
d:\cybermed\daddy\dependency\sdk-vtk-9.4.2\build_msvc\bin\debug\vtkioensight-9.4d.dll
d:\cybermed\daddy\dependency\sdk-vtk-9.4.2\build_msvc\bin\debug\vtkioensight-9.4d.pdb
d:\cybermed\daddy\dependency\sdk-vtk-9.4.2\build_msvc\lib\debug\vtkioensight-9.4d.exp
d:\cybermed\daddy\dependency\sdk-vtk-9.4.2\build_msvc\io\ensight\ioensight.dir\debug\vtkioensight-9.4d.ilk
d:\cybermed\daddy\dependency\sdk-vtk-9.4.2\build_msvc\io\ensight\ioensight.dir\debug\ioensight.tlog\cl.command.1.tlog
d:\cybermed\daddy\dependency\sdk-vtk-9.4.2\build_msvc\io\ensight\ioensight.dir\debug\ioensight.tlog\cl.items.tlog
d:\cybermed\daddy\dependency\sdk-vtk-9.4.2\build_msvc\io\ensight\ioensight.dir\debug\ioensight.tlog\cl.read.1.tlog
d:\cybermed\daddy\dependency\sdk-vtk-9.4.2\build_msvc\io\ensight\ioensight.dir\debug\ioensight.tlog\cl.write.1.tlog
d:\cybermed\daddy\dependency\sdk-vtk-9.4.2\build_msvc\io\ensight\ioensight.dir\debug\ioensight.tlog\custombuild.command.1.tlog
d:\cybermed\daddy\dependency\sdk-vtk-9.4.2\build_msvc\io\ensight\ioensight.dir\debug\ioensight.tlog\custombuild.read.1.tlog
d:\cybermed\daddy\dependency\sdk-vtk-9.4.2\build_msvc\io\ensight\ioensight.dir\debug\ioensight.tlog\custombuild.write.1.tlog
d:\cybermed\daddy\dependency\sdk-vtk-9.4.2\build_msvc\io\ensight\ioensight.dir\debug\ioensight.tlog\lib-link.read.1.tlog
d:\cybermed\daddy\dependency\sdk-vtk-9.4.2\build_msvc\io\ensight\ioensight.dir\debug\ioensight.tlog\lib-link.write.1.tlog
d:\cybermed\daddy\dependency\sdk-vtk-9.4.2\build_msvc\io\ensight\ioensight.dir\debug\ioensight.tlog\lib.command.1.tlog
d:\cybermed\daddy\dependency\sdk-vtk-9.4.2\build_msvc\io\ensight\ioensight.dir\debug\ioensight.tlog\link.command.1.tlog
d:\cybermed\daddy\dependency\sdk-vtk-9.4.2\build_msvc\io\ensight\ioensight.dir\debug\ioensight.tlog\link.read.1.tlog
d:\cybermed\daddy\dependency\sdk-vtk-9.4.2\build_msvc\io\ensight\ioensight.dir\debug\ioensight.tlog\link.secondary.1.tlog
d:\cybermed\daddy\dependency\sdk-vtk-9.4.2\build_msvc\io\ensight\ioensight.dir\debug\ioensight.tlog\link.write.1.tlog
