d:\cybermed\daddy\dependency\sdk-vtk-9.4.2\build_msvc\lib\debug\vtkcommondatamodel-9.4d.pdb
d:\cybermed\daddy\dependency\sdk-vtk-9.4.2\build_msvc\common\datamodel\commondatamodel.dir\debug\vtkabstractpointlocator.obj
d:\cybermed\daddy\dependency\sdk-vtk-9.4.2\build_msvc\common\datamodel\commondatamodel.dir\debug\vtkabstractelectronicdata.obj
d:\cybermed\daddy\dependency\sdk-vtk-9.4.2\build_msvc\common\datamodel\commondatamodel.dir\debug\vtkabstractcelllocator.obj
d:\cybermed\daddy\dependency\sdk-vtk-9.4.2\build_msvc\common\datamodel\commondatamodel.dir\debug\vtkabstractcelllinks.obj
d:\cybermed\daddy\dependency\sdk-vtk-9.4.2\build_msvc\common\datamodel\commondatamodel.dir\debug\vtkabstractcellarray.obj
d:\cybermed\daddy\dependency\sdk-vtk-9.4.2\build_msvc\common\datamodel\commondatamodel.dir\debug\vtkamrutilities.obj
d:\cybermed\daddy\dependency\sdk-vtk-9.4.2\build_msvc\common\datamodel\commondatamodel.dir\debug\vtkamrbox.obj
d:\cybermed\daddy\dependency\sdk-vtk-9.4.2\build_msvc\common\datamodel\commondatamodel.dir\debug\vtkdataobjectimplicitbackendinstantiateunsignedshort.obj
d:\cybermed\daddy\dependency\sdk-vtk-9.4.2\build_msvc\common\datamodel\commondatamodel.dir\debug\vtkdataobjectimplicitbackendinstantiateunsignedlonglong.obj
d:\cybermed\daddy\dependency\sdk-vtk-9.4.2\build_msvc\common\datamodel\commondatamodel.dir\debug\vtkdataobjectimplicitbackendinstantiateunsignedlong.obj
d:\cybermed\daddy\dependency\sdk-vtk-9.4.2\build_msvc\common\datamodel\commondatamodel.dir\debug\vtkdataobjectimplicitbackendinstantiateunsignedint.obj
d:\cybermed\daddy\dependency\sdk-vtk-9.4.2\build_msvc\common\datamodel\commondatamodel.dir\debug\vtkdataobjectimplicitbackendinstantiateunsignedchar.obj
d:\cybermed\daddy\dependency\sdk-vtk-9.4.2\build_msvc\common\datamodel\commondatamodel.dir\debug\vtkdataobjectimplicitbackendinstantiatesignedchar.obj
d:\cybermed\daddy\dependency\sdk-vtk-9.4.2\build_msvc\common\datamodel\commondatamodel.dir\debug\vtkdataobjectimplicitbackendinstantiateshort.obj
d:\cybermed\daddy\dependency\sdk-vtk-9.4.2\build_msvc\common\datamodel\commondatamodel.dir\debug\vtkdataobjectimplicitbackendinstantiatelonglong.obj
d:\cybermed\daddy\dependency\sdk-vtk-9.4.2\build_msvc\common\datamodel\commondatamodel.dir\debug\vtkdataobjectimplicitbackendinstantiatelong.obj
d:\cybermed\daddy\dependency\sdk-vtk-9.4.2\build_msvc\common\datamodel\commondatamodel.dir\debug\vtkdataobjectimplicitbackendinstantiateint.obj
d:\cybermed\daddy\dependency\sdk-vtk-9.4.2\build_msvc\common\datamodel\commondatamodel.dir\debug\vtkdataobjectimplicitbackendinstantiatefloat.obj
d:\cybermed\daddy\dependency\sdk-vtk-9.4.2\build_msvc\common\datamodel\commondatamodel.dir\debug\vtkdataobjectimplicitbackendinstantiatedouble.obj
d:\cybermed\daddy\dependency\sdk-vtk-9.4.2\build_msvc\common\datamodel\commondatamodel.dir\debug\vtkdataobjectimplicitbackendinstantiatechar.obj
d:\cybermed\daddy\dependency\sdk-vtk-9.4.2\build_msvc\common\datamodel\commondatamodel.dir\debug\vtkbiquadraticquadraticwedge.obj
d:\cybermed\daddy\dependency\sdk-vtk-9.4.2\build_msvc\common\datamodel\commondatamodel.dir\debug\vtkbiquadraticquadratichexahedron.obj
d:\cybermed\daddy\dependency\sdk-vtk-9.4.2\build_msvc\common\datamodel\commondatamodel.dir\debug\vtkbiquadraticquad.obj
d:\cybermed\daddy\dependency\sdk-vtk-9.4.2\build_msvc\common\datamodel\commondatamodel.dir\debug\vtkbezierwedge.obj
d:\cybermed\daddy\dependency\sdk-vtk-9.4.2\build_msvc\common\datamodel\commondatamodel.dir\debug\vtkbeziertriangle.obj
d:\cybermed\daddy\dependency\sdk-vtk-9.4.2\build_msvc\common\datamodel\commondatamodel.dir\debug\vtkbeziertetra.obj
d:\cybermed\daddy\dependency\sdk-vtk-9.4.2\build_msvc\common\datamodel\commondatamodel.dir\debug\vtkbezierquadrilateral.obj
d:\cybermed\daddy\dependency\sdk-vtk-9.4.2\build_msvc\common\datamodel\commondatamodel.dir\debug\vtkbezierinterpolation.obj
d:\cybermed\daddy\dependency\sdk-vtk-9.4.2\build_msvc\common\datamodel\commondatamodel.dir\debug\vtkbezierhexahedron.obj
d:\cybermed\daddy\dependency\sdk-vtk-9.4.2\build_msvc\common\datamodel\commondatamodel.dir\debug\vtkbeziercurve.obj
d:\cybermed\daddy\dependency\sdk-vtk-9.4.2\build_msvc\common\datamodel\commondatamodel.dir\debug\vtkbspintersections.obj
d:\cybermed\daddy\dependency\sdk-vtk-9.4.2\build_msvc\common\datamodel\commondatamodel.dir\debug\vtkbspcuts.obj
d:\cybermed\daddy\dependency\sdk-vtk-9.4.2\build_msvc\common\datamodel\commondatamodel.dir\debug\vtkattributeserrormetric.obj
d:\cybermed\daddy\dependency\sdk-vtk-9.4.2\build_msvc\common\datamodel\commondatamodel.dir\debug\vtkatom.obj
d:\cybermed\daddy\dependency\sdk-vtk-9.4.2\build_msvc\common\datamodel\commondatamodel.dir\debug\vtkarraydata.obj
d:\cybermed\daddy\dependency\sdk-vtk-9.4.2\build_msvc\common\datamodel\commondatamodel.dir\debug\vtkannulus.obj
d:\cybermed\daddy\dependency\sdk-vtk-9.4.2\build_msvc\common\datamodel\commondatamodel.dir\debug\vtkannotationlayers.obj
d:\cybermed\daddy\dependency\sdk-vtk-9.4.2\build_msvc\common\datamodel\commondatamodel.dir\debug\vtkannotation.obj
d:\cybermed\daddy\dependency\sdk-vtk-9.4.2\build_msvc\common\datamodel\commondatamodel.dir\debug\vtkanimationscene.obj
d:\cybermed\daddy\dependency\sdk-vtk-9.4.2\build_msvc\common\datamodel\commondatamodel.dir\debug\vtkadjacentvertexiterator.obj
d:\cybermed\daddy\dependency\sdk-vtk-9.4.2\build_msvc\common\datamodel\commondatamodel.dir\debug\vtkcellgridsidesquery.obj
d:\cybermed\daddy\dependency\sdk-vtk-9.4.2\build_msvc\common\datamodel\commondatamodel.dir\debug\vtkcellgridsidescache.obj
d:\cybermed\daddy\dependency\sdk-vtk-9.4.2\build_msvc\common\datamodel\commondatamodel.dir\debug\vtkcellgridresponders.obj
d:\cybermed\daddy\dependency\sdk-vtk-9.4.2\build_msvc\common\datamodel\commondatamodel.dir\debug\vtkcellgridquery.obj
d:\cybermed\daddy\dependency\sdk-vtk-9.4.2\build_msvc\common\datamodel\commondatamodel.dir\debug\vtkcellgridrangequery.obj
d:\cybermed\daddy\dependency\sdk-vtk-9.4.2\build_msvc\common\datamodel\commondatamodel.dir\debug\vtkcellgridevaluator.obj
d:\cybermed\daddy\dependency\sdk-vtk-9.4.2\build_msvc\common\datamodel\commondatamodel.dir\debug\vtkcellgridcopyquery.obj
d:\cybermed\daddy\dependency\sdk-vtk-9.4.2\build_msvc\common\datamodel\commondatamodel.dir\debug\vtkcellgridboundsquery.obj
d:\cybermed\daddy\dependency\sdk-vtk-9.4.2\build_msvc\common\datamodel\commondatamodel.dir\debug\vtkcellgrid.obj
d:\cybermed\daddy\dependency\sdk-vtk-9.4.2\build_msvc\common\datamodel\commondatamodel.dir\debug\vtkcelldata.obj
d:\cybermed\daddy\dependency\sdk-vtk-9.4.2\build_msvc\common\datamodel\commondatamodel.dir\debug\vtkcellattributecalculator.obj
d:\cybermed\daddy\dependency\sdk-vtk-9.4.2\build_msvc\common\datamodel\commondatamodel.dir\debug\vtkcellattribute.obj
d:\cybermed\daddy\dependency\sdk-vtk-9.4.2\build_msvc\common\datamodel\commondatamodel.dir\debug\vtkcellarrayiterator.obj
d:\cybermed\daddy\dependency\sdk-vtk-9.4.2\build_msvc\common\datamodel\commondatamodel.dir\debug\vtkcellarray.obj
d:\cybermed\daddy\dependency\sdk-vtk-9.4.2\build_msvc\common\datamodel\commondatamodel.dir\debug\vtkcell3d.obj
d:\cybermed\daddy\dependency\sdk-vtk-9.4.2\build_msvc\common\datamodel\commondatamodel.dir\debug\vtkcell.obj
d:\cybermed\daddy\dependency\sdk-vtk-9.4.2\build_msvc\common\datamodel\commondatamodel.dir\debug\vtkbox.obj
d:\cybermed\daddy\dependency\sdk-vtk-9.4.2\build_msvc\common\datamodel\commondatamodel.dir\debug\vtkboundingbox.obj
d:\cybermed\daddy\dependency\sdk-vtk-9.4.2\build_msvc\common\datamodel\commondatamodel.dir\debug\vtkbond.obj
d:\cybermed\daddy\dependency\sdk-vtk-9.4.2\build_msvc\common\datamodel\commondatamodel.dir\debug\vtkbiquadratictriangle.obj
d:\cybermed\daddy\dependency\sdk-vtk-9.4.2\build_msvc\common\datamodel\commondatamodel.dir\debug\vtkdataobjectcollection.obj
d:\cybermed\daddy\dependency\sdk-vtk-9.4.2\build_msvc\common\datamodel\commondatamodel.dir\debug\vtkdataobject.obj
d:\cybermed\daddy\dependency\sdk-vtk-9.4.2\build_msvc\common\datamodel\commondatamodel.dir\debug\vtkdataassemblyutilities.obj
d:\cybermed\daddy\dependency\sdk-vtk-9.4.2\build_msvc\common\datamodel\commondatamodel.dir\debug\vtkdataassembly.obj
d:\cybermed\daddy\dependency\sdk-vtk-9.4.2\build_msvc\common\datamodel\commondatamodel.dir\debug\vtkcylinder.obj
d:\cybermed\daddy\dependency\sdk-vtk-9.4.2\build_msvc\common\datamodel\commondatamodel.dir\debug\vtkcubicline.obj
d:\cybermed\daddy\dependency\sdk-vtk-9.4.2\build_msvc\common\datamodel\commondatamodel.dir\debug\vtkcoordinateframe.obj
d:\cybermed\daddy\dependency\sdk-vtk-9.4.2\build_msvc\common\datamodel\commondatamodel.dir\debug\vtkconvexpointset.obj
d:\cybermed\daddy\dependency\sdk-vtk-9.4.2\build_msvc\common\datamodel\commondatamodel.dir\debug\vtkcone.obj
d:\cybermed\daddy\dependency\sdk-vtk-9.4.2\build_msvc\common\datamodel\commondatamodel.dir\debug\vtkcompositedataset.obj
d:\cybermed\daddy\dependency\sdk-vtk-9.4.2\build_msvc\common\datamodel\commondatamodel.dir\debug\vtkcompositedataiterator.obj
d:\cybermed\daddy\dependency\sdk-vtk-9.4.2\build_msvc\common\datamodel\commondatamodel.dir\debug\vtkclosestpointstrategy.obj
d:\cybermed\daddy\dependency\sdk-vtk-9.4.2\build_msvc\common\datamodel\commondatamodel.dir\debug\vtkclosestnpointsstrategy.obj
d:\cybermed\daddy\dependency\sdk-vtk-9.4.2\build_msvc\common\datamodel\commondatamodel.dir\debug\vtkcelltypes.obj
d:\cybermed\daddy\dependency\sdk-vtk-9.4.2\build_msvc\common\datamodel\commondatamodel.dir\debug\vtkcelltreelocator.obj
d:\cybermed\daddy\dependency\sdk-vtk-9.4.2\build_msvc\common\datamodel\commondatamodel.dir\debug\vtkcellmetadata.obj
d:\cybermed\daddy\dependency\sdk-vtk-9.4.2\build_msvc\common\datamodel\commondatamodel.dir\debug\vtkcelllocatorstrategy.obj
d:\cybermed\daddy\dependency\sdk-vtk-9.4.2\build_msvc\common\datamodel\commondatamodel.dir\debug\vtkcelllocator.obj
d:\cybermed\daddy\dependency\sdk-vtk-9.4.2\build_msvc\common\datamodel\commondatamodel.dir\debug\vtkcelllinks.obj
d:\cybermed\daddy\dependency\sdk-vtk-9.4.2\build_msvc\common\datamodel\commondatamodel.dir\debug\vtkcelliterator.obj
d:\cybermed\daddy\dependency\sdk-vtk-9.4.2\build_msvc\common\datamodel\commondatamodel.dir\debug\vtkgenericattribute.obj
d:\cybermed\daddy\dependency\sdk-vtk-9.4.2\build_msvc\common\datamodel\commondatamodel.dir\debug\vtkgenericadaptorcell.obj
d:\cybermed\daddy\dependency\sdk-vtk-9.4.2\build_msvc\common\datamodel\commondatamodel.dir\debug\vtkfindcellstrategy.obj
d:\cybermed\daddy\dependency\sdk-vtk-9.4.2\build_msvc\common\datamodel\commondatamodel.dir\debug\vtkfielddata.obj
d:\cybermed\daddy\dependency\sdk-vtk-9.4.2\build_msvc\common\datamodel\commondatamodel.dir\debug\vtkextractstructuredgridhelper.obj
d:\cybermed\daddy\dependency\sdk-vtk-9.4.2\build_msvc\common\datamodel\commondatamodel.dir\debug\vtkexplicitstructuredgrid.obj
d:\cybermed\daddy\dependency\sdk-vtk-9.4.2\build_msvc\common\datamodel\commondatamodel.dir\debug\vtkemptycell.obj
d:\cybermed\daddy\dependency\sdk-vtk-9.4.2\build_msvc\common\datamodel\commondatamodel.dir\debug\vtkedgetable.obj
d:\cybermed\daddy\dependency\sdk-vtk-9.4.2\build_msvc\common\datamodel\commondatamodel.dir\debug\vtkedgelistiterator.obj
d:\cybermed\daddy\dependency\sdk-vtk-9.4.2\build_msvc\common\datamodel\commondatamodel.dir\debug\vtkdistributedgraphhelper.obj
d:\cybermed\daddy\dependency\sdk-vtk-9.4.2\build_msvc\common\datamodel\commondatamodel.dir\debug\vtkdirectedgraph.obj
d:\cybermed\daddy\dependency\sdk-vtk-9.4.2\build_msvc\common\datamodel\commondatamodel.dir\debug\vtkdirectedacyclicgraph.obj
d:\cybermed\daddy\dependency\sdk-vtk-9.4.2\build_msvc\common\datamodel\commondatamodel.dir\debug\vtkdatasetcollection.obj
d:\cybermed\daddy\dependency\sdk-vtk-9.4.2\build_msvc\common\datamodel\commondatamodel.dir\debug\vtkdatasetcelliterator.obj
d:\cybermed\daddy\dependency\sdk-vtk-9.4.2\build_msvc\common\datamodel\commondatamodel.dir\debug\vtkdatasetattributesfieldlist.obj
d:\cybermed\daddy\dependency\sdk-vtk-9.4.2\build_msvc\common\datamodel\commondatamodel.dir\debug\vtkdatasetattributes.obj
d:\cybermed\daddy\dependency\sdk-vtk-9.4.2\build_msvc\common\datamodel\commondatamodel.dir\debug\vtkdataset.obj
d:\cybermed\daddy\dependency\sdk-vtk-9.4.2\build_msvc\common\datamodel\commondatamodel.dir\debug\vtkdataobjecttypes.obj
d:\cybermed\daddy\dependency\sdk-vtk-9.4.2\build_msvc\common\datamodel\commondatamodel.dir\debug\vtkdataobjecttreeiterator.obj
d:\cybermed\daddy\dependency\sdk-vtk-9.4.2\build_msvc\common\datamodel\commondatamodel.dir\debug\vtkdataobjecttree.obj
d:\cybermed\daddy\dependency\sdk-vtk-9.4.2\build_msvc\common\datamodel\commondatamodel.dir\debug\vtkhigherorderquadrilateral.obj
d:\cybermed\daddy\dependency\sdk-vtk-9.4.2\build_msvc\common\datamodel\commondatamodel.dir\debug\vtkhigherorderinterpolation.obj
d:\cybermed\daddy\dependency\sdk-vtk-9.4.2\build_msvc\common\datamodel\commondatamodel.dir\debug\vtkhigherorderhexahedron.obj
d:\cybermed\daddy\dependency\sdk-vtk-9.4.2\build_msvc\common\datamodel\commondatamodel.dir\debug\vtkhigherordercurve.obj
d:\cybermed\daddy\dependency\sdk-vtk-9.4.2\build_msvc\common\datamodel\commondatamodel.dir\debug\vtkhierarchicalboxdataset.obj
d:\cybermed\daddy\dependency\sdk-vtk-9.4.2\build_msvc\common\datamodel\commondatamodel.dir\debug\vtkhexahedron.obj
d:\cybermed\daddy\dependency\sdk-vtk-9.4.2\build_msvc\common\datamodel\commondatamodel.dir\debug\vtkhexagonalprism.obj
d:\cybermed\daddy\dependency\sdk-vtk-9.4.2\build_msvc\common\datamodel\commondatamodel.dir\debug\vtkgraphinternals.obj
d:\cybermed\daddy\dependency\sdk-vtk-9.4.2\build_msvc\common\datamodel\commondatamodel.dir\debug\vtkgraphedge.obj
d:\cybermed\daddy\dependency\sdk-vtk-9.4.2\build_msvc\common\datamodel\commondatamodel.dir\debug\vtkgraph.obj
d:\cybermed\daddy\dependency\sdk-vtk-9.4.2\build_msvc\common\datamodel\commondatamodel.dir\debug\vtkgeometricerrormetric.obj
d:\cybermed\daddy\dependency\sdk-vtk-9.4.2\build_msvc\common\datamodel\commondatamodel.dir\debug\vtkgenericsubdivisionerrormetric.obj
d:\cybermed\daddy\dependency\sdk-vtk-9.4.2\build_msvc\common\datamodel\commondatamodel.dir\debug\vtkgenericpointiterator.obj
d:\cybermed\daddy\dependency\sdk-vtk-9.4.2\build_msvc\common\datamodel\commondatamodel.dir\debug\vtkgenericinterpolatedvelocityfield.obj
d:\cybermed\daddy\dependency\sdk-vtk-9.4.2\build_msvc\common\datamodel\commondatamodel.dir\debug\vtkgenericedgetable.obj
d:\cybermed\daddy\dependency\sdk-vtk-9.4.2\build_msvc\common\datamodel\commondatamodel.dir\debug\vtkgenericdataset.obj
d:\cybermed\daddy\dependency\sdk-vtk-9.4.2\build_msvc\common\datamodel\commondatamodel.dir\debug\vtkgenericcelltessellator.obj
d:\cybermed\daddy\dependency\sdk-vtk-9.4.2\build_msvc\common\datamodel\commondatamodel.dir\debug\vtkgenericcelliterator.obj
d:\cybermed\daddy\dependency\sdk-vtk-9.4.2\build_msvc\common\datamodel\commondatamodel.dir\debug\vtkgenericcell.obj
d:\cybermed\daddy\dependency\sdk-vtk-9.4.2\build_msvc\common\datamodel\commondatamodel.dir\debug\vtkgenericattributecollection.obj
d:\cybermed\daddy\dependency\sdk-vtk-9.4.2\build_msvc\common\datamodel\commondatamodel.dir\debug\vtkhypertreegridorientedgeometrycursor.obj
d:\cybermed\daddy\dependency\sdk-vtk-9.4.2\build_msvc\common\datamodel\commondatamodel.dir\debug\vtkhypertreegridorientedcursor.obj
d:\cybermed\daddy\dependency\sdk-vtk-9.4.2\build_msvc\common\datamodel\commondatamodel.dir\debug\vtkhypertreegridnonorientedvonneumannsupercursorlight.obj
d:\cybermed\daddy\dependency\sdk-vtk-9.4.2\build_msvc\common\datamodel\commondatamodel.dir\debug\vtkhypertreegridnonorientedvonneumannsupercursor.obj
d:\cybermed\daddy\dependency\sdk-vtk-9.4.2\build_msvc\common\datamodel\commondatamodel.dir\debug\vtkhypertreegridnonorientedunlimitedsupercursor.obj
d:\cybermed\daddy\dependency\sdk-vtk-9.4.2\build_msvc\common\datamodel\commondatamodel.dir\debug\vtkhypertreegridnonorientedsupercursorlight.obj
d:\cybermed\daddy\dependency\sdk-vtk-9.4.2\build_msvc\common\datamodel\commondatamodel.dir\debug\vtkhypertreegridnonorientedsupercursor.obj
d:\cybermed\daddy\dependency\sdk-vtk-9.4.2\build_msvc\common\datamodel\commondatamodel.dir\debug\vtkhypertreegridnonorientedunlimitedmooresupercursor.obj
d:\cybermed\daddy\dependency\sdk-vtk-9.4.2\build_msvc\common\datamodel\commondatamodel.dir\debug\vtkhypertreegridnonorientedmooresupercursorlight.obj
d:\cybermed\daddy\dependency\sdk-vtk-9.4.2\build_msvc\common\datamodel\commondatamodel.dir\debug\vtkhypertreegridnonorientedmooresupercursor.obj
d:\cybermed\daddy\dependency\sdk-vtk-9.4.2\build_msvc\common\datamodel\commondatamodel.dir\debug\vtkhypertreegridnonorientedunlimitedgeometrycursor.obj
d:\cybermed\daddy\dependency\sdk-vtk-9.4.2\build_msvc\common\datamodel\commondatamodel.dir\debug\vtkhypertreegridnonorientedgeometrycursor.obj
d:\cybermed\daddy\dependency\sdk-vtk-9.4.2\build_msvc\common\datamodel\commondatamodel.dir\debug\vtkhypertreegridnonorientedcursor.obj
d:\cybermed\daddy\dependency\sdk-vtk-9.4.2\build_msvc\common\datamodel\commondatamodel.dir\debug\vtkhypertreegridgeometriclocator.obj
d:\cybermed\daddy\dependency\sdk-vtk-9.4.2\build_msvc\common\datamodel\commondatamodel.dir\debug\vtkhypertreegridlocator.obj
d:\cybermed\daddy\dependency\sdk-vtk-9.4.2\build_msvc\common\datamodel\commondatamodel.dir\debug\vtkhypertreegrid.obj
d:\cybermed\daddy\dependency\sdk-vtk-9.4.2\build_msvc\common\datamodel\commondatamodel.dir\debug\vtkhypertree.obj
d:\cybermed\daddy\dependency\sdk-vtk-9.4.2\build_msvc\common\datamodel\commondatamodel.dir\debug\vtkhigherorderwedge.obj
d:\cybermed\daddy\dependency\sdk-vtk-9.4.2\build_msvc\common\datamodel\commondatamodel.dir\debug\vtkhigherordertriangle.obj
d:\cybermed\daddy\dependency\sdk-vtk-9.4.2\build_msvc\common\datamodel\commondatamodel.dir\debug\vtkhigherordertetra.obj
d:\cybermed\daddy\dependency\sdk-vtk-9.4.2\build_msvc\common\datamodel\commondatamodel.dir\debug\vtkkdtree.obj
d:\cybermed\daddy\dependency\sdk-vtk-9.4.2\build_msvc\common\datamodel\commondatamodel.dir\debug\vtkkdnode.obj
d:\cybermed\daddy\dependency\sdk-vtk-9.4.2\build_msvc\common\datamodel\commondatamodel.dir\debug\vtkiterativeclosestpointtransform.obj
d:\cybermed\daddy\dependency\sdk-vtk-9.4.2\build_msvc\common\datamodel\commondatamodel.dir\debug\vtkinformationquadratureschemedefinitionvectorkey.obj
d:\cybermed\daddy\dependency\sdk-vtk-9.4.2\build_msvc\common\datamodel\commondatamodel.dir\debug\vtkincrementalpointlocator.obj
d:\cybermed\daddy\dependency\sdk-vtk-9.4.2\build_msvc\common\datamodel\commondatamodel.dir\debug\vtkincrementaloctreepointlocator.obj
d:\cybermed\daddy\dependency\sdk-vtk-9.4.2\build_msvc\common\datamodel\commondatamodel.dir\debug\vtkincrementaloctreenode.obj
d:\cybermed\daddy\dependency\sdk-vtk-9.4.2\build_msvc\common\datamodel\commondatamodel.dir\debug\vtkinedgeiterator.obj
d:\cybermed\daddy\dependency\sdk-vtk-9.4.2\build_msvc\common\datamodel\commondatamodel.dir\debug\vtkimplicitwindowfunction.obj
d:\cybermed\daddy\dependency\sdk-vtk-9.4.2\build_msvc\common\datamodel\commondatamodel.dir\debug\vtkimplicitvolume.obj
d:\cybermed\daddy\dependency\sdk-vtk-9.4.2\build_msvc\common\datamodel\commondatamodel.dir\debug\vtkimplicitsum.obj
d:\cybermed\daddy\dependency\sdk-vtk-9.4.2\build_msvc\common\datamodel\commondatamodel.dir\debug\vtkimplicitselectionloop.obj
d:\cybermed\daddy\dependency\sdk-vtk-9.4.2\build_msvc\common\datamodel\commondatamodel.dir\debug\vtkimplicithalo.obj
d:\cybermed\daddy\dependency\sdk-vtk-9.4.2\build_msvc\common\datamodel\commondatamodel.dir\debug\vtkimplicitfunctioncollection.obj
d:\cybermed\daddy\dependency\sdk-vtk-9.4.2\build_msvc\common\datamodel\commondatamodel.dir\debug\vtkimplicitfunction.obj
d:\cybermed\daddy\dependency\sdk-vtk-9.4.2\build_msvc\common\datamodel\commondatamodel.dir\debug\vtkimplicitdataset.obj
d:\cybermed\daddy\dependency\sdk-vtk-9.4.2\build_msvc\common\datamodel\commondatamodel.dir\debug\vtkimplicitboolean.obj
d:\cybermed\daddy\dependency\sdk-vtk-9.4.2\build_msvc\common\datamodel\commondatamodel.dir\debug\vtkimagetransform.obj
d:\cybermed\daddy\dependency\sdk-vtk-9.4.2\build_msvc\common\datamodel\commondatamodel.dir\debug\vtkimageiterator.obj
d:\cybermed\daddy\dependency\sdk-vtk-9.4.2\build_msvc\common\datamodel\commondatamodel.dir\debug\vtkimagedata.obj
d:\cybermed\daddy\dependency\sdk-vtk-9.4.2\build_msvc\common\datamodel\commondatamodel.dir\debug\vtkmutableundirectedgraph.obj
d:\cybermed\daddy\dependency\sdk-vtk-9.4.2\build_msvc\common\datamodel\commondatamodel.dir\debug\vtkmutabledirectedgraph.obj
d:\cybermed\daddy\dependency\sdk-vtk-9.4.2\build_msvc\common\datamodel\commondatamodel.dir\debug\vtkmultipiecedataset.obj
d:\cybermed\daddy\dependency\sdk-vtk-9.4.2\build_msvc\common\datamodel\commondatamodel.dir\debug\vtkmultiblockdataset.obj
d:\cybermed\daddy\dependency\sdk-vtk-9.4.2\build_msvc\common\datamodel\commondatamodel.dir\debug\vtkmolecule.obj
d:\cybermed\daddy\dependency\sdk-vtk-9.4.2\build_msvc\common\datamodel\commondatamodel.dir\debug\vtkmergepoints.obj
d:\cybermed\daddy\dependency\sdk-vtk-9.4.2\build_msvc\common\datamodel\commondatamodel.dir\debug\vtkmeanvaluecoordinatesinterpolator.obj
d:\cybermed\daddy\dependency\sdk-vtk-9.4.2\build_msvc\common\datamodel\commondatamodel.dir\debug\vtkmarchingsquareslinecases.obj
d:\cybermed\daddy\dependency\sdk-vtk-9.4.2\build_msvc\common\datamodel\commondatamodel.dir\debug\vtkmarchingcubespolygoncases.obj
d:\cybermed\daddy\dependency\sdk-vtk-9.4.2\build_msvc\common\datamodel\commondatamodel.dir\debug\vtkmarchingcubestrianglecases.obj
d:\cybermed\daddy\dependency\sdk-vtk-9.4.2\build_msvc\common\datamodel\commondatamodel.dir\debug\vtklocator.obj
d:\cybermed\daddy\dependency\sdk-vtk-9.4.2\build_msvc\common\datamodel\commondatamodel.dir\debug\vtkline.obj
d:\cybermed\daddy\dependency\sdk-vtk-9.4.2\build_msvc\common\datamodel\commondatamodel.dir\debug\vtklagrangewedge.obj
d:\cybermed\daddy\dependency\sdk-vtk-9.4.2\build_msvc\common\datamodel\commondatamodel.dir\debug\vtklagrangetriangle.obj
d:\cybermed\daddy\dependency\sdk-vtk-9.4.2\build_msvc\common\datamodel\commondatamodel.dir\debug\vtklagrangetetra.obj
d:\cybermed\daddy\dependency\sdk-vtk-9.4.2\build_msvc\common\datamodel\commondatamodel.dir\debug\vtklagrangequadrilateral.obj
d:\cybermed\daddy\dependency\sdk-vtk-9.4.2\build_msvc\common\datamodel\commondatamodel.dir\debug\vtklagrangeinterpolation.obj
d:\cybermed\daddy\dependency\sdk-vtk-9.4.2\build_msvc\common\datamodel\commondatamodel.dir\debug\vtklagrangehexahedron.obj
d:\cybermed\daddy\dependency\sdk-vtk-9.4.2\build_msvc\common\datamodel\commondatamodel.dir\debug\vtklagrangecurve.obj
d:\cybermed\daddy\dependency\sdk-vtk-9.4.2\build_msvc\common\datamodel\commondatamodel.dir\debug\vtkkdtreepointlocator.obj
d:\cybermed\daddy\dependency\sdk-vtk-9.4.2\build_msvc\common\datamodel\commondatamodel.dir\debug\vtkpointdata.obj
d:\cybermed\daddy\dependency\sdk-vtk-9.4.2\build_msvc\common\datamodel\commondatamodel.dir\debug\vtkplanesintersection.obj
d:\cybermed\daddy\dependency\sdk-vtk-9.4.2\build_msvc\common\datamodel\commondatamodel.dir\debug\vtkplanes.obj
d:\cybermed\daddy\dependency\sdk-vtk-9.4.2\build_msvc\common\datamodel\commondatamodel.dir\debug\vtkplanecollection.obj
d:\cybermed\daddy\dependency\sdk-vtk-9.4.2\build_msvc\common\datamodel\commondatamodel.dir\debug\vtkplane.obj
d:\cybermed\daddy\dependency\sdk-vtk-9.4.2\build_msvc\common\datamodel\commondatamodel.dir\debug\vtkpixeltransfer.obj
d:\cybermed\daddy\dependency\sdk-vtk-9.4.2\build_msvc\common\datamodel\commondatamodel.dir\debug\vtkpixelextent.obj
d:\cybermed\daddy\dependency\sdk-vtk-9.4.2\build_msvc\common\datamodel\commondatamodel.dir\debug\vtkpixel.obj
d:\cybermed\daddy\dependency\sdk-vtk-9.4.2\build_msvc\common\datamodel\commondatamodel.dir\debug\vtkpiecewisefunction.obj
d:\cybermed\daddy\dependency\sdk-vtk-9.4.2\build_msvc\common\datamodel\commondatamodel.dir\debug\vtkperlinnoise.obj
d:\cybermed\daddy\dependency\sdk-vtk-9.4.2\build_msvc\common\datamodel\commondatamodel.dir\debug\vtkpentagonalprism.obj
d:\cybermed\daddy\dependency\sdk-vtk-9.4.2\build_msvc\common\datamodel\commondatamodel.dir\debug\vtkpath.obj
d:\cybermed\daddy\dependency\sdk-vtk-9.4.2\build_msvc\common\datamodel\commondatamodel.dir\debug\vtkpartitioneddatasetcollection.obj
d:\cybermed\daddy\dependency\sdk-vtk-9.4.2\build_msvc\common\datamodel\commondatamodel.dir\debug\vtkpartitioneddataset.obj
d:\cybermed\daddy\dependency\sdk-vtk-9.4.2\build_msvc\common\datamodel\commondatamodel.dir\debug\vtkoutedgeiterator.obj
d:\cybermed\daddy\dependency\sdk-vtk-9.4.2\build_msvc\common\datamodel\commondatamodel.dir\debug\vtkorderedtriangulator.obj
d:\cybermed\daddy\dependency\sdk-vtk-9.4.2\build_msvc\common\datamodel\commondatamodel.dir\debug\vtkoctreepointlocatornode.obj
d:\cybermed\daddy\dependency\sdk-vtk-9.4.2\build_msvc\common\datamodel\commondatamodel.dir\debug\vtkoctreepointlocator.obj
d:\cybermed\daddy\dependency\sdk-vtk-9.4.2\build_msvc\common\datamodel\commondatamodel.dir\debug\vtknonmergingpointlocator.obj
d:\cybermed\daddy\dependency\sdk-vtk-9.4.2\build_msvc\common\datamodel\commondatamodel.dir\debug\vtknonlinearcell.obj
d:\cybermed\daddy\dependency\sdk-vtk-9.4.2\build_msvc\common\datamodel\commondatamodel.dir\debug\vtkquadraticpyramid.obj
d:\cybermed\daddy\dependency\sdk-vtk-9.4.2\build_msvc\common\datamodel\commondatamodel.dir\debug\vtkquadraticpolygon.obj
d:\cybermed\daddy\dependency\sdk-vtk-9.4.2\build_msvc\common\datamodel\commondatamodel.dir\debug\vtkquadraticlinearwedge.obj
d:\cybermed\daddy\dependency\sdk-vtk-9.4.2\build_msvc\common\datamodel\commondatamodel.dir\debug\vtkquadraticlinearquad.obj
d:\cybermed\daddy\dependency\sdk-vtk-9.4.2\build_msvc\common\datamodel\commondatamodel.dir\debug\vtkquadratichexahedron.obj
d:\cybermed\daddy\dependency\sdk-vtk-9.4.2\build_msvc\common\datamodel\commondatamodel.dir\debug\vtkquadraticedge.obj
d:\cybermed\daddy\dependency\sdk-vtk-9.4.2\build_msvc\common\datamodel\commondatamodel.dir\debug\vtkquad.obj
d:\cybermed\daddy\dependency\sdk-vtk-9.4.2\build_msvc\common\datamodel\commondatamodel.dir\debug\vtkpyramid.obj
d:\cybermed\daddy\dependency\sdk-vtk-9.4.2\build_msvc\common\datamodel\commondatamodel.dir\debug\vtkpolyhedronutilities.obj
d:\cybermed\daddy\dependency\sdk-vtk-9.4.2\build_msvc\common\datamodel\commondatamodel.dir\debug\vtkpolyhedron.obj
d:\cybermed\daddy\dependency\sdk-vtk-9.4.2\build_msvc\common\datamodel\commondatamodel.dir\debug\vtkpolygon.obj
d:\cybermed\daddy\dependency\sdk-vtk-9.4.2\build_msvc\common\datamodel\commondatamodel.dir\debug\vtkpolyvertex.obj
d:\cybermed\daddy\dependency\sdk-vtk-9.4.2\build_msvc\common\datamodel\commondatamodel.dir\debug\vtkpolyplane.obj
d:\cybermed\daddy\dependency\sdk-vtk-9.4.2\build_msvc\common\datamodel\commondatamodel.dir\debug\vtkpolyline.obj
d:\cybermed\daddy\dependency\sdk-vtk-9.4.2\build_msvc\common\datamodel\commondatamodel.dir\debug\vtkpolydatacollection.obj
d:\cybermed\daddy\dependency\sdk-vtk-9.4.2\build_msvc\common\datamodel\commondatamodel.dir\debug\vtkpolydata.obj
d:\cybermed\daddy\dependency\sdk-vtk-9.4.2\build_msvc\common\datamodel\commondatamodel.dir\debug\vtkpointsprojectedhull.obj
d:\cybermed\daddy\dependency\sdk-vtk-9.4.2\build_msvc\common\datamodel\commondatamodel.dir\debug\vtkpointsetcelliterator.obj
d:\cybermed\daddy\dependency\sdk-vtk-9.4.2\build_msvc\common\datamodel\commondatamodel.dir\debug\vtkpointset.obj
d:\cybermed\daddy\dependency\sdk-vtk-9.4.2\build_msvc\common\datamodel\commondatamodel.dir\debug\vtkpointlocator.obj
d:\cybermed\daddy\dependency\sdk-vtk-9.4.2\build_msvc\common\datamodel\commondatamodel.dir\debug\vtkstaticcelllocator.obj
d:\cybermed\daddy\dependency\sdk-vtk-9.4.2\build_msvc\common\datamodel\commondatamodel.dir\debug\vtkstaticcelllinks.obj
d:\cybermed\daddy\dependency\sdk-vtk-9.4.2\build_msvc\common\datamodel\commondatamodel.dir\debug\vtkspline.obj
d:\cybermed\daddy\dependency\sdk-vtk-9.4.2\build_msvc\common\datamodel\commondatamodel.dir\debug\vtksphericalpointiterator.obj
d:\cybermed\daddy\dependency\sdk-vtk-9.4.2\build_msvc\common\datamodel\commondatamodel.dir\debug\vtkspheres.obj
d:\cybermed\daddy\dependency\sdk-vtk-9.4.2\build_msvc\common\datamodel\commondatamodel.dir\debug\vtksphere.obj
d:\cybermed\daddy\dependency\sdk-vtk-9.4.2\build_msvc\common\datamodel\commondatamodel.dir\debug\vtksortfielddata.obj
d:\cybermed\daddy\dependency\sdk-vtk-9.4.2\build_msvc\common\datamodel\commondatamodel.dir\debug\vtksmootherrormetric.obj
d:\cybermed\daddy\dependency\sdk-vtk-9.4.2\build_msvc\common\datamodel\commondatamodel.dir\debug\vtksimplecelltessellator.obj
d:\cybermed\daddy\dependency\sdk-vtk-9.4.2\build_msvc\common\datamodel\commondatamodel.dir\debug\vtkselectionnode.obj
d:\cybermed\daddy\dependency\sdk-vtk-9.4.2\build_msvc\common\datamodel\commondatamodel.dir\debug\vtkselection.obj
d:\cybermed\daddy\dependency\sdk-vtk-9.4.2\build_msvc\common\datamodel\commondatamodel.dir\debug\vtkreebgraphsimplificationmetric.obj
d:\cybermed\daddy\dependency\sdk-vtk-9.4.2\build_msvc\common\datamodel\commondatamodel.dir\debug\vtkreebgraph.obj
d:\cybermed\daddy\dependency\sdk-vtk-9.4.2\build_msvc\common\datamodel\commondatamodel.dir\debug\vtkrectilineargrid.obj
d:\cybermed\daddy\dependency\sdk-vtk-9.4.2\build_msvc\common\datamodel\commondatamodel.dir\debug\vtkquadric.obj
d:\cybermed\daddy\dependency\sdk-vtk-9.4.2\build_msvc\common\datamodel\commondatamodel.dir\debug\vtkquadratureschemedefinition.obj
d:\cybermed\daddy\dependency\sdk-vtk-9.4.2\build_msvc\common\datamodel\commondatamodel.dir\debug\vtkquadraticwedge.obj
d:\cybermed\daddy\dependency\sdk-vtk-9.4.2\build_msvc\common\datamodel\commondatamodel.dir\debug\vtkquadratictriangle.obj
d:\cybermed\daddy\dependency\sdk-vtk-9.4.2\build_msvc\common\datamodel\commondatamodel.dir\debug\vtkquadratictetra.obj
d:\cybermed\daddy\dependency\sdk-vtk-9.4.2\build_msvc\common\datamodel\commondatamodel.dir\debug\vtkquadraticquad.obj
d:\cybermed\daddy\dependency\sdk-vtk-9.4.2\build_msvc\common\datamodel\commondatamodel.dir\debug\vtkundirectedgraph.obj
d:\cybermed\daddy\dependency\sdk-vtk-9.4.2\build_msvc\common\datamodel\commondatamodel.dir\debug\vtktrianglestrip.obj
d:\cybermed\daddy\dependency\sdk-vtk-9.4.2\build_msvc\common\datamodel\commondatamodel.dir\debug\vtktriangle.obj
d:\cybermed\daddy\dependency\sdk-vtk-9.4.2\build_msvc\common\datamodel\commondatamodel.dir\debug\vtktriquadraticpyramid.obj
d:\cybermed\daddy\dependency\sdk-vtk-9.4.2\build_msvc\common\datamodel\commondatamodel.dir\debug\vtktriquadratichexahedron.obj
d:\cybermed\daddy\dependency\sdk-vtk-9.4.2\build_msvc\common\datamodel\commondatamodel.dir\debug\vtktreeiterator.obj
d:\cybermed\daddy\dependency\sdk-vtk-9.4.2\build_msvc\common\datamodel\commondatamodel.dir\debug\vtktreedfsiterator.obj
d:\cybermed\daddy\dependency\sdk-vtk-9.4.2\build_msvc\common\datamodel\commondatamodel.dir\debug\vtktreebfsiterator.obj
d:\cybermed\daddy\dependency\sdk-vtk-9.4.2\build_msvc\common\datamodel\commondatamodel.dir\debug\vtktree.obj
d:\cybermed\daddy\dependency\sdk-vtk-9.4.2\build_msvc\common\datamodel\commondatamodel.dir\debug\vtktetra.obj
d:\cybermed\daddy\dependency\sdk-vtk-9.4.2\build_msvc\common\datamodel\commondatamodel.dir\debug\vtktable.obj
d:\cybermed\daddy\dependency\sdk-vtk-9.4.2\build_msvc\common\datamodel\commondatamodel.dir\debug\vtksuperquadric.obj
d:\cybermed\daddy\dependency\sdk-vtk-9.4.2\build_msvc\common\datamodel\commondatamodel.dir\debug\vtkstructuredpointscollection.obj
d:\cybermed\daddy\dependency\sdk-vtk-9.4.2\build_msvc\common\datamodel\commondatamodel.dir\debug\vtkstructuredpoints.obj
d:\cybermed\daddy\dependency\sdk-vtk-9.4.2\build_msvc\common\datamodel\commondatamodel.dir\debug\vtkstructuredgrid.obj
d:\cybermed\daddy\dependency\sdk-vtk-9.4.2\build_msvc\common\datamodel\commondatamodel.dir\debug\vtkstructuredextent.obj
d:\cybermed\daddy\dependency\sdk-vtk-9.4.2\build_msvc\common\datamodel\commondatamodel.dir\debug\vtkstructureddata.obj
d:\cybermed\daddy\dependency\sdk-vtk-9.4.2\build_msvc\common\datamodel\commondatamodel.dir\debug\vtkstructuredcellarray.obj
d:\cybermed\daddy\dependency\sdk-vtk-9.4.2\build_msvc\common\datamodel\commondatamodel.dir\debug\vtkstaticpointlocator2d.obj
d:\cybermed\daddy\dependency\sdk-vtk-9.4.2\build_msvc\common\datamodel\commondatamodel.dir\debug\vtkstaticpointlocator.obj
d:\cybermed\daddy\dependency\sdk-vtk-9.4.2\build_msvc\common\datamodel\commondatamodel.dir\debug\vtkhypertreegridgeometrylevelentry.obj
d:\cybermed\daddy\dependency\sdk-vtk-9.4.2\build_msvc\common\datamodel\commondatamodel.dir\debug\vtkhypertreegridgeometryunlimitedentry.obj
d:\cybermed\daddy\dependency\sdk-vtk-9.4.2\build_msvc\common\datamodel\commondatamodel.dir\debug\vtkhypertreegridgeometryentry.obj
d:\cybermed\daddy\dependency\sdk-vtk-9.4.2\build_msvc\common\datamodel\commondatamodel.dir\debug\vtkhypertreegridentry.obj
d:\cybermed\daddy\dependency\sdk-vtk-9.4.2\build_msvc\common\datamodel\commondatamodel.dir\debug\vtkuniformgridamrdataiterator.obj
d:\cybermed\daddy\dependency\sdk-vtk-9.4.2\build_msvc\common\datamodel\commondatamodel.dir\debug\vtkuniformgridamr.obj
d:\cybermed\daddy\dependency\sdk-vtk-9.4.2\build_msvc\common\datamodel\commondatamodel.dir\debug\vtkoverlappingamr.obj
d:\cybermed\daddy\dependency\sdk-vtk-9.4.2\build_msvc\common\datamodel\commondatamodel.dir\debug\vtknonoverlappingamr.obj
d:\cybermed\daddy\dependency\sdk-vtk-9.4.2\build_msvc\common\datamodel\commondatamodel.dir\debug\vtkamrinformation.obj
d:\cybermed\daddy\dependency\sdk-vtk-9.4.2\build_msvc\common\datamodel\commondatamodel.dir\debug\vtkamrdatainternals.obj
d:\cybermed\daddy\dependency\sdk-vtk-9.4.2\build_msvc\common\datamodel\commondatamodel.dir\debug\vtkxmldataelement.obj
d:\cybermed\daddy\dependency\sdk-vtk-9.4.2\build_msvc\common\datamodel\commondatamodel.dir\debug\vtkwedge.obj
d:\cybermed\daddy\dependency\sdk-vtk-9.4.2\build_msvc\common\datamodel\commondatamodel.dir\debug\vtkvoxel.obj
d:\cybermed\daddy\dependency\sdk-vtk-9.4.2\build_msvc\common\datamodel\commondatamodel.dir\debug\vtkvertexlistiterator.obj
d:\cybermed\daddy\dependency\sdk-vtk-9.4.2\build_msvc\common\datamodel\commondatamodel.dir\debug\vtkvertex.obj
d:\cybermed\daddy\dependency\sdk-vtk-9.4.2\build_msvc\common\datamodel\commondatamodel.dir\debug\vtkunstructuredgridcelliterator.obj
d:\cybermed\daddy\dependency\sdk-vtk-9.4.2\build_msvc\common\datamodel\commondatamodel.dir\debug\vtkunstructuredgridbase.obj
d:\cybermed\daddy\dependency\sdk-vtk-9.4.2\build_msvc\common\datamodel\commondatamodel.dir\debug\vtkunstructuredgrid.obj
d:\cybermed\daddy\dependency\sdk-vtk-9.4.2\build_msvc\common\datamodel\commondatamodel.dir\debug\vtkuniformhypertreegrid.obj
d:\cybermed\daddy\dependency\sdk-vtk-9.4.2\build_msvc\common\datamodel\commondatamodel.dir\debug\vtkuniformgrid.obj
d:\cybermed\daddy\dependency\sdk-vtk-9.4.2\build_msvc\common\datamodel\commondatamodel.dir\debug\vtkhypertreegridlevelentry.obj
d:\cybermed\daddy\dependency\sdk-vtk-9.4.2\build_msvc\common\datamodel\commondatamodel.dir\debug\vtkhypertreegridgeometryunlimitedlevelentry.obj
d:\cybermed\daddy\dependency\sdk-vtk-9.4.2\build_msvc\common\datamodel\commondatamodel.dir\debug\vc143.pdb
d:\cybermed\daddy\dependency\sdk-vtk-9.4.2\build_msvc\common\datamodel\cmakefiles\generate.stamp
d:\cybermed\daddy\dependency\sdk-vtk-9.4.2\build_msvc\lib\debug\vtkcommondatamodel-9.4d.lib
d:\cybermed\daddy\dependency\sdk-vtk-9.4.2\build_msvc\bin\debug\vtkcommondatamodel-9.4d.dll
d:\cybermed\daddy\dependency\sdk-vtk-9.4.2\build_msvc\bin\debug\vtkcommondatamodel-9.4d.pdb
d:\cybermed\daddy\dependency\sdk-vtk-9.4.2\build_msvc\lib\debug\vtkcommondatamodel-9.4d.exp
d:\cybermed\daddy\dependency\sdk-vtk-9.4.2\build_msvc\common\datamodel\commondatamodel.dir\debug\vtkcommondatamodel-9.4d.ilk
d:\cybermed\daddy\dependency\sdk-vtk-9.4.2\build_msvc\common\datamodel\commondatamodel.dir\debug\commondatamodel.tlog\cl.command.1.tlog
d:\cybermed\daddy\dependency\sdk-vtk-9.4.2\build_msvc\common\datamodel\commondatamodel.dir\debug\commondatamodel.tlog\cl.items.tlog
d:\cybermed\daddy\dependency\sdk-vtk-9.4.2\build_msvc\common\datamodel\commondatamodel.dir\debug\commondatamodel.tlog\cl.read.1.tlog
d:\cybermed\daddy\dependency\sdk-vtk-9.4.2\build_msvc\common\datamodel\commondatamodel.dir\debug\commondatamodel.tlog\cl.write.1.tlog
d:\cybermed\daddy\dependency\sdk-vtk-9.4.2\build_msvc\common\datamodel\commondatamodel.dir\debug\commondatamodel.tlog\custombuild.command.1.tlog
d:\cybermed\daddy\dependency\sdk-vtk-9.4.2\build_msvc\common\datamodel\commondatamodel.dir\debug\commondatamodel.tlog\custombuild.read.1.tlog
d:\cybermed\daddy\dependency\sdk-vtk-9.4.2\build_msvc\common\datamodel\commondatamodel.dir\debug\commondatamodel.tlog\custombuild.write.1.tlog
d:\cybermed\daddy\dependency\sdk-vtk-9.4.2\build_msvc\common\datamodel\commondatamodel.dir\debug\commondatamodel.tlog\lib-link.read.1.tlog
d:\cybermed\daddy\dependency\sdk-vtk-9.4.2\build_msvc\common\datamodel\commondatamodel.dir\debug\commondatamodel.tlog\lib-link.write.1.tlog
d:\cybermed\daddy\dependency\sdk-vtk-9.4.2\build_msvc\common\datamodel\commondatamodel.dir\debug\commondatamodel.tlog\lib.command.1.tlog
d:\cybermed\daddy\dependency\sdk-vtk-9.4.2\build_msvc\common\datamodel\commondatamodel.dir\debug\commondatamodel.tlog\link.command.1.tlog
d:\cybermed\daddy\dependency\sdk-vtk-9.4.2\build_msvc\common\datamodel\commondatamodel.dir\debug\commondatamodel.tlog\link.read.1.tlog
d:\cybermed\daddy\dependency\sdk-vtk-9.4.2\build_msvc\common\datamodel\commondatamodel.dir\debug\commondatamodel.tlog\link.secondary.1.tlog
d:\cybermed\daddy\dependency\sdk-vtk-9.4.2\build_msvc\common\datamodel\commondatamodel.dir\debug\commondatamodel.tlog\link.write.1.tlog
