d:\cybermed\daddy\dependency\sdk-vtk-9.4.2\build_msvc\rendering\scenegraph\renderingscenegraph.dir\release\vtkwindownode.obj
d:\cybermed\daddy\dependency\sdk-vtk-9.4.2\build_msvc\rendering\scenegraph\renderingscenegraph.dir\release\vtkvolumenode.obj
d:\cybermed\daddy\dependency\sdk-vtk-9.4.2\build_msvc\rendering\scenegraph\renderingscenegraph.dir\release\vtkvolumemappernode.obj
d:\cybermed\daddy\dependency\sdk-vtk-9.4.2\build_msvc\rendering\scenegraph\renderingscenegraph.dir\release\vtkviewnodefactory.obj
d:\cybermed\daddy\dependency\sdk-vtk-9.4.2\build_msvc\rendering\scenegraph\renderingscenegraph.dir\release\vtkviewnode.obj
d:\cybermed\daddy\dependency\sdk-vtk-9.4.2\build_msvc\rendering\scenegraph\renderingscenegraph.dir\release\vtkrenderernode.obj
d:\cybermed\daddy\dependency\sdk-vtk-9.4.2\build_msvc\rendering\scenegraph\renderingscenegraph.dir\release\vtkpolydatamappernode.obj
d:\cybermed\daddy\dependency\sdk-vtk-9.4.2\build_msvc\rendering\scenegraph\renderingscenegraph.dir\release\vtkmappernode.obj
d:\cybermed\daddy\dependency\sdk-vtk-9.4.2\build_msvc\rendering\scenegraph\renderingscenegraph.dir\release\vtklightnode.obj
d:\cybermed\daddy\dependency\sdk-vtk-9.4.2\build_msvc\rendering\scenegraph\renderingscenegraph.dir\release\vtkcameranode.obj
d:\cybermed\daddy\dependency\sdk-vtk-9.4.2\build_msvc\rendering\scenegraph\renderingscenegraph.dir\release\vtkactornode.obj
d:\cybermed\daddy\dependency\sdk-vtk-9.4.2\build_msvc\rendering\scenegraph\cmakefiles\generate.stamp
d:\cybermed\daddy\dependency\sdk-vtk-9.4.2\build_msvc\bin\release\vtkrenderingscenegraph-9.4.dll
d:\cybermed\daddy\dependency\sdk-vtk-9.4.2\build_msvc\lib\release\vtkrenderingscenegraph-9.4.lib
d:\cybermed\daddy\dependency\sdk-vtk-9.4.2\build_msvc\lib\release\vtkrenderingscenegraph-9.4.exp
d:\cybermed\daddy\dependency\sdk-vtk-9.4.2\build_msvc\rendering\scenegraph\renderingscenegraph.dir\release\renderin.a24f3e82.tlog\cl.command.1.tlog
d:\cybermed\daddy\dependency\sdk-vtk-9.4.2\build_msvc\rendering\scenegraph\renderingscenegraph.dir\release\renderin.a24f3e82.tlog\cl.items.tlog
d:\cybermed\daddy\dependency\sdk-vtk-9.4.2\build_msvc\rendering\scenegraph\renderingscenegraph.dir\release\renderin.a24f3e82.tlog\cl.read.1.tlog
d:\cybermed\daddy\dependency\sdk-vtk-9.4.2\build_msvc\rendering\scenegraph\renderingscenegraph.dir\release\renderin.a24f3e82.tlog\cl.write.1.tlog
d:\cybermed\daddy\dependency\sdk-vtk-9.4.2\build_msvc\rendering\scenegraph\renderingscenegraph.dir\release\renderin.a24f3e82.tlog\custombuild.command.1.tlog
d:\cybermed\daddy\dependency\sdk-vtk-9.4.2\build_msvc\rendering\scenegraph\renderingscenegraph.dir\release\renderin.a24f3e82.tlog\custombuild.read.1.tlog
d:\cybermed\daddy\dependency\sdk-vtk-9.4.2\build_msvc\rendering\scenegraph\renderingscenegraph.dir\release\renderin.a24f3e82.tlog\custombuild.write.1.tlog
d:\cybermed\daddy\dependency\sdk-vtk-9.4.2\build_msvc\rendering\scenegraph\renderingscenegraph.dir\release\renderin.a24f3e82.tlog\link.command.1.tlog
d:\cybermed\daddy\dependency\sdk-vtk-9.4.2\build_msvc\rendering\scenegraph\renderingscenegraph.dir\release\renderin.a24f3e82.tlog\link.read.1.tlog
d:\cybermed\daddy\dependency\sdk-vtk-9.4.2\build_msvc\rendering\scenegraph\renderingscenegraph.dir\release\renderin.a24f3e82.tlog\link.secondary.1.tlog
d:\cybermed\daddy\dependency\sdk-vtk-9.4.2\build_msvc\rendering\scenegraph\renderingscenegraph.dir\release\renderin.a24f3e82.tlog\link.write.1.tlog
