d:\cybermed\daddy\dependency\sdk-vtk-9.4.2\build_msvc\lib\debug\vtkrenderingvolume-9.4d.pdb
d:\cybermed\daddy\dependency\sdk-vtk-9.4.2\build_msvc\rendering\volume\renderingvolume.dir\debug\vtksphericaldirectionencoder.obj
d:\cybermed\daddy\dependency\sdk-vtk-9.4.2\build_msvc\rendering\volume\renderingvolume.dir\debug\vtkrecursivespheredirectionencoder.obj
d:\cybermed\daddy\dependency\sdk-vtk-9.4.2\build_msvc\rendering\volume\renderingvolume.dir\debug\vtkraycastimagedisplayhelper.obj
d:\cybermed\daddy\dependency\sdk-vtk-9.4.2\build_msvc\rendering\volume\renderingvolume.dir\debug\vtkprojectedtetrahedramapper.obj
d:\cybermed\daddy\dependency\sdk-vtk-9.4.2\build_msvc\rendering\volume\renderingvolume.dir\debug\vtkanarivolumeinterface.obj
d:\cybermed\daddy\dependency\sdk-vtk-9.4.2\build_msvc\rendering\volume\renderingvolume.dir\debug\vtkosprayvolumeinterface.obj
d:\cybermed\daddy\dependency\sdk-vtk-9.4.2\build_msvc\rendering\volume\renderingvolume.dir\debug\vtkmultivolume.obj
d:\cybermed\daddy\dependency\sdk-vtk-9.4.2\build_msvc\rendering\volume\renderingvolume.dir\debug\vtkgpuvolumeraycastmapper.obj
d:\cybermed\daddy\dependency\sdk-vtk-9.4.2\build_msvc\rendering\volume\renderingvolume.dir\debug\vtkfixedpointvolumeraycastmiphelper.obj
d:\cybermed\daddy\dependency\sdk-vtk-9.4.2\build_msvc\rendering\volume\renderingvolume.dir\debug\vtkfixedpointvolumeraycastmapper.obj
d:\cybermed\daddy\dependency\sdk-vtk-9.4.2\build_msvc\rendering\volume\renderingvolume.dir\debug\vtkfixedpointvolumeraycasthelper.obj
d:\cybermed\daddy\dependency\sdk-vtk-9.4.2\build_msvc\rendering\volume\renderingvolume.dir\debug\vtkfixedpointvolumeraycastcompositeshadehelper.obj
d:\cybermed\daddy\dependency\sdk-vtk-9.4.2\build_msvc\rendering\volume\renderingvolume.dir\debug\vtkfixedpointvolumeraycastcompositehelper.obj
d:\cybermed\daddy\dependency\sdk-vtk-9.4.2\build_msvc\rendering\volume\renderingvolume.dir\debug\vtkfixedpointvolumeraycastcompositegoshadehelper.obj
d:\cybermed\daddy\dependency\sdk-vtk-9.4.2\build_msvc\rendering\volume\renderingvolume.dir\debug\vtkfixedpointvolumeraycastcompositegohelper.obj
d:\cybermed\daddy\dependency\sdk-vtk-9.4.2\build_msvc\rendering\volume\renderingvolume.dir\debug\vtkfixedpointraycastimage.obj
d:\cybermed\daddy\dependency\sdk-vtk-9.4.2\build_msvc\rendering\volume\renderingvolume.dir\debug\vtkfinitedifferencegradientestimator.obj
d:\cybermed\daddy\dependency\sdk-vtk-9.4.2\build_msvc\rendering\volume\renderingvolume.dir\debug\vtkencodedgradientshader.obj
d:\cybermed\daddy\dependency\sdk-vtk-9.4.2\build_msvc\rendering\volume\renderingvolume.dir\debug\vtkencodedgradientestimator.obj
d:\cybermed\daddy\dependency\sdk-vtk-9.4.2\build_msvc\rendering\volume\renderingvolume.dir\debug\vtkdirectionencoder.obj
d:\cybermed\daddy\dependency\sdk-vtk-9.4.2\build_msvc\rendering\volume\renderingvolume.dir\debug\vtkvolumeraycastspaceleapingimagefilter.obj
d:\cybermed\daddy\dependency\sdk-vtk-9.4.2\build_msvc\rendering\volume\renderingvolume.dir\debug\vtkvolumepicker.obj
d:\cybermed\daddy\dependency\sdk-vtk-9.4.2\build_msvc\rendering\volume\renderingvolume.dir\debug\vtkvolumeoutlinesource.obj
d:\cybermed\daddy\dependency\sdk-vtk-9.4.2\build_msvc\rendering\volume\renderingvolume.dir\debug\vtkvolumemapper.obj
d:\cybermed\daddy\dependency\sdk-vtk-9.4.2\build_msvc\rendering\volume\renderingvolume.dir\debug\vtkunstructuredgridvolumezsweepmapper.obj
d:\cybermed\daddy\dependency\sdk-vtk-9.4.2\build_msvc\rendering\volume\renderingvolume.dir\debug\vtkunstructuredgridvolumerayintegrator.obj
d:\cybermed\daddy\dependency\sdk-vtk-9.4.2\build_msvc\rendering\volume\renderingvolume.dir\debug\vtkunstructuredgridvolumeraycastmapper.obj
d:\cybermed\daddy\dependency\sdk-vtk-9.4.2\build_msvc\rendering\volume\renderingvolume.dir\debug\vtkunstructuredgridvolumeraycastiterator.obj
d:\cybermed\daddy\dependency\sdk-vtk-9.4.2\build_msvc\rendering\volume\renderingvolume.dir\debug\vtkunstructuredgridvolumeraycastfunction.obj
d:\cybermed\daddy\dependency\sdk-vtk-9.4.2\build_msvc\rendering\volume\renderingvolume.dir\debug\vtkunstructuredgridvolumemapper.obj
d:\cybermed\daddy\dependency\sdk-vtk-9.4.2\build_msvc\rendering\volume\renderingvolume.dir\debug\vtkunstructuredgridpreintegration.obj
d:\cybermed\daddy\dependency\sdk-vtk-9.4.2\build_msvc\rendering\volume\renderingvolume.dir\debug\vtkunstructuredgridpartialpreintegration.obj
d:\cybermed\daddy\dependency\sdk-vtk-9.4.2\build_msvc\rendering\volume\renderingvolume.dir\debug\vtkunstructuredgridlinearrayintegrator.obj
d:\cybermed\daddy\dependency\sdk-vtk-9.4.2\build_msvc\rendering\volume\renderingvolume.dir\debug\vtkunstructuredgridhomogeneousrayintegrator.obj
d:\cybermed\daddy\dependency\sdk-vtk-9.4.2\build_msvc\rendering\volume\renderingvolume.dir\debug\vtkunstructuredgridbunykraycastfunction.obj
d:\cybermed\daddy\dependency\sdk-vtk-9.4.2\build_msvc\rendering\volume\renderingvolume.dir\debug\vc143.pdb
d:\cybermed\daddy\dependency\sdk-vtk-9.4.2\build_msvc\rendering\volume\cmakefiles\generate.stamp
d:\cybermed\daddy\dependency\sdk-vtk-9.4.2\build_msvc\lib\debug\vtkrenderingvolume-9.4d.lib
d:\cybermed\daddy\dependency\sdk-vtk-9.4.2\build_msvc\bin\debug\vtkrenderingvolume-9.4d.dll
d:\cybermed\daddy\dependency\sdk-vtk-9.4.2\build_msvc\bin\debug\vtkrenderingvolume-9.4d.pdb
d:\cybermed\daddy\dependency\sdk-vtk-9.4.2\build_msvc\lib\debug\vtkrenderingvolume-9.4d.exp
d:\cybermed\daddy\dependency\sdk-vtk-9.4.2\build_msvc\rendering\volume\renderingvolume.dir\debug\vtkrenderingvolume-9.4d.ilk
d:\cybermed\daddy\dependency\sdk-vtk-9.4.2\build_msvc\rendering\volume\renderingvolume.dir\debug\renderingvolume.tlog\cl.command.1.tlog
d:\cybermed\daddy\dependency\sdk-vtk-9.4.2\build_msvc\rendering\volume\renderingvolume.dir\debug\renderingvolume.tlog\cl.items.tlog
d:\cybermed\daddy\dependency\sdk-vtk-9.4.2\build_msvc\rendering\volume\renderingvolume.dir\debug\renderingvolume.tlog\cl.read.1.tlog
d:\cybermed\daddy\dependency\sdk-vtk-9.4.2\build_msvc\rendering\volume\renderingvolume.dir\debug\renderingvolume.tlog\cl.write.1.tlog
d:\cybermed\daddy\dependency\sdk-vtk-9.4.2\build_msvc\rendering\volume\renderingvolume.dir\debug\renderingvolume.tlog\custombuild.command.1.tlog
d:\cybermed\daddy\dependency\sdk-vtk-9.4.2\build_msvc\rendering\volume\renderingvolume.dir\debug\renderingvolume.tlog\custombuild.read.1.tlog
d:\cybermed\daddy\dependency\sdk-vtk-9.4.2\build_msvc\rendering\volume\renderingvolume.dir\debug\renderingvolume.tlog\custombuild.write.1.tlog
d:\cybermed\daddy\dependency\sdk-vtk-9.4.2\build_msvc\rendering\volume\renderingvolume.dir\debug\renderingvolume.tlog\lib-link.read.1.tlog
d:\cybermed\daddy\dependency\sdk-vtk-9.4.2\build_msvc\rendering\volume\renderingvolume.dir\debug\renderingvolume.tlog\lib-link.write.1.tlog
d:\cybermed\daddy\dependency\sdk-vtk-9.4.2\build_msvc\rendering\volume\renderingvolume.dir\debug\renderingvolume.tlog\lib.command.1.tlog
d:\cybermed\daddy\dependency\sdk-vtk-9.4.2\build_msvc\rendering\volume\renderingvolume.dir\debug\renderingvolume.tlog\link.command.1.tlog
d:\cybermed\daddy\dependency\sdk-vtk-9.4.2\build_msvc\rendering\volume\renderingvolume.dir\debug\renderingvolume.tlog\link.read.1.tlog
d:\cybermed\daddy\dependency\sdk-vtk-9.4.2\build_msvc\rendering\volume\renderingvolume.dir\debug\renderingvolume.tlog\link.secondary.1.tlog
d:\cybermed\daddy\dependency\sdk-vtk-9.4.2\build_msvc\rendering\volume\renderingvolume.dir\debug\renderingvolume.tlog\link.write.1.tlog
