d:\cybermed\daddy\dependency\sdk-vtk-9.4.2\build_msvc\lib\debug\vtkiochemistry-9.4d.pdb
d:\cybermed\daddy\dependency\sdk-vtk-9.4.2\build_msvc\io\chemistry\iochemistry.dir\debug\vtkxyzmolreader2.obj
d:\cybermed\daddy\dependency\sdk-vtk-9.4.2\build_msvc\io\chemistry\iochemistry.dir\debug\vtkxyzmolreader.obj
d:\cybermed\daddy\dependency\sdk-vtk-9.4.2\build_msvc\io\chemistry\iochemistry.dir\debug\vtkvasptessellationreader.obj
d:\cybermed\daddy\dependency\sdk-vtk-9.4.2\build_msvc\io\chemistry\iochemistry.dir\debug\vtkvaspanimationreader.obj
d:\cybermed\daddy\dependency\sdk-vtk-9.4.2\build_msvc\io\chemistry\iochemistry.dir\debug\vtkpdbreader.obj
d:\cybermed\daddy\dependency\sdk-vtk-9.4.2\build_msvc\io\chemistry\iochemistry.dir\debug\vtkmoleculereaderbase.obj
d:\cybermed\daddy\dependency\sdk-vtk-9.4.2\build_msvc\io\chemistry\iochemistry.dir\debug\vtkgaussiancubereader2.obj
d:\cybermed\daddy\dependency\sdk-vtk-9.4.2\build_msvc\io\chemistry\iochemistry.dir\debug\vtkgaussiancubereader.obj
d:\cybermed\daddy\dependency\sdk-vtk-9.4.2\build_msvc\io\chemistry\iochemistry.dir\debug\vtkcmlmoleculereader.obj
d:\cybermed\daddy\dependency\sdk-vtk-9.4.2\build_msvc\io\chemistry\iochemistry.dir\debug\vc143.pdb
d:\cybermed\daddy\dependency\sdk-vtk-9.4.2\build_msvc\io\chemistry\cmakefiles\generate.stamp
d:\cybermed\daddy\dependency\sdk-vtk-9.4.2\build_msvc\lib\debug\vtkiochemistry-9.4d.lib
d:\cybermed\daddy\dependency\sdk-vtk-9.4.2\build_msvc\bin\debug\vtkiochemistry-9.4d.dll
d:\cybermed\daddy\dependency\sdk-vtk-9.4.2\build_msvc\bin\debug\vtkiochemistry-9.4d.pdb
d:\cybermed\daddy\dependency\sdk-vtk-9.4.2\build_msvc\lib\debug\vtkiochemistry-9.4d.exp
d:\cybermed\daddy\dependency\sdk-vtk-9.4.2\build_msvc\io\chemistry\iochemistry.dir\debug\vtkiochemistry-9.4d.ilk
d:\cybermed\daddy\dependency\sdk-vtk-9.4.2\build_msvc\io\chemistry\iochemistry.dir\debug\iochemistry.tlog\cl.command.1.tlog
d:\cybermed\daddy\dependency\sdk-vtk-9.4.2\build_msvc\io\chemistry\iochemistry.dir\debug\iochemistry.tlog\cl.items.tlog
d:\cybermed\daddy\dependency\sdk-vtk-9.4.2\build_msvc\io\chemistry\iochemistry.dir\debug\iochemistry.tlog\cl.read.1.tlog
d:\cybermed\daddy\dependency\sdk-vtk-9.4.2\build_msvc\io\chemistry\iochemistry.dir\debug\iochemistry.tlog\cl.write.1.tlog
d:\cybermed\daddy\dependency\sdk-vtk-9.4.2\build_msvc\io\chemistry\iochemistry.dir\debug\iochemistry.tlog\custombuild.command.1.tlog
d:\cybermed\daddy\dependency\sdk-vtk-9.4.2\build_msvc\io\chemistry\iochemistry.dir\debug\iochemistry.tlog\custombuild.read.1.tlog
d:\cybermed\daddy\dependency\sdk-vtk-9.4.2\build_msvc\io\chemistry\iochemistry.dir\debug\iochemistry.tlog\custombuild.write.1.tlog
d:\cybermed\daddy\dependency\sdk-vtk-9.4.2\build_msvc\io\chemistry\iochemistry.dir\debug\iochemistry.tlog\lib-link.read.1.tlog
d:\cybermed\daddy\dependency\sdk-vtk-9.4.2\build_msvc\io\chemistry\iochemistry.dir\debug\iochemistry.tlog\lib-link.write.1.tlog
d:\cybermed\daddy\dependency\sdk-vtk-9.4.2\build_msvc\io\chemistry\iochemistry.dir\debug\iochemistry.tlog\lib.command.1.tlog
d:\cybermed\daddy\dependency\sdk-vtk-9.4.2\build_msvc\io\chemistry\iochemistry.dir\debug\iochemistry.tlog\link.command.1.tlog
d:\cybermed\daddy\dependency\sdk-vtk-9.4.2\build_msvc\io\chemistry\iochemistry.dir\debug\iochemistry.tlog\link.read.1.tlog
d:\cybermed\daddy\dependency\sdk-vtk-9.4.2\build_msvc\io\chemistry\iochemistry.dir\debug\iochemistry.tlog\link.secondary.1.tlog
d:\cybermed\daddy\dependency\sdk-vtk-9.4.2\build_msvc\io\chemistry\iochemistry.dir\debug\iochemistry.tlog\link.write.1.tlog
