d:\cybermed\daddy\dependency\sdk-vtk-9.4.2\build_msvc\wrapping\tools\wrappingtools.dir\release\vtkwraptext.obj
d:\cybermed\daddy\dependency\sdk-vtk-9.4.2\build_msvc\wrapping\tools\wrappingtools.dir\release\vtkwrap.obj
d:\cybermed\daddy\dependency\sdk-vtk-9.4.2\build_msvc\wrapping\tools\wrappingtools.dir\release\vtkparsesystem.obj
d:\cybermed\daddy\dependency\sdk-vtk-9.4.2\build_msvc\wrapping\tools\wrappingtools.dir\release\vtkparsestring.obj
d:\cybermed\daddy\dependency\sdk-vtk-9.4.2\build_msvc\wrapping\tools\wrappingtools.dir\release\vtkparseproperties.obj
d:\cybermed\daddy\dependency\sdk-vtk-9.4.2\build_msvc\wrapping\tools\wrappingtools.dir\release\vtkparsepreprocess.obj
d:\cybermed\daddy\dependency\sdk-vtk-9.4.2\build_msvc\wrapping\tools\wrappingtools.dir\release\vtkparsemethodtype.obj
d:\cybermed\daddy\dependency\sdk-vtk-9.4.2\build_msvc\wrapping\tools\wrappingtools.dir\release\vtkparsemerge.obj
d:\cybermed\daddy\dependency\sdk-vtk-9.4.2\build_msvc\wrapping\tools\wrappingtools.dir\release\vtkparsemangle.obj
d:\cybermed\daddy\dependency\sdk-vtk-9.4.2\build_msvc\wrapping\tools\wrappingtools.dir\release\vtkparsehierarchy.obj
d:\cybermed\daddy\dependency\sdk-vtk-9.4.2\build_msvc\wrapping\tools\wrappingtools.dir\release\vtkparseextras.obj
d:\cybermed\daddy\dependency\sdk-vtk-9.4.2\build_msvc\wrapping\tools\wrappingtools.dir\release\vtkparsedepends.obj
d:\cybermed\daddy\dependency\sdk-vtk-9.4.2\build_msvc\wrapping\tools\wrappingtools.dir\release\vtkparsedata.obj
d:\cybermed\daddy\dependency\sdk-vtk-9.4.2\build_msvc\wrapping\tools\wrappingtools.dir\release\vtkparse.tab.obj
d:\cybermed\daddy\dependency\sdk-vtk-9.4.2\build_msvc\wrapping\tools\wrappingtools.dir\release\vtkparsemain.obj
d:\cybermed\daddy\dependency\sdk-vtk-9.4.2\build_msvc\wrapping\tools\cmakefiles\generate.stamp
d:\cybermed\daddy\dependency\sdk-vtk-9.4.2\build_msvc\bin\release\vtkwrappingtools-9.4.dll
d:\cybermed\daddy\dependency\sdk-vtk-9.4.2\build_msvc\lib\release\vtkwrappingtools-9.4.lib
d:\cybermed\daddy\dependency\sdk-vtk-9.4.2\build_msvc\lib\release\vtkwrappingtools-9.4.exp
d:\cybermed\daddy\dependency\sdk-vtk-9.4.2\build_msvc\wrapping\tools\wrappingtools.dir\release\wrappingtools.tlog\cl.command.1.tlog
d:\cybermed\daddy\dependency\sdk-vtk-9.4.2\build_msvc\wrapping\tools\wrappingtools.dir\release\wrappingtools.tlog\cl.items.tlog
d:\cybermed\daddy\dependency\sdk-vtk-9.4.2\build_msvc\wrapping\tools\wrappingtools.dir\release\wrappingtools.tlog\cl.read.1.tlog
d:\cybermed\daddy\dependency\sdk-vtk-9.4.2\build_msvc\wrapping\tools\wrappingtools.dir\release\wrappingtools.tlog\cl.write.1.tlog
d:\cybermed\daddy\dependency\sdk-vtk-9.4.2\build_msvc\wrapping\tools\wrappingtools.dir\release\wrappingtools.tlog\custombuild.command.1.tlog
d:\cybermed\daddy\dependency\sdk-vtk-9.4.2\build_msvc\wrapping\tools\wrappingtools.dir\release\wrappingtools.tlog\custombuild.read.1.tlog
d:\cybermed\daddy\dependency\sdk-vtk-9.4.2\build_msvc\wrapping\tools\wrappingtools.dir\release\wrappingtools.tlog\custombuild.write.1.tlog
d:\cybermed\daddy\dependency\sdk-vtk-9.4.2\build_msvc\wrapping\tools\wrappingtools.dir\release\wrappingtools.tlog\link.command.1.tlog
d:\cybermed\daddy\dependency\sdk-vtk-9.4.2\build_msvc\wrapping\tools\wrappingtools.dir\release\wrappingtools.tlog\link.read.1.tlog
d:\cybermed\daddy\dependency\sdk-vtk-9.4.2\build_msvc\wrapping\tools\wrappingtools.dir\release\wrappingtools.tlog\link.secondary.1.tlog
d:\cybermed\daddy\dependency\sdk-vtk-9.4.2\build_msvc\wrapping\tools\wrappingtools.dir\release\wrappingtools.tlog\link.write.1.tlog
