d:\cybermed\daddy\dependency\sdk-vtk-9.4.2\build_msvc\filters\flowpaths\filtersflowpaths.dir\release\vtkvortexcore.obj
d:\cybermed\daddy\dependency\sdk-vtk-9.4.2\build_msvc\filters\flowpaths\filtersflowpaths.dir\release\vtkvectorfieldtopology.obj
d:\cybermed\daddy\dependency\sdk-vtk-9.4.2\build_msvc\filters\flowpaths\filtersflowpaths.dir\release\vtktemporalinterpolatedvelocityfield.obj
d:\cybermed\daddy\dependency\sdk-vtk-9.4.2\build_msvc\filters\flowpaths\filtersflowpaths.dir\release\vtkstreamtracer.obj
d:\cybermed\daddy\dependency\sdk-vtk-9.4.2\build_msvc\filters\flowpaths\filtersflowpaths.dir\release\vtkstreamsurface.obj
d:\cybermed\daddy\dependency\sdk-vtk-9.4.2\build_msvc\filters\flowpaths\filtersflowpaths.dir\release\vtkstreaklinefilter.obj
d:\cybermed\daddy\dependency\sdk-vtk-9.4.2\build_msvc\filters\flowpaths\filtersflowpaths.dir\release\vtkparticletracerbase.obj
d:\cybermed\daddy\dependency\sdk-vtk-9.4.2\build_msvc\filters\flowpaths\filtersflowpaths.dir\release\vtkparticletracer.obj
d:\cybermed\daddy\dependency\sdk-vtk-9.4.2\build_msvc\filters\flowpaths\filtersflowpaths.dir\release\vtkparticlepathfilter.obj
d:\cybermed\daddy\dependency\sdk-vtk-9.4.2\build_msvc\filters\flowpaths\filtersflowpaths.dir\release\vtkparallelvectors.obj
d:\cybermed\daddy\dependency\sdk-vtk-9.4.2\build_msvc\filters\flowpaths\filtersflowpaths.dir\release\vtkmodifiedbsptree.obj
d:\cybermed\daddy\dependency\sdk-vtk-9.4.2\build_msvc\filters\flowpaths\filtersflowpaths.dir\release\vtklineartransformcelllocator.obj
d:\cybermed\daddy\dependency\sdk-vtk-9.4.2\build_msvc\filters\flowpaths\filtersflowpaths.dir\release\vtklagrangianparticletracker.obj
d:\cybermed\daddy\dependency\sdk-vtk-9.4.2\build_msvc\filters\flowpaths\filtersflowpaths.dir\release\vtklagrangianparticle.obj
d:\cybermed\daddy\dependency\sdk-vtk-9.4.2\build_msvc\filters\flowpaths\filtersflowpaths.dir\release\vtklagrangianmatidaintegrationmodel.obj
d:\cybermed\daddy\dependency\sdk-vtk-9.4.2\build_msvc\filters\flowpaths\filtersflowpaths.dir\release\vtklagrangianbasicintegrationmodel.obj
d:\cybermed\daddy\dependency\sdk-vtk-9.4.2\build_msvc\filters\flowpaths\filtersflowpaths.dir\release\vtkevenlyspacedstreamlines2d.obj
d:\cybermed\daddy\dependency\sdk-vtk-9.4.2\build_msvc\filters\flowpaths\filtersflowpaths.dir\release\vtkcompositeinterpolatedvelocityfield.obj
d:\cybermed\daddy\dependency\sdk-vtk-9.4.2\build_msvc\filters\flowpaths\filtersflowpaths.dir\release\vtkamrinterpolatedvelocityfield.obj
d:\cybermed\daddy\dependency\sdk-vtk-9.4.2\build_msvc\filters\flowpaths\filtersflowpaths.dir\release\vtkabstractinterpolatedvelocityfield.obj
d:\cybermed\daddy\dependency\sdk-vtk-9.4.2\build_msvc\filters\flowpaths\cmakefiles\generate.stamp
d:\cybermed\daddy\dependency\sdk-vtk-9.4.2\build_msvc\bin\release\vtkfiltersflowpaths-9.4.dll
d:\cybermed\daddy\dependency\sdk-vtk-9.4.2\build_msvc\lib\release\vtkfiltersflowpaths-9.4.lib
d:\cybermed\daddy\dependency\sdk-vtk-9.4.2\build_msvc\lib\release\vtkfiltersflowpaths-9.4.exp
d:\cybermed\daddy\dependency\sdk-vtk-9.4.2\build_msvc\filters\flowpaths\filtersflowpaths.dir\release\filtersflowpaths.tlog\cl.command.1.tlog
d:\cybermed\daddy\dependency\sdk-vtk-9.4.2\build_msvc\filters\flowpaths\filtersflowpaths.dir\release\filtersflowpaths.tlog\cl.items.tlog
d:\cybermed\daddy\dependency\sdk-vtk-9.4.2\build_msvc\filters\flowpaths\filtersflowpaths.dir\release\filtersflowpaths.tlog\cl.read.1.tlog
d:\cybermed\daddy\dependency\sdk-vtk-9.4.2\build_msvc\filters\flowpaths\filtersflowpaths.dir\release\filtersflowpaths.tlog\cl.write.1.tlog
d:\cybermed\daddy\dependency\sdk-vtk-9.4.2\build_msvc\filters\flowpaths\filtersflowpaths.dir\release\filtersflowpaths.tlog\custombuild.command.1.tlog
d:\cybermed\daddy\dependency\sdk-vtk-9.4.2\build_msvc\filters\flowpaths\filtersflowpaths.dir\release\filtersflowpaths.tlog\custombuild.read.1.tlog
d:\cybermed\daddy\dependency\sdk-vtk-9.4.2\build_msvc\filters\flowpaths\filtersflowpaths.dir\release\filtersflowpaths.tlog\custombuild.write.1.tlog
d:\cybermed\daddy\dependency\sdk-vtk-9.4.2\build_msvc\filters\flowpaths\filtersflowpaths.dir\release\filtersflowpaths.tlog\link.command.1.tlog
d:\cybermed\daddy\dependency\sdk-vtk-9.4.2\build_msvc\filters\flowpaths\filtersflowpaths.dir\release\filtersflowpaths.tlog\link.read.1.tlog
d:\cybermed\daddy\dependency\sdk-vtk-9.4.2\build_msvc\filters\flowpaths\filtersflowpaths.dir\release\filtersflowpaths.tlog\link.secondary.1.tlog
d:\cybermed\daddy\dependency\sdk-vtk-9.4.2\build_msvc\filters\flowpaths\filtersflowpaths.dir\release\filtersflowpaths.tlog\link.write.1.tlog
