d:\cybermed\daddy\dependency\sdk-vtk-9.4.2\build_msvc\lib\debug\vtkrenderinghypertreegrid-9.4d.pdb
d:\cybermed\daddy\dependency\sdk-vtk-9.4.2\build_msvc\rendering\hypertreegrid\renderinghypertreegrid.dir\debug\vtkhypertreegridmapper.obj
d:\cybermed\daddy\dependency\sdk-vtk-9.4.2\build_msvc\rendering\hypertreegrid\renderinghypertreegrid.dir\debug\vc143.pdb
d:\cybermed\daddy\dependency\sdk-vtk-9.4.2\build_msvc\rendering\hypertreegrid\cmakefiles\generate.stamp
d:\cybermed\daddy\dependency\sdk-vtk-9.4.2\build_msvc\lib\debug\vtkrenderinghypertreegrid-9.4d.lib
d:\cybermed\daddy\dependency\sdk-vtk-9.4.2\build_msvc\bin\debug\vtkrenderinghypertreegrid-9.4d.dll
d:\cybermed\daddy\dependency\sdk-vtk-9.4.2\build_msvc\bin\debug\vtkrenderinghypertreegrid-9.4d.pdb
d:\cybermed\daddy\dependency\sdk-vtk-9.4.2\build_msvc\lib\debug\vtkrenderinghypertreegrid-9.4d.exp
d:\cybermed\daddy\dependency\sdk-vtk-9.4.2\build_msvc\rendering\hypertreegrid\renderinghypertreegrid.dir\debug\vtkrenderinghypertreegrid-9.4d.ilk
d:\cybermed\daddy\dependency\sdk-vtk-9.4.2\build_msvc\rendering\hypertreegrid\renderinghypertreegrid.dir\debug\renderin.d612be34.tlog\cl.command.1.tlog
d:\cybermed\daddy\dependency\sdk-vtk-9.4.2\build_msvc\rendering\hypertreegrid\renderinghypertreegrid.dir\debug\renderin.d612be34.tlog\cl.items.tlog
d:\cybermed\daddy\dependency\sdk-vtk-9.4.2\build_msvc\rendering\hypertreegrid\renderinghypertreegrid.dir\debug\renderin.d612be34.tlog\cl.read.1.tlog
d:\cybermed\daddy\dependency\sdk-vtk-9.4.2\build_msvc\rendering\hypertreegrid\renderinghypertreegrid.dir\debug\renderin.d612be34.tlog\cl.write.1.tlog
d:\cybermed\daddy\dependency\sdk-vtk-9.4.2\build_msvc\rendering\hypertreegrid\renderinghypertreegrid.dir\debug\renderin.d612be34.tlog\custombuild.command.1.tlog
d:\cybermed\daddy\dependency\sdk-vtk-9.4.2\build_msvc\rendering\hypertreegrid\renderinghypertreegrid.dir\debug\renderin.d612be34.tlog\custombuild.read.1.tlog
d:\cybermed\daddy\dependency\sdk-vtk-9.4.2\build_msvc\rendering\hypertreegrid\renderinghypertreegrid.dir\debug\renderin.d612be34.tlog\custombuild.write.1.tlog
d:\cybermed\daddy\dependency\sdk-vtk-9.4.2\build_msvc\rendering\hypertreegrid\renderinghypertreegrid.dir\debug\renderin.d612be34.tlog\lib-link.read.1.tlog
d:\cybermed\daddy\dependency\sdk-vtk-9.4.2\build_msvc\rendering\hypertreegrid\renderinghypertreegrid.dir\debug\renderin.d612be34.tlog\lib-link.write.1.tlog
d:\cybermed\daddy\dependency\sdk-vtk-9.4.2\build_msvc\rendering\hypertreegrid\renderinghypertreegrid.dir\debug\renderin.d612be34.tlog\lib.command.1.tlog
d:\cybermed\daddy\dependency\sdk-vtk-9.4.2\build_msvc\rendering\hypertreegrid\renderinghypertreegrid.dir\debug\renderin.d612be34.tlog\link.command.1.tlog
d:\cybermed\daddy\dependency\sdk-vtk-9.4.2\build_msvc\rendering\hypertreegrid\renderinghypertreegrid.dir\debug\renderin.d612be34.tlog\link.read.1.tlog
d:\cybermed\daddy\dependency\sdk-vtk-9.4.2\build_msvc\rendering\hypertreegrid\renderinghypertreegrid.dir\debug\renderin.d612be34.tlog\link.secondary.1.tlog
d:\cybermed\daddy\dependency\sdk-vtk-9.4.2\build_msvc\rendering\hypertreegrid\renderinghypertreegrid.dir\debug\renderin.d612be34.tlog\link.write.1.tlog
