d:\cybermed\daddy\dependency\sdk-vtk-9.4.2\build_msvc\thirdparty\verdict\vtkverdict\verdict.dir\release\verdictvector.obj
d:\cybermed\daddy\dependency\sdk-vtk-9.4.2\build_msvc\thirdparty\verdict\vtkverdict\verdict.dir\release\v_wedgemetric.obj
d:\cybermed\daddy\dependency\sdk-vtk-9.4.2\build_msvc\thirdparty\verdict\vtkverdict\verdict.dir\release\v_trimetric.obj
d:\cybermed\daddy\dependency\sdk-vtk-9.4.2\build_msvc\thirdparty\verdict\vtkverdict\verdict.dir\release\v_tetmetric.obj
d:\cybermed\daddy\dependency\sdk-vtk-9.4.2\build_msvc\thirdparty\verdict\vtkverdict\verdict.dir\release\v_quadmetric.obj
d:\cybermed\daddy\dependency\sdk-vtk-9.4.2\build_msvc\thirdparty\verdict\vtkverdict\verdict.dir\release\v_pyramidmetric.obj
d:\cybermed\daddy\dependency\sdk-vtk-9.4.2\build_msvc\thirdparty\verdict\vtkverdict\verdict.dir\release\v_knifemetric.obj
d:\cybermed\daddy\dependency\sdk-vtk-9.4.2\build_msvc\thirdparty\verdict\vtkverdict\verdict.dir\release\v_hexmetric.obj
d:\cybermed\daddy\dependency\sdk-vtk-9.4.2\build_msvc\thirdparty\verdict\vtkverdict\verdict.dir\release\v_gaussintegration.obj
d:\cybermed\daddy\dependency\sdk-vtk-9.4.2\build_msvc\thirdparty\verdict\vtkverdict\verdict.dir\release\v_edgemetric.obj
d:\cybermed\daddy\dependency\sdk-vtk-9.4.2\build_msvc\thirdparty\verdict\vtkverdict\cmakefiles\generate.stamp
d:\cybermed\daddy\dependency\sdk-vtk-9.4.2\build_msvc\bin\release\vtkverdict-9.4.dll
d:\cybermed\daddy\dependency\sdk-vtk-9.4.2\build_msvc\lib\release\vtkverdict-9.4.lib
d:\cybermed\daddy\dependency\sdk-vtk-9.4.2\build_msvc\lib\release\vtkverdict-9.4.exp
d:\cybermed\daddy\dependency\sdk-vtk-9.4.2\build_msvc\thirdparty\verdict\vtkverdict\verdict.dir\release\verdict.tlog\cl.command.1.tlog
d:\cybermed\daddy\dependency\sdk-vtk-9.4.2\build_msvc\thirdparty\verdict\vtkverdict\verdict.dir\release\verdict.tlog\cl.items.tlog
d:\cybermed\daddy\dependency\sdk-vtk-9.4.2\build_msvc\thirdparty\verdict\vtkverdict\verdict.dir\release\verdict.tlog\cl.read.1.tlog
d:\cybermed\daddy\dependency\sdk-vtk-9.4.2\build_msvc\thirdparty\verdict\vtkverdict\verdict.dir\release\verdict.tlog\cl.write.1.tlog
d:\cybermed\daddy\dependency\sdk-vtk-9.4.2\build_msvc\thirdparty\verdict\vtkverdict\verdict.dir\release\verdict.tlog\custombuild.command.1.tlog
d:\cybermed\daddy\dependency\sdk-vtk-9.4.2\build_msvc\thirdparty\verdict\vtkverdict\verdict.dir\release\verdict.tlog\custombuild.read.1.tlog
d:\cybermed\daddy\dependency\sdk-vtk-9.4.2\build_msvc\thirdparty\verdict\vtkverdict\verdict.dir\release\verdict.tlog\custombuild.write.1.tlog
d:\cybermed\daddy\dependency\sdk-vtk-9.4.2\build_msvc\thirdparty\verdict\vtkverdict\verdict.dir\release\verdict.tlog\link.command.1.tlog
d:\cybermed\daddy\dependency\sdk-vtk-9.4.2\build_msvc\thirdparty\verdict\vtkverdict\verdict.dir\release\verdict.tlog\link.read.1.tlog
d:\cybermed\daddy\dependency\sdk-vtk-9.4.2\build_msvc\thirdparty\verdict\vtkverdict\verdict.dir\release\verdict.tlog\link.secondary.1.tlog
d:\cybermed\daddy\dependency\sdk-vtk-9.4.2\build_msvc\thirdparty\verdict\vtkverdict\verdict.dir\release\verdict.tlog\link.write.1.tlog
