d:\cybermed\daddy\dependency\sdk-vtk-9.4.2\build_msvc\filters\texture\filterstexture.dir\release\vtktriangulartcoords.obj
d:\cybermed\daddy\dependency\sdk-vtk-9.4.2\build_msvc\filters\texture\filterstexture.dir\release\vtktransformtexturecoords.obj
d:\cybermed\daddy\dependency\sdk-vtk-9.4.2\build_msvc\filters\texture\filterstexture.dir\release\vtkthresholdtexturecoords.obj
d:\cybermed\daddy\dependency\sdk-vtk-9.4.2\build_msvc\filters\texture\filterstexture.dir\release\vtktexturemaptosphere.obj
d:\cybermed\daddy\dependency\sdk-vtk-9.4.2\build_msvc\filters\texture\filterstexture.dir\release\vtktexturemaptoplane.obj
d:\cybermed\daddy\dependency\sdk-vtk-9.4.2\build_msvc\filters\texture\filterstexture.dir\release\vtktexturemaptocylinder.obj
d:\cybermed\daddy\dependency\sdk-vtk-9.4.2\build_msvc\filters\texture\filterstexture.dir\release\vtkscalarstotexturefilter.obj
d:\cybermed\daddy\dependency\sdk-vtk-9.4.2\build_msvc\filters\texture\filterstexture.dir\release\vtkimplicittexturecoords.obj
d:\cybermed\daddy\dependency\sdk-vtk-9.4.2\build_msvc\filters\texture\cmakefiles\generate.stamp
d:\cybermed\daddy\dependency\sdk-vtk-9.4.2\build_msvc\bin\release\vtkfilterstexture-9.4.dll
d:\cybermed\daddy\dependency\sdk-vtk-9.4.2\build_msvc\lib\release\vtkfilterstexture-9.4.lib
d:\cybermed\daddy\dependency\sdk-vtk-9.4.2\build_msvc\lib\release\vtkfilterstexture-9.4.exp
d:\cybermed\daddy\dependency\sdk-vtk-9.4.2\build_msvc\filters\texture\filterstexture.dir\release\filterstexture.tlog\cl.command.1.tlog
d:\cybermed\daddy\dependency\sdk-vtk-9.4.2\build_msvc\filters\texture\filterstexture.dir\release\filterstexture.tlog\cl.items.tlog
d:\cybermed\daddy\dependency\sdk-vtk-9.4.2\build_msvc\filters\texture\filterstexture.dir\release\filterstexture.tlog\cl.read.1.tlog
d:\cybermed\daddy\dependency\sdk-vtk-9.4.2\build_msvc\filters\texture\filterstexture.dir\release\filterstexture.tlog\cl.write.1.tlog
d:\cybermed\daddy\dependency\sdk-vtk-9.4.2\build_msvc\filters\texture\filterstexture.dir\release\filterstexture.tlog\custombuild.command.1.tlog
d:\cybermed\daddy\dependency\sdk-vtk-9.4.2\build_msvc\filters\texture\filterstexture.dir\release\filterstexture.tlog\custombuild.read.1.tlog
d:\cybermed\daddy\dependency\sdk-vtk-9.4.2\build_msvc\filters\texture\filterstexture.dir\release\filterstexture.tlog\custombuild.write.1.tlog
d:\cybermed\daddy\dependency\sdk-vtk-9.4.2\build_msvc\filters\texture\filterstexture.dir\release\filterstexture.tlog\link.command.1.tlog
d:\cybermed\daddy\dependency\sdk-vtk-9.4.2\build_msvc\filters\texture\filterstexture.dir\release\filterstexture.tlog\link.read.1.tlog
d:\cybermed\daddy\dependency\sdk-vtk-9.4.2\build_msvc\filters\texture\filterstexture.dir\release\filterstexture.tlog\link.secondary.1.tlog
d:\cybermed\daddy\dependency\sdk-vtk-9.4.2\build_msvc\filters\texture\filterstexture.dir\release\filterstexture.tlog\link.write.1.tlog
