d:\cybermed\daddy\dependency\sdk-vtk-9.4.2\build_msvc\rendering\cellgrid\renderingcellgrid.dir\release\vtkrenderingcellgrid.obj
d:\cybermed\daddy\dependency\sdk-vtk-9.4.2\build_msvc\rendering\cellgrid\renderingcellgrid.dir\release\vtkopenglcellgridmapper.obj
d:\cybermed\daddy\dependency\sdk-vtk-9.4.2\build_msvc\rendering\cellgrid\renderingcellgrid.dir\release\vtkdgrenderresponder.obj
d:\cybermed\daddy\dependency\sdk-vtk-9.4.2\build_msvc\rendering\cellgrid\renderingcellgrid.dir\release\vtkrenderingcellgridobjectfactory.obj
d:\cybermed\daddy\dependency\sdk-vtk-9.4.2\build_msvc\rendering\cellgrid\renderingcellgrid.dir\release\vtkcellgridshadervertex.obj
d:\cybermed\daddy\dependency\sdk-vtk-9.4.2\build_msvc\rendering\cellgrid\renderingcellgrid.dir\release\vtkcellgridshaderutil.obj
d:\cybermed\daddy\dependency\sdk-vtk-9.4.2\build_msvc\rendering\cellgrid\renderingcellgrid.dir\release\vtkcellgridshadertessellationevaluation.obj
d:\cybermed\daddy\dependency\sdk-vtk-9.4.2\build_msvc\rendering\cellgrid\renderingcellgrid.dir\release\vtkcellgridshadertessellationdebuggeometry.obj
d:\cybermed\daddy\dependency\sdk-vtk-9.4.2\build_msvc\rendering\cellgrid\renderingcellgrid.dir\release\vtkcellgridshadertessellationcontrol.obj
d:\cybermed\daddy\dependency\sdk-vtk-9.4.2\build_msvc\rendering\cellgrid\renderingcellgrid.dir\release\vtkcellgridshaderfragment.obj
d:\cybermed\daddy\dependency\sdk-vtk-9.4.2\build_msvc\rendering\cellgrid\renderingcellgrid.dir\release\vtkcellgridshadercommondefs.obj
d:\cybermed\daddy\dependency\sdk-vtk-9.4.2\build_msvc\rendering\cellgrid\renderingcellgrid.dir\release\vtkcellgridshaderbases.obj
d:\cybermed\daddy\dependency\sdk-vtk-9.4.2\build_msvc\rendering\cellgrid\vtkcellgridshaderbases.h
d:\cybermed\daddy\dependency\sdk-vtk-9.4.2\build_msvc\rendering\cellgrid\vtkcellgridshaderbases.cxx
d:\cybermed\daddy\dependency\sdk-vtk-9.4.2\build_msvc\rendering\cellgrid\vtkcellgridshadercommondefs.h
d:\cybermed\daddy\dependency\sdk-vtk-9.4.2\build_msvc\rendering\cellgrid\vtkcellgridshadercommondefs.cxx
d:\cybermed\daddy\dependency\sdk-vtk-9.4.2\build_msvc\rendering\cellgrid\vtkcellgridshaderfragment.h
d:\cybermed\daddy\dependency\sdk-vtk-9.4.2\build_msvc\rendering\cellgrid\vtkcellgridshaderfragment.cxx
d:\cybermed\daddy\dependency\sdk-vtk-9.4.2\build_msvc\rendering\cellgrid\vtkcellgridshadertessellationcontrol.h
d:\cybermed\daddy\dependency\sdk-vtk-9.4.2\build_msvc\rendering\cellgrid\vtkcellgridshadertessellationcontrol.cxx
d:\cybermed\daddy\dependency\sdk-vtk-9.4.2\build_msvc\rendering\cellgrid\vtkcellgridshadertessellationdebuggeometry.h
d:\cybermed\daddy\dependency\sdk-vtk-9.4.2\build_msvc\rendering\cellgrid\vtkcellgridshadertessellationdebuggeometry.cxx
d:\cybermed\daddy\dependency\sdk-vtk-9.4.2\build_msvc\rendering\cellgrid\vtkcellgridshadertessellationevaluation.h
d:\cybermed\daddy\dependency\sdk-vtk-9.4.2\build_msvc\rendering\cellgrid\vtkcellgridshadertessellationevaluation.cxx
d:\cybermed\daddy\dependency\sdk-vtk-9.4.2\build_msvc\rendering\cellgrid\vtkcellgridshaderutil.h
d:\cybermed\daddy\dependency\sdk-vtk-9.4.2\build_msvc\rendering\cellgrid\vtkcellgridshaderutil.cxx
d:\cybermed\daddy\dependency\sdk-vtk-9.4.2\build_msvc\rendering\cellgrid\vtkcellgridshadervertex.h
d:\cybermed\daddy\dependency\sdk-vtk-9.4.2\build_msvc\rendering\cellgrid\vtkcellgridshadervertex.cxx
d:\cybermed\daddy\dependency\sdk-vtk-9.4.2\build_msvc\rendering\cellgrid\cmakefiles\generate.stamp
d:\cybermed\daddy\dependency\sdk-vtk-9.4.2\build_msvc\bin\release\vtkrenderingcellgrid-9.4.dll
d:\cybermed\daddy\dependency\sdk-vtk-9.4.2\build_msvc\lib\release\vtkrenderingcellgrid-9.4.lib
d:\cybermed\daddy\dependency\sdk-vtk-9.4.2\build_msvc\lib\release\vtkrenderingcellgrid-9.4.exp
d:\cybermed\daddy\dependency\sdk-vtk-9.4.2\build_msvc\rendering\cellgrid\renderingcellgrid.dir\release\renderin.36b19427.tlog\cl.command.1.tlog
d:\cybermed\daddy\dependency\sdk-vtk-9.4.2\build_msvc\rendering\cellgrid\renderingcellgrid.dir\release\renderin.36b19427.tlog\cl.items.tlog
d:\cybermed\daddy\dependency\sdk-vtk-9.4.2\build_msvc\rendering\cellgrid\renderingcellgrid.dir\release\renderin.36b19427.tlog\cl.read.1.tlog
d:\cybermed\daddy\dependency\sdk-vtk-9.4.2\build_msvc\rendering\cellgrid\renderingcellgrid.dir\release\renderin.36b19427.tlog\cl.write.1.tlog
d:\cybermed\daddy\dependency\sdk-vtk-9.4.2\build_msvc\rendering\cellgrid\renderingcellgrid.dir\release\renderin.36b19427.tlog\custombuild.command.1.tlog
d:\cybermed\daddy\dependency\sdk-vtk-9.4.2\build_msvc\rendering\cellgrid\renderingcellgrid.dir\release\renderin.36b19427.tlog\custombuild.read.1.tlog
d:\cybermed\daddy\dependency\sdk-vtk-9.4.2\build_msvc\rendering\cellgrid\renderingcellgrid.dir\release\renderin.36b19427.tlog\custombuild.write.1.tlog
d:\cybermed\daddy\dependency\sdk-vtk-9.4.2\build_msvc\rendering\cellgrid\renderingcellgrid.dir\release\renderin.36b19427.tlog\link.command.1.tlog
d:\cybermed\daddy\dependency\sdk-vtk-9.4.2\build_msvc\rendering\cellgrid\renderingcellgrid.dir\release\renderin.36b19427.tlog\link.read.1.tlog
d:\cybermed\daddy\dependency\sdk-vtk-9.4.2\build_msvc\rendering\cellgrid\renderingcellgrid.dir\release\renderin.36b19427.tlog\link.secondary.1.tlog
d:\cybermed\daddy\dependency\sdk-vtk-9.4.2\build_msvc\rendering\cellgrid\renderingcellgrid.dir\release\renderin.36b19427.tlog\link.write.1.tlog
