d:\cybermed\daddy\dependency\dcmtk-dcmtk-3.6.8\build_msvc\lib\debug\dcmnet.pdb
d:\cybermed\daddy\dependency\dcmtk-dcmtk-3.6.8\build_msvc\dcmnet\libsrc\dcmnet.dir\debug\dimfind.obj
d:\cybermed\daddy\dependency\dcmtk-dcmtk-3.6.8\build_msvc\dcmnet\libsrc\dcmnet.dir\debug\dimecho.obj
d:\cybermed\daddy\dependency\dcmtk-dcmtk-3.6.8\build_msvc\dcmnet\libsrc\dcmnet.dir\debug\dimdump.obj
d:\cybermed\daddy\dependency\dcmtk-dcmtk-3.6.8\build_msvc\dcmnet\libsrc\dcmnet.dir\debug\dimcmd.obj
d:\cybermed\daddy\dependency\dcmtk-dcmtk-3.6.8\build_msvc\dcmnet\libsrc\dcmnet.dir\debug\dimcancl.obj
d:\cybermed\daddy\dependency\dcmtk-dcmtk-3.6.8\build_msvc\dcmnet\libsrc\dcmnet.dir\debug\dfindscu.obj
d:\cybermed\daddy\dependency\dcmtk-dcmtk-3.6.8\build_msvc\dcmnet\libsrc\dcmnet.dir\debug\dcuserid.obj
d:\cybermed\daddy\dependency\dcmtk-dcmtk-3.6.8\build_msvc\dcmnet\libsrc\dcmnet.dir\debug\dcompat.obj
d:\cybermed\daddy\dependency\dcmtk-dcmtk-3.6.8\build_msvc\dcmnet\libsrc\dcmnet.dir\debug\dcmtrans.obj
d:\cybermed\daddy\dependency\dcmtk-dcmtk-3.6.8\build_msvc\dcmnet\libsrc\dcmnet.dir\debug\dcmlayer.obj
d:\cybermed\daddy\dependency\dcmtk-dcmtk-3.6.8\build_msvc\dcmnet\libsrc\dcmnet.dir\debug\dccfuidh.obj
d:\cybermed\daddy\dependency\dcmtk-dcmtk-3.6.8\build_msvc\dcmnet\libsrc\dcmnet.dir\debug\dccftsmp.obj
d:\cybermed\daddy\dependency\dcmtk-dcmtk-3.6.8\build_msvc\dcmnet\libsrc\dcmnet.dir\debug\dccfrsmp.obj
d:\cybermed\daddy\dependency\dcmtk-dcmtk-3.6.8\build_msvc\dcmnet\libsrc\dcmnet.dir\debug\dccfprmp.obj
d:\cybermed\daddy\dependency\dcmtk-dcmtk-3.6.8\build_msvc\dcmnet\libsrc\dcmnet.dir\debug\dccfpcmp.obj
d:\cybermed\daddy\dependency\dcmtk-dcmtk-3.6.8\build_msvc\dcmnet\libsrc\dcmnet.dir\debug\dccfenmp.obj
d:\cybermed\daddy\dependency\dcmtk-dcmtk-3.6.8\build_msvc\dcmnet\libsrc\dcmnet.dir\debug\dcasccfg.obj
d:\cybermed\daddy\dependency\dcmtk-dcmtk-3.6.8\build_msvc\dcmnet\libsrc\dcmnet.dir\debug\dcasccff.obj
d:\cybermed\daddy\dependency\dcmtk-dcmtk-3.6.8\build_msvc\dcmnet\libsrc\dcmnet.dir\debug\cond.obj
d:\cybermed\daddy\dependency\dcmtk-dcmtk-3.6.8\build_msvc\dcmnet\libsrc\dcmnet.dir\debug\assoc.obj
d:\cybermed\daddy\dependency\dcmtk-dcmtk-3.6.8\build_msvc\dcmnet\libsrc\dcmnet.dir\debug\scpthrd.obj
d:\cybermed\daddy\dependency\dcmtk-dcmtk-3.6.8\build_msvc\dcmnet\libsrc\dcmnet.dir\debug\scppool.obj
d:\cybermed\daddy\dependency\dcmtk-dcmtk-3.6.8\build_msvc\dcmnet\libsrc\dcmnet.dir\debug\scpcfg.obj
d:\cybermed\daddy\dependency\dcmtk-dcmtk-3.6.8\build_msvc\dcmnet\libsrc\dcmnet.dir\debug\scp.obj
d:\cybermed\daddy\dependency\dcmtk-dcmtk-3.6.8\build_msvc\dcmnet\libsrc\dcmnet.dir\debug\lst.obj
d:\cybermed\daddy\dependency\dcmtk-dcmtk-3.6.8\build_msvc\dcmnet\libsrc\dcmnet.dir\debug\helpers.obj
d:\cybermed\daddy\dependency\dcmtk-dcmtk-3.6.8\build_msvc\dcmnet\libsrc\dcmnet.dir\debug\extneg.obj
d:\cybermed\daddy\dependency\dcmtk-dcmtk-3.6.8\build_msvc\dcmnet\libsrc\dcmnet.dir\debug\dulpres.obj
d:\cybermed\daddy\dependency\dcmtk-dcmtk-3.6.8\build_msvc\dcmnet\libsrc\dcmnet.dir\debug\dulparse.obj
d:\cybermed\daddy\dependency\dcmtk-dcmtk-3.6.8\build_msvc\dcmnet\libsrc\dcmnet.dir\debug\dulfsm.obj
d:\cybermed\daddy\dependency\dcmtk-dcmtk-3.6.8\build_msvc\dcmnet\libsrc\dcmnet.dir\debug\dulextra.obj
d:\cybermed\daddy\dependency\dcmtk-dcmtk-3.6.8\build_msvc\dcmnet\libsrc\dcmnet.dir\debug\dulconst.obj
d:\cybermed\daddy\dependency\dcmtk-dcmtk-3.6.8\build_msvc\dcmnet\libsrc\dcmnet.dir\debug\dul.obj
d:\cybermed\daddy\dependency\dcmtk-dcmtk-3.6.8\build_msvc\dcmnet\libsrc\dcmnet.dir\debug\dstorscu.obj
d:\cybermed\daddy\dependency\dcmtk-dcmtk-3.6.8\build_msvc\dcmnet\libsrc\dcmnet.dir\debug\dstorscp.obj
d:\cybermed\daddy\dependency\dcmtk-dcmtk-3.6.8\build_msvc\dcmnet\libsrc\dcmnet.dir\debug\diutil.obj
d:\cybermed\daddy\dependency\dcmtk-dcmtk-3.6.8\build_msvc\dcmnet\libsrc\dcmnet.dir\debug\dimstore.obj
d:\cybermed\daddy\dependency\dcmtk-dcmtk-3.6.8\build_msvc\dcmnet\libsrc\dcmnet.dir\debug\dimse.obj
d:\cybermed\daddy\dependency\dcmtk-dcmtk-3.6.8\build_msvc\dcmnet\libsrc\dcmnet.dir\debug\dimmove.obj
d:\cybermed\daddy\dependency\dcmtk-dcmtk-3.6.8\build_msvc\dcmnet\libsrc\dcmnet.dir\debug\dimget.obj
d:\cybermed\daddy\dependency\dcmtk-dcmtk-3.6.8\build_msvc\dcmnet\libsrc\dcmnet.dir\debug\scu.obj
d:\cybermed\daddy\dependency\dcmtk-dcmtk-3.6.8\build_msvc\dcmnet\libsrc\dcmnet.dir\debug\vc143.pdb
d:\cybermed\daddy\dependency\dcmtk-dcmtk-3.6.8\build_msvc\dcmnet\libsrc\dcmnet.dir\debug\dwrap.obj
d:\cybermed\daddy\dependency\dcmtk-dcmtk-3.6.8\build_msvc\dcmnet\libsrc\cmakefiles\generate.stamp
d:\cybermed\daddy\dependency\dcmtk-dcmtk-3.6.8\build_msvc\lib\debug\dcmnet.lib
d:\cybermed\daddy\dependency\dcmtk-dcmtk-3.6.8\build_msvc\bin\debug\dcmnet.dll
d:\cybermed\daddy\dependency\dcmtk-dcmtk-3.6.8\build_msvc\bin\debug\dcmnet.pdb
d:\cybermed\daddy\dependency\dcmtk-dcmtk-3.6.8\build_msvc\lib\debug\dcmnet.exp
d:\cybermed\daddy\dependency\dcmtk-dcmtk-3.6.8\build_msvc\dcmnet\libsrc\dcmnet.dir\debug\dcmnet.ilk
d:\cybermed\daddy\dependency\dcmtk-dcmtk-3.6.8\build_msvc\dcmnet\libsrc\dcmnet.dir\debug\dcmnet.tlog\cl.command.1.tlog
d:\cybermed\daddy\dependency\dcmtk-dcmtk-3.6.8\build_msvc\dcmnet\libsrc\dcmnet.dir\debug\dcmnet.tlog\cl.items.tlog
d:\cybermed\daddy\dependency\dcmtk-dcmtk-3.6.8\build_msvc\dcmnet\libsrc\dcmnet.dir\debug\dcmnet.tlog\cl.read.1.tlog
d:\cybermed\daddy\dependency\dcmtk-dcmtk-3.6.8\build_msvc\dcmnet\libsrc\dcmnet.dir\debug\dcmnet.tlog\cl.write.1.tlog
d:\cybermed\daddy\dependency\dcmtk-dcmtk-3.6.8\build_msvc\dcmnet\libsrc\dcmnet.dir\debug\dcmnet.tlog\custombuild.command.1.tlog
d:\cybermed\daddy\dependency\dcmtk-dcmtk-3.6.8\build_msvc\dcmnet\libsrc\dcmnet.dir\debug\dcmnet.tlog\custombuild.read.1.tlog
d:\cybermed\daddy\dependency\dcmtk-dcmtk-3.6.8\build_msvc\dcmnet\libsrc\dcmnet.dir\debug\dcmnet.tlog\custombuild.write.1.tlog
d:\cybermed\daddy\dependency\dcmtk-dcmtk-3.6.8\build_msvc\dcmnet\libsrc\dcmnet.dir\debug\dcmnet.tlog\lib-link.read.1.tlog
d:\cybermed\daddy\dependency\dcmtk-dcmtk-3.6.8\build_msvc\dcmnet\libsrc\dcmnet.dir\debug\dcmnet.tlog\lib-link.write.1.tlog
d:\cybermed\daddy\dependency\dcmtk-dcmtk-3.6.8\build_msvc\dcmnet\libsrc\dcmnet.dir\debug\dcmnet.tlog\lib.command.1.tlog
d:\cybermed\daddy\dependency\dcmtk-dcmtk-3.6.8\build_msvc\dcmnet\libsrc\dcmnet.dir\debug\dcmnet.tlog\link.command.1.tlog
d:\cybermed\daddy\dependency\dcmtk-dcmtk-3.6.8\build_msvc\dcmnet\libsrc\dcmnet.dir\debug\dcmnet.tlog\link.read.1.tlog
d:\cybermed\daddy\dependency\dcmtk-dcmtk-3.6.8\build_msvc\dcmnet\libsrc\dcmnet.dir\debug\dcmnet.tlog\link.secondary.1.tlog
d:\cybermed\daddy\dependency\dcmtk-dcmtk-3.6.8\build_msvc\dcmnet\libsrc\dcmnet.dir\debug\dcmnet.tlog\link.write.1.tlog
