d:\cybermed\daddy\dependency\sdk-vtk-9.4.2\build_msvc\interaction\style\interactionstyle.dir\release\vtkparallelcoordinatesinteractorstyle.obj
d:\cybermed\daddy\dependency\sdk-vtk-9.4.2\build_msvc\interaction\style\interactionstyle.dir\release\vtkinteractorstyleswitch.obj
d:\cybermed\daddy\dependency\sdk-vtk-9.4.2\build_msvc\interaction\style\interactionstyle.dir\release\vtkinteractorstyleuser.obj
d:\cybermed\daddy\dependency\sdk-vtk-9.4.2\build_msvc\interaction\style\interactionstyle.dir\release\vtkinteractorstyleunicam.obj
d:\cybermed\daddy\dependency\sdk-vtk-9.4.2\build_msvc\interaction\style\interactionstyle.dir\release\vtkinteractorstyletrackballcamera.obj
d:\cybermed\daddy\dependency\sdk-vtk-9.4.2\build_msvc\interaction\style\interactionstyle.dir\release\vtkinteractorstyletrackballactor.obj
d:\cybermed\daddy\dependency\sdk-vtk-9.4.2\build_msvc\interaction\style\interactionstyle.dir\release\vtkinteractorstyletrackball.obj
d:\cybermed\daddy\dependency\sdk-vtk-9.4.2\build_msvc\interaction\style\interactionstyle.dir\release\vtkinteractorstyleterrain.obj
d:\cybermed\daddy\dependency\sdk-vtk-9.4.2\build_msvc\interaction\style\interactionstyle.dir\release\vtkinteractorstylerubberbandzoom.obj
d:\cybermed\daddy\dependency\sdk-vtk-9.4.2\build_msvc\interaction\style\interactionstyle.dir\release\vtkinteractorstylerubberbandpick.obj
d:\cybermed\daddy\dependency\sdk-vtk-9.4.2\build_msvc\interaction\style\interactionstyle.dir\release\vtkinteractorstylerubberband3d.obj
d:\cybermed\daddy\dependency\sdk-vtk-9.4.2\build_msvc\interaction\style\interactionstyle.dir\release\vtkinteractorstylerubberband2d.obj
d:\cybermed\daddy\dependency\sdk-vtk-9.4.2\build_msvc\interaction\style\interactionstyle.dir\release\vtkinteractorstylemultitouchcamera.obj
d:\cybermed\daddy\dependency\sdk-vtk-9.4.2\build_msvc\interaction\style\interactionstyle.dir\release\vtkinteractorstylejoystickcamera.obj
d:\cybermed\daddy\dependency\sdk-vtk-9.4.2\build_msvc\interaction\style\interactionstyle.dir\release\vtkinteractorstylejoystickactor.obj
d:\cybermed\daddy\dependency\sdk-vtk-9.4.2\build_msvc\interaction\style\interactionstyle.dir\release\vtkinteractorstyleimage.obj
d:\cybermed\daddy\dependency\sdk-vtk-9.4.2\build_msvc\interaction\style\interactionstyle.dir\release\vtkinteractorstyleflight.obj
d:\cybermed\daddy\dependency\sdk-vtk-9.4.2\build_msvc\interaction\style\interactionstyle.dir\release\vtkinteractorstyledrawpolygon.obj
d:\cybermed\daddy\dependency\sdk-vtk-9.4.2\build_msvc\interaction\style\interactionstyle.dir\release\vtkinteractionstyleobjectfactory.obj
d:\cybermed\daddy\dependency\sdk-vtk-9.4.2\build_msvc\interaction\style\cmakefiles\generate.stamp
d:\cybermed\daddy\dependency\sdk-vtk-9.4.2\build_msvc\bin\release\vtkinteractionstyle-9.4.dll
d:\cybermed\daddy\dependency\sdk-vtk-9.4.2\build_msvc\lib\release\vtkinteractionstyle-9.4.lib
d:\cybermed\daddy\dependency\sdk-vtk-9.4.2\build_msvc\lib\release\vtkinteractionstyle-9.4.exp
d:\cybermed\daddy\dependency\sdk-vtk-9.4.2\build_msvc\interaction\style\interactionstyle.dir\release\interactionstyle.tlog\cl.command.1.tlog
d:\cybermed\daddy\dependency\sdk-vtk-9.4.2\build_msvc\interaction\style\interactionstyle.dir\release\interactionstyle.tlog\cl.items.tlog
d:\cybermed\daddy\dependency\sdk-vtk-9.4.2\build_msvc\interaction\style\interactionstyle.dir\release\interactionstyle.tlog\cl.read.1.tlog
d:\cybermed\daddy\dependency\sdk-vtk-9.4.2\build_msvc\interaction\style\interactionstyle.dir\release\interactionstyle.tlog\cl.write.1.tlog
d:\cybermed\daddy\dependency\sdk-vtk-9.4.2\build_msvc\interaction\style\interactionstyle.dir\release\interactionstyle.tlog\custombuild.command.1.tlog
d:\cybermed\daddy\dependency\sdk-vtk-9.4.2\build_msvc\interaction\style\interactionstyle.dir\release\interactionstyle.tlog\custombuild.read.1.tlog
d:\cybermed\daddy\dependency\sdk-vtk-9.4.2\build_msvc\interaction\style\interactionstyle.dir\release\interactionstyle.tlog\custombuild.write.1.tlog
d:\cybermed\daddy\dependency\sdk-vtk-9.4.2\build_msvc\interaction\style\interactionstyle.dir\release\interactionstyle.tlog\link.command.1.tlog
d:\cybermed\daddy\dependency\sdk-vtk-9.4.2\build_msvc\interaction\style\interactionstyle.dir\release\interactionstyle.tlog\link.read.1.tlog
d:\cybermed\daddy\dependency\sdk-vtk-9.4.2\build_msvc\interaction\style\interactionstyle.dir\release\interactionstyle.tlog\link.secondary.1.tlog
d:\cybermed\daddy\dependency\sdk-vtk-9.4.2\build_msvc\interaction\style\interactionstyle.dir\release\interactionstyle.tlog\link.write.1.tlog
