d:\cybermed\daddy\dependency\sdk-vtk-9.4.2\build_msvc\wrapping\tools\wrappython.dir\debug\vc143.pdb
d:\cybermed\daddy\dependency\sdk-vtk-9.4.2\build_msvc\wrapping\tools\wrappython.dir\debug\vtkwrappythontype.obj
d:\cybermed\daddy\dependency\sdk-vtk-9.4.2\build_msvc\wrapping\tools\wrappython.dir\debug\vtkwrappythontemplate.obj
d:\cybermed\daddy\dependency\sdk-vtk-9.4.2\build_msvc\wrapping\tools\wrappython.dir\debug\vtkwrappythonproperty.obj
d:\cybermed\daddy\dependency\sdk-vtk-9.4.2\build_msvc\wrapping\tools\wrappython.dir\debug\vtkwrappythonoverload.obj
d:\cybermed\daddy\dependency\sdk-vtk-9.4.2\build_msvc\wrapping\tools\wrappython.dir\debug\vtkwrappythonnumberprotocol.obj
d:\cybermed\daddy\dependency\sdk-vtk-9.4.2\build_msvc\wrapping\tools\wrappython.dir\debug\vtkwrappythonnamespace.obj
d:\cybermed\daddy\dependency\sdk-vtk-9.4.2\build_msvc\wrapping\tools\wrappython.dir\debug\vtkwrappythonmethoddef.obj
d:\cybermed\daddy\dependency\sdk-vtk-9.4.2\build_msvc\wrapping\tools\wrappython.dir\debug\vtkwrappythonmethod.obj
d:\cybermed\daddy\dependency\sdk-vtk-9.4.2\build_msvc\wrapping\tools\wrappython.dir\debug\vtkwrappythonenum.obj
d:\cybermed\daddy\dependency\sdk-vtk-9.4.2\build_msvc\wrapping\tools\wrappython.dir\debug\vtkwrappythonconstant.obj
d:\cybermed\daddy\dependency\sdk-vtk-9.4.2\build_msvc\wrapping\tools\wrappython.dir\debug\vtkwrappythonclass.obj
d:\cybermed\daddy\dependency\sdk-vtk-9.4.2\build_msvc\wrapping\tools\wrappython.dir\debug\vtkwrappython.obj
d:\cybermed\daddy\dependency\sdk-vtk-9.4.2\build_msvc\wrapping\tools\cmakefiles\generate.stamp
d:\cybermed\daddy\dependency\sdk-vtk-9.4.2\build_msvc\bin\debug\vtkwrappython-9.4d.exe
d:\cybermed\daddy\dependency\sdk-vtk-9.4.2\build_msvc\bin\debug\vtkwrappython-9.4d.pdb
d:\cybermed\daddy\dependency\sdk-vtk-9.4.2\build_msvc\wrapping\tools\wrappython.dir\debug\vtkwrappython-9.4d.ilk
d:\cybermed\daddy\dependency\sdk-vtk-9.4.2\build_msvc\wrapping\tools\wrappython.dir\debug\wrappython.tlog\cl.command.1.tlog
d:\cybermed\daddy\dependency\sdk-vtk-9.4.2\build_msvc\wrapping\tools\wrappython.dir\debug\wrappython.tlog\cl.items.tlog
d:\cybermed\daddy\dependency\sdk-vtk-9.4.2\build_msvc\wrapping\tools\wrappython.dir\debug\wrappython.tlog\cl.read.1.tlog
d:\cybermed\daddy\dependency\sdk-vtk-9.4.2\build_msvc\wrapping\tools\wrappython.dir\debug\wrappython.tlog\cl.write.1.tlog
d:\cybermed\daddy\dependency\sdk-vtk-9.4.2\build_msvc\wrapping\tools\wrappython.dir\debug\wrappython.tlog\custombuild.command.1.tlog
d:\cybermed\daddy\dependency\sdk-vtk-9.4.2\build_msvc\wrapping\tools\wrappython.dir\debug\wrappython.tlog\custombuild.read.1.tlog
d:\cybermed\daddy\dependency\sdk-vtk-9.4.2\build_msvc\wrapping\tools\wrappython.dir\debug\wrappython.tlog\custombuild.write.1.tlog
d:\cybermed\daddy\dependency\sdk-vtk-9.4.2\build_msvc\wrapping\tools\wrappython.dir\debug\wrappython.tlog\link.command.1.tlog
d:\cybermed\daddy\dependency\sdk-vtk-9.4.2\build_msvc\wrapping\tools\wrappython.dir\debug\wrappython.tlog\link.read.1.tlog
d:\cybermed\daddy\dependency\sdk-vtk-9.4.2\build_msvc\wrapping\tools\wrappython.dir\debug\wrappython.tlog\link.secondary.1.tlog
d:\cybermed\daddy\dependency\sdk-vtk-9.4.2\build_msvc\wrapping\tools\wrappython.dir\debug\wrappython.tlog\link.write.1.tlog
