d:\cybermed\daddy\dependency\sdk-vtk-9.4.2\build_msvc\filters\verdict\filtersverdict.dir\release\vtkmeshquality.obj
d:\cybermed\daddy\dependency\sdk-vtk-9.4.2\build_msvc\filters\verdict\filtersverdict.dir\release\vtkmatrixmathfilter.obj
d:\cybermed\daddy\dependency\sdk-vtk-9.4.2\build_msvc\filters\verdict\filtersverdict.dir\release\vtkcellsizefilter.obj
d:\cybermed\daddy\dependency\sdk-vtk-9.4.2\build_msvc\filters\verdict\filtersverdict.dir\release\vtkcellquality.obj
d:\cybermed\daddy\dependency\sdk-vtk-9.4.2\build_msvc\filters\verdict\filtersverdict.dir\release\vtkboundarymeshquality.obj
d:\cybermed\daddy\dependency\sdk-vtk-9.4.2\build_msvc\filters\verdict\cmakefiles\generate.stamp
d:\cybermed\daddy\dependency\sdk-vtk-9.4.2\build_msvc\bin\release\vtkfiltersverdict-9.4.dll
d:\cybermed\daddy\dependency\sdk-vtk-9.4.2\build_msvc\lib\release\vtkfiltersverdict-9.4.lib
d:\cybermed\daddy\dependency\sdk-vtk-9.4.2\build_msvc\lib\release\vtkfiltersverdict-9.4.exp
d:\cybermed\daddy\dependency\sdk-vtk-9.4.2\build_msvc\filters\verdict\filtersverdict.dir\release\filtersverdict.tlog\cl.command.1.tlog
d:\cybermed\daddy\dependency\sdk-vtk-9.4.2\build_msvc\filters\verdict\filtersverdict.dir\release\filtersverdict.tlog\cl.items.tlog
d:\cybermed\daddy\dependency\sdk-vtk-9.4.2\build_msvc\filters\verdict\filtersverdict.dir\release\filtersverdict.tlog\cl.read.1.tlog
d:\cybermed\daddy\dependency\sdk-vtk-9.4.2\build_msvc\filters\verdict\filtersverdict.dir\release\filtersverdict.tlog\cl.write.1.tlog
d:\cybermed\daddy\dependency\sdk-vtk-9.4.2\build_msvc\filters\verdict\filtersverdict.dir\release\filtersverdict.tlog\custombuild.command.1.tlog
d:\cybermed\daddy\dependency\sdk-vtk-9.4.2\build_msvc\filters\verdict\filtersverdict.dir\release\filtersverdict.tlog\custombuild.read.1.tlog
d:\cybermed\daddy\dependency\sdk-vtk-9.4.2\build_msvc\filters\verdict\filtersverdict.dir\release\filtersverdict.tlog\custombuild.write.1.tlog
d:\cybermed\daddy\dependency\sdk-vtk-9.4.2\build_msvc\filters\verdict\filtersverdict.dir\release\filtersverdict.tlog\link.command.1.tlog
d:\cybermed\daddy\dependency\sdk-vtk-9.4.2\build_msvc\filters\verdict\filtersverdict.dir\release\filtersverdict.tlog\link.read.1.tlog
d:\cybermed\daddy\dependency\sdk-vtk-9.4.2\build_msvc\filters\verdict\filtersverdict.dir\release\filtersverdict.tlog\link.secondary.1.tlog
d:\cybermed\daddy\dependency\sdk-vtk-9.4.2\build_msvc\filters\verdict\filtersverdict.dir\release\filtersverdict.tlog\link.write.1.tlog
