d:\cybermed\daddy\dependency\sdk-vtk-9.4.2\build_msvc\io\hdf\iohdf.dir\release\vtkhdfwriterimplementation.obj
d:\cybermed\daddy\dependency\sdk-vtk-9.4.2\build_msvc\io\hdf\iohdf.dir\release\vtkhdfreaderimplementation.obj
d:\cybermed\daddy\dependency\sdk-vtk-9.4.2\build_msvc\io\hdf\iohdf.dir\release\vtkhdfutilities.obj
d:\cybermed\daddy\dependency\sdk-vtk-9.4.2\build_msvc\io\hdf\iohdf.dir\release\vtkhdfwriter.obj
d:\cybermed\daddy\dependency\sdk-vtk-9.4.2\build_msvc\io\hdf\iohdf.dir\release\vtkhdfreader.obj
d:\cybermed\daddy\dependency\sdk-vtk-9.4.2\build_msvc\io\hdf\cmakefiles\generate.stamp
d:\cybermed\daddy\dependency\sdk-vtk-9.4.2\build_msvc\bin\release\vtkiohdf-9.4.dll
d:\cybermed\daddy\dependency\sdk-vtk-9.4.2\build_msvc\lib\release\vtkiohdf-9.4.lib
d:\cybermed\daddy\dependency\sdk-vtk-9.4.2\build_msvc\lib\release\vtkiohdf-9.4.exp
d:\cybermed\daddy\dependency\sdk-vtk-9.4.2\build_msvc\io\hdf\iohdf.dir\release\iohdf.tlog\cl.command.1.tlog
d:\cybermed\daddy\dependency\sdk-vtk-9.4.2\build_msvc\io\hdf\iohdf.dir\release\iohdf.tlog\cl.items.tlog
d:\cybermed\daddy\dependency\sdk-vtk-9.4.2\build_msvc\io\hdf\iohdf.dir\release\iohdf.tlog\cl.read.1.tlog
d:\cybermed\daddy\dependency\sdk-vtk-9.4.2\build_msvc\io\hdf\iohdf.dir\release\iohdf.tlog\cl.write.1.tlog
d:\cybermed\daddy\dependency\sdk-vtk-9.4.2\build_msvc\io\hdf\iohdf.dir\release\iohdf.tlog\custombuild.command.1.tlog
d:\cybermed\daddy\dependency\sdk-vtk-9.4.2\build_msvc\io\hdf\iohdf.dir\release\iohdf.tlog\custombuild.read.1.tlog
d:\cybermed\daddy\dependency\sdk-vtk-9.4.2\build_msvc\io\hdf\iohdf.dir\release\iohdf.tlog\custombuild.write.1.tlog
d:\cybermed\daddy\dependency\sdk-vtk-9.4.2\build_msvc\io\hdf\iohdf.dir\release\iohdf.tlog\link.command.1.tlog
d:\cybermed\daddy\dependency\sdk-vtk-9.4.2\build_msvc\io\hdf\iohdf.dir\release\iohdf.tlog\link.read.1.tlog
d:\cybermed\daddy\dependency\sdk-vtk-9.4.2\build_msvc\io\hdf\iohdf.dir\release\iohdf.tlog\link.secondary.1.tlog
d:\cybermed\daddy\dependency\sdk-vtk-9.4.2\build_msvc\io\hdf\iohdf.dir\release\iohdf.tlog\link.write.1.tlog
