d:\cybermed\daddy\dependency\sdk-vtk-9.4.2\build_msvc\lib\debug\vtkiooggtheora-9.4d.pdb
d:\cybermed\daddy\dependency\sdk-vtk-9.4.2\build_msvc\io\oggtheora\iooggtheora.dir\debug\vtkoggtheorawriter.obj
d:\cybermed\daddy\dependency\sdk-vtk-9.4.2\build_msvc\io\oggtheora\iooggtheora.dir\debug\vc143.pdb
d:\cybermed\daddy\dependency\sdk-vtk-9.4.2\build_msvc\io\oggtheora\cmakefiles\generate.stamp
d:\cybermed\daddy\dependency\sdk-vtk-9.4.2\build_msvc\lib\debug\vtkiooggtheora-9.4d.lib
d:\cybermed\daddy\dependency\sdk-vtk-9.4.2\build_msvc\bin\debug\vtkiooggtheora-9.4d.dll
d:\cybermed\daddy\dependency\sdk-vtk-9.4.2\build_msvc\bin\debug\vtkiooggtheora-9.4d.pdb
d:\cybermed\daddy\dependency\sdk-vtk-9.4.2\build_msvc\lib\debug\vtkiooggtheora-9.4d.exp
d:\cybermed\daddy\dependency\sdk-vtk-9.4.2\build_msvc\io\oggtheora\iooggtheora.dir\debug\vtkiooggtheora-9.4d.ilk
d:\cybermed\daddy\dependency\sdk-vtk-9.4.2\build_msvc\io\oggtheora\iooggtheora.dir\debug\iooggtheora.tlog\cl.command.1.tlog
d:\cybermed\daddy\dependency\sdk-vtk-9.4.2\build_msvc\io\oggtheora\iooggtheora.dir\debug\iooggtheora.tlog\cl.items.tlog
d:\cybermed\daddy\dependency\sdk-vtk-9.4.2\build_msvc\io\oggtheora\iooggtheora.dir\debug\iooggtheora.tlog\cl.read.1.tlog
d:\cybermed\daddy\dependency\sdk-vtk-9.4.2\build_msvc\io\oggtheora\iooggtheora.dir\debug\iooggtheora.tlog\cl.write.1.tlog
d:\cybermed\daddy\dependency\sdk-vtk-9.4.2\build_msvc\io\oggtheora\iooggtheora.dir\debug\iooggtheora.tlog\custombuild.command.1.tlog
d:\cybermed\daddy\dependency\sdk-vtk-9.4.2\build_msvc\io\oggtheora\iooggtheora.dir\debug\iooggtheora.tlog\custombuild.read.1.tlog
d:\cybermed\daddy\dependency\sdk-vtk-9.4.2\build_msvc\io\oggtheora\iooggtheora.dir\debug\iooggtheora.tlog\custombuild.write.1.tlog
d:\cybermed\daddy\dependency\sdk-vtk-9.4.2\build_msvc\io\oggtheora\iooggtheora.dir\debug\iooggtheora.tlog\lib-link.read.1.tlog
d:\cybermed\daddy\dependency\sdk-vtk-9.4.2\build_msvc\io\oggtheora\iooggtheora.dir\debug\iooggtheora.tlog\lib-link.write.1.tlog
d:\cybermed\daddy\dependency\sdk-vtk-9.4.2\build_msvc\io\oggtheora\iooggtheora.dir\debug\iooggtheora.tlog\lib.command.1.tlog
d:\cybermed\daddy\dependency\sdk-vtk-9.4.2\build_msvc\io\oggtheora\iooggtheora.dir\debug\iooggtheora.tlog\link.command.1.tlog
d:\cybermed\daddy\dependency\sdk-vtk-9.4.2\build_msvc\io\oggtheora\iooggtheora.dir\debug\iooggtheora.tlog\link.read.1.tlog
d:\cybermed\daddy\dependency\sdk-vtk-9.4.2\build_msvc\io\oggtheora\iooggtheora.dir\debug\iooggtheora.tlog\link.secondary.1.tlog
d:\cybermed\daddy\dependency\sdk-vtk-9.4.2\build_msvc\io\oggtheora\iooggtheora.dir\debug\iooggtheora.tlog\link.write.1.tlog
