d:\cybermed\daddy\dependency\sdk-vtk-9.4.2\build_msvc\io\image\ioimage.dir\release\vtkmetaimagereader.obj
d:\cybermed\daddy\dependency\sdk-vtk-9.4.2\build_msvc\io\image\ioimage.dir\release\vtkmedicalimagereader2.obj
d:\cybermed\daddy\dependency\sdk-vtk-9.4.2\build_msvc\io\image\ioimage.dir\release\vtkmedicalimageproperties.obj
d:\cybermed\daddy\dependency\sdk-vtk-9.4.2\build_msvc\io\image\ioimage.dir\release\vtkjsonimagewriter.obj
d:\cybermed\daddy\dependency\sdk-vtk-9.4.2\build_msvc\io\image\ioimage.dir\release\vtkjpegwriter.obj
d:\cybermed\daddy\dependency\sdk-vtk-9.4.2\build_msvc\io\image\ioimage.dir\release\vtkjpegreader.obj
d:\cybermed\daddy\dependency\sdk-vtk-9.4.2\build_msvc\io\image\ioimage.dir\release\vtkimagewriter.obj
d:\cybermed\daddy\dependency\sdk-vtk-9.4.2\build_msvc\io\image\ioimage.dir\release\vtkimagereader2factory.obj
d:\cybermed\daddy\dependency\sdk-vtk-9.4.2\build_msvc\io\image\ioimage.dir\release\vtkimagereader2collection.obj
d:\cybermed\daddy\dependency\sdk-vtk-9.4.2\build_msvc\io\image\ioimage.dir\release\vtkimagereader2.obj
d:\cybermed\daddy\dependency\sdk-vtk-9.4.2\build_msvc\io\image\ioimage.dir\release\vtkimagereader.obj
d:\cybermed\daddy\dependency\sdk-vtk-9.4.2\build_msvc\io\image\ioimage.dir\release\vtkimageimportexecutive.obj
d:\cybermed\daddy\dependency\sdk-vtk-9.4.2\build_msvc\io\image\ioimage.dir\release\vtkimageimport.obj
d:\cybermed\daddy\dependency\sdk-vtk-9.4.2\build_msvc\io\image\ioimage.dir\release\vtkimageexport.obj
d:\cybermed\daddy\dependency\sdk-vtk-9.4.2\build_msvc\io\image\ioimage.dir\release\vtkhdrreader.obj
d:\cybermed\daddy\dependency\sdk-vtk-9.4.2\build_msvc\io\image\ioimage.dir\release\vtkgesignareader.obj
d:\cybermed\daddy\dependency\sdk-vtk-9.4.2\build_msvc\io\image\ioimage.dir\release\vtkdicomimagereader.obj
d:\cybermed\daddy\dependency\sdk-vtk-9.4.2\build_msvc\io\image\ioimage.dir\release\vtkdemreader.obj
d:\cybermed\daddy\dependency\sdk-vtk-9.4.2\build_msvc\io\image\ioimage.dir\release\vtkbmpwriter.obj
d:\cybermed\daddy\dependency\sdk-vtk-9.4.2\build_msvc\io\image\ioimage.dir\release\vtkbmpreader.obj
d:\cybermed\daddy\dependency\sdk-vtk-9.4.2\build_msvc\io\image\ioimage.dir\release\vtkvolumereader.obj
d:\cybermed\daddy\dependency\sdk-vtk-9.4.2\build_msvc\io\image\ioimage.dir\release\vtkvolume16reader.obj
d:\cybermed\daddy\dependency\sdk-vtk-9.4.2\build_msvc\io\image\ioimage.dir\release\vtktiffwriter.obj
d:\cybermed\daddy\dependency\sdk-vtk-9.4.2\build_msvc\io\image\ioimage.dir\release\vtktiffreader.obj
d:\cybermed\daddy\dependency\sdk-vtk-9.4.2\build_msvc\io\image\ioimage.dir\release\vtktgareader.obj
d:\cybermed\daddy\dependency\sdk-vtk-9.4.2\build_msvc\io\image\ioimage.dir\release\vtkslcreader.obj
d:\cybermed\daddy\dependency\sdk-vtk-9.4.2\build_msvc\io\image\ioimage.dir\release\vtksepreader.obj
d:\cybermed\daddy\dependency\sdk-vtk-9.4.2\build_msvc\io\image\ioimage.dir\release\vtkpostscriptwriter.obj
d:\cybermed\daddy\dependency\sdk-vtk-9.4.2\build_msvc\io\image\ioimage.dir\release\vtkpnmwriter.obj
d:\cybermed\daddy\dependency\sdk-vtk-9.4.2\build_msvc\io\image\ioimage.dir\release\vtkpnmreader.obj
d:\cybermed\daddy\dependency\sdk-vtk-9.4.2\build_msvc\io\image\ioimage.dir\release\vtkpngwriter.obj
d:\cybermed\daddy\dependency\sdk-vtk-9.4.2\build_msvc\io\image\ioimage.dir\release\vtkpngreader.obj
d:\cybermed\daddy\dependency\sdk-vtk-9.4.2\build_msvc\io\image\ioimage.dir\release\vtkometiffreader.obj
d:\cybermed\daddy\dependency\sdk-vtk-9.4.2\build_msvc\io\image\ioimage.dir\release\vtknrrdreader.obj
d:\cybermed\daddy\dependency\sdk-vtk-9.4.2\build_msvc\io\image\ioimage.dir\release\vtkniftiimagewriter.obj
d:\cybermed\daddy\dependency\sdk-vtk-9.4.2\build_msvc\io\image\ioimage.dir\release\vtkniftiimagereader.obj
d:\cybermed\daddy\dependency\sdk-vtk-9.4.2\build_msvc\io\image\ioimage.dir\release\vtkniftiimageheader.obj
d:\cybermed\daddy\dependency\sdk-vtk-9.4.2\build_msvc\io\image\ioimage.dir\release\vtkmrcreader.obj
d:\cybermed\daddy\dependency\sdk-vtk-9.4.2\build_msvc\io\image\ioimage.dir\release\vtkmetaimagewriter.obj
d:\cybermed\daddy\dependency\sdk-vtk-9.4.2\build_msvc\io\image\cmakefiles\generate.stamp
d:\cybermed\daddy\dependency\sdk-vtk-9.4.2\build_msvc\bin\release\vtkioimage-9.4.dll
d:\cybermed\daddy\dependency\sdk-vtk-9.4.2\build_msvc\lib\release\vtkioimage-9.4.lib
d:\cybermed\daddy\dependency\sdk-vtk-9.4.2\build_msvc\lib\release\vtkioimage-9.4.exp
d:\cybermed\daddy\dependency\sdk-vtk-9.4.2\build_msvc\io\image\ioimage.dir\release\ioimage.tlog\cl.command.1.tlog
d:\cybermed\daddy\dependency\sdk-vtk-9.4.2\build_msvc\io\image\ioimage.dir\release\ioimage.tlog\cl.items.tlog
d:\cybermed\daddy\dependency\sdk-vtk-9.4.2\build_msvc\io\image\ioimage.dir\release\ioimage.tlog\cl.read.1.tlog
d:\cybermed\daddy\dependency\sdk-vtk-9.4.2\build_msvc\io\image\ioimage.dir\release\ioimage.tlog\cl.write.1.tlog
d:\cybermed\daddy\dependency\sdk-vtk-9.4.2\build_msvc\io\image\ioimage.dir\release\ioimage.tlog\custombuild.command.1.tlog
d:\cybermed\daddy\dependency\sdk-vtk-9.4.2\build_msvc\io\image\ioimage.dir\release\ioimage.tlog\custombuild.read.1.tlog
d:\cybermed\daddy\dependency\sdk-vtk-9.4.2\build_msvc\io\image\ioimage.dir\release\ioimage.tlog\custombuild.write.1.tlog
d:\cybermed\daddy\dependency\sdk-vtk-9.4.2\build_msvc\io\image\ioimage.dir\release\ioimage.tlog\link.command.1.tlog
d:\cybermed\daddy\dependency\sdk-vtk-9.4.2\build_msvc\io\image\ioimage.dir\release\ioimage.tlog\link.read.1.tlog
d:\cybermed\daddy\dependency\sdk-vtk-9.4.2\build_msvc\io\image\ioimage.dir\release\ioimage.tlog\link.secondary.1.tlog
d:\cybermed\daddy\dependency\sdk-vtk-9.4.2\build_msvc\io\image\ioimage.dir\release\ioimage.tlog\link.write.1.tlog
