d:\cybermed\daddy\dependency\sdk-vtk-9.4.2\build_msvc\lib\debug\vtkrenderingraytracing-9.4d.pdb
d:\cybermed\daddy\dependency\sdk-vtk-9.4.2\build_msvc\rendering\raytracing\renderingraytracing.dir\debug\vtkospraywindownode.obj
d:\cybermed\daddy\dependency\sdk-vtk-9.4.2\build_msvc\rendering\raytracing\renderingraytracing.dir\debug\vtkosprayvolumenode.obj
d:\cybermed\daddy\dependency\sdk-vtk-9.4.2\build_msvc\rendering\raytracing\renderingraytracing.dir\debug\vtkosprayvolumemappernode.obj
d:\cybermed\daddy\dependency\sdk-vtk-9.4.2\build_msvc\rendering\raytracing\renderingraytracing.dir\debug\vtkosprayvolumemapper.obj
d:\cybermed\daddy\dependency\sdk-vtk-9.4.2\build_msvc\rendering\raytracing\renderingraytracing.dir\debug\vtkosprayviewnodefactory.obj
d:\cybermed\daddy\dependency\sdk-vtk-9.4.2\build_msvc\rendering\raytracing\renderingraytracing.dir\debug\vtkosprayunstructuredvolumemappernode.obj
d:\cybermed\daddy\dependency\sdk-vtk-9.4.2\build_msvc\rendering\raytracing\renderingraytracing.dir\debug\vtkosprayrenderernode.obj
d:\cybermed\daddy\dependency\sdk-vtk-9.4.2\build_msvc\rendering\raytracing\renderingraytracing.dir\debug\vtkospraypointgaussianmappernode.obj
d:\cybermed\daddy\dependency\sdk-vtk-9.4.2\build_msvc\rendering\raytracing\renderingraytracing.dir\debug\vtkospraypolydatamappernode.obj
d:\cybermed\daddy\dependency\sdk-vtk-9.4.2\build_msvc\rendering\raytracing\renderingraytracing.dir\debug\vtkospraypass.obj
d:\cybermed\daddy\dependency\sdk-vtk-9.4.2\build_msvc\rendering\raytracing\renderingraytracing.dir\debug\vtkospraymoleculemappernode.obj
d:\cybermed\daddy\dependency\sdk-vtk-9.4.2\build_msvc\rendering\raytracing\renderingraytracing.dir\debug\vtkospraymateriallibrary.obj
d:\cybermed\daddy\dependency\sdk-vtk-9.4.2\build_msvc\rendering\raytracing\renderingraytracing.dir\debug\vtkospraymaterialhelpers.obj
d:\cybermed\daddy\dependency\sdk-vtk-9.4.2\build_msvc\rendering\raytracing\renderingraytracing.dir\debug\vtkospraylightnode.obj
d:\cybermed\daddy\dependency\sdk-vtk-9.4.2\build_msvc\rendering\raytracing\renderingraytracing.dir\debug\vtkospraycompositepolydatamapper2node.obj
d:\cybermed\daddy\dependency\sdk-vtk-9.4.2\build_msvc\rendering\raytracing\renderingraytracing.dir\debug\vtkospraycompositepolydatamappernode.obj
d:\cybermed\daddy\dependency\sdk-vtk-9.4.2\build_msvc\rendering\raytracing\renderingraytracing.dir\debug\vtkospraycameranode.obj
d:\cybermed\daddy\dependency\sdk-vtk-9.4.2\build_msvc\rendering\raytracing\renderingraytracing.dir\debug\vtkosprayamrvolumemappernode.obj
d:\cybermed\daddy\dependency\sdk-vtk-9.4.2\build_msvc\rendering\raytracing\renderingraytracing.dir\debug\vtkosprayactornode.obj
d:\cybermed\daddy\dependency\sdk-vtk-9.4.2\build_msvc\rendering\raytracing\renderingraytracing.dir\debug\vtkrenderingraytracingobjectfactory.obj
d:\cybermed\daddy\dependency\sdk-vtk-9.4.2\build_msvc\rendering\raytracing\renderingraytracing.dir\debug\rtwrapper.obj
d:\cybermed\daddy\dependency\sdk-vtk-9.4.2\build_msvc\rendering\raytracing\renderingraytracing.dir\debug\vc143.pdb
d:\cybermed\daddy\dependency\sdk-vtk-9.4.2\build_msvc\rendering\raytracing\cmakefiles\generate.stamp
d:\cybermed\daddy\dependency\sdk-vtk-9.4.2\build_msvc\lib\debug\vtkrenderingraytracing-9.4d.lib
d:\cybermed\daddy\dependency\sdk-vtk-9.4.2\build_msvc\bin\debug\vtkrenderingraytracing-9.4d.dll
d:\cybermed\daddy\dependency\sdk-vtk-9.4.2\build_msvc\bin\debug\vtkrenderingraytracing-9.4d.pdb
d:\cybermed\daddy\dependency\sdk-vtk-9.4.2\build_msvc\lib\debug\vtkrenderingraytracing-9.4d.exp
d:\cybermed\daddy\dependency\sdk-vtk-9.4.2\build_msvc\rendering\raytracing\renderingraytracing.dir\debug\vtkrenderingraytracing-9.4d.ilk
d:\cybermed\daddy\dependency\sdk-vtk-9.4.2\build_msvc\rendering\raytracing\renderingraytracing.dir\debug\renderin.917306d9.tlog\cl.command.1.tlog
d:\cybermed\daddy\dependency\sdk-vtk-9.4.2\build_msvc\rendering\raytracing\renderingraytracing.dir\debug\renderin.917306d9.tlog\cl.items.tlog
d:\cybermed\daddy\dependency\sdk-vtk-9.4.2\build_msvc\rendering\raytracing\renderingraytracing.dir\debug\renderin.917306d9.tlog\cl.read.1.tlog
d:\cybermed\daddy\dependency\sdk-vtk-9.4.2\build_msvc\rendering\raytracing\renderingraytracing.dir\debug\renderin.917306d9.tlog\cl.write.1.tlog
d:\cybermed\daddy\dependency\sdk-vtk-9.4.2\build_msvc\rendering\raytracing\renderingraytracing.dir\debug\renderin.917306d9.tlog\custombuild.command.1.tlog
d:\cybermed\daddy\dependency\sdk-vtk-9.4.2\build_msvc\rendering\raytracing\renderingraytracing.dir\debug\renderin.917306d9.tlog\custombuild.read.1.tlog
d:\cybermed\daddy\dependency\sdk-vtk-9.4.2\build_msvc\rendering\raytracing\renderingraytracing.dir\debug\renderin.917306d9.tlog\custombuild.write.1.tlog
d:\cybermed\daddy\dependency\sdk-vtk-9.4.2\build_msvc\rendering\raytracing\renderingraytracing.dir\debug\renderin.917306d9.tlog\lib-link.read.1.tlog
d:\cybermed\daddy\dependency\sdk-vtk-9.4.2\build_msvc\rendering\raytracing\renderingraytracing.dir\debug\renderin.917306d9.tlog\lib-link.write.1.tlog
d:\cybermed\daddy\dependency\sdk-vtk-9.4.2\build_msvc\rendering\raytracing\renderingraytracing.dir\debug\renderin.917306d9.tlog\lib.command.1.tlog
d:\cybermed\daddy\dependency\sdk-vtk-9.4.2\build_msvc\rendering\raytracing\renderingraytracing.dir\debug\renderin.917306d9.tlog\link.command.1.tlog
d:\cybermed\daddy\dependency\sdk-vtk-9.4.2\build_msvc\rendering\raytracing\renderingraytracing.dir\debug\renderin.917306d9.tlog\link.read.1.tlog
d:\cybermed\daddy\dependency\sdk-vtk-9.4.2\build_msvc\rendering\raytracing\renderingraytracing.dir\debug\renderin.917306d9.tlog\link.secondary.1.tlog
d:\cybermed\daddy\dependency\sdk-vtk-9.4.2\build_msvc\rendering\raytracing\renderingraytracing.dir\debug\renderin.917306d9.tlog\link.write.1.tlog
