d:\cybermed\daddy\dependency\sdk-vtk-9.4.2\build_msvc\lib\debug\vtkfilterstexture-9.4d.pdb
d:\cybermed\daddy\dependency\sdk-vtk-9.4.2\build_msvc\filters\texture\filterstexture.dir\debug\vtktriangulartcoords.obj
d:\cybermed\daddy\dependency\sdk-vtk-9.4.2\build_msvc\filters\texture\filterstexture.dir\debug\vtktransformtexturecoords.obj
d:\cybermed\daddy\dependency\sdk-vtk-9.4.2\build_msvc\filters\texture\filterstexture.dir\debug\vtkthresholdtexturecoords.obj
d:\cybermed\daddy\dependency\sdk-vtk-9.4.2\build_msvc\filters\texture\filterstexture.dir\debug\vtktexturemaptosphere.obj
d:\cybermed\daddy\dependency\sdk-vtk-9.4.2\build_msvc\filters\texture\filterstexture.dir\debug\vtktexturemaptoplane.obj
d:\cybermed\daddy\dependency\sdk-vtk-9.4.2\build_msvc\filters\texture\filterstexture.dir\debug\vtktexturemaptocylinder.obj
d:\cybermed\daddy\dependency\sdk-vtk-9.4.2\build_msvc\filters\texture\filterstexture.dir\debug\vtkscalarstotexturefilter.obj
d:\cybermed\daddy\dependency\sdk-vtk-9.4.2\build_msvc\filters\texture\filterstexture.dir\debug\vtkimplicittexturecoords.obj
d:\cybermed\daddy\dependency\sdk-vtk-9.4.2\build_msvc\filters\texture\filterstexture.dir\debug\vc143.pdb
d:\cybermed\daddy\dependency\sdk-vtk-9.4.2\build_msvc\filters\texture\cmakefiles\generate.stamp
d:\cybermed\daddy\dependency\sdk-vtk-9.4.2\build_msvc\lib\debug\vtkfilterstexture-9.4d.lib
d:\cybermed\daddy\dependency\sdk-vtk-9.4.2\build_msvc\bin\debug\vtkfilterstexture-9.4d.dll
d:\cybermed\daddy\dependency\sdk-vtk-9.4.2\build_msvc\bin\debug\vtkfilterstexture-9.4d.pdb
d:\cybermed\daddy\dependency\sdk-vtk-9.4.2\build_msvc\lib\debug\vtkfilterstexture-9.4d.exp
d:\cybermed\daddy\dependency\sdk-vtk-9.4.2\build_msvc\filters\texture\filterstexture.dir\debug\vtkfilterstexture-9.4d.ilk
d:\cybermed\daddy\dependency\sdk-vtk-9.4.2\build_msvc\filters\texture\filterstexture.dir\debug\filterstexture.tlog\cl.command.1.tlog
d:\cybermed\daddy\dependency\sdk-vtk-9.4.2\build_msvc\filters\texture\filterstexture.dir\debug\filterstexture.tlog\cl.items.tlog
d:\cybermed\daddy\dependency\sdk-vtk-9.4.2\build_msvc\filters\texture\filterstexture.dir\debug\filterstexture.tlog\cl.read.1.tlog
d:\cybermed\daddy\dependency\sdk-vtk-9.4.2\build_msvc\filters\texture\filterstexture.dir\debug\filterstexture.tlog\cl.write.1.tlog
d:\cybermed\daddy\dependency\sdk-vtk-9.4.2\build_msvc\filters\texture\filterstexture.dir\debug\filterstexture.tlog\custombuild.command.1.tlog
d:\cybermed\daddy\dependency\sdk-vtk-9.4.2\build_msvc\filters\texture\filterstexture.dir\debug\filterstexture.tlog\custombuild.read.1.tlog
d:\cybermed\daddy\dependency\sdk-vtk-9.4.2\build_msvc\filters\texture\filterstexture.dir\debug\filterstexture.tlog\custombuild.write.1.tlog
d:\cybermed\daddy\dependency\sdk-vtk-9.4.2\build_msvc\filters\texture\filterstexture.dir\debug\filterstexture.tlog\lib-link.read.1.tlog
d:\cybermed\daddy\dependency\sdk-vtk-9.4.2\build_msvc\filters\texture\filterstexture.dir\debug\filterstexture.tlog\lib-link.write.1.tlog
d:\cybermed\daddy\dependency\sdk-vtk-9.4.2\build_msvc\filters\texture\filterstexture.dir\debug\filterstexture.tlog\lib.command.1.tlog
d:\cybermed\daddy\dependency\sdk-vtk-9.4.2\build_msvc\filters\texture\filterstexture.dir\debug\filterstexture.tlog\link.command.1.tlog
d:\cybermed\daddy\dependency\sdk-vtk-9.4.2\build_msvc\filters\texture\filterstexture.dir\debug\filterstexture.tlog\link.read.1.tlog
d:\cybermed\daddy\dependency\sdk-vtk-9.4.2\build_msvc\filters\texture\filterstexture.dir\debug\filterstexture.tlog\link.secondary.1.tlog
d:\cybermed\daddy\dependency\sdk-vtk-9.4.2\build_msvc\filters\texture\filterstexture.dir\debug\filterstexture.tlog\link.write.1.tlog
