d:\cybermed\daddy\dependency\sdk-vtk-9.4.2\build_msvc\lib\debug\vtkguisupportqtquick-9.4d.pdb
d:\cybermed\daddy\dependency\sdk-vtk-9.4.2\build_msvc\guisupport\qtquick\guisupportqtquick.dir\debug\qquickvtkitem.obj
d:\cybermed\daddy\dependency\sdk-vtk-9.4.2\build_msvc\guisupport\qtquick\guisupportqtquick.dir\debug\qquickvtkrenderwindow.obj
d:\cybermed\daddy\dependency\sdk-vtk-9.4.2\build_msvc\guisupport\qtquick\guisupportqtquick.dir\debug\qquickvtkrenderitem.obj
d:\cybermed\daddy\dependency\sdk-vtk-9.4.2\build_msvc\guisupport\qtquick\guisupportqtquick.dir\debug\qquickvtkinteractoradapter.obj
d:\cybermed\daddy\dependency\sdk-vtk-9.4.2\build_msvc\guisupport\qtquick\guisupportqtquick.dir\debug\qquickvtkinteractivewidget.obj
d:\cybermed\daddy\dependency\sdk-vtk-9.4.2\build_msvc\guisupport\qtquick\guisupportqtquick.dir\debug\mocs_compilation_debug.obj
d:\cybermed\daddy\dependency\sdk-vtk-9.4.2\build_msvc\guisupport\qtquick\guisupportqtquick.dir\debug\vc143.pdb
d:\cybermed\daddy\dependency\sdk-vtk-9.4.2\build_msvc\guisupport\qtquick\cmakefiles\generate.stamp
d:\cybermed\daddy\dependency\sdk-vtk-9.4.2\build_msvc\lib\debug\vtkguisupportqtquick-9.4d.lib
d:\cybermed\daddy\dependency\sdk-vtk-9.4.2\build_msvc\bin\debug\vtkguisupportqtquick-9.4d.dll
d:\cybermed\daddy\dependency\sdk-vtk-9.4.2\build_msvc\bin\debug\vtkguisupportqtquick-9.4d.pdb
d:\cybermed\daddy\dependency\sdk-vtk-9.4.2\build_msvc\lib\debug\vtkguisupportqtquick-9.4d.exp
d:\cybermed\daddy\dependency\sdk-vtk-9.4.2\build_msvc\guisupport\qtquick\guisupportqtquick.dir\debug\vtkguisupportqtquick-9.4d.ilk
d:\cybermed\daddy\dependency\sdk-vtk-9.4.2\build_msvc\guisupport\qtquick\guisupportqtquick.dir\debug\guisuppo.9fe63c14.tlog\cl.command.1.tlog
d:\cybermed\daddy\dependency\sdk-vtk-9.4.2\build_msvc\guisupport\qtquick\guisupportqtquick.dir\debug\guisuppo.9fe63c14.tlog\cl.items.tlog
d:\cybermed\daddy\dependency\sdk-vtk-9.4.2\build_msvc\guisupport\qtquick\guisupportqtquick.dir\debug\guisuppo.9fe63c14.tlog\cl.read.1.tlog
d:\cybermed\daddy\dependency\sdk-vtk-9.4.2\build_msvc\guisupport\qtquick\guisupportqtquick.dir\debug\guisuppo.9fe63c14.tlog\cl.write.1.tlog
d:\cybermed\daddy\dependency\sdk-vtk-9.4.2\build_msvc\guisupport\qtquick\guisupportqtquick.dir\debug\guisuppo.9fe63c14.tlog\custombuild.command.1.tlog
d:\cybermed\daddy\dependency\sdk-vtk-9.4.2\build_msvc\guisupport\qtquick\guisupportqtquick.dir\debug\guisuppo.9fe63c14.tlog\custombuild.read.1.tlog
d:\cybermed\daddy\dependency\sdk-vtk-9.4.2\build_msvc\guisupport\qtquick\guisupportqtquick.dir\debug\guisuppo.9fe63c14.tlog\custombuild.write.1.tlog
d:\cybermed\daddy\dependency\sdk-vtk-9.4.2\build_msvc\guisupport\qtquick\guisupportqtquick.dir\debug\guisuppo.9fe63c14.tlog\lib-link.read.1.tlog
d:\cybermed\daddy\dependency\sdk-vtk-9.4.2\build_msvc\guisupport\qtquick\guisupportqtquick.dir\debug\guisuppo.9fe63c14.tlog\lib-link.write.1.tlog
d:\cybermed\daddy\dependency\sdk-vtk-9.4.2\build_msvc\guisupport\qtquick\guisupportqtquick.dir\debug\guisuppo.9fe63c14.tlog\lib.command.1.tlog
d:\cybermed\daddy\dependency\sdk-vtk-9.4.2\build_msvc\guisupport\qtquick\guisupportqtquick.dir\debug\guisuppo.9fe63c14.tlog\link.command.1.tlog
d:\cybermed\daddy\dependency\sdk-vtk-9.4.2\build_msvc\guisupport\qtquick\guisupportqtquick.dir\debug\guisuppo.9fe63c14.tlog\link.read.1.tlog
d:\cybermed\daddy\dependency\sdk-vtk-9.4.2\build_msvc\guisupport\qtquick\guisupportqtquick.dir\debug\guisuppo.9fe63c14.tlog\link.secondary.1.tlog
d:\cybermed\daddy\dependency\sdk-vtk-9.4.2\build_msvc\guisupport\qtquick\guisupportqtquick.dir\debug\guisuppo.9fe63c14.tlog\link.write.1.tlog
