d:\cybermed\daddy\dependency\sdk-vtk-9.4.2\build_msvc\common\core\commoncore.dir\release\vtkcompositearrayinstantiate_char.obj
d:\cybermed\daddy\dependency\sdk-vtk-9.4.2\build_msvc\common\core\commoncore.dir\release\vtkaffineimplicitbackendinstantiate_char.obj
d:\cybermed\daddy\dependency\sdk-vtk-9.4.2\build_msvc\common\core\commoncore.dir\release\vtkaffinearrayinstantiate_char.obj
d:\cybermed\daddy\dependency\sdk-vtk-9.4.2\build_msvc\common\core\commoncore.dir\release\vtkdataarray_vectorrange.obj
d:\cybermed\daddy\dependency\sdk-vtk-9.4.2\build_msvc\common\core\commoncore.dir\release\vtkdataarray_settuple_array.obj
d:\cybermed\daddy\dependency\sdk-vtk-9.4.2\build_msvc\common\core\commoncore.dir\release\vtkdataarray_scalarrange.obj
d:\cybermed\daddy\dependency\sdk-vtk-9.4.2\build_msvc\common\core\commoncore.dir\release\vtkdataarray_interpolatetuple_weights.obj
d:\cybermed\daddy\dependency\sdk-vtk-9.4.2\build_msvc\common\core\commoncore.dir\release\vtkdataarray_interpolatetuple_time.obj
d:\cybermed\daddy\dependency\sdk-vtk-9.4.2\build_msvc\common\core\commoncore.dir\release\vtkdataarray_inserttuples_array_range.obj
d:\cybermed\daddy\dependency\sdk-vtk-9.4.2\build_msvc\common\core\commoncore.dir\release\vtkdataarray_inserttuples_array_idlist_range.obj
d:\cybermed\daddy\dependency\sdk-vtk-9.4.2\build_msvc\common\core\commoncore.dir\release\vtkdataarray_inserttuples_array_idlist.obj
d:\cybermed\daddy\dependency\sdk-vtk-9.4.2\build_msvc\common\core\commoncore.dir\release\vtkdataarray_gettuples_range.obj
d:\cybermed\daddy\dependency\sdk-vtk-9.4.2\build_msvc\common\core\commoncore.dir\release\vtkdataarray_gettuples_ids.obj
d:\cybermed\daddy\dependency\sdk-vtk-9.4.2\build_msvc\common\core\commoncore.dir\release\vtkdataarray_finitevectorrange.obj
d:\cybermed\daddy\dependency\sdk-vtk-9.4.2\build_msvc\common\core\commoncore.dir\release\vtkdataarray_finitescalarrange.obj
d:\cybermed\daddy\dependency\sdk-vtk-9.4.2\build_msvc\common\core\commoncore.dir\release\vtkdataarray_deepcopy.obj
d:\cybermed\daddy\dependency\sdk-vtk-9.4.2\build_msvc\common\core\commoncore.dir\release\vtkdataarray_copycomponent.obj
d:\cybermed\daddy\dependency\sdk-vtk-9.4.2\build_msvc\common\core\commoncore.dir\release\vtkvaluefromstring.obj
d:\cybermed\daddy\dependency\sdk-vtk-9.4.2\build_msvc\common\core\commoncore.dir\release\vtkgenericdataarray.obj
d:\cybermed\daddy\dependency\sdk-vtk-9.4.2\build_msvc\common\core\commoncore.dir\release\vtkarrayiteratortemplateinstantiate.obj
d:\cybermed\daddy\dependency\sdk-vtk-9.4.2\build_msvc\common\core\commoncore.dir\release\vtkstdfunctionarrayinstantiate_double.obj
d:\cybermed\daddy\dependency\sdk-vtk-9.4.2\build_msvc\common\core\commoncore.dir\release\vtksoadataarraytemplateinstantiate_double.obj
d:\cybermed\daddy\dependency\sdk-vtk-9.4.2\build_msvc\common\core\commoncore.dir\release\vtkindexedimplicitbackendinstantiate_double.obj
d:\cybermed\daddy\dependency\sdk-vtk-9.4.2\build_msvc\common\core\commoncore.dir\release\vtkindexedarrayinstantiate_double.obj
d:\cybermed\daddy\dependency\sdk-vtk-9.4.2\build_msvc\common\core\commoncore.dir\release\vtkconstantimplicitbackendinstantiate_double.obj
d:\cybermed\daddy\dependency\sdk-vtk-9.4.2\build_msvc\common\core\commoncore.dir\release\vtkconstantarrayinstantiate_double.obj
d:\cybermed\daddy\dependency\sdk-vtk-9.4.2\build_msvc\common\core\commoncore.dir\release\vtkcompositeimplicitbackendinstantiate_double.obj
d:\cybermed\daddy\dependency\sdk-vtk-9.4.2\build_msvc\common\core\commoncore.dir\release\vtkcompositearrayinstantiate_double.obj
d:\cybermed\daddy\dependency\sdk-vtk-9.4.2\build_msvc\common\core\commoncore.dir\release\vtkaffineimplicitbackendinstantiate_double.obj
d:\cybermed\daddy\dependency\sdk-vtk-9.4.2\build_msvc\common\core\commoncore.dir\release\vtkaffinearrayinstantiate_double.obj
d:\cybermed\daddy\dependency\sdk-vtk-9.4.2\build_msvc\common\core\commoncore.dir\release\vtktypeddataarrayinstantiate_char.obj
d:\cybermed\daddy\dependency\sdk-vtk-9.4.2\build_msvc\common\core\commoncore.dir\release\vtkstructuredpointarrayinstantiate_char.obj
d:\cybermed\daddy\dependency\sdk-vtk-9.4.2\build_msvc\common\core\commoncore.dir\release\vtkstructuredpointbackendinstantiate_char.obj
d:\cybermed\daddy\dependency\sdk-vtk-9.4.2\build_msvc\common\core\commoncore.dir\release\vtkstdfunctionarrayinstantiate_char.obj
d:\cybermed\daddy\dependency\sdk-vtk-9.4.2\build_msvc\common\core\commoncore.dir\release\vtksoadataarraytemplateinstantiate_char.obj
d:\cybermed\daddy\dependency\sdk-vtk-9.4.2\build_msvc\common\core\commoncore.dir\release\vtkindexedimplicitbackendinstantiate_char.obj
d:\cybermed\daddy\dependency\sdk-vtk-9.4.2\build_msvc\common\core\commoncore.dir\release\vtkindexedarrayinstantiate_char.obj
d:\cybermed\daddy\dependency\sdk-vtk-9.4.2\build_msvc\common\core\commoncore.dir\release\vtkconstantimplicitbackendinstantiate_char.obj
d:\cybermed\daddy\dependency\sdk-vtk-9.4.2\build_msvc\common\core\commoncore.dir\release\vtkconstantarrayinstantiate_char.obj
d:\cybermed\daddy\dependency\sdk-vtk-9.4.2\build_msvc\common\core\commoncore.dir\release\vtkcompositeimplicitbackendinstantiate_char.obj
d:\cybermed\daddy\dependency\sdk-vtk-9.4.2\build_msvc\common\core\commoncore.dir\release\vtkcompositeimplicitbackendinstantiate_int.obj
d:\cybermed\daddy\dependency\sdk-vtk-9.4.2\build_msvc\common\core\commoncore.dir\release\vtkcompositearrayinstantiate_int.obj
d:\cybermed\daddy\dependency\sdk-vtk-9.4.2\build_msvc\common\core\commoncore.dir\release\vtkaffineimplicitbackendinstantiate_int.obj
d:\cybermed\daddy\dependency\sdk-vtk-9.4.2\build_msvc\common\core\commoncore.dir\release\vtkaffinearrayinstantiate_int.obj
d:\cybermed\daddy\dependency\sdk-vtk-9.4.2\build_msvc\common\core\commoncore.dir\release\vtktypeddataarrayinstantiate_float.obj
d:\cybermed\daddy\dependency\sdk-vtk-9.4.2\build_msvc\common\core\commoncore.dir\release\vtkstructuredpointarrayinstantiate_float.obj
d:\cybermed\daddy\dependency\sdk-vtk-9.4.2\build_msvc\common\core\commoncore.dir\release\vtkstructuredpointbackendinstantiate_float.obj
d:\cybermed\daddy\dependency\sdk-vtk-9.4.2\build_msvc\common\core\commoncore.dir\release\vtkstdfunctionarrayinstantiate_float.obj
d:\cybermed\daddy\dependency\sdk-vtk-9.4.2\build_msvc\common\core\commoncore.dir\release\vtksoadataarraytemplateinstantiate_float.obj
d:\cybermed\daddy\dependency\sdk-vtk-9.4.2\build_msvc\common\core\commoncore.dir\release\vtkindexedimplicitbackendinstantiate_float.obj
d:\cybermed\daddy\dependency\sdk-vtk-9.4.2\build_msvc\common\core\commoncore.dir\release\vtkindexedarrayinstantiate_float.obj
d:\cybermed\daddy\dependency\sdk-vtk-9.4.2\build_msvc\common\core\commoncore.dir\release\vtkconstantimplicitbackendinstantiate_float.obj
d:\cybermed\daddy\dependency\sdk-vtk-9.4.2\build_msvc\common\core\commoncore.dir\release\vtkconstantarrayinstantiate_float.obj
d:\cybermed\daddy\dependency\sdk-vtk-9.4.2\build_msvc\common\core\commoncore.dir\release\vtkcompositeimplicitbackendinstantiate_float.obj
d:\cybermed\daddy\dependency\sdk-vtk-9.4.2\build_msvc\common\core\commoncore.dir\release\vtkcompositearrayinstantiate_float.obj
d:\cybermed\daddy\dependency\sdk-vtk-9.4.2\build_msvc\common\core\commoncore.dir\release\vtkaffineimplicitbackendinstantiate_float.obj
d:\cybermed\daddy\dependency\sdk-vtk-9.4.2\build_msvc\common\core\commoncore.dir\release\vtkaffinearrayinstantiate_float.obj
d:\cybermed\daddy\dependency\sdk-vtk-9.4.2\build_msvc\common\core\commoncore.dir\release\vtktypeddataarrayinstantiate_double.obj
d:\cybermed\daddy\dependency\sdk-vtk-9.4.2\build_msvc\common\core\commoncore.dir\release\vtkstructuredpointarrayinstantiate_double.obj
d:\cybermed\daddy\dependency\sdk-vtk-9.4.2\build_msvc\common\core\commoncore.dir\release\vtkstructuredpointbackendinstantiate_double.obj
d:\cybermed\daddy\dependency\sdk-vtk-9.4.2\build_msvc\common\core\commoncore.dir\release\vtkstructuredpointbackendinstantiate_long.obj
d:\cybermed\daddy\dependency\sdk-vtk-9.4.2\build_msvc\common\core\commoncore.dir\release\vtkstdfunctionarrayinstantiate_long.obj
d:\cybermed\daddy\dependency\sdk-vtk-9.4.2\build_msvc\common\core\commoncore.dir\release\vtksoadataarraytemplateinstantiate_long.obj
d:\cybermed\daddy\dependency\sdk-vtk-9.4.2\build_msvc\common\core\commoncore.dir\release\vtkindexedimplicitbackendinstantiate_long.obj
d:\cybermed\daddy\dependency\sdk-vtk-9.4.2\build_msvc\common\core\commoncore.dir\release\vtkindexedarrayinstantiate_long.obj
d:\cybermed\daddy\dependency\sdk-vtk-9.4.2\build_msvc\common\core\commoncore.dir\release\vtkconstantimplicitbackendinstantiate_long.obj
d:\cybermed\daddy\dependency\sdk-vtk-9.4.2\build_msvc\common\core\commoncore.dir\release\vtkconstantarrayinstantiate_long.obj
d:\cybermed\daddy\dependency\sdk-vtk-9.4.2\build_msvc\common\core\commoncore.dir\release\vtkcompositeimplicitbackendinstantiate_long.obj
d:\cybermed\daddy\dependency\sdk-vtk-9.4.2\build_msvc\common\core\commoncore.dir\release\vtkcompositearrayinstantiate_long.obj
d:\cybermed\daddy\dependency\sdk-vtk-9.4.2\build_msvc\common\core\commoncore.dir\release\vtkaffineimplicitbackendinstantiate_long.obj
d:\cybermed\daddy\dependency\sdk-vtk-9.4.2\build_msvc\common\core\commoncore.dir\release\vtkaffinearrayinstantiate_long.obj
d:\cybermed\daddy\dependency\sdk-vtk-9.4.2\build_msvc\common\core\commoncore.dir\release\vtktypeddataarrayinstantiate_int.obj
d:\cybermed\daddy\dependency\sdk-vtk-9.4.2\build_msvc\common\core\commoncore.dir\release\vtkstructuredpointarrayinstantiate_int.obj
d:\cybermed\daddy\dependency\sdk-vtk-9.4.2\build_msvc\common\core\commoncore.dir\release\vtkstructuredpointbackendinstantiate_int.obj
d:\cybermed\daddy\dependency\sdk-vtk-9.4.2\build_msvc\common\core\commoncore.dir\release\vtkstdfunctionarrayinstantiate_int.obj
d:\cybermed\daddy\dependency\sdk-vtk-9.4.2\build_msvc\common\core\commoncore.dir\release\vtksoadataarraytemplateinstantiate_int.obj
d:\cybermed\daddy\dependency\sdk-vtk-9.4.2\build_msvc\common\core\commoncore.dir\release\vtkindexedimplicitbackendinstantiate_int.obj
d:\cybermed\daddy\dependency\sdk-vtk-9.4.2\build_msvc\common\core\commoncore.dir\release\vtkindexedarrayinstantiate_int.obj
d:\cybermed\daddy\dependency\sdk-vtk-9.4.2\build_msvc\common\core\commoncore.dir\release\vtkconstantimplicitbackendinstantiate_int.obj
d:\cybermed\daddy\dependency\sdk-vtk-9.4.2\build_msvc\common\core\commoncore.dir\release\vtkconstantarrayinstantiate_int.obj
d:\cybermed\daddy\dependency\sdk-vtk-9.4.2\build_msvc\common\core\commoncore.dir\release\vtkcompositearrayinstantiate_short.obj
d:\cybermed\daddy\dependency\sdk-vtk-9.4.2\build_msvc\common\core\commoncore.dir\release\vtkaffineimplicitbackendinstantiate_short.obj
d:\cybermed\daddy\dependency\sdk-vtk-9.4.2\build_msvc\common\core\commoncore.dir\release\vtkaffinearrayinstantiate_short.obj
d:\cybermed\daddy\dependency\sdk-vtk-9.4.2\build_msvc\common\core\commoncore.dir\release\vtkgenericdataarrayvaluerangeinstantiate_long_long.obj
d:\cybermed\daddy\dependency\sdk-vtk-9.4.2\build_msvc\common\core\commoncore.dir\release\vtktypeddataarrayinstantiate_long_long.obj
d:\cybermed\daddy\dependency\sdk-vtk-9.4.2\build_msvc\common\core\commoncore.dir\release\vtkstructuredpointarrayinstantiate_long_long.obj
d:\cybermed\daddy\dependency\sdk-vtk-9.4.2\build_msvc\common\core\commoncore.dir\release\vtkstructuredpointbackendinstantiate_long_long.obj
d:\cybermed\daddy\dependency\sdk-vtk-9.4.2\build_msvc\common\core\commoncore.dir\release\vtkstdfunctionarrayinstantiate_long_long.obj
d:\cybermed\daddy\dependency\sdk-vtk-9.4.2\build_msvc\common\core\commoncore.dir\release\vtksoadataarraytemplateinstantiate_long_long.obj
d:\cybermed\daddy\dependency\sdk-vtk-9.4.2\build_msvc\common\core\commoncore.dir\release\vtkindexedimplicitbackendinstantiate_long_long.obj
d:\cybermed\daddy\dependency\sdk-vtk-9.4.2\build_msvc\common\core\commoncore.dir\release\vtkindexedarrayinstantiate_long_long.obj
d:\cybermed\daddy\dependency\sdk-vtk-9.4.2\build_msvc\common\core\commoncore.dir\release\vtkconstantimplicitbackendinstantiate_long_long.obj
d:\cybermed\daddy\dependency\sdk-vtk-9.4.2\build_msvc\common\core\commoncore.dir\release\vtkconstantarrayinstantiate_long_long.obj
d:\cybermed\daddy\dependency\sdk-vtk-9.4.2\build_msvc\common\core\commoncore.dir\release\vtkcompositeimplicitbackendinstantiate_long_long.obj
d:\cybermed\daddy\dependency\sdk-vtk-9.4.2\build_msvc\common\core\commoncore.dir\release\vtkcompositearrayinstantiate_long_long.obj
d:\cybermed\daddy\dependency\sdk-vtk-9.4.2\build_msvc\common\core\commoncore.dir\release\vtkaffineimplicitbackendinstantiate_long_long.obj
d:\cybermed\daddy\dependency\sdk-vtk-9.4.2\build_msvc\common\core\commoncore.dir\release\vtkaffinearrayinstantiate_long_long.obj
d:\cybermed\daddy\dependency\sdk-vtk-9.4.2\build_msvc\common\core\commoncore.dir\release\vtkgenericdataarrayvaluerangeinstantiate_long.obj
d:\cybermed\daddy\dependency\sdk-vtk-9.4.2\build_msvc\common\core\commoncore.dir\release\vtktypeddataarrayinstantiate_long.obj
d:\cybermed\daddy\dependency\sdk-vtk-9.4.2\build_msvc\common\core\commoncore.dir\release\vtkstructuredpointarrayinstantiate_long.obj
d:\cybermed\daddy\dependency\sdk-vtk-9.4.2\build_msvc\common\core\commoncore.dir\release\vtkstdfunctionarrayinstantiate_signed_char.obj
d:\cybermed\daddy\dependency\sdk-vtk-9.4.2\build_msvc\common\core\commoncore.dir\release\vtksoadataarraytemplateinstantiate_signed_char.obj
d:\cybermed\daddy\dependency\sdk-vtk-9.4.2\build_msvc\common\core\commoncore.dir\release\vtkindexedimplicitbackendinstantiate_signed_char.obj
d:\cybermed\daddy\dependency\sdk-vtk-9.4.2\build_msvc\common\core\commoncore.dir\release\vtkindexedarrayinstantiate_signed_char.obj
d:\cybermed\daddy\dependency\sdk-vtk-9.4.2\build_msvc\common\core\commoncore.dir\release\vtkconstantimplicitbackendinstantiate_signed_char.obj
d:\cybermed\daddy\dependency\sdk-vtk-9.4.2\build_msvc\common\core\commoncore.dir\release\vtkconstantarrayinstantiate_signed_char.obj
d:\cybermed\daddy\dependency\sdk-vtk-9.4.2\build_msvc\common\core\commoncore.dir\release\vtkcompositeimplicitbackendinstantiate_signed_char.obj
d:\cybermed\daddy\dependency\sdk-vtk-9.4.2\build_msvc\common\core\commoncore.dir\release\vtkcompositearrayinstantiate_signed_char.obj
d:\cybermed\daddy\dependency\sdk-vtk-9.4.2\build_msvc\common\core\commoncore.dir\release\vtkaffineimplicitbackendinstantiate_signed_char.obj
d:\cybermed\daddy\dependency\sdk-vtk-9.4.2\build_msvc\common\core\commoncore.dir\release\vtkaffinearrayinstantiate_signed_char.obj
d:\cybermed\daddy\dependency\sdk-vtk-9.4.2\build_msvc\common\core\commoncore.dir\release\vtktypeddataarrayinstantiate_short.obj
d:\cybermed\daddy\dependency\sdk-vtk-9.4.2\build_msvc\common\core\commoncore.dir\release\vtkstructuredpointarrayinstantiate_short.obj
d:\cybermed\daddy\dependency\sdk-vtk-9.4.2\build_msvc\common\core\commoncore.dir\release\vtkstructuredpointbackendinstantiate_short.obj
d:\cybermed\daddy\dependency\sdk-vtk-9.4.2\build_msvc\common\core\commoncore.dir\release\vtkstdfunctionarrayinstantiate_short.obj
d:\cybermed\daddy\dependency\sdk-vtk-9.4.2\build_msvc\common\core\commoncore.dir\release\vtksoadataarraytemplateinstantiate_short.obj
d:\cybermed\daddy\dependency\sdk-vtk-9.4.2\build_msvc\common\core\commoncore.dir\release\vtkindexedimplicitbackendinstantiate_short.obj
d:\cybermed\daddy\dependency\sdk-vtk-9.4.2\build_msvc\common\core\commoncore.dir\release\vtkindexedarrayinstantiate_short.obj
d:\cybermed\daddy\dependency\sdk-vtk-9.4.2\build_msvc\common\core\commoncore.dir\release\vtkconstantimplicitbackendinstantiate_short.obj
d:\cybermed\daddy\dependency\sdk-vtk-9.4.2\build_msvc\common\core\commoncore.dir\release\vtkconstantarrayinstantiate_short.obj
d:\cybermed\daddy\dependency\sdk-vtk-9.4.2\build_msvc\common\core\commoncore.dir\release\vtkcompositeimplicitbackendinstantiate_short.obj
d:\cybermed\daddy\dependency\sdk-vtk-9.4.2\build_msvc\common\core\commoncore.dir\release\vtkcompositeimplicitbackendinstantiate_unsigned_int.obj
d:\cybermed\daddy\dependency\sdk-vtk-9.4.2\build_msvc\common\core\commoncore.dir\release\vtkcompositearrayinstantiate_unsigned_int.obj
d:\cybermed\daddy\dependency\sdk-vtk-9.4.2\build_msvc\common\core\commoncore.dir\release\vtkaffineimplicitbackendinstantiate_unsigned_int.obj
d:\cybermed\daddy\dependency\sdk-vtk-9.4.2\build_msvc\common\core\commoncore.dir\release\vtkaffinearrayinstantiate_unsigned_int.obj
d:\cybermed\daddy\dependency\sdk-vtk-9.4.2\build_msvc\common\core\commoncore.dir\release\vtktypeddataarrayinstantiate_unsigned_char.obj
d:\cybermed\daddy\dependency\sdk-vtk-9.4.2\build_msvc\common\core\commoncore.dir\release\vtkstructuredpointarrayinstantiate_unsigned_char.obj
d:\cybermed\daddy\dependency\sdk-vtk-9.4.2\build_msvc\common\core\commoncore.dir\release\vtkstructuredpointbackendinstantiate_unsigned_char.obj
d:\cybermed\daddy\dependency\sdk-vtk-9.4.2\build_msvc\common\core\commoncore.dir\release\vtkstdfunctionarrayinstantiate_unsigned_char.obj
d:\cybermed\daddy\dependency\sdk-vtk-9.4.2\build_msvc\common\core\commoncore.dir\release\vtksoadataarraytemplateinstantiate_unsigned_char.obj
d:\cybermed\daddy\dependency\sdk-vtk-9.4.2\build_msvc\common\core\commoncore.dir\release\vtkindexedimplicitbackendinstantiate_unsigned_char.obj
d:\cybermed\daddy\dependency\sdk-vtk-9.4.2\build_msvc\common\core\commoncore.dir\release\vtkindexedarrayinstantiate_unsigned_char.obj
d:\cybermed\daddy\dependency\sdk-vtk-9.4.2\build_msvc\common\core\commoncore.dir\release\vtkconstantimplicitbackendinstantiate_unsigned_char.obj
d:\cybermed\daddy\dependency\sdk-vtk-9.4.2\build_msvc\common\core\commoncore.dir\release\vtkconstantarrayinstantiate_unsigned_char.obj
d:\cybermed\daddy\dependency\sdk-vtk-9.4.2\build_msvc\common\core\commoncore.dir\release\vtkcompositeimplicitbackendinstantiate_unsigned_char.obj
d:\cybermed\daddy\dependency\sdk-vtk-9.4.2\build_msvc\common\core\commoncore.dir\release\vtkcompositearrayinstantiate_unsigned_char.obj
d:\cybermed\daddy\dependency\sdk-vtk-9.4.2\build_msvc\common\core\commoncore.dir\release\vtkaffineimplicitbackendinstantiate_unsigned_char.obj
d:\cybermed\daddy\dependency\sdk-vtk-9.4.2\build_msvc\common\core\commoncore.dir\release\vtkaffinearrayinstantiate_unsigned_char.obj
d:\cybermed\daddy\dependency\sdk-vtk-9.4.2\build_msvc\common\core\commoncore.dir\release\vtktypeddataarrayinstantiate_signed_char.obj
d:\cybermed\daddy\dependency\sdk-vtk-9.4.2\build_msvc\common\core\commoncore.dir\release\vtkstructuredpointarrayinstantiate_signed_char.obj
d:\cybermed\daddy\dependency\sdk-vtk-9.4.2\build_msvc\common\core\commoncore.dir\release\vtkstructuredpointbackendinstantiate_signed_char.obj
d:\cybermed\daddy\dependency\sdk-vtk-9.4.2\build_msvc\common\core\commoncore.dir\release\vtkstructuredpointbackendinstantiate_unsigned_long.obj
d:\cybermed\daddy\dependency\sdk-vtk-9.4.2\build_msvc\common\core\commoncore.dir\release\vtkstdfunctionarrayinstantiate_unsigned_long.obj
d:\cybermed\daddy\dependency\sdk-vtk-9.4.2\build_msvc\common\core\commoncore.dir\release\vtksoadataarraytemplateinstantiate_unsigned_long.obj
d:\cybermed\daddy\dependency\sdk-vtk-9.4.2\build_msvc\common\core\commoncore.dir\release\vtkindexedimplicitbackendinstantiate_unsigned_long.obj
d:\cybermed\daddy\dependency\sdk-vtk-9.4.2\build_msvc\common\core\commoncore.dir\release\vtkindexedarrayinstantiate_unsigned_long.obj
d:\cybermed\daddy\dependency\sdk-vtk-9.4.2\build_msvc\common\core\commoncore.dir\release\vtkconstantimplicitbackendinstantiate_unsigned_long.obj
d:\cybermed\daddy\dependency\sdk-vtk-9.4.2\build_msvc\common\core\commoncore.dir\release\vtkconstantarrayinstantiate_unsigned_long.obj
d:\cybermed\daddy\dependency\sdk-vtk-9.4.2\build_msvc\common\core\commoncore.dir\release\vtkcompositeimplicitbackendinstantiate_unsigned_long.obj
d:\cybermed\daddy\dependency\sdk-vtk-9.4.2\build_msvc\common\core\commoncore.dir\release\vtkcompositearrayinstantiate_unsigned_long.obj
d:\cybermed\daddy\dependency\sdk-vtk-9.4.2\build_msvc\common\core\commoncore.dir\release\vtkaffineimplicitbackendinstantiate_unsigned_long.obj
d:\cybermed\daddy\dependency\sdk-vtk-9.4.2\build_msvc\common\core\commoncore.dir\release\vtkaffinearrayinstantiate_unsigned_long.obj
d:\cybermed\daddy\dependency\sdk-vtk-9.4.2\build_msvc\common\core\commoncore.dir\release\vtktypeddataarrayinstantiate_unsigned_int.obj
d:\cybermed\daddy\dependency\sdk-vtk-9.4.2\build_msvc\common\core\commoncore.dir\release\vtkstructuredpointarrayinstantiate_unsigned_int.obj
d:\cybermed\daddy\dependency\sdk-vtk-9.4.2\build_msvc\common\core\commoncore.dir\release\vtkstructuredpointbackendinstantiate_unsigned_int.obj
d:\cybermed\daddy\dependency\sdk-vtk-9.4.2\build_msvc\common\core\commoncore.dir\release\vtkstdfunctionarrayinstantiate_unsigned_int.obj
d:\cybermed\daddy\dependency\sdk-vtk-9.4.2\build_msvc\common\core\commoncore.dir\release\vtksoadataarraytemplateinstantiate_unsigned_int.obj
d:\cybermed\daddy\dependency\sdk-vtk-9.4.2\build_msvc\common\core\commoncore.dir\release\vtkindexedimplicitbackendinstantiate_unsigned_int.obj
d:\cybermed\daddy\dependency\sdk-vtk-9.4.2\build_msvc\common\core\commoncore.dir\release\vtkindexedarrayinstantiate_unsigned_int.obj
d:\cybermed\daddy\dependency\sdk-vtk-9.4.2\build_msvc\common\core\commoncore.dir\release\vtkconstantimplicitbackendinstantiate_unsigned_int.obj
d:\cybermed\daddy\dependency\sdk-vtk-9.4.2\build_msvc\common\core\commoncore.dir\release\vtkconstantarrayinstantiate_unsigned_int.obj
d:\cybermed\daddy\dependency\sdk-vtk-9.4.2\build_msvc\common\core\commoncore.dir\release\vtkcompositearrayinstantiate_unsigned_short.obj
d:\cybermed\daddy\dependency\sdk-vtk-9.4.2\build_msvc\common\core\commoncore.dir\release\vtkaffineimplicitbackendinstantiate_unsigned_short.obj
d:\cybermed\daddy\dependency\sdk-vtk-9.4.2\build_msvc\common\core\commoncore.dir\release\vtkaffinearrayinstantiate_unsigned_short.obj
d:\cybermed\daddy\dependency\sdk-vtk-9.4.2\build_msvc\common\core\commoncore.dir\release\vtkgenericdataarrayvaluerangeinstantiate_unsigned_long_long.obj
d:\cybermed\daddy\dependency\sdk-vtk-9.4.2\build_msvc\common\core\commoncore.dir\release\vtktypeddataarrayinstantiate_unsigned_long_long.obj
d:\cybermed\daddy\dependency\sdk-vtk-9.4.2\build_msvc\common\core\commoncore.dir\release\vtkstructuredpointarrayinstantiate_unsigned_long_long.obj
d:\cybermed\daddy\dependency\sdk-vtk-9.4.2\build_msvc\common\core\commoncore.dir\release\vtkstructuredpointbackendinstantiate_unsigned_long_long.obj
d:\cybermed\daddy\dependency\sdk-vtk-9.4.2\build_msvc\common\core\commoncore.dir\release\vtkstdfunctionarrayinstantiate_unsigned_long_long.obj
d:\cybermed\daddy\dependency\sdk-vtk-9.4.2\build_msvc\common\core\commoncore.dir\release\vtksoadataarraytemplateinstantiate_unsigned_long_long.obj
d:\cybermed\daddy\dependency\sdk-vtk-9.4.2\build_msvc\common\core\commoncore.dir\release\vtkindexedimplicitbackendinstantiate_unsigned_long_long.obj
d:\cybermed\daddy\dependency\sdk-vtk-9.4.2\build_msvc\common\core\commoncore.dir\release\vtkindexedarrayinstantiate_unsigned_long_long.obj
d:\cybermed\daddy\dependency\sdk-vtk-9.4.2\build_msvc\common\core\commoncore.dir\release\vtkconstantimplicitbackendinstantiate_unsigned_long_long.obj
d:\cybermed\daddy\dependency\sdk-vtk-9.4.2\build_msvc\common\core\commoncore.dir\release\vtkconstantarrayinstantiate_unsigned_long_long.obj
d:\cybermed\daddy\dependency\sdk-vtk-9.4.2\build_msvc\common\core\commoncore.dir\release\vtkcompositeimplicitbackendinstantiate_unsigned_long_long.obj
d:\cybermed\daddy\dependency\sdk-vtk-9.4.2\build_msvc\common\core\commoncore.dir\release\vtkcompositearrayinstantiate_unsigned_long_long.obj
d:\cybermed\daddy\dependency\sdk-vtk-9.4.2\build_msvc\common\core\commoncore.dir\release\vtkaffineimplicitbackendinstantiate_unsigned_long_long.obj
d:\cybermed\daddy\dependency\sdk-vtk-9.4.2\build_msvc\common\core\commoncore.dir\release\vtkaffinearrayinstantiate_unsigned_long_long.obj
d:\cybermed\daddy\dependency\sdk-vtk-9.4.2\build_msvc\common\core\commoncore.dir\release\vtkgenericdataarrayvaluerangeinstantiate_unsigned_long.obj
d:\cybermed\daddy\dependency\sdk-vtk-9.4.2\build_msvc\common\core\commoncore.dir\release\vtktypeddataarrayinstantiate_unsigned_long.obj
d:\cybermed\daddy\dependency\sdk-vtk-9.4.2\build_msvc\common\core\commoncore.dir\release\vtkstructuredpointarrayinstantiate_unsigned_long.obj
d:\cybermed\daddy\dependency\sdk-vtk-9.4.2\build_msvc\common\core\commoncore.dir\release\vtktypeuint16array.obj
d:\cybermed\daddy\dependency\sdk-vtk-9.4.2\build_msvc\common\core\commoncore.dir\release\vtktypeuint8array.obj
d:\cybermed\daddy\dependency\sdk-vtk-9.4.2\build_msvc\common\core\commoncore.dir\release\vtktypeint64array.obj
d:\cybermed\daddy\dependency\sdk-vtk-9.4.2\build_msvc\common\core\commoncore.dir\release\vtktypeint32array.obj
d:\cybermed\daddy\dependency\sdk-vtk-9.4.2\build_msvc\common\core\commoncore.dir\release\vtktypeint16array.obj
d:\cybermed\daddy\dependency\sdk-vtk-9.4.2\build_msvc\common\core\commoncore.dir\release\vtktypeint8array.obj
d:\cybermed\daddy\dependency\sdk-vtk-9.4.2\build_msvc\common\core\commoncore.dir\release\vtksmptools.obj
d:\cybermed\daddy\dependency\sdk-vtk-9.4.2\build_msvc\common\core\commoncore.dir\release\vtksmptoolsapi.obj
d:\cybermed\daddy\dependency\sdk-vtk-9.4.2\build_msvc\common\core\commoncore.dir\release\vtksmpthreadpool.obj
d:\cybermed\daddy\dependency\sdk-vtk-9.4.2\build_msvc\common\core\commoncore.dir\release\vtksmpthreadlocalbackend.obj
d:\cybermed\daddy\dependency\sdk-vtk-9.4.2\build_msvc\common\core\commoncore.dir\release\vtktypeddataarrayinstantiate_unsigned_short.obj
d:\cybermed\daddy\dependency\sdk-vtk-9.4.2\build_msvc\common\core\commoncore.dir\release\vtkstructuredpointarrayinstantiate_unsigned_short.obj
d:\cybermed\daddy\dependency\sdk-vtk-9.4.2\build_msvc\common\core\commoncore.dir\release\vtkstructuredpointbackendinstantiate_unsigned_short.obj
d:\cybermed\daddy\dependency\sdk-vtk-9.4.2\build_msvc\common\core\commoncore.dir\release\vtkstdfunctionarrayinstantiate_unsigned_short.obj
d:\cybermed\daddy\dependency\sdk-vtk-9.4.2\build_msvc\common\core\commoncore.dir\release\vtksoadataarraytemplateinstantiate_unsigned_short.obj
d:\cybermed\daddy\dependency\sdk-vtk-9.4.2\build_msvc\common\core\commoncore.dir\release\vtkindexedimplicitbackendinstantiate_unsigned_short.obj
d:\cybermed\daddy\dependency\sdk-vtk-9.4.2\build_msvc\common\core\commoncore.dir\release\vtkindexedarrayinstantiate_unsigned_short.obj
d:\cybermed\daddy\dependency\sdk-vtk-9.4.2\build_msvc\common\core\commoncore.dir\release\vtkconstantimplicitbackendinstantiate_unsigned_short.obj
d:\cybermed\daddy\dependency\sdk-vtk-9.4.2\build_msvc\common\core\commoncore.dir\release\vtkconstantarrayinstantiate_unsigned_short.obj
d:\cybermed\daddy\dependency\sdk-vtk-9.4.2\build_msvc\common\core\commoncore.dir\release\vtkcompositeimplicitbackendinstantiate_unsigned_short.obj
d:\cybermed\daddy\dependency\sdk-vtk-9.4.2\build_msvc\common\core\commoncore.dir\release\vtkaffinedoublearray.obj
d:\cybermed\daddy\dependency\sdk-vtk-9.4.2\build_msvc\common\core\commoncore.dir\release\vtkaffinechararray.obj
d:\cybermed\daddy\dependency\sdk-vtk-9.4.2\build_msvc\common\core\commoncore.dir\release\vtkconstantidtypearray.obj
d:\cybermed\daddy\dependency\sdk-vtk-9.4.2\build_msvc\common\core\commoncore.dir\release\vtkconstantunsignedshortarray.obj
d:\cybermed\daddy\dependency\sdk-vtk-9.4.2\build_msvc\common\core\commoncore.dir\release\vtkconstantunsignedlonglongarray.obj
d:\cybermed\daddy\dependency\sdk-vtk-9.4.2\build_msvc\common\core\commoncore.dir\release\vtkconstantunsignedlongarray.obj
d:\cybermed\daddy\dependency\sdk-vtk-9.4.2\build_msvc\common\core\commoncore.dir\release\vtkconstantunsignedintarray.obj
d:\cybermed\daddy\dependency\sdk-vtk-9.4.2\build_msvc\common\core\commoncore.dir\release\vtkconstantunsignedchararray.obj
d:\cybermed\daddy\dependency\sdk-vtk-9.4.2\build_msvc\common\core\commoncore.dir\release\vtkconstantsignedchararray.obj
d:\cybermed\daddy\dependency\sdk-vtk-9.4.2\build_msvc\common\core\commoncore.dir\release\vtkconstantshortarray.obj
d:\cybermed\daddy\dependency\sdk-vtk-9.4.2\build_msvc\common\core\commoncore.dir\release\vtkconstantlonglongarray.obj
d:\cybermed\daddy\dependency\sdk-vtk-9.4.2\build_msvc\common\core\commoncore.dir\release\vtkconstantlongarray.obj
d:\cybermed\daddy\dependency\sdk-vtk-9.4.2\build_msvc\common\core\commoncore.dir\release\vtkconstantintarray.obj
d:\cybermed\daddy\dependency\sdk-vtk-9.4.2\build_msvc\common\core\commoncore.dir\release\vtkconstantfloatarray.obj
d:\cybermed\daddy\dependency\sdk-vtk-9.4.2\build_msvc\common\core\commoncore.dir\release\vtkconstantdoublearray.obj
d:\cybermed\daddy\dependency\sdk-vtk-9.4.2\build_msvc\common\core\commoncore.dir\release\vtkconstantchararray.obj
d:\cybermed\daddy\dependency\sdk-vtk-9.4.2\build_msvc\common\core\commoncore.dir\release\vtktypefloat64array.obj
d:\cybermed\daddy\dependency\sdk-vtk-9.4.2\build_msvc\common\core\commoncore.dir\release\vtktypefloat32array.obj
d:\cybermed\daddy\dependency\sdk-vtk-9.4.2\build_msvc\common\core\commoncore.dir\release\vtktypeuint64array.obj
d:\cybermed\daddy\dependency\sdk-vtk-9.4.2\build_msvc\common\core\commoncore.dir\release\vtktypeuint32array.obj
d:\cybermed\daddy\dependency\sdk-vtk-9.4.2\build_msvc\common\core\commoncore.dir\release\vtkindexedsignedchararray.obj
d:\cybermed\daddy\dependency\sdk-vtk-9.4.2\build_msvc\common\core\commoncore.dir\release\vtkindexedshortarray.obj
d:\cybermed\daddy\dependency\sdk-vtk-9.4.2\build_msvc\common\core\commoncore.dir\release\vtkindexedlonglongarray.obj
d:\cybermed\daddy\dependency\sdk-vtk-9.4.2\build_msvc\common\core\commoncore.dir\release\vtkindexedlongarray.obj
d:\cybermed\daddy\dependency\sdk-vtk-9.4.2\build_msvc\common\core\commoncore.dir\release\vtkindexedintarray.obj
d:\cybermed\daddy\dependency\sdk-vtk-9.4.2\build_msvc\common\core\commoncore.dir\release\vtkindexedfloatarray.obj
d:\cybermed\daddy\dependency\sdk-vtk-9.4.2\build_msvc\common\core\commoncore.dir\release\vtkindexeddoublearray.obj
d:\cybermed\daddy\dependency\sdk-vtk-9.4.2\build_msvc\common\core\commoncore.dir\release\vtkindexedchararray.obj
d:\cybermed\daddy\dependency\sdk-vtk-9.4.2\build_msvc\common\core\commoncore.dir\release\vtkaffineidtypearray.obj
d:\cybermed\daddy\dependency\sdk-vtk-9.4.2\build_msvc\common\core\commoncore.dir\release\vtkaffineunsignedshortarray.obj
d:\cybermed\daddy\dependency\sdk-vtk-9.4.2\build_msvc\common\core\commoncore.dir\release\vtkaffineunsignedlonglongarray.obj
d:\cybermed\daddy\dependency\sdk-vtk-9.4.2\build_msvc\common\core\commoncore.dir\release\vtkaffineunsignedlongarray.obj
d:\cybermed\daddy\dependency\sdk-vtk-9.4.2\build_msvc\common\core\commoncore.dir\release\vtkaffineunsignedintarray.obj
d:\cybermed\daddy\dependency\sdk-vtk-9.4.2\build_msvc\common\core\commoncore.dir\release\vtkaffineunsignedchararray.obj
d:\cybermed\daddy\dependency\sdk-vtk-9.4.2\build_msvc\common\core\commoncore.dir\release\vtkaffinesignedchararray.obj
d:\cybermed\daddy\dependency\sdk-vtk-9.4.2\build_msvc\common\core\commoncore.dir\release\vtkaffineshortarray.obj
d:\cybermed\daddy\dependency\sdk-vtk-9.4.2\build_msvc\common\core\commoncore.dir\release\vtkaffinelonglongarray.obj
d:\cybermed\daddy\dependency\sdk-vtk-9.4.2\build_msvc\common\core\commoncore.dir\release\vtkaffinelongarray.obj
d:\cybermed\daddy\dependency\sdk-vtk-9.4.2\build_msvc\common\core\commoncore.dir\release\vtkaffineintarray.obj
d:\cybermed\daddy\dependency\sdk-vtk-9.4.2\build_msvc\common\core\commoncore.dir\release\vtkaffinefloatarray.obj
d:\cybermed\daddy\dependency\sdk-vtk-9.4.2\build_msvc\common\core\commoncore.dir\release\vtkcompositeidtypearray.obj
d:\cybermed\daddy\dependency\sdk-vtk-9.4.2\build_msvc\common\core\commoncore.dir\release\vtkcompositeunsignedshortarray.obj
d:\cybermed\daddy\dependency\sdk-vtk-9.4.2\build_msvc\common\core\commoncore.dir\release\vtkcompositeunsignedlonglongarray.obj
d:\cybermed\daddy\dependency\sdk-vtk-9.4.2\build_msvc\common\core\commoncore.dir\release\vtkcompositeunsignedlongarray.obj
d:\cybermed\daddy\dependency\sdk-vtk-9.4.2\build_msvc\common\core\commoncore.dir\release\vtkcompositeunsignedintarray.obj
d:\cybermed\daddy\dependency\sdk-vtk-9.4.2\build_msvc\common\core\commoncore.dir\release\vtkcompositeunsignedchararray.obj
d:\cybermed\daddy\dependency\sdk-vtk-9.4.2\build_msvc\common\core\commoncore.dir\release\vtkcompositesignedchararray.obj
d:\cybermed\daddy\dependency\sdk-vtk-9.4.2\build_msvc\common\core\commoncore.dir\release\vtkcompositeshortarray.obj
d:\cybermed\daddy\dependency\sdk-vtk-9.4.2\build_msvc\common\core\commoncore.dir\release\vtkcompositelonglongarray.obj
d:\cybermed\daddy\dependency\sdk-vtk-9.4.2\build_msvc\common\core\commoncore.dir\release\vtkcompositelongarray.obj
d:\cybermed\daddy\dependency\sdk-vtk-9.4.2\build_msvc\common\core\commoncore.dir\release\vtkcompositeintarray.obj
d:\cybermed\daddy\dependency\sdk-vtk-9.4.2\build_msvc\common\core\commoncore.dir\release\vtkcompositefloatarray.obj
d:\cybermed\daddy\dependency\sdk-vtk-9.4.2\build_msvc\common\core\commoncore.dir\release\vtkcompositedoublearray.obj
d:\cybermed\daddy\dependency\sdk-vtk-9.4.2\build_msvc\common\core\commoncore.dir\release\vtkcompositechararray.obj
d:\cybermed\daddy\dependency\sdk-vtk-9.4.2\build_msvc\common\core\commoncore.dir\release\vtkindexedidtypearray.obj
d:\cybermed\daddy\dependency\sdk-vtk-9.4.2\build_msvc\common\core\commoncore.dir\release\vtkindexedunsignedshortarray.obj
d:\cybermed\daddy\dependency\sdk-vtk-9.4.2\build_msvc\common\core\commoncore.dir\release\vtkindexedunsignedlonglongarray.obj
d:\cybermed\daddy\dependency\sdk-vtk-9.4.2\build_msvc\common\core\commoncore.dir\release\vtkindexedunsignedlongarray.obj
d:\cybermed\daddy\dependency\sdk-vtk-9.4.2\build_msvc\common\core\commoncore.dir\release\vtkindexedunsignedintarray.obj
d:\cybermed\daddy\dependency\sdk-vtk-9.4.2\build_msvc\common\core\commoncore.dir\release\vtkindexedunsignedchararray.obj
d:\cybermed\daddy\dependency\sdk-vtk-9.4.2\build_msvc\common\core\commoncore.dir\release\vtkcollection.obj
d:\cybermed\daddy\dependency\sdk-vtk-9.4.2\build_msvc\common\core\commoncore.dir\release\vtkchararray.obj
d:\cybermed\daddy\dependency\sdk-vtk-9.4.2\build_msvc\common\core\commoncore.dir\release\vtkcallbackcommand.obj
d:\cybermed\daddy\dependency\sdk-vtk-9.4.2\build_msvc\common\core\commoncore.dir\release\vtkbyteswap.obj
d:\cybermed\daddy\dependency\sdk-vtk-9.4.2\build_msvc\common\core\commoncore.dir\release\vtkbreakpoint.obj
d:\cybermed\daddy\dependency\sdk-vtk-9.4.2\build_msvc\common\core\commoncore.dir\release\vtkboxmuellerrandomsequence.obj
d:\cybermed\daddy\dependency\sdk-vtk-9.4.2\build_msvc\common\core\commoncore.dir\release\vtkbitarrayiterator.obj
d:\cybermed\daddy\dependency\sdk-vtk-9.4.2\build_msvc\common\core\commoncore.dir\release\vtkbitarray.obj
d:\cybermed\daddy\dependency\sdk-vtk-9.4.2\build_msvc\common\core\commoncore.dir\release\vtkatomicmutex.obj
d:\cybermed\daddy\dependency\sdk-vtk-9.4.2\build_msvc\common\core\commoncore.dir\release\vtkarrayweights.obj
d:\cybermed\daddy\dependency\sdk-vtk-9.4.2\build_msvc\common\core\commoncore.dir\release\vtkarraysort.obj
d:\cybermed\daddy\dependency\sdk-vtk-9.4.2\build_msvc\common\core\commoncore.dir\release\vtkarrayrange.obj
d:\cybermed\daddy\dependency\sdk-vtk-9.4.2\build_msvc\common\core\commoncore.dir\release\vtkarrayiterator.obj
d:\cybermed\daddy\dependency\sdk-vtk-9.4.2\build_msvc\common\core\commoncore.dir\release\vtkarrayextentslist.obj
d:\cybermed\daddy\dependency\sdk-vtk-9.4.2\build_msvc\common\core\commoncore.dir\release\vtkarrayextents.obj
d:\cybermed\daddy\dependency\sdk-vtk-9.4.2\build_msvc\common\core\commoncore.dir\release\vtkarraycoordinates.obj
d:\cybermed\daddy\dependency\sdk-vtk-9.4.2\build_msvc\common\core\commoncore.dir\release\vtkarray.obj
d:\cybermed\daddy\dependency\sdk-vtk-9.4.2\build_msvc\common\core\commoncore.dir\release\vtkarchiver.obj
d:\cybermed\daddy\dependency\sdk-vtk-9.4.2\build_msvc\common\core\commoncore.dir\release\vtkanimationcue.obj
d:\cybermed\daddy\dependency\sdk-vtk-9.4.2\build_msvc\common\core\commoncore.dir\release\vtkabstractarray.obj
d:\cybermed\daddy\dependency\sdk-vtk-9.4.2\build_msvc\common\core\commoncore.dir\release\vtkidlistcollection.obj
d:\cybermed\daddy\dependency\sdk-vtk-9.4.2\build_msvc\common\core\commoncore.dir\release\vtkidlist.obj
d:\cybermed\daddy\dependency\sdk-vtk-9.4.2\build_msvc\common\core\commoncore.dir\release\vtkgaussianrandomsequence.obj
d:\cybermed\daddy\dependency\sdk-vtk-9.4.2\build_msvc\common\core\commoncore.dir\release\vtkgarbagecollectormanager.obj
d:\cybermed\daddy\dependency\sdk-vtk-9.4.2\build_msvc\common\core\commoncore.dir\release\vtkgarbagecollector.obj
d:\cybermed\daddy\dependency\sdk-vtk-9.4.2\build_msvc\common\core\commoncore.dir\release\vtkfloatingpointexceptions.obj
d:\cybermed\daddy\dependency\sdk-vtk-9.4.2\build_msvc\common\core\commoncore.dir\release\vtkfloatarray.obj
d:\cybermed\daddy\dependency\sdk-vtk-9.4.2\build_msvc\common\core\commoncore.dir\release\vtkfileoutputwindow.obj
d:\cybermed\daddy\dependency\sdk-vtk-9.4.2\build_msvc\common\core\commoncore.dir\release\vtkeventforwardercommand.obj
d:\cybermed\daddy\dependency\sdk-vtk-9.4.2\build_msvc\common\core\commoncore.dir\release\vtkdynamicloader.obj
d:\cybermed\daddy\dependency\sdk-vtk-9.4.2\build_msvc\common\core\commoncore.dir\release\vtkdoublearray.obj
d:\cybermed\daddy\dependency\sdk-vtk-9.4.2\build_msvc\common\core\commoncore.dir\release\vtkdeserializer.obj
d:\cybermed\daddy\dependency\sdk-vtk-9.4.2\build_msvc\common\core\commoncore.dir\release\vtkdebugleaksmanager.obj
d:\cybermed\daddy\dependency\sdk-vtk-9.4.2\build_msvc\common\core\commoncore.dir\release\vtkdebugleaks.obj
d:\cybermed\daddy\dependency\sdk-vtk-9.4.2\build_msvc\common\core\commoncore.dir\release\vtkdataarrayselection.obj
d:\cybermed\daddy\dependency\sdk-vtk-9.4.2\build_msvc\common\core\commoncore.dir\release\vtkdataarraycollectioniterator.obj
d:\cybermed\daddy\dependency\sdk-vtk-9.4.2\build_msvc\common\core\commoncore.dir\release\vtkdataarraycollection.obj
d:\cybermed\daddy\dependency\sdk-vtk-9.4.2\build_msvc\common\core\commoncore.dir\release\vtkcommoninformationkeymanager.obj
d:\cybermed\daddy\dependency\sdk-vtk-9.4.2\build_msvc\common\core\commoncore.dir\release\vtkcommand.obj
d:\cybermed\daddy\dependency\sdk-vtk-9.4.2\build_msvc\common\core\commoncore.dir\release\vtkcollectioniterator.obj
d:\cybermed\daddy\dependency\sdk-vtk-9.4.2\build_msvc\common\core\commoncore.dir\release\vtkinformationstringkey.obj
d:\cybermed\daddy\dependency\sdk-vtk-9.4.2\build_msvc\common\core\commoncore.dir\release\vtkinformationrequestkey.obj
d:\cybermed\daddy\dependency\sdk-vtk-9.4.2\build_msvc\common\core\commoncore.dir\release\vtkinformationobjectbasevectorkey.obj
d:\cybermed\daddy\dependency\sdk-vtk-9.4.2\build_msvc\common\core\commoncore.dir\release\vtkinformationobjectbasekey.obj
d:\cybermed\daddy\dependency\sdk-vtk-9.4.2\build_msvc\common\core\commoncore.dir\release\vtkinformationkeyvectorkey.obj
d:\cybermed\daddy\dependency\sdk-vtk-9.4.2\build_msvc\common\core\commoncore.dir\release\vtkinformationkeylookup.obj
d:\cybermed\daddy\dependency\sdk-vtk-9.4.2\build_msvc\common\core\commoncore.dir\release\vtkinformationkey.obj
d:\cybermed\daddy\dependency\sdk-vtk-9.4.2\build_msvc\common\core\commoncore.dir\release\vtkinformationiterator.obj
d:\cybermed\daddy\dependency\sdk-vtk-9.4.2\build_msvc\common\core\commoncore.dir\release\vtkinformationintegervectorkey.obj
d:\cybermed\daddy\dependency\sdk-vtk-9.4.2\build_msvc\common\core\commoncore.dir\release\vtkinformationintegerpointerkey.obj
d:\cybermed\daddy\dependency\sdk-vtk-9.4.2\build_msvc\common\core\commoncore.dir\release\vtkinformationintegerkey.obj
d:\cybermed\daddy\dependency\sdk-vtk-9.4.2\build_msvc\common\core\commoncore.dir\release\vtkinformationinformationvectorkey.obj
d:\cybermed\daddy\dependency\sdk-vtk-9.4.2\build_msvc\common\core\commoncore.dir\release\vtkinformationinformationkey.obj
d:\cybermed\daddy\dependency\sdk-vtk-9.4.2\build_msvc\common\core\commoncore.dir\release\vtkinformationidtypekey.obj
d:\cybermed\daddy\dependency\sdk-vtk-9.4.2\build_msvc\common\core\commoncore.dir\release\vtkinformationdoublevectorkey.obj
d:\cybermed\daddy\dependency\sdk-vtk-9.4.2\build_msvc\common\core\commoncore.dir\release\vtkinformationdoublekey.obj
d:\cybermed\daddy\dependency\sdk-vtk-9.4.2\build_msvc\common\core\commoncore.dir\release\vtkinformationdataobjectkey.obj
d:\cybermed\daddy\dependency\sdk-vtk-9.4.2\build_msvc\common\core\commoncore.dir\release\vtkinformation.obj
d:\cybermed\daddy\dependency\sdk-vtk-9.4.2\build_msvc\common\core\commoncore.dir\release\vtkindent.obj
d:\cybermed\daddy\dependency\sdk-vtk-9.4.2\build_msvc\common\core\commoncore.dir\release\vtkidtypearray.obj
d:\cybermed\daddy\dependency\sdk-vtk-9.4.2\build_msvc\common\core\commoncore.dir\release\vtkobjectbase.obj
d:\cybermed\daddy\dependency\sdk-vtk-9.4.2\build_msvc\common\core\commoncore.dir\release\vtkobject.obj
d:\cybermed\daddy\dependency\sdk-vtk-9.4.2\build_msvc\common\core\commoncore.dir\release\vtkostreamwrapper.obj
d:\cybermed\daddy\dependency\sdk-vtk-9.4.2\build_msvc\common\core\commoncore.dir\release\vtkostrstreamwrapper.obj
d:\cybermed\daddy\dependency\sdk-vtk-9.4.2\build_msvc\common\core\commoncore.dir\release\vtknumbertostring.obj
d:\cybermed\daddy\dependency\sdk-vtk-9.4.2\build_msvc\common\core\commoncore.dir\release\vtkmultithreader.obj
d:\cybermed\daddy\dependency\sdk-vtk-9.4.2\build_msvc\common\core\commoncore.dir\release\vtkminimalstandardrandomsequence.obj
d:\cybermed\daddy\dependency\sdk-vtk-9.4.2\build_msvc\common\core\commoncore.dir\release\vtkmersennetwister.obj
d:\cybermed\daddy\dependency\sdk-vtk-9.4.2\build_msvc\common\core\commoncore.dir\release\vtkmarshalcontext.obj
d:\cybermed\daddy\dependency\sdk-vtk-9.4.2\build_msvc\common\core\commoncore.dir\release\vtkmath.obj
d:\cybermed\daddy\dependency\sdk-vtk-9.4.2\build_msvc\common\core\commoncore.dir\release\vtklookuptable.obj
d:\cybermed\daddy\dependency\sdk-vtk-9.4.2\build_msvc\common\core\commoncore.dir\release\vtklonglongarray.obj
d:\cybermed\daddy\dependency\sdk-vtk-9.4.2\build_msvc\common\core\commoncore.dir\release\vtklongarray.obj
d:\cybermed\daddy\dependency\sdk-vtk-9.4.2\build_msvc\common\core\commoncore.dir\release\vtklargeinteger.obj
d:\cybermed\daddy\dependency\sdk-vtk-9.4.2\build_msvc\common\core\commoncore.dir\release\vtkintarray.obj
d:\cybermed\daddy\dependency\sdk-vtk-9.4.2\build_msvc\common\core\commoncore.dir\release\vtkinformationvector.obj
d:\cybermed\daddy\dependency\sdk-vtk-9.4.2\build_msvc\common\core\commoncore.dir\release\vtkinformationvariantvectorkey.obj
d:\cybermed\daddy\dependency\sdk-vtk-9.4.2\build_msvc\common\core\commoncore.dir\release\vtkinformationvariantkey.obj
d:\cybermed\daddy\dependency\sdk-vtk-9.4.2\build_msvc\common\core\commoncore.dir\release\vtkinformationunsignedlongkey.obj
d:\cybermed\daddy\dependency\sdk-vtk-9.4.2\build_msvc\common\core\commoncore.dir\release\vtkinformationstringvectorkey.obj
d:\cybermed\daddy\dependency\sdk-vtk-9.4.2\build_msvc\common\core\commoncore.dir\release\vtkstringarray.obj
d:\cybermed\daddy\dependency\sdk-vtk-9.4.2\build_msvc\common\core\commoncore.dir\release\vtkstdstring.obj
d:\cybermed\daddy\dependency\sdk-vtk-9.4.2\build_msvc\common\core\commoncore.dir\release\vtksortdataarray.obj
d:\cybermed\daddy\dependency\sdk-vtk-9.4.2\build_msvc\common\core\commoncore.dir\release\vtksmartpointerbase.obj
d:\cybermed\daddy\dependency\sdk-vtk-9.4.2\build_msvc\common\core\commoncore.dir\release\vtksignedchararray.obj
d:\cybermed\daddy\dependency\sdk-vtk-9.4.2\build_msvc\common\core\commoncore.dir\release\vtkshortarray.obj
d:\cybermed\daddy\dependency\sdk-vtk-9.4.2\build_msvc\common\core\commoncore.dir\release\vtkscalarstocolors.obj
d:\cybermed\daddy\dependency\sdk-vtk-9.4.2\build_msvc\common\core\commoncore.dir\release\vtkserializer.obj
d:\cybermed\daddy\dependency\sdk-vtk-9.4.2\build_msvc\common\core\commoncore.dir\release\vtkreferencecount.obj
d:\cybermed\daddy\dependency\sdk-vtk-9.4.2\build_msvc\common\core\commoncore.dir\release\vtkrandomsequence.obj
d:\cybermed\daddy\dependency\sdk-vtk-9.4.2\build_msvc\common\core\commoncore.dir\release\vtkrandompool.obj
d:\cybermed\daddy\dependency\sdk-vtk-9.4.2\build_msvc\common\core\commoncore.dir\release\vtkpriorityqueue.obj
d:\cybermed\daddy\dependency\sdk-vtk-9.4.2\build_msvc\common\core\commoncore.dir\release\vtkpoints2d.obj
d:\cybermed\daddy\dependency\sdk-vtk-9.4.2\build_msvc\common\core\commoncore.dir\release\vtkpoints.obj
d:\cybermed\daddy\dependency\sdk-vtk-9.4.2\build_msvc\common\core\commoncore.dir\release\vtkoverrideinformationcollection.obj
d:\cybermed\daddy\dependency\sdk-vtk-9.4.2\build_msvc\common\core\commoncore.dir\release\vtkoverrideinformation.obj
d:\cybermed\daddy\dependency\sdk-vtk-9.4.2\build_msvc\common\core\commoncore.dir\release\vtkoutputwindow.obj
d:\cybermed\daddy\dependency\sdk-vtk-9.4.2\build_msvc\common\core\commoncore.dir\release\vtkoldstylecallbackcommand.obj
d:\cybermed\daddy\dependency\sdk-vtk-9.4.2\build_msvc\common\core\commoncore.dir\release\vtkobjectfactorycollection.obj
d:\cybermed\daddy\dependency\sdk-vtk-9.4.2\build_msvc\common\core\commoncore.dir\release\vtkobjectfactory.obj
d:\cybermed\daddy\dependency\sdk-vtk-9.4.2\build_msvc\common\core\commoncore.dir\release\vtkwin32processoutputwindow.obj
d:\cybermed\daddy\dependency\sdk-vtk-9.4.2\build_msvc\common\core\commoncore.dir\release\vtkwin32outputwindow.obj
d:\cybermed\daddy\dependency\sdk-vtk-9.4.2\build_msvc\common\core\commoncore.dir\release\vtkxmlfileoutputwindow.obj
d:\cybermed\daddy\dependency\sdk-vtk-9.4.2\build_msvc\common\core\commoncore.dir\release\vtkwindow.obj
d:\cybermed\daddy\dependency\sdk-vtk-9.4.2\build_msvc\common\core\commoncore.dir\release\vtkweakreference.obj
d:\cybermed\daddy\dependency\sdk-vtk-9.4.2\build_msvc\common\core\commoncore.dir\release\vtkweakpointerbase.obj
d:\cybermed\daddy\dependency\sdk-vtk-9.4.2\build_msvc\common\core\commoncore.dir\release\vtkvoidarray.obj
d:\cybermed\daddy\dependency\sdk-vtk-9.4.2\build_msvc\common\core\commoncore.dir\release\vtkversion.obj
d:\cybermed\daddy\dependency\sdk-vtk-9.4.2\build_msvc\common\core\commoncore.dir\release\vtkvariantarray.obj
d:\cybermed\daddy\dependency\sdk-vtk-9.4.2\build_msvc\common\core\commoncore.dir\release\vtkvariant.obj
d:\cybermed\daddy\dependency\sdk-vtk-9.4.2\build_msvc\common\core\commoncore.dir\release\vtkunsignedshortarray.obj
d:\cybermed\daddy\dependency\sdk-vtk-9.4.2\build_msvc\common\core\commoncore.dir\release\vtkunsignedlonglongarray.obj
d:\cybermed\daddy\dependency\sdk-vtk-9.4.2\build_msvc\common\core\commoncore.dir\release\vtkunsignedlongarray.obj
d:\cybermed\daddy\dependency\sdk-vtk-9.4.2\build_msvc\common\core\commoncore.dir\release\vtkunsignedintarray.obj
d:\cybermed\daddy\dependency\sdk-vtk-9.4.2\build_msvc\common\core\commoncore.dir\release\vtkunsignedchararray.obj
d:\cybermed\daddy\dependency\sdk-vtk-9.4.2\build_msvc\common\core\commoncore.dir\release\vtkthreadedcallbackqueue.obj
d:\cybermed\daddy\dependency\sdk-vtk-9.4.2\build_msvc\common\core\commoncore.dir\release\vtktimestamp.obj
d:\cybermed\daddy\dependency\sdk-vtk-9.4.2\build_msvc\common\core\commoncore.dir\release\vtktimepointutility.obj
d:\cybermed\daddy\dependency\sdk-vtk-9.4.2\build_msvc\common\core\commoncore.dir\release\vtkstringtoken.obj
d:\cybermed\daddy\dependency\sdk-vtk-9.4.2\build_msvc\common\core\commoncore.dir\release\vtkstringoutputwindow.obj
d:\cybermed\daddy\dependency\sdk-vtk-9.4.2\build_msvc\common\core\commoncore.dir\release\smp\stdthread\vtksmptoolsimpl.cxx.obj
d:\cybermed\daddy\dependency\sdk-vtk-9.4.2\build_msvc\common\core\commoncore.dir\release\smp\sequential\vtksmptoolsimpl.cxx.obj
d:\cybermed\daddy\dependency\sdk-vtk-9.4.2\build_msvc\common\core\commoncore.dir\release\vtkwin32outputwindowprocessencoded.obj
d:\cybermed\daddy\dependency\sdk-vtk-9.4.2\build_msvc\common\core\commoncore.dir\release\vtkdataarray.obj
d:\cybermed\daddy\dependency\sdk-vtk-9.4.2\build_msvc\common\core\commoncore.dir\release\vtklogger.obj
d:\cybermed\daddy\dependency\sdk-vtk-9.4.2\build_msvc\common\core\cmakefiles\generate.stamp
d:\cybermed\daddy\dependency\sdk-vtk-9.4.2\build_msvc\bin\release\vtkcommoncore-9.4.dll
d:\cybermed\daddy\dependency\sdk-vtk-9.4.2\build_msvc\lib\release\vtkcommoncore-9.4.lib
d:\cybermed\daddy\dependency\sdk-vtk-9.4.2\build_msvc\lib\release\vtkcommoncore-9.4.exp
d:\cybermed\daddy\dependency\sdk-vtk-9.4.2\build_msvc\common\core\commoncore.dir\release\commoncore.tlog\cl.command.1.tlog
d:\cybermed\daddy\dependency\sdk-vtk-9.4.2\build_msvc\common\core\commoncore.dir\release\commoncore.tlog\cl.items.tlog
d:\cybermed\daddy\dependency\sdk-vtk-9.4.2\build_msvc\common\core\commoncore.dir\release\commoncore.tlog\cl.read.1.tlog
d:\cybermed\daddy\dependency\sdk-vtk-9.4.2\build_msvc\common\core\commoncore.dir\release\commoncore.tlog\cl.write.1.tlog
d:\cybermed\daddy\dependency\sdk-vtk-9.4.2\build_msvc\common\core\commoncore.dir\release\commoncore.tlog\custombuild.command.1.tlog
d:\cybermed\daddy\dependency\sdk-vtk-9.4.2\build_msvc\common\core\commoncore.dir\release\commoncore.tlog\custombuild.read.1.tlog
d:\cybermed\daddy\dependency\sdk-vtk-9.4.2\build_msvc\common\core\commoncore.dir\release\commoncore.tlog\custombuild.write.1.tlog
d:\cybermed\daddy\dependency\sdk-vtk-9.4.2\build_msvc\common\core\commoncore.dir\release\commoncore.tlog\link.command.1.tlog
d:\cybermed\daddy\dependency\sdk-vtk-9.4.2\build_msvc\common\core\commoncore.dir\release\commoncore.tlog\link.read.1.tlog
d:\cybermed\daddy\dependency\sdk-vtk-9.4.2\build_msvc\common\core\commoncore.dir\release\commoncore.tlog\link.secondary.1.tlog
d:\cybermed\daddy\dependency\sdk-vtk-9.4.2\build_msvc\common\core\commoncore.dir\release\commoncore.tlog\link.write.1.tlog
