d:\cybermed\daddy\dependency\dcmtk-dcmtk-3.6.8\build_msvc\dcmpstat\libsrc\dcmpstat.dir\release\dvpsib.obj
d:\cybermed\daddy\dependency\dcmtk-dcmtk-3.6.8\build_msvc\dcmpstat\libsrc\dcmpstat.dir\release\dvpshlp.obj
d:\cybermed\daddy\dependency\dcmtk-dcmtk-3.6.8\build_msvc\dcmpstat\libsrc\dcmpstat.dir\release\dvpsgrl.obj
d:\cybermed\daddy\dependency\dcmtk-dcmtk-3.6.8\build_msvc\dcmpstat\libsrc\dcmpstat.dir\release\dvpsgr.obj
d:\cybermed\daddy\dependency\dcmtk-dcmtk-3.6.8\build_msvc\dcmpstat\libsrc\dcmpstat.dir\release\dvpsgll.obj
d:\cybermed\daddy\dependency\dcmtk-dcmtk-3.6.8\build_msvc\dcmpstat\libsrc\dcmpstat.dir\release\dvpsgl.obj
d:\cybermed\daddy\dependency\dcmtk-dcmtk-3.6.8\build_msvc\dcmpstat\libsrc\dcmpstat.dir\release\dvpsgal.obj
d:\cybermed\daddy\dependency\dcmtk-dcmtk-3.6.8\build_msvc\dcmpstat\libsrc\dcmpstat.dir\release\dvpsga.obj
d:\cybermed\daddy\dependency\dcmtk-dcmtk-3.6.8\build_msvc\dcmpstat\libsrc\dcmpstat.dir\release\dvpsfs.obj
d:\cybermed\daddy\dependency\dcmtk-dcmtk-3.6.8\build_msvc\dcmpstat\libsrc\dcmpstat.dir\release\dvpsdal.obj
d:\cybermed\daddy\dependency\dcmtk-dcmtk-3.6.8\build_msvc\dcmpstat\libsrc\dcmpstat.dir\release\dvpsda.obj
d:\cybermed\daddy\dependency\dcmtk-dcmtk-3.6.8\build_msvc\dcmpstat\libsrc\dcmpstat.dir\release\dvpscul.obj
d:\cybermed\daddy\dependency\dcmtk-dcmtk-3.6.8\build_msvc\dcmpstat\libsrc\dcmpstat.dir\release\dvpscu.obj
d:\cybermed\daddy\dependency\dcmtk-dcmtk-3.6.8\build_msvc\dcmpstat\libsrc\dcmpstat.dir\release\dvpscf.obj
d:\cybermed\daddy\dependency\dcmtk-dcmtk-3.6.8\build_msvc\dcmpstat\libsrc\dcmpstat.dir\release\dvpsall.obj
d:\cybermed\daddy\dependency\dcmtk-dcmtk-3.6.8\build_msvc\dcmpstat\libsrc\dcmpstat.dir\release\dvpsal.obj
d:\cybermed\daddy\dependency\dcmtk-dcmtk-3.6.8\build_msvc\dcmpstat\libsrc\dcmpstat.dir\release\dvpsabl.obj
d:\cybermed\daddy\dependency\dcmtk-dcmtk-3.6.8\build_msvc\dcmpstat\libsrc\dcmpstat.dir\release\dvpsab.obj
d:\cybermed\daddy\dependency\dcmtk-dcmtk-3.6.8\build_msvc\dcmpstat\libsrc\dcmpstat.dir\release\dviface.obj
d:\cybermed\daddy\dependency\dcmtk-dcmtk-3.6.8\build_msvc\dcmpstat\libsrc\dcmpstat.dir\release\dcmpstat.obj
d:\cybermed\daddy\dependency\dcmtk-dcmtk-3.6.8\build_msvc\dcmpstat\libsrc\dcmpstat.dir\release\dvpstxl.obj
d:\cybermed\daddy\dependency\dcmtk-dcmtk-3.6.8\build_msvc\dcmpstat\libsrc\dcmpstat.dir\release\dvpstx.obj
d:\cybermed\daddy\dependency\dcmtk-dcmtk-3.6.8\build_msvc\dcmpstat\libsrc\dcmpstat.dir\release\dvpstat.obj
d:\cybermed\daddy\dependency\dcmtk-dcmtk-3.6.8\build_msvc\dcmpstat\libsrc\dcmpstat.dir\release\dvpssvl.obj
d:\cybermed\daddy\dependency\dcmtk-dcmtk-3.6.8\build_msvc\dcmpstat\libsrc\dcmpstat.dir\release\dvpssv.obj
d:\cybermed\daddy\dependency\dcmtk-dcmtk-3.6.8\build_msvc\dcmpstat\libsrc\dcmpstat.dir\release\dvpsspl.obj
d:\cybermed\daddy\dependency\dcmtk-dcmtk-3.6.8\build_msvc\dcmpstat\libsrc\dcmpstat.dir\release\dvpssp.obj
d:\cybermed\daddy\dependency\dcmtk-dcmtk-3.6.8\build_msvc\dcmpstat\libsrc\dcmpstat.dir\release\dvpsrsl.obj
d:\cybermed\daddy\dependency\dcmtk-dcmtk-3.6.8\build_msvc\dcmpstat\libsrc\dcmpstat.dir\release\dvpsrs.obj
d:\cybermed\daddy\dependency\dcmtk-dcmtk-3.6.8\build_msvc\dcmpstat\libsrc\dcmpstat.dir\release\dvpsril.obj
d:\cybermed\daddy\dependency\dcmtk-dcmtk-3.6.8\build_msvc\dcmpstat\libsrc\dcmpstat.dir\release\dvpsri.obj
d:\cybermed\daddy\dependency\dcmtk-dcmtk-3.6.8\build_msvc\dcmpstat\libsrc\dcmpstat.dir\release\dvpsprt.obj
d:\cybermed\daddy\dependency\dcmtk-dcmtk-3.6.8\build_msvc\dcmpstat\libsrc\dcmpstat.dir\release\dvpspr.obj
d:\cybermed\daddy\dependency\dcmtk-dcmtk-3.6.8\build_msvc\dcmpstat\libsrc\dcmpstat.dir\release\dvpspll.obj
d:\cybermed\daddy\dependency\dcmtk-dcmtk-3.6.8\build_msvc\dcmpstat\libsrc\dcmpstat.dir\release\dvpspl2.obj
d:\cybermed\daddy\dependency\dcmtk-dcmtk-3.6.8\build_msvc\dcmpstat\libsrc\dcmpstat.dir\release\dvpspl.obj
d:\cybermed\daddy\dependency\dcmtk-dcmtk-3.6.8\build_msvc\dcmpstat\libsrc\dcmpstat.dir\release\dvpsovl.obj
d:\cybermed\daddy\dependency\dcmtk-dcmtk-3.6.8\build_msvc\dcmpstat\libsrc\dcmpstat.dir\release\dvpsov.obj
d:\cybermed\daddy\dependency\dcmtk-dcmtk-3.6.8\build_msvc\dcmpstat\libsrc\dcmpstat.dir\release\dvpsmsg.obj
d:\cybermed\daddy\dependency\dcmtk-dcmtk-3.6.8\build_msvc\dcmpstat\libsrc\dcmpstat.dir\release\dvpsibl.obj
d:\cybermed\daddy\dependency\dcmtk-dcmtk-3.6.8\build_msvc\dcmpstat\libsrc\dcmpstat.dir\release\dvsighdl.obj
d:\cybermed\daddy\dependency\dcmtk-dcmtk-3.6.8\build_msvc\dcmpstat\libsrc\dcmpstat.dir\release\dvpsvwl.obj
d:\cybermed\daddy\dependency\dcmtk-dcmtk-3.6.8\build_msvc\dcmpstat\libsrc\dcmpstat.dir\release\dvpsvw.obj
d:\cybermed\daddy\dependency\dcmtk-dcmtk-3.6.8\build_msvc\dcmpstat\libsrc\dcmpstat.dir\release\dvpsvll.obj
d:\cybermed\daddy\dependency\dcmtk-dcmtk-3.6.8\build_msvc\dcmpstat\libsrc\dcmpstat.dir\release\dvpsvl.obj
d:\cybermed\daddy\dependency\dcmtk-dcmtk-3.6.8\build_msvc\dcmpstat\libsrc\cmakefiles\generate.stamp
d:\cybermed\daddy\dependency\dcmtk-dcmtk-3.6.8\build_msvc\lib\release\dcmpstat.lib
d:\cybermed\daddy\dependency\dcmtk-dcmtk-3.6.8\build_msvc\bin\release\dcmpstat.dll
d:\cybermed\daddy\dependency\dcmtk-dcmtk-3.6.8\build_msvc\lib\release\dcmpstat.exp
d:\cybermed\daddy\dependency\dcmtk-dcmtk-3.6.8\build_msvc\dcmpstat\libsrc\dcmpstat.dir\release\dcmpstat.tlog\cl.command.1.tlog
d:\cybermed\daddy\dependency\dcmtk-dcmtk-3.6.8\build_msvc\dcmpstat\libsrc\dcmpstat.dir\release\dcmpstat.tlog\cl.items.tlog
d:\cybermed\daddy\dependency\dcmtk-dcmtk-3.6.8\build_msvc\dcmpstat\libsrc\dcmpstat.dir\release\dcmpstat.tlog\cl.read.1.tlog
d:\cybermed\daddy\dependency\dcmtk-dcmtk-3.6.8\build_msvc\dcmpstat\libsrc\dcmpstat.dir\release\dcmpstat.tlog\cl.write.1.tlog
d:\cybermed\daddy\dependency\dcmtk-dcmtk-3.6.8\build_msvc\dcmpstat\libsrc\dcmpstat.dir\release\dcmpstat.tlog\custombuild.command.1.tlog
d:\cybermed\daddy\dependency\dcmtk-dcmtk-3.6.8\build_msvc\dcmpstat\libsrc\dcmpstat.dir\release\dcmpstat.tlog\custombuild.read.1.tlog
d:\cybermed\daddy\dependency\dcmtk-dcmtk-3.6.8\build_msvc\dcmpstat\libsrc\dcmpstat.dir\release\dcmpstat.tlog\custombuild.write.1.tlog
d:\cybermed\daddy\dependency\dcmtk-dcmtk-3.6.8\build_msvc\dcmpstat\libsrc\dcmpstat.dir\release\dcmpstat.tlog\lib-link.read.1.tlog
d:\cybermed\daddy\dependency\dcmtk-dcmtk-3.6.8\build_msvc\dcmpstat\libsrc\dcmpstat.dir\release\dcmpstat.tlog\lib-link.write.1.tlog
d:\cybermed\daddy\dependency\dcmtk-dcmtk-3.6.8\build_msvc\dcmpstat\libsrc\dcmpstat.dir\release\dcmpstat.tlog\lib.command.1.tlog
d:\cybermed\daddy\dependency\dcmtk-dcmtk-3.6.8\build_msvc\dcmpstat\libsrc\dcmpstat.dir\release\dcmpstat.tlog\link.command.1.tlog
d:\cybermed\daddy\dependency\dcmtk-dcmtk-3.6.8\build_msvc\dcmpstat\libsrc\dcmpstat.dir\release\dcmpstat.tlog\link.read.1.tlog
d:\cybermed\daddy\dependency\dcmtk-dcmtk-3.6.8\build_msvc\dcmpstat\libsrc\dcmpstat.dir\release\dcmpstat.tlog\link.secondary.1.tlog
d:\cybermed\daddy\dependency\dcmtk-dcmtk-3.6.8\build_msvc\dcmpstat\libsrc\dcmpstat.dir\release\dcmpstat.tlog\link.write.1.tlog
