d:\cybermed\daddy\dependency\sdk-vtk-9.4.2\build_msvc\interaction\widgets\interactionwidgets.dir\release\vtkbidimensionalrepresentation2d.obj
d:\cybermed\daddy\dependency\sdk-vtk-9.4.2\build_msvc\interaction\widgets\interactionwidgets.dir\release\vtkbidimensionalrepresentation.obj
d:\cybermed\daddy\dependency\sdk-vtk-9.4.2\build_msvc\interaction\widgets\interactionwidgets.dir\release\vtkbeziercontourlineinterpolator.obj
d:\cybermed\daddy\dependency\sdk-vtk-9.4.2\build_msvc\interaction\widgets\interactionwidgets.dir\release\vtkballoonwidget.obj
d:\cybermed\daddy\dependency\sdk-vtk-9.4.2\build_msvc\interaction\widgets\interactionwidgets.dir\release\vtkballoonrepresentation.obj
d:\cybermed\daddy\dependency\sdk-vtk-9.4.2\build_msvc\interaction\widgets\interactionwidgets.dir\release\vtkaxestransformwidget.obj
d:\cybermed\daddy\dependency\sdk-vtk-9.4.2\build_msvc\interaction\widgets\interactionwidgets.dir\release\vtkaxestransformrepresentation.obj
d:\cybermed\daddy\dependency\sdk-vtk-9.4.2\build_msvc\interaction\widgets\interactionwidgets.dir\release\vtkanglewidget.obj
d:\cybermed\daddy\dependency\sdk-vtk-9.4.2\build_msvc\interaction\widgets\interactionwidgets.dir\release\vtkanglerepresentation3d.obj
d:\cybermed\daddy\dependency\sdk-vtk-9.4.2\build_msvc\interaction\widgets\interactionwidgets.dir\release\vtkanglerepresentation2d.obj
d:\cybermed\daddy\dependency\sdk-vtk-9.4.2\build_msvc\interaction\widgets\interactionwidgets.dir\release\vtkanglerepresentation.obj
d:\cybermed\daddy\dependency\sdk-vtk-9.4.2\build_msvc\interaction\widgets\interactionwidgets.dir\release\vtkaffinewidget.obj
d:\cybermed\daddy\dependency\sdk-vtk-9.4.2\build_msvc\interaction\widgets\interactionwidgets.dir\release\vtkaffinerepresentation2d.obj
d:\cybermed\daddy\dependency\sdk-vtk-9.4.2\build_msvc\interaction\widgets\interactionwidgets.dir\release\vtkaffinerepresentation.obj
d:\cybermed\daddy\dependency\sdk-vtk-9.4.2\build_msvc\interaction\widgets\interactionwidgets.dir\release\vtkabstractwidget.obj
d:\cybermed\daddy\dependency\sdk-vtk-9.4.2\build_msvc\interaction\widgets\interactionwidgets.dir\release\vtkabstractsplinerepresentation.obj
d:\cybermed\daddy\dependency\sdk-vtk-9.4.2\build_msvc\interaction\widgets\interactionwidgets.dir\release\vtkabstractpolygonalhandlerepresentation3d.obj
d:\cybermed\daddy\dependency\sdk-vtk-9.4.2\build_msvc\interaction\widgets\interactionwidgets.dir\release\vtk3dwidget.obj
d:\cybermed\daddy\dependency\sdk-vtk-9.4.2\build_msvc\interaction\widgets\interactionwidgets.dir\release\vtk3dcursorwidget.obj
d:\cybermed\daddy\dependency\sdk-vtk-9.4.2\build_msvc\interaction\widgets\interactionwidgets.dir\release\vtk3dcursorrepresentation.obj
d:\cybermed\daddy\dependency\sdk-vtk-9.4.2\build_msvc\interaction\widgets\interactionwidgets.dir\release\vtkcaptionrepresentation.obj
d:\cybermed\daddy\dependency\sdk-vtk-9.4.2\build_msvc\interaction\widgets\interactionwidgets.dir\release\vtkcamerawidget.obj
d:\cybermed\daddy\dependency\sdk-vtk-9.4.2\build_msvc\interaction\widgets\interactionwidgets.dir\release\vtkcamerarepresentation.obj
d:\cybermed\daddy\dependency\sdk-vtk-9.4.2\build_msvc\interaction\widgets\interactionwidgets.dir\release\vtkcamerapathwidget.obj
d:\cybermed\daddy\dependency\sdk-vtk-9.4.2\build_msvc\interaction\widgets\interactionwidgets.dir\release\vtkcamerapathrepresentation.obj
d:\cybermed\daddy\dependency\sdk-vtk-9.4.2\build_msvc\interaction\widgets\interactionwidgets.dir\release\vtkcameraorientationrepresentation.obj
d:\cybermed\daddy\dependency\sdk-vtk-9.4.2\build_msvc\interaction\widgets\interactionwidgets.dir\release\vtkcameraorientationwidget.obj
d:\cybermed\daddy\dependency\sdk-vtk-9.4.2\build_msvc\interaction\widgets\interactionwidgets.dir\release\vtkcamerahandlesource.obj
d:\cybermed\daddy\dependency\sdk-vtk-9.4.2\build_msvc\interaction\widgets\interactionwidgets.dir\release\vtkcamera3dwidget.obj
d:\cybermed\daddy\dependency\sdk-vtk-9.4.2\build_msvc\interaction\widgets\interactionwidgets.dir\release\vtkcamera3drepresentation.obj
d:\cybermed\daddy\dependency\sdk-vtk-9.4.2\build_msvc\interaction\widgets\interactionwidgets.dir\release\vtkbuttonwidget.obj
d:\cybermed\daddy\dependency\sdk-vtk-9.4.2\build_msvc\interaction\widgets\interactionwidgets.dir\release\vtkbuttonrepresentation.obj
d:\cybermed\daddy\dependency\sdk-vtk-9.4.2\build_msvc\interaction\widgets\interactionwidgets.dir\release\vtkbrokenlinewidget.obj
d:\cybermed\daddy\dependency\sdk-vtk-9.4.2\build_msvc\interaction\widgets\interactionwidgets.dir\release\vtkboxwidget2.obj
d:\cybermed\daddy\dependency\sdk-vtk-9.4.2\build_msvc\interaction\widgets\interactionwidgets.dir\release\vtkboxwidget.obj
d:\cybermed\daddy\dependency\sdk-vtk-9.4.2\build_msvc\interaction\widgets\interactionwidgets.dir\release\vtkboxrepresentation.obj
d:\cybermed\daddy\dependency\sdk-vtk-9.4.2\build_msvc\interaction\widgets\interactionwidgets.dir\release\vtkboundedplanepointplacer.obj
d:\cybermed\daddy\dependency\sdk-vtk-9.4.2\build_msvc\interaction\widgets\interactionwidgets.dir\release\vtkborderwidget.obj
d:\cybermed\daddy\dependency\sdk-vtk-9.4.2\build_msvc\interaction\widgets\interactionwidgets.dir\release\vtkborderrepresentation.obj
d:\cybermed\daddy\dependency\sdk-vtk-9.4.2\build_msvc\interaction\widgets\interactionwidgets.dir\release\vtkbidimensionalwidget.obj
d:\cybermed\daddy\dependency\sdk-vtk-9.4.2\build_msvc\interaction\widgets\interactionwidgets.dir\release\vtkdisplaysizedimplicitplanewidget.obj
d:\cybermed\daddy\dependency\sdk-vtk-9.4.2\build_msvc\interaction\widgets\interactionwidgets.dir\release\vtkdijkstraimagecontourlineinterpolator.obj
d:\cybermed\daddy\dependency\sdk-vtk-9.4.2\build_msvc\interaction\widgets\interactionwidgets.dir\release\vtkcurverepresentation.obj
d:\cybermed\daddy\dependency\sdk-vtk-9.4.2\build_msvc\interaction\widgets\interactionwidgets.dir\release\vtkcoordinateframewidget.obj
d:\cybermed\daddy\dependency\sdk-vtk-9.4.2\build_msvc\interaction\widgets\interactionwidgets.dir\release\vtkcoordinateframerepresentation.obj
d:\cybermed\daddy\dependency\sdk-vtk-9.4.2\build_msvc\interaction\widgets\interactionwidgets.dir\release\vtkcontourwidget.obj
d:\cybermed\daddy\dependency\sdk-vtk-9.4.2\build_msvc\interaction\widgets\interactionwidgets.dir\release\vtkcontourrepresentation.obj
d:\cybermed\daddy\dependency\sdk-vtk-9.4.2\build_msvc\interaction\widgets\interactionwidgets.dir\release\vtkcontourlineinterpolator.obj
d:\cybermed\daddy\dependency\sdk-vtk-9.4.2\build_msvc\interaction\widgets\interactionwidgets.dir\release\vtkcontinuousvaluewidgetrepresentation.obj
d:\cybermed\daddy\dependency\sdk-vtk-9.4.2\build_msvc\interaction\widgets\interactionwidgets.dir\release\vtkcontinuousvaluewidget.obj
d:\cybermed\daddy\dependency\sdk-vtk-9.4.2\build_msvc\interaction\widgets\interactionwidgets.dir\release\vtkconstrainedpointhandlerepresentation.obj
d:\cybermed\daddy\dependency\sdk-vtk-9.4.2\build_msvc\interaction\widgets\interactionwidgets.dir\release\vtkcompasswidget.obj
d:\cybermed\daddy\dependency\sdk-vtk-9.4.2\build_msvc\interaction\widgets\interactionwidgets.dir\release\vtkcompassrepresentation.obj
d:\cybermed\daddy\dependency\sdk-vtk-9.4.2\build_msvc\interaction\widgets\interactionwidgets.dir\release\vtkclosedsurfacepointplacer.obj
d:\cybermed\daddy\dependency\sdk-vtk-9.4.2\build_msvc\interaction\widgets\interactionwidgets.dir\release\vtkcheckerboardwidget.obj
d:\cybermed\daddy\dependency\sdk-vtk-9.4.2\build_msvc\interaction\widgets\interactionwidgets.dir\release\vtkcheckerboardrepresentation.obj
d:\cybermed\daddy\dependency\sdk-vtk-9.4.2\build_msvc\interaction\widgets\interactionwidgets.dir\release\vtkcenteredsliderwidget.obj
d:\cybermed\daddy\dependency\sdk-vtk-9.4.2\build_msvc\interaction\widgets\interactionwidgets.dir\release\vtkcenteredsliderrepresentation.obj
d:\cybermed\daddy\dependency\sdk-vtk-9.4.2\build_msvc\interaction\widgets\interactionwidgets.dir\release\vtkcellcenterspointplacer.obj
d:\cybermed\daddy\dependency\sdk-vtk-9.4.2\build_msvc\interaction\widgets\interactionwidgets.dir\release\vtkcaptionwidget.obj
d:\cybermed\daddy\dependency\sdk-vtk-9.4.2\build_msvc\interaction\widgets\interactionwidgets.dir\release\vtkimageplanewidget.obj
d:\cybermed\daddy\dependency\sdk-vtk-9.4.2\build_msvc\interaction\widgets\interactionwidgets.dir\release\vtkimageorthoplanes.obj
d:\cybermed\daddy\dependency\sdk-vtk-9.4.2\build_msvc\interaction\widgets\interactionwidgets.dir\release\vtkimagecroppingregionswidget.obj
d:\cybermed\daddy\dependency\sdk-vtk-9.4.2\build_msvc\interaction\widgets\interactionwidgets.dir\release\vtkimageactorpointplacer.obj
d:\cybermed\daddy\dependency\sdk-vtk-9.4.2\build_msvc\interaction\widgets\interactionwidgets.dir\release\vtkhoverwidget.obj
d:\cybermed\daddy\dependency\sdk-vtk-9.4.2\build_msvc\interaction\widgets\interactionwidgets.dir\release\vtkhandlewidget.obj
d:\cybermed\daddy\dependency\sdk-vtk-9.4.2\build_msvc\interaction\widgets\interactionwidgets.dir\release\vtkhandlerepresentation.obj
d:\cybermed\daddy\dependency\sdk-vtk-9.4.2\build_msvc\interaction\widgets\interactionwidgets.dir\release\vtkfocalplanepointplacer.obj
d:\cybermed\daddy\dependency\sdk-vtk-9.4.2\build_msvc\interaction\widgets\interactionwidgets.dir\release\vtkfocalplanecontourrepresentation.obj
d:\cybermed\daddy\dependency\sdk-vtk-9.4.2\build_msvc\interaction\widgets\interactionwidgets.dir\release\vtkfixedsizehandlerepresentation3d.obj
d:\cybermed\daddy\dependency\sdk-vtk-9.4.2\build_msvc\interaction\widgets\interactionwidgets.dir\release\vtkfiniteplanewidget.obj
d:\cybermed\daddy\dependency\sdk-vtk-9.4.2\build_msvc\interaction\widgets\interactionwidgets.dir\release\vtkfiniteplanerepresentation.obj
d:\cybermed\daddy\dependency\sdk-vtk-9.4.2\build_msvc\interaction\widgets\interactionwidgets.dir\release\vtkevent.obj
d:\cybermed\daddy\dependency\sdk-vtk-9.4.2\build_msvc\interaction\widgets\interactionwidgets.dir\release\vtkequalizercontextitem.obj
d:\cybermed\daddy\dependency\sdk-vtk-9.4.2\build_msvc\interaction\widgets\interactionwidgets.dir\release\vtkellipsoidtensorproberepresentation.obj
d:\cybermed\daddy\dependency\sdk-vtk-9.4.2\build_msvc\interaction\widgets\interactionwidgets.dir\release\vtkdistancewidget.obj
d:\cybermed\daddy\dependency\sdk-vtk-9.4.2\build_msvc\interaction\widgets\interactionwidgets.dir\release\vtkdistancerepresentation3d.obj
d:\cybermed\daddy\dependency\sdk-vtk-9.4.2\build_msvc\interaction\widgets\interactionwidgets.dir\release\vtkdistancerepresentation2d.obj
d:\cybermed\daddy\dependency\sdk-vtk-9.4.2\build_msvc\interaction\widgets\interactionwidgets.dir\release\vtkdistancerepresentation.obj
d:\cybermed\daddy\dependency\sdk-vtk-9.4.2\build_msvc\interaction\widgets\interactionwidgets.dir\release\vtkdisplaysizedimplicitplanerepresentation.obj
d:\cybermed\daddy\dependency\sdk-vtk-9.4.2\build_msvc\interaction\widgets\interactionwidgets.dir\release\vtkmagnifierrepresentation.obj
d:\cybermed\daddy\dependency\sdk-vtk-9.4.2\build_msvc\interaction\widgets\interactionwidgets.dir\release\vtklogowidget.obj
d:\cybermed\daddy\dependency\sdk-vtk-9.4.2\build_msvc\interaction\widgets\interactionwidgets.dir\release\vtklogorepresentation.obj
d:\cybermed\daddy\dependency\sdk-vtk-9.4.2\build_msvc\interaction\widgets\interactionwidgets.dir\release\vtklinewidget2.obj
d:\cybermed\daddy\dependency\sdk-vtk-9.4.2\build_msvc\interaction\widgets\interactionwidgets.dir\release\vtklinewidget.obj
d:\cybermed\daddy\dependency\sdk-vtk-9.4.2\build_msvc\interaction\widgets\interactionwidgets.dir\release\vtklinerepresentation.obj
d:\cybermed\daddy\dependency\sdk-vtk-9.4.2\build_msvc\interaction\widgets\interactionwidgets.dir\release\vtklinearcontourlineinterpolator.obj
d:\cybermed\daddy\dependency\sdk-vtk-9.4.2\build_msvc\interaction\widgets\interactionwidgets.dir\release\vtklightwidget.obj
d:\cybermed\daddy\dependency\sdk-vtk-9.4.2\build_msvc\interaction\widgets\interactionwidgets.dir\release\vtklightrepresentation.obj
d:\cybermed\daddy\dependency\sdk-vtk-9.4.2\build_msvc\interaction\widgets\interactionwidgets.dir\release\vtkimplicitplanewidget2.obj
d:\cybermed\daddy\dependency\sdk-vtk-9.4.2\build_msvc\interaction\widgets\interactionwidgets.dir\release\vtkimplicitplanewidget.obj
d:\cybermed\daddy\dependency\sdk-vtk-9.4.2\build_msvc\interaction\widgets\interactionwidgets.dir\release\vtkimplicitplanerepresentation.obj
d:\cybermed\daddy\dependency\sdk-vtk-9.4.2\build_msvc\interaction\widgets\interactionwidgets.dir\release\vtkimplicitimagerepresentation.obj
d:\cybermed\daddy\dependency\sdk-vtk-9.4.2\build_msvc\interaction\widgets\interactionwidgets.dir\release\vtkimplicitcylinderwidget.obj
d:\cybermed\daddy\dependency\sdk-vtk-9.4.2\build_msvc\interaction\widgets\interactionwidgets.dir\release\vtkimplicitcylinderrepresentation.obj
d:\cybermed\daddy\dependency\sdk-vtk-9.4.2\build_msvc\interaction\widgets\interactionwidgets.dir\release\vtkimplicitconewidget.obj
d:\cybermed\daddy\dependency\sdk-vtk-9.4.2\build_msvc\interaction\widgets\interactionwidgets.dir\release\vtkimplicitconerepresentation.obj
d:\cybermed\daddy\dependency\sdk-vtk-9.4.2\build_msvc\interaction\widgets\interactionwidgets.dir\release\vtkimplicitannuluswidget.obj
d:\cybermed\daddy\dependency\sdk-vtk-9.4.2\build_msvc\interaction\widgets\interactionwidgets.dir\release\vtkimplicitannulusrepresentation.obj
d:\cybermed\daddy\dependency\sdk-vtk-9.4.2\build_msvc\interaction\widgets\interactionwidgets.dir\release\vtkimagetracerwidget.obj
d:\cybermed\daddy\dependency\sdk-vtk-9.4.2\build_msvc\interaction\widgets\interactionwidgets.dir\release\vtkpolydatacontourlineinterpolator.obj
d:\cybermed\daddy\dependency\sdk-vtk-9.4.2\build_msvc\interaction\widgets\interactionwidgets.dir\release\vtkpointwidget.obj
d:\cybermed\daddy\dependency\sdk-vtk-9.4.2\build_msvc\interaction\widgets\interactionwidgets.dir\release\vtkpointplacer.obj
d:\cybermed\daddy\dependency\sdk-vtk-9.4.2\build_msvc\interaction\widgets\interactionwidgets.dir\release\vtkpointhandlerepresentation3d.obj
d:\cybermed\daddy\dependency\sdk-vtk-9.4.2\build_msvc\interaction\widgets\interactionwidgets.dir\release\vtkpointhandlerepresentation2d.obj
d:\cybermed\daddy\dependency\sdk-vtk-9.4.2\build_msvc\interaction\widgets\interactionwidgets.dir\release\vtkpointcloudwidget.obj
d:\cybermed\daddy\dependency\sdk-vtk-9.4.2\build_msvc\interaction\widgets\interactionwidgets.dir\release\vtkpointcloudrepresentation.obj
d:\cybermed\daddy\dependency\sdk-vtk-9.4.2\build_msvc\interaction\widgets\interactionwidgets.dir\release\vtkplaybackwidget.obj
d:\cybermed\daddy\dependency\sdk-vtk-9.4.2\build_msvc\interaction\widgets\interactionwidgets.dir\release\vtkplaybackrepresentation.obj
d:\cybermed\daddy\dependency\sdk-vtk-9.4.2\build_msvc\interaction\widgets\interactionwidgets.dir\release\vtkplanewidget.obj
d:\cybermed\daddy\dependency\sdk-vtk-9.4.2\build_msvc\interaction\widgets\interactionwidgets.dir\release\vtkparallelopipedwidget.obj
d:\cybermed\daddy\dependency\sdk-vtk-9.4.2\build_msvc\interaction\widgets\interactionwidgets.dir\release\vtkparallelopipedrepresentation.obj
d:\cybermed\daddy\dependency\sdk-vtk-9.4.2\build_msvc\interaction\widgets\interactionwidgets.dir\release\vtkorientedpolygonalhandlerepresentation3d.obj
d:\cybermed\daddy\dependency\sdk-vtk-9.4.2\build_msvc\interaction\widgets\interactionwidgets.dir\release\vtkorientedglyphfocalplanecontourrepresentation.obj
d:\cybermed\daddy\dependency\sdk-vtk-9.4.2\build_msvc\interaction\widgets\interactionwidgets.dir\release\vtkorientedglyphcontourrepresentation.obj
d:\cybermed\daddy\dependency\sdk-vtk-9.4.2\build_msvc\interaction\widgets\interactionwidgets.dir\release\vtkorientationwidget.obj
d:\cybermed\daddy\dependency\sdk-vtk-9.4.2\build_msvc\interaction\widgets\interactionwidgets.dir\release\vtkorientationrepresentation.obj
d:\cybermed\daddy\dependency\sdk-vtk-9.4.2\build_msvc\interaction\widgets\interactionwidgets.dir\release\vtkorientationmarkerwidget.obj
d:\cybermed\daddy\dependency\sdk-vtk-9.4.2\build_msvc\interaction\widgets\interactionwidgets.dir\release\vtkmeasurementcubehandlerepresentation3d.obj
d:\cybermed\daddy\dependency\sdk-vtk-9.4.2\build_msvc\interaction\widgets\interactionwidgets.dir\release\vtkmagnifierwidget.obj
d:\cybermed\daddy\dependency\sdk-vtk-9.4.2\build_msvc\interaction\widgets\interactionwidgets.dir\release\vtkreslicecursorwidget.obj
d:\cybermed\daddy\dependency\sdk-vtk-9.4.2\build_msvc\interaction\widgets\interactionwidgets.dir\release\vtkreslicecursorthicklinerepresentation.obj
d:\cybermed\daddy\dependency\sdk-vtk-9.4.2\build_msvc\interaction\widgets\interactionwidgets.dir\release\vtkreslicecursorrepresentation.obj
d:\cybermed\daddy\dependency\sdk-vtk-9.4.2\build_msvc\interaction\widgets\interactionwidgets.dir\release\vtkreslicecursorpolydataalgorithm.obj
d:\cybermed\daddy\dependency\sdk-vtk-9.4.2\build_msvc\interaction\widgets\interactionwidgets.dir\release\vtkreslicecursorpicker.obj
d:\cybermed\daddy\dependency\sdk-vtk-9.4.2\build_msvc\interaction\widgets\interactionwidgets.dir\release\vtkreslicecursorlinerepresentation.obj
d:\cybermed\daddy\dependency\sdk-vtk-9.4.2\build_msvc\interaction\widgets\interactionwidgets.dir\release\vtkreslicecursoractor.obj
d:\cybermed\daddy\dependency\sdk-vtk-9.4.2\build_msvc\interaction\widgets\interactionwidgets.dir\release\vtkreslicecursor.obj
d:\cybermed\daddy\dependency\sdk-vtk-9.4.2\build_msvc\interaction\widgets\interactionwidgets.dir\release\vtkrectilinearwipewidget.obj
d:\cybermed\daddy\dependency\sdk-vtk-9.4.2\build_msvc\interaction\widgets\interactionwidgets.dir\release\vtkrectilinearwiperepresentation.obj
d:\cybermed\daddy\dependency\sdk-vtk-9.4.2\build_msvc\interaction\widgets\interactionwidgets.dir\release\vtkprop3dbuttonrepresentation.obj
d:\cybermed\daddy\dependency\sdk-vtk-9.4.2\build_msvc\interaction\widgets\interactionwidgets.dir\release\vtkprogressbarwidget.obj
d:\cybermed\daddy\dependency\sdk-vtk-9.4.2\build_msvc\interaction\widgets\interactionwidgets.dir\release\vtkprogressbarrepresentation.obj
d:\cybermed\daddy\dependency\sdk-vtk-9.4.2\build_msvc\interaction\widgets\interactionwidgets.dir\release\vtkpolylinewidget.obj
d:\cybermed\daddy\dependency\sdk-vtk-9.4.2\build_msvc\interaction\widgets\interactionwidgets.dir\release\vtkpolylinerepresentation.obj
d:\cybermed\daddy\dependency\sdk-vtk-9.4.2\build_msvc\interaction\widgets\interactionwidgets.dir\release\vtkpolygonalsurfacepointplacer.obj
d:\cybermed\daddy\dependency\sdk-vtk-9.4.2\build_msvc\interaction\widgets\interactionwidgets.dir\release\vtkpolygonalsurfacecontourlineinterpolator.obj
d:\cybermed\daddy\dependency\sdk-vtk-9.4.2\build_msvc\interaction\widgets\interactionwidgets.dir\release\vtkpolygonalhandlerepresentation3d.obj
d:\cybermed\daddy\dependency\sdk-vtk-9.4.2\build_msvc\interaction\widgets\interactionwidgets.dir\release\vtkpolydatasourcewidget.obj
d:\cybermed\daddy\dependency\sdk-vtk-9.4.2\build_msvc\interaction\widgets\interactionwidgets.dir\release\vtkpolydatapointplacer.obj
d:\cybermed\daddy\dependency\sdk-vtk-9.4.2\build_msvc\interaction\widgets\interactionwidgets.dir\release\vtkterraincontourlineinterpolator.obj
d:\cybermed\daddy\dependency\sdk-vtk-9.4.2\build_msvc\interaction\widgets\interactionwidgets.dir\release\vtktensorwidget.obj
d:\cybermed\daddy\dependency\sdk-vtk-9.4.2\build_msvc\interaction\widgets\interactionwidgets.dir\release\vtktensorrepresentation.obj
d:\cybermed\daddy\dependency\sdk-vtk-9.4.2\build_msvc\interaction\widgets\interactionwidgets.dir\release\vtktensorprobewidget.obj
d:\cybermed\daddy\dependency\sdk-vtk-9.4.2\build_msvc\interaction\widgets\interactionwidgets.dir\release\vtktensorproberepresentation.obj
d:\cybermed\daddy\dependency\sdk-vtk-9.4.2\build_msvc\interaction\widgets\interactionwidgets.dir\release\vtksplinewidget2.obj
d:\cybermed\daddy\dependency\sdk-vtk-9.4.2\build_msvc\interaction\widgets\interactionwidgets.dir\release\vtksplinewidget.obj
d:\cybermed\daddy\dependency\sdk-vtk-9.4.2\build_msvc\interaction\widgets\interactionwidgets.dir\release\vtksplinerepresentation.obj
d:\cybermed\daddy\dependency\sdk-vtk-9.4.2\build_msvc\interaction\widgets\interactionwidgets.dir\release\vtkspherewidget2.obj
d:\cybermed\daddy\dependency\sdk-vtk-9.4.2\build_msvc\interaction\widgets\interactionwidgets.dir\release\vtkspherewidget.obj
d:\cybermed\daddy\dependency\sdk-vtk-9.4.2\build_msvc\interaction\widgets\interactionwidgets.dir\release\vtksphererepresentation.obj
d:\cybermed\daddy\dependency\sdk-vtk-9.4.2\build_msvc\interaction\widgets\interactionwidgets.dir\release\vtkspherehandlerepresentation.obj
d:\cybermed\daddy\dependency\sdk-vtk-9.4.2\build_msvc\interaction\widgets\interactionwidgets.dir\release\vtksliderwidget.obj
d:\cybermed\daddy\dependency\sdk-vtk-9.4.2\build_msvc\interaction\widgets\interactionwidgets.dir\release\vtksliderrepresentation3d.obj
d:\cybermed\daddy\dependency\sdk-vtk-9.4.2\build_msvc\interaction\widgets\interactionwidgets.dir\release\vtksliderrepresentation2d.obj
d:\cybermed\daddy\dependency\sdk-vtk-9.4.2\build_msvc\interaction\widgets\interactionwidgets.dir\release\vtksliderrepresentation.obj
d:\cybermed\daddy\dependency\sdk-vtk-9.4.2\build_msvc\interaction\widgets\interactionwidgets.dir\release\vtkseedwidget.obj
d:\cybermed\daddy\dependency\sdk-vtk-9.4.2\build_msvc\interaction\widgets\interactionwidgets.dir\release\vtkseedrepresentation.obj
d:\cybermed\daddy\dependency\sdk-vtk-9.4.2\build_msvc\interaction\widgets\interactionwidgets.dir\release\vtkscalarbarwidget.obj
d:\cybermed\daddy\dependency\sdk-vtk-9.4.2\build_msvc\interaction\widgets\interactionwidgets.dir\release\vtkscalarbarrepresentation.obj
d:\cybermed\daddy\dependency\sdk-vtk-9.4.2\build_msvc\interaction\widgets\interactionwidgets.dir\release\vtkxyplotwidget.obj
d:\cybermed\daddy\dependency\sdk-vtk-9.4.2\build_msvc\interaction\widgets\interactionwidgets.dir\release\vtkwidgetset.obj
d:\cybermed\daddy\dependency\sdk-vtk-9.4.2\build_msvc\interaction\widgets\interactionwidgets.dir\release\vtkwidgetrepresentation.obj
d:\cybermed\daddy\dependency\sdk-vtk-9.4.2\build_msvc\interaction\widgets\interactionwidgets.dir\release\vtkwidgeteventtranslator.obj
d:\cybermed\daddy\dependency\sdk-vtk-9.4.2\build_msvc\interaction\widgets\interactionwidgets.dir\release\vtkwidgetevent.obj
d:\cybermed\daddy\dependency\sdk-vtk-9.4.2\build_msvc\interaction\widgets\interactionwidgets.dir\release\vtkwidgetcallbackmapper.obj
d:\cybermed\daddy\dependency\sdk-vtk-9.4.2\build_msvc\interaction\widgets\interactionwidgets.dir\release\vtktextwidget.obj
d:\cybermed\daddy\dependency\sdk-vtk-9.4.2\build_msvc\interaction\widgets\interactionwidgets.dir\release\vtktexturedbuttonrepresentation2d.obj
d:\cybermed\daddy\dependency\sdk-vtk-9.4.2\build_msvc\interaction\widgets\interactionwidgets.dir\release\vtktexturedbuttonrepresentation.obj
d:\cybermed\daddy\dependency\sdk-vtk-9.4.2\build_msvc\interaction\widgets\interactionwidgets.dir\release\vtktextrepresentation.obj
d:\cybermed\daddy\dependency\sdk-vtk-9.4.2\build_msvc\interaction\widgets\interactionwidgets.dir\release\vtkterraindatapointplacer.obj
d:\cybermed\daddy\dependency\sdk-vtk-9.4.2\build_msvc\interaction\widgets\cmakefiles\generate.stamp
d:\cybermed\daddy\dependency\sdk-vtk-9.4.2\build_msvc\bin\release\vtkinteractionwidgets-9.4.dll
d:\cybermed\daddy\dependency\sdk-vtk-9.4.2\build_msvc\lib\release\vtkinteractionwidgets-9.4.lib
d:\cybermed\daddy\dependency\sdk-vtk-9.4.2\build_msvc\lib\release\vtkinteractionwidgets-9.4.exp
d:\cybermed\daddy\dependency\sdk-vtk-9.4.2\build_msvc\interaction\widgets\interactionwidgets.dir\release\interact.7b52b37b.tlog\cl.command.1.tlog
d:\cybermed\daddy\dependency\sdk-vtk-9.4.2\build_msvc\interaction\widgets\interactionwidgets.dir\release\interact.7b52b37b.tlog\cl.items.tlog
d:\cybermed\daddy\dependency\sdk-vtk-9.4.2\build_msvc\interaction\widgets\interactionwidgets.dir\release\interact.7b52b37b.tlog\cl.read.1.tlog
d:\cybermed\daddy\dependency\sdk-vtk-9.4.2\build_msvc\interaction\widgets\interactionwidgets.dir\release\interact.7b52b37b.tlog\cl.write.1.tlog
d:\cybermed\daddy\dependency\sdk-vtk-9.4.2\build_msvc\interaction\widgets\interactionwidgets.dir\release\interact.7b52b37b.tlog\custombuild.command.1.tlog
d:\cybermed\daddy\dependency\sdk-vtk-9.4.2\build_msvc\interaction\widgets\interactionwidgets.dir\release\interact.7b52b37b.tlog\custombuild.read.1.tlog
d:\cybermed\daddy\dependency\sdk-vtk-9.4.2\build_msvc\interaction\widgets\interactionwidgets.dir\release\interact.7b52b37b.tlog\custombuild.write.1.tlog
d:\cybermed\daddy\dependency\sdk-vtk-9.4.2\build_msvc\interaction\widgets\interactionwidgets.dir\release\interact.7b52b37b.tlog\link.command.1.tlog
d:\cybermed\daddy\dependency\sdk-vtk-9.4.2\build_msvc\interaction\widgets\interactionwidgets.dir\release\interact.7b52b37b.tlog\link.read.1.tlog
d:\cybermed\daddy\dependency\sdk-vtk-9.4.2\build_msvc\interaction\widgets\interactionwidgets.dir\release\interact.7b52b37b.tlog\link.secondary.1.tlog
d:\cybermed\daddy\dependency\sdk-vtk-9.4.2\build_msvc\interaction\widgets\interactionwidgets.dir\release\interact.7b52b37b.tlog\link.write.1.tlog
