d:\cybermed\daddy\dependency\sdk-vtk-9.4.2\build_msvc\lib\debug\vtklzma-9.4d.pdb
d:\cybermed\daddy\dependency\sdk-vtk-9.4.2\build_msvc\thirdparty\lzma\vtklzma\lzma.dir\debug\easy_buffer_encoder.obj
d:\cybermed\daddy\dependency\sdk-vtk-9.4.2\build_msvc\thirdparty\lzma\vtklzma\lzma.dir\debug\common.obj
d:\cybermed\daddy\dependency\sdk-vtk-9.4.2\build_msvc\thirdparty\lzma\vtklzma\lzma.dir\debug\block_util.obj
d:\cybermed\daddy\dependency\sdk-vtk-9.4.2\build_msvc\thirdparty\lzma\vtklzma\lzma.dir\debug\block_header_encoder.obj
d:\cybermed\daddy\dependency\sdk-vtk-9.4.2\build_msvc\thirdparty\lzma\vtklzma\lzma.dir\debug\block_header_decoder.obj
d:\cybermed\daddy\dependency\sdk-vtk-9.4.2\build_msvc\thirdparty\lzma\vtklzma\lzma.dir\debug\block_encoder.obj
d:\cybermed\daddy\dependency\sdk-vtk-9.4.2\build_msvc\thirdparty\lzma\vtklzma\lzma.dir\debug\block_decoder.obj
d:\cybermed\daddy\dependency\sdk-vtk-9.4.2\build_msvc\thirdparty\lzma\vtklzma\lzma.dir\debug\block_buffer_encoder.obj
d:\cybermed\daddy\dependency\sdk-vtk-9.4.2\build_msvc\thirdparty\lzma\vtklzma\lzma.dir\debug\block_buffer_decoder.obj
d:\cybermed\daddy\dependency\sdk-vtk-9.4.2\build_msvc\thirdparty\lzma\vtklzma\lzma.dir\debug\auto_decoder.obj
d:\cybermed\daddy\dependency\sdk-vtk-9.4.2\build_msvc\thirdparty\lzma\vtklzma\lzma.dir\debug\alone_encoder.obj
d:\cybermed\daddy\dependency\sdk-vtk-9.4.2\build_msvc\thirdparty\lzma\vtklzma\lzma.dir\debug\alone_decoder.obj
d:\cybermed\daddy\dependency\sdk-vtk-9.4.2\build_msvc\thirdparty\lzma\vtklzma\lzma.dir\debug\sha256.obj
d:\cybermed\daddy\dependency\sdk-vtk-9.4.2\build_msvc\thirdparty\lzma\vtklzma\lzma.dir\debug\crc64_table.obj
d:\cybermed\daddy\dependency\sdk-vtk-9.4.2\build_msvc\thirdparty\lzma\vtklzma\lzma.dir\debug\crc64_fast.obj
d:\cybermed\daddy\dependency\sdk-vtk-9.4.2\build_msvc\thirdparty\lzma\vtklzma\lzma.dir\debug\crc32_table.obj
d:\cybermed\daddy\dependency\sdk-vtk-9.4.2\build_msvc\thirdparty\lzma\vtklzma\lzma.dir\debug\crc32_fast.obj
d:\cybermed\daddy\dependency\sdk-vtk-9.4.2\build_msvc\thirdparty\lzma\vtklzma\lzma.dir\debug\check.obj
d:\cybermed\daddy\dependency\sdk-vtk-9.4.2\build_msvc\thirdparty\lzma\vtklzma\lzma.dir\debug\tuklib_physmem.obj
d:\cybermed\daddy\dependency\sdk-vtk-9.4.2\build_msvc\thirdparty\lzma\vtklzma\lzma.dir\debug\tuklib_cpucores.obj
d:\cybermed\daddy\dependency\sdk-vtk-9.4.2\build_msvc\thirdparty\lzma\vtklzma\lzma.dir\debug\stream_buffer_encoder.obj
d:\cybermed\daddy\dependency\sdk-vtk-9.4.2\build_msvc\thirdparty\lzma\vtklzma\lzma.dir\debug\stream_buffer_decoder.obj
d:\cybermed\daddy\dependency\sdk-vtk-9.4.2\build_msvc\thirdparty\lzma\vtklzma\lzma.dir\debug\outqueue.obj
d:\cybermed\daddy\dependency\sdk-vtk-9.4.2\build_msvc\thirdparty\lzma\vtklzma\lzma.dir\debug\index_hash.obj
d:\cybermed\daddy\dependency\sdk-vtk-9.4.2\build_msvc\thirdparty\lzma\vtklzma\lzma.dir\debug\index_encoder.obj
d:\cybermed\daddy\dependency\sdk-vtk-9.4.2\build_msvc\thirdparty\lzma\vtklzma\lzma.dir\debug\index_decoder.obj
d:\cybermed\daddy\dependency\sdk-vtk-9.4.2\build_msvc\thirdparty\lzma\vtklzma\lzma.dir\debug\index.obj
d:\cybermed\daddy\dependency\sdk-vtk-9.4.2\build_msvc\thirdparty\lzma\vtklzma\lzma.dir\debug\hardware_physmem.obj
d:\cybermed\daddy\dependency\sdk-vtk-9.4.2\build_msvc\thirdparty\lzma\vtklzma\lzma.dir\debug\hardware_cputhreads.obj
d:\cybermed\daddy\dependency\sdk-vtk-9.4.2\build_msvc\thirdparty\lzma\vtklzma\lzma.dir\debug\filter_flags_encoder.obj
d:\cybermed\daddy\dependency\sdk-vtk-9.4.2\build_msvc\thirdparty\lzma\vtklzma\lzma.dir\debug\filter_flags_decoder.obj
d:\cybermed\daddy\dependency\sdk-vtk-9.4.2\build_msvc\thirdparty\lzma\vtklzma\lzma.dir\debug\filter_encoder.obj
d:\cybermed\daddy\dependency\sdk-vtk-9.4.2\build_msvc\thirdparty\lzma\vtklzma\lzma.dir\debug\filter_decoder.obj
d:\cybermed\daddy\dependency\sdk-vtk-9.4.2\build_msvc\thirdparty\lzma\vtklzma\lzma.dir\debug\filter_common.obj
d:\cybermed\daddy\dependency\sdk-vtk-9.4.2\build_msvc\thirdparty\lzma\vtklzma\lzma.dir\debug\filter_buffer_encoder.obj
d:\cybermed\daddy\dependency\sdk-vtk-9.4.2\build_msvc\thirdparty\lzma\vtklzma\lzma.dir\debug\filter_buffer_decoder.obj
d:\cybermed\daddy\dependency\sdk-vtk-9.4.2\build_msvc\thirdparty\lzma\vtklzma\lzma.dir\debug\easy_preset.obj
d:\cybermed\daddy\dependency\sdk-vtk-9.4.2\build_msvc\thirdparty\lzma\vtklzma\lzma.dir\debug\easy_encoder_memusage.obj
d:\cybermed\daddy\dependency\sdk-vtk-9.4.2\build_msvc\thirdparty\lzma\vtklzma\lzma.dir\debug\easy_encoder.obj
d:\cybermed\daddy\dependency\sdk-vtk-9.4.2\build_msvc\thirdparty\lzma\vtklzma\lzma.dir\debug\easy_decoder_memusage.obj
d:\cybermed\daddy\dependency\sdk-vtk-9.4.2\build_msvc\thirdparty\lzma\vtklzma\lzma.dir\debug\lzma_encoder_presets.obj
d:\cybermed\daddy\dependency\sdk-vtk-9.4.2\build_msvc\thirdparty\lzma\vtklzma\lzma.dir\debug\lzma_encoder_optimum_normal.obj
d:\cybermed\daddy\dependency\sdk-vtk-9.4.2\build_msvc\thirdparty\lzma\vtklzma\lzma.dir\debug\lzma_encoder_optimum_fast.obj
d:\cybermed\daddy\dependency\sdk-vtk-9.4.2\build_msvc\thirdparty\lzma\vtklzma\lzma.dir\debug\lzma_encoder.obj
d:\cybermed\daddy\dependency\sdk-vtk-9.4.2\build_msvc\thirdparty\lzma\vtklzma\lzma.dir\debug\lzma_decoder.obj
d:\cybermed\daddy\dependency\sdk-vtk-9.4.2\build_msvc\thirdparty\lzma\vtklzma\lzma.dir\debug\lzma2_encoder.obj
d:\cybermed\daddy\dependency\sdk-vtk-9.4.2\build_msvc\thirdparty\lzma\vtklzma\lzma.dir\debug\lzma2_decoder.obj
d:\cybermed\daddy\dependency\sdk-vtk-9.4.2\build_msvc\thirdparty\lzma\vtklzma\lzma.dir\debug\fastpos_table.obj
d:\cybermed\daddy\dependency\sdk-vtk-9.4.2\build_msvc\thirdparty\lzma\vtklzma\lzma.dir\debug\delta_encoder.obj
d:\cybermed\daddy\dependency\sdk-vtk-9.4.2\build_msvc\thirdparty\lzma\vtklzma\lzma.dir\debug\delta_decoder.obj
d:\cybermed\daddy\dependency\sdk-vtk-9.4.2\build_msvc\thirdparty\lzma\vtklzma\lzma.dir\debug\delta_common.obj
d:\cybermed\daddy\dependency\sdk-vtk-9.4.2\build_msvc\thirdparty\lzma\vtklzma\lzma.dir\debug\vli_size.obj
d:\cybermed\daddy\dependency\sdk-vtk-9.4.2\build_msvc\thirdparty\lzma\vtklzma\lzma.dir\debug\vli_encoder.obj
d:\cybermed\daddy\dependency\sdk-vtk-9.4.2\build_msvc\thirdparty\lzma\vtklzma\lzma.dir\debug\vli_decoder.obj
d:\cybermed\daddy\dependency\sdk-vtk-9.4.2\build_msvc\thirdparty\lzma\vtklzma\lzma.dir\debug\stream_flags_encoder.obj
d:\cybermed\daddy\dependency\sdk-vtk-9.4.2\build_msvc\thirdparty\lzma\vtklzma\lzma.dir\debug\stream_flags_decoder.obj
d:\cybermed\daddy\dependency\sdk-vtk-9.4.2\build_msvc\thirdparty\lzma\vtklzma\lzma.dir\debug\stream_flags_common.obj
d:\cybermed\daddy\dependency\sdk-vtk-9.4.2\build_msvc\thirdparty\lzma\vtklzma\lzma.dir\debug\stream_encoder_mt.obj
d:\cybermed\daddy\dependency\sdk-vtk-9.4.2\build_msvc\thirdparty\lzma\vtklzma\lzma.dir\debug\stream_encoder.obj
d:\cybermed\daddy\dependency\sdk-vtk-9.4.2\build_msvc\thirdparty\lzma\vtklzma\lzma.dir\debug\stream_decoder.obj
d:\cybermed\daddy\dependency\sdk-vtk-9.4.2\build_msvc\thirdparty\lzma\vtklzma\lzma.dir\debug\x86.obj
d:\cybermed\daddy\dependency\sdk-vtk-9.4.2\build_msvc\thirdparty\lzma\vtklzma\lzma.dir\debug\sparc.obj
d:\cybermed\daddy\dependency\sdk-vtk-9.4.2\build_msvc\thirdparty\lzma\vtklzma\lzma.dir\debug\simple_encoder.obj
d:\cybermed\daddy\dependency\sdk-vtk-9.4.2\build_msvc\thirdparty\lzma\vtklzma\lzma.dir\debug\simple_decoder.obj
d:\cybermed\daddy\dependency\sdk-vtk-9.4.2\build_msvc\thirdparty\lzma\vtklzma\lzma.dir\debug\simple_coder.obj
d:\cybermed\daddy\dependency\sdk-vtk-9.4.2\build_msvc\thirdparty\lzma\vtklzma\lzma.dir\debug\powerpc.obj
d:\cybermed\daddy\dependency\sdk-vtk-9.4.2\build_msvc\thirdparty\lzma\vtklzma\lzma.dir\debug\ia64.obj
d:\cybermed\daddy\dependency\sdk-vtk-9.4.2\build_msvc\thirdparty\lzma\vtklzma\lzma.dir\debug\armthumb.obj
d:\cybermed\daddy\dependency\sdk-vtk-9.4.2\build_msvc\thirdparty\lzma\vtklzma\lzma.dir\debug\arm.obj
d:\cybermed\daddy\dependency\sdk-vtk-9.4.2\build_msvc\thirdparty\lzma\vtklzma\lzma.dir\debug\price_table.obj
d:\cybermed\daddy\dependency\sdk-vtk-9.4.2\build_msvc\thirdparty\lzma\vtklzma\lzma.dir\debug\lz_encoder_mf.obj
d:\cybermed\daddy\dependency\sdk-vtk-9.4.2\build_msvc\thirdparty\lzma\vtklzma\lzma.dir\debug\lz_encoder.obj
d:\cybermed\daddy\dependency\sdk-vtk-9.4.2\build_msvc\thirdparty\lzma\vtklzma\lzma.dir\debug\lz_decoder.obj
d:\cybermed\daddy\dependency\sdk-vtk-9.4.2\build_msvc\thirdparty\lzma\vtklzma\lzma.dir\debug\vc143.pdb
d:\cybermed\daddy\dependency\sdk-vtk-9.4.2\build_msvc\thirdparty\lzma\vtklzma\cmakefiles\generate.stamp
d:\cybermed\daddy\dependency\sdk-vtk-9.4.2\build_msvc\lib\debug\vtklzma-9.4d.lib
d:\cybermed\daddy\dependency\sdk-vtk-9.4.2\build_msvc\bin\debug\vtklzma-9.4d.dll
d:\cybermed\daddy\dependency\sdk-vtk-9.4.2\build_msvc\bin\debug\vtklzma-9.4d.pdb
d:\cybermed\daddy\dependency\sdk-vtk-9.4.2\build_msvc\lib\debug\vtklzma-9.4d.exp
d:\cybermed\daddy\dependency\sdk-vtk-9.4.2\build_msvc\thirdparty\lzma\vtklzma\lzma.dir\debug\vtklzma-9.4d.ilk
d:\cybermed\daddy\dependency\sdk-vtk-9.4.2\build_msvc\thirdparty\lzma\vtklzma\lzma.dir\debug\lzma.tlog\cl.command.1.tlog
d:\cybermed\daddy\dependency\sdk-vtk-9.4.2\build_msvc\thirdparty\lzma\vtklzma\lzma.dir\debug\lzma.tlog\cl.items.tlog
d:\cybermed\daddy\dependency\sdk-vtk-9.4.2\build_msvc\thirdparty\lzma\vtklzma\lzma.dir\debug\lzma.tlog\cl.read.1.tlog
d:\cybermed\daddy\dependency\sdk-vtk-9.4.2\build_msvc\thirdparty\lzma\vtklzma\lzma.dir\debug\lzma.tlog\cl.write.1.tlog
d:\cybermed\daddy\dependency\sdk-vtk-9.4.2\build_msvc\thirdparty\lzma\vtklzma\lzma.dir\debug\lzma.tlog\custombuild.command.1.tlog
d:\cybermed\daddy\dependency\sdk-vtk-9.4.2\build_msvc\thirdparty\lzma\vtklzma\lzma.dir\debug\lzma.tlog\custombuild.read.1.tlog
d:\cybermed\daddy\dependency\sdk-vtk-9.4.2\build_msvc\thirdparty\lzma\vtklzma\lzma.dir\debug\lzma.tlog\custombuild.write.1.tlog
d:\cybermed\daddy\dependency\sdk-vtk-9.4.2\build_msvc\thirdparty\lzma\vtklzma\lzma.dir\debug\lzma.tlog\lib-link.read.1.tlog
d:\cybermed\daddy\dependency\sdk-vtk-9.4.2\build_msvc\thirdparty\lzma\vtklzma\lzma.dir\debug\lzma.tlog\lib-link.write.1.tlog
d:\cybermed\daddy\dependency\sdk-vtk-9.4.2\build_msvc\thirdparty\lzma\vtklzma\lzma.dir\debug\lzma.tlog\lib.command.1.tlog
d:\cybermed\daddy\dependency\sdk-vtk-9.4.2\build_msvc\thirdparty\lzma\vtklzma\lzma.dir\debug\lzma.tlog\link.command.1.tlog
d:\cybermed\daddy\dependency\sdk-vtk-9.4.2\build_msvc\thirdparty\lzma\vtklzma\lzma.dir\debug\lzma.tlog\link.read.1.tlog
d:\cybermed\daddy\dependency\sdk-vtk-9.4.2\build_msvc\thirdparty\lzma\vtklzma\lzma.dir\debug\lzma.tlog\link.secondary.1.tlog
d:\cybermed\daddy\dependency\sdk-vtk-9.4.2\build_msvc\thirdparty\lzma\vtklzma\lzma.dir\debug\lzma.tlog\link.write.1.tlog
