d:\cybermed\daddy\dependency\sdk-vtk-9.4.2\build_msvc\lib\debug\vtkviewscore-9.4d.pdb
d:\cybermed\daddy\dependency\sdk-vtk-9.4.2\build_msvc\views\core\viewscore.dir\debug\vtkviewtheme.obj
d:\cybermed\daddy\dependency\sdk-vtk-9.4.2\build_msvc\views\core\viewscore.dir\debug\vtkview.obj
d:\cybermed\daddy\dependency\sdk-vtk-9.4.2\build_msvc\views\core\viewscore.dir\debug\vtkrenderviewbase.obj
d:\cybermed\daddy\dependency\sdk-vtk-9.4.2\build_msvc\views\core\viewscore.dir\debug\vtkemptyrepresentation.obj
d:\cybermed\daddy\dependency\sdk-vtk-9.4.2\build_msvc\views\core\viewscore.dir\debug\vtkdatarepresentation.obj
d:\cybermed\daddy\dependency\sdk-vtk-9.4.2\build_msvc\views\core\viewscore.dir\debug\vtkconvertselectiondomain.obj
d:\cybermed\daddy\dependency\sdk-vtk-9.4.2\build_msvc\views\core\viewscore.dir\debug\vc143.pdb
d:\cybermed\daddy\dependency\sdk-vtk-9.4.2\build_msvc\views\core\cmakefiles\generate.stamp
d:\cybermed\daddy\dependency\sdk-vtk-9.4.2\build_msvc\lib\debug\vtkviewscore-9.4d.lib
d:\cybermed\daddy\dependency\sdk-vtk-9.4.2\build_msvc\bin\debug\vtkviewscore-9.4d.dll
d:\cybermed\daddy\dependency\sdk-vtk-9.4.2\build_msvc\bin\debug\vtkviewscore-9.4d.pdb
d:\cybermed\daddy\dependency\sdk-vtk-9.4.2\build_msvc\lib\debug\vtkviewscore-9.4d.exp
d:\cybermed\daddy\dependency\sdk-vtk-9.4.2\build_msvc\views\core\viewscore.dir\debug\vtkviewscore-9.4d.ilk
d:\cybermed\daddy\dependency\sdk-vtk-9.4.2\build_msvc\views\core\viewscore.dir\debug\viewscore.tlog\cl.command.1.tlog
d:\cybermed\daddy\dependency\sdk-vtk-9.4.2\build_msvc\views\core\viewscore.dir\debug\viewscore.tlog\cl.items.tlog
d:\cybermed\daddy\dependency\sdk-vtk-9.4.2\build_msvc\views\core\viewscore.dir\debug\viewscore.tlog\cl.read.1.tlog
d:\cybermed\daddy\dependency\sdk-vtk-9.4.2\build_msvc\views\core\viewscore.dir\debug\viewscore.tlog\cl.write.1.tlog
d:\cybermed\daddy\dependency\sdk-vtk-9.4.2\build_msvc\views\core\viewscore.dir\debug\viewscore.tlog\custombuild.command.1.tlog
d:\cybermed\daddy\dependency\sdk-vtk-9.4.2\build_msvc\views\core\viewscore.dir\debug\viewscore.tlog\custombuild.read.1.tlog
d:\cybermed\daddy\dependency\sdk-vtk-9.4.2\build_msvc\views\core\viewscore.dir\debug\viewscore.tlog\custombuild.write.1.tlog
d:\cybermed\daddy\dependency\sdk-vtk-9.4.2\build_msvc\views\core\viewscore.dir\debug\viewscore.tlog\lib-link.read.1.tlog
d:\cybermed\daddy\dependency\sdk-vtk-9.4.2\build_msvc\views\core\viewscore.dir\debug\viewscore.tlog\lib-link.write.1.tlog
d:\cybermed\daddy\dependency\sdk-vtk-9.4.2\build_msvc\views\core\viewscore.dir\debug\viewscore.tlog\lib.command.1.tlog
d:\cybermed\daddy\dependency\sdk-vtk-9.4.2\build_msvc\views\core\viewscore.dir\debug\viewscore.tlog\link.command.1.tlog
d:\cybermed\daddy\dependency\sdk-vtk-9.4.2\build_msvc\views\core\viewscore.dir\debug\viewscore.tlog\link.read.1.tlog
d:\cybermed\daddy\dependency\sdk-vtk-9.4.2\build_msvc\views\core\viewscore.dir\debug\viewscore.tlog\link.secondary.1.tlog
d:\cybermed\daddy\dependency\sdk-vtk-9.4.2\build_msvc\views\core\viewscore.dir\debug\viewscore.tlog\link.write.1.tlog
