d:\cybermed\daddy\dependency\sdk-vtk-9.4.2\build_msvc\lib\debug\vtkimaginghybrid-9.4d.pdb
d:\cybermed\daddy\dependency\sdk-vtk-9.4.2\build_msvc\imaging\hybrid\imaginghybrid.dir\debug\vtkvoxelmodeller.obj
d:\cybermed\daddy\dependency\sdk-vtk-9.4.2\build_msvc\imaging\hybrid\imaginghybrid.dir\debug\vtktriangulartexture.obj
d:\cybermed\daddy\dependency\sdk-vtk-9.4.2\build_msvc\imaging\hybrid\imaginghybrid.dir\debug\vtksurfacereconstructionfilter.obj
d:\cybermed\daddy\dependency\sdk-vtk-9.4.2\build_msvc\imaging\hybrid\imaginghybrid.dir\debug\vtkslicecubes.obj
d:\cybermed\daddy\dependency\sdk-vtk-9.4.2\build_msvc\imaging\hybrid\imaginghybrid.dir\debug\vtkshepardmethod.obj
d:\cybermed\daddy\dependency\sdk-vtk-9.4.2\build_msvc\imaging\hybrid\imaginghybrid.dir\debug\vtksamplefunction.obj
d:\cybermed\daddy\dependency\sdk-vtk-9.4.2\build_msvc\imaging\hybrid\imaginghybrid.dir\debug\vtkpointload.obj
d:\cybermed\daddy\dependency\sdk-vtk-9.4.2\build_msvc\imaging\hybrid\imaginghybrid.dir\debug\vtkimagetopoints.obj
d:\cybermed\daddy\dependency\sdk-vtk-9.4.2\build_msvc\imaging\hybrid\imaginghybrid.dir\debug\vtkimagerectilinearwipe.obj
d:\cybermed\daddy\dependency\sdk-vtk-9.4.2\build_msvc\imaging\hybrid\imaginghybrid.dir\debug\vtkimagecursor3d.obj
d:\cybermed\daddy\dependency\sdk-vtk-9.4.2\build_msvc\imaging\hybrid\imaginghybrid.dir\debug\vtkgaussiansplatter.obj
d:\cybermed\daddy\dependency\sdk-vtk-9.4.2\build_msvc\imaging\hybrid\imaginghybrid.dir\debug\vtkfastsplatter.obj
d:\cybermed\daddy\dependency\sdk-vtk-9.4.2\build_msvc\imaging\hybrid\imaginghybrid.dir\debug\vtkcheckerboardsplatter.obj
d:\cybermed\daddy\dependency\sdk-vtk-9.4.2\build_msvc\imaging\hybrid\imaginghybrid.dir\debug\vtkbooleantexture.obj
d:\cybermed\daddy\dependency\sdk-vtk-9.4.2\build_msvc\imaging\hybrid\imaginghybrid.dir\debug\vc143.pdb
d:\cybermed\daddy\dependency\sdk-vtk-9.4.2\build_msvc\imaging\hybrid\cmakefiles\generate.stamp
d:\cybermed\daddy\dependency\sdk-vtk-9.4.2\build_msvc\lib\debug\vtkimaginghybrid-9.4d.lib
d:\cybermed\daddy\dependency\sdk-vtk-9.4.2\build_msvc\bin\debug\vtkimaginghybrid-9.4d.dll
d:\cybermed\daddy\dependency\sdk-vtk-9.4.2\build_msvc\bin\debug\vtkimaginghybrid-9.4d.pdb
d:\cybermed\daddy\dependency\sdk-vtk-9.4.2\build_msvc\lib\debug\vtkimaginghybrid-9.4d.exp
d:\cybermed\daddy\dependency\sdk-vtk-9.4.2\build_msvc\imaging\hybrid\imaginghybrid.dir\debug\vtkimaginghybrid-9.4d.ilk
d:\cybermed\daddy\dependency\sdk-vtk-9.4.2\build_msvc\imaging\hybrid\imaginghybrid.dir\debug\imaginghybrid.tlog\cl.command.1.tlog
d:\cybermed\daddy\dependency\sdk-vtk-9.4.2\build_msvc\imaging\hybrid\imaginghybrid.dir\debug\imaginghybrid.tlog\cl.items.tlog
d:\cybermed\daddy\dependency\sdk-vtk-9.4.2\build_msvc\imaging\hybrid\imaginghybrid.dir\debug\imaginghybrid.tlog\cl.read.1.tlog
d:\cybermed\daddy\dependency\sdk-vtk-9.4.2\build_msvc\imaging\hybrid\imaginghybrid.dir\debug\imaginghybrid.tlog\cl.write.1.tlog
d:\cybermed\daddy\dependency\sdk-vtk-9.4.2\build_msvc\imaging\hybrid\imaginghybrid.dir\debug\imaginghybrid.tlog\custombuild.command.1.tlog
d:\cybermed\daddy\dependency\sdk-vtk-9.4.2\build_msvc\imaging\hybrid\imaginghybrid.dir\debug\imaginghybrid.tlog\custombuild.read.1.tlog
d:\cybermed\daddy\dependency\sdk-vtk-9.4.2\build_msvc\imaging\hybrid\imaginghybrid.dir\debug\imaginghybrid.tlog\custombuild.write.1.tlog
d:\cybermed\daddy\dependency\sdk-vtk-9.4.2\build_msvc\imaging\hybrid\imaginghybrid.dir\debug\imaginghybrid.tlog\lib-link.read.1.tlog
d:\cybermed\daddy\dependency\sdk-vtk-9.4.2\build_msvc\imaging\hybrid\imaginghybrid.dir\debug\imaginghybrid.tlog\lib-link.write.1.tlog
d:\cybermed\daddy\dependency\sdk-vtk-9.4.2\build_msvc\imaging\hybrid\imaginghybrid.dir\debug\imaginghybrid.tlog\lib.command.1.tlog
d:\cybermed\daddy\dependency\sdk-vtk-9.4.2\build_msvc\imaging\hybrid\imaginghybrid.dir\debug\imaginghybrid.tlog\link.command.1.tlog
d:\cybermed\daddy\dependency\sdk-vtk-9.4.2\build_msvc\imaging\hybrid\imaginghybrid.dir\debug\imaginghybrid.tlog\link.read.1.tlog
d:\cybermed\daddy\dependency\sdk-vtk-9.4.2\build_msvc\imaging\hybrid\imaginghybrid.dir\debug\imaginghybrid.tlog\link.secondary.1.tlog
d:\cybermed\daddy\dependency\sdk-vtk-9.4.2\build_msvc\imaging\hybrid\imaginghybrid.dir\debug\imaginghybrid.tlog\link.write.1.tlog
