d:\cybermed\daddy\dependency\sdk-vtk-9.4.2\build_msvc\lib\debug\vtkrenderingfreetype-9.4d.pdb
d:\cybermed\daddy\dependency\sdk-vtk-9.4.2\build_msvc\rendering\freetype\renderingfreetype.dir\debug\vtkvectortext.obj
d:\cybermed\daddy\dependency\sdk-vtk-9.4.2\build_msvc\rendering\freetype\renderingfreetype.dir\debug\vtktextrendererstringtoimage.obj
d:\cybermed\daddy\dependency\sdk-vtk-9.4.2\build_msvc\rendering\freetype\renderingfreetype.dir\debug\vtkscaledtextactor.obj
d:\cybermed\daddy\dependency\sdk-vtk-9.4.2\build_msvc\rendering\freetype\renderingfreetype.dir\debug\vtkmathtextutilities.obj
d:\cybermed\daddy\dependency\sdk-vtk-9.4.2\build_msvc\rendering\freetype\renderingfreetype.dir\debug\vtkmathtextfreetypetextrenderer.obj
d:\cybermed\daddy\dependency\sdk-vtk-9.4.2\build_msvc\rendering\freetype\renderingfreetype.dir\debug\vtkfreetypetools.obj
d:\cybermed\daddy\dependency\sdk-vtk-9.4.2\build_msvc\rendering\freetype\renderingfreetype.dir\debug\vtkfreetypestringtoimage.obj
d:\cybermed\daddy\dependency\sdk-vtk-9.4.2\build_msvc\rendering\freetype\renderingfreetype.dir\debug\face_times_italic.obj
d:\cybermed\daddy\dependency\sdk-vtk-9.4.2\build_msvc\rendering\freetype\renderingfreetype.dir\debug\face_times.obj
d:\cybermed\daddy\dependency\sdk-vtk-9.4.2\build_msvc\rendering\freetype\renderingfreetype.dir\debug\face_times_bold_italic.obj
d:\cybermed\daddy\dependency\sdk-vtk-9.4.2\build_msvc\rendering\freetype\renderingfreetype.dir\debug\face_times_bold.obj
d:\cybermed\daddy\dependency\sdk-vtk-9.4.2\build_msvc\rendering\freetype\renderingfreetype.dir\debug\face_courier_italic.obj
d:\cybermed\daddy\dependency\sdk-vtk-9.4.2\build_msvc\rendering\freetype\renderingfreetype.dir\debug\face_courier.obj
d:\cybermed\daddy\dependency\sdk-vtk-9.4.2\build_msvc\rendering\freetype\renderingfreetype.dir\debug\face_courier_bold_italic.obj
d:\cybermed\daddy\dependency\sdk-vtk-9.4.2\build_msvc\rendering\freetype\renderingfreetype.dir\debug\face_courier_bold.obj
d:\cybermed\daddy\dependency\sdk-vtk-9.4.2\build_msvc\rendering\freetype\renderingfreetype.dir\debug\face_arial_italic.obj
d:\cybermed\daddy\dependency\sdk-vtk-9.4.2\build_msvc\rendering\freetype\renderingfreetype.dir\debug\face_arial.obj
d:\cybermed\daddy\dependency\sdk-vtk-9.4.2\build_msvc\rendering\freetype\renderingfreetype.dir\debug\face_arial_bold_italic.obj
d:\cybermed\daddy\dependency\sdk-vtk-9.4.2\build_msvc\rendering\freetype\renderingfreetype.dir\debug\face_arial_bold.obj
d:\cybermed\daddy\dependency\sdk-vtk-9.4.2\build_msvc\rendering\freetype\renderingfreetype.dir\debug\vtkrenderingfreetypeobjectfactory.obj
d:\cybermed\daddy\dependency\sdk-vtk-9.4.2\build_msvc\rendering\freetype\renderingfreetype.dir\debug\vc143.pdb
d:\cybermed\daddy\dependency\sdk-vtk-9.4.2\build_msvc\rendering\freetype\cmakefiles\generate.stamp
d:\cybermed\daddy\dependency\sdk-vtk-9.4.2\build_msvc\lib\debug\vtkrenderingfreetype-9.4d.lib
d:\cybermed\daddy\dependency\sdk-vtk-9.4.2\build_msvc\bin\debug\vtkrenderingfreetype-9.4d.dll
d:\cybermed\daddy\dependency\sdk-vtk-9.4.2\build_msvc\bin\debug\vtkrenderingfreetype-9.4d.pdb
d:\cybermed\daddy\dependency\sdk-vtk-9.4.2\build_msvc\lib\debug\vtkrenderingfreetype-9.4d.exp
d:\cybermed\daddy\dependency\sdk-vtk-9.4.2\build_msvc\rendering\freetype\renderingfreetype.dir\debug\vtkrenderingfreetype-9.4d.ilk
d:\cybermed\daddy\dependency\sdk-vtk-9.4.2\build_msvc\rendering\freetype\renderingfreetype.dir\debug\renderin.3ca1eb12.tlog\cl.command.1.tlog
d:\cybermed\daddy\dependency\sdk-vtk-9.4.2\build_msvc\rendering\freetype\renderingfreetype.dir\debug\renderin.3ca1eb12.tlog\cl.items.tlog
d:\cybermed\daddy\dependency\sdk-vtk-9.4.2\build_msvc\rendering\freetype\renderingfreetype.dir\debug\renderin.3ca1eb12.tlog\cl.read.1.tlog
d:\cybermed\daddy\dependency\sdk-vtk-9.4.2\build_msvc\rendering\freetype\renderingfreetype.dir\debug\renderin.3ca1eb12.tlog\cl.write.1.tlog
d:\cybermed\daddy\dependency\sdk-vtk-9.4.2\build_msvc\rendering\freetype\renderingfreetype.dir\debug\renderin.3ca1eb12.tlog\custombuild.command.1.tlog
d:\cybermed\daddy\dependency\sdk-vtk-9.4.2\build_msvc\rendering\freetype\renderingfreetype.dir\debug\renderin.3ca1eb12.tlog\custombuild.read.1.tlog
d:\cybermed\daddy\dependency\sdk-vtk-9.4.2\build_msvc\rendering\freetype\renderingfreetype.dir\debug\renderin.3ca1eb12.tlog\custombuild.write.1.tlog
d:\cybermed\daddy\dependency\sdk-vtk-9.4.2\build_msvc\rendering\freetype\renderingfreetype.dir\debug\renderin.3ca1eb12.tlog\lib-link.read.1.tlog
d:\cybermed\daddy\dependency\sdk-vtk-9.4.2\build_msvc\rendering\freetype\renderingfreetype.dir\debug\renderin.3ca1eb12.tlog\lib-link.write.1.tlog
d:\cybermed\daddy\dependency\sdk-vtk-9.4.2\build_msvc\rendering\freetype\renderingfreetype.dir\debug\renderin.3ca1eb12.tlog\lib.command.1.tlog
d:\cybermed\daddy\dependency\sdk-vtk-9.4.2\build_msvc\rendering\freetype\renderingfreetype.dir\debug\renderin.3ca1eb12.tlog\link.command.1.tlog
d:\cybermed\daddy\dependency\sdk-vtk-9.4.2\build_msvc\rendering\freetype\renderingfreetype.dir\debug\renderin.3ca1eb12.tlog\link.read.1.tlog
d:\cybermed\daddy\dependency\sdk-vtk-9.4.2\build_msvc\rendering\freetype\renderingfreetype.dir\debug\renderin.3ca1eb12.tlog\link.secondary.1.tlog
d:\cybermed\daddy\dependency\sdk-vtk-9.4.2\build_msvc\rendering\freetype\renderingfreetype.dir\debug\renderin.3ca1eb12.tlog\link.write.1.tlog
