d:\cybermed\daddy\dependency\sdk-vtk-9.4.2\build_msvc\lib\debug\vtkfiltersstatistics-9.4d.pdb
d:\cybermed\daddy\dependency\sdk-vtk-9.4.2\build_msvc\filters\statistics\filtersstatistics.dir\debug\vtkstreamingstatistics.obj
d:\cybermed\daddy\dependency\sdk-vtk-9.4.2\build_msvc\filters\statistics\filtersstatistics.dir\debug\vtkstrahlermetric.obj
d:\cybermed\daddy\dependency\sdk-vtk-9.4.2\build_msvc\filters\statistics\filtersstatistics.dir\debug\vtkstatisticsalgorithm.obj
d:\cybermed\daddy\dependency\sdk-vtk-9.4.2\build_msvc\filters\statistics\filtersstatistics.dir\debug\vtkpcastatistics.obj
d:\cybermed\daddy\dependency\sdk-vtk-9.4.2\build_msvc\filters\statistics\filtersstatistics.dir\debug\vtkorderstatistics.obj
d:\cybermed\daddy\dependency\sdk-vtk-9.4.2\build_msvc\filters\statistics\filtersstatistics.dir\debug\vtkmulticorrelativestatistics.obj
d:\cybermed\daddy\dependency\sdk-vtk-9.4.2\build_msvc\filters\statistics\filtersstatistics.dir\debug\vtklengthdistribution.obj
d:\cybermed\daddy\dependency\sdk-vtk-9.4.2\build_msvc\filters\statistics\filtersstatistics.dir\debug\vtkkmeansstatistics.obj
d:\cybermed\daddy\dependency\sdk-vtk-9.4.2\build_msvc\filters\statistics\filtersstatistics.dir\debug\vtkkmeansdistancefunctorcalculator.obj
d:\cybermed\daddy\dependency\sdk-vtk-9.4.2\build_msvc\filters\statistics\filtersstatistics.dir\debug\vtkkmeansdistancefunctor.obj
d:\cybermed\daddy\dependency\sdk-vtk-9.4.2\build_msvc\filters\statistics\filtersstatistics.dir\debug\vtkhighestdensityregionsstatistics.obj
d:\cybermed\daddy\dependency\sdk-vtk-9.4.2\build_msvc\filters\statistics\filtersstatistics.dir\debug\vtkextracthistogram.obj
d:\cybermed\daddy\dependency\sdk-vtk-9.4.2\build_msvc\filters\statistics\filtersstatistics.dir\debug\vtkextractfunctionalbagplot.obj
d:\cybermed\daddy\dependency\sdk-vtk-9.4.2\build_msvc\filters\statistics\filtersstatistics.dir\debug\vtkdescriptivestatistics.obj
d:\cybermed\daddy\dependency\sdk-vtk-9.4.2\build_msvc\filters\statistics\filtersstatistics.dir\debug\vtkcorrelativestatistics.obj
d:\cybermed\daddy\dependency\sdk-vtk-9.4.2\build_msvc\filters\statistics\filtersstatistics.dir\debug\vtkcontingencystatistics.obj
d:\cybermed\daddy\dependency\sdk-vtk-9.4.2\build_msvc\filters\statistics\filtersstatistics.dir\debug\vtkcomputequartiles.obj
d:\cybermed\daddy\dependency\sdk-vtk-9.4.2\build_msvc\filters\statistics\filtersstatistics.dir\debug\vtkcomputequantiles.obj
d:\cybermed\daddy\dependency\sdk-vtk-9.4.2\build_msvc\filters\statistics\filtersstatistics.dir\debug\vtkbivariatelineartablethreshold.obj
d:\cybermed\daddy\dependency\sdk-vtk-9.4.2\build_msvc\filters\statistics\filtersstatistics.dir\debug\vtkautocorrelativestatistics.obj
d:\cybermed\daddy\dependency\sdk-vtk-9.4.2\build_msvc\filters\statistics\filtersstatistics.dir\debug\vc143.pdb
d:\cybermed\daddy\dependency\sdk-vtk-9.4.2\build_msvc\filters\statistics\cmakefiles\generate.stamp
d:\cybermed\daddy\dependency\sdk-vtk-9.4.2\build_msvc\lib\debug\vtkfiltersstatistics-9.4d.lib
d:\cybermed\daddy\dependency\sdk-vtk-9.4.2\build_msvc\bin\debug\vtkfiltersstatistics-9.4d.dll
d:\cybermed\daddy\dependency\sdk-vtk-9.4.2\build_msvc\bin\debug\vtkfiltersstatistics-9.4d.pdb
d:\cybermed\daddy\dependency\sdk-vtk-9.4.2\build_msvc\lib\debug\vtkfiltersstatistics-9.4d.exp
d:\cybermed\daddy\dependency\sdk-vtk-9.4.2\build_msvc\filters\statistics\filtersstatistics.dir\debug\vtkfiltersstatistics-9.4d.ilk
d:\cybermed\daddy\dependency\sdk-vtk-9.4.2\build_msvc\filters\statistics\filtersstatistics.dir\debug\filterss.d3637636.tlog\cl.command.1.tlog
d:\cybermed\daddy\dependency\sdk-vtk-9.4.2\build_msvc\filters\statistics\filtersstatistics.dir\debug\filterss.d3637636.tlog\cl.items.tlog
d:\cybermed\daddy\dependency\sdk-vtk-9.4.2\build_msvc\filters\statistics\filtersstatistics.dir\debug\filterss.d3637636.tlog\cl.read.1.tlog
d:\cybermed\daddy\dependency\sdk-vtk-9.4.2\build_msvc\filters\statistics\filtersstatistics.dir\debug\filterss.d3637636.tlog\cl.write.1.tlog
d:\cybermed\daddy\dependency\sdk-vtk-9.4.2\build_msvc\filters\statistics\filtersstatistics.dir\debug\filterss.d3637636.tlog\custombuild.command.1.tlog
d:\cybermed\daddy\dependency\sdk-vtk-9.4.2\build_msvc\filters\statistics\filtersstatistics.dir\debug\filterss.d3637636.tlog\custombuild.read.1.tlog
d:\cybermed\daddy\dependency\sdk-vtk-9.4.2\build_msvc\filters\statistics\filtersstatistics.dir\debug\filterss.d3637636.tlog\custombuild.write.1.tlog
d:\cybermed\daddy\dependency\sdk-vtk-9.4.2\build_msvc\filters\statistics\filtersstatistics.dir\debug\filterss.d3637636.tlog\lib-link.read.1.tlog
d:\cybermed\daddy\dependency\sdk-vtk-9.4.2\build_msvc\filters\statistics\filtersstatistics.dir\debug\filterss.d3637636.tlog\lib-link.write.1.tlog
d:\cybermed\daddy\dependency\sdk-vtk-9.4.2\build_msvc\filters\statistics\filtersstatistics.dir\debug\filterss.d3637636.tlog\lib.command.1.tlog
d:\cybermed\daddy\dependency\sdk-vtk-9.4.2\build_msvc\filters\statistics\filtersstatistics.dir\debug\filterss.d3637636.tlog\link.command.1.tlog
d:\cybermed\daddy\dependency\sdk-vtk-9.4.2\build_msvc\filters\statistics\filtersstatistics.dir\debug\filterss.d3637636.tlog\link.read.1.tlog
d:\cybermed\daddy\dependency\sdk-vtk-9.4.2\build_msvc\filters\statistics\filtersstatistics.dir\debug\filterss.d3637636.tlog\link.secondary.1.tlog
d:\cybermed\daddy\dependency\sdk-vtk-9.4.2\build_msvc\filters\statistics\filtersstatistics.dir\debug\filterss.d3637636.tlog\link.write.1.tlog
