d:\cybermed\daddy\dependency\sdk-vtk-9.4.2\build_msvc\lib\debug\vtkfiltersparallel-9.4d.pdb
d:\cybermed\daddy\dependency\sdk-vtk-9.4.2\build_msvc\filters\parallel\filtersparallel.dir\debug\vtkhypertreegridgenerateprocessids.obj
d:\cybermed\daddy\dependency\sdk-vtk-9.4.2\build_msvc\filters\parallel\filtersparallel.dir\debug\vtkhypertreegridgenerateglobalids.obj
d:\cybermed\daddy\dependency\sdk-vtk-9.4.2\build_msvc\filters\parallel\filtersparallel.dir\debug\vtkgenerateprocessids.obj
d:\cybermed\daddy\dependency\sdk-vtk-9.4.2\build_msvc\filters\parallel\filtersparallel.dir\debug\vtkextractuserdefinedpiece.obj
d:\cybermed\daddy\dependency\sdk-vtk-9.4.2\build_msvc\filters\parallel\filtersparallel.dir\debug\vtkextractunstructuredgridpiece.obj
d:\cybermed\daddy\dependency\sdk-vtk-9.4.2\build_msvc\filters\parallel\filtersparallel.dir\debug\vtkextractpolydatapiece.obj
d:\cybermed\daddy\dependency\sdk-vtk-9.4.2\build_msvc\filters\parallel\filtersparallel.dir\debug\vtkextractcthpart.obj
d:\cybermed\daddy\dependency\sdk-vtk-9.4.2\build_msvc\filters\parallel\filtersparallel.dir\debug\vtkduplicatepolydata.obj
d:\cybermed\daddy\dependency\sdk-vtk-9.4.2\build_msvc\filters\parallel\filtersparallel.dir\debug\vtkdistributeddatafilter.obj
d:\cybermed\daddy\dependency\sdk-vtk-9.4.2\build_msvc\filters\parallel\filtersparallel.dir\debug\vtkcutmaterial.obj
d:\cybermed\daddy\dependency\sdk-vtk-9.4.2\build_msvc\filters\parallel\filtersparallel.dir\debug\vtkcollecttable.obj
d:\cybermed\daddy\dependency\sdk-vtk-9.4.2\build_msvc\filters\parallel\filtersparallel.dir\debug\vtkcollectpolydata.obj
d:\cybermed\daddy\dependency\sdk-vtk-9.4.2\build_msvc\filters\parallel\filtersparallel.dir\debug\vtkcollectgraph.obj
d:\cybermed\daddy\dependency\sdk-vtk-9.4.2\build_msvc\filters\parallel\filtersparallel.dir\debug\vtkcleanarrays.obj
d:\cybermed\daddy\dependency\sdk-vtk-9.4.2\build_msvc\filters\parallel\filtersparallel.dir\debug\vtkangularperiodicfilter.obj
d:\cybermed\daddy\dependency\sdk-vtk-9.4.2\build_msvc\filters\parallel\filtersparallel.dir\debug\vtkalignimagedatasetfilter.obj
d:\cybermed\daddy\dependency\sdk-vtk-9.4.2\build_msvc\filters\parallel\filtersparallel.dir\debug\vtkaggregatedatasetfilter.obj
d:\cybermed\daddy\dependency\sdk-vtk-9.4.2\build_msvc\filters\parallel\filtersparallel.dir\debug\vtkadaptivetemporalinterpolator.obj
d:\cybermed\daddy\dependency\sdk-vtk-9.4.2\build_msvc\filters\parallel\filtersparallel.dir\debug\vtkhypertreegridghostcellsgeneratorinternals.obj
d:\cybermed\daddy\dependency\sdk-vtk-9.4.2\build_msvc\filters\parallel\filtersparallel.dir\debug\vtkfiltersparallelobjectfactory.obj
d:\cybermed\daddy\dependency\sdk-vtk-9.4.2\build_msvc\filters\parallel\filtersparallel.dir\debug\vtkpoutlinefilter.obj
d:\cybermed\daddy\dependency\sdk-vtk-9.4.2\build_msvc\filters\parallel\filtersparallel.dir\debug\vtkpoutlinecornerfilter.obj
d:\cybermed\daddy\dependency\sdk-vtk-9.4.2\build_msvc\filters\parallel\filtersparallel.dir\debug\vtkpmergearrays.obj
d:\cybermed\daddy\dependency\sdk-vtk-9.4.2\build_msvc\filters\parallel\filtersparallel.dir\debug\vtkpmaskpoints.obj
d:\cybermed\daddy\dependency\sdk-vtk-9.4.2\build_msvc\filters\parallel\filtersparallel.dir\debug\vtkplinearextrusionfilter.obj
d:\cybermed\daddy\dependency\sdk-vtk-9.4.2\build_msvc\filters\parallel\filtersparallel.dir\debug\vtkpkdtree.obj
d:\cybermed\daddy\dependency\sdk-vtk-9.4.2\build_msvc\filters\parallel\filtersparallel.dir\debug\vtkpipelinesize.obj
d:\cybermed\daddy\dependency\sdk-vtk-9.4.2\build_msvc\filters\parallel\filtersparallel.dir\debug\vtkpiecescalars.obj
d:\cybermed\daddy\dependency\sdk-vtk-9.4.2\build_msvc\filters\parallel\filtersparallel.dir\debug\vtkpiecerequestfilter.obj
d:\cybermed\daddy\dependency\sdk-vtk-9.4.2\build_msvc\filters\parallel\filtersparallel.dir\debug\vtkpextractselectedarraysovertime.obj
d:\cybermed\daddy\dependency\sdk-vtk-9.4.2\build_msvc\filters\parallel\filtersparallel.dir\debug\vtkpextractexodusglobaltemporalvariables.obj
d:\cybermed\daddy\dependency\sdk-vtk-9.4.2\build_msvc\filters\parallel\filtersparallel.dir\debug\vtkpextractdataarraysovertime.obj
d:\cybermed\daddy\dependency\sdk-vtk-9.4.2\build_msvc\filters\parallel\filtersparallel.dir\debug\vtkpconverttomultiblockdataset.obj
d:\cybermed\daddy\dependency\sdk-vtk-9.4.2\build_msvc\filters\parallel\filtersparallel.dir\debug\vtkpcelldatatopointdata.obj
d:\cybermed\daddy\dependency\sdk-vtk-9.4.2\build_msvc\filters\parallel\filtersparallel.dir\debug\vtkperiodicfilter.obj
d:\cybermed\daddy\dependency\sdk-vtk-9.4.2\build_msvc\filters\parallel\filtersparallel.dir\debug\vtkintegrateattributes.obj
d:\cybermed\daddy\dependency\sdk-vtk-9.4.2\build_msvc\filters\parallel\filtersparallel.dir\debug\vtkphypertreegridprobefilter.obj
d:\cybermed\daddy\dependency\sdk-vtk-9.4.2\build_msvc\filters\parallel\filtersparallel.dir\debug\vtkmultiprocesscontrollerhelper.obj
d:\cybermed\daddy\dependency\sdk-vtk-9.4.2\build_msvc\filters\parallel\filtersparallel.dir\debug\vtkmergeblocks.obj
d:\cybermed\daddy\dependency\sdk-vtk-9.4.2\build_msvc\filters\parallel\filtersparallel.dir\debug\vtkhypertreegridghostcellsgenerator.obj
d:\cybermed\daddy\dependency\sdk-vtk-9.4.2\build_msvc\filters\parallel\filtersparallel.dir\debug\vtktransmitunstructuredgridpiece.obj
d:\cybermed\daddy\dependency\sdk-vtk-9.4.2\build_msvc\filters\parallel\filtersparallel.dir\debug\vtktransmitstructuredgridpiece.obj
d:\cybermed\daddy\dependency\sdk-vtk-9.4.2\build_msvc\filters\parallel\filtersparallel.dir\debug\vtktransmitstructureddatapiece.obj
d:\cybermed\daddy\dependency\sdk-vtk-9.4.2\build_msvc\filters\parallel\filtersparallel.dir\debug\vtktransmitrectilineargridpiece.obj
d:\cybermed\daddy\dependency\sdk-vtk-9.4.2\build_msvc\filters\parallel\filtersparallel.dir\debug\vtktransmitpolydatapiece.obj
d:\cybermed\daddy\dependency\sdk-vtk-9.4.2\build_msvc\filters\parallel\filtersparallel.dir\debug\vtkremoveghosts.obj
d:\cybermed\daddy\dependency\sdk-vtk-9.4.2\build_msvc\filters\parallel\filtersparallel.dir\debug\vtkrectilineargridoutlinefilter.obj
d:\cybermed\daddy\dependency\sdk-vtk-9.4.2\build_msvc\filters\parallel\filtersparallel.dir\debug\vtkpyoungsmaterialinterface.obj
d:\cybermed\daddy\dependency\sdk-vtk-9.4.2\build_msvc\filters\parallel\filtersparallel.dir\debug\vtkptexturemaptosphere.obj
d:\cybermed\daddy\dependency\sdk-vtk-9.4.2\build_msvc\filters\parallel\filtersparallel.dir\debug\vtkpspheresource.obj
d:\cybermed\daddy\dependency\sdk-vtk-9.4.2\build_msvc\filters\parallel\filtersparallel.dir\debug\vtkprocessidscalars.obj
d:\cybermed\daddy\dependency\sdk-vtk-9.4.2\build_msvc\filters\parallel\filtersparallel.dir\debug\vtkpartitionbalancer.obj
d:\cybermed\daddy\dependency\sdk-vtk-9.4.2\build_msvc\filters\parallel\filtersparallel.dir\debug\vtkpresamplefilter.obj
d:\cybermed\daddy\dependency\sdk-vtk-9.4.2\build_msvc\filters\parallel\filtersparallel.dir\debug\vtkpreflectionfilter.obj
d:\cybermed\daddy\dependency\sdk-vtk-9.4.2\build_msvc\filters\parallel\filtersparallel.dir\debug\vtkpprojectspherefilter.obj
d:\cybermed\daddy\dependency\sdk-vtk-9.4.2\build_msvc\filters\parallel\filtersparallel.dir\debug\vtkpprobefilter.obj
d:\cybermed\daddy\dependency\sdk-vtk-9.4.2\build_msvc\filters\parallel\filtersparallel.dir\debug\vtkppolydatanormals.obj
d:\cybermed\daddy\dependency\sdk-vtk-9.4.2\build_msvc\filters\parallel\filtersparallel.dir\debug\vtkpoutlinefilterinternals.obj
d:\cybermed\daddy\dependency\sdk-vtk-9.4.2\build_msvc\filters\parallel\filtersparallel.dir\debug\vc143.pdb
d:\cybermed\daddy\dependency\sdk-vtk-9.4.2\build_msvc\filters\parallel\cmakefiles\generate.stamp
d:\cybermed\daddy\dependency\sdk-vtk-9.4.2\build_msvc\lib\debug\vtkfiltersparallel-9.4d.lib
d:\cybermed\daddy\dependency\sdk-vtk-9.4.2\build_msvc\bin\debug\vtkfiltersparallel-9.4d.dll
d:\cybermed\daddy\dependency\sdk-vtk-9.4.2\build_msvc\bin\debug\vtkfiltersparallel-9.4d.pdb
d:\cybermed\daddy\dependency\sdk-vtk-9.4.2\build_msvc\lib\debug\vtkfiltersparallel-9.4d.exp
d:\cybermed\daddy\dependency\sdk-vtk-9.4.2\build_msvc\filters\parallel\filtersparallel.dir\debug\vtkfiltersparallel-9.4d.ilk
d:\cybermed\daddy\dependency\sdk-vtk-9.4.2\build_msvc\filters\parallel\filtersparallel.dir\debug\filtersparallel.tlog\cl.command.1.tlog
d:\cybermed\daddy\dependency\sdk-vtk-9.4.2\build_msvc\filters\parallel\filtersparallel.dir\debug\filtersparallel.tlog\cl.items.tlog
d:\cybermed\daddy\dependency\sdk-vtk-9.4.2\build_msvc\filters\parallel\filtersparallel.dir\debug\filtersparallel.tlog\cl.read.1.tlog
d:\cybermed\daddy\dependency\sdk-vtk-9.4.2\build_msvc\filters\parallel\filtersparallel.dir\debug\filtersparallel.tlog\cl.write.1.tlog
d:\cybermed\daddy\dependency\sdk-vtk-9.4.2\build_msvc\filters\parallel\filtersparallel.dir\debug\filtersparallel.tlog\custombuild.command.1.tlog
d:\cybermed\daddy\dependency\sdk-vtk-9.4.2\build_msvc\filters\parallel\filtersparallel.dir\debug\filtersparallel.tlog\custombuild.read.1.tlog
d:\cybermed\daddy\dependency\sdk-vtk-9.4.2\build_msvc\filters\parallel\filtersparallel.dir\debug\filtersparallel.tlog\custombuild.write.1.tlog
d:\cybermed\daddy\dependency\sdk-vtk-9.4.2\build_msvc\filters\parallel\filtersparallel.dir\debug\filtersparallel.tlog\lib-link.read.1.tlog
d:\cybermed\daddy\dependency\sdk-vtk-9.4.2\build_msvc\filters\parallel\filtersparallel.dir\debug\filtersparallel.tlog\lib-link.write.1.tlog
d:\cybermed\daddy\dependency\sdk-vtk-9.4.2\build_msvc\filters\parallel\filtersparallel.dir\debug\filtersparallel.tlog\lib.command.1.tlog
d:\cybermed\daddy\dependency\sdk-vtk-9.4.2\build_msvc\filters\parallel\filtersparallel.dir\debug\filtersparallel.tlog\link.command.1.tlog
d:\cybermed\daddy\dependency\sdk-vtk-9.4.2\build_msvc\filters\parallel\filtersparallel.dir\debug\filtersparallel.tlog\link.read.1.tlog
d:\cybermed\daddy\dependency\sdk-vtk-9.4.2\build_msvc\filters\parallel\filtersparallel.dir\debug\filtersparallel.tlog\link.secondary.1.tlog
d:\cybermed\daddy\dependency\sdk-vtk-9.4.2\build_msvc\filters\parallel\filtersparallel.dir\debug\filtersparallel.tlog\link.write.1.tlog
