d:\cybermed\daddy\dependency\sdk-vtk-9.4.2\build_msvc\lib\debug\vtkiocesium3dtiles-9.4d.pdb
d:\cybermed\daddy\dependency\sdk-vtk-9.4.2\build_msvc\io\cesium3dtiles\iocesium3dtiles.dir\debug\treeinformation.obj
d:\cybermed\daddy\dependency\sdk-vtk-9.4.2\build_msvc\io\cesium3dtiles\iocesium3dtiles.dir\debug\vtkcesiumb3dmreader.obj
d:\cybermed\daddy\dependency\sdk-vtk-9.4.2\build_msvc\io\cesium3dtiles\iocesium3dtiles.dir\debug\vtkcesiumpointcloudwriter.obj
d:\cybermed\daddy\dependency\sdk-vtk-9.4.2\build_msvc\io\cesium3dtiles\iocesium3dtiles.dir\debug\vtkcesium3dtilesreader.obj
d:\cybermed\daddy\dependency\sdk-vtk-9.4.2\build_msvc\io\cesium3dtiles\iocesium3dtiles.dir\debug\vtkcesium3dtileswriter.obj
d:\cybermed\daddy\dependency\sdk-vtk-9.4.2\build_msvc\io\cesium3dtiles\iocesium3dtiles.dir\debug\vc143.pdb
d:\cybermed\daddy\dependency\sdk-vtk-9.4.2\build_msvc\io\cesium3dtiles\cmakefiles\generate.stamp
d:\cybermed\daddy\dependency\sdk-vtk-9.4.2\build_msvc\lib\debug\vtkiocesium3dtiles-9.4d.lib
d:\cybermed\daddy\dependency\sdk-vtk-9.4.2\build_msvc\bin\debug\vtkiocesium3dtiles-9.4d.dll
d:\cybermed\daddy\dependency\sdk-vtk-9.4.2\build_msvc\bin\debug\vtkiocesium3dtiles-9.4d.pdb
d:\cybermed\daddy\dependency\sdk-vtk-9.4.2\build_msvc\lib\debug\vtkiocesium3dtiles-9.4d.exp
d:\cybermed\daddy\dependency\sdk-vtk-9.4.2\build_msvc\io\cesium3dtiles\iocesium3dtiles.dir\debug\vtkiocesium3dtiles-9.4d.ilk
d:\cybermed\daddy\dependency\sdk-vtk-9.4.2\build_msvc\io\cesium3dtiles\iocesium3dtiles.dir\debug\iocesium3dtiles.tlog\cl.command.1.tlog
d:\cybermed\daddy\dependency\sdk-vtk-9.4.2\build_msvc\io\cesium3dtiles\iocesium3dtiles.dir\debug\iocesium3dtiles.tlog\cl.items.tlog
d:\cybermed\daddy\dependency\sdk-vtk-9.4.2\build_msvc\io\cesium3dtiles\iocesium3dtiles.dir\debug\iocesium3dtiles.tlog\cl.read.1.tlog
d:\cybermed\daddy\dependency\sdk-vtk-9.4.2\build_msvc\io\cesium3dtiles\iocesium3dtiles.dir\debug\iocesium3dtiles.tlog\cl.write.1.tlog
d:\cybermed\daddy\dependency\sdk-vtk-9.4.2\build_msvc\io\cesium3dtiles\iocesium3dtiles.dir\debug\iocesium3dtiles.tlog\custombuild.command.1.tlog
d:\cybermed\daddy\dependency\sdk-vtk-9.4.2\build_msvc\io\cesium3dtiles\iocesium3dtiles.dir\debug\iocesium3dtiles.tlog\custombuild.read.1.tlog
d:\cybermed\daddy\dependency\sdk-vtk-9.4.2\build_msvc\io\cesium3dtiles\iocesium3dtiles.dir\debug\iocesium3dtiles.tlog\custombuild.write.1.tlog
d:\cybermed\daddy\dependency\sdk-vtk-9.4.2\build_msvc\io\cesium3dtiles\iocesium3dtiles.dir\debug\iocesium3dtiles.tlog\lib-link.read.1.tlog
d:\cybermed\daddy\dependency\sdk-vtk-9.4.2\build_msvc\io\cesium3dtiles\iocesium3dtiles.dir\debug\iocesium3dtiles.tlog\lib-link.write.1.tlog
d:\cybermed\daddy\dependency\sdk-vtk-9.4.2\build_msvc\io\cesium3dtiles\iocesium3dtiles.dir\debug\iocesium3dtiles.tlog\lib.command.1.tlog
d:\cybermed\daddy\dependency\sdk-vtk-9.4.2\build_msvc\io\cesium3dtiles\iocesium3dtiles.dir\debug\iocesium3dtiles.tlog\link.command.1.tlog
d:\cybermed\daddy\dependency\sdk-vtk-9.4.2\build_msvc\io\cesium3dtiles\iocesium3dtiles.dir\debug\iocesium3dtiles.tlog\link.read.1.tlog
d:\cybermed\daddy\dependency\sdk-vtk-9.4.2\build_msvc\io\cesium3dtiles\iocesium3dtiles.dir\debug\iocesium3dtiles.tlog\link.secondary.1.tlog
d:\cybermed\daddy\dependency\sdk-vtk-9.4.2\build_msvc\io\cesium3dtiles\iocesium3dtiles.dir\debug\iocesium3dtiles.tlog\link.write.1.tlog
