d:\cybermed\daddy\dependency\sdk-vtk-9.4.2\build_msvc\charts\core\chartscore.dir\release\vtkcontrolpointsitem.obj
d:\cybermed\daddy\dependency\sdk-vtk-9.4.2\build_msvc\charts\core\chartscore.dir\release\vtkcontextpolygon.obj
d:\cybermed\daddy\dependency\sdk-vtk-9.4.2\build_msvc\charts\core\chartscore.dir\release\vtkcontextarea.obj
d:\cybermed\daddy\dependency\sdk-vtk-9.4.2\build_msvc\charts\core\chartscore.dir\release\vtkcompositetransferfunctionitem.obj
d:\cybermed\daddy\dependency\sdk-vtk-9.4.2\build_msvc\charts\core\chartscore.dir\release\vtkcompositecontrolpointsitem.obj
d:\cybermed\daddy\dependency\sdk-vtk-9.4.2\build_msvc\charts\core\chartscore.dir\release\vtkcolortransferfunctionitem.obj
d:\cybermed\daddy\dependency\sdk-vtk-9.4.2\build_msvc\charts\core\chartscore.dir\release\vtkcolortransfercontrolpointsitem.obj
d:\cybermed\daddy\dependency\sdk-vtk-9.4.2\build_msvc\charts\core\chartscore.dir\release\vtkcolorlegend.obj
d:\cybermed\daddy\dependency\sdk-vtk-9.4.2\build_msvc\charts\core\chartscore.dir\release\vtkchartxyz.obj
d:\cybermed\daddy\dependency\sdk-vtk-9.4.2\build_msvc\charts\core\chartscore.dir\release\vtkchartxy.obj
d:\cybermed\daddy\dependency\sdk-vtk-9.4.2\build_msvc\charts\core\chartscore.dir\release\vtkchartpie.obj
d:\cybermed\daddy\dependency\sdk-vtk-9.4.2\build_msvc\charts\core\chartscore.dir\release\vtkchartparallelcoordinates.obj
d:\cybermed\daddy\dependency\sdk-vtk-9.4.2\build_msvc\charts\core\chartscore.dir\release\vtkchartmatrix.obj
d:\cybermed\daddy\dependency\sdk-vtk-9.4.2\build_msvc\charts\core\chartscore.dir\release\vtkchartlegend.obj
d:\cybermed\daddy\dependency\sdk-vtk-9.4.2\build_msvc\charts\core\chartscore.dir\release\vtkcharthistogram2d.obj
d:\cybermed\daddy\dependency\sdk-vtk-9.4.2\build_msvc\charts\core\chartscore.dir\release\vtkchartbox.obj
d:\cybermed\daddy\dependency\sdk-vtk-9.4.2\build_msvc\charts\core\chartscore.dir\release\vtkchart.obj
d:\cybermed\daddy\dependency\sdk-vtk-9.4.2\build_msvc\charts\core\chartscore.dir\release\vtkcategorylegend.obj
d:\cybermed\daddy\dependency\sdk-vtk-9.4.2\build_msvc\charts\core\chartscore.dir\release\vtkaxisextended.obj
d:\cybermed\daddy\dependency\sdk-vtk-9.4.2\build_msvc\charts\core\chartscore.dir\release\vtkaxis.obj
d:\cybermed\daddy\dependency\sdk-vtk-9.4.2\build_msvc\charts\core\chartscore.dir\release\vtkplotpoints.obj
d:\cybermed\daddy\dependency\sdk-vtk-9.4.2\build_msvc\charts\core\chartscore.dir\release\vtkplotpie.obj
d:\cybermed\daddy\dependency\sdk-vtk-9.4.2\build_msvc\charts\core\chartscore.dir\release\vtkplotparallelcoordinates.obj
d:\cybermed\daddy\dependency\sdk-vtk-9.4.2\build_msvc\charts\core\chartscore.dir\release\vtkplotline3d.obj
d:\cybermed\daddy\dependency\sdk-vtk-9.4.2\build_msvc\charts\core\chartscore.dir\release\vtkplotline.obj
d:\cybermed\daddy\dependency\sdk-vtk-9.4.2\build_msvc\charts\core\chartscore.dir\release\vtkplothistogram2d.obj
d:\cybermed\daddy\dependency\sdk-vtk-9.4.2\build_msvc\charts\core\chartscore.dir\release\vtkplotgrid.obj
d:\cybermed\daddy\dependency\sdk-vtk-9.4.2\build_msvc\charts\core\chartscore.dir\release\vtkplotfunctionalbag.obj
d:\cybermed\daddy\dependency\sdk-vtk-9.4.2\build_msvc\charts\core\chartscore.dir\release\vtkplotbox.obj
d:\cybermed\daddy\dependency\sdk-vtk-9.4.2\build_msvc\charts\core\chartscore.dir\release\vtkplotbarrangehandlesitem.obj
d:\cybermed\daddy\dependency\sdk-vtk-9.4.2\build_msvc\charts\core\chartscore.dir\release\vtkplotbar.obj
d:\cybermed\daddy\dependency\sdk-vtk-9.4.2\build_msvc\charts\core\chartscore.dir\release\vtkplotbag.obj
d:\cybermed\daddy\dependency\sdk-vtk-9.4.2\build_msvc\charts\core\chartscore.dir\release\vtkplotarea.obj
d:\cybermed\daddy\dependency\sdk-vtk-9.4.2\build_msvc\charts\core\chartscore.dir\release\vtkplot3d.obj
d:\cybermed\daddy\dependency\sdk-vtk-9.4.2\build_msvc\charts\core\chartscore.dir\release\vtkplot.obj
d:\cybermed\daddy\dependency\sdk-vtk-9.4.2\build_msvc\charts\core\chartscore.dir\release\vtkpiecewisepointhandleitem.obj
d:\cybermed\daddy\dependency\sdk-vtk-9.4.2\build_msvc\charts\core\chartscore.dir\release\vtkpiecewisefunctionitem.obj
d:\cybermed\daddy\dependency\sdk-vtk-9.4.2\build_msvc\charts\core\chartscore.dir\release\vtkpiecewisecontrolpointsitem.obj
d:\cybermed\daddy\dependency\sdk-vtk-9.4.2\build_msvc\charts\core\chartscore.dir\release\vtklookuptableitem.obj
d:\cybermed\daddy\dependency\sdk-vtk-9.4.2\build_msvc\charts\core\chartscore.dir\release\vtkinteractivearea.obj
d:\cybermed\daddy\dependency\sdk-vtk-9.4.2\build_msvc\charts\core\chartscore.dir\release\vtkscatterplotmatrix.obj
d:\cybermed\daddy\dependency\sdk-vtk-9.4.2\build_msvc\charts\core\chartscore.dir\release\vtkscalarstocolorsitem.obj
d:\cybermed\daddy\dependency\sdk-vtk-9.4.2\build_msvc\charts\core\chartscore.dir\release\vtkrangehandlesitem.obj
d:\cybermed\daddy\dependency\sdk-vtk-9.4.2\build_msvc\charts\core\chartscore.dir\release\vtkplotsurface.obj
d:\cybermed\daddy\dependency\sdk-vtk-9.4.2\build_msvc\charts\core\chartscore.dir\release\vtkplotstacked.obj
d:\cybermed\daddy\dependency\sdk-vtk-9.4.2\build_msvc\charts\core\chartscore.dir\release\vtkplotrangehandlesitem.obj
d:\cybermed\daddy\dependency\sdk-vtk-9.4.2\build_msvc\charts\core\chartscore.dir\release\vtkplotpoints3d.obj
d:\cybermed\daddy\dependency\sdk-vtk-9.4.2\build_msvc\charts\core\cmakefiles\generate.stamp
d:\cybermed\daddy\dependency\sdk-vtk-9.4.2\build_msvc\bin\release\vtkchartscore-9.4.dll
d:\cybermed\daddy\dependency\sdk-vtk-9.4.2\build_msvc\lib\release\vtkchartscore-9.4.lib
d:\cybermed\daddy\dependency\sdk-vtk-9.4.2\build_msvc\lib\release\vtkchartscore-9.4.exp
d:\cybermed\daddy\dependency\sdk-vtk-9.4.2\build_msvc\charts\core\chartscore.dir\release\chartscore.tlog\cl.command.1.tlog
d:\cybermed\daddy\dependency\sdk-vtk-9.4.2\build_msvc\charts\core\chartscore.dir\release\chartscore.tlog\cl.items.tlog
d:\cybermed\daddy\dependency\sdk-vtk-9.4.2\build_msvc\charts\core\chartscore.dir\release\chartscore.tlog\cl.read.1.tlog
d:\cybermed\daddy\dependency\sdk-vtk-9.4.2\build_msvc\charts\core\chartscore.dir\release\chartscore.tlog\cl.write.1.tlog
d:\cybermed\daddy\dependency\sdk-vtk-9.4.2\build_msvc\charts\core\chartscore.dir\release\chartscore.tlog\custombuild.command.1.tlog
d:\cybermed\daddy\dependency\sdk-vtk-9.4.2\build_msvc\charts\core\chartscore.dir\release\chartscore.tlog\custombuild.read.1.tlog
d:\cybermed\daddy\dependency\sdk-vtk-9.4.2\build_msvc\charts\core\chartscore.dir\release\chartscore.tlog\custombuild.write.1.tlog
d:\cybermed\daddy\dependency\sdk-vtk-9.4.2\build_msvc\charts\core\chartscore.dir\release\chartscore.tlog\link.command.1.tlog
d:\cybermed\daddy\dependency\sdk-vtk-9.4.2\build_msvc\charts\core\chartscore.dir\release\chartscore.tlog\link.read.1.tlog
d:\cybermed\daddy\dependency\sdk-vtk-9.4.2\build_msvc\charts\core\chartscore.dir\release\chartscore.tlog\link.secondary.1.tlog
d:\cybermed\daddy\dependency\sdk-vtk-9.4.2\build_msvc\charts\core\chartscore.dir\release\chartscore.tlog\link.write.1.tlog
