d:\cybermed\daddy\dependency\sdk-vtk-9.4.2\build_msvc\io\geometry\iogeometry.dir\release\vtkopenfoamreader.obj
d:\cybermed\daddy\dependency\sdk-vtk-9.4.2\build_msvc\io\geometry\iogeometry.dir\release\vtkoffreader.obj
d:\cybermed\daddy\dependency\sdk-vtk-9.4.2\build_msvc\io\geometry\iogeometry.dir\release\vtkobjwriter.obj
d:\cybermed\daddy\dependency\sdk-vtk-9.4.2\build_msvc\io\geometry\iogeometry.dir\release\vtkobjreader.obj
d:\cybermed\daddy\dependency\sdk-vtk-9.4.2\build_msvc\io\geometry\iogeometry.dir\release\vtkmfixreader.obj
d:\cybermed\daddy\dependency\sdk-vtk-9.4.2\build_msvc\io\geometry\iogeometry.dir\release\vtkmcubeswriter.obj
d:\cybermed\daddy\dependency\sdk-vtk-9.4.2\build_msvc\io\geometry\iogeometry.dir\release\vtkmcubesreader.obj
d:\cybermed\daddy\dependency\sdk-vtk-9.4.2\build_msvc\io\geometry\iogeometry.dir\release\vtkivwriter.obj
d:\cybermed\daddy\dependency\sdk-vtk-9.4.2\build_msvc\io\geometry\iogeometry.dir\release\vtkhoudinipolydatawriter.obj
d:\cybermed\daddy\dependency\sdk-vtk-9.4.2\build_msvc\io\geometry\iogeometry.dir\release\vtkgltfwriter.obj
d:\cybermed\daddy\dependency\sdk-vtk-9.4.2\build_msvc\io\geometry\iogeometry.dir\release\vtkgltftexture.obj
d:\cybermed\daddy\dependency\sdk-vtk-9.4.2\build_msvc\io\geometry\iogeometry.dir\release\vtkgltfreader.obj
d:\cybermed\daddy\dependency\sdk-vtk-9.4.2\build_msvc\io\geometry\iogeometry.dir\release\vtkgltfdocumentloader.obj
d:\cybermed\daddy\dependency\sdk-vtk-9.4.2\build_msvc\io\geometry\iogeometry.dir\release\vtkgambitreader.obj
d:\cybermed\daddy\dependency\sdk-vtk-9.4.2\build_msvc\io\geometry\iogeometry.dir\release\vtkfluentreader.obj
d:\cybermed\daddy\dependency\sdk-vtk-9.4.2\build_msvc\io\geometry\iogeometry.dir\release\vtkfacetwriter.obj
d:\cybermed\daddy\dependency\sdk-vtk-9.4.2\build_msvc\io\geometry\iogeometry.dir\release\vtkchacoreader.obj
d:\cybermed\daddy\dependency\sdk-vtk-9.4.2\build_msvc\io\geometry\iogeometry.dir\release\vtkbyuwriter.obj
d:\cybermed\daddy\dependency\sdk-vtk-9.4.2\build_msvc\io\geometry\iogeometry.dir\release\vtkbyureader.obj
d:\cybermed\daddy\dependency\sdk-vtk-9.4.2\build_msvc\io\geometry\iogeometry.dir\release\vtkavsucdreader.obj
d:\cybermed\daddy\dependency\sdk-vtk-9.4.2\build_msvc\io\geometry\iogeometry.dir\release\vtkgltfutils.obj
d:\cybermed\daddy\dependency\sdk-vtk-9.4.2\build_msvc\io\geometry\iogeometry.dir\release\vtkgltfwriterutils.obj
d:\cybermed\daddy\dependency\sdk-vtk-9.4.2\build_msvc\io\geometry\iogeometry.dir\release\vtkgltfdocumentloaderinternals.obj
d:\cybermed\daddy\dependency\sdk-vtk-9.4.2\build_msvc\io\geometry\iogeometry.dir\release\vtkwindbladereader.obj
d:\cybermed\daddy\dependency\sdk-vtk-9.4.2\build_msvc\io\geometry\iogeometry.dir\release\vtktecplotreader.obj
d:\cybermed\daddy\dependency\sdk-vtk-9.4.2\build_msvc\io\geometry\iogeometry.dir\release\vtkstlwriter.obj
d:\cybermed\daddy\dependency\sdk-vtk-9.4.2\build_msvc\io\geometry\iogeometry.dir\release\vtkstlreader.obj
d:\cybermed\daddy\dependency\sdk-vtk-9.4.2\build_msvc\io\geometry\iogeometry.dir\release\vtkptsreader.obj
d:\cybermed\daddy\dependency\sdk-vtk-9.4.2\build_msvc\io\geometry\iogeometry.dir\release\vtkprostarreader.obj
d:\cybermed\daddy\dependency\sdk-vtk-9.4.2\build_msvc\io\geometry\iogeometry.dir\release\vtkparticlereader.obj
d:\cybermed\daddy\dependency\sdk-vtk-9.4.2\build_msvc\io\geometry\cmakefiles\generate.stamp
d:\cybermed\daddy\dependency\sdk-vtk-9.4.2\build_msvc\bin\release\vtkiogeometry-9.4.dll
d:\cybermed\daddy\dependency\sdk-vtk-9.4.2\build_msvc\lib\release\vtkiogeometry-9.4.lib
d:\cybermed\daddy\dependency\sdk-vtk-9.4.2\build_msvc\lib\release\vtkiogeometry-9.4.exp
d:\cybermed\daddy\dependency\sdk-vtk-9.4.2\build_msvc\io\geometry\iogeometry.dir\release\iogeometry.tlog\cl.command.1.tlog
d:\cybermed\daddy\dependency\sdk-vtk-9.4.2\build_msvc\io\geometry\iogeometry.dir\release\iogeometry.tlog\cl.items.tlog
d:\cybermed\daddy\dependency\sdk-vtk-9.4.2\build_msvc\io\geometry\iogeometry.dir\release\iogeometry.tlog\cl.read.1.tlog
d:\cybermed\daddy\dependency\sdk-vtk-9.4.2\build_msvc\io\geometry\iogeometry.dir\release\iogeometry.tlog\cl.write.1.tlog
d:\cybermed\daddy\dependency\sdk-vtk-9.4.2\build_msvc\io\geometry\iogeometry.dir\release\iogeometry.tlog\custombuild.command.1.tlog
d:\cybermed\daddy\dependency\sdk-vtk-9.4.2\build_msvc\io\geometry\iogeometry.dir\release\iogeometry.tlog\custombuild.read.1.tlog
d:\cybermed\daddy\dependency\sdk-vtk-9.4.2\build_msvc\io\geometry\iogeometry.dir\release\iogeometry.tlog\custombuild.write.1.tlog
d:\cybermed\daddy\dependency\sdk-vtk-9.4.2\build_msvc\io\geometry\iogeometry.dir\release\iogeometry.tlog\link.command.1.tlog
d:\cybermed\daddy\dependency\sdk-vtk-9.4.2\build_msvc\io\geometry\iogeometry.dir\release\iogeometry.tlog\link.read.1.tlog
d:\cybermed\daddy\dependency\sdk-vtk-9.4.2\build_msvc\io\geometry\iogeometry.dir\release\iogeometry.tlog\link.secondary.1.tlog
d:\cybermed\daddy\dependency\sdk-vtk-9.4.2\build_msvc\io\geometry\iogeometry.dir\release\iogeometry.tlog\link.write.1.tlog
