d:\cybermed\daddy\dependency\sdk-vtk-9.4.2\build_msvc\rendering\raytracing\renderingraytracing.dir\release\vtkospraywindownode.obj
d:\cybermed\daddy\dependency\sdk-vtk-9.4.2\build_msvc\rendering\raytracing\renderingraytracing.dir\release\vtkosprayvolumenode.obj
d:\cybermed\daddy\dependency\sdk-vtk-9.4.2\build_msvc\rendering\raytracing\renderingraytracing.dir\release\vtkosprayvolumemappernode.obj
d:\cybermed\daddy\dependency\sdk-vtk-9.4.2\build_msvc\rendering\raytracing\renderingraytracing.dir\release\vtkosprayvolumemapper.obj
d:\cybermed\daddy\dependency\sdk-vtk-9.4.2\build_msvc\rendering\raytracing\renderingraytracing.dir\release\vtkosprayviewnodefactory.obj
d:\cybermed\daddy\dependency\sdk-vtk-9.4.2\build_msvc\rendering\raytracing\renderingraytracing.dir\release\vtkosprayunstructuredvolumemappernode.obj
d:\cybermed\daddy\dependency\sdk-vtk-9.4.2\build_msvc\rendering\raytracing\renderingraytracing.dir\release\vtkosprayrenderernode.obj
d:\cybermed\daddy\dependency\sdk-vtk-9.4.2\build_msvc\rendering\raytracing\renderingraytracing.dir\release\vtkospraypointgaussianmappernode.obj
d:\cybermed\daddy\dependency\sdk-vtk-9.4.2\build_msvc\rendering\raytracing\renderingraytracing.dir\release\vtkospraypolydatamappernode.obj
d:\cybermed\daddy\dependency\sdk-vtk-9.4.2\build_msvc\rendering\raytracing\renderingraytracing.dir\release\vtkospraypass.obj
d:\cybermed\daddy\dependency\sdk-vtk-9.4.2\build_msvc\rendering\raytracing\renderingraytracing.dir\release\vtkospraymoleculemappernode.obj
d:\cybermed\daddy\dependency\sdk-vtk-9.4.2\build_msvc\rendering\raytracing\renderingraytracing.dir\release\vtkospraymateriallibrary.obj
d:\cybermed\daddy\dependency\sdk-vtk-9.4.2\build_msvc\rendering\raytracing\renderingraytracing.dir\release\vtkospraymaterialhelpers.obj
d:\cybermed\daddy\dependency\sdk-vtk-9.4.2\build_msvc\rendering\raytracing\renderingraytracing.dir\release\vtkospraylightnode.obj
d:\cybermed\daddy\dependency\sdk-vtk-9.4.2\build_msvc\rendering\raytracing\renderingraytracing.dir\release\vtkospraycompositepolydatamapper2node.obj
d:\cybermed\daddy\dependency\sdk-vtk-9.4.2\build_msvc\rendering\raytracing\renderingraytracing.dir\release\vtkospraycompositepolydatamappernode.obj
d:\cybermed\daddy\dependency\sdk-vtk-9.4.2\build_msvc\rendering\raytracing\renderingraytracing.dir\release\vtkospraycameranode.obj
d:\cybermed\daddy\dependency\sdk-vtk-9.4.2\build_msvc\rendering\raytracing\renderingraytracing.dir\release\vtkosprayamrvolumemappernode.obj
d:\cybermed\daddy\dependency\sdk-vtk-9.4.2\build_msvc\rendering\raytracing\renderingraytracing.dir\release\vtkosprayactornode.obj
d:\cybermed\daddy\dependency\sdk-vtk-9.4.2\build_msvc\rendering\raytracing\renderingraytracing.dir\release\vtkrenderingraytracingobjectfactory.obj
d:\cybermed\daddy\dependency\sdk-vtk-9.4.2\build_msvc\rendering\raytracing\renderingraytracing.dir\release\rtwrapper.obj
d:\cybermed\daddy\dependency\sdk-vtk-9.4.2\build_msvc\rendering\raytracing\cmakefiles\generate.stamp
d:\cybermed\daddy\dependency\sdk-vtk-9.4.2\build_msvc\bin\release\vtkrenderingraytracing-9.4.dll
d:\cybermed\daddy\dependency\sdk-vtk-9.4.2\build_msvc\lib\release\vtkrenderingraytracing-9.4.lib
d:\cybermed\daddy\dependency\sdk-vtk-9.4.2\build_msvc\lib\release\vtkrenderingraytracing-9.4.exp
d:\cybermed\daddy\dependency\sdk-vtk-9.4.2\build_msvc\rendering\raytracing\renderingraytracing.dir\release\renderin.917306d9.tlog\cl.command.1.tlog
d:\cybermed\daddy\dependency\sdk-vtk-9.4.2\build_msvc\rendering\raytracing\renderingraytracing.dir\release\renderin.917306d9.tlog\cl.items.tlog
d:\cybermed\daddy\dependency\sdk-vtk-9.4.2\build_msvc\rendering\raytracing\renderingraytracing.dir\release\renderin.917306d9.tlog\cl.read.1.tlog
d:\cybermed\daddy\dependency\sdk-vtk-9.4.2\build_msvc\rendering\raytracing\renderingraytracing.dir\release\renderin.917306d9.tlog\cl.write.1.tlog
d:\cybermed\daddy\dependency\sdk-vtk-9.4.2\build_msvc\rendering\raytracing\renderingraytracing.dir\release\renderin.917306d9.tlog\custombuild.command.1.tlog
d:\cybermed\daddy\dependency\sdk-vtk-9.4.2\build_msvc\rendering\raytracing\renderingraytracing.dir\release\renderin.917306d9.tlog\custombuild.read.1.tlog
d:\cybermed\daddy\dependency\sdk-vtk-9.4.2\build_msvc\rendering\raytracing\renderingraytracing.dir\release\renderin.917306d9.tlog\custombuild.write.1.tlog
d:\cybermed\daddy\dependency\sdk-vtk-9.4.2\build_msvc\rendering\raytracing\renderingraytracing.dir\release\renderin.917306d9.tlog\link.command.1.tlog
d:\cybermed\daddy\dependency\sdk-vtk-9.4.2\build_msvc\rendering\raytracing\renderingraytracing.dir\release\renderin.917306d9.tlog\link.read.1.tlog
d:\cybermed\daddy\dependency\sdk-vtk-9.4.2\build_msvc\rendering\raytracing\renderingraytracing.dir\release\renderin.917306d9.tlog\link.secondary.1.tlog
d:\cybermed\daddy\dependency\sdk-vtk-9.4.2\build_msvc\rendering\raytracing\renderingraytracing.dir\release\renderin.917306d9.tlog\link.write.1.tlog
