d:\cybermed\daddy\dependency\sdk-vtk-9.4.2\build_msvc\filters\core\filterscore.dir\release\vtkcleanpolydata.obj
d:\cybermed\daddy\dependency\sdk-vtk-9.4.2\build_msvc\filters\core\filterscore.dir\release\vtkcenterofmass.obj
d:\cybermed\daddy\dependency\sdk-vtk-9.4.2\build_msvc\filters\core\filterscore.dir\release\vtkcelldatatopointdata.obj
d:\cybermed\daddy\dependency\sdk-vtk-9.4.2\build_msvc\filters\core\filterscore.dir\release\vtkcellcenters.obj
d:\cybermed\daddy\dependency\sdk-vtk-9.4.2\build_msvc\filters\core\filterscore.dir\release\vtkbinneddecimation.obj
d:\cybermed\daddy\dependency\sdk-vtk-9.4.2\build_msvc\filters\core\filterscore.dir\release\vtkbincelldatafilter.obj
d:\cybermed\daddy\dependency\sdk-vtk-9.4.2\build_msvc\filters\core\filterscore.dir\release\vtkattributedatatotablefilter.obj
d:\cybermed\daddy\dependency\sdk-vtk-9.4.2\build_msvc\filters\core\filterscore.dir\release\vtkattributedatatofielddatafilter.obj
d:\cybermed\daddy\dependency\sdk-vtk-9.4.2\build_msvc\filters\core\filterscore.dir\release\vtkassignattribute.obj
d:\cybermed\daddy\dependency\sdk-vtk-9.4.2\build_msvc\filters\core\filterscore.dir\release\vtkarrayrename.obj
d:\cybermed\daddy\dependency\sdk-vtk-9.4.2\build_msvc\filters\core\filterscore.dir\release\vtkarraycalculator.obj
d:\cybermed\daddy\dependency\sdk-vtk-9.4.2\build_msvc\filters\core\filterscore.dir\release\vtkappendselection.obj
d:\cybermed\daddy\dependency\sdk-vtk-9.4.2\build_msvc\filters\core\filterscore.dir\release\vtkappendpolydata.obj
d:\cybermed\daddy\dependency\sdk-vtk-9.4.2\build_msvc\filters\core\filterscore.dir\release\vtkappendpartitioneddatasetcollection.obj
d:\cybermed\daddy\dependency\sdk-vtk-9.4.2\build_msvc\filters\core\filterscore.dir\release\vtkappendfilter.obj
d:\cybermed\daddy\dependency\sdk-vtk-9.4.2\build_msvc\filters\core\filterscore.dir\release\vtkappenddatasets.obj
d:\cybermed\daddy\dependency\sdk-vtk-9.4.2\build_msvc\filters\core\filterscore.dir\release\vtkappendcompositedataleaves.obj
d:\cybermed\daddy\dependency\sdk-vtk-9.4.2\build_msvc\filters\core\filterscore.dir\release\vtkappendarclength.obj
d:\cybermed\daddy\dependency\sdk-vtk-9.4.2\build_msvc\filters\core\filterscore.dir\release\vtk3dlineargridplanecutter.obj
d:\cybermed\daddy\dependency\sdk-vtk-9.4.2\build_msvc\filters\core\filterscore.dir\release\vtk3dlineargridcrinkleextractor.obj
d:\cybermed\daddy\dependency\sdk-vtk-9.4.2\build_msvc\filters\core\filterscore.dir\release\vtkdecimatepolylinedistancestrategy.obj
d:\cybermed\daddy\dependency\sdk-vtk-9.4.2\build_msvc\filters\core\filterscore.dir\release\vtkdecimatepolylinecustomfieldstrategy.obj
d:\cybermed\daddy\dependency\sdk-vtk-9.4.2\build_msvc\filters\core\filterscore.dir\release\vtkdecimatepolylineanglestrategy.obj
d:\cybermed\daddy\dependency\sdk-vtk-9.4.2\build_msvc\filters\core\filterscore.dir\release\vtkdatasettodataobjectfilter.obj
d:\cybermed\daddy\dependency\sdk-vtk-9.4.2\build_msvc\filters\core\filterscore.dir\release\vtkdatasetedgesubdivisioncriterion.obj
d:\cybermed\daddy\dependency\sdk-vtk-9.4.2\build_msvc\filters\core\filterscore.dir\release\vtkdataobjecttodatasetfilter.obj
d:\cybermed\daddy\dependency\sdk-vtk-9.4.2\build_msvc\filters\core\filterscore.dir\release\vtkdataobjectgenerator.obj
d:\cybermed\daddy\dependency\sdk-vtk-9.4.2\build_msvc\filters\core\filterscore.dir\release\vtkcutter.obj
d:\cybermed\daddy\dependency\sdk-vtk-9.4.2\build_msvc\filters\core\filterscore.dir\release\vtkconverttopolyhedra.obj
d:\cybermed\daddy\dependency\sdk-vtk-9.4.2\build_msvc\filters\core\filterscore.dir\release\vtkconverttopartitioneddatasetcollection.obj
d:\cybermed\daddy\dependency\sdk-vtk-9.4.2\build_msvc\filters\core\filterscore.dir\release\vtkconverttomultiblockdataset.obj
d:\cybermed\daddy\dependency\sdk-vtk-9.4.2\build_msvc\filters\core\filterscore.dir\release\vtkcontourhelper.obj
d:\cybermed\daddy\dependency\sdk-vtk-9.4.2\build_msvc\filters\core\filterscore.dir\release\vtkcontourgrid.obj
d:\cybermed\daddy\dependency\sdk-vtk-9.4.2\build_msvc\filters\core\filterscore.dir\release\vtkcontourfilter.obj
d:\cybermed\daddy\dependency\sdk-vtk-9.4.2\build_msvc\filters\core\filterscore.dir\release\vtkcontour3dlineargrid.obj
d:\cybermed\daddy\dependency\sdk-vtk-9.4.2\build_msvc\filters\core\filterscore.dir\release\vtkconstrainedsmoothingfilter.obj
d:\cybermed\daddy\dependency\sdk-vtk-9.4.2\build_msvc\filters\core\filterscore.dir\release\vtkconnectivityfilter.obj
d:\cybermed\daddy\dependency\sdk-vtk-9.4.2\build_msvc\filters\core\filterscore.dir\release\vtkcompositedataprobefilter.obj
d:\cybermed\daddy\dependency\sdk-vtk-9.4.2\build_msvc\filters\core\filterscore.dir\release\vtkcompositecutter.obj
d:\cybermed\daddy\dependency\sdk-vtk-9.4.2\build_msvc\filters\core\filterscore.dir\release\vtkclippolydata.obj
d:\cybermed\daddy\dependency\sdk-vtk-9.4.2\build_msvc\filters\core\filterscore.dir\release\vtkglyph2d.obj
d:\cybermed\daddy\dependency\sdk-vtk-9.4.2\build_msvc\filters\core\filterscore.dir\release\vtkgenerateids.obj
d:\cybermed\daddy\dependency\sdk-vtk-9.4.2\build_msvc\filters\core\filterscore.dir\release\vtkflyingedgesplanecutter.obj
d:\cybermed\daddy\dependency\sdk-vtk-9.4.2\build_msvc\filters\core\filterscore.dir\release\vtkflyingedges3d.obj
d:\cybermed\daddy\dependency\sdk-vtk-9.4.2\build_msvc\filters\core\filterscore.dir\release\vtkflyingedges2d.obj
d:\cybermed\daddy\dependency\sdk-vtk-9.4.2\build_msvc\filters\core\filterscore.dir\release\vtkfielddatatodatasetattribute.obj
d:\cybermed\daddy\dependency\sdk-vtk-9.4.2\build_msvc\filters\core\filterscore.dir\release\vtkfielddatatoattributedatafilter.obj
d:\cybermed\daddy\dependency\sdk-vtk-9.4.2\build_msvc\filters\core\filterscore.dir\release\vtkfeatureedges.obj
d:\cybermed\daddy\dependency\sdk-vtk-9.4.2\build_msvc\filters\core\filterscore.dir\release\vtkextractedges.obj
d:\cybermed\daddy\dependency\sdk-vtk-9.4.2\build_msvc\filters\core\filterscore.dir\release\vtkextractcellsalongpolyline.obj
d:\cybermed\daddy\dependency\sdk-vtk-9.4.2\build_msvc\filters\core\filterscore.dir\release\vtkextractcells.obj
d:\cybermed\daddy\dependency\sdk-vtk-9.4.2\build_msvc\filters\core\filterscore.dir\release\vtkexplicitstructuredgridtounstructuredgrid.obj
d:\cybermed\daddy\dependency\sdk-vtk-9.4.2\build_msvc\filters\core\filterscore.dir\release\vtkexplicitstructuredgridcrop.obj
d:\cybermed\daddy\dependency\sdk-vtk-9.4.2\build_msvc\filters\core\filterscore.dir\release\vtkexecutiontimer.obj
d:\cybermed\daddy\dependency\sdk-vtk-9.4.2\build_msvc\filters\core\filterscore.dir\release\vtkelevationfilter.obj
d:\cybermed\daddy\dependency\sdk-vtk-9.4.2\build_msvc\filters\core\filterscore.dir\release\vtkedgesubdivisioncriterion.obj
d:\cybermed\daddy\dependency\sdk-vtk-9.4.2\build_msvc\filters\core\filterscore.dir\release\vtkdelaunay3d.obj
d:\cybermed\daddy\dependency\sdk-vtk-9.4.2\build_msvc\filters\core\filterscore.dir\release\vtkdelaunay2d.obj
d:\cybermed\daddy\dependency\sdk-vtk-9.4.2\build_msvc\filters\core\filterscore.dir\release\vtkdecimatepro.obj
d:\cybermed\daddy\dependency\sdk-vtk-9.4.2\build_msvc\filters\core\filterscore.dir\release\vtkdecimatepolylinefilter.obj
d:\cybermed\daddy\dependency\sdk-vtk-9.4.2\build_msvc\filters\core\filterscore.dir\release\vtkmergefilter.obj
d:\cybermed\daddy\dependency\sdk-vtk-9.4.2\build_msvc\filters\core\filterscore.dir\release\vtkmergefields.obj
d:\cybermed\daddy\dependency\sdk-vtk-9.4.2\build_msvc\filters\core\filterscore.dir\release\vtkmergedataobjectfilter.obj
d:\cybermed\daddy\dependency\sdk-vtk-9.4.2\build_msvc\filters\core\filterscore.dir\release\vtkmassproperties.obj
d:\cybermed\daddy\dependency\sdk-vtk-9.4.2\build_msvc\filters\core\filterscore.dir\release\vtkmaskpolydata.obj
d:\cybermed\daddy\dependency\sdk-vtk-9.4.2\build_msvc\filters\core\filterscore.dir\release\vtkmaskpoints.obj
d:\cybermed\daddy\dependency\sdk-vtk-9.4.2\build_msvc\filters\core\filterscore.dir\release\vtkmaskfields.obj
d:\cybermed\daddy\dependency\sdk-vtk-9.4.2\build_msvc\filters\core\filterscore.dir\release\vtkmarchingsquares.obj
d:\cybermed\daddy\dependency\sdk-vtk-9.4.2\build_msvc\filters\core\filterscore.dir\release\vtkmarchingcubes.obj
d:\cybermed\daddy\dependency\sdk-vtk-9.4.2\build_msvc\filters\core\filterscore.dir\release\vtkimplicitprojectonplanedistance.obj
d:\cybermed\daddy\dependency\sdk-vtk-9.4.2\build_msvc\filters\core\filterscore.dir\release\vtkimplicitpolydatadistance.obj
d:\cybermed\daddy\dependency\sdk-vtk-9.4.2\build_msvc\filters\core\filterscore.dir\release\vtkimagedatatoexplicitstructuredgrid.obj
d:\cybermed\daddy\dependency\sdk-vtk-9.4.2\build_msvc\filters\core\filterscore.dir\release\vtkimageappend.obj
d:\cybermed\daddy\dependency\sdk-vtk-9.4.2\build_msvc\filters\core\filterscore.dir\release\vtkidfilter.obj
d:\cybermed\daddy\dependency\sdk-vtk-9.4.2\build_msvc\filters\core\filterscore.dir\release\vtkhypertreegridprobefilterutilities.obj
d:\cybermed\daddy\dependency\sdk-vtk-9.4.2\build_msvc\filters\core\filterscore.dir\release\vtkhypertreegridprobefilter.obj
d:\cybermed\daddy\dependency\sdk-vtk-9.4.2\build_msvc\filters\core\filterscore.dir\release\vtkhull.obj
d:\cybermed\daddy\dependency\sdk-vtk-9.4.2\build_msvc\filters\core\filterscore.dir\release\vtkhedgehog.obj
d:\cybermed\daddy\dependency\sdk-vtk-9.4.2\build_msvc\filters\core\filterscore.dir\release\vtkgridsynchronizedtemplates3d.obj
d:\cybermed\daddy\dependency\sdk-vtk-9.4.2\build_msvc\filters\core\filterscore.dir\release\vtkglyph3d.obj
d:\cybermed\daddy\dependency\sdk-vtk-9.4.2\build_msvc\filters\core\filterscore.dir\release\vtkremoveduplicatepolys.obj
d:\cybermed\daddy\dependency\sdk-vtk-9.4.2\build_msvc\filters\core\filterscore.dir\release\vtkrectilinearsynchronizedtemplates.obj
d:\cybermed\daddy\dependency\sdk-vtk-9.4.2\build_msvc\filters\core\filterscore.dir\release\vtkrearrangefields.obj
d:\cybermed\daddy\dependency\sdk-vtk-9.4.2\build_msvc\filters\core\filterscore.dir\release\vtkquadricdecimation.obj
d:\cybermed\daddy\dependency\sdk-vtk-9.4.2\build_msvc\filters\core\filterscore.dir\release\vtkquadricclustering.obj
d:\cybermed\daddy\dependency\sdk-vtk-9.4.2\build_msvc\filters\core\filterscore.dir\release\vtkprobefilter.obj
d:\cybermed\daddy\dependency\sdk-vtk-9.4.2\build_msvc\filters\core\filterscore.dir\release\vtkpolydatatounstructuredgrid.obj
d:\cybermed\daddy\dependency\sdk-vtk-9.4.2\build_msvc\filters\core\filterscore.dir\release\vtkpolydatatangents.obj
d:\cybermed\daddy\dependency\sdk-vtk-9.4.2\build_msvc\filters\core\filterscore.dir\release\vtkpolydataplanecutter.obj
d:\cybermed\daddy\dependency\sdk-vtk-9.4.2\build_msvc\filters\core\filterscore.dir\release\vtkpolydataplaneclipper.obj
d:\cybermed\daddy\dependency\sdk-vtk-9.4.2\build_msvc\filters\core\filterscore.dir\release\vtkpolydatanormals.obj
d:\cybermed\daddy\dependency\sdk-vtk-9.4.2\build_msvc\filters\core\filterscore.dir\release\vtkpolydataedgeconnectivityfilter.obj
d:\cybermed\daddy\dependency\sdk-vtk-9.4.2\build_msvc\filters\core\filterscore.dir\release\vtkpolydataconnectivityfilter.obj
d:\cybermed\daddy\dependency\sdk-vtk-9.4.2\build_msvc\filters\core\filterscore.dir\release\vtkpointdatatocelldata.obj
d:\cybermed\daddy\dependency\sdk-vtk-9.4.2\build_msvc\filters\core\filterscore.dir\release\vtkplanecutter.obj
d:\cybermed\daddy\dependency\sdk-vtk-9.4.2\build_msvc\filters\core\filterscore.dir\release\vtkpassthrough.obj
d:\cybermed\daddy\dependency\sdk-vtk-9.4.2\build_msvc\filters\core\filterscore.dir\release\vtkpacklabels.obj
d:\cybermed\daddy\dependency\sdk-vtk-9.4.2\build_msvc\filters\core\filterscore.dir\release\vtkorientpolydata.obj
d:\cybermed\daddy\dependency\sdk-vtk-9.4.2\build_msvc\filters\core\filterscore.dir\release\vtkmultiobjectmassproperties.obj
d:\cybermed\daddy\dependency\sdk-vtk-9.4.2\build_msvc\filters\core\filterscore.dir\release\vtkmoleculeappend.obj
d:\cybermed\daddy\dependency\sdk-vtk-9.4.2\build_msvc\filters\core\filterscore.dir\release\vtksynchronizedtemplates3d.obj
d:\cybermed\daddy\dependency\sdk-vtk-9.4.2\build_msvc\filters\core\filterscore.dir\release\vtksynchronizedtemplates2d.obj
d:\cybermed\daddy\dependency\sdk-vtk-9.4.2\build_msvc\filters\core\filterscore.dir\release\vtksurfacenets3d.obj
d:\cybermed\daddy\dependency\sdk-vtk-9.4.2\build_msvc\filters\core\filterscore.dir\release\vtksurfacenets2d.obj
d:\cybermed\daddy\dependency\sdk-vtk-9.4.2\build_msvc\filters\core\filterscore.dir\release\vtkstructuredgridoutlinefilter.obj
d:\cybermed\daddy\dependency\sdk-vtk-9.4.2\build_msvc\filters\core\filterscore.dir\release\vtkstructuredgridappend.obj
d:\cybermed\daddy\dependency\sdk-vtk-9.4.2\build_msvc\filters\core\filterscore.dir\release\vtkstripper.obj
d:\cybermed\daddy\dependency\sdk-vtk-9.4.2\build_msvc\filters\core\filterscore.dir\release\vtkstreamingtessellator.obj
d:\cybermed\daddy\dependency\sdk-vtk-9.4.2\build_msvc\filters\core\filterscore.dir\release\vtkstreamerbase.obj
d:\cybermed\daddy\dependency\sdk-vtk-9.4.2\build_msvc\filters\core\filterscore.dir\release\vtkstaticcleanunstructuredgrid.obj
d:\cybermed\daddy\dependency\sdk-vtk-9.4.2\build_msvc\filters\core\filterscore.dir\release\vtkstaticcleanpolydata.obj
d:\cybermed\daddy\dependency\sdk-vtk-9.4.2\build_msvc\filters\core\filterscore.dir\release\vtkstructureddataplanecutter.obj
d:\cybermed\daddy\dependency\sdk-vtk-9.4.2\build_msvc\filters\core\filterscore.dir\release\vtksplitsharpedgespolydata.obj
d:\cybermed\daddy\dependency\sdk-vtk-9.4.2\build_msvc\filters\core\filterscore.dir\release\vtkspheretreefilter.obj
d:\cybermed\daddy\dependency\sdk-vtk-9.4.2\build_msvc\filters\core\filterscore.dir\release\vtksmoothpolydatafilter.obj
d:\cybermed\daddy\dependency\sdk-vtk-9.4.2\build_msvc\filters\core\filterscore.dir\release\vtksimpleelevationfilter.obj
d:\cybermed\daddy\dependency\sdk-vtk-9.4.2\build_msvc\filters\core\filterscore.dir\release\vtkreversesense.obj
d:\cybermed\daddy\dependency\sdk-vtk-9.4.2\build_msvc\filters\core\filterscore.dir\release\vtkresamplewithdataset.obj
d:\cybermed\daddy\dependency\sdk-vtk-9.4.2\build_msvc\filters\core\filterscore.dir\release\vtkresampletoimage.obj
d:\cybermed\daddy\dependency\sdk-vtk-9.4.2\build_msvc\filters\core\filterscore.dir\release\vtkremoveunusedpoints.obj
d:\cybermed\daddy\dependency\sdk-vtk-9.4.2\build_msvc\filters\core\filterscore.dir\release\vtkwindowedsincpolydatafilter.obj
d:\cybermed\daddy\dependency\sdk-vtk-9.4.2\build_msvc\filters\core\filterscore.dir\release\vtkvoronoi2d.obj
d:\cybermed\daddy\dependency\sdk-vtk-9.4.2\build_msvc\filters\core\filterscore.dir\release\vtkvectornorm.obj
d:\cybermed\daddy\dependency\sdk-vtk-9.4.2\build_msvc\filters\core\filterscore.dir\release\vtkvectordot.obj
d:\cybermed\daddy\dependency\sdk-vtk-9.4.2\build_msvc\filters\core\filterscore.dir\release\vtkunstructuredgridtoexplicitstructuredgrid.obj
d:\cybermed\daddy\dependency\sdk-vtk-9.4.2\build_msvc\filters\core\filterscore.dir\release\vtkunstructuredgridquadricdecimation.obj
d:\cybermed\daddy\dependency\sdk-vtk-9.4.2\build_msvc\filters\core\filterscore.dir\release\vtktubefilter.obj
d:\cybermed\daddy\dependency\sdk-vtk-9.4.2\build_msvc\filters\core\filterscore.dir\release\vtktubebender.obj
d:\cybermed\daddy\dependency\sdk-vtk-9.4.2\build_msvc\filters\core\filterscore.dir\release\vtktrianglemeshpointnormals.obj
d:\cybermed\daddy\dependency\sdk-vtk-9.4.2\build_msvc\filters\core\filterscore.dir\release\vtktrianglefilter.obj
d:\cybermed\daddy\dependency\sdk-vtk-9.4.2\build_msvc\filters\core\filterscore.dir\release\vtktransposetable.obj
d:\cybermed\daddy\dependency\sdk-vtk-9.4.2\build_msvc\filters\core\filterscore.dir\release\vtkthresholdpoints.obj
d:\cybermed\daddy\dependency\sdk-vtk-9.4.2\build_msvc\filters\core\filterscore.dir\release\vtkthreshold.obj
d:\cybermed\daddy\dependency\sdk-vtk-9.4.2\build_msvc\filters\core\filterscore.dir\release\vtktensorglyph.obj
d:\cybermed\daddy\dependency\sdk-vtk-9.4.2\build_msvc\filters\core\filterscore.dir\release\vtksynchronizedtemplatescutter3d.obj
d:\cybermed\daddy\dependency\sdk-vtk-9.4.2\build_msvc\filters\core\cmakefiles\generate.stamp
d:\cybermed\daddy\dependency\sdk-vtk-9.4.2\build_msvc\bin\release\vtkfilterscore-9.4.dll
d:\cybermed\daddy\dependency\sdk-vtk-9.4.2\build_msvc\lib\release\vtkfilterscore-9.4.lib
d:\cybermed\daddy\dependency\sdk-vtk-9.4.2\build_msvc\lib\release\vtkfilterscore-9.4.exp
d:\cybermed\daddy\dependency\sdk-vtk-9.4.2\build_msvc\filters\core\filterscore.dir\release\filterscore.tlog\cl.command.1.tlog
d:\cybermed\daddy\dependency\sdk-vtk-9.4.2\build_msvc\filters\core\filterscore.dir\release\filterscore.tlog\cl.items.tlog
d:\cybermed\daddy\dependency\sdk-vtk-9.4.2\build_msvc\filters\core\filterscore.dir\release\filterscore.tlog\cl.read.1.tlog
d:\cybermed\daddy\dependency\sdk-vtk-9.4.2\build_msvc\filters\core\filterscore.dir\release\filterscore.tlog\cl.write.1.tlog
d:\cybermed\daddy\dependency\sdk-vtk-9.4.2\build_msvc\filters\core\filterscore.dir\release\filterscore.tlog\custombuild.command.1.tlog
d:\cybermed\daddy\dependency\sdk-vtk-9.4.2\build_msvc\filters\core\filterscore.dir\release\filterscore.tlog\custombuild.read.1.tlog
d:\cybermed\daddy\dependency\sdk-vtk-9.4.2\build_msvc\filters\core\filterscore.dir\release\filterscore.tlog\custombuild.write.1.tlog
d:\cybermed\daddy\dependency\sdk-vtk-9.4.2\build_msvc\filters\core\filterscore.dir\release\filterscore.tlog\link.command.1.tlog
d:\cybermed\daddy\dependency\sdk-vtk-9.4.2\build_msvc\filters\core\filterscore.dir\release\filterscore.tlog\link.read.1.tlog
d:\cybermed\daddy\dependency\sdk-vtk-9.4.2\build_msvc\filters\core\filterscore.dir\release\filterscore.tlog\link.secondary.1.tlog
d:\cybermed\daddy\dependency\sdk-vtk-9.4.2\build_msvc\filters\core\filterscore.dir\release\filterscore.tlog\link.write.1.tlog
