d:\cybermed\daddy\dependency\sdk-vtk-9.4.2\build_msvc\lib\debug\vtkfilterssources-9.4d.pdb
d:\cybermed\daddy\dependency\sdk-vtk-9.4.2\build_msvc\filters\sources\filterssources.dir\debug\vtklinesource.obj
d:\cybermed\daddy\dependency\sdk-vtk-9.4.2\build_msvc\filters\sources\filterssources.dir\debug\vtkhypertreegridsource.obj
d:\cybermed\daddy\dependency\sdk-vtk-9.4.2\build_msvc\filters\sources\filterssources.dir\debug\vtkhypertreegridpreconfiguredsource.obj
d:\cybermed\daddy\dependency\sdk-vtk-9.4.2\build_msvc\filters\sources\filterssources.dir\debug\vtkhandlesource.obj
d:\cybermed\daddy\dependency\sdk-vtk-9.4.2\build_msvc\filters\sources\filterssources.dir\debug\vtkgraphtopolydata.obj
d:\cybermed\daddy\dependency\sdk-vtk-9.4.2\build_msvc\filters\sources\filterssources.dir\debug\vtkgoldenballsource.obj
d:\cybermed\daddy\dependency\sdk-vtk-9.4.2\build_msvc\filters\sources\filterssources.dir\debug\vtkglyphsource2d.obj
d:\cybermed\daddy\dependency\sdk-vtk-9.4.2\build_msvc\filters\sources\filterssources.dir\debug\vtkfrustumsource.obj
d:\cybermed\daddy\dependency\sdk-vtk-9.4.2\build_msvc\filters\sources\filterssources.dir\debug\vtkellipticalbuttonsource.obj
d:\cybermed\daddy\dependency\sdk-vtk-9.4.2\build_msvc\filters\sources\filterssources.dir\debug\vtkellipsearcsource.obj
d:\cybermed\daddy\dependency\sdk-vtk-9.4.2\build_msvc\filters\sources\filterssources.dir\debug\vtkdisksource.obj
d:\cybermed\daddy\dependency\sdk-vtk-9.4.2\build_msvc\filters\sources\filterssources.dir\debug\vtkdiagonalmatrixsource.obj
d:\cybermed\daddy\dependency\sdk-vtk-9.4.2\build_msvc\filters\sources\filterssources.dir\debug\vtkcylindersource.obj
d:\cybermed\daddy\dependency\sdk-vtk-9.4.2\build_msvc\filters\sources\filterssources.dir\debug\vtkcubesource.obj
d:\cybermed\daddy\dependency\sdk-vtk-9.4.2\build_msvc\filters\sources\filterssources.dir\debug\vtkconesource.obj
d:\cybermed\daddy\dependency\sdk-vtk-9.4.2\build_msvc\filters\sources\filterssources.dir\debug\vtkcelltypesource.obj
d:\cybermed\daddy\dependency\sdk-vtk-9.4.2\build_msvc\filters\sources\filterssources.dir\debug\vtkcapsulesource.obj
d:\cybermed\daddy\dependency\sdk-vtk-9.4.2\build_msvc\filters\sources\filterssources.dir\debug\vtkbuttonsource.obj
d:\cybermed\daddy\dependency\sdk-vtk-9.4.2\build_msvc\filters\sources\filterssources.dir\debug\vtkarrowsource.obj
d:\cybermed\daddy\dependency\sdk-vtk-9.4.2\build_msvc\filters\sources\filterssources.dir\debug\vtkarcsource.obj
d:\cybermed\daddy\dependency\sdk-vtk-9.4.2\build_msvc\filters\sources\filterssources.dir\debug\vtkspheresource.obj
d:\cybermed\daddy\dependency\sdk-vtk-9.4.2\build_msvc\filters\sources\filterssources.dir\debug\vtkspatiotemporalharmonicssource.obj
d:\cybermed\daddy\dependency\sdk-vtk-9.4.2\build_msvc\filters\sources\filterssources.dir\debug\vtkselectionsource.obj
d:\cybermed\daddy\dependency\sdk-vtk-9.4.2\build_msvc\filters\sources\filterssources.dir\debug\vtkregularpolygonsource.obj
d:\cybermed\daddy\dependency\sdk-vtk-9.4.2\build_msvc\filters\sources\filterssources.dir\debug\vtkrectangularbuttonsource.obj
d:\cybermed\daddy\dependency\sdk-vtk-9.4.2\build_msvc\filters\sources\filterssources.dir\debug\vtkrandomhypertreegridsource.obj
d:\cybermed\daddy\dependency\sdk-vtk-9.4.2\build_msvc\filters\sources\filterssources.dir\debug\vtkprogrammablesource.obj
d:\cybermed\daddy\dependency\sdk-vtk-9.4.2\build_msvc\filters\sources\filterssources.dir\debug\vtkprogrammabledataobjectsource.obj
d:\cybermed\daddy\dependency\sdk-vtk-9.4.2\build_msvc\filters\sources\filterssources.dir\debug\vtkpolypointsource.obj
d:\cybermed\daddy\dependency\sdk-vtk-9.4.2\build_msvc\filters\sources\filterssources.dir\debug\vtkpolylinesource.obj
d:\cybermed\daddy\dependency\sdk-vtk-9.4.2\build_msvc\filters\sources\filterssources.dir\debug\vtkpointsource.obj
d:\cybermed\daddy\dependency\sdk-vtk-9.4.2\build_msvc\filters\sources\filterssources.dir\debug\vtkpointhandlesource.obj
d:\cybermed\daddy\dependency\sdk-vtk-9.4.2\build_msvc\filters\sources\filterssources.dir\debug\vtkplatonicsolidsource.obj
d:\cybermed\daddy\dependency\sdk-vtk-9.4.2\build_msvc\filters\sources\filterssources.dir\debug\vtkplanesource.obj
d:\cybermed\daddy\dependency\sdk-vtk-9.4.2\build_msvc\filters\sources\filterssources.dir\debug\vtkpartitioneddatasetcollectionsource.obj
d:\cybermed\daddy\dependency\sdk-vtk-9.4.2\build_msvc\filters\sources\filterssources.dir\debug\vtkpartitioneddatasetsource.obj
d:\cybermed\daddy\dependency\sdk-vtk-9.4.2\build_msvc\filters\sources\filterssources.dir\debug\vtkparametricfunctionsource.obj
d:\cybermed\daddy\dependency\sdk-vtk-9.4.2\build_msvc\filters\sources\filterssources.dir\debug\vtkoutlinesource.obj
d:\cybermed\daddy\dependency\sdk-vtk-9.4.2\build_msvc\filters\sources\filterssources.dir\debug\vtkoutlinecornersource.obj
d:\cybermed\daddy\dependency\sdk-vtk-9.4.2\build_msvc\filters\sources\filterssources.dir\debug\vtkoutlinecornerfilter.obj
d:\cybermed\daddy\dependency\sdk-vtk-9.4.2\build_msvc\filters\sources\filterssources.dir\debug\vtkuniformhypertreegridsource.obj
d:\cybermed\daddy\dependency\sdk-vtk-9.4.2\build_msvc\filters\sources\filterssources.dir\debug\vtktexturedspheresource.obj
d:\cybermed\daddy\dependency\sdk-vtk-9.4.2\build_msvc\filters\sources\filterssources.dir\debug\vtktextsource.obj
d:\cybermed\daddy\dependency\sdk-vtk-9.4.2\build_msvc\filters\sources\filterssources.dir\debug\vtktessellatedboxsource.obj
d:\cybermed\daddy\dependency\sdk-vtk-9.4.2\build_msvc\filters\sources\filterssources.dir\debug\vtksuperquadricsource.obj
d:\cybermed\daddy\dependency\sdk-vtk-9.4.2\build_msvc\filters\sources\filterssources.dir\debug\vc143.pdb
d:\cybermed\daddy\dependency\sdk-vtk-9.4.2\build_msvc\filters\sources\cmakefiles\generate.stamp
d:\cybermed\daddy\dependency\sdk-vtk-9.4.2\build_msvc\lib\debug\vtkfilterssources-9.4d.lib
d:\cybermed\daddy\dependency\sdk-vtk-9.4.2\build_msvc\bin\debug\vtkfilterssources-9.4d.dll
d:\cybermed\daddy\dependency\sdk-vtk-9.4.2\build_msvc\bin\debug\vtkfilterssources-9.4d.pdb
d:\cybermed\daddy\dependency\sdk-vtk-9.4.2\build_msvc\lib\debug\vtkfilterssources-9.4d.exp
d:\cybermed\daddy\dependency\sdk-vtk-9.4.2\build_msvc\filters\sources\filterssources.dir\debug\vtkfilterssources-9.4d.ilk
d:\cybermed\daddy\dependency\sdk-vtk-9.4.2\build_msvc\filters\sources\filterssources.dir\debug\filterssources.tlog\cl.command.1.tlog
d:\cybermed\daddy\dependency\sdk-vtk-9.4.2\build_msvc\filters\sources\filterssources.dir\debug\filterssources.tlog\cl.items.tlog
d:\cybermed\daddy\dependency\sdk-vtk-9.4.2\build_msvc\filters\sources\filterssources.dir\debug\filterssources.tlog\cl.read.1.tlog
d:\cybermed\daddy\dependency\sdk-vtk-9.4.2\build_msvc\filters\sources\filterssources.dir\debug\filterssources.tlog\cl.write.1.tlog
d:\cybermed\daddy\dependency\sdk-vtk-9.4.2\build_msvc\filters\sources\filterssources.dir\debug\filterssources.tlog\custombuild.command.1.tlog
d:\cybermed\daddy\dependency\sdk-vtk-9.4.2\build_msvc\filters\sources\filterssources.dir\debug\filterssources.tlog\custombuild.read.1.tlog
d:\cybermed\daddy\dependency\sdk-vtk-9.4.2\build_msvc\filters\sources\filterssources.dir\debug\filterssources.tlog\custombuild.write.1.tlog
d:\cybermed\daddy\dependency\sdk-vtk-9.4.2\build_msvc\filters\sources\filterssources.dir\debug\filterssources.tlog\lib-link.read.1.tlog
d:\cybermed\daddy\dependency\sdk-vtk-9.4.2\build_msvc\filters\sources\filterssources.dir\debug\filterssources.tlog\lib-link.write.1.tlog
d:\cybermed\daddy\dependency\sdk-vtk-9.4.2\build_msvc\filters\sources\filterssources.dir\debug\filterssources.tlog\lib.command.1.tlog
d:\cybermed\daddy\dependency\sdk-vtk-9.4.2\build_msvc\filters\sources\filterssources.dir\debug\filterssources.tlog\link.command.1.tlog
d:\cybermed\daddy\dependency\sdk-vtk-9.4.2\build_msvc\filters\sources\filterssources.dir\debug\filterssources.tlog\link.read.1.tlog
d:\cybermed\daddy\dependency\sdk-vtk-9.4.2\build_msvc\filters\sources\filterssources.dir\debug\filterssources.tlog\link.secondary.1.tlog
d:\cybermed\daddy\dependency\sdk-vtk-9.4.2\build_msvc\filters\sources\filterssources.dir\debug\filterssources.tlog\link.write.1.tlog
