  Building Custom Rule D:/cybermed/daddy/dependency/sdk-VTK-9.4.2/Filters/Points/CMakeLists.txt
  vtkBoundedPointSource.cxx
  vtkConnectedPointsFilter.cxx
  vtkConvertToPointCloud.cxx
  vtkDensifyPointCloudFilter.cxx
  vtkEllipsoidalGaussianKernel.cxx
  vtkEuclideanClusterExtraction.cxx
  vtkExtractEnclosedPoints.cxx
  vtkExtractHierarchicalBins.cxx
  vtkExtractPointCloudPiece.cxx
  vtkExtractPoints.cxx
  vtkExtractSurface.cxx
  vtkFitImplicitFunction.cxx
  vtkGaussianKernel.cxx
  vtkGeneralizedKernel.cxx
  vtkHierarchicalBinningFilter.cxx
  vtkInterpolationKernel.cxx
  vtkLinearKernel.cxx
  vtkMaskPointsFilter.cxx
  vtkPCACurvatureEstimation.cxx
  vtkPCANormalEstimation.cxx
  코드를 생성하고 있습니다...
  컴파일하고 있습니다...
  vtkPointCloudFilter.cxx
  vtkPointDensityFilter.cxx
  vtkPointInterpolator.cxx
  vtkPointInterpolator2D.cxx
  vtkPointOccupancyFilter.cxx
  vtkPointSmoothingFilter.cxx
  vtkPoissonDiskSampler.cxx
  vtkProbabilisticVoronoiKernel.cxx
  vtkProjectPointsToPlane.cxx
  vtkRadiusOutlierRemoval.cxx
  vtkSPHCubicKernel.cxx
  vtkSPHInterpolator.cxx
  vtkSPHKernel.cxx
  vtkSPHQuarticKernel.cxx
  vtkSPHQuinticKernel.cxx
  vtkShepardKernel.cxx
  vtkSignedDistance.cxx
  vtkStatisticalOutlierRemoval.cxx
  vtkUnsignedDistance.cxx
  vtkVoronoiKernel.cxx
  코드를 생성하고 있습니다...
  컴파일하고 있습니다...
  vtkVoxelGrid.cxx
  vtkWendlandQuinticKernel.cxx
  코드를 생성하고 있습니다...
     D:/cybermed/daddy/dependency/sdk-VTK-9.4.2/build_msvc/lib/Debug/vtkFiltersPoints-9.4d.lib 라이브러리 및 D:/cybermed/daddy/dependency/sdk-VTK-9.4.2/build_msvc/lib/Debug/vtkFiltersPoints-9.4d.exp 개체를 생성하고 있습니다.
  FiltersPoints.vcxproj -> D:\cybermed\daddy\dependency\sdk-VTK-9.4.2\build_msvc\bin\Debug\vtkFiltersPoints-9.4d.dll
