d:\cybermed\daddy\dependency\sdk-vtk-9.4.2\build_msvc\lib\debug\vtkfilterspoints-9.4d.pdb
d:\cybermed\daddy\dependency\sdk-vtk-9.4.2\build_msvc\filters\points\filterspoints.dir\debug\vtkpcanormalestimation.obj
d:\cybermed\daddy\dependency\sdk-vtk-9.4.2\build_msvc\filters\points\filterspoints.dir\debug\vtkpcacurvatureestimation.obj
d:\cybermed\daddy\dependency\sdk-vtk-9.4.2\build_msvc\filters\points\filterspoints.dir\debug\vtkmaskpointsfilter.obj
d:\cybermed\daddy\dependency\sdk-vtk-9.4.2\build_msvc\filters\points\filterspoints.dir\debug\vtklinearkernel.obj
d:\cybermed\daddy\dependency\sdk-vtk-9.4.2\build_msvc\filters\points\filterspoints.dir\debug\vtkinterpolationkernel.obj
d:\cybermed\daddy\dependency\sdk-vtk-9.4.2\build_msvc\filters\points\filterspoints.dir\debug\vtkhierarchicalbinningfilter.obj
d:\cybermed\daddy\dependency\sdk-vtk-9.4.2\build_msvc\filters\points\filterspoints.dir\debug\vtkgeneralizedkernel.obj
d:\cybermed\daddy\dependency\sdk-vtk-9.4.2\build_msvc\filters\points\filterspoints.dir\debug\vtkgaussiankernel.obj
d:\cybermed\daddy\dependency\sdk-vtk-9.4.2\build_msvc\filters\points\filterspoints.dir\debug\vtkfitimplicitfunction.obj
d:\cybermed\daddy\dependency\sdk-vtk-9.4.2\build_msvc\filters\points\filterspoints.dir\debug\vtkextractsurface.obj
d:\cybermed\daddy\dependency\sdk-vtk-9.4.2\build_msvc\filters\points\filterspoints.dir\debug\vtkextractpoints.obj
d:\cybermed\daddy\dependency\sdk-vtk-9.4.2\build_msvc\filters\points\filterspoints.dir\debug\vtkextractpointcloudpiece.obj
d:\cybermed\daddy\dependency\sdk-vtk-9.4.2\build_msvc\filters\points\filterspoints.dir\debug\vtkextracthierarchicalbins.obj
d:\cybermed\daddy\dependency\sdk-vtk-9.4.2\build_msvc\filters\points\filterspoints.dir\debug\vtkextractenclosedpoints.obj
d:\cybermed\daddy\dependency\sdk-vtk-9.4.2\build_msvc\filters\points\filterspoints.dir\debug\vtkeuclideanclusterextraction.obj
d:\cybermed\daddy\dependency\sdk-vtk-9.4.2\build_msvc\filters\points\filterspoints.dir\debug\vtkellipsoidalgaussiankernel.obj
d:\cybermed\daddy\dependency\sdk-vtk-9.4.2\build_msvc\filters\points\filterspoints.dir\debug\vtkdensifypointcloudfilter.obj
d:\cybermed\daddy\dependency\sdk-vtk-9.4.2\build_msvc\filters\points\filterspoints.dir\debug\vtkconverttopointcloud.obj
d:\cybermed\daddy\dependency\sdk-vtk-9.4.2\build_msvc\filters\points\filterspoints.dir\debug\vtkconnectedpointsfilter.obj
d:\cybermed\daddy\dependency\sdk-vtk-9.4.2\build_msvc\filters\points\filterspoints.dir\debug\vtkboundedpointsource.obj
d:\cybermed\daddy\dependency\sdk-vtk-9.4.2\build_msvc\filters\points\filterspoints.dir\debug\vtkvoronoikernel.obj
d:\cybermed\daddy\dependency\sdk-vtk-9.4.2\build_msvc\filters\points\filterspoints.dir\debug\vtkunsigneddistance.obj
d:\cybermed\daddy\dependency\sdk-vtk-9.4.2\build_msvc\filters\points\filterspoints.dir\debug\vtkstatisticaloutlierremoval.obj
d:\cybermed\daddy\dependency\sdk-vtk-9.4.2\build_msvc\filters\points\filterspoints.dir\debug\vtksigneddistance.obj
d:\cybermed\daddy\dependency\sdk-vtk-9.4.2\build_msvc\filters\points\filterspoints.dir\debug\vtkshepardkernel.obj
d:\cybermed\daddy\dependency\sdk-vtk-9.4.2\build_msvc\filters\points\filterspoints.dir\debug\vtksphquintickernel.obj
d:\cybermed\daddy\dependency\sdk-vtk-9.4.2\build_msvc\filters\points\filterspoints.dir\debug\vtksphquartickernel.obj
d:\cybermed\daddy\dependency\sdk-vtk-9.4.2\build_msvc\filters\points\filterspoints.dir\debug\vtksphkernel.obj
d:\cybermed\daddy\dependency\sdk-vtk-9.4.2\build_msvc\filters\points\filterspoints.dir\debug\vtksphinterpolator.obj
d:\cybermed\daddy\dependency\sdk-vtk-9.4.2\build_msvc\filters\points\filterspoints.dir\debug\vtksphcubickernel.obj
d:\cybermed\daddy\dependency\sdk-vtk-9.4.2\build_msvc\filters\points\filterspoints.dir\debug\vtkradiusoutlierremoval.obj
d:\cybermed\daddy\dependency\sdk-vtk-9.4.2\build_msvc\filters\points\filterspoints.dir\debug\vtkprojectpointstoplane.obj
d:\cybermed\daddy\dependency\sdk-vtk-9.4.2\build_msvc\filters\points\filterspoints.dir\debug\vtkprobabilisticvoronoikernel.obj
d:\cybermed\daddy\dependency\sdk-vtk-9.4.2\build_msvc\filters\points\filterspoints.dir\debug\vtkpoissondisksampler.obj
d:\cybermed\daddy\dependency\sdk-vtk-9.4.2\build_msvc\filters\points\filterspoints.dir\debug\vtkpointsmoothingfilter.obj
d:\cybermed\daddy\dependency\sdk-vtk-9.4.2\build_msvc\filters\points\filterspoints.dir\debug\vtkpointoccupancyfilter.obj
d:\cybermed\daddy\dependency\sdk-vtk-9.4.2\build_msvc\filters\points\filterspoints.dir\debug\vtkpointinterpolator2d.obj
d:\cybermed\daddy\dependency\sdk-vtk-9.4.2\build_msvc\filters\points\filterspoints.dir\debug\vtkpointinterpolator.obj
d:\cybermed\daddy\dependency\sdk-vtk-9.4.2\build_msvc\filters\points\filterspoints.dir\debug\vtkpointdensityfilter.obj
d:\cybermed\daddy\dependency\sdk-vtk-9.4.2\build_msvc\filters\points\filterspoints.dir\debug\vtkpointcloudfilter.obj
d:\cybermed\daddy\dependency\sdk-vtk-9.4.2\build_msvc\filters\points\filterspoints.dir\debug\vtkwendlandquintickernel.obj
d:\cybermed\daddy\dependency\sdk-vtk-9.4.2\build_msvc\filters\points\filterspoints.dir\debug\vtkvoxelgrid.obj
d:\cybermed\daddy\dependency\sdk-vtk-9.4.2\build_msvc\filters\points\filterspoints.dir\debug\vc143.pdb
d:\cybermed\daddy\dependency\sdk-vtk-9.4.2\build_msvc\filters\points\cmakefiles\generate.stamp
d:\cybermed\daddy\dependency\sdk-vtk-9.4.2\build_msvc\lib\debug\vtkfilterspoints-9.4d.lib
d:\cybermed\daddy\dependency\sdk-vtk-9.4.2\build_msvc\bin\debug\vtkfilterspoints-9.4d.dll
d:\cybermed\daddy\dependency\sdk-vtk-9.4.2\build_msvc\bin\debug\vtkfilterspoints-9.4d.pdb
d:\cybermed\daddy\dependency\sdk-vtk-9.4.2\build_msvc\lib\debug\vtkfilterspoints-9.4d.exp
d:\cybermed\daddy\dependency\sdk-vtk-9.4.2\build_msvc\filters\points\filterspoints.dir\debug\vtkfilterspoints-9.4d.ilk
d:\cybermed\daddy\dependency\sdk-vtk-9.4.2\build_msvc\filters\points\filterspoints.dir\debug\filterspoints.tlog\cl.command.1.tlog
d:\cybermed\daddy\dependency\sdk-vtk-9.4.2\build_msvc\filters\points\filterspoints.dir\debug\filterspoints.tlog\cl.items.tlog
d:\cybermed\daddy\dependency\sdk-vtk-9.4.2\build_msvc\filters\points\filterspoints.dir\debug\filterspoints.tlog\cl.read.1.tlog
d:\cybermed\daddy\dependency\sdk-vtk-9.4.2\build_msvc\filters\points\filterspoints.dir\debug\filterspoints.tlog\cl.write.1.tlog
d:\cybermed\daddy\dependency\sdk-vtk-9.4.2\build_msvc\filters\points\filterspoints.dir\debug\filterspoints.tlog\custombuild.command.1.tlog
d:\cybermed\daddy\dependency\sdk-vtk-9.4.2\build_msvc\filters\points\filterspoints.dir\debug\filterspoints.tlog\custombuild.read.1.tlog
d:\cybermed\daddy\dependency\sdk-vtk-9.4.2\build_msvc\filters\points\filterspoints.dir\debug\filterspoints.tlog\custombuild.write.1.tlog
d:\cybermed\daddy\dependency\sdk-vtk-9.4.2\build_msvc\filters\points\filterspoints.dir\debug\filterspoints.tlog\lib-link.read.1.tlog
d:\cybermed\daddy\dependency\sdk-vtk-9.4.2\build_msvc\filters\points\filterspoints.dir\debug\filterspoints.tlog\lib-link.write.1.tlog
d:\cybermed\daddy\dependency\sdk-vtk-9.4.2\build_msvc\filters\points\filterspoints.dir\debug\filterspoints.tlog\lib.command.1.tlog
d:\cybermed\daddy\dependency\sdk-vtk-9.4.2\build_msvc\filters\points\filterspoints.dir\debug\filterspoints.tlog\link.command.1.tlog
d:\cybermed\daddy\dependency\sdk-vtk-9.4.2\build_msvc\filters\points\filterspoints.dir\debug\filterspoints.tlog\link.read.1.tlog
d:\cybermed\daddy\dependency\sdk-vtk-9.4.2\build_msvc\filters\points\filterspoints.dir\debug\filterspoints.tlog\link.secondary.1.tlog
d:\cybermed\daddy\dependency\sdk-vtk-9.4.2\build_msvc\filters\points\filterspoints.dir\debug\filterspoints.tlog\link.write.1.tlog
