d:\cybermed\daddy\dependency\sdk-vtk-9.4.2\build_msvc\lib\debug\vtkiohdf-9.4d.pdb
d:\cybermed\daddy\dependency\sdk-vtk-9.4.2\build_msvc\io\hdf\iohdf.dir\debug\vtkhdfwriterimplementation.obj
d:\cybermed\daddy\dependency\sdk-vtk-9.4.2\build_msvc\io\hdf\iohdf.dir\debug\vtkhdfreaderimplementation.obj
d:\cybermed\daddy\dependency\sdk-vtk-9.4.2\build_msvc\io\hdf\iohdf.dir\debug\vtkhdfutilities.obj
d:\cybermed\daddy\dependency\sdk-vtk-9.4.2\build_msvc\io\hdf\iohdf.dir\debug\vtkhdfwriter.obj
d:\cybermed\daddy\dependency\sdk-vtk-9.4.2\build_msvc\io\hdf\iohdf.dir\debug\vtkhdfreader.obj
d:\cybermed\daddy\dependency\sdk-vtk-9.4.2\build_msvc\io\hdf\iohdf.dir\debug\vc143.pdb
d:\cybermed\daddy\dependency\sdk-vtk-9.4.2\build_msvc\io\hdf\cmakefiles\generate.stamp
d:\cybermed\daddy\dependency\sdk-vtk-9.4.2\build_msvc\lib\debug\vtkiohdf-9.4d.lib
d:\cybermed\daddy\dependency\sdk-vtk-9.4.2\build_msvc\bin\debug\vtkiohdf-9.4d.dll
d:\cybermed\daddy\dependency\sdk-vtk-9.4.2\build_msvc\bin\debug\vtkiohdf-9.4d.pdb
d:\cybermed\daddy\dependency\sdk-vtk-9.4.2\build_msvc\lib\debug\vtkiohdf-9.4d.exp
d:\cybermed\daddy\dependency\sdk-vtk-9.4.2\build_msvc\io\hdf\iohdf.dir\debug\vtkiohdf-9.4d.ilk
d:\cybermed\daddy\dependency\sdk-vtk-9.4.2\build_msvc\io\hdf\iohdf.dir\debug\iohdf.tlog\cl.command.1.tlog
d:\cybermed\daddy\dependency\sdk-vtk-9.4.2\build_msvc\io\hdf\iohdf.dir\debug\iohdf.tlog\cl.items.tlog
d:\cybermed\daddy\dependency\sdk-vtk-9.4.2\build_msvc\io\hdf\iohdf.dir\debug\iohdf.tlog\cl.read.1.tlog
d:\cybermed\daddy\dependency\sdk-vtk-9.4.2\build_msvc\io\hdf\iohdf.dir\debug\iohdf.tlog\cl.write.1.tlog
d:\cybermed\daddy\dependency\sdk-vtk-9.4.2\build_msvc\io\hdf\iohdf.dir\debug\iohdf.tlog\custombuild.command.1.tlog
d:\cybermed\daddy\dependency\sdk-vtk-9.4.2\build_msvc\io\hdf\iohdf.dir\debug\iohdf.tlog\custombuild.read.1.tlog
d:\cybermed\daddy\dependency\sdk-vtk-9.4.2\build_msvc\io\hdf\iohdf.dir\debug\iohdf.tlog\custombuild.write.1.tlog
d:\cybermed\daddy\dependency\sdk-vtk-9.4.2\build_msvc\io\hdf\iohdf.dir\debug\iohdf.tlog\lib-link.read.1.tlog
d:\cybermed\daddy\dependency\sdk-vtk-9.4.2\build_msvc\io\hdf\iohdf.dir\debug\iohdf.tlog\lib-link.write.1.tlog
d:\cybermed\daddy\dependency\sdk-vtk-9.4.2\build_msvc\io\hdf\iohdf.dir\debug\iohdf.tlog\lib.command.1.tlog
d:\cybermed\daddy\dependency\sdk-vtk-9.4.2\build_msvc\io\hdf\iohdf.dir\debug\iohdf.tlog\link.command.1.tlog
d:\cybermed\daddy\dependency\sdk-vtk-9.4.2\build_msvc\io\hdf\iohdf.dir\debug\iohdf.tlog\link.read.1.tlog
d:\cybermed\daddy\dependency\sdk-vtk-9.4.2\build_msvc\io\hdf\iohdf.dir\debug\iohdf.tlog\link.secondary.1.tlog
d:\cybermed\daddy\dependency\sdk-vtk-9.4.2\build_msvc\io\hdf\iohdf.dir\debug\iohdf.tlog\link.write.1.tlog
