d:\cybermed\daddy\dependency\sdk-vtk-9.4.2\build_msvc\imaging\fourier\imagingfourier.dir\release\vtkimagerfft.obj
d:\cybermed\daddy\dependency\sdk-vtk-9.4.2\build_msvc\imaging\fourier\imagingfourier.dir\release\vtkimageideallowpass.obj
d:\cybermed\daddy\dependency\sdk-vtk-9.4.2\build_msvc\imaging\fourier\imagingfourier.dir\release\vtkimageidealhighpass.obj
d:\cybermed\daddy\dependency\sdk-vtk-9.4.2\build_msvc\imaging\fourier\imagingfourier.dir\release\vtkimagefourierfilter.obj
d:\cybermed\daddy\dependency\sdk-vtk-9.4.2\build_msvc\imaging\fourier\imagingfourier.dir\release\vtkimagefouriercenter.obj
d:\cybermed\daddy\dependency\sdk-vtk-9.4.2\build_msvc\imaging\fourier\imagingfourier.dir\release\vtkimagefft.obj
d:\cybermed\daddy\dependency\sdk-vtk-9.4.2\build_msvc\imaging\fourier\imagingfourier.dir\release\vtkimagebutterworthlowpass.obj
d:\cybermed\daddy\dependency\sdk-vtk-9.4.2\build_msvc\imaging\fourier\imagingfourier.dir\release\vtkimagebutterworthhighpass.obj
d:\cybermed\daddy\dependency\sdk-vtk-9.4.2\build_msvc\imaging\fourier\cmakefiles\generate.stamp
d:\cybermed\daddy\dependency\sdk-vtk-9.4.2\build_msvc\bin\release\vtkimagingfourier-9.4.dll
d:\cybermed\daddy\dependency\sdk-vtk-9.4.2\build_msvc\lib\release\vtkimagingfourier-9.4.lib
d:\cybermed\daddy\dependency\sdk-vtk-9.4.2\build_msvc\lib\release\vtkimagingfourier-9.4.exp
d:\cybermed\daddy\dependency\sdk-vtk-9.4.2\build_msvc\imaging\fourier\imagingfourier.dir\release\imagingfourier.tlog\cl.command.1.tlog
d:\cybermed\daddy\dependency\sdk-vtk-9.4.2\build_msvc\imaging\fourier\imagingfourier.dir\release\imagingfourier.tlog\cl.items.tlog
d:\cybermed\daddy\dependency\sdk-vtk-9.4.2\build_msvc\imaging\fourier\imagingfourier.dir\release\imagingfourier.tlog\cl.read.1.tlog
d:\cybermed\daddy\dependency\sdk-vtk-9.4.2\build_msvc\imaging\fourier\imagingfourier.dir\release\imagingfourier.tlog\cl.write.1.tlog
d:\cybermed\daddy\dependency\sdk-vtk-9.4.2\build_msvc\imaging\fourier\imagingfourier.dir\release\imagingfourier.tlog\custombuild.command.1.tlog
d:\cybermed\daddy\dependency\sdk-vtk-9.4.2\build_msvc\imaging\fourier\imagingfourier.dir\release\imagingfourier.tlog\custombuild.read.1.tlog
d:\cybermed\daddy\dependency\sdk-vtk-9.4.2\build_msvc\imaging\fourier\imagingfourier.dir\release\imagingfourier.tlog\custombuild.write.1.tlog
d:\cybermed\daddy\dependency\sdk-vtk-9.4.2\build_msvc\imaging\fourier\imagingfourier.dir\release\imagingfourier.tlog\link.command.1.tlog
d:\cybermed\daddy\dependency\sdk-vtk-9.4.2\build_msvc\imaging\fourier\imagingfourier.dir\release\imagingfourier.tlog\link.read.1.tlog
d:\cybermed\daddy\dependency\sdk-vtk-9.4.2\build_msvc\imaging\fourier\imagingfourier.dir\release\imagingfourier.tlog\link.secondary.1.tlog
d:\cybermed\daddy\dependency\sdk-vtk-9.4.2\build_msvc\imaging\fourier\imagingfourier.dir\release\imagingfourier.tlog\link.write.1.tlog
