d:\cybermed\daddy\dependency\dcmtk-dcmtk-3.6.8\build_msvc\dcmect\libsrc\dcmect.dir\release\types.obj
d:\cybermed\daddy\dependency\dcmtk-dcmtk-3.6.8\build_msvc\dcmect\libsrc\dcmect.dir\release\enhanced_ct.obj
d:\cybermed\daddy\dependency\dcmtk-dcmtk-3.6.8\build_msvc\dcmect\libsrc\cmakefiles\generate.stamp
d:\cybermed\daddy\dependency\dcmtk-dcmtk-3.6.8\build_msvc\lib\release\dcmect.lib
d:\cybermed\daddy\dependency\dcmtk-dcmtk-3.6.8\build_msvc\bin\release\dcmect.dll
d:\cybermed\daddy\dependency\dcmtk-dcmtk-3.6.8\build_msvc\lib\release\dcmect.exp
d:\cybermed\daddy\dependency\dcmtk-dcmtk-3.6.8\build_msvc\dcmect\libsrc\dcmect.dir\release\dcmect.tlog\cl.command.1.tlog
d:\cybermed\daddy\dependency\dcmtk-dcmtk-3.6.8\build_msvc\dcmect\libsrc\dcmect.dir\release\dcmect.tlog\cl.items.tlog
d:\cybermed\daddy\dependency\dcmtk-dcmtk-3.6.8\build_msvc\dcmect\libsrc\dcmect.dir\release\dcmect.tlog\cl.read.1.tlog
d:\cybermed\daddy\dependency\dcmtk-dcmtk-3.6.8\build_msvc\dcmect\libsrc\dcmect.dir\release\dcmect.tlog\cl.write.1.tlog
d:\cybermed\daddy\dependency\dcmtk-dcmtk-3.6.8\build_msvc\dcmect\libsrc\dcmect.dir\release\dcmect.tlog\custombuild.command.1.tlog
d:\cybermed\daddy\dependency\dcmtk-dcmtk-3.6.8\build_msvc\dcmect\libsrc\dcmect.dir\release\dcmect.tlog\custombuild.read.1.tlog
d:\cybermed\daddy\dependency\dcmtk-dcmtk-3.6.8\build_msvc\dcmect\libsrc\dcmect.dir\release\dcmect.tlog\custombuild.write.1.tlog
d:\cybermed\daddy\dependency\dcmtk-dcmtk-3.6.8\build_msvc\dcmect\libsrc\dcmect.dir\release\dcmect.tlog\lib-link.read.1.tlog
d:\cybermed\daddy\dependency\dcmtk-dcmtk-3.6.8\build_msvc\dcmect\libsrc\dcmect.dir\release\dcmect.tlog\lib-link.write.1.tlog
d:\cybermed\daddy\dependency\dcmtk-dcmtk-3.6.8\build_msvc\dcmect\libsrc\dcmect.dir\release\dcmect.tlog\lib.command.1.tlog
d:\cybermed\daddy\dependency\dcmtk-dcmtk-3.6.8\build_msvc\dcmect\libsrc\dcmect.dir\release\dcmect.tlog\link.command.1.tlog
d:\cybermed\daddy\dependency\dcmtk-dcmtk-3.6.8\build_msvc\dcmect\libsrc\dcmect.dir\release\dcmect.tlog\link.read.1.tlog
d:\cybermed\daddy\dependency\dcmtk-dcmtk-3.6.8\build_msvc\dcmect\libsrc\dcmect.dir\release\dcmect.tlog\link.secondary.1.tlog
d:\cybermed\daddy\dependency\dcmtk-dcmtk-3.6.8\build_msvc\dcmect\libsrc\dcmect.dir\release\dcmect.tlog\link.write.1.tlog
