d:\cybermed\daddy\dependency\sdk-vtk-9.4.2\build_msvc\lib\debug\vtkioss-9.4d.pdb
d:\cybermed\daddy\dependency\sdk-vtk-9.4.2\build_msvc\thirdparty\ioss\vtkioss\ioss.dir\debug\ioss_entityset.obj
d:\cybermed\daddy\dependency\sdk-vtk-9.4.2\build_msvc\thirdparty\ioss\vtkioss\ioss.dir\debug\ioss_entityblock.obj
d:\cybermed\daddy\dependency\sdk-vtk-9.4.2\build_msvc\thirdparty\ioss\vtkioss\ioss.dir\debug\ioss_elementtopology.obj
d:\cybermed\daddy\dependency\sdk-vtk-9.4.2\build_msvc\thirdparty\ioss\vtkioss\ioss.dir\debug\ioss_elementset.obj
d:\cybermed\daddy\dependency\sdk-vtk-9.4.2\build_msvc\thirdparty\ioss\vtkioss\ioss.dir\debug\ioss_elementpermutation.obj
d:\cybermed\daddy\dependency\sdk-vtk-9.4.2\build_msvc\thirdparty\ioss\vtkioss\ioss.dir\debug\ioss_elementblock.obj
d:\cybermed\daddy\dependency\sdk-vtk-9.4.2\build_msvc\thirdparty\ioss\vtkioss\ioss.dir\debug\ioss_edgeset.obj
d:\cybermed\daddy\dependency\sdk-vtk-9.4.2\build_msvc\thirdparty\ioss\vtkioss\ioss.dir\debug\ioss_edgeblock.obj
d:\cybermed\daddy\dependency\sdk-vtk-9.4.2\build_msvc\thirdparty\ioss\vtkioss\ioss.dir\debug\ioss_databaseio.obj
d:\cybermed\daddy\dependency\sdk-vtk-9.4.2\build_msvc\thirdparty\ioss\vtkioss\ioss.dir\debug\ioss_copydatabase.obj
d:\cybermed\daddy\dependency\sdk-vtk-9.4.2\build_msvc\thirdparty\ioss\vtkioss\ioss.dir\debug\ioss_coordinateframe.obj
d:\cybermed\daddy\dependency\sdk-vtk-9.4.2\build_msvc\thirdparty\ioss\vtkioss\ioss.dir\debug\ioss_constructedvariabletype.obj
d:\cybermed\daddy\dependency\sdk-vtk-9.4.2\build_msvc\thirdparty\ioss\vtkioss\ioss.dir\debug\ioss_concretevariabletype.obj
d:\cybermed\daddy\dependency\sdk-vtk-9.4.2\build_msvc\thirdparty\ioss\vtkioss\ioss.dir\debug\ioss_compositevariabletype.obj
d:\cybermed\daddy\dependency\sdk-vtk-9.4.2\build_msvc\thirdparty\ioss\vtkioss\ioss.dir\debug\ioss_composedvariabletype.obj
d:\cybermed\daddy\dependency\sdk-vtk-9.4.2\build_msvc\thirdparty\ioss\vtkioss\ioss.dir\debug\ioss_compare.obj
d:\cybermed\daddy\dependency\sdk-vtk-9.4.2\build_msvc\thirdparty\ioss\vtkioss\ioss.dir\debug\ioss_commset.obj
d:\cybermed\daddy\dependency\sdk-vtk-9.4.2\build_msvc\thirdparty\ioss\vtkioss\ioss.dir\debug\ioss_chaingenerator.obj
d:\cybermed\daddy\dependency\sdk-vtk-9.4.2\build_msvc\thirdparty\ioss\vtkioss\ioss.dir\debug\ioss_blob.obj
d:\cybermed\daddy\dependency\sdk-vtk-9.4.2\build_msvc\thirdparty\ioss\vtkioss\ioss.dir\debug\ioss_assembly.obj
d:\cybermed\daddy\dependency\sdk-vtk-9.4.2\build_msvc\thirdparty\ioss\vtkioss\ioss.dir\debug\ioss_propertymanager.obj
d:\cybermed\daddy\dependency\sdk-vtk-9.4.2\build_msvc\thirdparty\ioss\vtkioss\ioss.dir\debug\ioss_property.obj
d:\cybermed\daddy\dependency\sdk-vtk-9.4.2\build_msvc\thirdparty\ioss\vtkioss\ioss.dir\debug\ioss_parallelutils.obj
d:\cybermed\daddy\dependency\sdk-vtk-9.4.2\build_msvc\thirdparty\ioss\vtkioss\ioss.dir\debug\ioss_nullentity.obj
d:\cybermed\daddy\dependency\sdk-vtk-9.4.2\build_msvc\thirdparty\ioss\vtkioss\ioss.dir\debug\ioss_nodeset.obj
d:\cybermed\daddy\dependency\sdk-vtk-9.4.2\build_msvc\thirdparty\ioss\vtkioss\ioss.dir\debug\ioss_nodeblock.obj
d:\cybermed\daddy\dependency\sdk-vtk-9.4.2\build_msvc\thirdparty\ioss\vtkioss\ioss.dir\debug\ioss_memoryutils.obj
d:\cybermed\daddy\dependency\sdk-vtk-9.4.2\build_msvc\thirdparty\ioss\vtkioss\ioss.dir\debug\ioss_map.obj
d:\cybermed\daddy\dependency\sdk-vtk-9.4.2\build_msvc\thirdparty\ioss\vtkioss\ioss.dir\debug\ioss_iofactory.obj
d:\cybermed\daddy\dependency\sdk-vtk-9.4.2\build_msvc\thirdparty\ioss\vtkioss\ioss.dir\debug\ioss_initializer.obj
d:\cybermed\daddy\dependency\sdk-vtk-9.4.2\build_msvc\thirdparty\ioss\vtkioss\ioss.dir\debug\ioss_groupingentity.obj
d:\cybermed\daddy\dependency\sdk-vtk-9.4.2\build_msvc\thirdparty\ioss\vtkioss\ioss.dir\debug\ioss_glob.obj
d:\cybermed\daddy\dependency\sdk-vtk-9.4.2\build_msvc\thirdparty\ioss\vtkioss\ioss.dir\debug\ioss_getlongopt.obj
d:\cybermed\daddy\dependency\sdk-vtk-9.4.2\build_msvc\thirdparty\ioss\vtkioss\ioss.dir\debug\ioss_getline.obj
d:\cybermed\daddy\dependency\sdk-vtk-9.4.2\build_msvc\thirdparty\ioss\vtkioss\ioss.dir\debug\ioss_fileinfo.obj
d:\cybermed\daddy\dependency\sdk-vtk-9.4.2\build_msvc\thirdparty\ioss\vtkioss\ioss.dir\debug\ioss_fieldmanager.obj
d:\cybermed\daddy\dependency\sdk-vtk-9.4.2\build_msvc\thirdparty\ioss\vtkioss\ioss.dir\debug\ioss_field.obj
d:\cybermed\daddy\dependency\sdk-vtk-9.4.2\build_msvc\thirdparty\ioss\vtkioss\ioss.dir\debug\ioss_faceset.obj
d:\cybermed\daddy\dependency\sdk-vtk-9.4.2\build_msvc\thirdparty\ioss\vtkioss\ioss.dir\debug\ioss_facegenerator.obj
d:\cybermed\daddy\dependency\sdk-vtk-9.4.2\build_msvc\thirdparty\ioss\vtkioss\ioss.dir\debug\ioss_faceblock.obj
d:\cybermed\daddy\dependency\sdk-vtk-9.4.2\build_msvc\thirdparty\ioss\vtkioss\ioss.dir\debug\ioss_edge3.obj
d:\cybermed\daddy\dependency\sdk-vtk-9.4.2\build_msvc\thirdparty\ioss\vtkioss\ioss.dir\debug\ioss_edge2d3.obj
d:\cybermed\daddy\dependency\sdk-vtk-9.4.2\build_msvc\thirdparty\ioss\vtkioss\ioss.dir\debug\ioss_edge2d2.obj
d:\cybermed\daddy\dependency\sdk-vtk-9.4.2\build_msvc\thirdparty\ioss\vtkioss\ioss.dir\debug\ioss_edge2.obj
d:\cybermed\daddy\dependency\sdk-vtk-9.4.2\build_msvc\thirdparty\ioss\vtkioss\ioss.dir\debug\ioss_beam4.obj
d:\cybermed\daddy\dependency\sdk-vtk-9.4.2\build_msvc\thirdparty\ioss\vtkioss\ioss.dir\debug\ioss_beam3.obj
d:\cybermed\daddy\dependency\sdk-vtk-9.4.2\build_msvc\thirdparty\ioss\vtkioss\ioss.dir\debug\ioss_beam2.obj
d:\cybermed\daddy\dependency\sdk-vtk-9.4.2\build_msvc\thirdparty\ioss\vtkioss\ioss.dir\debug\tokenize.obj
d:\cybermed\daddy\dependency\sdk-vtk-9.4.2\build_msvc\thirdparty\ioss\vtkioss\ioss.dir\debug\ioss_zoneconnectivity.obj
d:\cybermed\daddy\dependency\sdk-vtk-9.4.2\build_msvc\thirdparty\ioss\vtkioss\ioss.dir\debug\ioss_variabletype.obj
d:\cybermed\daddy\dependency\sdk-vtk-9.4.2\build_msvc\thirdparty\ioss\vtkioss\ioss.dir\debug\ioss_utils.obj
d:\cybermed\daddy\dependency\sdk-vtk-9.4.2\build_msvc\thirdparty\ioss\vtkioss\ioss.dir\debug\ioss_transformfactory.obj
d:\cybermed\daddy\dependency\sdk-vtk-9.4.2\build_msvc\thirdparty\ioss\vtkioss\ioss.dir\debug\ioss_transform.obj
d:\cybermed\daddy\dependency\sdk-vtk-9.4.2\build_msvc\thirdparty\ioss\vtkioss\ioss.dir\debug\ioss_tracer.obj
d:\cybermed\daddy\dependency\sdk-vtk-9.4.2\build_msvc\thirdparty\ioss\vtkioss\ioss.dir\debug\ioss_structuredblock.obj
d:\cybermed\daddy\dependency\sdk-vtk-9.4.2\build_msvc\thirdparty\ioss\vtkioss\ioss.dir\debug\ioss_smartassert.obj
d:\cybermed\daddy\dependency\sdk-vtk-9.4.2\build_msvc\thirdparty\ioss\vtkioss\ioss.dir\debug\ioss_sideset.obj
d:\cybermed\daddy\dependency\sdk-vtk-9.4.2\build_msvc\thirdparty\ioss\vtkioss\ioss.dir\debug\ioss_sideblock.obj
d:\cybermed\daddy\dependency\sdk-vtk-9.4.2\build_msvc\thirdparty\ioss\vtkioss\ioss.dir\debug\ioss_serializeio.obj
d:\cybermed\daddy\dependency\sdk-vtk-9.4.2\build_msvc\thirdparty\ioss\vtkioss\ioss.dir\debug\ioss_region.obj
d:\cybermed\daddy\dependency\sdk-vtk-9.4.2\build_msvc\thirdparty\ioss\vtkioss\ioss.dir\debug\ioss_quad16.obj
d:\cybermed\daddy\dependency\sdk-vtk-9.4.2\build_msvc\thirdparty\ioss\vtkioss\ioss.dir\debug\ioss_quad12.obj
d:\cybermed\daddy\dependency\sdk-vtk-9.4.2\build_msvc\thirdparty\ioss\vtkioss\ioss.dir\debug\ioss_quad9.obj
d:\cybermed\daddy\dependency\sdk-vtk-9.4.2\build_msvc\thirdparty\ioss\vtkioss\ioss.dir\debug\ioss_quad8.obj
d:\cybermed\daddy\dependency\sdk-vtk-9.4.2\build_msvc\thirdparty\ioss\vtkioss\ioss.dir\debug\ioss_quad6.obj
d:\cybermed\daddy\dependency\sdk-vtk-9.4.2\build_msvc\thirdparty\ioss\vtkioss\ioss.dir\debug\ioss_quad4.obj
d:\cybermed\daddy\dependency\sdk-vtk-9.4.2\build_msvc\thirdparty\ioss\vtkioss\ioss.dir\debug\ioss_pyramid19.obj
d:\cybermed\daddy\dependency\sdk-vtk-9.4.2\build_msvc\thirdparty\ioss\vtkioss\ioss.dir\debug\ioss_pyramid18.obj
d:\cybermed\daddy\dependency\sdk-vtk-9.4.2\build_msvc\thirdparty\ioss\vtkioss\ioss.dir\debug\ioss_pyramid14.obj
d:\cybermed\daddy\dependency\sdk-vtk-9.4.2\build_msvc\thirdparty\ioss\vtkioss\ioss.dir\debug\ioss_pyramid13.obj
d:\cybermed\daddy\dependency\sdk-vtk-9.4.2\build_msvc\thirdparty\ioss\vtkioss\ioss.dir\debug\ioss_pyramid5.obj
d:\cybermed\daddy\dependency\sdk-vtk-9.4.2\build_msvc\thirdparty\ioss\vtkioss\ioss.dir\debug\ioss_node.obj
d:\cybermed\daddy\dependency\sdk-vtk-9.4.2\build_msvc\thirdparty\ioss\vtkioss\ioss.dir\debug\ioss_hex64.obj
d:\cybermed\daddy\dependency\sdk-vtk-9.4.2\build_msvc\thirdparty\ioss\vtkioss\ioss.dir\debug\ioss_hex32.obj
d:\cybermed\daddy\dependency\sdk-vtk-9.4.2\build_msvc\thirdparty\ioss\vtkioss\ioss.dir\debug\ioss_hex27.obj
d:\cybermed\daddy\dependency\sdk-vtk-9.4.2\build_msvc\thirdparty\ioss\vtkioss\ioss.dir\debug\ioss_hex20.obj
d:\cybermed\daddy\dependency\sdk-vtk-9.4.2\build_msvc\thirdparty\ioss\vtkioss\ioss.dir\debug\ioss_hex16.obj
d:\cybermed\daddy\dependency\sdk-vtk-9.4.2\build_msvc\thirdparty\ioss\vtkioss\ioss.dir\debug\ioss_hex9.obj
d:\cybermed\daddy\dependency\sdk-vtk-9.4.2\build_msvc\thirdparty\ioss\vtkioss\ioss.dir\debug\ioss_hex8.obj
d:\cybermed\daddy\dependency\sdk-vtk-9.4.2\build_msvc\thirdparty\ioss\vtkioss\ioss.dir\debug\ioss_edge4.obj
d:\cybermed\daddy\dependency\sdk-vtk-9.4.2\build_msvc\thirdparty\ioss\vtkioss\ioss.dir\debug\ioss_tri4.obj
d:\cybermed\daddy\dependency\sdk-vtk-9.4.2\build_msvc\thirdparty\ioss\vtkioss\ioss.dir\debug\ioss_tri3.obj
d:\cybermed\daddy\dependency\sdk-vtk-9.4.2\build_msvc\thirdparty\ioss\vtkioss\ioss.dir\debug\ioss_tet40.obj
d:\cybermed\daddy\dependency\sdk-vtk-9.4.2\build_msvc\thirdparty\ioss\vtkioss\ioss.dir\debug\ioss_tet16.obj
d:\cybermed\daddy\dependency\sdk-vtk-9.4.2\build_msvc\thirdparty\ioss\vtkioss\ioss.dir\debug\ioss_tet15.obj
d:\cybermed\daddy\dependency\sdk-vtk-9.4.2\build_msvc\thirdparty\ioss\vtkioss\ioss.dir\debug\ioss_tet14.obj
d:\cybermed\daddy\dependency\sdk-vtk-9.4.2\build_msvc\thirdparty\ioss\vtkioss\ioss.dir\debug\ioss_tet11.obj
d:\cybermed\daddy\dependency\sdk-vtk-9.4.2\build_msvc\thirdparty\ioss\vtkioss\ioss.dir\debug\ioss_tet10.obj
d:\cybermed\daddy\dependency\sdk-vtk-9.4.2\build_msvc\thirdparty\ioss\vtkioss\ioss.dir\debug\ioss_tet8.obj
d:\cybermed\daddy\dependency\sdk-vtk-9.4.2\build_msvc\thirdparty\ioss\vtkioss\ioss.dir\debug\ioss_tet7.obj
d:\cybermed\daddy\dependency\sdk-vtk-9.4.2\build_msvc\thirdparty\ioss\vtkioss\ioss.dir\debug\ioss_tet4.obj
d:\cybermed\daddy\dependency\sdk-vtk-9.4.2\build_msvc\thirdparty\ioss\vtkioss\ioss.dir\debug\ioss_super.obj
d:\cybermed\daddy\dependency\sdk-vtk-9.4.2\build_msvc\thirdparty\ioss\vtkioss\ioss.dir\debug\ioss_spring3.obj
d:\cybermed\daddy\dependency\sdk-vtk-9.4.2\build_msvc\thirdparty\ioss\vtkioss\ioss.dir\debug\ioss_spring2.obj
d:\cybermed\daddy\dependency\sdk-vtk-9.4.2\build_msvc\thirdparty\ioss\vtkioss\ioss.dir\debug\ioss_sphere.obj
d:\cybermed\daddy\dependency\sdk-vtk-9.4.2\build_msvc\thirdparty\ioss\vtkioss\ioss.dir\debug\ioss_shellline2d3.obj
d:\cybermed\daddy\dependency\sdk-vtk-9.4.2\build_msvc\thirdparty\ioss\vtkioss\ioss.dir\debug\ioss_shellline2d2.obj
d:\cybermed\daddy\dependency\sdk-vtk-9.4.2\build_msvc\thirdparty\ioss\vtkioss\ioss.dir\debug\ioss_shell9.obj
d:\cybermed\daddy\dependency\sdk-vtk-9.4.2\build_msvc\thirdparty\ioss\vtkioss\ioss.dir\debug\ioss_shell8.obj
d:\cybermed\daddy\dependency\sdk-vtk-9.4.2\build_msvc\thirdparty\ioss\vtkioss\ioss.dir\debug\ioss_shell4.obj
d:\cybermed\daddy\dependency\sdk-vtk-9.4.2\build_msvc\thirdparty\ioss\vtkioss\ioss.dir\debug\iogs_databaseio.obj
d:\cybermed\daddy\dependency\sdk-vtk-9.4.2\build_msvc\thirdparty\ioss\vtkioss\ioss.dir\debug\ioss_wedge52.obj
d:\cybermed\daddy\dependency\sdk-vtk-9.4.2\build_msvc\thirdparty\ioss\vtkioss\ioss.dir\debug\ioss_wedge24.obj
d:\cybermed\daddy\dependency\sdk-vtk-9.4.2\build_msvc\thirdparty\ioss\vtkioss\ioss.dir\debug\ioss_wedge21.obj
d:\cybermed\daddy\dependency\sdk-vtk-9.4.2\build_msvc\thirdparty\ioss\vtkioss\ioss.dir\debug\ioss_wedge20.obj
d:\cybermed\daddy\dependency\sdk-vtk-9.4.2\build_msvc\thirdparty\ioss\vtkioss\ioss.dir\debug\ioss_wedge18.obj
d:\cybermed\daddy\dependency\sdk-vtk-9.4.2\build_msvc\thirdparty\ioss\vtkioss\ioss.dir\debug\ioss_wedge16.obj
d:\cybermed\daddy\dependency\sdk-vtk-9.4.2\build_msvc\thirdparty\ioss\vtkioss\ioss.dir\debug\ioss_wedge15.obj
d:\cybermed\daddy\dependency\sdk-vtk-9.4.2\build_msvc\thirdparty\ioss\vtkioss\ioss.dir\debug\ioss_wedge12.obj
d:\cybermed\daddy\dependency\sdk-vtk-9.4.2\build_msvc\thirdparty\ioss\vtkioss\ioss.dir\debug\ioss_wedge6.obj
d:\cybermed\daddy\dependency\sdk-vtk-9.4.2\build_msvc\thirdparty\ioss\vtkioss\ioss.dir\debug\ioss_unknown.obj
d:\cybermed\daddy\dependency\sdk-vtk-9.4.2\build_msvc\thirdparty\ioss\vtkioss\ioss.dir\debug\ioss_trishell7.obj
d:\cybermed\daddy\dependency\sdk-vtk-9.4.2\build_msvc\thirdparty\ioss\vtkioss\ioss.dir\debug\ioss_trishell6.obj
d:\cybermed\daddy\dependency\sdk-vtk-9.4.2\build_msvc\thirdparty\ioss\vtkioss\ioss.dir\debug\ioss_trishell4.obj
d:\cybermed\daddy\dependency\sdk-vtk-9.4.2\build_msvc\thirdparty\ioss\vtkioss\ioss.dir\debug\ioss_trishell3.obj
d:\cybermed\daddy\dependency\sdk-vtk-9.4.2\build_msvc\thirdparty\ioss\vtkioss\ioss.dir\debug\ioss_tri13.obj
d:\cybermed\daddy\dependency\sdk-vtk-9.4.2\build_msvc\thirdparty\ioss\vtkioss\ioss.dir\debug\ioss_tri9.obj
d:\cybermed\daddy\dependency\sdk-vtk-9.4.2\build_msvc\thirdparty\ioss\vtkioss\ioss.dir\debug\ioss_tri7.obj
d:\cybermed\daddy\dependency\sdk-vtk-9.4.2\build_msvc\thirdparty\ioss\vtkioss\ioss.dir\debug\ioss_tri6.obj
d:\cybermed\daddy\dependency\sdk-vtk-9.4.2\build_msvc\thirdparty\ioss\vtkioss\ioss.dir\debug\ioss_tri4a.obj
d:\cybermed\daddy\dependency\sdk-vtk-9.4.2\build_msvc\thirdparty\ioss\vtkioss\ioss.dir\debug\iocgns_initializer.obj
d:\cybermed\daddy\dependency\sdk-vtk-9.4.2\build_msvc\thirdparty\ioss\vtkioss\ioss.dir\debug\iocgns_utils.obj
d:\cybermed\daddy\dependency\sdk-vtk-9.4.2\build_msvc\thirdparty\ioss\vtkioss\ioss.dir\debug\iocgns_databaseio.obj
d:\cybermed\daddy\dependency\sdk-vtk-9.4.2\build_msvc\thirdparty\ioss\vtkioss\ioss.dir\debug\iotr_vectormagnitude.obj
d:\cybermed\daddy\dependency\sdk-vtk-9.4.2\build_msvc\thirdparty\ioss\vtkioss\ioss.dir\debug\iotr_tensor.obj
d:\cybermed\daddy\dependency\sdk-vtk-9.4.2\build_msvc\thirdparty\ioss\vtkioss\ioss.dir\debug\iotr_scale3d.obj
d:\cybermed\daddy\dependency\sdk-vtk-9.4.2\build_msvc\thirdparty\ioss\vtkioss\ioss.dir\debug\iotr_scale.obj
d:\cybermed\daddy\dependency\sdk-vtk-9.4.2\build_msvc\thirdparty\ioss\vtkioss\ioss.dir\debug\iotr_offset3d.obj
d:\cybermed\daddy\dependency\sdk-vtk-9.4.2\build_msvc\thirdparty\ioss\vtkioss\ioss.dir\debug\iotr_offset.obj
d:\cybermed\daddy\dependency\sdk-vtk-9.4.2\build_msvc\thirdparty\ioss\vtkioss\ioss.dir\debug\iotr_minmax.obj
d:\cybermed\daddy\dependency\sdk-vtk-9.4.2\build_msvc\thirdparty\ioss\vtkioss\ioss.dir\debug\iotr_initializer.obj
d:\cybermed\daddy\dependency\sdk-vtk-9.4.2\build_msvc\thirdparty\ioss\vtkioss\ioss.dir\debug\ionull_iofactory.obj
d:\cybermed\daddy\dependency\sdk-vtk-9.4.2\build_msvc\thirdparty\ioss\vtkioss\ioss.dir\debug\ionull_databaseio.obj
d:\cybermed\daddy\dependency\sdk-vtk-9.4.2\build_msvc\thirdparty\ioss\vtkioss\ioss.dir\debug\ionit_initializer.obj
d:\cybermed\daddy\dependency\sdk-vtk-9.4.2\build_msvc\thirdparty\ioss\vtkioss\ioss.dir\debug\iohb_layout.obj
d:\cybermed\daddy\dependency\sdk-vtk-9.4.2\build_msvc\thirdparty\ioss\vtkioss\ioss.dir\debug\iohb_databaseio.obj
d:\cybermed\daddy\dependency\sdk-vtk-9.4.2\build_msvc\thirdparty\ioss\vtkioss\ioss.dir\debug\iogn_generatedmesh.obj
d:\cybermed\daddy\dependency\sdk-vtk-9.4.2\build_msvc\thirdparty\ioss\vtkioss\ioss.dir\debug\iogn_databaseio.obj
d:\cybermed\daddy\dependency\sdk-vtk-9.4.2\build_msvc\thirdparty\ioss\vtkioss\ioss.dir\debug\iogn_dashsurfacemesh.obj
d:\cybermed\daddy\dependency\sdk-vtk-9.4.2\build_msvc\thirdparty\ioss\vtkioss\ioss.dir\debug\iogs_generatedmesh.obj
d:\cybermed\daddy\dependency\sdk-vtk-9.4.2\build_msvc\thirdparty\ioss\vtkioss\ioss.dir\debug\ioex_utils.obj
d:\cybermed\daddy\dependency\sdk-vtk-9.4.2\build_msvc\thirdparty\ioss\vtkioss\ioss.dir\debug\ioex_superelement.obj
d:\cybermed\daddy\dependency\sdk-vtk-9.4.2\build_msvc\thirdparty\ioss\vtkioss\ioss.dir\debug\ioex_iofactory.obj
d:\cybermed\daddy\dependency\sdk-vtk-9.4.2\build_msvc\thirdparty\ioss\vtkioss\ioss.dir\debug\ioex_internals.obj
d:\cybermed\daddy\dependency\sdk-vtk-9.4.2\build_msvc\thirdparty\ioss\vtkioss\ioss.dir\debug\ioex_databaseio.obj
d:\cybermed\daddy\dependency\sdk-vtk-9.4.2\build_msvc\thirdparty\ioss\vtkioss\ioss.dir\debug\ioex_basedatabaseio.obj
d:\cybermed\daddy\dependency\sdk-vtk-9.4.2\build_msvc\thirdparty\ioss\vtkioss\ioss.dir\debug\iocgns_iofactory.obj
d:\cybermed\daddy\dependency\sdk-vtk-9.4.2\build_msvc\thirdparty\ioss\vtkioss\ioss.dir\debug\iocgns_structuredzonedata.obj
d:\cybermed\daddy\dependency\sdk-vtk-9.4.2\build_msvc\thirdparty\ioss\vtkioss\ioss.dir\debug\vc143.pdb
d:\cybermed\daddy\dependency\sdk-vtk-9.4.2\build_msvc\thirdparty\ioss\vtkioss\cmakefiles\generate.stamp
d:\cybermed\daddy\dependency\sdk-vtk-9.4.2\build_msvc\lib\debug\vtkioss-9.4d.lib
d:\cybermed\daddy\dependency\sdk-vtk-9.4.2\build_msvc\bin\debug\vtkioss-9.4d.dll
d:\cybermed\daddy\dependency\sdk-vtk-9.4.2\build_msvc\bin\debug\vtkioss-9.4d.pdb
d:\cybermed\daddy\dependency\sdk-vtk-9.4.2\build_msvc\lib\debug\vtkioss-9.4d.exp
d:\cybermed\daddy\dependency\sdk-vtk-9.4.2\build_msvc\thirdparty\ioss\vtkioss\ioss.dir\debug\vtkioss-9.4d.ilk
d:\cybermed\daddy\dependency\sdk-vtk-9.4.2\build_msvc\thirdparty\ioss\vtkioss\ioss.dir\debug\ioss.tlog\cl.command.1.tlog
d:\cybermed\daddy\dependency\sdk-vtk-9.4.2\build_msvc\thirdparty\ioss\vtkioss\ioss.dir\debug\ioss.tlog\cl.items.tlog
d:\cybermed\daddy\dependency\sdk-vtk-9.4.2\build_msvc\thirdparty\ioss\vtkioss\ioss.dir\debug\ioss.tlog\cl.read.1.tlog
d:\cybermed\daddy\dependency\sdk-vtk-9.4.2\build_msvc\thirdparty\ioss\vtkioss\ioss.dir\debug\ioss.tlog\cl.write.1.tlog
d:\cybermed\daddy\dependency\sdk-vtk-9.4.2\build_msvc\thirdparty\ioss\vtkioss\ioss.dir\debug\ioss.tlog\custombuild.command.1.tlog
d:\cybermed\daddy\dependency\sdk-vtk-9.4.2\build_msvc\thirdparty\ioss\vtkioss\ioss.dir\debug\ioss.tlog\custombuild.read.1.tlog
d:\cybermed\daddy\dependency\sdk-vtk-9.4.2\build_msvc\thirdparty\ioss\vtkioss\ioss.dir\debug\ioss.tlog\custombuild.write.1.tlog
d:\cybermed\daddy\dependency\sdk-vtk-9.4.2\build_msvc\thirdparty\ioss\vtkioss\ioss.dir\debug\ioss.tlog\lib-link.read.1.tlog
d:\cybermed\daddy\dependency\sdk-vtk-9.4.2\build_msvc\thirdparty\ioss\vtkioss\ioss.dir\debug\ioss.tlog\lib-link.write.1.tlog
d:\cybermed\daddy\dependency\sdk-vtk-9.4.2\build_msvc\thirdparty\ioss\vtkioss\ioss.dir\debug\ioss.tlog\lib.command.1.tlog
d:\cybermed\daddy\dependency\sdk-vtk-9.4.2\build_msvc\thirdparty\ioss\vtkioss\ioss.dir\debug\ioss.tlog\link.command.1.tlog
d:\cybermed\daddy\dependency\sdk-vtk-9.4.2\build_msvc\thirdparty\ioss\vtkioss\ioss.dir\debug\ioss.tlog\link.read.1.tlog
d:\cybermed\daddy\dependency\sdk-vtk-9.4.2\build_msvc\thirdparty\ioss\vtkioss\ioss.dir\debug\ioss.tlog\link.secondary.1.tlog
d:\cybermed\daddy\dependency\sdk-vtk-9.4.2\build_msvc\thirdparty\ioss\vtkioss\ioss.dir\debug\ioss.tlog\link.write.1.tlog
