d:\cybermed\daddy\dependency\sdk-vtk-9.4.2\build_msvc\io\ensight\ioensight.dir\release\ensightdataset.obj
d:\cybermed\daddy\dependency\sdk-vtk-9.4.2\build_msvc\io\ensight\ioensight.dir\release\ensightfile.obj
d:\cybermed\daddy\dependency\sdk-vtk-9.4.2\build_msvc\io\ensight\ioensight.dir\release\vtkgenericensightreader.obj
d:\cybermed\daddy\dependency\sdk-vtk-9.4.2\build_msvc\io\ensight\ioensight.dir\release\vtkensightsosgoldreader.obj
d:\cybermed\daddy\dependency\sdk-vtk-9.4.2\build_msvc\io\ensight\ioensight.dir\release\vtkensightreader.obj
d:\cybermed\daddy\dependency\sdk-vtk-9.4.2\build_msvc\io\ensight\ioensight.dir\release\vtkensightmasterserverreader.obj
d:\cybermed\daddy\dependency\sdk-vtk-9.4.2\build_msvc\io\ensight\ioensight.dir\release\vtkensightgoldreader.obj
d:\cybermed\daddy\dependency\sdk-vtk-9.4.2\build_msvc\io\ensight\ioensight.dir\release\vtkensightgoldcombinedreader.obj
d:\cybermed\daddy\dependency\sdk-vtk-9.4.2\build_msvc\io\ensight\ioensight.dir\release\vtkensightgoldbinaryreader.obj
d:\cybermed\daddy\dependency\sdk-vtk-9.4.2\build_msvc\io\ensight\ioensight.dir\release\vtkensight6reader.obj
d:\cybermed\daddy\dependency\sdk-vtk-9.4.2\build_msvc\io\ensight\ioensight.dir\release\vtkensight6binaryreader.obj
d:\cybermed\daddy\dependency\sdk-vtk-9.4.2\build_msvc\io\ensight\cmakefiles\generate.stamp
d:\cybermed\daddy\dependency\sdk-vtk-9.4.2\build_msvc\bin\release\vtkioensight-9.4.dll
d:\cybermed\daddy\dependency\sdk-vtk-9.4.2\build_msvc\lib\release\vtkioensight-9.4.lib
d:\cybermed\daddy\dependency\sdk-vtk-9.4.2\build_msvc\lib\release\vtkioensight-9.4.exp
d:\cybermed\daddy\dependency\sdk-vtk-9.4.2\build_msvc\io\ensight\ioensight.dir\release\ioensight.tlog\cl.command.1.tlog
d:\cybermed\daddy\dependency\sdk-vtk-9.4.2\build_msvc\io\ensight\ioensight.dir\release\ioensight.tlog\cl.items.tlog
d:\cybermed\daddy\dependency\sdk-vtk-9.4.2\build_msvc\io\ensight\ioensight.dir\release\ioensight.tlog\cl.read.1.tlog
d:\cybermed\daddy\dependency\sdk-vtk-9.4.2\build_msvc\io\ensight\ioensight.dir\release\ioensight.tlog\cl.write.1.tlog
d:\cybermed\daddy\dependency\sdk-vtk-9.4.2\build_msvc\io\ensight\ioensight.dir\release\ioensight.tlog\custombuild.command.1.tlog
d:\cybermed\daddy\dependency\sdk-vtk-9.4.2\build_msvc\io\ensight\ioensight.dir\release\ioensight.tlog\custombuild.read.1.tlog
d:\cybermed\daddy\dependency\sdk-vtk-9.4.2\build_msvc\io\ensight\ioensight.dir\release\ioensight.tlog\custombuild.write.1.tlog
d:\cybermed\daddy\dependency\sdk-vtk-9.4.2\build_msvc\io\ensight\ioensight.dir\release\ioensight.tlog\link.command.1.tlog
d:\cybermed\daddy\dependency\sdk-vtk-9.4.2\build_msvc\io\ensight\ioensight.dir\release\ioensight.tlog\link.read.1.tlog
d:\cybermed\daddy\dependency\sdk-vtk-9.4.2\build_msvc\io\ensight\ioensight.dir\release\ioensight.tlog\link.secondary.1.tlog
d:\cybermed\daddy\dependency\sdk-vtk-9.4.2\build_msvc\io\ensight\ioensight.dir\release\ioensight.tlog\link.write.1.tlog
