d:\cybermed\daddy\dependency\sdk-vtk-9.4.2\build_msvc\io\netcdf\ionetcdf.dir\release\vtkslacreader.obj
d:\cybermed\daddy\dependency\sdk-vtk-9.4.2\build_msvc\io\netcdf\ionetcdf.dir\release\vtkslacparticlereader.obj
d:\cybermed\daddy\dependency\sdk-vtk-9.4.2\build_msvc\io\netcdf\ionetcdf.dir\release\vtknetcdfugridreader.obj
d:\cybermed\daddy\dependency\sdk-vtk-9.4.2\build_msvc\io\netcdf\ionetcdf.dir\release\vtknetcdfreader.obj
d:\cybermed\daddy\dependency\sdk-vtk-9.4.2\build_msvc\io\netcdf\ionetcdf.dir\release\vtknetcdfpopreader.obj
d:\cybermed\daddy\dependency\sdk-vtk-9.4.2\build_msvc\io\netcdf\ionetcdf.dir\release\vtknetcdfcfwriter.obj
d:\cybermed\daddy\dependency\sdk-vtk-9.4.2\build_msvc\io\netcdf\ionetcdf.dir\release\vtknetcdfcfreader.obj
d:\cybermed\daddy\dependency\sdk-vtk-9.4.2\build_msvc\io\netcdf\ionetcdf.dir\release\vtknetcdfcamreader.obj
d:\cybermed\daddy\dependency\sdk-vtk-9.4.2\build_msvc\io\netcdf\ionetcdf.dir\release\vtkmpasreader.obj
d:\cybermed\daddy\dependency\sdk-vtk-9.4.2\build_msvc\io\netcdf\cmakefiles\generate.stamp
d:\cybermed\daddy\dependency\sdk-vtk-9.4.2\build_msvc\bin\release\vtkionetcdf-9.4.dll
d:\cybermed\daddy\dependency\sdk-vtk-9.4.2\build_msvc\lib\release\vtkionetcdf-9.4.lib
d:\cybermed\daddy\dependency\sdk-vtk-9.4.2\build_msvc\lib\release\vtkionetcdf-9.4.exp
d:\cybermed\daddy\dependency\sdk-vtk-9.4.2\build_msvc\io\netcdf\ionetcdf.dir\release\ionetcdf.tlog\cl.command.1.tlog
d:\cybermed\daddy\dependency\sdk-vtk-9.4.2\build_msvc\io\netcdf\ionetcdf.dir\release\ionetcdf.tlog\cl.items.tlog
d:\cybermed\daddy\dependency\sdk-vtk-9.4.2\build_msvc\io\netcdf\ionetcdf.dir\release\ionetcdf.tlog\cl.read.1.tlog
d:\cybermed\daddy\dependency\sdk-vtk-9.4.2\build_msvc\io\netcdf\ionetcdf.dir\release\ionetcdf.tlog\cl.write.1.tlog
d:\cybermed\daddy\dependency\sdk-vtk-9.4.2\build_msvc\io\netcdf\ionetcdf.dir\release\ionetcdf.tlog\custombuild.command.1.tlog
d:\cybermed\daddy\dependency\sdk-vtk-9.4.2\build_msvc\io\netcdf\ionetcdf.dir\release\ionetcdf.tlog\custombuild.read.1.tlog
d:\cybermed\daddy\dependency\sdk-vtk-9.4.2\build_msvc\io\netcdf\ionetcdf.dir\release\ionetcdf.tlog\custombuild.write.1.tlog
d:\cybermed\daddy\dependency\sdk-vtk-9.4.2\build_msvc\io\netcdf\ionetcdf.dir\release\ionetcdf.tlog\link.command.1.tlog
d:\cybermed\daddy\dependency\sdk-vtk-9.4.2\build_msvc\io\netcdf\ionetcdf.dir\release\ionetcdf.tlog\link.read.1.tlog
d:\cybermed\daddy\dependency\sdk-vtk-9.4.2\build_msvc\io\netcdf\ionetcdf.dir\release\ionetcdf.tlog\link.secondary.1.tlog
d:\cybermed\daddy\dependency\sdk-vtk-9.4.2\build_msvc\io\netcdf\ionetcdf.dir\release\ionetcdf.tlog\link.write.1.tlog
