d:\cybermed\daddy\dependency\dcmtk-dcmtk-3.6.8\build_msvc\dcmdata\libsrc\dcmdata.dir\release\dcistrmb.obj
d:\cybermed\daddy\dependency\dcmtk-dcmtk-3.6.8\build_msvc\dcmdata\libsrc\dcmdata.dir\release\dcistrma.obj
d:\cybermed\daddy\dependency\dcmtk-dcmtk-3.6.8\build_msvc\dcmdata\libsrc\dcmdata.dir\release\dchashdi.obj
d:\cybermed\daddy\dependency\dcmtk-dcmtk-3.6.8\build_msvc\dcmdata\libsrc\dcmdata.dir\release\dcfilter.obj
d:\cybermed\daddy\dependency\dcmtk-dcmtk-3.6.8\build_msvc\dcmdata\libsrc\dcmdata.dir\release\dcfilefo.obj
d:\cybermed\daddy\dependency\dcmtk-dcmtk-3.6.8\build_msvc\dcmdata\libsrc\dcmdata.dir\release\dcerror.obj
d:\cybermed\daddy\dependency\dcmtk-dcmtk-3.6.8\build_msvc\dcmdata\libsrc\dcmdata.dir\release\dcencdoc.obj
d:\cybermed\daddy\dependency\dcmtk-dcmtk-3.6.8\build_msvc\dcmdata\libsrc\dcmdata.dir\release\dcelem.obj
d:\cybermed\daddy\dependency\dcmtk-dcmtk-3.6.8\build_msvc\dcmdata\libsrc\dcmdata.dir\release\dcdirrec.obj
d:\cybermed\daddy\dependency\dcmtk-dcmtk-3.6.8\build_msvc\dcmdata\libsrc\dcmdata.dir\release\dcdictbi.obj
d:\cybermed\daddy\dependency\dcmtk-dcmtk-3.6.8\build_msvc\dcmdata\libsrc\dcmdata.dir\release\dcdict.obj
d:\cybermed\daddy\dependency\dcmtk-dcmtk-3.6.8\build_msvc\dcmdata\libsrc\dcmdata.dir\release\dcdicent.obj
d:\cybermed\daddy\dependency\dcmtk-dcmtk-3.6.8\build_msvc\dcmdata\libsrc\dcmdata.dir\release\dcdicdir.obj
d:\cybermed\daddy\dependency\dcmtk-dcmtk-3.6.8\build_msvc\dcmdata\libsrc\dcmdata.dir\release\dcddirif.obj
d:\cybermed\daddy\dependency\dcmtk-dcmtk-3.6.8\build_msvc\dcmdata\libsrc\dcmdata.dir\release\dcdatutl.obj
d:\cybermed\daddy\dependency\dcmtk-dcmtk-3.6.8\build_msvc\dcmdata\libsrc\dcmdata.dir\release\dcdatset.obj
d:\cybermed\daddy\dependency\dcmtk-dcmtk-3.6.8\build_msvc\dcmdata\libsrc\dcmdata.dir\release\dccodec.obj
d:\cybermed\daddy\dependency\dcmtk-dcmtk-3.6.8\build_msvc\dcmdata\libsrc\dcmdata.dir\release\dcchrstr.obj
d:\cybermed\daddy\dependency\dcmtk-dcmtk-3.6.8\build_msvc\dcmdata\libsrc\dcmdata.dir\release\dcbytstr.obj
d:\cybermed\daddy\dependency\dcmtk-dcmtk-3.6.8\build_msvc\dcmdata\libsrc\dcmdata.dir\release\cmdlnarg.obj
d:\cybermed\daddy\dependency\dcmtk-dcmtk-3.6.8\build_msvc\dcmdata\libsrc\dcmdata.dir\release\dcrleccd.obj
d:\cybermed\daddy\dependency\dcmtk-dcmtk-3.6.8\build_msvc\dcmdata\libsrc\dcmdata.dir\release\dcpxitem.obj
d:\cybermed\daddy\dependency\dcmtk-dcmtk-3.6.8\build_msvc\dcmdata\libsrc\dcmdata.dir\release\dcpixseq.obj
d:\cybermed\daddy\dependency\dcmtk-dcmtk-3.6.8\build_msvc\dcmdata\libsrc\dcmdata.dir\release\dcpixel.obj
d:\cybermed\daddy\dependency\dcmtk-dcmtk-3.6.8\build_msvc\dcmdata\libsrc\dcmdata.dir\release\dcpcache.obj
d:\cybermed\daddy\dependency\dcmtk-dcmtk-3.6.8\build_msvc\dcmdata\libsrc\dcmdata.dir\release\dcpath.obj
d:\cybermed\daddy\dependency\dcmtk-dcmtk-3.6.8\build_msvc\dcmdata\libsrc\dcmdata.dir\release\dcostrmz.obj
d:\cybermed\daddy\dependency\dcmtk-dcmtk-3.6.8\build_msvc\dcmdata\libsrc\dcmdata.dir\release\dcostrms.obj
d:\cybermed\daddy\dependency\dcmtk-dcmtk-3.6.8\build_msvc\dcmdata\libsrc\dcmdata.dir\release\dcostrmf.obj
d:\cybermed\daddy\dependency\dcmtk-dcmtk-3.6.8\build_msvc\dcmdata\libsrc\dcmdata.dir\release\dcostrmb.obj
d:\cybermed\daddy\dependency\dcmtk-dcmtk-3.6.8\build_msvc\dcmdata\libsrc\dcmdata.dir\release\dcostrma.obj
d:\cybermed\daddy\dependency\dcmtk-dcmtk-3.6.8\build_msvc\dcmdata\libsrc\dcmdata.dir\release\dcobject.obj
d:\cybermed\daddy\dependency\dcmtk-dcmtk-3.6.8\build_msvc\dcmdata\libsrc\dcmdata.dir\release\dcmetinf.obj
d:\cybermed\daddy\dependency\dcmtk-dcmtk-3.6.8\build_msvc\dcmdata\libsrc\dcmdata.dir\release\dcmatch.obj
d:\cybermed\daddy\dependency\dcmtk-dcmtk-3.6.8\build_msvc\dcmdata\libsrc\dcmdata.dir\release\dclist.obj
d:\cybermed\daddy\dependency\dcmtk-dcmtk-3.6.8\build_msvc\dcmdata\libsrc\dcmdata.dir\release\dcjson.obj
d:\cybermed\daddy\dependency\dcmtk-dcmtk-3.6.8\build_msvc\dcmdata\libsrc\dcmdata.dir\release\dcitem.obj
d:\cybermed\daddy\dependency\dcmtk-dcmtk-3.6.8\build_msvc\dcmdata\libsrc\dcmdata.dir\release\dcistrmz.obj
d:\cybermed\daddy\dependency\dcmtk-dcmtk-3.6.8\build_msvc\dcmdata\libsrc\dcmdata.dir\release\dcistrms.obj
d:\cybermed\daddy\dependency\dcmtk-dcmtk-3.6.8\build_msvc\dcmdata\libsrc\dcmdata.dir\release\dcistrmf.obj
d:\cybermed\daddy\dependency\dcmtk-dcmtk-3.6.8\build_msvc\dcmdata\libsrc\dcmdata.dir\release\dcvrds.obj
d:\cybermed\daddy\dependency\dcmtk-dcmtk-3.6.8\build_msvc\dcmdata\libsrc\dcmdata.dir\release\dcvrda.obj
d:\cybermed\daddy\dependency\dcmtk-dcmtk-3.6.8\build_msvc\dcmdata\libsrc\dcmdata.dir\release\dcvrcs.obj
d:\cybermed\daddy\dependency\dcmtk-dcmtk-3.6.8\build_msvc\dcmdata\libsrc\dcmdata.dir\release\dcvrat.obj
d:\cybermed\daddy\dependency\dcmtk-dcmtk-3.6.8\build_msvc\dcmdata\libsrc\dcmdata.dir\release\dcvras.obj
d:\cybermed\daddy\dependency\dcmtk-dcmtk-3.6.8\build_msvc\dcmdata\libsrc\dcmdata.dir\release\dcvrae.obj
d:\cybermed\daddy\dependency\dcmtk-dcmtk-3.6.8\build_msvc\dcmdata\libsrc\dcmdata.dir\release\dcvr.obj
d:\cybermed\daddy\dependency\dcmtk-dcmtk-3.6.8\build_msvc\dcmdata\libsrc\dcmdata.dir\release\dcuid.obj
d:\cybermed\daddy\dependency\dcmtk-dcmtk-3.6.8\build_msvc\dcmdata\libsrc\dcmdata.dir\release\dctypes.obj
d:\cybermed\daddy\dependency\dcmtk-dcmtk-3.6.8\build_msvc\dcmdata\libsrc\dcmdata.dir\release\dctagkey.obj
d:\cybermed\daddy\dependency\dcmtk-dcmtk-3.6.8\build_msvc\dcmdata\libsrc\dcmdata.dir\release\dctag.obj
d:\cybermed\daddy\dependency\dcmtk-dcmtk-3.6.8\build_msvc\dcmdata\libsrc\dcmdata.dir\release\dcswap.obj
d:\cybermed\daddy\dependency\dcmtk-dcmtk-3.6.8\build_msvc\dcmdata\libsrc\dcmdata.dir\release\dcstack.obj
d:\cybermed\daddy\dependency\dcmtk-dcmtk-3.6.8\build_msvc\dcmdata\libsrc\dcmdata.dir\release\dcspchrs.obj
d:\cybermed\daddy\dependency\dcmtk-dcmtk-3.6.8\build_msvc\dcmdata\libsrc\dcmdata.dir\release\dcsequen.obj
d:\cybermed\daddy\dependency\dcmtk-dcmtk-3.6.8\build_msvc\dcmdata\libsrc\dcmdata.dir\release\dcrlerp.obj
d:\cybermed\daddy\dependency\dcmtk-dcmtk-3.6.8\build_msvc\dcmdata\libsrc\dcmdata.dir\release\dcrleerg.obj
d:\cybermed\daddy\dependency\dcmtk-dcmtk-3.6.8\build_msvc\dcmdata\libsrc\dcmdata.dir\release\dcrledrg.obj
d:\cybermed\daddy\dependency\dcmtk-dcmtk-3.6.8\build_msvc\dcmdata\libsrc\dcmdata.dir\release\dcrlecp.obj
d:\cybermed\daddy\dependency\dcmtk-dcmtk-3.6.8\build_msvc\dcmdata\libsrc\dcmdata.dir\release\dcrlecce.obj
d:\cybermed\daddy\dependency\dcmtk-dcmtk-3.6.8\build_msvc\dcmdata\libsrc\dcmdata.dir\release\dcvruc.obj
d:\cybermed\daddy\dependency\dcmtk-dcmtk-3.6.8\build_msvc\dcmdata\libsrc\dcmdata.dir\release\dcvrtm.obj
d:\cybermed\daddy\dependency\dcmtk-dcmtk-3.6.8\build_msvc\dcmdata\libsrc\dcmdata.dir\release\dcvrsv.obj
d:\cybermed\daddy\dependency\dcmtk-dcmtk-3.6.8\build_msvc\dcmdata\libsrc\dcmdata.dir\release\dcvrst.obj
d:\cybermed\daddy\dependency\dcmtk-dcmtk-3.6.8\build_msvc\dcmdata\libsrc\dcmdata.dir\release\dcvrss.obj
d:\cybermed\daddy\dependency\dcmtk-dcmtk-3.6.8\build_msvc\dcmdata\libsrc\dcmdata.dir\release\dcvrsl.obj
d:\cybermed\daddy\dependency\dcmtk-dcmtk-3.6.8\build_msvc\dcmdata\libsrc\dcmdata.dir\release\dcvrsh.obj
d:\cybermed\daddy\dependency\dcmtk-dcmtk-3.6.8\build_msvc\dcmdata\libsrc\dcmdata.dir\release\dcvrpobw.obj
d:\cybermed\daddy\dependency\dcmtk-dcmtk-3.6.8\build_msvc\dcmdata\libsrc\dcmdata.dir\release\dcvrpn.obj
d:\cybermed\daddy\dependency\dcmtk-dcmtk-3.6.8\build_msvc\dcmdata\libsrc\dcmdata.dir\release\dcvrov.obj
d:\cybermed\daddy\dependency\dcmtk-dcmtk-3.6.8\build_msvc\dcmdata\libsrc\dcmdata.dir\release\dcvrol.obj
d:\cybermed\daddy\dependency\dcmtk-dcmtk-3.6.8\build_msvc\dcmdata\libsrc\dcmdata.dir\release\dcvrof.obj
d:\cybermed\daddy\dependency\dcmtk-dcmtk-3.6.8\build_msvc\dcmdata\libsrc\dcmdata.dir\release\dcvrod.obj
d:\cybermed\daddy\dependency\dcmtk-dcmtk-3.6.8\build_msvc\dcmdata\libsrc\dcmdata.dir\release\dcvrobow.obj
d:\cybermed\daddy\dependency\dcmtk-dcmtk-3.6.8\build_msvc\dcmdata\libsrc\dcmdata.dir\release\dcvrlt.obj
d:\cybermed\daddy\dependency\dcmtk-dcmtk-3.6.8\build_msvc\dcmdata\libsrc\dcmdata.dir\release\dcvrlo.obj
d:\cybermed\daddy\dependency\dcmtk-dcmtk-3.6.8\build_msvc\dcmdata\libsrc\dcmdata.dir\release\dcvris.obj
d:\cybermed\daddy\dependency\dcmtk-dcmtk-3.6.8\build_msvc\dcmdata\libsrc\dcmdata.dir\release\dcvrfl.obj
d:\cybermed\daddy\dependency\dcmtk-dcmtk-3.6.8\build_msvc\dcmdata\libsrc\dcmdata.dir\release\dcvrfd.obj
d:\cybermed\daddy\dependency\dcmtk-dcmtk-3.6.8\build_msvc\dcmdata\libsrc\dcmdata.dir\release\dcvrdt.obj
d:\cybermed\daddy\dependency\dcmtk-dcmtk-3.6.8\build_msvc\dcmdata\libsrc\dcmdata.dir\release\vrscan.obj
d:\cybermed\daddy\dependency\dcmtk-dcmtk-3.6.8\build_msvc\dcmdata\libsrc\dcmdata.dir\release\dcxfer.obj
d:\cybermed\daddy\dependency\dcmtk-dcmtk-3.6.8\build_msvc\dcmdata\libsrc\dcmdata.dir\release\dcwcache.obj
d:\cybermed\daddy\dependency\dcmtk-dcmtk-3.6.8\build_msvc\dcmdata\libsrc\dcmdata.dir\release\dcvruv.obj
d:\cybermed\daddy\dependency\dcmtk-dcmtk-3.6.8\build_msvc\dcmdata\libsrc\dcmdata.dir\release\dcvrut.obj
d:\cybermed\daddy\dependency\dcmtk-dcmtk-3.6.8\build_msvc\dcmdata\libsrc\dcmdata.dir\release\dcvrus.obj
d:\cybermed\daddy\dependency\dcmtk-dcmtk-3.6.8\build_msvc\dcmdata\libsrc\dcmdata.dir\release\dcvrur.obj
d:\cybermed\daddy\dependency\dcmtk-dcmtk-3.6.8\build_msvc\dcmdata\libsrc\dcmdata.dir\release\dcvrulup.obj
d:\cybermed\daddy\dependency\dcmtk-dcmtk-3.6.8\build_msvc\dcmdata\libsrc\dcmdata.dir\release\dcvrul.obj
d:\cybermed\daddy\dependency\dcmtk-dcmtk-3.6.8\build_msvc\dcmdata\libsrc\dcmdata.dir\release\dcvrui.obj
d:\cybermed\daddy\dependency\dcmtk-dcmtk-3.6.8\build_msvc\dcmdata\libsrc\dcmdata.dir\release\vrscanl.obj
d:\cybermed\daddy\dependency\dcmtk-dcmtk-3.6.8\build_msvc\dcmdata\libsrc\cmakefiles\generate.stamp
d:\cybermed\daddy\dependency\dcmtk-dcmtk-3.6.8\build_msvc\lib\release\dcmdata.lib
d:\cybermed\daddy\dependency\dcmtk-dcmtk-3.6.8\build_msvc\bin\release\dcmdata.dll
d:\cybermed\daddy\dependency\dcmtk-dcmtk-3.6.8\build_msvc\lib\release\dcmdata.exp
d:\cybermed\daddy\dependency\dcmtk-dcmtk-3.6.8\build_msvc\dcmdata\libsrc\dcmdata.dir\release\dcmdata.tlog\cl.command.1.tlog
d:\cybermed\daddy\dependency\dcmtk-dcmtk-3.6.8\build_msvc\dcmdata\libsrc\dcmdata.dir\release\dcmdata.tlog\cl.items.tlog
d:\cybermed\daddy\dependency\dcmtk-dcmtk-3.6.8\build_msvc\dcmdata\libsrc\dcmdata.dir\release\dcmdata.tlog\cl.read.1.tlog
d:\cybermed\daddy\dependency\dcmtk-dcmtk-3.6.8\build_msvc\dcmdata\libsrc\dcmdata.dir\release\dcmdata.tlog\cl.write.1.tlog
d:\cybermed\daddy\dependency\dcmtk-dcmtk-3.6.8\build_msvc\dcmdata\libsrc\dcmdata.dir\release\dcmdata.tlog\custombuild.command.1.tlog
d:\cybermed\daddy\dependency\dcmtk-dcmtk-3.6.8\build_msvc\dcmdata\libsrc\dcmdata.dir\release\dcmdata.tlog\custombuild.read.1.tlog
d:\cybermed\daddy\dependency\dcmtk-dcmtk-3.6.8\build_msvc\dcmdata\libsrc\dcmdata.dir\release\dcmdata.tlog\custombuild.write.1.tlog
d:\cybermed\daddy\dependency\dcmtk-dcmtk-3.6.8\build_msvc\dcmdata\libsrc\dcmdata.dir\release\dcmdata.tlog\lib-link.read.1.tlog
d:\cybermed\daddy\dependency\dcmtk-dcmtk-3.6.8\build_msvc\dcmdata\libsrc\dcmdata.dir\release\dcmdata.tlog\lib-link.write.1.tlog
d:\cybermed\daddy\dependency\dcmtk-dcmtk-3.6.8\build_msvc\dcmdata\libsrc\dcmdata.dir\release\dcmdata.tlog\lib.command.1.tlog
d:\cybermed\daddy\dependency\dcmtk-dcmtk-3.6.8\build_msvc\dcmdata\libsrc\dcmdata.dir\release\dcmdata.tlog\link.command.1.tlog
d:\cybermed\daddy\dependency\dcmtk-dcmtk-3.6.8\build_msvc\dcmdata\libsrc\dcmdata.dir\release\dcmdata.tlog\link.read.1.tlog
d:\cybermed\daddy\dependency\dcmtk-dcmtk-3.6.8\build_msvc\dcmdata\libsrc\dcmdata.dir\release\dcmdata.tlog\link.secondary.1.tlog
d:\cybermed\daddy\dependency\dcmtk-dcmtk-3.6.8\build_msvc\dcmdata\libsrc\dcmdata.dir\release\dcmdata.tlog\link.write.1.tlog
