  Building Custom Rule D:/cybermed/daddy/dependency/sdk-VTK-9.4.2/Filters/Hybrid/CMakeLists.txt
  vtkAdaptiveDataSetSurfaceFilter.cxx
  vtkBSplineTransform.cxx
  vtkDepthSortPolyData.cxx
  vtkDSPFilterDefinition.cxx
  vtkDSPFilterGroup.cxx
  vtkEarthSource.cxx
  vtkFacetReader.cxx
  vtkForceTime.cxx
  vtkGenerateTimeSteps.cxx
  vtkGreedyTerrainDecimation.cxx
  vtkGridTransform.cxx
  vtkImageToPolyDataFilter.cxx
  vtkImplicitModeller.cxx
  vtkPCAAnalysisFilter.cxx
  vtkPolyDataSilhouette.cxx
  vtkProcrustesAlignmentFilter.cxx
  vtkProjectedTerrainPath.cxx
  vtkRenderLargeImage.cxx
  vtkTemporalArrayOperatorFilter.cxx
  vtkTemporalDataSetCache.cxx
  코드를 생성하고 있습니다...
  컴파일하고 있습니다...
  vtkTemporalFractal.cxx
  vtkTemporalInterpolator.cxx
  vtkTemporalShiftScale.cxx
  vtkTemporalSnapToTimeStep.cxx
  vtkTransformToGrid.cxx
  vtkWeightedTransformFilter.cxx
  코드를 생성하고 있습니다...
     D:/cybermed/daddy/dependency/sdk-VTK-9.4.2/build_msvc/lib/Release/vtkFiltersHybrid-9.4.lib 라이브러리 및 D:/cybermed/daddy/dependency/sdk-VTK-9.4.2/build_msvc/lib/Release/vtkFiltersHybrid-9.4.exp 개체를 생성하고 있습니다.
  FiltersHybrid.vcxproj -> D:\cybermed\daddy\dependency\sdk-VTK-9.4.2\build_msvc\bin\Release\vtkFiltersHybrid-9.4.dll
