d:\cybermed\daddy\dependency\sdk-vtk-9.4.2\build_msvc\filters\hybrid\filtershybrid.dir\release\vtktemporaldatasetcache.obj
d:\cybermed\daddy\dependency\sdk-vtk-9.4.2\build_msvc\filters\hybrid\filtershybrid.dir\release\vtktemporalarrayoperatorfilter.obj
d:\cybermed\daddy\dependency\sdk-vtk-9.4.2\build_msvc\filters\hybrid\filtershybrid.dir\release\vtkrenderlargeimage.obj
d:\cybermed\daddy\dependency\sdk-vtk-9.4.2\build_msvc\filters\hybrid\filtershybrid.dir\release\vtkprojectedterrainpath.obj
d:\cybermed\daddy\dependency\sdk-vtk-9.4.2\build_msvc\filters\hybrid\filtershybrid.dir\release\vtkprocrustesalignmentfilter.obj
d:\cybermed\daddy\dependency\sdk-vtk-9.4.2\build_msvc\filters\hybrid\filtershybrid.dir\release\vtkpolydatasilhouette.obj
d:\cybermed\daddy\dependency\sdk-vtk-9.4.2\build_msvc\filters\hybrid\filtershybrid.dir\release\vtkpcaanalysisfilter.obj
d:\cybermed\daddy\dependency\sdk-vtk-9.4.2\build_msvc\filters\hybrid\filtershybrid.dir\release\vtkimplicitmodeller.obj
d:\cybermed\daddy\dependency\sdk-vtk-9.4.2\build_msvc\filters\hybrid\filtershybrid.dir\release\vtkimagetopolydatafilter.obj
d:\cybermed\daddy\dependency\sdk-vtk-9.4.2\build_msvc\filters\hybrid\filtershybrid.dir\release\vtkgridtransform.obj
d:\cybermed\daddy\dependency\sdk-vtk-9.4.2\build_msvc\filters\hybrid\filtershybrid.dir\release\vtkgreedyterraindecimation.obj
d:\cybermed\daddy\dependency\sdk-vtk-9.4.2\build_msvc\filters\hybrid\filtershybrid.dir\release\vtkgeneratetimesteps.obj
d:\cybermed\daddy\dependency\sdk-vtk-9.4.2\build_msvc\filters\hybrid\filtershybrid.dir\release\vtkforcetime.obj
d:\cybermed\daddy\dependency\sdk-vtk-9.4.2\build_msvc\filters\hybrid\filtershybrid.dir\release\vtkfacetreader.obj
d:\cybermed\daddy\dependency\sdk-vtk-9.4.2\build_msvc\filters\hybrid\filtershybrid.dir\release\vtkearthsource.obj
d:\cybermed\daddy\dependency\sdk-vtk-9.4.2\build_msvc\filters\hybrid\filtershybrid.dir\release\vtkdspfiltergroup.obj
d:\cybermed\daddy\dependency\sdk-vtk-9.4.2\build_msvc\filters\hybrid\filtershybrid.dir\release\vtkdspfilterdefinition.obj
d:\cybermed\daddy\dependency\sdk-vtk-9.4.2\build_msvc\filters\hybrid\filtershybrid.dir\release\vtkdepthsortpolydata.obj
d:\cybermed\daddy\dependency\sdk-vtk-9.4.2\build_msvc\filters\hybrid\filtershybrid.dir\release\vtkbsplinetransform.obj
d:\cybermed\daddy\dependency\sdk-vtk-9.4.2\build_msvc\filters\hybrid\filtershybrid.dir\release\vtkadaptivedatasetsurfacefilter.obj
d:\cybermed\daddy\dependency\sdk-vtk-9.4.2\build_msvc\filters\hybrid\filtershybrid.dir\release\vtkweightedtransformfilter.obj
d:\cybermed\daddy\dependency\sdk-vtk-9.4.2\build_msvc\filters\hybrid\filtershybrid.dir\release\vtktransformtogrid.obj
d:\cybermed\daddy\dependency\sdk-vtk-9.4.2\build_msvc\filters\hybrid\filtershybrid.dir\release\vtktemporalsnaptotimestep.obj
d:\cybermed\daddy\dependency\sdk-vtk-9.4.2\build_msvc\filters\hybrid\filtershybrid.dir\release\vtktemporalshiftscale.obj
d:\cybermed\daddy\dependency\sdk-vtk-9.4.2\build_msvc\filters\hybrid\filtershybrid.dir\release\vtktemporalinterpolator.obj
d:\cybermed\daddy\dependency\sdk-vtk-9.4.2\build_msvc\filters\hybrid\filtershybrid.dir\release\vtktemporalfractal.obj
d:\cybermed\daddy\dependency\sdk-vtk-9.4.2\build_msvc\filters\hybrid\cmakefiles\generate.stamp
d:\cybermed\daddy\dependency\sdk-vtk-9.4.2\build_msvc\bin\release\vtkfiltershybrid-9.4.dll
d:\cybermed\daddy\dependency\sdk-vtk-9.4.2\build_msvc\lib\release\vtkfiltershybrid-9.4.lib
d:\cybermed\daddy\dependency\sdk-vtk-9.4.2\build_msvc\lib\release\vtkfiltershybrid-9.4.exp
d:\cybermed\daddy\dependency\sdk-vtk-9.4.2\build_msvc\filters\hybrid\filtershybrid.dir\release\filtershybrid.tlog\cl.command.1.tlog
d:\cybermed\daddy\dependency\sdk-vtk-9.4.2\build_msvc\filters\hybrid\filtershybrid.dir\release\filtershybrid.tlog\cl.items.tlog
d:\cybermed\daddy\dependency\sdk-vtk-9.4.2\build_msvc\filters\hybrid\filtershybrid.dir\release\filtershybrid.tlog\cl.read.1.tlog
d:\cybermed\daddy\dependency\sdk-vtk-9.4.2\build_msvc\filters\hybrid\filtershybrid.dir\release\filtershybrid.tlog\cl.write.1.tlog
d:\cybermed\daddy\dependency\sdk-vtk-9.4.2\build_msvc\filters\hybrid\filtershybrid.dir\release\filtershybrid.tlog\custombuild.command.1.tlog
d:\cybermed\daddy\dependency\sdk-vtk-9.4.2\build_msvc\filters\hybrid\filtershybrid.dir\release\filtershybrid.tlog\custombuild.read.1.tlog
d:\cybermed\daddy\dependency\sdk-vtk-9.4.2\build_msvc\filters\hybrid\filtershybrid.dir\release\filtershybrid.tlog\custombuild.write.1.tlog
d:\cybermed\daddy\dependency\sdk-vtk-9.4.2\build_msvc\filters\hybrid\filtershybrid.dir\release\filtershybrid.tlog\link.command.1.tlog
d:\cybermed\daddy\dependency\sdk-vtk-9.4.2\build_msvc\filters\hybrid\filtershybrid.dir\release\filtershybrid.tlog\link.read.1.tlog
d:\cybermed\daddy\dependency\sdk-vtk-9.4.2\build_msvc\filters\hybrid\filtershybrid.dir\release\filtershybrid.tlog\link.secondary.1.tlog
d:\cybermed\daddy\dependency\sdk-vtk-9.4.2\build_msvc\filters\hybrid\filtershybrid.dir\release\filtershybrid.tlog\link.write.1.tlog
