d:\cybermed\daddy\dependency\sdk-vtk-9.4.2\build_msvc\lib\debug\vtkioparallelxml-9.4d.pdb
d:\cybermed\daddy\dependency\sdk-vtk-9.4.2\build_msvc\io\parallelxml\ioparallelxml.dir\debug\vtkxmlpunstructuredgridwriter.obj
d:\cybermed\daddy\dependency\sdk-vtk-9.4.2\build_msvc\io\parallelxml\ioparallelxml.dir\debug\vtkxmlpunstructureddatawriter.obj
d:\cybermed\daddy\dependency\sdk-vtk-9.4.2\build_msvc\io\parallelxml\ioparallelxml.dir\debug\vtkxmlpuniformgridamrwriter.obj
d:\cybermed\daddy\dependency\sdk-vtk-9.4.2\build_msvc\io\parallelxml\ioparallelxml.dir\debug\vtkxmlptablewriter.obj
d:\cybermed\daddy\dependency\sdk-vtk-9.4.2\build_msvc\io\parallelxml\ioparallelxml.dir\debug\vtkxmlpstructuredgridwriter.obj
d:\cybermed\daddy\dependency\sdk-vtk-9.4.2\build_msvc\io\parallelxml\ioparallelxml.dir\debug\vtkxmlpstructureddatawriter.obj
d:\cybermed\daddy\dependency\sdk-vtk-9.4.2\build_msvc\io\parallelxml\ioparallelxml.dir\debug\vtkxmlprectilineargridwriter.obj
d:\cybermed\daddy\dependency\sdk-vtk-9.4.2\build_msvc\io\parallelxml\ioparallelxml.dir\debug\vtkxmlppolydatawriter.obj
d:\cybermed\daddy\dependency\sdk-vtk-9.4.2\build_msvc\io\parallelxml\ioparallelxml.dir\debug\vtkxmlpmultiblockdatawriter.obj
d:\cybermed\daddy\dependency\sdk-vtk-9.4.2\build_msvc\io\parallelxml\ioparallelxml.dir\debug\vtkxmlpimagedatawriter.obj
d:\cybermed\daddy\dependency\sdk-vtk-9.4.2\build_msvc\io\parallelxml\ioparallelxml.dir\debug\vtkxmlphypertreegridwriter.obj
d:\cybermed\daddy\dependency\sdk-vtk-9.4.2\build_msvc\io\parallelxml\ioparallelxml.dir\debug\vtkxmlphierarchicalboxdatawriter.obj
d:\cybermed\daddy\dependency\sdk-vtk-9.4.2\build_msvc\io\parallelxml\ioparallelxml.dir\debug\vtkxmlpdatawriter.obj
d:\cybermed\daddy\dependency\sdk-vtk-9.4.2\build_msvc\io\parallelxml\ioparallelxml.dir\debug\vtkxmlpdatasetwriter.obj
d:\cybermed\daddy\dependency\sdk-vtk-9.4.2\build_msvc\io\parallelxml\ioparallelxml.dir\debug\vtkxmlpdataobjectwriter.obj
d:\cybermed\daddy\dependency\sdk-vtk-9.4.2\build_msvc\io\parallelxml\ioparallelxml.dir\debug\vtkxmlwriter2.obj
d:\cybermed\daddy\dependency\sdk-vtk-9.4.2\build_msvc\io\parallelxml\ioparallelxml.dir\debug\vtkxmlpartitioneddatasetwriter.obj
d:\cybermed\daddy\dependency\sdk-vtk-9.4.2\build_msvc\io\parallelxml\ioparallelxml.dir\debug\vtkxmlpartitioneddatasetcollectionwriter.obj
d:\cybermed\daddy\dependency\sdk-vtk-9.4.2\build_msvc\io\parallelxml\ioparallelxml.dir\debug\vtkxmldatawriterhelper.obj
d:\cybermed\daddy\dependency\sdk-vtk-9.4.2\build_msvc\io\parallelxml\ioparallelxml.dir\debug\vtkxmlcompositedatasetwriterhelper.obj
d:\cybermed\daddy\dependency\sdk-vtk-9.4.2\build_msvc\io\parallelxml\ioparallelxml.dir\debug\vc143.pdb
d:\cybermed\daddy\dependency\sdk-vtk-9.4.2\build_msvc\io\parallelxml\cmakefiles\generate.stamp
d:\cybermed\daddy\dependency\sdk-vtk-9.4.2\build_msvc\lib\debug\vtkioparallelxml-9.4d.lib
d:\cybermed\daddy\dependency\sdk-vtk-9.4.2\build_msvc\bin\debug\vtkioparallelxml-9.4d.dll
d:\cybermed\daddy\dependency\sdk-vtk-9.4.2\build_msvc\bin\debug\vtkioparallelxml-9.4d.pdb
d:\cybermed\daddy\dependency\sdk-vtk-9.4.2\build_msvc\lib\debug\vtkioparallelxml-9.4d.exp
d:\cybermed\daddy\dependency\sdk-vtk-9.4.2\build_msvc\io\parallelxml\ioparallelxml.dir\debug\vtkioparallelxml-9.4d.ilk
d:\cybermed\daddy\dependency\sdk-vtk-9.4.2\build_msvc\io\parallelxml\ioparallelxml.dir\debug\ioparallelxml.tlog\cl.command.1.tlog
d:\cybermed\daddy\dependency\sdk-vtk-9.4.2\build_msvc\io\parallelxml\ioparallelxml.dir\debug\ioparallelxml.tlog\cl.items.tlog
d:\cybermed\daddy\dependency\sdk-vtk-9.4.2\build_msvc\io\parallelxml\ioparallelxml.dir\debug\ioparallelxml.tlog\cl.read.1.tlog
d:\cybermed\daddy\dependency\sdk-vtk-9.4.2\build_msvc\io\parallelxml\ioparallelxml.dir\debug\ioparallelxml.tlog\cl.write.1.tlog
d:\cybermed\daddy\dependency\sdk-vtk-9.4.2\build_msvc\io\parallelxml\ioparallelxml.dir\debug\ioparallelxml.tlog\custombuild.command.1.tlog
d:\cybermed\daddy\dependency\sdk-vtk-9.4.2\build_msvc\io\parallelxml\ioparallelxml.dir\debug\ioparallelxml.tlog\custombuild.read.1.tlog
d:\cybermed\daddy\dependency\sdk-vtk-9.4.2\build_msvc\io\parallelxml\ioparallelxml.dir\debug\ioparallelxml.tlog\custombuild.write.1.tlog
d:\cybermed\daddy\dependency\sdk-vtk-9.4.2\build_msvc\io\parallelxml\ioparallelxml.dir\debug\ioparallelxml.tlog\lib-link.read.1.tlog
d:\cybermed\daddy\dependency\sdk-vtk-9.4.2\build_msvc\io\parallelxml\ioparallelxml.dir\debug\ioparallelxml.tlog\lib-link.write.1.tlog
d:\cybermed\daddy\dependency\sdk-vtk-9.4.2\build_msvc\io\parallelxml\ioparallelxml.dir\debug\ioparallelxml.tlog\lib.command.1.tlog
d:\cybermed\daddy\dependency\sdk-vtk-9.4.2\build_msvc\io\parallelxml\ioparallelxml.dir\debug\ioparallelxml.tlog\link.command.1.tlog
d:\cybermed\daddy\dependency\sdk-vtk-9.4.2\build_msvc\io\parallelxml\ioparallelxml.dir\debug\ioparallelxml.tlog\link.read.1.tlog
d:\cybermed\daddy\dependency\sdk-vtk-9.4.2\build_msvc\io\parallelxml\ioparallelxml.dir\debug\ioparallelxml.tlog\link.secondary.1.tlog
d:\cybermed\daddy\dependency\sdk-vtk-9.4.2\build_msvc\io\parallelxml\ioparallelxml.dir\debug\ioparallelxml.tlog\link.write.1.tlog
