d:\cybermed\daddy\dependency\sdk-vtk-9.4.2\build_msvc\lib\debug\vtkiosql-9.4d.pdb
d:\cybermed\daddy\dependency\sdk-vtk-9.4.2\build_msvc\io\sql\iosql.dir\debug\vtktabletosqlitewriter.obj
d:\cybermed\daddy\dependency\sdk-vtk-9.4.2\build_msvc\io\sql\iosql.dir\debug\vtktabletodatabasewriter.obj
d:\cybermed\daddy\dependency\sdk-vtk-9.4.2\build_msvc\io\sql\iosql.dir\debug\vtksqlquery.obj
d:\cybermed\daddy\dependency\sdk-vtk-9.4.2\build_msvc\io\sql\iosql.dir\debug\vtksqlitetotablereader.obj
d:\cybermed\daddy\dependency\sdk-vtk-9.4.2\build_msvc\io\sql\iosql.dir\debug\vtksqlitequery.obj
d:\cybermed\daddy\dependency\sdk-vtk-9.4.2\build_msvc\io\sql\iosql.dir\debug\vtksqlitedatabase.obj
d:\cybermed\daddy\dependency\sdk-vtk-9.4.2\build_msvc\io\sql\iosql.dir\debug\vtksqldatabasetablesource.obj
d:\cybermed\daddy\dependency\sdk-vtk-9.4.2\build_msvc\io\sql\iosql.dir\debug\vtksqldatabaseschema.obj
d:\cybermed\daddy\dependency\sdk-vtk-9.4.2\build_msvc\io\sql\iosql.dir\debug\vtksqldatabase.obj
d:\cybermed\daddy\dependency\sdk-vtk-9.4.2\build_msvc\io\sql\iosql.dir\debug\vtkrowquerytotable.obj
d:\cybermed\daddy\dependency\sdk-vtk-9.4.2\build_msvc\io\sql\iosql.dir\debug\vtkrowquery.obj
d:\cybermed\daddy\dependency\sdk-vtk-9.4.2\build_msvc\io\sql\iosql.dir\debug\vtkdatabasetotablereader.obj
d:\cybermed\daddy\dependency\sdk-vtk-9.4.2\build_msvc\io\sql\iosql.dir\debug\vc143.pdb
d:\cybermed\daddy\dependency\sdk-vtk-9.4.2\build_msvc\io\sql\cmakefiles\generate.stamp
d:\cybermed\daddy\dependency\sdk-vtk-9.4.2\build_msvc\lib\debug\vtkiosql-9.4d.lib
d:\cybermed\daddy\dependency\sdk-vtk-9.4.2\build_msvc\bin\debug\vtkiosql-9.4d.dll
d:\cybermed\daddy\dependency\sdk-vtk-9.4.2\build_msvc\bin\debug\vtkiosql-9.4d.pdb
d:\cybermed\daddy\dependency\sdk-vtk-9.4.2\build_msvc\lib\debug\vtkiosql-9.4d.exp
d:\cybermed\daddy\dependency\sdk-vtk-9.4.2\build_msvc\io\sql\iosql.dir\debug\vtkiosql-9.4d.ilk
d:\cybermed\daddy\dependency\sdk-vtk-9.4.2\build_msvc\io\sql\iosql.dir\debug\iosql.tlog\cl.command.1.tlog
d:\cybermed\daddy\dependency\sdk-vtk-9.4.2\build_msvc\io\sql\iosql.dir\debug\iosql.tlog\cl.items.tlog
d:\cybermed\daddy\dependency\sdk-vtk-9.4.2\build_msvc\io\sql\iosql.dir\debug\iosql.tlog\cl.read.1.tlog
d:\cybermed\daddy\dependency\sdk-vtk-9.4.2\build_msvc\io\sql\iosql.dir\debug\iosql.tlog\cl.write.1.tlog
d:\cybermed\daddy\dependency\sdk-vtk-9.4.2\build_msvc\io\sql\iosql.dir\debug\iosql.tlog\custombuild.command.1.tlog
d:\cybermed\daddy\dependency\sdk-vtk-9.4.2\build_msvc\io\sql\iosql.dir\debug\iosql.tlog\custombuild.read.1.tlog
d:\cybermed\daddy\dependency\sdk-vtk-9.4.2\build_msvc\io\sql\iosql.dir\debug\iosql.tlog\custombuild.write.1.tlog
d:\cybermed\daddy\dependency\sdk-vtk-9.4.2\build_msvc\io\sql\iosql.dir\debug\iosql.tlog\lib-link.read.1.tlog
d:\cybermed\daddy\dependency\sdk-vtk-9.4.2\build_msvc\io\sql\iosql.dir\debug\iosql.tlog\lib-link.write.1.tlog
d:\cybermed\daddy\dependency\sdk-vtk-9.4.2\build_msvc\io\sql\iosql.dir\debug\iosql.tlog\lib.command.1.tlog
d:\cybermed\daddy\dependency\sdk-vtk-9.4.2\build_msvc\io\sql\iosql.dir\debug\iosql.tlog\link.command.1.tlog
d:\cybermed\daddy\dependency\sdk-vtk-9.4.2\build_msvc\io\sql\iosql.dir\debug\iosql.tlog\link.read.1.tlog
d:\cybermed\daddy\dependency\sdk-vtk-9.4.2\build_msvc\io\sql\iosql.dir\debug\iosql.tlog\link.secondary.1.tlog
d:\cybermed\daddy\dependency\sdk-vtk-9.4.2\build_msvc\io\sql\iosql.dir\debug\iosql.tlog\link.write.1.tlog
