d:\cybermed\daddy\dependency\sdk-vtk-9.4.2\build_msvc\io\export\ioexport.dir\release\vtkx3dexporterwriter.obj
d:\cybermed\daddy\dependency\sdk-vtk-9.4.2\build_msvc\io\export\ioexport.dir\release\vtkx3dexporterfiwriter.obj
d:\cybermed\daddy\dependency\sdk-vtk-9.4.2\build_msvc\io\export\ioexport.dir\release\vtkx3dexporter.obj
d:\cybermed\daddy\dependency\sdk-vtk-9.4.2\build_msvc\io\export\ioexport.dir\release\vtkx3d.obj
d:\cybermed\daddy\dependency\sdk-vtk-9.4.2\build_msvc\io\export\ioexport.dir\release\vtkvrmlexporter.obj
d:\cybermed\daddy\dependency\sdk-vtk-9.4.2\build_msvc\io\export\ioexport.dir\release\vtksinglevtpexporter.obj
d:\cybermed\daddy\dependency\sdk-vtk-9.4.2\build_msvc\io\export\ioexport.dir\release\vtksvgexporter.obj
d:\cybermed\daddy\dependency\sdk-vtk-9.4.2\build_msvc\io\export\ioexport.dir\release\vtksvgcontextdevice2d.obj
d:\cybermed\daddy\dependency\sdk-vtk-9.4.2\build_msvc\io\export\ioexport.dir\release\vtkribproperty.obj
d:\cybermed\daddy\dependency\sdk-vtk-9.4.2\build_msvc\io\export\ioexport.dir\release\vtkriblight.obj
d:\cybermed\daddy\dependency\sdk-vtk-9.4.2\build_msvc\io\export\ioexport.dir\release\vtkribexporter.obj
d:\cybermed\daddy\dependency\sdk-vtk-9.4.2\build_msvc\io\export\ioexport.dir\release\vtkpovexporter.obj
d:\cybermed\daddy\dependency\sdk-vtk-9.4.2\build_msvc\io\export\ioexport.dir\release\vtkooglexporter.obj
d:\cybermed\daddy\dependency\sdk-vtk-9.4.2\build_msvc\io\export\ioexport.dir\release\vtkobjexporter.obj
d:\cybermed\daddy\dependency\sdk-vtk-9.4.2\build_msvc\io\export\ioexport.dir\release\vtkjsonsceneexporter.obj
d:\cybermed\daddy\dependency\sdk-vtk-9.4.2\build_msvc\io\export\ioexport.dir\release\vtkjsonrenderwindowexporter.obj
d:\cybermed\daddy\dependency\sdk-vtk-9.4.2\build_msvc\io\export\ioexport.dir\release\vtkjsondatasetwriter.obj
d:\cybermed\daddy\dependency\sdk-vtk-9.4.2\build_msvc\io\export\ioexport.dir\release\vtkivexporter.obj
d:\cybermed\daddy\dependency\sdk-vtk-9.4.2\build_msvc\io\export\ioexport.dir\release\vtkgltfexporter.obj
d:\cybermed\daddy\dependency\sdk-vtk-9.4.2\build_msvc\io\export\ioexport.dir\release\vtkexporter.obj
d:\cybermed\daddy\dependency\sdk-vtk-9.4.2\build_msvc\io\export\ioexport.dir\release\vtkx3dexporterxmlwriter.obj
d:\cybermed\daddy\dependency\sdk-vtk-9.4.2\build_msvc\io\export\cmakefiles\generate.stamp
d:\cybermed\daddy\dependency\sdk-vtk-9.4.2\build_msvc\bin\release\vtkioexport-9.4.dll
d:\cybermed\daddy\dependency\sdk-vtk-9.4.2\build_msvc\lib\release\vtkioexport-9.4.lib
d:\cybermed\daddy\dependency\sdk-vtk-9.4.2\build_msvc\lib\release\vtkioexport-9.4.exp
d:\cybermed\daddy\dependency\sdk-vtk-9.4.2\build_msvc\io\export\ioexport.dir\release\ioexport.tlog\cl.command.1.tlog
d:\cybermed\daddy\dependency\sdk-vtk-9.4.2\build_msvc\io\export\ioexport.dir\release\ioexport.tlog\cl.items.tlog
d:\cybermed\daddy\dependency\sdk-vtk-9.4.2\build_msvc\io\export\ioexport.dir\release\ioexport.tlog\cl.read.1.tlog
d:\cybermed\daddy\dependency\sdk-vtk-9.4.2\build_msvc\io\export\ioexport.dir\release\ioexport.tlog\cl.write.1.tlog
d:\cybermed\daddy\dependency\sdk-vtk-9.4.2\build_msvc\io\export\ioexport.dir\release\ioexport.tlog\custombuild.command.1.tlog
d:\cybermed\daddy\dependency\sdk-vtk-9.4.2\build_msvc\io\export\ioexport.dir\release\ioexport.tlog\custombuild.read.1.tlog
d:\cybermed\daddy\dependency\sdk-vtk-9.4.2\build_msvc\io\export\ioexport.dir\release\ioexport.tlog\custombuild.write.1.tlog
d:\cybermed\daddy\dependency\sdk-vtk-9.4.2\build_msvc\io\export\ioexport.dir\release\ioexport.tlog\link.command.1.tlog
d:\cybermed\daddy\dependency\sdk-vtk-9.4.2\build_msvc\io\export\ioexport.dir\release\ioexport.tlog\link.read.1.tlog
d:\cybermed\daddy\dependency\sdk-vtk-9.4.2\build_msvc\io\export\ioexport.dir\release\ioexport.tlog\link.secondary.1.tlog
d:\cybermed\daddy\dependency\sdk-vtk-9.4.2\build_msvc\io\export\ioexport.dir\release\ioexport.tlog\link.write.1.tlog
