d:\cybermed\daddy\dependency\sdk-vtk-9.4.2\build_msvc\infovis\layout\infovislayout.dir\release\vtkfast2dlayoutstrategy.obj
d:\cybermed\daddy\dependency\sdk-vtk-9.4.2\build_msvc\infovis\layout\infovislayout.dir\release\vtkedgelayoutstrategy.obj
d:\cybermed\daddy\dependency\sdk-vtk-9.4.2\build_msvc\infovis\layout\infovislayout.dir\release\vtkedgelayout.obj
d:\cybermed\daddy\dependency\sdk-vtk-9.4.2\build_msvc\infovis\layout\infovislayout.dir\release\vtkcosmictreelayoutstrategy.obj
d:\cybermed\daddy\dependency\sdk-vtk-9.4.2\build_msvc\infovis\layout\infovislayout.dir\release\vtkconstrained2dlayoutstrategy.obj
d:\cybermed\daddy\dependency\sdk-vtk-9.4.2\build_msvc\infovis\layout\infovislayout.dir\release\vtkconelayoutstrategy.obj
d:\cybermed\daddy\dependency\sdk-vtk-9.4.2\build_msvc\infovis\layout\infovislayout.dir\release\vtkcommunity2dlayoutstrategy.obj
d:\cybermed\daddy\dependency\sdk-vtk-9.4.2\build_msvc\infovis\layout\infovislayout.dir\release\vtkclustering2dlayoutstrategy.obj
d:\cybermed\daddy\dependency\sdk-vtk-9.4.2\build_msvc\infovis\layout\infovislayout.dir\release\vtkcircularlayoutstrategy.obj
d:\cybermed\daddy\dependency\sdk-vtk-9.4.2\build_msvc\infovis\layout\infovislayout.dir\release\vtkcirclepacktopolydata.obj
d:\cybermed\daddy\dependency\sdk-vtk-9.4.2\build_msvc\infovis\layout\infovislayout.dir\release\vtkcirclepacklayoutstrategy.obj
d:\cybermed\daddy\dependency\sdk-vtk-9.4.2\build_msvc\infovis\layout\infovislayout.dir\release\vtkcirclepacklayout.obj
d:\cybermed\daddy\dependency\sdk-vtk-9.4.2\build_msvc\infovis\layout\infovislayout.dir\release\vtkcirclepackfrontchainlayoutstrategy.obj
d:\cybermed\daddy\dependency\sdk-vtk-9.4.2\build_msvc\infovis\layout\infovislayout.dir\release\vtkboxlayoutstrategy.obj
d:\cybermed\daddy\dependency\sdk-vtk-9.4.2\build_msvc\infovis\layout\infovislayout.dir\release\vtkattributeclustering2dlayoutstrategy.obj
d:\cybermed\daddy\dependency\sdk-vtk-9.4.2\build_msvc\infovis\layout\infovislayout.dir\release\vtkassigncoordinateslayoutstrategy.obj
d:\cybermed\daddy\dependency\sdk-vtk-9.4.2\build_msvc\infovis\layout\infovislayout.dir\release\vtkassigncoordinates.obj
d:\cybermed\daddy\dependency\sdk-vtk-9.4.2\build_msvc\infovis\layout\infovislayout.dir\release\vtkarealayoutstrategy.obj
d:\cybermed\daddy\dependency\sdk-vtk-9.4.2\build_msvc\infovis\layout\infovislayout.dir\release\vtkarealayout.obj
d:\cybermed\daddy\dependency\sdk-vtk-9.4.2\build_msvc\infovis\layout\infovislayout.dir\release\vtkarcparalleledgestrategy.obj
d:\cybermed\daddy\dependency\sdk-vtk-9.4.2\build_msvc\infovis\layout\infovislayout.dir\release\vtktreemaplayout.obj
d:\cybermed\daddy\dependency\sdk-vtk-9.4.2\build_msvc\infovis\layout\infovislayout.dir\release\vtktreelayoutstrategy.obj
d:\cybermed\daddy\dependency\sdk-vtk-9.4.2\build_msvc\infovis\layout\infovislayout.dir\release\vtkstackedtreelayoutstrategy.obj
d:\cybermed\daddy\dependency\sdk-vtk-9.4.2\build_msvc\infovis\layout\infovislayout.dir\release\vtksquarifylayoutstrategy.obj
d:\cybermed\daddy\dependency\sdk-vtk-9.4.2\build_msvc\infovis\layout\infovislayout.dir\release\vtksplinegraphedges.obj
d:\cybermed\daddy\dependency\sdk-vtk-9.4.2\build_msvc\infovis\layout\infovislayout.dir\release\vtkspantreelayoutstrategy.obj
d:\cybermed\daddy\dependency\sdk-vtk-9.4.2\build_msvc\infovis\layout\infovislayout.dir\release\vtksliceanddicelayoutstrategy.obj
d:\cybermed\daddy\dependency\sdk-vtk-9.4.2\build_msvc\infovis\layout\infovislayout.dir\release\vtksimple3dcirclesstrategy.obj
d:\cybermed\daddy\dependency\sdk-vtk-9.4.2\build_msvc\infovis\layout\infovislayout.dir\release\vtksimple2dlayoutstrategy.obj
d:\cybermed\daddy\dependency\sdk-vtk-9.4.2\build_msvc\infovis\layout\infovislayout.dir\release\vtkrandomlayoutstrategy.obj
d:\cybermed\daddy\dependency\sdk-vtk-9.4.2\build_msvc\infovis\layout\infovislayout.dir\release\vtkperturbcoincidentvertices.obj
d:\cybermed\daddy\dependency\sdk-vtk-9.4.2\build_msvc\infovis\layout\infovislayout.dir\release\vtkpassthroughlayoutstrategy.obj
d:\cybermed\daddy\dependency\sdk-vtk-9.4.2\build_msvc\infovis\layout\infovislayout.dir\release\vtkpassthroughedgestrategy.obj
d:\cybermed\daddy\dependency\sdk-vtk-9.4.2\build_msvc\infovis\layout\infovislayout.dir\release\vtkkcorelayout.obj
d:\cybermed\daddy\dependency\sdk-vtk-9.4.2\build_msvc\infovis\layout\infovislayout.dir\release\vtkincrementalforcelayout.obj
d:\cybermed\daddy\dependency\sdk-vtk-9.4.2\build_msvc\infovis\layout\infovislayout.dir\release\vtkgraphlayoutstrategy.obj
d:\cybermed\daddy\dependency\sdk-vtk-9.4.2\build_msvc\infovis\layout\infovislayout.dir\release\vtkgraphlayout.obj
d:\cybermed\daddy\dependency\sdk-vtk-9.4.2\build_msvc\infovis\layout\infovislayout.dir\release\vtkgeomath.obj
d:\cybermed\daddy\dependency\sdk-vtk-9.4.2\build_msvc\infovis\layout\infovislayout.dir\release\vtkgeoedgestrategy.obj
d:\cybermed\daddy\dependency\sdk-vtk-9.4.2\build_msvc\infovis\layout\infovislayout.dir\release\vtkforcedirectedlayoutstrategy.obj
d:\cybermed\daddy\dependency\sdk-vtk-9.4.2\build_msvc\infovis\layout\infovislayout.dir\release\vtktreeringtopolydata.obj
d:\cybermed\daddy\dependency\sdk-vtk-9.4.2\build_msvc\infovis\layout\infovislayout.dir\release\vtktreeorbitlayoutstrategy.obj
d:\cybermed\daddy\dependency\sdk-vtk-9.4.2\build_msvc\infovis\layout\infovislayout.dir\release\vtktreemaptopolydata.obj
d:\cybermed\daddy\dependency\sdk-vtk-9.4.2\build_msvc\infovis\layout\infovislayout.dir\release\vtktreemaplayoutstrategy.obj
d:\cybermed\daddy\dependency\sdk-vtk-9.4.2\build_msvc\infovis\layout\cmakefiles\generate.stamp
d:\cybermed\daddy\dependency\sdk-vtk-9.4.2\build_msvc\bin\release\vtkinfovislayout-9.4.dll
d:\cybermed\daddy\dependency\sdk-vtk-9.4.2\build_msvc\lib\release\vtkinfovislayout-9.4.lib
d:\cybermed\daddy\dependency\sdk-vtk-9.4.2\build_msvc\lib\release\vtkinfovislayout-9.4.exp
d:\cybermed\daddy\dependency\sdk-vtk-9.4.2\build_msvc\infovis\layout\infovislayout.dir\release\infovislayout.tlog\cl.command.1.tlog
d:\cybermed\daddy\dependency\sdk-vtk-9.4.2\build_msvc\infovis\layout\infovislayout.dir\release\infovislayout.tlog\cl.items.tlog
d:\cybermed\daddy\dependency\sdk-vtk-9.4.2\build_msvc\infovis\layout\infovislayout.dir\release\infovislayout.tlog\cl.read.1.tlog
d:\cybermed\daddy\dependency\sdk-vtk-9.4.2\build_msvc\infovis\layout\infovislayout.dir\release\infovislayout.tlog\cl.write.1.tlog
d:\cybermed\daddy\dependency\sdk-vtk-9.4.2\build_msvc\infovis\layout\infovislayout.dir\release\infovislayout.tlog\custombuild.command.1.tlog
d:\cybermed\daddy\dependency\sdk-vtk-9.4.2\build_msvc\infovis\layout\infovislayout.dir\release\infovislayout.tlog\custombuild.read.1.tlog
d:\cybermed\daddy\dependency\sdk-vtk-9.4.2\build_msvc\infovis\layout\infovislayout.dir\release\infovislayout.tlog\custombuild.write.1.tlog
d:\cybermed\daddy\dependency\sdk-vtk-9.4.2\build_msvc\infovis\layout\infovislayout.dir\release\infovislayout.tlog\link.command.1.tlog
d:\cybermed\daddy\dependency\sdk-vtk-9.4.2\build_msvc\infovis\layout\infovislayout.dir\release\infovislayout.tlog\link.read.1.tlog
d:\cybermed\daddy\dependency\sdk-vtk-9.4.2\build_msvc\infovis\layout\infovislayout.dir\release\infovislayout.tlog\link.secondary.1.tlog
d:\cybermed\daddy\dependency\sdk-vtk-9.4.2\build_msvc\infovis\layout\infovislayout.dir\release\infovislayout.tlog\link.write.1.tlog
