d:\cybermed\daddy\dependency\sdk-vtk-9.4.2\build_msvc\guisupport\qt\guisupportqt.dir\release\vtkqttreemodeladapter.obj
d:\cybermed\daddy\dependency\sdk-vtk-9.4.2\build_msvc\guisupport\qt\guisupportqt.dir\release\vtkqttablemodeladapter.obj
d:\cybermed\daddy\dependency\sdk-vtk-9.4.2\build_msvc\guisupport\qt\guisupportqt.dir\release\vtkqtdebugleaksview.obj
d:\cybermed\daddy\dependency\sdk-vtk-9.4.2\build_msvc\guisupport\qt\guisupportqt.dir\release\vtkqtdebugleaksmodel.obj
d:\cybermed\daddy\dependency\sdk-vtk-9.4.2\build_msvc\guisupport\qt\guisupportqt.dir\release\vtkqtconnection.obj
d:\cybermed\daddy\dependency\sdk-vtk-9.4.2\build_msvc\guisupport\qt\guisupportqt.dir\release\vtkqtannotationlayersmodeladapter.obj
d:\cybermed\daddy\dependency\sdk-vtk-9.4.2\build_msvc\guisupport\qt\guisupportqt.dir\release\vtkqtabstractmodeladapter.obj
d:\cybermed\daddy\dependency\sdk-vtk-9.4.2\build_msvc\guisupport\qt\guisupportqt.dir\release\vtkqwidgetwidget.obj
d:\cybermed\daddy\dependency\sdk-vtk-9.4.2\build_msvc\guisupport\qt\guisupportqt.dir\release\vtkqwidgettexture.obj
d:\cybermed\daddy\dependency\sdk-vtk-9.4.2\build_msvc\guisupport\qt\guisupportqt.dir\release\vtkqwidgetrepresentation.obj
d:\cybermed\daddy\dependency\sdk-vtk-9.4.2\build_msvc\guisupport\qt\guisupportqt.dir\release\vtkeventqtslotconnect.obj
d:\cybermed\daddy\dependency\sdk-vtk-9.4.2\build_msvc\guisupport\qt\guisupportqt.dir\release\qvtktablemodeladapter.obj
d:\cybermed\daddy\dependency\sdk-vtk-9.4.2\build_msvc\guisupport\qt\guisupportqt.dir\release\qvtkrenderwindowadapter.obj
d:\cybermed\daddy\dependency\sdk-vtk-9.4.2\build_msvc\guisupport\qt\guisupportqt.dir\release\qvtkopenglwindow.obj
d:\cybermed\daddy\dependency\sdk-vtk-9.4.2\build_msvc\guisupport\qt\guisupportqt.dir\release\qvtkopenglstereowidget.obj
d:\cybermed\daddy\dependency\sdk-vtk-9.4.2\build_msvc\guisupport\qt\guisupportqt.dir\release\qvtkopenglnativewidget.obj
d:\cybermed\daddy\dependency\sdk-vtk-9.4.2\build_msvc\guisupport\qt\guisupportqt.dir\release\qvtkinteractoradapter.obj
d:\cybermed\daddy\dependency\sdk-vtk-9.4.2\build_msvc\guisupport\qt\guisupportqt.dir\release\qvtkinteractor.obj
d:\cybermed\daddy\dependency\sdk-vtk-9.4.2\build_msvc\guisupport\qt\guisupportqt.dir\release\qvtkapplication.obj
d:\cybermed\daddy\dependency\sdk-vtk-9.4.2\build_msvc\guisupport\qt\guisupportqt.dir\release\qfiltertreeproxymodel.obj
d:\cybermed\daddy\dependency\sdk-vtk-9.4.2\build_msvc\guisupport\qt\guisupportqt.dir\release\mocs_compilation_release.obj
d:\cybermed\daddy\dependency\sdk-vtk-9.4.2\build_msvc\guisupport\qt\cmakefiles\generate.stamp
d:\cybermed\daddy\dependency\sdk-vtk-9.4.2\build_msvc\bin\release\vtkguisupportqt-9.4.dll
d:\cybermed\daddy\dependency\sdk-vtk-9.4.2\build_msvc\lib\release\vtkguisupportqt-9.4.lib
d:\cybermed\daddy\dependency\sdk-vtk-9.4.2\build_msvc\lib\release\vtkguisupportqt-9.4.exp
d:\cybermed\daddy\dependency\sdk-vtk-9.4.2\build_msvc\guisupport\qt\guisupportqt.dir\release\guisupportqt.tlog\cl.command.1.tlog
d:\cybermed\daddy\dependency\sdk-vtk-9.4.2\build_msvc\guisupport\qt\guisupportqt.dir\release\guisupportqt.tlog\cl.items.tlog
d:\cybermed\daddy\dependency\sdk-vtk-9.4.2\build_msvc\guisupport\qt\guisupportqt.dir\release\guisupportqt.tlog\cl.read.1.tlog
d:\cybermed\daddy\dependency\sdk-vtk-9.4.2\build_msvc\guisupport\qt\guisupportqt.dir\release\guisupportqt.tlog\cl.write.1.tlog
d:\cybermed\daddy\dependency\sdk-vtk-9.4.2\build_msvc\guisupport\qt\guisupportqt.dir\release\guisupportqt.tlog\custombuild.command.1.tlog
d:\cybermed\daddy\dependency\sdk-vtk-9.4.2\build_msvc\guisupport\qt\guisupportqt.dir\release\guisupportqt.tlog\custombuild.read.1.tlog
d:\cybermed\daddy\dependency\sdk-vtk-9.4.2\build_msvc\guisupport\qt\guisupportqt.dir\release\guisupportqt.tlog\custombuild.write.1.tlog
d:\cybermed\daddy\dependency\sdk-vtk-9.4.2\build_msvc\guisupport\qt\guisupportqt.dir\release\guisupportqt.tlog\link.command.1.tlog
d:\cybermed\daddy\dependency\sdk-vtk-9.4.2\build_msvc\guisupport\qt\guisupportqt.dir\release\guisupportqt.tlog\link.read.1.tlog
d:\cybermed\daddy\dependency\sdk-vtk-9.4.2\build_msvc\guisupport\qt\guisupportqt.dir\release\guisupportqt.tlog\link.secondary.1.tlog
d:\cybermed\daddy\dependency\sdk-vtk-9.4.2\build_msvc\guisupport\qt\guisupportqt.dir\release\guisupportqt.tlog\link.write.1.tlog
