d:\cybermed\daddy\dependency\sdk-vtk-9.4.2\build_msvc\lib\debug\vtkgeoviscore-9.4d.pdb
d:\cybermed\daddy\dependency\sdk-vtk-9.4.2\build_msvc\geovis\core\geoviscore.dir\debug\vtkgeotransform.obj
d:\cybermed\daddy\dependency\sdk-vtk-9.4.2\build_msvc\geovis\core\geoviscore.dir\debug\vtkgeoprojection.obj
d:\cybermed\daddy\dependency\sdk-vtk-9.4.2\build_msvc\geovis\core\geoviscore.dir\debug\vc143.pdb
d:\cybermed\daddy\dependency\sdk-vtk-9.4.2\build_msvc\geovis\core\cmakefiles\generate.stamp
d:\cybermed\daddy\dependency\sdk-vtk-9.4.2\build_msvc\lib\debug\vtkgeoviscore-9.4d.lib
d:\cybermed\daddy\dependency\sdk-vtk-9.4.2\build_msvc\bin\debug\vtkgeoviscore-9.4d.dll
d:\cybermed\daddy\dependency\sdk-vtk-9.4.2\build_msvc\bin\debug\vtkgeoviscore-9.4d.pdb
d:\cybermed\daddy\dependency\sdk-vtk-9.4.2\build_msvc\lib\debug\vtkgeoviscore-9.4d.exp
d:\cybermed\daddy\dependency\sdk-vtk-9.4.2\build_msvc\geovis\core\geoviscore.dir\debug\vtkgeoviscore-9.4d.ilk
d:\cybermed\daddy\dependency\sdk-vtk-9.4.2\build_msvc\geovis\core\geoviscore.dir\debug\geoviscore.tlog\cl.command.1.tlog
d:\cybermed\daddy\dependency\sdk-vtk-9.4.2\build_msvc\geovis\core\geoviscore.dir\debug\geoviscore.tlog\cl.items.tlog
d:\cybermed\daddy\dependency\sdk-vtk-9.4.2\build_msvc\geovis\core\geoviscore.dir\debug\geoviscore.tlog\cl.read.1.tlog
d:\cybermed\daddy\dependency\sdk-vtk-9.4.2\build_msvc\geovis\core\geoviscore.dir\debug\geoviscore.tlog\cl.write.1.tlog
d:\cybermed\daddy\dependency\sdk-vtk-9.4.2\build_msvc\geovis\core\geoviscore.dir\debug\geoviscore.tlog\custombuild.command.1.tlog
d:\cybermed\daddy\dependency\sdk-vtk-9.4.2\build_msvc\geovis\core\geoviscore.dir\debug\geoviscore.tlog\custombuild.read.1.tlog
d:\cybermed\daddy\dependency\sdk-vtk-9.4.2\build_msvc\geovis\core\geoviscore.dir\debug\geoviscore.tlog\custombuild.write.1.tlog
d:\cybermed\daddy\dependency\sdk-vtk-9.4.2\build_msvc\geovis\core\geoviscore.dir\debug\geoviscore.tlog\lib-link.read.1.tlog
d:\cybermed\daddy\dependency\sdk-vtk-9.4.2\build_msvc\geovis\core\geoviscore.dir\debug\geoviscore.tlog\lib-link.write.1.tlog
d:\cybermed\daddy\dependency\sdk-vtk-9.4.2\build_msvc\geovis\core\geoviscore.dir\debug\geoviscore.tlog\lib.command.1.tlog
d:\cybermed\daddy\dependency\sdk-vtk-9.4.2\build_msvc\geovis\core\geoviscore.dir\debug\geoviscore.tlog\link.command.1.tlog
d:\cybermed\daddy\dependency\sdk-vtk-9.4.2\build_msvc\geovis\core\geoviscore.dir\debug\geoviscore.tlog\link.read.1.tlog
d:\cybermed\daddy\dependency\sdk-vtk-9.4.2\build_msvc\geovis\core\geoviscore.dir\debug\geoviscore.tlog\link.secondary.1.tlog
d:\cybermed\daddy\dependency\sdk-vtk-9.4.2\build_msvc\geovis\core\geoviscore.dir\debug\geoviscore.tlog\link.write.1.tlog
