d:\cybermed\daddy\dependency\sdk-vtk-9.4.2\build_msvc\lib\debug\vtkioamr-9.4d.pdb
d:\cybermed\daddy\dependency\sdk-vtk-9.4.2\build_msvc\io\amr\ioamr.dir\debug\vtkamrvelodynereaderinternal.obj
d:\cybermed\daddy\dependency\sdk-vtk-9.4.2\build_msvc\io\amr\ioamr.dir\debug\vtkamrflashreaderinternal.obj
d:\cybermed\daddy\dependency\sdk-vtk-9.4.2\build_msvc\io\amr\ioamr.dir\debug\vtkamrexgridreaderinternal.obj
d:\cybermed\daddy\dependency\sdk-vtk-9.4.2\build_msvc\io\amr\ioamr.dir\debug\vtkamrenzoreaderinternal.obj
d:\cybermed\daddy\dependency\sdk-vtk-9.4.2\build_msvc\io\amr\ioamr.dir\debug\vtkamrvelodynereader.obj
d:\cybermed\daddy\dependency\sdk-vtk-9.4.2\build_msvc\io\amr\ioamr.dir\debug\vtkamrflashreader.obj
d:\cybermed\daddy\dependency\sdk-vtk-9.4.2\build_msvc\io\amr\ioamr.dir\debug\vtkamrflashparticlesreader.obj
d:\cybermed\daddy\dependency\sdk-vtk-9.4.2\build_msvc\io\amr\ioamr.dir\debug\vtkamrexparticlesreader.obj
d:\cybermed\daddy\dependency\sdk-vtk-9.4.2\build_msvc\io\amr\ioamr.dir\debug\vtkamrexgridreader.obj
d:\cybermed\daddy\dependency\sdk-vtk-9.4.2\build_msvc\io\amr\ioamr.dir\debug\vtkamrenzoreader.obj
d:\cybermed\daddy\dependency\sdk-vtk-9.4.2\build_msvc\io\amr\ioamr.dir\debug\vtkamrenzoparticlesreader.obj
d:\cybermed\daddy\dependency\sdk-vtk-9.4.2\build_msvc\io\amr\ioamr.dir\debug\vtkamrdatasetcache.obj
d:\cybermed\daddy\dependency\sdk-vtk-9.4.2\build_msvc\io\amr\ioamr.dir\debug\vtkamrbasereader.obj
d:\cybermed\daddy\dependency\sdk-vtk-9.4.2\build_msvc\io\amr\ioamr.dir\debug\vtkamrbaseparticlesreader.obj
d:\cybermed\daddy\dependency\sdk-vtk-9.4.2\build_msvc\io\amr\ioamr.dir\debug\vc143.pdb
d:\cybermed\daddy\dependency\sdk-vtk-9.4.2\build_msvc\io\amr\cmakefiles\generate.stamp
d:\cybermed\daddy\dependency\sdk-vtk-9.4.2\build_msvc\lib\debug\vtkioamr-9.4d.lib
d:\cybermed\daddy\dependency\sdk-vtk-9.4.2\build_msvc\bin\debug\vtkioamr-9.4d.dll
d:\cybermed\daddy\dependency\sdk-vtk-9.4.2\build_msvc\bin\debug\vtkioamr-9.4d.pdb
d:\cybermed\daddy\dependency\sdk-vtk-9.4.2\build_msvc\lib\debug\vtkioamr-9.4d.exp
d:\cybermed\daddy\dependency\sdk-vtk-9.4.2\build_msvc\io\amr\ioamr.dir\debug\vtkioamr-9.4d.ilk
d:\cybermed\daddy\dependency\sdk-vtk-9.4.2\build_msvc\io\amr\ioamr.dir\debug\ioamr.tlog\cl.command.1.tlog
d:\cybermed\daddy\dependency\sdk-vtk-9.4.2\build_msvc\io\amr\ioamr.dir\debug\ioamr.tlog\cl.items.tlog
d:\cybermed\daddy\dependency\sdk-vtk-9.4.2\build_msvc\io\amr\ioamr.dir\debug\ioamr.tlog\cl.read.1.tlog
d:\cybermed\daddy\dependency\sdk-vtk-9.4.2\build_msvc\io\amr\ioamr.dir\debug\ioamr.tlog\cl.write.1.tlog
d:\cybermed\daddy\dependency\sdk-vtk-9.4.2\build_msvc\io\amr\ioamr.dir\debug\ioamr.tlog\custombuild.command.1.tlog
d:\cybermed\daddy\dependency\sdk-vtk-9.4.2\build_msvc\io\amr\ioamr.dir\debug\ioamr.tlog\custombuild.read.1.tlog
d:\cybermed\daddy\dependency\sdk-vtk-9.4.2\build_msvc\io\amr\ioamr.dir\debug\ioamr.tlog\custombuild.write.1.tlog
d:\cybermed\daddy\dependency\sdk-vtk-9.4.2\build_msvc\io\amr\ioamr.dir\debug\ioamr.tlog\lib-link.read.1.tlog
d:\cybermed\daddy\dependency\sdk-vtk-9.4.2\build_msvc\io\amr\ioamr.dir\debug\ioamr.tlog\lib-link.write.1.tlog
d:\cybermed\daddy\dependency\sdk-vtk-9.4.2\build_msvc\io\amr\ioamr.dir\debug\ioamr.tlog\lib.command.1.tlog
d:\cybermed\daddy\dependency\sdk-vtk-9.4.2\build_msvc\io\amr\ioamr.dir\debug\ioamr.tlog\link.command.1.tlog
d:\cybermed\daddy\dependency\sdk-vtk-9.4.2\build_msvc\io\amr\ioamr.dir\debug\ioamr.tlog\link.read.1.tlog
d:\cybermed\daddy\dependency\sdk-vtk-9.4.2\build_msvc\io\amr\ioamr.dir\debug\ioamr.tlog\link.secondary.1.tlog
d:\cybermed\daddy\dependency\sdk-vtk-9.4.2\build_msvc\io\amr\ioamr.dir\debug\ioamr.tlog\link.write.1.tlog
