d:\cybermed\daddy\dependency\sdk-vtk-9.4.2\build_msvc\lib\debug\vtkimagingsources-9.4d.pdb
d:\cybermed\daddy\dependency\sdk-vtk-9.4.2\build_msvc\imaging\sources\imagingsources.dir\debug\vtkimagesinusoidsource.obj
d:\cybermed\daddy\dependency\sdk-vtk-9.4.2\build_msvc\imaging\sources\imagingsources.dir\debug\vtkimagenoisesource.obj
d:\cybermed\daddy\dependency\sdk-vtk-9.4.2\build_msvc\imaging\sources\imagingsources.dir\debug\vtkimagemandelbrotsource.obj
d:\cybermed\daddy\dependency\sdk-vtk-9.4.2\build_msvc\imaging\sources\imagingsources.dir\debug\vtkimagegridsource.obj
d:\cybermed\daddy\dependency\sdk-vtk-9.4.2\build_msvc\imaging\sources\imagingsources.dir\debug\vtkimagegaussiansource.obj
d:\cybermed\daddy\dependency\sdk-vtk-9.4.2\build_msvc\imaging\sources\imagingsources.dir\debug\vtkimageellipsoidsource.obj
d:\cybermed\daddy\dependency\sdk-vtk-9.4.2\build_msvc\imaging\sources\imagingsources.dir\debug\vtkimagecanvassource2d.obj
d:\cybermed\daddy\dependency\sdk-vtk-9.4.2\build_msvc\imaging\sources\imagingsources.dir\debug\vc143.pdb
d:\cybermed\daddy\dependency\sdk-vtk-9.4.2\build_msvc\imaging\sources\cmakefiles\generate.stamp
d:\cybermed\daddy\dependency\sdk-vtk-9.4.2\build_msvc\lib\debug\vtkimagingsources-9.4d.lib
d:\cybermed\daddy\dependency\sdk-vtk-9.4.2\build_msvc\bin\debug\vtkimagingsources-9.4d.dll
d:\cybermed\daddy\dependency\sdk-vtk-9.4.2\build_msvc\bin\debug\vtkimagingsources-9.4d.pdb
d:\cybermed\daddy\dependency\sdk-vtk-9.4.2\build_msvc\lib\debug\vtkimagingsources-9.4d.exp
d:\cybermed\daddy\dependency\sdk-vtk-9.4.2\build_msvc\imaging\sources\imagingsources.dir\debug\vtkimagingsources-9.4d.ilk
d:\cybermed\daddy\dependency\sdk-vtk-9.4.2\build_msvc\imaging\sources\imagingsources.dir\debug\imagingsources.tlog\cl.command.1.tlog
d:\cybermed\daddy\dependency\sdk-vtk-9.4.2\build_msvc\imaging\sources\imagingsources.dir\debug\imagingsources.tlog\cl.items.tlog
d:\cybermed\daddy\dependency\sdk-vtk-9.4.2\build_msvc\imaging\sources\imagingsources.dir\debug\imagingsources.tlog\cl.read.1.tlog
d:\cybermed\daddy\dependency\sdk-vtk-9.4.2\build_msvc\imaging\sources\imagingsources.dir\debug\imagingsources.tlog\cl.write.1.tlog
d:\cybermed\daddy\dependency\sdk-vtk-9.4.2\build_msvc\imaging\sources\imagingsources.dir\debug\imagingsources.tlog\custombuild.command.1.tlog
d:\cybermed\daddy\dependency\sdk-vtk-9.4.2\build_msvc\imaging\sources\imagingsources.dir\debug\imagingsources.tlog\custombuild.read.1.tlog
d:\cybermed\daddy\dependency\sdk-vtk-9.4.2\build_msvc\imaging\sources\imagingsources.dir\debug\imagingsources.tlog\custombuild.write.1.tlog
d:\cybermed\daddy\dependency\sdk-vtk-9.4.2\build_msvc\imaging\sources\imagingsources.dir\debug\imagingsources.tlog\lib-link.read.1.tlog
d:\cybermed\daddy\dependency\sdk-vtk-9.4.2\build_msvc\imaging\sources\imagingsources.dir\debug\imagingsources.tlog\lib-link.write.1.tlog
d:\cybermed\daddy\dependency\sdk-vtk-9.4.2\build_msvc\imaging\sources\imagingsources.dir\debug\imagingsources.tlog\lib.command.1.tlog
d:\cybermed\daddy\dependency\sdk-vtk-9.4.2\build_msvc\imaging\sources\imagingsources.dir\debug\imagingsources.tlog\link.command.1.tlog
d:\cybermed\daddy\dependency\sdk-vtk-9.4.2\build_msvc\imaging\sources\imagingsources.dir\debug\imagingsources.tlog\link.read.1.tlog
d:\cybermed\daddy\dependency\sdk-vtk-9.4.2\build_msvc\imaging\sources\imagingsources.dir\debug\imagingsources.tlog\link.secondary.1.tlog
d:\cybermed\daddy\dependency\sdk-vtk-9.4.2\build_msvc\imaging\sources\imagingsources.dir\debug\imagingsources.tlog\link.write.1.tlog
