d:\cybermed\daddy\dependency\sdk-vtk-9.4.2\build_msvc\lib\debug\vtkjpeg-9.4d.pdb
d:\cybermed\daddy\dependency\sdk-vtk-9.4.2\build_msvc\thirdparty\jpeg\vtkjpeg\jpeg.dir\debug\jdatadst.obj
d:\cybermed\daddy\dependency\sdk-vtk-9.4.2\build_msvc\thirdparty\jpeg\vtkjpeg\jpeg.dir\debug\jdapistd.obj
d:\cybermed\daddy\dependency\sdk-vtk-9.4.2\build_msvc\thirdparty\jpeg\vtkjpeg\jpeg.dir\debug\jdapimin.obj
d:\cybermed\daddy\dependency\sdk-vtk-9.4.2\build_msvc\thirdparty\jpeg\vtkjpeg\jpeg.dir\debug\jctrans.obj
d:\cybermed\daddy\dependency\sdk-vtk-9.4.2\build_msvc\thirdparty\jpeg\vtkjpeg\jpeg.dir\debug\jcsample.obj
d:\cybermed\daddy\dependency\sdk-vtk-9.4.2\build_msvc\thirdparty\jpeg\vtkjpeg\jpeg.dir\debug\jcprepct.obj
d:\cybermed\daddy\dependency\sdk-vtk-9.4.2\build_msvc\thirdparty\jpeg\vtkjpeg\jpeg.dir\debug\jcphuff.obj
d:\cybermed\daddy\dependency\sdk-vtk-9.4.2\build_msvc\thirdparty\jpeg\vtkjpeg\jpeg.dir\debug\jcparam.obj
d:\cybermed\daddy\dependency\sdk-vtk-9.4.2\build_msvc\thirdparty\jpeg\vtkjpeg\jpeg.dir\debug\jcomapi.obj
d:\cybermed\daddy\dependency\sdk-vtk-9.4.2\build_msvc\thirdparty\jpeg\vtkjpeg\jpeg.dir\debug\jcmaster.obj
d:\cybermed\daddy\dependency\sdk-vtk-9.4.2\build_msvc\thirdparty\jpeg\vtkjpeg\jpeg.dir\debug\jcmarker.obj
d:\cybermed\daddy\dependency\sdk-vtk-9.4.2\build_msvc\thirdparty\jpeg\vtkjpeg\jpeg.dir\debug\jcmainct.obj
d:\cybermed\daddy\dependency\sdk-vtk-9.4.2\build_msvc\thirdparty\jpeg\vtkjpeg\jpeg.dir\debug\jcinit.obj
d:\cybermed\daddy\dependency\sdk-vtk-9.4.2\build_msvc\thirdparty\jpeg\vtkjpeg\jpeg.dir\debug\jcicc.obj
d:\cybermed\daddy\dependency\sdk-vtk-9.4.2\build_msvc\thirdparty\jpeg\vtkjpeg\jpeg.dir\debug\jchuff.obj
d:\cybermed\daddy\dependency\sdk-vtk-9.4.2\build_msvc\thirdparty\jpeg\vtkjpeg\jpeg.dir\debug\jcdctmgr.obj
d:\cybermed\daddy\dependency\sdk-vtk-9.4.2\build_msvc\thirdparty\jpeg\vtkjpeg\jpeg.dir\debug\jccolor.obj
d:\cybermed\daddy\dependency\sdk-vtk-9.4.2\build_msvc\thirdparty\jpeg\vtkjpeg\jpeg.dir\debug\jccoefct.obj
d:\cybermed\daddy\dependency\sdk-vtk-9.4.2\build_msvc\thirdparty\jpeg\vtkjpeg\jpeg.dir\debug\jcapistd.obj
d:\cybermed\daddy\dependency\sdk-vtk-9.4.2\build_msvc\thirdparty\jpeg\vtkjpeg\jpeg.dir\debug\jcapimin.obj
d:\cybermed\daddy\dependency\sdk-vtk-9.4.2\build_msvc\thirdparty\jpeg\vtkjpeg\jpeg.dir\debug\jidctflt.obj
d:\cybermed\daddy\dependency\sdk-vtk-9.4.2\build_msvc\thirdparty\jpeg\vtkjpeg\jpeg.dir\debug\jfdctint.obj
d:\cybermed\daddy\dependency\sdk-vtk-9.4.2\build_msvc\thirdparty\jpeg\vtkjpeg\jpeg.dir\debug\jfdctfst.obj
d:\cybermed\daddy\dependency\sdk-vtk-9.4.2\build_msvc\thirdparty\jpeg\vtkjpeg\jpeg.dir\debug\jfdctflt.obj
d:\cybermed\daddy\dependency\sdk-vtk-9.4.2\build_msvc\thirdparty\jpeg\vtkjpeg\jpeg.dir\debug\jerror.obj
d:\cybermed\daddy\dependency\sdk-vtk-9.4.2\build_msvc\thirdparty\jpeg\vtkjpeg\jpeg.dir\debug\jdtrans.obj
d:\cybermed\daddy\dependency\sdk-vtk-9.4.2\build_msvc\thirdparty\jpeg\vtkjpeg\jpeg.dir\debug\jdsample.obj
d:\cybermed\daddy\dependency\sdk-vtk-9.4.2\build_msvc\thirdparty\jpeg\vtkjpeg\jpeg.dir\debug\jdpostct.obj
d:\cybermed\daddy\dependency\sdk-vtk-9.4.2\build_msvc\thirdparty\jpeg\vtkjpeg\jpeg.dir\debug\jdphuff.obj
d:\cybermed\daddy\dependency\sdk-vtk-9.4.2\build_msvc\thirdparty\jpeg\vtkjpeg\jpeg.dir\debug\jdmerge.obj
d:\cybermed\daddy\dependency\sdk-vtk-9.4.2\build_msvc\thirdparty\jpeg\vtkjpeg\jpeg.dir\debug\jdmaster.obj
d:\cybermed\daddy\dependency\sdk-vtk-9.4.2\build_msvc\thirdparty\jpeg\vtkjpeg\jpeg.dir\debug\jdmarker.obj
d:\cybermed\daddy\dependency\sdk-vtk-9.4.2\build_msvc\thirdparty\jpeg\vtkjpeg\jpeg.dir\debug\jdmainct.obj
d:\cybermed\daddy\dependency\sdk-vtk-9.4.2\build_msvc\thirdparty\jpeg\vtkjpeg\jpeg.dir\debug\jdinput.obj
d:\cybermed\daddy\dependency\sdk-vtk-9.4.2\build_msvc\thirdparty\jpeg\vtkjpeg\jpeg.dir\debug\jdicc.obj
d:\cybermed\daddy\dependency\sdk-vtk-9.4.2\build_msvc\thirdparty\jpeg\vtkjpeg\jpeg.dir\debug\jdhuff.obj
d:\cybermed\daddy\dependency\sdk-vtk-9.4.2\build_msvc\thirdparty\jpeg\vtkjpeg\jpeg.dir\debug\jddctmgr.obj
d:\cybermed\daddy\dependency\sdk-vtk-9.4.2\build_msvc\thirdparty\jpeg\vtkjpeg\jpeg.dir\debug\jdcolor.obj
d:\cybermed\daddy\dependency\sdk-vtk-9.4.2\build_msvc\thirdparty\jpeg\vtkjpeg\jpeg.dir\debug\jdcoefct.obj
d:\cybermed\daddy\dependency\sdk-vtk-9.4.2\build_msvc\thirdparty\jpeg\vtkjpeg\jpeg.dir\debug\jdatasrc.obj
d:\cybermed\daddy\dependency\sdk-vtk-9.4.2\build_msvc\thirdparty\jpeg\vtkjpeg\jpeg.dir\debug\jsimd_none.obj
d:\cybermed\daddy\dependency\sdk-vtk-9.4.2\build_msvc\thirdparty\jpeg\vtkjpeg\jpeg.dir\debug\jdarith.obj
d:\cybermed\daddy\dependency\sdk-vtk-9.4.2\build_msvc\thirdparty\jpeg\vtkjpeg\jpeg.dir\debug\jcarith.obj
d:\cybermed\daddy\dependency\sdk-vtk-9.4.2\build_msvc\thirdparty\jpeg\vtkjpeg\jpeg.dir\debug\jaricom.obj
d:\cybermed\daddy\dependency\sdk-vtk-9.4.2\build_msvc\thirdparty\jpeg\vtkjpeg\jpeg.dir\debug\jmemnobs.obj
d:\cybermed\daddy\dependency\sdk-vtk-9.4.2\build_msvc\thirdparty\jpeg\vtkjpeg\jpeg.dir\debug\jmemmgr.obj
d:\cybermed\daddy\dependency\sdk-vtk-9.4.2\build_msvc\thirdparty\jpeg\vtkjpeg\jpeg.dir\debug\jutils.obj
d:\cybermed\daddy\dependency\sdk-vtk-9.4.2\build_msvc\thirdparty\jpeg\vtkjpeg\jpeg.dir\debug\jquant2.obj
d:\cybermed\daddy\dependency\sdk-vtk-9.4.2\build_msvc\thirdparty\jpeg\vtkjpeg\jpeg.dir\debug\jquant1.obj
d:\cybermed\daddy\dependency\sdk-vtk-9.4.2\build_msvc\thirdparty\jpeg\vtkjpeg\jpeg.dir\debug\jidctred.obj
d:\cybermed\daddy\dependency\sdk-vtk-9.4.2\build_msvc\thirdparty\jpeg\vtkjpeg\jpeg.dir\debug\jidctint.obj
d:\cybermed\daddy\dependency\sdk-vtk-9.4.2\build_msvc\thirdparty\jpeg\vtkjpeg\jpeg.dir\debug\jidctfst.obj
d:\cybermed\daddy\dependency\sdk-vtk-9.4.2\build_msvc\thirdparty\jpeg\vtkjpeg\jpeg.dir\debug\vc143.pdb
d:\cybermed\daddy\dependency\sdk-vtk-9.4.2\build_msvc\thirdparty\jpeg\vtkjpeg\cmakefiles\generate.stamp
d:\cybermed\daddy\dependency\sdk-vtk-9.4.2\build_msvc\lib\debug\vtkjpeg-9.4d.lib
d:\cybermed\daddy\dependency\sdk-vtk-9.4.2\build_msvc\bin\debug\vtkjpeg-9.4d.dll
d:\cybermed\daddy\dependency\sdk-vtk-9.4.2\build_msvc\bin\debug\vtkjpeg-9.4d.pdb
d:\cybermed\daddy\dependency\sdk-vtk-9.4.2\build_msvc\lib\debug\vtkjpeg-9.4d.exp
d:\cybermed\daddy\dependency\sdk-vtk-9.4.2\build_msvc\thirdparty\jpeg\vtkjpeg\jpeg.dir\debug\vtkjpeg-9.4d.ilk
d:\cybermed\daddy\dependency\sdk-vtk-9.4.2\build_msvc\thirdparty\jpeg\vtkjpeg\jpeg.dir\debug\jpeg.tlog\cl.command.1.tlog
d:\cybermed\daddy\dependency\sdk-vtk-9.4.2\build_msvc\thirdparty\jpeg\vtkjpeg\jpeg.dir\debug\jpeg.tlog\cl.items.tlog
d:\cybermed\daddy\dependency\sdk-vtk-9.4.2\build_msvc\thirdparty\jpeg\vtkjpeg\jpeg.dir\debug\jpeg.tlog\cl.read.1.tlog
d:\cybermed\daddy\dependency\sdk-vtk-9.4.2\build_msvc\thirdparty\jpeg\vtkjpeg\jpeg.dir\debug\jpeg.tlog\cl.write.1.tlog
d:\cybermed\daddy\dependency\sdk-vtk-9.4.2\build_msvc\thirdparty\jpeg\vtkjpeg\jpeg.dir\debug\jpeg.tlog\custombuild.command.1.tlog
d:\cybermed\daddy\dependency\sdk-vtk-9.4.2\build_msvc\thirdparty\jpeg\vtkjpeg\jpeg.dir\debug\jpeg.tlog\custombuild.read.1.tlog
d:\cybermed\daddy\dependency\sdk-vtk-9.4.2\build_msvc\thirdparty\jpeg\vtkjpeg\jpeg.dir\debug\jpeg.tlog\custombuild.write.1.tlog
d:\cybermed\daddy\dependency\sdk-vtk-9.4.2\build_msvc\thirdparty\jpeg\vtkjpeg\jpeg.dir\debug\jpeg.tlog\lib-link.read.1.tlog
d:\cybermed\daddy\dependency\sdk-vtk-9.4.2\build_msvc\thirdparty\jpeg\vtkjpeg\jpeg.dir\debug\jpeg.tlog\lib-link.write.1.tlog
d:\cybermed\daddy\dependency\sdk-vtk-9.4.2\build_msvc\thirdparty\jpeg\vtkjpeg\jpeg.dir\debug\jpeg.tlog\lib.command.1.tlog
d:\cybermed\daddy\dependency\sdk-vtk-9.4.2\build_msvc\thirdparty\jpeg\vtkjpeg\jpeg.dir\debug\jpeg.tlog\link.command.1.tlog
d:\cybermed\daddy\dependency\sdk-vtk-9.4.2\build_msvc\thirdparty\jpeg\vtkjpeg\jpeg.dir\debug\jpeg.tlog\link.read.1.tlog
d:\cybermed\daddy\dependency\sdk-vtk-9.4.2\build_msvc\thirdparty\jpeg\vtkjpeg\jpeg.dir\debug\jpeg.tlog\link.secondary.1.tlog
d:\cybermed\daddy\dependency\sdk-vtk-9.4.2\build_msvc\thirdparty\jpeg\vtkjpeg\jpeg.dir\debug\jpeg.tlog\link.write.1.tlog
