d:\cybermed\daddy\dependency\sdk-vtk-9.4.2\build_msvc\lib\debug\vtksys-9.4d.pdb
d:\cybermed\daddy\dependency\sdk-vtk-9.4.2\build_msvc\utilities\kwsys\vtksys\vtksys.dir\debug\md5.obj
d:\cybermed\daddy\dependency\sdk-vtk-9.4.2\build_msvc\utilities\kwsys\vtksys\vtksys.dir\debug\base64.obj
d:\cybermed\daddy\dependency\sdk-vtk-9.4.2\build_msvc\utilities\kwsys\vtksys\vtksys.dir\debug\processwin32.obj
d:\cybermed\daddy\dependency\sdk-vtk-9.4.2\build_msvc\utilities\kwsys\vtksys\vtksys.dir\debug\vc143.pdb
d:\cybermed\daddy\dependency\sdk-vtk-9.4.2\build_msvc\utilities\kwsys\vtksys\vtksys.dir\debug\encodingc.obj
d:\cybermed\daddy\dependency\sdk-vtk-9.4.2\build_msvc\utilities\kwsys\vtksys\vtksys.dir\debug\system.obj
d:\cybermed\daddy\dependency\sdk-vtk-9.4.2\build_msvc\utilities\kwsys\vtksys\vtksys.dir\debug\status.obj
d:\cybermed\daddy\dependency\sdk-vtk-9.4.2\build_msvc\utilities\kwsys\vtksys\vtksys.dir\debug\fstream.obj
d:\cybermed\daddy\dependency\sdk-vtk-9.4.2\build_msvc\utilities\kwsys\vtksys\vtksys.dir\debug\commandlinearguments.obj
d:\cybermed\daddy\dependency\sdk-vtk-9.4.2\build_msvc\utilities\kwsys\vtksys\vtksys.dir\debug\regularexpression.obj
d:\cybermed\daddy\dependency\sdk-vtk-9.4.2\build_msvc\utilities\kwsys\vtksys\vtksys.dir\debug\glob.obj
d:\cybermed\daddy\dependency\sdk-vtk-9.4.2\build_msvc\utilities\kwsys\vtksys\vtksys.dir\debug\directory.obj
d:\cybermed\daddy\dependency\sdk-vtk-9.4.2\build_msvc\utilities\kwsys\vtksys\vtksys.dir\debug\dynamicloader.obj
d:\cybermed\daddy\dependency\sdk-vtk-9.4.2\build_msvc\utilities\kwsys\vtksys\vtksys.dir\debug\encodingcxx.obj
d:\cybermed\daddy\dependency\sdk-vtk-9.4.2\build_msvc\utilities\kwsys\vtksys\vtksys.dir\debug\systemtools.obj
d:\cybermed\daddy\dependency\sdk-vtk-9.4.2\build_msvc\utilities\kwsys\vtksys\vtksys.dir\debug\systeminformation.obj
d:\cybermed\daddy\dependency\sdk-vtk-9.4.2\build_msvc\utilities\kwsys\vtksys\cmakefiles\generate.stamp
d:\cybermed\daddy\dependency\sdk-vtk-9.4.2\build_msvc\lib\debug\vtksys-9.4d.lib
d:\cybermed\daddy\dependency\sdk-vtk-9.4.2\build_msvc\bin\debug\vtksys-9.4d.dll
d:\cybermed\daddy\dependency\sdk-vtk-9.4.2\build_msvc\bin\debug\vtksys-9.4d.pdb
d:\cybermed\daddy\dependency\sdk-vtk-9.4.2\build_msvc\lib\debug\vtksys-9.4d.exp
d:\cybermed\daddy\dependency\sdk-vtk-9.4.2\build_msvc\utilities\kwsys\vtksys\vtksys.dir\debug\vtksys-9.4d.ilk
d:\cybermed\daddy\dependency\sdk-vtk-9.4.2\build_msvc\utilities\kwsys\vtksys\vtksys.dir\debug\vtksys.tlog\cl.command.1.tlog
d:\cybermed\daddy\dependency\sdk-vtk-9.4.2\build_msvc\utilities\kwsys\vtksys\vtksys.dir\debug\vtksys.tlog\cl.items.tlog
d:\cybermed\daddy\dependency\sdk-vtk-9.4.2\build_msvc\utilities\kwsys\vtksys\vtksys.dir\debug\vtksys.tlog\cl.read.1.tlog
d:\cybermed\daddy\dependency\sdk-vtk-9.4.2\build_msvc\utilities\kwsys\vtksys\vtksys.dir\debug\vtksys.tlog\cl.write.1.tlog
d:\cybermed\daddy\dependency\sdk-vtk-9.4.2\build_msvc\utilities\kwsys\vtksys\vtksys.dir\debug\vtksys.tlog\custombuild.command.1.tlog
d:\cybermed\daddy\dependency\sdk-vtk-9.4.2\build_msvc\utilities\kwsys\vtksys\vtksys.dir\debug\vtksys.tlog\custombuild.read.1.tlog
d:\cybermed\daddy\dependency\sdk-vtk-9.4.2\build_msvc\utilities\kwsys\vtksys\vtksys.dir\debug\vtksys.tlog\custombuild.write.1.tlog
d:\cybermed\daddy\dependency\sdk-vtk-9.4.2\build_msvc\utilities\kwsys\vtksys\vtksys.dir\debug\vtksys.tlog\lib-link.read.1.tlog
d:\cybermed\daddy\dependency\sdk-vtk-9.4.2\build_msvc\utilities\kwsys\vtksys\vtksys.dir\debug\vtksys.tlog\lib-link.write.1.tlog
d:\cybermed\daddy\dependency\sdk-vtk-9.4.2\build_msvc\utilities\kwsys\vtksys\vtksys.dir\debug\vtksys.tlog\lib.command.1.tlog
d:\cybermed\daddy\dependency\sdk-vtk-9.4.2\build_msvc\utilities\kwsys\vtksys\vtksys.dir\debug\vtksys.tlog\link.command.1.tlog
d:\cybermed\daddy\dependency\sdk-vtk-9.4.2\build_msvc\utilities\kwsys\vtksys\vtksys.dir\debug\vtksys.tlog\link.read.1.tlog
d:\cybermed\daddy\dependency\sdk-vtk-9.4.2\build_msvc\utilities\kwsys\vtksys\vtksys.dir\debug\vtksys.tlog\link.secondary.1.tlog
d:\cybermed\daddy\dependency\sdk-vtk-9.4.2\build_msvc\utilities\kwsys\vtksys\vtksys.dir\debug\vtksys.tlog\link.write.1.tlog
