d:\cybermed\daddy\dependency\sdk-vtk-9.4.2\build_msvc\lib\debug\vtkdicomparser-9.4d.pdb
d:\cybermed\daddy\dependency\sdk-vtk-9.4.2\build_msvc\utilities\dicomparser\dicomparser.dir\debug\dicomparser.obj
d:\cybermed\daddy\dependency\sdk-vtk-9.4.2\build_msvc\utilities\dicomparser\dicomparser.dir\debug\dicomfile.obj
d:\cybermed\daddy\dependency\sdk-vtk-9.4.2\build_msvc\utilities\dicomparser\dicomparser.dir\debug\dicomapphelper.obj
d:\cybermed\daddy\dependency\sdk-vtk-9.4.2\build_msvc\utilities\dicomparser\dicomparser.dir\debug\vc143.pdb
d:\cybermed\daddy\dependency\sdk-vtk-9.4.2\build_msvc\utilities\dicomparser\cmakefiles\generate.stamp
d:\cybermed\daddy\dependency\sdk-vtk-9.4.2\build_msvc\lib\debug\vtkdicomparser-9.4d.lib
d:\cybermed\daddy\dependency\sdk-vtk-9.4.2\build_msvc\bin\debug\vtkdicomparser-9.4d.dll
d:\cybermed\daddy\dependency\sdk-vtk-9.4.2\build_msvc\bin\debug\vtkdicomparser-9.4d.pdb
d:\cybermed\daddy\dependency\sdk-vtk-9.4.2\build_msvc\lib\debug\vtkdicomparser-9.4d.exp
d:\cybermed\daddy\dependency\sdk-vtk-9.4.2\build_msvc\utilities\dicomparser\dicomparser.dir\debug\vtkdicomparser-9.4d.ilk
d:\cybermed\daddy\dependency\sdk-vtk-9.4.2\build_msvc\utilities\dicomparser\dicomparser.dir\debug\dicomparser.tlog\cl.command.1.tlog
d:\cybermed\daddy\dependency\sdk-vtk-9.4.2\build_msvc\utilities\dicomparser\dicomparser.dir\debug\dicomparser.tlog\cl.items.tlog
d:\cybermed\daddy\dependency\sdk-vtk-9.4.2\build_msvc\utilities\dicomparser\dicomparser.dir\debug\dicomparser.tlog\cl.read.1.tlog
d:\cybermed\daddy\dependency\sdk-vtk-9.4.2\build_msvc\utilities\dicomparser\dicomparser.dir\debug\dicomparser.tlog\cl.write.1.tlog
d:\cybermed\daddy\dependency\sdk-vtk-9.4.2\build_msvc\utilities\dicomparser\dicomparser.dir\debug\dicomparser.tlog\custombuild.command.1.tlog
d:\cybermed\daddy\dependency\sdk-vtk-9.4.2\build_msvc\utilities\dicomparser\dicomparser.dir\debug\dicomparser.tlog\custombuild.read.1.tlog
d:\cybermed\daddy\dependency\sdk-vtk-9.4.2\build_msvc\utilities\dicomparser\dicomparser.dir\debug\dicomparser.tlog\custombuild.write.1.tlog
d:\cybermed\daddy\dependency\sdk-vtk-9.4.2\build_msvc\utilities\dicomparser\dicomparser.dir\debug\dicomparser.tlog\lib-link.read.1.tlog
d:\cybermed\daddy\dependency\sdk-vtk-9.4.2\build_msvc\utilities\dicomparser\dicomparser.dir\debug\dicomparser.tlog\lib-link.write.1.tlog
d:\cybermed\daddy\dependency\sdk-vtk-9.4.2\build_msvc\utilities\dicomparser\dicomparser.dir\debug\dicomparser.tlog\lib.command.1.tlog
d:\cybermed\daddy\dependency\sdk-vtk-9.4.2\build_msvc\utilities\dicomparser\dicomparser.dir\debug\dicomparser.tlog\link.command.1.tlog
d:\cybermed\daddy\dependency\sdk-vtk-9.4.2\build_msvc\utilities\dicomparser\dicomparser.dir\debug\dicomparser.tlog\link.read.1.tlog
d:\cybermed\daddy\dependency\sdk-vtk-9.4.2\build_msvc\utilities\dicomparser\dicomparser.dir\debug\dicomparser.tlog\link.secondary.1.tlog
d:\cybermed\daddy\dependency\sdk-vtk-9.4.2\build_msvc\utilities\dicomparser\dicomparser.dir\debug\dicomparser.tlog\link.write.1.tlog
