d:\cybermed\daddy\dependency\sdk-vtk-9.4.2\build_msvc\lib\debug\vtkfiltersamr-9.4d.pdb
d:\cybermed\daddy\dependency\sdk-vtk-9.4.2\build_msvc\filters\amr\filtersamr.dir\debug\vtkparallelamrutilities.obj
d:\cybermed\daddy\dependency\sdk-vtk-9.4.2\build_msvc\filters\amr\filtersamr.dir\debug\vtkimagetoamr.obj
d:\cybermed\daddy\dependency\sdk-vtk-9.4.2\build_msvc\filters\amr\filtersamr.dir\debug\vtkamrtomultiblockfilter.obj
d:\cybermed\daddy\dependency\sdk-vtk-9.4.2\build_msvc\filters\amr\filtersamr.dir\debug\vtkamrslicefilter.obj
d:\cybermed\daddy\dependency\sdk-vtk-9.4.2\build_msvc\filters\amr\filtersamr.dir\debug\vtkamrresamplefilter.obj
d:\cybermed\daddy\dependency\sdk-vtk-9.4.2\build_msvc\filters\amr\filtersamr.dir\debug\vtkamrgaussianpulsesource.obj
d:\cybermed\daddy\dependency\sdk-vtk-9.4.2\build_msvc\filters\amr\filtersamr.dir\debug\vtkamrcutplane.obj
d:\cybermed\daddy\dependency\sdk-vtk-9.4.2\build_msvc\filters\amr\filtersamr.dir\debug\vc143.pdb
d:\cybermed\daddy\dependency\sdk-vtk-9.4.2\build_msvc\filters\amr\cmakefiles\generate.stamp
d:\cybermed\daddy\dependency\sdk-vtk-9.4.2\build_msvc\lib\debug\vtkfiltersamr-9.4d.lib
d:\cybermed\daddy\dependency\sdk-vtk-9.4.2\build_msvc\bin\debug\vtkfiltersamr-9.4d.dll
d:\cybermed\daddy\dependency\sdk-vtk-9.4.2\build_msvc\bin\debug\vtkfiltersamr-9.4d.pdb
d:\cybermed\daddy\dependency\sdk-vtk-9.4.2\build_msvc\lib\debug\vtkfiltersamr-9.4d.exp
d:\cybermed\daddy\dependency\sdk-vtk-9.4.2\build_msvc\filters\amr\filtersamr.dir\debug\vtkfiltersamr-9.4d.ilk
d:\cybermed\daddy\dependency\sdk-vtk-9.4.2\build_msvc\filters\amr\filtersamr.dir\debug\filtersamr.tlog\cl.command.1.tlog
d:\cybermed\daddy\dependency\sdk-vtk-9.4.2\build_msvc\filters\amr\filtersamr.dir\debug\filtersamr.tlog\cl.items.tlog
d:\cybermed\daddy\dependency\sdk-vtk-9.4.2\build_msvc\filters\amr\filtersamr.dir\debug\filtersamr.tlog\cl.read.1.tlog
d:\cybermed\daddy\dependency\sdk-vtk-9.4.2\build_msvc\filters\amr\filtersamr.dir\debug\filtersamr.tlog\cl.write.1.tlog
d:\cybermed\daddy\dependency\sdk-vtk-9.4.2\build_msvc\filters\amr\filtersamr.dir\debug\filtersamr.tlog\custombuild.command.1.tlog
d:\cybermed\daddy\dependency\sdk-vtk-9.4.2\build_msvc\filters\amr\filtersamr.dir\debug\filtersamr.tlog\custombuild.read.1.tlog
d:\cybermed\daddy\dependency\sdk-vtk-9.4.2\build_msvc\filters\amr\filtersamr.dir\debug\filtersamr.tlog\custombuild.write.1.tlog
d:\cybermed\daddy\dependency\sdk-vtk-9.4.2\build_msvc\filters\amr\filtersamr.dir\debug\filtersamr.tlog\lib-link.read.1.tlog
d:\cybermed\daddy\dependency\sdk-vtk-9.4.2\build_msvc\filters\amr\filtersamr.dir\debug\filtersamr.tlog\lib-link.write.1.tlog
d:\cybermed\daddy\dependency\sdk-vtk-9.4.2\build_msvc\filters\amr\filtersamr.dir\debug\filtersamr.tlog\lib.command.1.tlog
d:\cybermed\daddy\dependency\sdk-vtk-9.4.2\build_msvc\filters\amr\filtersamr.dir\debug\filtersamr.tlog\link.command.1.tlog
d:\cybermed\daddy\dependency\sdk-vtk-9.4.2\build_msvc\filters\amr\filtersamr.dir\debug\filtersamr.tlog\link.read.1.tlog
d:\cybermed\daddy\dependency\sdk-vtk-9.4.2\build_msvc\filters\amr\filtersamr.dir\debug\filtersamr.tlog\link.secondary.1.tlog
d:\cybermed\daddy\dependency\sdk-vtk-9.4.2\build_msvc\filters\amr\filtersamr.dir\debug\filtersamr.tlog\link.write.1.tlog
