d:\cybermed\daddy\dependency\sdk-vtk-9.4.2\build_msvc\lib\debug\vtkrenderingcontext2d-9.4d.pdb
d:\cybermed\daddy\dependency\sdk-vtk-9.4.2\build_msvc\rendering\context2d\renderingcontext2d.dir\debug\vtkpen.obj
d:\cybermed\daddy\dependency\sdk-vtk-9.4.2\build_msvc\rendering\context2d\renderingcontext2d.dir\debug\vtkmarkerutilities.obj
d:\cybermed\daddy\dependency\sdk-vtk-9.4.2\build_msvc\rendering\context2d\renderingcontext2d.dir\debug\vtklabeledcontourpolydataitem.obj
d:\cybermed\daddy\dependency\sdk-vtk-9.4.2\build_msvc\rendering\context2d\renderingcontext2d.dir\debug\vtkimageitem.obj
d:\cybermed\daddy\dependency\sdk-vtk-9.4.2\build_msvc\rendering\context2d\renderingcontext2d.dir\debug\vtkcontexttransform.obj
d:\cybermed\daddy\dependency\sdk-vtk-9.4.2\build_msvc\rendering\context2d\renderingcontext2d.dir\debug\vtkcontextscene.obj
d:\cybermed\daddy\dependency\sdk-vtk-9.4.2\build_msvc\rendering\context2d\renderingcontext2d.dir\debug\vtkcontextmouseevent.obj
d:\cybermed\daddy\dependency\sdk-vtk-9.4.2\build_msvc\rendering\context2d\renderingcontext2d.dir\debug\vtkcontextmapper2d.obj
d:\cybermed\daddy\dependency\sdk-vtk-9.4.2\build_msvc\rendering\context2d\renderingcontext2d.dir\debug\vtkcontextkeyevent.obj
d:\cybermed\daddy\dependency\sdk-vtk-9.4.2\build_msvc\rendering\context2d\renderingcontext2d.dir\debug\vtkcontextitem.obj
d:\cybermed\daddy\dependency\sdk-vtk-9.4.2\build_msvc\rendering\context2d\renderingcontext2d.dir\debug\vtkcontextdevice3d.obj
d:\cybermed\daddy\dependency\sdk-vtk-9.4.2\build_msvc\rendering\context2d\renderingcontext2d.dir\debug\vtkcontextdevice2d.obj
d:\cybermed\daddy\dependency\sdk-vtk-9.4.2\build_msvc\rendering\context2d\renderingcontext2d.dir\debug\vtkcontextclip.obj
d:\cybermed\daddy\dependency\sdk-vtk-9.4.2\build_msvc\rendering\context2d\renderingcontext2d.dir\debug\vtkcontextactor.obj
d:\cybermed\daddy\dependency\sdk-vtk-9.4.2\build_msvc\rendering\context2d\renderingcontext2d.dir\debug\vtkcontext3d.obj
d:\cybermed\daddy\dependency\sdk-vtk-9.4.2\build_msvc\rendering\context2d\renderingcontext2d.dir\debug\vtkcontext2d.obj
d:\cybermed\daddy\dependency\sdk-vtk-9.4.2\build_msvc\rendering\context2d\renderingcontext2d.dir\debug\vtkbrush.obj
d:\cybermed\daddy\dependency\sdk-vtk-9.4.2\build_msvc\rendering\context2d\renderingcontext2d.dir\debug\vtkblockitem.obj
d:\cybermed\daddy\dependency\sdk-vtk-9.4.2\build_msvc\rendering\context2d\renderingcontext2d.dir\debug\vtkabstractcontextitem.obj
d:\cybermed\daddy\dependency\sdk-vtk-9.4.2\build_msvc\rendering\context2d\renderingcontext2d.dir\debug\vtkabstractcontextbufferid.obj
d:\cybermed\daddy\dependency\sdk-vtk-9.4.2\build_msvc\rendering\context2d\renderingcontext2d.dir\debug\vtktooltipitem.obj
d:\cybermed\daddy\dependency\sdk-vtk-9.4.2\build_msvc\rendering\context2d\renderingcontext2d.dir\debug\vtkpropitem.obj
d:\cybermed\daddy\dependency\sdk-vtk-9.4.2\build_msvc\rendering\context2d\renderingcontext2d.dir\debug\vtkpolydataitem.obj
d:\cybermed\daddy\dependency\sdk-vtk-9.4.2\build_msvc\rendering\context2d\renderingcontext2d.dir\debug\vc143.pdb
d:\cybermed\daddy\dependency\sdk-vtk-9.4.2\build_msvc\rendering\context2d\cmakefiles\generate.stamp
d:\cybermed\daddy\dependency\sdk-vtk-9.4.2\build_msvc\lib\debug\vtkrenderingcontext2d-9.4d.lib
d:\cybermed\daddy\dependency\sdk-vtk-9.4.2\build_msvc\bin\debug\vtkrenderingcontext2d-9.4d.dll
d:\cybermed\daddy\dependency\sdk-vtk-9.4.2\build_msvc\bin\debug\vtkrenderingcontext2d-9.4d.pdb
d:\cybermed\daddy\dependency\sdk-vtk-9.4.2\build_msvc\lib\debug\vtkrenderingcontext2d-9.4d.exp
d:\cybermed\daddy\dependency\sdk-vtk-9.4.2\build_msvc\rendering\context2d\renderingcontext2d.dir\debug\vtkrenderingcontext2d-9.4d.ilk
d:\cybermed\daddy\dependency\sdk-vtk-9.4.2\build_msvc\rendering\context2d\renderingcontext2d.dir\debug\renderin.2ee4b28b.tlog\cl.command.1.tlog
d:\cybermed\daddy\dependency\sdk-vtk-9.4.2\build_msvc\rendering\context2d\renderingcontext2d.dir\debug\renderin.2ee4b28b.tlog\cl.items.tlog
d:\cybermed\daddy\dependency\sdk-vtk-9.4.2\build_msvc\rendering\context2d\renderingcontext2d.dir\debug\renderin.2ee4b28b.tlog\cl.read.1.tlog
d:\cybermed\daddy\dependency\sdk-vtk-9.4.2\build_msvc\rendering\context2d\renderingcontext2d.dir\debug\renderin.2ee4b28b.tlog\cl.write.1.tlog
d:\cybermed\daddy\dependency\sdk-vtk-9.4.2\build_msvc\rendering\context2d\renderingcontext2d.dir\debug\renderin.2ee4b28b.tlog\custombuild.command.1.tlog
d:\cybermed\daddy\dependency\sdk-vtk-9.4.2\build_msvc\rendering\context2d\renderingcontext2d.dir\debug\renderin.2ee4b28b.tlog\custombuild.read.1.tlog
d:\cybermed\daddy\dependency\sdk-vtk-9.4.2\build_msvc\rendering\context2d\renderingcontext2d.dir\debug\renderin.2ee4b28b.tlog\custombuild.write.1.tlog
d:\cybermed\daddy\dependency\sdk-vtk-9.4.2\build_msvc\rendering\context2d\renderingcontext2d.dir\debug\renderin.2ee4b28b.tlog\lib-link.read.1.tlog
d:\cybermed\daddy\dependency\sdk-vtk-9.4.2\build_msvc\rendering\context2d\renderingcontext2d.dir\debug\renderin.2ee4b28b.tlog\lib-link.write.1.tlog
d:\cybermed\daddy\dependency\sdk-vtk-9.4.2\build_msvc\rendering\context2d\renderingcontext2d.dir\debug\renderin.2ee4b28b.tlog\lib.command.1.tlog
d:\cybermed\daddy\dependency\sdk-vtk-9.4.2\build_msvc\rendering\context2d\renderingcontext2d.dir\debug\renderin.2ee4b28b.tlog\link.command.1.tlog
d:\cybermed\daddy\dependency\sdk-vtk-9.4.2\build_msvc\rendering\context2d\renderingcontext2d.dir\debug\renderin.2ee4b28b.tlog\link.read.1.tlog
d:\cybermed\daddy\dependency\sdk-vtk-9.4.2\build_msvc\rendering\context2d\renderingcontext2d.dir\debug\renderin.2ee4b28b.tlog\link.secondary.1.tlog
d:\cybermed\daddy\dependency\sdk-vtk-9.4.2\build_msvc\rendering\context2d\renderingcontext2d.dir\debug\renderin.2ee4b28b.tlog\link.write.1.tlog
