d:\cybermed\daddy\dependency\sdk-vtk-9.4.2\build_msvc\lib\debug\vtkioparallel-9.4d.pdb
d:\cybermed\daddy\dependency\sdk-vtk-9.4.2\build_msvc\io\parallel\ioparallel.dir\debug\vtkpopenfoamreader.obj
d:\cybermed\daddy\dependency\sdk-vtk-9.4.2\build_msvc\io\parallel\ioparallel.dir\debug\vtkplot3dmetareader.obj
d:\cybermed\daddy\dependency\sdk-vtk-9.4.2\build_msvc\io\parallel\ioparallel.dir\debug\vtkpimagewriter.obj
d:\cybermed\daddy\dependency\sdk-vtk-9.4.2\build_msvc\io\parallel\ioparallel.dir\debug\vtkpdatasetwriter.obj
d:\cybermed\daddy\dependency\sdk-vtk-9.4.2\build_msvc\io\parallel\ioparallel.dir\debug\vtkpdatasetreader.obj
d:\cybermed\daddy\dependency\sdk-vtk-9.4.2\build_msvc\io\parallel\ioparallel.dir\debug\vtkpchacoreader.obj
d:\cybermed\daddy\dependency\sdk-vtk-9.4.2\build_msvc\io\parallel\ioparallel.dir\debug\vtknek5000reader.obj
d:\cybermed\daddy\dependency\sdk-vtk-9.4.2\build_msvc\io\parallel\ioparallel.dir\debug\vtkmultiblockplot3dreader.obj
d:\cybermed\daddy\dependency\sdk-vtk-9.4.2\build_msvc\io\parallel\ioparallel.dir\debug\vtkensightwriter.obj
d:\cybermed\daddy\dependency\sdk-vtk-9.4.2\build_msvc\io\parallel\ioparallel.dir\debug\vtkmultiblockplot3dreaderinternals.obj
d:\cybermed\daddy\dependency\sdk-vtk-9.4.2\build_msvc\io\parallel\ioparallel.dir\debug\vc143.pdb
d:\cybermed\daddy\dependency\sdk-vtk-9.4.2\build_msvc\io\parallel\cmakefiles\generate.stamp
d:\cybermed\daddy\dependency\sdk-vtk-9.4.2\build_msvc\lib\debug\vtkioparallel-9.4d.lib
d:\cybermed\daddy\dependency\sdk-vtk-9.4.2\build_msvc\bin\debug\vtkioparallel-9.4d.dll
d:\cybermed\daddy\dependency\sdk-vtk-9.4.2\build_msvc\bin\debug\vtkioparallel-9.4d.pdb
d:\cybermed\daddy\dependency\sdk-vtk-9.4.2\build_msvc\lib\debug\vtkioparallel-9.4d.exp
d:\cybermed\daddy\dependency\sdk-vtk-9.4.2\build_msvc\io\parallel\ioparallel.dir\debug\vtkioparallel-9.4d.ilk
d:\cybermed\daddy\dependency\sdk-vtk-9.4.2\build_msvc\io\parallel\ioparallel.dir\debug\ioparallel.tlog\cl.command.1.tlog
d:\cybermed\daddy\dependency\sdk-vtk-9.4.2\build_msvc\io\parallel\ioparallel.dir\debug\ioparallel.tlog\cl.items.tlog
d:\cybermed\daddy\dependency\sdk-vtk-9.4.2\build_msvc\io\parallel\ioparallel.dir\debug\ioparallel.tlog\cl.read.1.tlog
d:\cybermed\daddy\dependency\sdk-vtk-9.4.2\build_msvc\io\parallel\ioparallel.dir\debug\ioparallel.tlog\cl.write.1.tlog
d:\cybermed\daddy\dependency\sdk-vtk-9.4.2\build_msvc\io\parallel\ioparallel.dir\debug\ioparallel.tlog\custombuild.command.1.tlog
d:\cybermed\daddy\dependency\sdk-vtk-9.4.2\build_msvc\io\parallel\ioparallel.dir\debug\ioparallel.tlog\custombuild.read.1.tlog
d:\cybermed\daddy\dependency\sdk-vtk-9.4.2\build_msvc\io\parallel\ioparallel.dir\debug\ioparallel.tlog\custombuild.write.1.tlog
d:\cybermed\daddy\dependency\sdk-vtk-9.4.2\build_msvc\io\parallel\ioparallel.dir\debug\ioparallel.tlog\lib-link.read.1.tlog
d:\cybermed\daddy\dependency\sdk-vtk-9.4.2\build_msvc\io\parallel\ioparallel.dir\debug\ioparallel.tlog\lib-link.write.1.tlog
d:\cybermed\daddy\dependency\sdk-vtk-9.4.2\build_msvc\io\parallel\ioparallel.dir\debug\ioparallel.tlog\lib.command.1.tlog
d:\cybermed\daddy\dependency\sdk-vtk-9.4.2\build_msvc\io\parallel\ioparallel.dir\debug\ioparallel.tlog\link.command.1.tlog
d:\cybermed\daddy\dependency\sdk-vtk-9.4.2\build_msvc\io\parallel\ioparallel.dir\debug\ioparallel.tlog\link.read.1.tlog
d:\cybermed\daddy\dependency\sdk-vtk-9.4.2\build_msvc\io\parallel\ioparallel.dir\debug\ioparallel.tlog\link.secondary.1.tlog
d:\cybermed\daddy\dependency\sdk-vtk-9.4.2\build_msvc\io\parallel\ioparallel.dir\debug\ioparallel.tlog\link.write.1.tlog
