d:\cybermed\daddy\dependency\sdk-vtk-9.4.2\build_msvc\lib\debug\vtkrenderingvolumeamr-9.4d.pdb
d:\cybermed\daddy\dependency\sdk-vtk-9.4.2\build_msvc\rendering\volumeamr\renderingvolumeamr.dir\debug\vtkamrvolumemapper.obj
d:\cybermed\daddy\dependency\sdk-vtk-9.4.2\build_msvc\rendering\volumeamr\renderingvolumeamr.dir\debug\vc143.pdb
d:\cybermed\daddy\dependency\sdk-vtk-9.4.2\build_msvc\rendering\volumeamr\cmakefiles\generate.stamp
d:\cybermed\daddy\dependency\sdk-vtk-9.4.2\build_msvc\lib\debug\vtkrenderingvolumeamr-9.4d.lib
d:\cybermed\daddy\dependency\sdk-vtk-9.4.2\build_msvc\bin\debug\vtkrenderingvolumeamr-9.4d.dll
d:\cybermed\daddy\dependency\sdk-vtk-9.4.2\build_msvc\bin\debug\vtkrenderingvolumeamr-9.4d.pdb
d:\cybermed\daddy\dependency\sdk-vtk-9.4.2\build_msvc\lib\debug\vtkrenderingvolumeamr-9.4d.exp
d:\cybermed\daddy\dependency\sdk-vtk-9.4.2\build_msvc\rendering\volumeamr\renderingvolumeamr.dir\debug\vtkrenderingvolumeamr-9.4d.ilk
d:\cybermed\daddy\dependency\sdk-vtk-9.4.2\build_msvc\rendering\volumeamr\renderingvolumeamr.dir\debug\renderin.fd7ce405.tlog\cl.command.1.tlog
d:\cybermed\daddy\dependency\sdk-vtk-9.4.2\build_msvc\rendering\volumeamr\renderingvolumeamr.dir\debug\renderin.fd7ce405.tlog\cl.items.tlog
d:\cybermed\daddy\dependency\sdk-vtk-9.4.2\build_msvc\rendering\volumeamr\renderingvolumeamr.dir\debug\renderin.fd7ce405.tlog\cl.read.1.tlog
d:\cybermed\daddy\dependency\sdk-vtk-9.4.2\build_msvc\rendering\volumeamr\renderingvolumeamr.dir\debug\renderin.fd7ce405.tlog\cl.write.1.tlog
d:\cybermed\daddy\dependency\sdk-vtk-9.4.2\build_msvc\rendering\volumeamr\renderingvolumeamr.dir\debug\renderin.fd7ce405.tlog\custombuild.command.1.tlog
d:\cybermed\daddy\dependency\sdk-vtk-9.4.2\build_msvc\rendering\volumeamr\renderingvolumeamr.dir\debug\renderin.fd7ce405.tlog\custombuild.read.1.tlog
d:\cybermed\daddy\dependency\sdk-vtk-9.4.2\build_msvc\rendering\volumeamr\renderingvolumeamr.dir\debug\renderin.fd7ce405.tlog\custombuild.write.1.tlog
d:\cybermed\daddy\dependency\sdk-vtk-9.4.2\build_msvc\rendering\volumeamr\renderingvolumeamr.dir\debug\renderin.fd7ce405.tlog\lib-link.read.1.tlog
d:\cybermed\daddy\dependency\sdk-vtk-9.4.2\build_msvc\rendering\volumeamr\renderingvolumeamr.dir\debug\renderin.fd7ce405.tlog\lib-link.write.1.tlog
d:\cybermed\daddy\dependency\sdk-vtk-9.4.2\build_msvc\rendering\volumeamr\renderingvolumeamr.dir\debug\renderin.fd7ce405.tlog\lib.command.1.tlog
d:\cybermed\daddy\dependency\sdk-vtk-9.4.2\build_msvc\rendering\volumeamr\renderingvolumeamr.dir\debug\renderin.fd7ce405.tlog\link.command.1.tlog
d:\cybermed\daddy\dependency\sdk-vtk-9.4.2\build_msvc\rendering\volumeamr\renderingvolumeamr.dir\debug\renderin.fd7ce405.tlog\link.read.1.tlog
d:\cybermed\daddy\dependency\sdk-vtk-9.4.2\build_msvc\rendering\volumeamr\renderingvolumeamr.dir\debug\renderin.fd7ce405.tlog\link.secondary.1.tlog
d:\cybermed\daddy\dependency\sdk-vtk-9.4.2\build_msvc\rendering\volumeamr\renderingvolumeamr.dir\debug\renderin.fd7ce405.tlog\link.write.1.tlog
