d:\cybermed\daddy\dependency\sdk-vtk-9.4.2\build_msvc\lib\debug\vtkcommoncomputationalgeometry-9.4d.pdb
d:\cybermed\daddy\dependency\sdk-vtk-9.4.2\build_msvc\common\computationalgeometry\commoncomputationalgeometry.dir\debug\vtkparametricpseudosphere.obj
d:\cybermed\daddy\dependency\sdk-vtk-9.4.2\build_msvc\common\computationalgeometry\commoncomputationalgeometry.dir\debug\vtkparametricpluckerconoid.obj
d:\cybermed\daddy\dependency\sdk-vtk-9.4.2\build_msvc\common\computationalgeometry\commoncomputationalgeometry.dir\debug\vtkparametricmobius.obj
d:\cybermed\daddy\dependency\sdk-vtk-9.4.2\build_msvc\common\computationalgeometry\commoncomputationalgeometry.dir\debug\vtkparametrickuen.obj
d:\cybermed\daddy\dependency\sdk-vtk-9.4.2\build_msvc\common\computationalgeometry\commoncomputationalgeometry.dir\debug\vtkparametricklein.obj
d:\cybermed\daddy\dependency\sdk-vtk-9.4.2\build_msvc\common\computationalgeometry\commoncomputationalgeometry.dir\debug\vtkparametrichenneberg.obj
d:\cybermed\daddy\dependency\sdk-vtk-9.4.2\build_msvc\common\computationalgeometry\commoncomputationalgeometry.dir\debug\vtkparametricfunction.obj
d:\cybermed\daddy\dependency\sdk-vtk-9.4.2\build_msvc\common\computationalgeometry\commoncomputationalgeometry.dir\debug\vtkparametricfigure8klein.obj
d:\cybermed\daddy\dependency\sdk-vtk-9.4.2\build_msvc\common\computationalgeometry\commoncomputationalgeometry.dir\debug\vtkparametricenneper.obj
d:\cybermed\daddy\dependency\sdk-vtk-9.4.2\build_msvc\common\computationalgeometry\commoncomputationalgeometry.dir\debug\vtkparametricellipsoid.obj
d:\cybermed\daddy\dependency\sdk-vtk-9.4.2\build_msvc\common\computationalgeometry\commoncomputationalgeometry.dir\debug\vtkparametricdini.obj
d:\cybermed\daddy\dependency\sdk-vtk-9.4.2\build_msvc\common\computationalgeometry\commoncomputationalgeometry.dir\debug\vtkparametriccrosscap.obj
d:\cybermed\daddy\dependency\sdk-vtk-9.4.2\build_msvc\common\computationalgeometry\commoncomputationalgeometry.dir\debug\vtkparametricconicspiral.obj
d:\cybermed\daddy\dependency\sdk-vtk-9.4.2\build_msvc\common\computationalgeometry\commoncomputationalgeometry.dir\debug\vtkparametriccatalanminimal.obj
d:\cybermed\daddy\dependency\sdk-vtk-9.4.2\build_msvc\common\computationalgeometry\commoncomputationalgeometry.dir\debug\vtkparametricboy.obj
d:\cybermed\daddy\dependency\sdk-vtk-9.4.2\build_msvc\common\computationalgeometry\commoncomputationalgeometry.dir\debug\vtkparametricbour.obj
d:\cybermed\daddy\dependency\sdk-vtk-9.4.2\build_msvc\common\computationalgeometry\commoncomputationalgeometry.dir\debug\vtkparametricbohemiandome.obj
d:\cybermed\daddy\dependency\sdk-vtk-9.4.2\build_msvc\common\computationalgeometry\commoncomputationalgeometry.dir\debug\vtkkochanekspline.obj
d:\cybermed\daddy\dependency\sdk-vtk-9.4.2\build_msvc\common\computationalgeometry\commoncomputationalgeometry.dir\debug\vtkcardinalspline.obj
d:\cybermed\daddy\dependency\sdk-vtk-9.4.2\build_msvc\common\computationalgeometry\commoncomputationalgeometry.dir\debug\vtkbilinearquadintersection.obj
d:\cybermed\daddy\dependency\sdk-vtk-9.4.2\build_msvc\common\computationalgeometry\commoncomputationalgeometry.dir\debug\vtkparametrictorus.obj
d:\cybermed\daddy\dependency\sdk-vtk-9.4.2\build_msvc\common\computationalgeometry\commoncomputationalgeometry.dir\debug\vtkparametricsupertoroid.obj
d:\cybermed\daddy\dependency\sdk-vtk-9.4.2\build_msvc\common\computationalgeometry\commoncomputationalgeometry.dir\debug\vtkparametricsuperellipsoid.obj
d:\cybermed\daddy\dependency\sdk-vtk-9.4.2\build_msvc\common\computationalgeometry\commoncomputationalgeometry.dir\debug\vtkparametricspline.obj
d:\cybermed\daddy\dependency\sdk-vtk-9.4.2\build_msvc\common\computationalgeometry\commoncomputationalgeometry.dir\debug\vtkparametricroman.obj
d:\cybermed\daddy\dependency\sdk-vtk-9.4.2\build_msvc\common\computationalgeometry\commoncomputationalgeometry.dir\debug\vtkparametricrandomhills.obj
d:\cybermed\daddy\dependency\sdk-vtk-9.4.2\build_msvc\common\computationalgeometry\commoncomputationalgeometry.dir\debug\vc143.pdb
d:\cybermed\daddy\dependency\sdk-vtk-9.4.2\build_msvc\common\computationalgeometry\cmakefiles\generate.stamp
d:\cybermed\daddy\dependency\sdk-vtk-9.4.2\build_msvc\lib\debug\vtkcommoncomputationalgeometry-9.4d.lib
d:\cybermed\daddy\dependency\sdk-vtk-9.4.2\build_msvc\bin\debug\vtkcommoncomputationalgeometry-9.4d.dll
d:\cybermed\daddy\dependency\sdk-vtk-9.4.2\build_msvc\bin\debug\vtkcommoncomputationalgeometry-9.4d.pdb
d:\cybermed\daddy\dependency\sdk-vtk-9.4.2\build_msvc\lib\debug\vtkcommoncomputationalgeometry-9.4d.exp
d:\cybermed\daddy\dependency\sdk-vtk-9.4.2\build_msvc\common\computationalgeometry\commoncomputationalgeometry.dir\debug\vtkcommoncomputationalgeometry-9.4d.ilk
d:\cybermed\daddy\dependency\sdk-vtk-9.4.2\build_msvc\common\computationalgeometry\commoncomputationalgeometry.dir\debug\commonco.65111140.tlog\cl.command.1.tlog
d:\cybermed\daddy\dependency\sdk-vtk-9.4.2\build_msvc\common\computationalgeometry\commoncomputationalgeometry.dir\debug\commonco.65111140.tlog\cl.items.tlog
d:\cybermed\daddy\dependency\sdk-vtk-9.4.2\build_msvc\common\computationalgeometry\commoncomputationalgeometry.dir\debug\commonco.65111140.tlog\cl.read.1.tlog
d:\cybermed\daddy\dependency\sdk-vtk-9.4.2\build_msvc\common\computationalgeometry\commoncomputationalgeometry.dir\debug\commonco.65111140.tlog\cl.write.1.tlog
d:\cybermed\daddy\dependency\sdk-vtk-9.4.2\build_msvc\common\computationalgeometry\commoncomputationalgeometry.dir\debug\commonco.65111140.tlog\custombuild.command.1.tlog
d:\cybermed\daddy\dependency\sdk-vtk-9.4.2\build_msvc\common\computationalgeometry\commoncomputationalgeometry.dir\debug\commonco.65111140.tlog\custombuild.read.1.tlog
d:\cybermed\daddy\dependency\sdk-vtk-9.4.2\build_msvc\common\computationalgeometry\commoncomputationalgeometry.dir\debug\commonco.65111140.tlog\custombuild.write.1.tlog
d:\cybermed\daddy\dependency\sdk-vtk-9.4.2\build_msvc\common\computationalgeometry\commoncomputationalgeometry.dir\debug\commonco.65111140.tlog\lib-link.read.1.tlog
d:\cybermed\daddy\dependency\sdk-vtk-9.4.2\build_msvc\common\computationalgeometry\commoncomputationalgeometry.dir\debug\commonco.65111140.tlog\lib-link.write.1.tlog
d:\cybermed\daddy\dependency\sdk-vtk-9.4.2\build_msvc\common\computationalgeometry\commoncomputationalgeometry.dir\debug\commonco.65111140.tlog\lib.command.1.tlog
d:\cybermed\daddy\dependency\sdk-vtk-9.4.2\build_msvc\common\computationalgeometry\commoncomputationalgeometry.dir\debug\commonco.65111140.tlog\link.command.1.tlog
d:\cybermed\daddy\dependency\sdk-vtk-9.4.2\build_msvc\common\computationalgeometry\commoncomputationalgeometry.dir\debug\commonco.65111140.tlog\link.read.1.tlog
d:\cybermed\daddy\dependency\sdk-vtk-9.4.2\build_msvc\common\computationalgeometry\commoncomputationalgeometry.dir\debug\commonco.65111140.tlog\link.secondary.1.tlog
d:\cybermed\daddy\dependency\sdk-vtk-9.4.2\build_msvc\common\computationalgeometry\commoncomputationalgeometry.dir\debug\commonco.65111140.tlog\link.write.1.tlog
