d:\cybermed\daddy\dependency\sdk-vtk-9.4.2\build_msvc\io\minc\iominc.dir\release\vtkmnitransformwriter.obj
d:\cybermed\daddy\dependency\sdk-vtk-9.4.2\build_msvc\io\minc\iominc.dir\release\vtkmnitransformreader.obj
d:\cybermed\daddy\dependency\sdk-vtk-9.4.2\build_msvc\io\minc\iominc.dir\release\vtkmnitagpointwriter.obj
d:\cybermed\daddy\dependency\sdk-vtk-9.4.2\build_msvc\io\minc\iominc.dir\release\vtkmnitagpointreader.obj
d:\cybermed\daddy\dependency\sdk-vtk-9.4.2\build_msvc\io\minc\iominc.dir\release\vtkmniobjectwriter.obj
d:\cybermed\daddy\dependency\sdk-vtk-9.4.2\build_msvc\io\minc\iominc.dir\release\vtkmniobjectreader.obj
d:\cybermed\daddy\dependency\sdk-vtk-9.4.2\build_msvc\io\minc\iominc.dir\release\vtkmincimagewriter.obj
d:\cybermed\daddy\dependency\sdk-vtk-9.4.2\build_msvc\io\minc\iominc.dir\release\vtkmincimagereader.obj
d:\cybermed\daddy\dependency\sdk-vtk-9.4.2\build_msvc\io\minc\iominc.dir\release\vtkmincimageattributes.obj
d:\cybermed\daddy\dependency\sdk-vtk-9.4.2\build_msvc\io\minc\cmakefiles\generate.stamp
d:\cybermed\daddy\dependency\sdk-vtk-9.4.2\build_msvc\bin\release\vtkiominc-9.4.dll
d:\cybermed\daddy\dependency\sdk-vtk-9.4.2\build_msvc\lib\release\vtkiominc-9.4.lib
d:\cybermed\daddy\dependency\sdk-vtk-9.4.2\build_msvc\lib\release\vtkiominc-9.4.exp
d:\cybermed\daddy\dependency\sdk-vtk-9.4.2\build_msvc\io\minc\iominc.dir\release\iominc.tlog\cl.command.1.tlog
d:\cybermed\daddy\dependency\sdk-vtk-9.4.2\build_msvc\io\minc\iominc.dir\release\iominc.tlog\cl.items.tlog
d:\cybermed\daddy\dependency\sdk-vtk-9.4.2\build_msvc\io\minc\iominc.dir\release\iominc.tlog\cl.read.1.tlog
d:\cybermed\daddy\dependency\sdk-vtk-9.4.2\build_msvc\io\minc\iominc.dir\release\iominc.tlog\cl.write.1.tlog
d:\cybermed\daddy\dependency\sdk-vtk-9.4.2\build_msvc\io\minc\iominc.dir\release\iominc.tlog\custombuild.command.1.tlog
d:\cybermed\daddy\dependency\sdk-vtk-9.4.2\build_msvc\io\minc\iominc.dir\release\iominc.tlog\custombuild.read.1.tlog
d:\cybermed\daddy\dependency\sdk-vtk-9.4.2\build_msvc\io\minc\iominc.dir\release\iominc.tlog\custombuild.write.1.tlog
d:\cybermed\daddy\dependency\sdk-vtk-9.4.2\build_msvc\io\minc\iominc.dir\release\iominc.tlog\link.command.1.tlog
d:\cybermed\daddy\dependency\sdk-vtk-9.4.2\build_msvc\io\minc\iominc.dir\release\iominc.tlog\link.read.1.tlog
d:\cybermed\daddy\dependency\sdk-vtk-9.4.2\build_msvc\io\minc\iominc.dir\release\iominc.tlog\link.secondary.1.tlog
d:\cybermed\daddy\dependency\sdk-vtk-9.4.2\build_msvc\io\minc\iominc.dir\release\iominc.tlog\link.write.1.tlog
