d:\cybermed\daddy\dependency\sdk-vtk-9.4.2\build_msvc\lib\debug\vtkioimage-9.4d.pdb
d:\cybermed\daddy\dependency\sdk-vtk-9.4.2\build_msvc\io\image\ioimage.dir\debug\vtkmetaimagereader.obj
d:\cybermed\daddy\dependency\sdk-vtk-9.4.2\build_msvc\io\image\ioimage.dir\debug\vtkmedicalimagereader2.obj
d:\cybermed\daddy\dependency\sdk-vtk-9.4.2\build_msvc\io\image\ioimage.dir\debug\vtkmedicalimageproperties.obj
d:\cybermed\daddy\dependency\sdk-vtk-9.4.2\build_msvc\io\image\ioimage.dir\debug\vtkjsonimagewriter.obj
d:\cybermed\daddy\dependency\sdk-vtk-9.4.2\build_msvc\io\image\ioimage.dir\debug\vtkjpegwriter.obj
d:\cybermed\daddy\dependency\sdk-vtk-9.4.2\build_msvc\io\image\ioimage.dir\debug\vtkjpegreader.obj
d:\cybermed\daddy\dependency\sdk-vtk-9.4.2\build_msvc\io\image\ioimage.dir\debug\vtkimagewriter.obj
d:\cybermed\daddy\dependency\sdk-vtk-9.4.2\build_msvc\io\image\ioimage.dir\debug\vtkimagereader2factory.obj
d:\cybermed\daddy\dependency\sdk-vtk-9.4.2\build_msvc\io\image\ioimage.dir\debug\vtkimagereader2collection.obj
d:\cybermed\daddy\dependency\sdk-vtk-9.4.2\build_msvc\io\image\ioimage.dir\debug\vtkimagereader2.obj
d:\cybermed\daddy\dependency\sdk-vtk-9.4.2\build_msvc\io\image\ioimage.dir\debug\vtkimagereader.obj
d:\cybermed\daddy\dependency\sdk-vtk-9.4.2\build_msvc\io\image\ioimage.dir\debug\vtkimageimportexecutive.obj
d:\cybermed\daddy\dependency\sdk-vtk-9.4.2\build_msvc\io\image\ioimage.dir\debug\vtkimageimport.obj
d:\cybermed\daddy\dependency\sdk-vtk-9.4.2\build_msvc\io\image\ioimage.dir\debug\vtkimageexport.obj
d:\cybermed\daddy\dependency\sdk-vtk-9.4.2\build_msvc\io\image\ioimage.dir\debug\vtkhdrreader.obj
d:\cybermed\daddy\dependency\sdk-vtk-9.4.2\build_msvc\io\image\ioimage.dir\debug\vtkgesignareader.obj
d:\cybermed\daddy\dependency\sdk-vtk-9.4.2\build_msvc\io\image\ioimage.dir\debug\vtkdicomimagereader.obj
d:\cybermed\daddy\dependency\sdk-vtk-9.4.2\build_msvc\io\image\ioimage.dir\debug\vtkdemreader.obj
d:\cybermed\daddy\dependency\sdk-vtk-9.4.2\build_msvc\io\image\ioimage.dir\debug\vtkbmpwriter.obj
d:\cybermed\daddy\dependency\sdk-vtk-9.4.2\build_msvc\io\image\ioimage.dir\debug\vtkbmpreader.obj
d:\cybermed\daddy\dependency\sdk-vtk-9.4.2\build_msvc\io\image\ioimage.dir\debug\vtkvolumereader.obj
d:\cybermed\daddy\dependency\sdk-vtk-9.4.2\build_msvc\io\image\ioimage.dir\debug\vtkvolume16reader.obj
d:\cybermed\daddy\dependency\sdk-vtk-9.4.2\build_msvc\io\image\ioimage.dir\debug\vtktiffwriter.obj
d:\cybermed\daddy\dependency\sdk-vtk-9.4.2\build_msvc\io\image\ioimage.dir\debug\vtktiffreader.obj
d:\cybermed\daddy\dependency\sdk-vtk-9.4.2\build_msvc\io\image\ioimage.dir\debug\vtktgareader.obj
d:\cybermed\daddy\dependency\sdk-vtk-9.4.2\build_msvc\io\image\ioimage.dir\debug\vtkslcreader.obj
d:\cybermed\daddy\dependency\sdk-vtk-9.4.2\build_msvc\io\image\ioimage.dir\debug\vtksepreader.obj
d:\cybermed\daddy\dependency\sdk-vtk-9.4.2\build_msvc\io\image\ioimage.dir\debug\vtkpostscriptwriter.obj
d:\cybermed\daddy\dependency\sdk-vtk-9.4.2\build_msvc\io\image\ioimage.dir\debug\vtkpnmwriter.obj
d:\cybermed\daddy\dependency\sdk-vtk-9.4.2\build_msvc\io\image\ioimage.dir\debug\vtkpnmreader.obj
d:\cybermed\daddy\dependency\sdk-vtk-9.4.2\build_msvc\io\image\ioimage.dir\debug\vtkpngwriter.obj
d:\cybermed\daddy\dependency\sdk-vtk-9.4.2\build_msvc\io\image\ioimage.dir\debug\vtkpngreader.obj
d:\cybermed\daddy\dependency\sdk-vtk-9.4.2\build_msvc\io\image\ioimage.dir\debug\vtkometiffreader.obj
d:\cybermed\daddy\dependency\sdk-vtk-9.4.2\build_msvc\io\image\ioimage.dir\debug\vtknrrdreader.obj
d:\cybermed\daddy\dependency\sdk-vtk-9.4.2\build_msvc\io\image\ioimage.dir\debug\vtkniftiimagewriter.obj
d:\cybermed\daddy\dependency\sdk-vtk-9.4.2\build_msvc\io\image\ioimage.dir\debug\vtkniftiimagereader.obj
d:\cybermed\daddy\dependency\sdk-vtk-9.4.2\build_msvc\io\image\ioimage.dir\debug\vtkniftiimageheader.obj
d:\cybermed\daddy\dependency\sdk-vtk-9.4.2\build_msvc\io\image\ioimage.dir\debug\vtkmrcreader.obj
d:\cybermed\daddy\dependency\sdk-vtk-9.4.2\build_msvc\io\image\ioimage.dir\debug\vtkmetaimagewriter.obj
d:\cybermed\daddy\dependency\sdk-vtk-9.4.2\build_msvc\io\image\ioimage.dir\debug\vc143.pdb
d:\cybermed\daddy\dependency\sdk-vtk-9.4.2\build_msvc\io\image\cmakefiles\generate.stamp
d:\cybermed\daddy\dependency\sdk-vtk-9.4.2\build_msvc\lib\debug\vtkioimage-9.4d.lib
d:\cybermed\daddy\dependency\sdk-vtk-9.4.2\build_msvc\bin\debug\vtkioimage-9.4d.dll
d:\cybermed\daddy\dependency\sdk-vtk-9.4.2\build_msvc\bin\debug\vtkioimage-9.4d.pdb
d:\cybermed\daddy\dependency\sdk-vtk-9.4.2\build_msvc\lib\debug\vtkioimage-9.4d.exp
d:\cybermed\daddy\dependency\sdk-vtk-9.4.2\build_msvc\io\image\ioimage.dir\debug\vtkioimage-9.4d.ilk
d:\cybermed\daddy\dependency\sdk-vtk-9.4.2\build_msvc\io\image\ioimage.dir\debug\ioimage.tlog\cl.command.1.tlog
d:\cybermed\daddy\dependency\sdk-vtk-9.4.2\build_msvc\io\image\ioimage.dir\debug\ioimage.tlog\cl.items.tlog
d:\cybermed\daddy\dependency\sdk-vtk-9.4.2\build_msvc\io\image\ioimage.dir\debug\ioimage.tlog\cl.read.1.tlog
d:\cybermed\daddy\dependency\sdk-vtk-9.4.2\build_msvc\io\image\ioimage.dir\debug\ioimage.tlog\cl.write.1.tlog
d:\cybermed\daddy\dependency\sdk-vtk-9.4.2\build_msvc\io\image\ioimage.dir\debug\ioimage.tlog\custombuild.command.1.tlog
d:\cybermed\daddy\dependency\sdk-vtk-9.4.2\build_msvc\io\image\ioimage.dir\debug\ioimage.tlog\custombuild.read.1.tlog
d:\cybermed\daddy\dependency\sdk-vtk-9.4.2\build_msvc\io\image\ioimage.dir\debug\ioimage.tlog\custombuild.write.1.tlog
d:\cybermed\daddy\dependency\sdk-vtk-9.4.2\build_msvc\io\image\ioimage.dir\debug\ioimage.tlog\lib-link.read.1.tlog
d:\cybermed\daddy\dependency\sdk-vtk-9.4.2\build_msvc\io\image\ioimage.dir\debug\ioimage.tlog\lib-link.write.1.tlog
d:\cybermed\daddy\dependency\sdk-vtk-9.4.2\build_msvc\io\image\ioimage.dir\debug\ioimage.tlog\lib.command.1.tlog
d:\cybermed\daddy\dependency\sdk-vtk-9.4.2\build_msvc\io\image\ioimage.dir\debug\ioimage.tlog\link.command.1.tlog
d:\cybermed\daddy\dependency\sdk-vtk-9.4.2\build_msvc\io\image\ioimage.dir\debug\ioimage.tlog\link.read.1.tlog
d:\cybermed\daddy\dependency\sdk-vtk-9.4.2\build_msvc\io\image\ioimage.dir\debug\ioimage.tlog\link.secondary.1.tlog
d:\cybermed\daddy\dependency\sdk-vtk-9.4.2\build_msvc\io\image\ioimage.dir\debug\ioimage.tlog\link.write.1.tlog
