d:\cybermed\daddy\dependency\sdk-vtk-9.4.2\build_msvc\lib\debug\vtkviewsqt-9.4d.pdb
d:\cybermed\daddy\dependency\sdk-vtk-9.4.2\build_msvc\views\qt\viewsqt.dir\debug\vtkqtview.obj
d:\cybermed\daddy\dependency\sdk-vtk-9.4.2\build_msvc\views\qt\viewsqt.dir\debug\vtkqttreeview.obj
d:\cybermed\daddy\dependency\sdk-vtk-9.4.2\build_msvc\views\qt\viewsqt.dir\debug\vtkqttableview.obj
d:\cybermed\daddy\dependency\sdk-vtk-9.4.2\build_msvc\views\qt\viewsqt.dir\debug\vtkqttablerepresentation.obj
d:\cybermed\daddy\dependency\sdk-vtk-9.4.2\build_msvc\views\qt\viewsqt.dir\debug\vtkqtrecordview.obj
d:\cybermed\daddy\dependency\sdk-vtk-9.4.2\build_msvc\views\qt\viewsqt.dir\debug\vtkqtlistview.obj
d:\cybermed\daddy\dependency\sdk-vtk-9.4.2\build_msvc\views\qt\viewsqt.dir\debug\vtkqtannotationview.obj
d:\cybermed\daddy\dependency\sdk-vtk-9.4.2\build_msvc\views\qt\viewsqt.dir\debug\mocs_compilation_debug.obj
d:\cybermed\daddy\dependency\sdk-vtk-9.4.2\build_msvc\views\qt\viewsqt.dir\debug\vc143.pdb
d:\cybermed\daddy\dependency\sdk-vtk-9.4.2\build_msvc\views\qt\cmakefiles\generate.stamp
d:\cybermed\daddy\dependency\sdk-vtk-9.4.2\build_msvc\lib\debug\vtkviewsqt-9.4d.lib
d:\cybermed\daddy\dependency\sdk-vtk-9.4.2\build_msvc\bin\debug\vtkviewsqt-9.4d.dll
d:\cybermed\daddy\dependency\sdk-vtk-9.4.2\build_msvc\bin\debug\vtkviewsqt-9.4d.pdb
d:\cybermed\daddy\dependency\sdk-vtk-9.4.2\build_msvc\lib\debug\vtkviewsqt-9.4d.exp
d:\cybermed\daddy\dependency\sdk-vtk-9.4.2\build_msvc\views\qt\viewsqt.dir\debug\vtkviewsqt-9.4d.ilk
d:\cybermed\daddy\dependency\sdk-vtk-9.4.2\build_msvc\views\qt\viewsqt.dir\debug\viewsqt.tlog\cl.command.1.tlog
d:\cybermed\daddy\dependency\sdk-vtk-9.4.2\build_msvc\views\qt\viewsqt.dir\debug\viewsqt.tlog\cl.items.tlog
d:\cybermed\daddy\dependency\sdk-vtk-9.4.2\build_msvc\views\qt\viewsqt.dir\debug\viewsqt.tlog\cl.read.1.tlog
d:\cybermed\daddy\dependency\sdk-vtk-9.4.2\build_msvc\views\qt\viewsqt.dir\debug\viewsqt.tlog\cl.write.1.tlog
d:\cybermed\daddy\dependency\sdk-vtk-9.4.2\build_msvc\views\qt\viewsqt.dir\debug\viewsqt.tlog\custombuild.command.1.tlog
d:\cybermed\daddy\dependency\sdk-vtk-9.4.2\build_msvc\views\qt\viewsqt.dir\debug\viewsqt.tlog\custombuild.read.1.tlog
d:\cybermed\daddy\dependency\sdk-vtk-9.4.2\build_msvc\views\qt\viewsqt.dir\debug\viewsqt.tlog\custombuild.write.1.tlog
d:\cybermed\daddy\dependency\sdk-vtk-9.4.2\build_msvc\views\qt\viewsqt.dir\debug\viewsqt.tlog\lib-link.read.1.tlog
d:\cybermed\daddy\dependency\sdk-vtk-9.4.2\build_msvc\views\qt\viewsqt.dir\debug\viewsqt.tlog\lib-link.write.1.tlog
d:\cybermed\daddy\dependency\sdk-vtk-9.4.2\build_msvc\views\qt\viewsqt.dir\debug\viewsqt.tlog\lib.command.1.tlog
d:\cybermed\daddy\dependency\sdk-vtk-9.4.2\build_msvc\views\qt\viewsqt.dir\debug\viewsqt.tlog\link.command.1.tlog
d:\cybermed\daddy\dependency\sdk-vtk-9.4.2\build_msvc\views\qt\viewsqt.dir\debug\viewsqt.tlog\link.read.1.tlog
d:\cybermed\daddy\dependency\sdk-vtk-9.4.2\build_msvc\views\qt\viewsqt.dir\debug\viewsqt.tlog\link.secondary.1.tlog
d:\cybermed\daddy\dependency\sdk-vtk-9.4.2\build_msvc\views\qt\viewsqt.dir\debug\viewsqt.tlog\link.write.1.tlog
