d:\cybermed\daddy\dependency\sdk-vtk-9.4.2\build_msvc\rendering\volume\renderingvolume.dir\release\vtksphericaldirectionencoder.obj
d:\cybermed\daddy\dependency\sdk-vtk-9.4.2\build_msvc\rendering\volume\renderingvolume.dir\release\vtkrecursivespheredirectionencoder.obj
d:\cybermed\daddy\dependency\sdk-vtk-9.4.2\build_msvc\rendering\volume\renderingvolume.dir\release\vtkraycastimagedisplayhelper.obj
d:\cybermed\daddy\dependency\sdk-vtk-9.4.2\build_msvc\rendering\volume\renderingvolume.dir\release\vtkprojectedtetrahedramapper.obj
d:\cybermed\daddy\dependency\sdk-vtk-9.4.2\build_msvc\rendering\volume\renderingvolume.dir\release\vtkanarivolumeinterface.obj
d:\cybermed\daddy\dependency\sdk-vtk-9.4.2\build_msvc\rendering\volume\renderingvolume.dir\release\vtkosprayvolumeinterface.obj
d:\cybermed\daddy\dependency\sdk-vtk-9.4.2\build_msvc\rendering\volume\renderingvolume.dir\release\vtkmultivolume.obj
d:\cybermed\daddy\dependency\sdk-vtk-9.4.2\build_msvc\rendering\volume\renderingvolume.dir\release\vtkgpuvolumeraycastmapper.obj
d:\cybermed\daddy\dependency\sdk-vtk-9.4.2\build_msvc\rendering\volume\renderingvolume.dir\release\vtkfixedpointvolumeraycastmiphelper.obj
d:\cybermed\daddy\dependency\sdk-vtk-9.4.2\build_msvc\rendering\volume\renderingvolume.dir\release\vtkfixedpointvolumeraycastmapper.obj
d:\cybermed\daddy\dependency\sdk-vtk-9.4.2\build_msvc\rendering\volume\renderingvolume.dir\release\vtkfixedpointvolumeraycasthelper.obj
d:\cybermed\daddy\dependency\sdk-vtk-9.4.2\build_msvc\rendering\volume\renderingvolume.dir\release\vtkfixedpointvolumeraycastcompositeshadehelper.obj
d:\cybermed\daddy\dependency\sdk-vtk-9.4.2\build_msvc\rendering\volume\renderingvolume.dir\release\vtkfixedpointvolumeraycastcompositehelper.obj
d:\cybermed\daddy\dependency\sdk-vtk-9.4.2\build_msvc\rendering\volume\renderingvolume.dir\release\vtkfixedpointvolumeraycastcompositegoshadehelper.obj
d:\cybermed\daddy\dependency\sdk-vtk-9.4.2\build_msvc\rendering\volume\renderingvolume.dir\release\vtkfixedpointvolumeraycastcompositegohelper.obj
d:\cybermed\daddy\dependency\sdk-vtk-9.4.2\build_msvc\rendering\volume\renderingvolume.dir\release\vtkfixedpointraycastimage.obj
d:\cybermed\daddy\dependency\sdk-vtk-9.4.2\build_msvc\rendering\volume\renderingvolume.dir\release\vtkfinitedifferencegradientestimator.obj
d:\cybermed\daddy\dependency\sdk-vtk-9.4.2\build_msvc\rendering\volume\renderingvolume.dir\release\vtkencodedgradientshader.obj
d:\cybermed\daddy\dependency\sdk-vtk-9.4.2\build_msvc\rendering\volume\renderingvolume.dir\release\vtkencodedgradientestimator.obj
d:\cybermed\daddy\dependency\sdk-vtk-9.4.2\build_msvc\rendering\volume\renderingvolume.dir\release\vtkdirectionencoder.obj
d:\cybermed\daddy\dependency\sdk-vtk-9.4.2\build_msvc\rendering\volume\renderingvolume.dir\release\vtkvolumeraycastspaceleapingimagefilter.obj
d:\cybermed\daddy\dependency\sdk-vtk-9.4.2\build_msvc\rendering\volume\renderingvolume.dir\release\vtkvolumepicker.obj
d:\cybermed\daddy\dependency\sdk-vtk-9.4.2\build_msvc\rendering\volume\renderingvolume.dir\release\vtkvolumeoutlinesource.obj
d:\cybermed\daddy\dependency\sdk-vtk-9.4.2\build_msvc\rendering\volume\renderingvolume.dir\release\vtkvolumemapper.obj
d:\cybermed\daddy\dependency\sdk-vtk-9.4.2\build_msvc\rendering\volume\renderingvolume.dir\release\vtkunstructuredgridvolumezsweepmapper.obj
d:\cybermed\daddy\dependency\sdk-vtk-9.4.2\build_msvc\rendering\volume\renderingvolume.dir\release\vtkunstructuredgridvolumerayintegrator.obj
d:\cybermed\daddy\dependency\sdk-vtk-9.4.2\build_msvc\rendering\volume\renderingvolume.dir\release\vtkunstructuredgridvolumeraycastmapper.obj
d:\cybermed\daddy\dependency\sdk-vtk-9.4.2\build_msvc\rendering\volume\renderingvolume.dir\release\vtkunstructuredgridvolumeraycastiterator.obj
d:\cybermed\daddy\dependency\sdk-vtk-9.4.2\build_msvc\rendering\volume\renderingvolume.dir\release\vtkunstructuredgridvolumeraycastfunction.obj
d:\cybermed\daddy\dependency\sdk-vtk-9.4.2\build_msvc\rendering\volume\renderingvolume.dir\release\vtkunstructuredgridvolumemapper.obj
d:\cybermed\daddy\dependency\sdk-vtk-9.4.2\build_msvc\rendering\volume\renderingvolume.dir\release\vtkunstructuredgridpreintegration.obj
d:\cybermed\daddy\dependency\sdk-vtk-9.4.2\build_msvc\rendering\volume\renderingvolume.dir\release\vtkunstructuredgridpartialpreintegration.obj
d:\cybermed\daddy\dependency\sdk-vtk-9.4.2\build_msvc\rendering\volume\renderingvolume.dir\release\vtkunstructuredgridlinearrayintegrator.obj
d:\cybermed\daddy\dependency\sdk-vtk-9.4.2\build_msvc\rendering\volume\renderingvolume.dir\release\vtkunstructuredgridhomogeneousrayintegrator.obj
d:\cybermed\daddy\dependency\sdk-vtk-9.4.2\build_msvc\rendering\volume\renderingvolume.dir\release\vtkunstructuredgridbunykraycastfunction.obj
d:\cybermed\daddy\dependency\sdk-vtk-9.4.2\build_msvc\rendering\volume\cmakefiles\generate.stamp
d:\cybermed\daddy\dependency\sdk-vtk-9.4.2\build_msvc\bin\release\vtkrenderingvolume-9.4.dll
d:\cybermed\daddy\dependency\sdk-vtk-9.4.2\build_msvc\lib\release\vtkrenderingvolume-9.4.lib
d:\cybermed\daddy\dependency\sdk-vtk-9.4.2\build_msvc\lib\release\vtkrenderingvolume-9.4.exp
d:\cybermed\daddy\dependency\sdk-vtk-9.4.2\build_msvc\rendering\volume\renderingvolume.dir\release\renderingvolume.tlog\cl.command.1.tlog
d:\cybermed\daddy\dependency\sdk-vtk-9.4.2\build_msvc\rendering\volume\renderingvolume.dir\release\renderingvolume.tlog\cl.items.tlog
d:\cybermed\daddy\dependency\sdk-vtk-9.4.2\build_msvc\rendering\volume\renderingvolume.dir\release\renderingvolume.tlog\cl.read.1.tlog
d:\cybermed\daddy\dependency\sdk-vtk-9.4.2\build_msvc\rendering\volume\renderingvolume.dir\release\renderingvolume.tlog\cl.write.1.tlog
d:\cybermed\daddy\dependency\sdk-vtk-9.4.2\build_msvc\rendering\volume\renderingvolume.dir\release\renderingvolume.tlog\custombuild.command.1.tlog
d:\cybermed\daddy\dependency\sdk-vtk-9.4.2\build_msvc\rendering\volume\renderingvolume.dir\release\renderingvolume.tlog\custombuild.read.1.tlog
d:\cybermed\daddy\dependency\sdk-vtk-9.4.2\build_msvc\rendering\volume\renderingvolume.dir\release\renderingvolume.tlog\custombuild.write.1.tlog
d:\cybermed\daddy\dependency\sdk-vtk-9.4.2\build_msvc\rendering\volume\renderingvolume.dir\release\renderingvolume.tlog\link.command.1.tlog
d:\cybermed\daddy\dependency\sdk-vtk-9.4.2\build_msvc\rendering\volume\renderingvolume.dir\release\renderingvolume.tlog\link.read.1.tlog
d:\cybermed\daddy\dependency\sdk-vtk-9.4.2\build_msvc\rendering\volume\renderingvolume.dir\release\renderingvolume.tlog\link.secondary.1.tlog
d:\cybermed\daddy\dependency\sdk-vtk-9.4.2\build_msvc\rendering\volume\renderingvolume.dir\release\renderingvolume.tlog\link.write.1.tlog
