d:\cybermed\daddy\dependency\sdk-vtk-9.4.2\build_msvc\common\misc\commonmisc.dir\release\vtkresourcefilelocator.obj
d:\cybermed\daddy\dependency\sdk-vtk-9.4.2\build_msvc\common\misc\commonmisc.dir\release\vtkpolygonbuilder.obj
d:\cybermed\daddy\dependency\sdk-vtk-9.4.2\build_msvc\common\misc\commonmisc.dir\release\vtkheap.obj
d:\cybermed\daddy\dependency\sdk-vtk-9.4.2\build_msvc\common\misc\commonmisc.dir\release\vtkfunctionparser.obj
d:\cybermed\daddy\dependency\sdk-vtk-9.4.2\build_msvc\common\misc\commonmisc.dir\release\vtkexprtkfunctionparser.obj
d:\cybermed\daddy\dependency\sdk-vtk-9.4.2\build_msvc\common\misc\commonmisc.dir\release\vtkerrorcode.obj
d:\cybermed\daddy\dependency\sdk-vtk-9.4.2\build_msvc\common\misc\commonmisc.dir\release\vtkcontourvalues.obj
d:\cybermed\daddy\dependency\sdk-vtk-9.4.2\build_msvc\common\misc\cmakefiles\generate.stamp
d:\cybermed\daddy\dependency\sdk-vtk-9.4.2\build_msvc\bin\release\vtkcommonmisc-9.4.dll
d:\cybermed\daddy\dependency\sdk-vtk-9.4.2\build_msvc\lib\release\vtkcommonmisc-9.4.lib
d:\cybermed\daddy\dependency\sdk-vtk-9.4.2\build_msvc\lib\release\vtkcommonmisc-9.4.exp
d:\cybermed\daddy\dependency\sdk-vtk-9.4.2\build_msvc\common\misc\commonmisc.dir\release\commonmisc.tlog\cl.command.1.tlog
d:\cybermed\daddy\dependency\sdk-vtk-9.4.2\build_msvc\common\misc\commonmisc.dir\release\commonmisc.tlog\cl.items.tlog
d:\cybermed\daddy\dependency\sdk-vtk-9.4.2\build_msvc\common\misc\commonmisc.dir\release\commonmisc.tlog\cl.read.1.tlog
d:\cybermed\daddy\dependency\sdk-vtk-9.4.2\build_msvc\common\misc\commonmisc.dir\release\commonmisc.tlog\cl.write.1.tlog
d:\cybermed\daddy\dependency\sdk-vtk-9.4.2\build_msvc\common\misc\commonmisc.dir\release\commonmisc.tlog\custombuild.command.1.tlog
d:\cybermed\daddy\dependency\sdk-vtk-9.4.2\build_msvc\common\misc\commonmisc.dir\release\commonmisc.tlog\custombuild.read.1.tlog
d:\cybermed\daddy\dependency\sdk-vtk-9.4.2\build_msvc\common\misc\commonmisc.dir\release\commonmisc.tlog\custombuild.write.1.tlog
d:\cybermed\daddy\dependency\sdk-vtk-9.4.2\build_msvc\common\misc\commonmisc.dir\release\commonmisc.tlog\link.command.1.tlog
d:\cybermed\daddy\dependency\sdk-vtk-9.4.2\build_msvc\common\misc\commonmisc.dir\release\commonmisc.tlog\link.read.1.tlog
d:\cybermed\daddy\dependency\sdk-vtk-9.4.2\build_msvc\common\misc\commonmisc.dir\release\commonmisc.tlog\link.secondary.1.tlog
d:\cybermed\daddy\dependency\sdk-vtk-9.4.2\build_msvc\common\misc\commonmisc.dir\release\commonmisc.tlog\link.write.1.tlog
