d:\cybermed\daddy\dependency\sdk-vtk-9.4.2\build_msvc\imaging\math\imagingmath.dir\release\vtkimageweightedsum.obj
d:\cybermed\daddy\dependency\sdk-vtk-9.4.2\build_msvc\imaging\math\imagingmath.dir\release\vtkimagemathematics.obj
d:\cybermed\daddy\dependency\sdk-vtk-9.4.2\build_msvc\imaging\math\imagingmath.dir\release\vtkimagemaskbits.obj
d:\cybermed\daddy\dependency\sdk-vtk-9.4.2\build_msvc\imaging\math\imagingmath.dir\release\vtkimagemagnitude.obj
d:\cybermed\daddy\dependency\sdk-vtk-9.4.2\build_msvc\imaging\math\imagingmath.dir\release\vtkimagelogic.obj
d:\cybermed\daddy\dependency\sdk-vtk-9.4.2\build_msvc\imaging\math\imagingmath.dir\release\vtkimagelogarithmicscale.obj
d:\cybermed\daddy\dependency\sdk-vtk-9.4.2\build_msvc\imaging\math\imagingmath.dir\release\vtkimagedotproduct.obj
d:\cybermed\daddy\dependency\sdk-vtk-9.4.2\build_msvc\imaging\math\imagingmath.dir\release\vtkimagedivergence.obj
d:\cybermed\daddy\dependency\sdk-vtk-9.4.2\build_msvc\imaging\math\cmakefiles\generate.stamp
d:\cybermed\daddy\dependency\sdk-vtk-9.4.2\build_msvc\bin\release\vtkimagingmath-9.4.dll
d:\cybermed\daddy\dependency\sdk-vtk-9.4.2\build_msvc\lib\release\vtkimagingmath-9.4.lib
d:\cybermed\daddy\dependency\sdk-vtk-9.4.2\build_msvc\lib\release\vtkimagingmath-9.4.exp
d:\cybermed\daddy\dependency\sdk-vtk-9.4.2\build_msvc\imaging\math\imagingmath.dir\release\imagingmath.tlog\cl.command.1.tlog
d:\cybermed\daddy\dependency\sdk-vtk-9.4.2\build_msvc\imaging\math\imagingmath.dir\release\imagingmath.tlog\cl.items.tlog
d:\cybermed\daddy\dependency\sdk-vtk-9.4.2\build_msvc\imaging\math\imagingmath.dir\release\imagingmath.tlog\cl.read.1.tlog
d:\cybermed\daddy\dependency\sdk-vtk-9.4.2\build_msvc\imaging\math\imagingmath.dir\release\imagingmath.tlog\cl.write.1.tlog
d:\cybermed\daddy\dependency\sdk-vtk-9.4.2\build_msvc\imaging\math\imagingmath.dir\release\imagingmath.tlog\custombuild.command.1.tlog
d:\cybermed\daddy\dependency\sdk-vtk-9.4.2\build_msvc\imaging\math\imagingmath.dir\release\imagingmath.tlog\custombuild.read.1.tlog
d:\cybermed\daddy\dependency\sdk-vtk-9.4.2\build_msvc\imaging\math\imagingmath.dir\release\imagingmath.tlog\custombuild.write.1.tlog
d:\cybermed\daddy\dependency\sdk-vtk-9.4.2\build_msvc\imaging\math\imagingmath.dir\release\imagingmath.tlog\link.command.1.tlog
d:\cybermed\daddy\dependency\sdk-vtk-9.4.2\build_msvc\imaging\math\imagingmath.dir\release\imagingmath.tlog\link.read.1.tlog
d:\cybermed\daddy\dependency\sdk-vtk-9.4.2\build_msvc\imaging\math\imagingmath.dir\release\imagingmath.tlog\link.secondary.1.tlog
d:\cybermed\daddy\dependency\sdk-vtk-9.4.2\build_msvc\imaging\math\imagingmath.dir\release\imagingmath.tlog\link.write.1.tlog
