d:\cybermed\daddy\dependency\sdk-vtk-9.4.2\build_msvc\io\infovis\ioinfovis.dir\release\vtkdelimitedtextcodeciteratorprivate.obj
d:\cybermed\daddy\dependency\sdk-vtk-9.4.2\build_msvc\io\infovis\ioinfovis.dir\release\vtkxmltreereader.obj
d:\cybermed\daddy\dependency\sdk-vtk-9.4.2\build_msvc\io\infovis\ioinfovis.dir\release\vtkxgmlreader.obj
d:\cybermed\daddy\dependency\sdk-vtk-9.4.2\build_msvc\io\infovis\ioinfovis.dir\release\vtktulipreader.obj
d:\cybermed\daddy\dependency\sdk-vtk-9.4.2\build_msvc\io\infovis\ioinfovis.dir\release\vtktemporaldelimitedtextreader.obj
d:\cybermed\daddy\dependency\sdk-vtk-9.4.2\build_msvc\io\infovis\ioinfovis.dir\release\vtkrisreader.obj
d:\cybermed\daddy\dependency\sdk-vtk-9.4.2\build_msvc\io\infovis\ioinfovis.dir\release\vtkphyloxmltreewriter.obj
d:\cybermed\daddy\dependency\sdk-vtk-9.4.2\build_msvc\io\infovis\ioinfovis.dir\release\vtkphyloxmltreereader.obj
d:\cybermed\daddy\dependency\sdk-vtk-9.4.2\build_msvc\io\infovis\ioinfovis.dir\release\vtknewicktreewriter.obj
d:\cybermed\daddy\dependency\sdk-vtk-9.4.2\build_msvc\io\infovis\ioinfovis.dir\release\vtknewicktreereader.obj
d:\cybermed\daddy\dependency\sdk-vtk-9.4.2\build_msvc\io\infovis\ioinfovis.dir\release\vtkmultinewicktreereader.obj
d:\cybermed\daddy\dependency\sdk-vtk-9.4.2\build_msvc\io\infovis\ioinfovis.dir\release\vtkisireader.obj
d:\cybermed\daddy\dependency\sdk-vtk-9.4.2\build_msvc\io\infovis\ioinfovis.dir\release\vtkfixedwidthtextreader.obj
d:\cybermed\daddy\dependency\sdk-vtk-9.4.2\build_msvc\io\infovis\ioinfovis.dir\release\vtkdimacsgraphwriter.obj
d:\cybermed\daddy\dependency\sdk-vtk-9.4.2\build_msvc\io\infovis\ioinfovis.dir\release\vtkdimacsgraphreader.obj
d:\cybermed\daddy\dependency\sdk-vtk-9.4.2\build_msvc\io\infovis\ioinfovis.dir\release\vtkdelimitedtextreader.obj
d:\cybermed\daddy\dependency\sdk-vtk-9.4.2\build_msvc\io\infovis\ioinfovis.dir\release\vtkchacographreader.obj
d:\cybermed\daddy\dependency\sdk-vtk-9.4.2\build_msvc\io\infovis\ioinfovis.dir\release\vtkbiomtablereader.obj
d:\cybermed\daddy\dependency\sdk-vtk-9.4.2\build_msvc\io\infovis\cmakefiles\generate.stamp
d:\cybermed\daddy\dependency\sdk-vtk-9.4.2\build_msvc\bin\release\vtkioinfovis-9.4.dll
d:\cybermed\daddy\dependency\sdk-vtk-9.4.2\build_msvc\lib\release\vtkioinfovis-9.4.lib
d:\cybermed\daddy\dependency\sdk-vtk-9.4.2\build_msvc\lib\release\vtkioinfovis-9.4.exp
d:\cybermed\daddy\dependency\sdk-vtk-9.4.2\build_msvc\io\infovis\ioinfovis.dir\release\ioinfovis.tlog\cl.command.1.tlog
d:\cybermed\daddy\dependency\sdk-vtk-9.4.2\build_msvc\io\infovis\ioinfovis.dir\release\ioinfovis.tlog\cl.items.tlog
d:\cybermed\daddy\dependency\sdk-vtk-9.4.2\build_msvc\io\infovis\ioinfovis.dir\release\ioinfovis.tlog\cl.read.1.tlog
d:\cybermed\daddy\dependency\sdk-vtk-9.4.2\build_msvc\io\infovis\ioinfovis.dir\release\ioinfovis.tlog\cl.write.1.tlog
d:\cybermed\daddy\dependency\sdk-vtk-9.4.2\build_msvc\io\infovis\ioinfovis.dir\release\ioinfovis.tlog\custombuild.command.1.tlog
d:\cybermed\daddy\dependency\sdk-vtk-9.4.2\build_msvc\io\infovis\ioinfovis.dir\release\ioinfovis.tlog\custombuild.read.1.tlog
d:\cybermed\daddy\dependency\sdk-vtk-9.4.2\build_msvc\io\infovis\ioinfovis.dir\release\ioinfovis.tlog\custombuild.write.1.tlog
d:\cybermed\daddy\dependency\sdk-vtk-9.4.2\build_msvc\io\infovis\ioinfovis.dir\release\ioinfovis.tlog\link.command.1.tlog
d:\cybermed\daddy\dependency\sdk-vtk-9.4.2\build_msvc\io\infovis\ioinfovis.dir\release\ioinfovis.tlog\link.read.1.tlog
d:\cybermed\daddy\dependency\sdk-vtk-9.4.2\build_msvc\io\infovis\ioinfovis.dir\release\ioinfovis.tlog\link.secondary.1.tlog
d:\cybermed\daddy\dependency\sdk-vtk-9.4.2\build_msvc\io\infovis\ioinfovis.dir\release\ioinfovis.tlog\link.write.1.tlog
