d:\cybermed\daddy\dependency\sdk-vtk-9.4.2\build_msvc\views\core\viewscore.dir\release\vtkviewtheme.obj
d:\cybermed\daddy\dependency\sdk-vtk-9.4.2\build_msvc\views\core\viewscore.dir\release\vtkview.obj
d:\cybermed\daddy\dependency\sdk-vtk-9.4.2\build_msvc\views\core\viewscore.dir\release\vtkrenderviewbase.obj
d:\cybermed\daddy\dependency\sdk-vtk-9.4.2\build_msvc\views\core\viewscore.dir\release\vtkemptyrepresentation.obj
d:\cybermed\daddy\dependency\sdk-vtk-9.4.2\build_msvc\views\core\viewscore.dir\release\vtkdatarepresentation.obj
d:\cybermed\daddy\dependency\sdk-vtk-9.4.2\build_msvc\views\core\viewscore.dir\release\vtkconvertselectiondomain.obj
d:\cybermed\daddy\dependency\sdk-vtk-9.4.2\build_msvc\views\core\cmakefiles\generate.stamp
d:\cybermed\daddy\dependency\sdk-vtk-9.4.2\build_msvc\bin\release\vtkviewscore-9.4.dll
d:\cybermed\daddy\dependency\sdk-vtk-9.4.2\build_msvc\lib\release\vtkviewscore-9.4.lib
d:\cybermed\daddy\dependency\sdk-vtk-9.4.2\build_msvc\lib\release\vtkviewscore-9.4.exp
d:\cybermed\daddy\dependency\sdk-vtk-9.4.2\build_msvc\views\core\viewscore.dir\release\viewscore.tlog\cl.command.1.tlog
d:\cybermed\daddy\dependency\sdk-vtk-9.4.2\build_msvc\views\core\viewscore.dir\release\viewscore.tlog\cl.items.tlog
d:\cybermed\daddy\dependency\sdk-vtk-9.4.2\build_msvc\views\core\viewscore.dir\release\viewscore.tlog\cl.read.1.tlog
d:\cybermed\daddy\dependency\sdk-vtk-9.4.2\build_msvc\views\core\viewscore.dir\release\viewscore.tlog\cl.write.1.tlog
d:\cybermed\daddy\dependency\sdk-vtk-9.4.2\build_msvc\views\core\viewscore.dir\release\viewscore.tlog\custombuild.command.1.tlog
d:\cybermed\daddy\dependency\sdk-vtk-9.4.2\build_msvc\views\core\viewscore.dir\release\viewscore.tlog\custombuild.read.1.tlog
d:\cybermed\daddy\dependency\sdk-vtk-9.4.2\build_msvc\views\core\viewscore.dir\release\viewscore.tlog\custombuild.write.1.tlog
d:\cybermed\daddy\dependency\sdk-vtk-9.4.2\build_msvc\views\core\viewscore.dir\release\viewscore.tlog\link.command.1.tlog
d:\cybermed\daddy\dependency\sdk-vtk-9.4.2\build_msvc\views\core\viewscore.dir\release\viewscore.tlog\link.read.1.tlog
d:\cybermed\daddy\dependency\sdk-vtk-9.4.2\build_msvc\views\core\viewscore.dir\release\viewscore.tlog\link.secondary.1.tlog
d:\cybermed\daddy\dependency\sdk-vtk-9.4.2\build_msvc\views\core\viewscore.dir\release\viewscore.tlog\link.write.1.tlog
