  vtkCellGridPointProbe.cxx
  vtkDGConstantOperators.cxx
  vtkDGEvaluator.cxx
  vtkDGHCurlOperators.cxx
  vtkDGHDivOperators.cxx
  vtkDGHGradOperators.cxx
  vtkFiltersCellGrid.cxx
  Basis_Constant_CellC0Basis.cxx
  Basis_Constant_CellC0Gradient.cxx
  Basis_HCurl_HexI1Basis.cxx
  Basis_HCurl_QuadI1Basis.cxx
  Basis_HCurl_TetI1Basis.cxx
  Basis_HCurl_TriI1Basis.cxx
  Basis_HCurl_WdgI1Basis.cxx
  Basis_HDiv_HexI1Basis.cxx
  Basis_HDiv_QuadI1Basis.cxx
  Basis_HDiv_TetI1Basis.cxx
  Basis_HDiv_TriI1Basis.cxx
  Basis_HDiv_WdgI1Basis.cxx
  Basis_HGrad_EdgeC1Basis.cxx
  코드를 생성하고 있습니다...
  컴파일하고 있습니다...
  Basis_HGrad_EdgeC1Gradient.cxx
  Basis_HGrad_EdgeC2Basis.cxx
  Basis_HGrad_EdgeC2Gradient.cxx
  Basis_HGrad_HexC1Basis.cxx
  Basis_HGrad_HexC1Gradient.cxx
  Basis_HGrad_HexC2Basis.cxx
  Basis_HGrad_HexC2Gradient.cxx
  Basis_HGrad_HexI2Basis.cxx
  Basis_HGrad_HexI2Gradient.cxx
  Basis_HGrad_PyrC1Basis.cxx
  Basis_HGrad_PyrC1Gradient.cxx
  Basis_HGrad_PyrC2Basis.cxx
  Basis_HGrad_PyrC2Gradient.cxx
  Basis_HGrad_PyrF2Basis.cxx
  Basis_HGrad_PyrF2Gradient.cxx
  Basis_HGrad_PyrI2Basis.cxx
  Basis_HGrad_PyrI2Gradient.cxx
  Basis_HGrad_QuadC1Basis.cxx
  Basis_HGrad_QuadC1Gradient.cxx
  Basis_HGrad_QuadC2Basis.cxx
  코드를 생성하고 있습니다...
  컴파일하고 있습니다...
  Basis_HGrad_QuadC2Gradient.cxx
  Basis_HGrad_TetC1Basis.cxx
  Basis_HGrad_TetC1Gradient.cxx
  Basis_HGrad_TetC2Basis.cxx
  Basis_HGrad_TetC2Gradient.cxx
  Basis_HGrad_TetF2Basis.cxx
  Basis_HGrad_TetF2Gradient.cxx
  Basis_HGrad_TriC1Basis.cxx
  Basis_HGrad_TriC1Gradient.cxx
  Basis_HGrad_TriC2Basis.cxx
  Basis_HGrad_TriC2Gradient.cxx
  Basis_HGrad_WdgC1Basis.cxx
  Basis_HGrad_WdgC1Gradient.cxx
  Basis_HGrad_WdgC2Basis.cxx
  Basis_HGrad_WdgC2Gradient.cxx
  Basis_HGrad_WdgF2Basis.cxx
  Basis_HGrad_WdgF2Gradient.cxx
  Basis_HGrad_WdgI2Basis.cxx
  Basis_HGrad_WdgI2Gradient.cxx
  코드를 생성하고 있습니다...
     D:/cybermed/daddy/dependency/sdk-VTK-9.4.2/build_msvc/lib/Release/vtkFiltersCellGrid-9.4.lib 라이브러리 및 D:/cybermed/daddy/dependency/sdk-VTK-9.4.2/build_msvc/lib/Release/vtkFiltersCellGrid-9.4.exp 개체를 생성하고 있습니다.
  FiltersCellGrid.vcxproj -> D:\cybermed\daddy\dependency\sdk-VTK-9.4.2\build_msvc\bin\Release\vtkFiltersCellGrid-9.4.dll
