d:\cybermed\daddy\dependency\sdk-vtk-9.4.2\build_msvc\filters\cellgrid\filterscellgrid.dir\release\basis_hgrad_tetf2basis.obj
d:\cybermed\daddy\dependency\sdk-vtk-9.4.2\build_msvc\filters\cellgrid\filterscellgrid.dir\release\basis_hgrad_edgec1gradient.obj
d:\cybermed\daddy\dependency\sdk-vtk-9.4.2\build_msvc\filters\cellgrid\filterscellgrid.dir\release\basis_hgrad_wdgc1gradient.obj
d:\cybermed\daddy\dependency\sdk-vtk-9.4.2\build_msvc\filters\cellgrid\filterscellgrid.dir\release\basis_hgrad_tetf2gradient.obj
d:\cybermed\daddy\dependency\sdk-vtk-9.4.2\build_msvc\filters\cellgrid\filterscellgrid.dir\release\basis_hgrad_pyrc1basis.obj
d:\cybermed\daddy\dependency\sdk-vtk-9.4.2\build_msvc\filters\cellgrid\filterscellgrid.dir\release\basis_hgrad_tetc1gradient.obj
d:\cybermed\daddy\dependency\sdk-vtk-9.4.2\build_msvc\filters\cellgrid\filterscellgrid.dir\release\basis_hgrad_pyri2gradient.obj
d:\cybermed\daddy\dependency\sdk-vtk-9.4.2\build_msvc\filters\cellgrid\filterscellgrid.dir\release\basis_hgrad_wdgc2gradient.obj
d:\cybermed\daddy\dependency\sdk-vtk-9.4.2\build_msvc\filters\cellgrid\filterscellgrid.dir\release\basis_hgrad_wdgf2basis.obj
d:\cybermed\daddy\dependency\sdk-vtk-9.4.2\build_msvc\filters\cellgrid\filterscellgrid.dir\release\basis_hgrad_pyrc1gradient.obj
d:\cybermed\daddy\dependency\sdk-vtk-9.4.2\build_msvc\filters\cellgrid\filterscellgrid.dir\release\basis_hgrad_pyrf2gradient.obj
d:\cybermed\daddy\dependency\sdk-vtk-9.4.2\build_msvc\filters\cellgrid\filterscellgrid.dir\release\basis_hgrad_quadc2basis.obj
d:\cybermed\daddy\dependency\sdk-vtk-9.4.2\build_msvc\filters\cellgrid\filterscellgrid.dir\release\basis_hgrad_pyrf2basis.obj
d:\cybermed\daddy\dependency\sdk-vtk-9.4.2\build_msvc\filters\cellgrid\filterscellgrid.dir\release\basis_hgrad_tric1basis.obj
d:\cybermed\daddy\dependency\sdk-vtk-9.4.2\build_msvc\filters\cellgrid\filterscellgrid.dir\release\basis_hgrad_hexi2basis.obj
d:\cybermed\daddy\dependency\sdk-vtk-9.4.2\build_msvc\filters\cellgrid\filterscellgrid.dir\release\basis_hgrad_quadc1gradient.obj
d:\cybermed\daddy\dependency\sdk-vtk-9.4.2\build_msvc\filters\cellgrid\filterscellgrid.dir\release\basis_hgrad_wdgi2gradient.obj
d:\cybermed\daddy\dependency\sdk-vtk-9.4.2\build_msvc\filters\cellgrid\filterscellgrid.dir\release\basis_hgrad_hexc1basis.obj
d:\cybermed\daddy\dependency\sdk-vtk-9.4.2\build_msvc\filters\cellgrid\filterscellgrid.dir\release\basis_hgrad_hexc2gradient.obj
d:\cybermed\daddy\dependency\sdk-vtk-9.4.2\build_msvc\filters\cellgrid\filterscellgrid.dir\release\basis_hgrad_tetc1basis.obj
d:\cybermed\daddy\dependency\sdk-vtk-9.4.2\build_msvc\filters\cellgrid\filterscellgrid.dir\release\basis_hgrad_wdgc1basis.obj
d:\cybermed\daddy\dependency\sdk-vtk-9.4.2\build_msvc\filters\cellgrid\filterscellgrid.dir\release\basis_hgrad_wdgf2gradient.obj
d:\cybermed\daddy\dependency\sdk-vtk-9.4.2\build_msvc\filters\cellgrid\filterscellgrid.dir\release\basis_hgrad_tric2gradient.obj
d:\cybermed\daddy\dependency\sdk-vtk-9.4.2\build_msvc\filters\cellgrid\filterscellgrid.dir\release\basis_hgrad_edgec2basis.obj
d:\cybermed\daddy\dependency\sdk-vtk-9.4.2\build_msvc\filters\cellgrid\filterscellgrid.dir\release\basis_hgrad_pyrc2basis.obj
d:\cybermed\daddy\dependency\sdk-vtk-9.4.2\build_msvc\filters\cellgrid\filterscellgrid.dir\release\basis_hgrad_pyrc2gradient.obj
d:\cybermed\daddy\dependency\sdk-vtk-9.4.2\build_msvc\filters\cellgrid\filterscellgrid.dir\release\basis_hgrad_hexi2gradient.obj
d:\cybermed\daddy\dependency\sdk-vtk-9.4.2\build_msvc\filters\cellgrid\filterscellgrid.dir\release\basis_hgrad_wdgc2basis.obj
d:\cybermed\daddy\dependency\sdk-vtk-9.4.2\build_msvc\filters\cellgrid\filterscellgrid.dir\release\basis_hgrad_quadc2gradient.obj
d:\cybermed\daddy\dependency\sdk-vtk-9.4.2\build_msvc\filters\cellgrid\filterscellgrid.dir\release\basis_hgrad_hexc2basis.obj
d:\cybermed\daddy\dependency\sdk-vtk-9.4.2\build_msvc\filters\cellgrid\filterscellgrid.dir\release\basis_hgrad_wdgi2basis.obj
d:\cybermed\daddy\dependency\sdk-vtk-9.4.2\build_msvc\filters\cellgrid\filterscellgrid.dir\release\basis_hgrad_edgec2gradient.obj
d:\cybermed\daddy\dependency\sdk-vtk-9.4.2\build_msvc\filters\cellgrid\filterscellgrid.dir\release\basis_hgrad_tric1gradient.obj
d:\cybermed\daddy\dependency\sdk-vtk-9.4.2\build_msvc\filters\cellgrid\filterscellgrid.dir\release\basis_hgrad_quadc1basis.obj
d:\cybermed\daddy\dependency\sdk-vtk-9.4.2\build_msvc\filters\cellgrid\filterscellgrid.dir\release\basis_hgrad_edgec1basis.obj
d:\cybermed\daddy\dependency\sdk-vtk-9.4.2\build_msvc\filters\cellgrid\filterscellgrid.dir\release\basis_hgrad_tetc2basis.obj
d:\cybermed\daddy\dependency\sdk-vtk-9.4.2\build_msvc\filters\cellgrid\filterscellgrid.dir\release\basis_hgrad_tric2basis.obj
d:\cybermed\daddy\dependency\sdk-vtk-9.4.2\build_msvc\filters\cellgrid\filterscellgrid.dir\release\basis_hgrad_hexc1gradient.obj
d:\cybermed\daddy\dependency\sdk-vtk-9.4.2\build_msvc\filters\cellgrid\filterscellgrid.dir\release\basis_hgrad_pyri2basis.obj
d:\cybermed\daddy\dependency\sdk-vtk-9.4.2\build_msvc\filters\cellgrid\filterscellgrid.dir\release\basis_hgrad_tetc2gradient.obj
d:\cybermed\daddy\dependency\sdk-vtk-9.4.2\build_msvc\filters\cellgrid\filterscellgrid.dir\release\vtkunstructuredgridtocellgrid.obj
d:\cybermed\daddy\dependency\sdk-vtk-9.4.2\build_msvc\filters\cellgrid\filterscellgrid.dir\release\vtkcellgridtransform.obj
d:\cybermed\daddy\dependency\sdk-vtk-9.4.2\build_msvc\filters\cellgrid\filterscellgrid.dir\release\vtkcellgridpointprobe.obj
d:\cybermed\daddy\dependency\sdk-vtk-9.4.2\build_msvc\filters\cellgrid\filterscellgrid.dir\release\vtkcellgridelevation.obj
d:\cybermed\daddy\dependency\sdk-vtk-9.4.2\build_msvc\filters\cellgrid\filterscellgrid.dir\release\vtkcellgridcomputesides.obj
d:\cybermed\daddy\dependency\sdk-vtk-9.4.2\build_msvc\filters\cellgrid\filterscellgrid.dir\release\vtkcellgridcellsource.obj
d:\cybermed\daddy\dependency\sdk-vtk-9.4.2\build_msvc\filters\cellgrid\filterscellgrid.dir\release\vtkcellgridcellcenters.obj
d:\cybermed\daddy\dependency\sdk-vtk-9.4.2\build_msvc\filters\cellgrid\filterscellgrid.dir\release\vtkfilterscellgrid.obj
d:\cybermed\daddy\dependency\sdk-vtk-9.4.2\build_msvc\filters\cellgrid\filterscellgrid.dir\release\basis_constant_cellc0gradient.obj
d:\cybermed\daddy\dependency\sdk-vtk-9.4.2\build_msvc\filters\cellgrid\filterscellgrid.dir\release\basis_constant_cellc0basis.obj
d:\cybermed\daddy\dependency\sdk-vtk-9.4.2\build_msvc\filters\cellgrid\filterscellgrid.dir\release\basis_hcurl_teti1basis.obj
d:\cybermed\daddy\dependency\sdk-vtk-9.4.2\build_msvc\filters\cellgrid\filterscellgrid.dir\release\basis_hcurl_wdgi1basis.obj
d:\cybermed\daddy\dependency\sdk-vtk-9.4.2\build_msvc\filters\cellgrid\filterscellgrid.dir\release\basis_hcurl_hexi1basis.obj
d:\cybermed\daddy\dependency\sdk-vtk-9.4.2\build_msvc\filters\cellgrid\filterscellgrid.dir\release\basis_hcurl_trii1basis.obj
d:\cybermed\daddy\dependency\sdk-vtk-9.4.2\build_msvc\filters\cellgrid\filterscellgrid.dir\release\basis_hcurl_quadi1basis.obj
d:\cybermed\daddy\dependency\sdk-vtk-9.4.2\build_msvc\filters\cellgrid\filterscellgrid.dir\release\basis_hdiv_teti1basis.obj
d:\cybermed\daddy\dependency\sdk-vtk-9.4.2\build_msvc\filters\cellgrid\filterscellgrid.dir\release\basis_hdiv_wdgi1basis.obj
d:\cybermed\daddy\dependency\sdk-vtk-9.4.2\build_msvc\filters\cellgrid\filterscellgrid.dir\release\basis_hdiv_hexi1basis.obj
d:\cybermed\daddy\dependency\sdk-vtk-9.4.2\build_msvc\filters\cellgrid\filterscellgrid.dir\release\basis_hdiv_trii1basis.obj
d:\cybermed\daddy\dependency\sdk-vtk-9.4.2\build_msvc\filters\cellgrid\filterscellgrid.dir\release\basis_hdiv_quadi1basis.obj
d:\cybermed\daddy\dependency\sdk-vtk-9.4.2\build_msvc\filters\cellgrid\filterscellgrid.dir\release\vtkdgcell.obj
d:\cybermed\daddy\dependency\sdk-vtk-9.4.2\build_msvc\filters\cellgrid\filterscellgrid.dir\release\vtkdgattributeinformation.obj
d:\cybermed\daddy\dependency\sdk-vtk-9.4.2\build_msvc\filters\cellgrid\filterscellgrid.dir\release\vtkdginterpolatecalculator.obj
d:\cybermed\daddy\dependency\sdk-vtk-9.4.2\build_msvc\filters\cellgrid\filterscellgrid.dir\release\vtkcellattributeinformation.obj
d:\cybermed\daddy\dependency\sdk-vtk-9.4.2\build_msvc\filters\cellgrid\filterscellgrid.dir\release\vtkinterpolatecalculator.obj
d:\cybermed\daddy\dependency\sdk-vtk-9.4.2\build_msvc\filters\cellgrid\filterscellgrid.dir\release\vtkdgwarp.obj
d:\cybermed\daddy\dependency\sdk-vtk-9.4.2\build_msvc\filters\cellgrid\filterscellgrid.dir\release\vtkdgtransformresponder.obj
d:\cybermed\daddy\dependency\sdk-vtk-9.4.2\build_msvc\filters\cellgrid\filterscellgrid.dir\release\vtkdgtranscribeunstructuredcells.obj
d:\cybermed\daddy\dependency\sdk-vtk-9.4.2\build_msvc\filters\cellgrid\filterscellgrid.dir\release\vtkdgtranscribecellgridcells.obj
d:\cybermed\daddy\dependency\sdk-vtk-9.4.2\build_msvc\filters\cellgrid\filterscellgrid.dir\release\vtkdgsidesresponder.obj
d:\cybermed\daddy\dependency\sdk-vtk-9.4.2\build_msvc\filters\cellgrid\filterscellgrid.dir\release\vtkdgrangeresponder.obj
d:\cybermed\daddy\dependency\sdk-vtk-9.4.2\build_msvc\filters\cellgrid\filterscellgrid.dir\release\vtkdgevaluator.obj
d:\cybermed\daddy\dependency\sdk-vtk-9.4.2\build_msvc\filters\cellgrid\filterscellgrid.dir\release\vtkdgelevationresponder.obj
d:\cybermed\daddy\dependency\sdk-vtk-9.4.2\build_msvc\filters\cellgrid\filterscellgrid.dir\release\vtkdgcopyresponder.obj
d:\cybermed\daddy\dependency\sdk-vtk-9.4.2\build_msvc\filters\cellgrid\filterscellgrid.dir\release\vtkdgcellsourceresponder.obj
d:\cybermed\daddy\dependency\sdk-vtk-9.4.2\build_msvc\filters\cellgrid\filterscellgrid.dir\release\vtkdgcellcenterresponder.obj
d:\cybermed\daddy\dependency\sdk-vtk-9.4.2\build_msvc\filters\cellgrid\filterscellgrid.dir\release\vtkdgboundsresponder.obj
d:\cybermed\daddy\dependency\sdk-vtk-9.4.2\build_msvc\filters\cellgrid\filterscellgrid.dir\release\vtkcellgridelevationquery.obj
d:\cybermed\daddy\dependency\sdk-vtk-9.4.2\build_msvc\filters\cellgrid\filterscellgrid.dir\release\vtkcellgridwarp.obj
d:\cybermed\daddy\dependency\sdk-vtk-9.4.2\build_msvc\filters\cellgrid\filterscellgrid.dir\release\vtkcellgridtounstructuredgrid.obj
d:\cybermed\daddy\dependency\sdk-vtk-9.4.2\build_msvc\filters\cellgrid\filterscellgrid.dir\release\vtkunstructuredgridfieldannotations.obj
d:\cybermed\daddy\dependency\sdk-vtk-9.4.2\build_msvc\filters\cellgrid\filterscellgrid.dir\release\vtkdgarrayoutputaccessor.obj
d:\cybermed\daddy\dependency\sdk-vtk-9.4.2\build_msvc\filters\cellgrid\filterscellgrid.dir\release\vtkdgarraysinputaccessor.obj
d:\cybermed\daddy\dependency\sdk-vtk-9.4.2\build_msvc\filters\cellgrid\filterscellgrid.dir\release\vtkdgoperation.obj
d:\cybermed\daddy\dependency\sdk-vtk-9.4.2\build_msvc\filters\cellgrid\filterscellgrid.dir\release\vtkdgoperatorentry.obj
d:\cybermed\daddy\dependency\sdk-vtk-9.4.2\build_msvc\filters\cellgrid\filterscellgrid.dir\release\vtkdghdivoperators.obj
d:\cybermed\daddy\dependency\sdk-vtk-9.4.2\build_msvc\filters\cellgrid\filterscellgrid.dir\release\vtkdghcurloperators.obj
d:\cybermed\daddy\dependency\sdk-vtk-9.4.2\build_msvc\filters\cellgrid\filterscellgrid.dir\release\vtkdghgradoperators.obj
d:\cybermed\daddy\dependency\sdk-vtk-9.4.2\build_msvc\filters\cellgrid\filterscellgrid.dir\release\vtkdgconstantoperators.obj
d:\cybermed\daddy\dependency\sdk-vtk-9.4.2\build_msvc\filters\cellgrid\filterscellgrid.dir\release\vtkderhamcell.obj
d:\cybermed\daddy\dependency\sdk-vtk-9.4.2\build_msvc\filters\cellgrid\filterscellgrid.dir\release\vtkdgwdg.obj
d:\cybermed\daddy\dependency\sdk-vtk-9.4.2\build_msvc\filters\cellgrid\filterscellgrid.dir\release\vtkdgvert.obj
d:\cybermed\daddy\dependency\sdk-vtk-9.4.2\build_msvc\filters\cellgrid\filterscellgrid.dir\release\vtkdgtri.obj
d:\cybermed\daddy\dependency\sdk-vtk-9.4.2\build_msvc\filters\cellgrid\filterscellgrid.dir\release\vtkdgtet.obj
d:\cybermed\daddy\dependency\sdk-vtk-9.4.2\build_msvc\filters\cellgrid\filterscellgrid.dir\release\vtkdgquad.obj
d:\cybermed\daddy\dependency\sdk-vtk-9.4.2\build_msvc\filters\cellgrid\filterscellgrid.dir\release\vtkdgpyr.obj
d:\cybermed\daddy\dependency\sdk-vtk-9.4.2\build_msvc\filters\cellgrid\filterscellgrid.dir\release\vtkdghex.obj
d:\cybermed\daddy\dependency\sdk-vtk-9.4.2\build_msvc\filters\cellgrid\filterscellgrid.dir\release\vtkdgedge.obj
d:\cybermed\daddy\dependency\sdk-vtk-9.4.2\build_msvc\filters\cellgrid\basis_hgrad_tetc1basis.h
d:\cybermed\daddy\dependency\sdk-vtk-9.4.2\build_msvc\filters\cellgrid\basis_hgrad_tetc1basis.cxx
d:\cybermed\daddy\dependency\sdk-vtk-9.4.2\build_msvc\filters\cellgrid\basis_hgrad_hexc2gradient.h
d:\cybermed\daddy\dependency\sdk-vtk-9.4.2\build_msvc\filters\cellgrid\basis_hgrad_hexc2gradient.cxx
d:\cybermed\daddy\dependency\sdk-vtk-9.4.2\build_msvc\filters\cellgrid\basis_hgrad_hexc1basis.h
d:\cybermed\daddy\dependency\sdk-vtk-9.4.2\build_msvc\filters\cellgrid\basis_hgrad_hexc1basis.cxx
d:\cybermed\daddy\dependency\sdk-vtk-9.4.2\build_msvc\filters\cellgrid\basis_hgrad_wdgi2gradient.h
d:\cybermed\daddy\dependency\sdk-vtk-9.4.2\build_msvc\filters\cellgrid\basis_hgrad_wdgi2gradient.cxx
d:\cybermed\daddy\dependency\sdk-vtk-9.4.2\build_msvc\filters\cellgrid\basis_hgrad_quadc1gradient.h
d:\cybermed\daddy\dependency\sdk-vtk-9.4.2\build_msvc\filters\cellgrid\basis_hgrad_quadc1gradient.cxx
d:\cybermed\daddy\dependency\sdk-vtk-9.4.2\build_msvc\filters\cellgrid\basis_hgrad_hexi2basis.h
d:\cybermed\daddy\dependency\sdk-vtk-9.4.2\build_msvc\filters\cellgrid\basis_hgrad_hexi2basis.cxx
d:\cybermed\daddy\dependency\sdk-vtk-9.4.2\build_msvc\filters\cellgrid\basis_hgrad_tric1basis.h
d:\cybermed\daddy\dependency\sdk-vtk-9.4.2\build_msvc\filters\cellgrid\basis_hgrad_tric1basis.cxx
d:\cybermed\daddy\dependency\sdk-vtk-9.4.2\build_msvc\filters\cellgrid\basis_hgrad_pyrf2basis.h
d:\cybermed\daddy\dependency\sdk-vtk-9.4.2\build_msvc\filters\cellgrid\basis_hgrad_pyrf2basis.cxx
d:\cybermed\daddy\dependency\sdk-vtk-9.4.2\build_msvc\filters\cellgrid\basis_hgrad_quadc2basis.h
d:\cybermed\daddy\dependency\sdk-vtk-9.4.2\build_msvc\filters\cellgrid\basis_hgrad_quadc2basis.cxx
d:\cybermed\daddy\dependency\sdk-vtk-9.4.2\build_msvc\filters\cellgrid\basis_hgrad_pyrf2gradient.h
d:\cybermed\daddy\dependency\sdk-vtk-9.4.2\build_msvc\filters\cellgrid\basis_hgrad_pyrf2gradient.cxx
d:\cybermed\daddy\dependency\sdk-vtk-9.4.2\build_msvc\filters\cellgrid\basis_hgrad_pyrc1gradient.h
d:\cybermed\daddy\dependency\sdk-vtk-9.4.2\build_msvc\filters\cellgrid\basis_hgrad_pyrc1gradient.cxx
d:\cybermed\daddy\dependency\sdk-vtk-9.4.2\build_msvc\filters\cellgrid\basis_hgrad_wdgf2basis.h
d:\cybermed\daddy\dependency\sdk-vtk-9.4.2\build_msvc\filters\cellgrid\basis_hgrad_wdgf2basis.cxx
d:\cybermed\daddy\dependency\sdk-vtk-9.4.2\build_msvc\filters\cellgrid\basis_hgrad_wdgc2gradient.h
d:\cybermed\daddy\dependency\sdk-vtk-9.4.2\build_msvc\filters\cellgrid\basis_hgrad_wdgc2gradient.cxx
d:\cybermed\daddy\dependency\sdk-vtk-9.4.2\build_msvc\filters\cellgrid\basis_hgrad_pyri2gradient.h
d:\cybermed\daddy\dependency\sdk-vtk-9.4.2\build_msvc\filters\cellgrid\basis_hgrad_pyri2gradient.cxx
d:\cybermed\daddy\dependency\sdk-vtk-9.4.2\build_msvc\filters\cellgrid\basis_hgrad_tetc1gradient.h
d:\cybermed\daddy\dependency\sdk-vtk-9.4.2\build_msvc\filters\cellgrid\basis_hgrad_tetc1gradient.cxx
d:\cybermed\daddy\dependency\sdk-vtk-9.4.2\build_msvc\filters\cellgrid\basis_hgrad_pyrc1basis.h
d:\cybermed\daddy\dependency\sdk-vtk-9.4.2\build_msvc\filters\cellgrid\basis_hgrad_pyrc1basis.cxx
d:\cybermed\daddy\dependency\sdk-vtk-9.4.2\build_msvc\filters\cellgrid\basis_hgrad_tetf2gradient.h
d:\cybermed\daddy\dependency\sdk-vtk-9.4.2\build_msvc\filters\cellgrid\basis_hgrad_tetf2gradient.cxx
d:\cybermed\daddy\dependency\sdk-vtk-9.4.2\build_msvc\filters\cellgrid\basis_hgrad_wdgc1gradient.h
d:\cybermed\daddy\dependency\sdk-vtk-9.4.2\build_msvc\filters\cellgrid\basis_hgrad_wdgc1gradient.cxx
d:\cybermed\daddy\dependency\sdk-vtk-9.4.2\build_msvc\filters\cellgrid\basis_hgrad_edgec1gradient.h
d:\cybermed\daddy\dependency\sdk-vtk-9.4.2\build_msvc\filters\cellgrid\basis_hgrad_edgec1gradient.cxx
d:\cybermed\daddy\dependency\sdk-vtk-9.4.2\build_msvc\filters\cellgrid\basis_hgrad_tetf2basis.h
d:\cybermed\daddy\dependency\sdk-vtk-9.4.2\build_msvc\filters\cellgrid\basis_hgrad_tetf2basis.cxx
d:\cybermed\daddy\dependency\sdk-vtk-9.4.2\build_msvc\filters\cellgrid\basis_hgrad_tetc2gradient.h
d:\cybermed\daddy\dependency\sdk-vtk-9.4.2\build_msvc\filters\cellgrid\basis_hgrad_tetc2gradient.cxx
d:\cybermed\daddy\dependency\sdk-vtk-9.4.2\build_msvc\filters\cellgrid\basis_hgrad_pyri2basis.h
d:\cybermed\daddy\dependency\sdk-vtk-9.4.2\build_msvc\filters\cellgrid\basis_hgrad_pyri2basis.cxx
d:\cybermed\daddy\dependency\sdk-vtk-9.4.2\build_msvc\filters\cellgrid\basis_hgrad_hexc1gradient.h
d:\cybermed\daddy\dependency\sdk-vtk-9.4.2\build_msvc\filters\cellgrid\basis_hgrad_hexc1gradient.cxx
d:\cybermed\daddy\dependency\sdk-vtk-9.4.2\build_msvc\filters\cellgrid\basis_hgrad_tric2basis.h
d:\cybermed\daddy\dependency\sdk-vtk-9.4.2\build_msvc\filters\cellgrid\basis_hgrad_tric2basis.cxx
d:\cybermed\daddy\dependency\sdk-vtk-9.4.2\build_msvc\filters\cellgrid\basis_hgrad_tetc2basis.h
d:\cybermed\daddy\dependency\sdk-vtk-9.4.2\build_msvc\filters\cellgrid\basis_hgrad_tetc2basis.cxx
d:\cybermed\daddy\dependency\sdk-vtk-9.4.2\build_msvc\filters\cellgrid\basis_hgrad_edgec1basis.h
d:\cybermed\daddy\dependency\sdk-vtk-9.4.2\build_msvc\filters\cellgrid\basis_hgrad_edgec1basis.cxx
d:\cybermed\daddy\dependency\sdk-vtk-9.4.2\build_msvc\filters\cellgrid\basis_hgrad_quadc1basis.h
d:\cybermed\daddy\dependency\sdk-vtk-9.4.2\build_msvc\filters\cellgrid\basis_hgrad_quadc1basis.cxx
d:\cybermed\daddy\dependency\sdk-vtk-9.4.2\build_msvc\filters\cellgrid\basis_hgrad_tric1gradient.h
d:\cybermed\daddy\dependency\sdk-vtk-9.4.2\build_msvc\filters\cellgrid\basis_hgrad_tric1gradient.cxx
d:\cybermed\daddy\dependency\sdk-vtk-9.4.2\build_msvc\filters\cellgrid\basis_hgrad_edgec2gradient.h
d:\cybermed\daddy\dependency\sdk-vtk-9.4.2\build_msvc\filters\cellgrid\basis_hgrad_edgec2gradient.cxx
d:\cybermed\daddy\dependency\sdk-vtk-9.4.2\build_msvc\filters\cellgrid\basis_hgrad_wdgi2basis.h
d:\cybermed\daddy\dependency\sdk-vtk-9.4.2\build_msvc\filters\cellgrid\basis_hgrad_wdgi2basis.cxx
d:\cybermed\daddy\dependency\sdk-vtk-9.4.2\build_msvc\filters\cellgrid\basis_hgrad_hexc2basis.h
d:\cybermed\daddy\dependency\sdk-vtk-9.4.2\build_msvc\filters\cellgrid\basis_hgrad_hexc2basis.cxx
d:\cybermed\daddy\dependency\sdk-vtk-9.4.2\build_msvc\filters\cellgrid\basis_hgrad_quadc2gradient.h
d:\cybermed\daddy\dependency\sdk-vtk-9.4.2\build_msvc\filters\cellgrid\basis_hgrad_quadc2gradient.cxx
d:\cybermed\daddy\dependency\sdk-vtk-9.4.2\build_msvc\filters\cellgrid\basis_hgrad_wdgc2basis.h
d:\cybermed\daddy\dependency\sdk-vtk-9.4.2\build_msvc\filters\cellgrid\basis_hgrad_wdgc2basis.cxx
d:\cybermed\daddy\dependency\sdk-vtk-9.4.2\build_msvc\filters\cellgrid\basis_hgrad_hexi2gradient.h
d:\cybermed\daddy\dependency\sdk-vtk-9.4.2\build_msvc\filters\cellgrid\basis_hgrad_hexi2gradient.cxx
d:\cybermed\daddy\dependency\sdk-vtk-9.4.2\build_msvc\filters\cellgrid\basis_hgrad_pyrc2gradient.h
d:\cybermed\daddy\dependency\sdk-vtk-9.4.2\build_msvc\filters\cellgrid\basis_hgrad_pyrc2gradient.cxx
d:\cybermed\daddy\dependency\sdk-vtk-9.4.2\build_msvc\filters\cellgrid\basis_hgrad_pyrc2basis.h
d:\cybermed\daddy\dependency\sdk-vtk-9.4.2\build_msvc\filters\cellgrid\basis_hgrad_pyrc2basis.cxx
d:\cybermed\daddy\dependency\sdk-vtk-9.4.2\build_msvc\filters\cellgrid\basis_hgrad_edgec2basis.h
d:\cybermed\daddy\dependency\sdk-vtk-9.4.2\build_msvc\filters\cellgrid\basis_hgrad_edgec2basis.cxx
d:\cybermed\daddy\dependency\sdk-vtk-9.4.2\build_msvc\filters\cellgrid\basis_hgrad_tric2gradient.h
d:\cybermed\daddy\dependency\sdk-vtk-9.4.2\build_msvc\filters\cellgrid\basis_hgrad_tric2gradient.cxx
d:\cybermed\daddy\dependency\sdk-vtk-9.4.2\build_msvc\filters\cellgrid\basis_hgrad_wdgf2gradient.h
d:\cybermed\daddy\dependency\sdk-vtk-9.4.2\build_msvc\filters\cellgrid\basis_hgrad_wdgf2gradient.cxx
d:\cybermed\daddy\dependency\sdk-vtk-9.4.2\build_msvc\filters\cellgrid\basis_hgrad_wdgc1basis.h
d:\cybermed\daddy\dependency\sdk-vtk-9.4.2\build_msvc\filters\cellgrid\basis_hgrad_wdgc1basis.cxx
d:\cybermed\daddy\dependency\sdk-vtk-9.4.2\build_msvc\filters\cellgrid\basis_hdiv_quadi1basis.h
d:\cybermed\daddy\dependency\sdk-vtk-9.4.2\build_msvc\filters\cellgrid\basis_hdiv_quadi1basis.cxx
d:\cybermed\daddy\dependency\sdk-vtk-9.4.2\build_msvc\filters\cellgrid\basis_hdiv_trii1basis.h
d:\cybermed\daddy\dependency\sdk-vtk-9.4.2\build_msvc\filters\cellgrid\basis_hdiv_trii1basis.cxx
d:\cybermed\daddy\dependency\sdk-vtk-9.4.2\build_msvc\filters\cellgrid\basis_hdiv_hexi1basis.h
d:\cybermed\daddy\dependency\sdk-vtk-9.4.2\build_msvc\filters\cellgrid\basis_hdiv_hexi1basis.cxx
d:\cybermed\daddy\dependency\sdk-vtk-9.4.2\build_msvc\filters\cellgrid\basis_hdiv_wdgi1basis.h
d:\cybermed\daddy\dependency\sdk-vtk-9.4.2\build_msvc\filters\cellgrid\basis_hdiv_wdgi1basis.cxx
d:\cybermed\daddy\dependency\sdk-vtk-9.4.2\build_msvc\filters\cellgrid\basis_hdiv_teti1basis.h
d:\cybermed\daddy\dependency\sdk-vtk-9.4.2\build_msvc\filters\cellgrid\basis_hdiv_teti1basis.cxx
d:\cybermed\daddy\dependency\sdk-vtk-9.4.2\build_msvc\filters\cellgrid\basis_hcurl_quadi1basis.h
d:\cybermed\daddy\dependency\sdk-vtk-9.4.2\build_msvc\filters\cellgrid\basis_hcurl_quadi1basis.cxx
d:\cybermed\daddy\dependency\sdk-vtk-9.4.2\build_msvc\filters\cellgrid\basis_hcurl_trii1basis.h
d:\cybermed\daddy\dependency\sdk-vtk-9.4.2\build_msvc\filters\cellgrid\basis_hcurl_trii1basis.cxx
d:\cybermed\daddy\dependency\sdk-vtk-9.4.2\build_msvc\filters\cellgrid\basis_hcurl_hexi1basis.h
d:\cybermed\daddy\dependency\sdk-vtk-9.4.2\build_msvc\filters\cellgrid\basis_hcurl_hexi1basis.cxx
d:\cybermed\daddy\dependency\sdk-vtk-9.4.2\build_msvc\filters\cellgrid\basis_hcurl_wdgi1basis.h
d:\cybermed\daddy\dependency\sdk-vtk-9.4.2\build_msvc\filters\cellgrid\basis_hcurl_wdgi1basis.cxx
d:\cybermed\daddy\dependency\sdk-vtk-9.4.2\build_msvc\filters\cellgrid\basis_hcurl_teti1basis.h
d:\cybermed\daddy\dependency\sdk-vtk-9.4.2\build_msvc\filters\cellgrid\basis_hcurl_teti1basis.cxx
d:\cybermed\daddy\dependency\sdk-vtk-9.4.2\build_msvc\filters\cellgrid\basis_constant_cellc0basis.h
d:\cybermed\daddy\dependency\sdk-vtk-9.4.2\build_msvc\filters\cellgrid\basis_constant_cellc0basis.cxx
d:\cybermed\daddy\dependency\sdk-vtk-9.4.2\build_msvc\filters\cellgrid\basis_constant_cellc0gradient.h
d:\cybermed\daddy\dependency\sdk-vtk-9.4.2\build_msvc\filters\cellgrid\basis_constant_cellc0gradient.cxx
d:\cybermed\daddy\dependency\sdk-vtk-9.4.2\build_msvc\filters\cellgrid\cmakefiles\generate.stamp
d:\cybermed\daddy\dependency\sdk-vtk-9.4.2\build_msvc\bin\release\vtkfilterscellgrid-9.4.dll
d:\cybermed\daddy\dependency\sdk-vtk-9.4.2\build_msvc\lib\release\vtkfilterscellgrid-9.4.lib
d:\cybermed\daddy\dependency\sdk-vtk-9.4.2\build_msvc\lib\release\vtkfilterscellgrid-9.4.exp
d:\cybermed\daddy\dependency\sdk-vtk-9.4.2\build_msvc\filters\cellgrid\filterscellgrid.dir\release\filterscellgrid.tlog\cl.command.1.tlog
d:\cybermed\daddy\dependency\sdk-vtk-9.4.2\build_msvc\filters\cellgrid\filterscellgrid.dir\release\filterscellgrid.tlog\cl.items.tlog
d:\cybermed\daddy\dependency\sdk-vtk-9.4.2\build_msvc\filters\cellgrid\filterscellgrid.dir\release\filterscellgrid.tlog\cl.read.1.tlog
d:\cybermed\daddy\dependency\sdk-vtk-9.4.2\build_msvc\filters\cellgrid\filterscellgrid.dir\release\filterscellgrid.tlog\cl.write.1.tlog
d:\cybermed\daddy\dependency\sdk-vtk-9.4.2\build_msvc\filters\cellgrid\filterscellgrid.dir\release\filterscellgrid.tlog\custombuild.command.1.tlog
d:\cybermed\daddy\dependency\sdk-vtk-9.4.2\build_msvc\filters\cellgrid\filterscellgrid.dir\release\filterscellgrid.tlog\custombuild.read.1.tlog
d:\cybermed\daddy\dependency\sdk-vtk-9.4.2\build_msvc\filters\cellgrid\filterscellgrid.dir\release\filterscellgrid.tlog\custombuild.write.1.tlog
d:\cybermed\daddy\dependency\sdk-vtk-9.4.2\build_msvc\filters\cellgrid\filterscellgrid.dir\release\filterscellgrid.tlog\link.command.1.tlog
d:\cybermed\daddy\dependency\sdk-vtk-9.4.2\build_msvc\filters\cellgrid\filterscellgrid.dir\release\filterscellgrid.tlog\link.read.1.tlog
d:\cybermed\daddy\dependency\sdk-vtk-9.4.2\build_msvc\filters\cellgrid\filterscellgrid.dir\release\filterscellgrid.tlog\link.secondary.1.tlog
d:\cybermed\daddy\dependency\sdk-vtk-9.4.2\build_msvc\filters\cellgrid\filterscellgrid.dir\release\filterscellgrid.tlog\link.write.1.tlog
