d:\cybermed\daddy\dependency\sdk-vtk-9.4.2\build_msvc\lib\debug\vtkdomainschemistryopengl2-9.4d.pdb
d:\cybermed\daddy\dependency\sdk-vtk-9.4.2\build_msvc\domains\chemistryopengl2\domainschemistryopengl2.dir\debug\vtkopenglmoleculemapper.obj
d:\cybermed\daddy\dependency\sdk-vtk-9.4.2\build_msvc\domains\chemistryopengl2\domainschemistryopengl2.dir\debug\vtkdomainschemistryopengl2objectfactory.obj
d:\cybermed\daddy\dependency\sdk-vtk-9.4.2\build_msvc\domains\chemistryopengl2\domainschemistryopengl2.dir\debug\vc143.pdb
d:\cybermed\daddy\dependency\sdk-vtk-9.4.2\build_msvc\domains\chemistryopengl2\cmakefiles\generate.stamp
d:\cybermed\daddy\dependency\sdk-vtk-9.4.2\build_msvc\lib\debug\vtkdomainschemistryopengl2-9.4d.lib
d:\cybermed\daddy\dependency\sdk-vtk-9.4.2\build_msvc\bin\debug\vtkdomainschemistryopengl2-9.4d.dll
d:\cybermed\daddy\dependency\sdk-vtk-9.4.2\build_msvc\bin\debug\vtkdomainschemistryopengl2-9.4d.pdb
d:\cybermed\daddy\dependency\sdk-vtk-9.4.2\build_msvc\lib\debug\vtkdomainschemistryopengl2-9.4d.exp
d:\cybermed\daddy\dependency\sdk-vtk-9.4.2\build_msvc\domains\chemistryopengl2\domainschemistryopengl2.dir\debug\vtkdomainschemistryopengl2-9.4d.ilk
d:\cybermed\daddy\dependency\sdk-vtk-9.4.2\build_msvc\domains\chemistryopengl2\domainschemistryopengl2.dir\debug\domainsc.758c79d7.tlog\cl.command.1.tlog
d:\cybermed\daddy\dependency\sdk-vtk-9.4.2\build_msvc\domains\chemistryopengl2\domainschemistryopengl2.dir\debug\domainsc.758c79d7.tlog\cl.items.tlog
d:\cybermed\daddy\dependency\sdk-vtk-9.4.2\build_msvc\domains\chemistryopengl2\domainschemistryopengl2.dir\debug\domainsc.758c79d7.tlog\cl.read.1.tlog
d:\cybermed\daddy\dependency\sdk-vtk-9.4.2\build_msvc\domains\chemistryopengl2\domainschemistryopengl2.dir\debug\domainsc.758c79d7.tlog\cl.write.1.tlog
d:\cybermed\daddy\dependency\sdk-vtk-9.4.2\build_msvc\domains\chemistryopengl2\domainschemistryopengl2.dir\debug\domainsc.758c79d7.tlog\custombuild.command.1.tlog
d:\cybermed\daddy\dependency\sdk-vtk-9.4.2\build_msvc\domains\chemistryopengl2\domainschemistryopengl2.dir\debug\domainsc.758c79d7.tlog\custombuild.read.1.tlog
d:\cybermed\daddy\dependency\sdk-vtk-9.4.2\build_msvc\domains\chemistryopengl2\domainschemistryopengl2.dir\debug\domainsc.758c79d7.tlog\custombuild.write.1.tlog
d:\cybermed\daddy\dependency\sdk-vtk-9.4.2\build_msvc\domains\chemistryopengl2\domainschemistryopengl2.dir\debug\domainsc.758c79d7.tlog\lib-link.read.1.tlog
d:\cybermed\daddy\dependency\sdk-vtk-9.4.2\build_msvc\domains\chemistryopengl2\domainschemistryopengl2.dir\debug\domainsc.758c79d7.tlog\lib-link.write.1.tlog
d:\cybermed\daddy\dependency\sdk-vtk-9.4.2\build_msvc\domains\chemistryopengl2\domainschemistryopengl2.dir\debug\domainsc.758c79d7.tlog\lib.command.1.tlog
d:\cybermed\daddy\dependency\sdk-vtk-9.4.2\build_msvc\domains\chemistryopengl2\domainschemistryopengl2.dir\debug\domainsc.758c79d7.tlog\link.command.1.tlog
d:\cybermed\daddy\dependency\sdk-vtk-9.4.2\build_msvc\domains\chemistryopengl2\domainschemistryopengl2.dir\debug\domainsc.758c79d7.tlog\link.read.1.tlog
d:\cybermed\daddy\dependency\sdk-vtk-9.4.2\build_msvc\domains\chemistryopengl2\domainschemistryopengl2.dir\debug\domainsc.758c79d7.tlog\link.secondary.1.tlog
d:\cybermed\daddy\dependency\sdk-vtk-9.4.2\build_msvc\domains\chemistryopengl2\domainschemistryopengl2.dir\debug\domainsc.758c79d7.tlog\link.write.1.tlog
