d:\cybermed\daddy\dependency\sdk-vtk-9.4.2\build_msvc\io\parallel\ioparallel.dir\release\vtkpopenfoamreader.obj
d:\cybermed\daddy\dependency\sdk-vtk-9.4.2\build_msvc\io\parallel\ioparallel.dir\release\vtkplot3dmetareader.obj
d:\cybermed\daddy\dependency\sdk-vtk-9.4.2\build_msvc\io\parallel\ioparallel.dir\release\vtkpimagewriter.obj
d:\cybermed\daddy\dependency\sdk-vtk-9.4.2\build_msvc\io\parallel\ioparallel.dir\release\vtkpdatasetwriter.obj
d:\cybermed\daddy\dependency\sdk-vtk-9.4.2\build_msvc\io\parallel\ioparallel.dir\release\vtkpdatasetreader.obj
d:\cybermed\daddy\dependency\sdk-vtk-9.4.2\build_msvc\io\parallel\ioparallel.dir\release\vtkpchacoreader.obj
d:\cybermed\daddy\dependency\sdk-vtk-9.4.2\build_msvc\io\parallel\ioparallel.dir\release\vtknek5000reader.obj
d:\cybermed\daddy\dependency\sdk-vtk-9.4.2\build_msvc\io\parallel\ioparallel.dir\release\vtkmultiblockplot3dreader.obj
d:\cybermed\daddy\dependency\sdk-vtk-9.4.2\build_msvc\io\parallel\ioparallel.dir\release\vtkensightwriter.obj
d:\cybermed\daddy\dependency\sdk-vtk-9.4.2\build_msvc\io\parallel\ioparallel.dir\release\vtkmultiblockplot3dreaderinternals.obj
d:\cybermed\daddy\dependency\sdk-vtk-9.4.2\build_msvc\io\parallel\cmakefiles\generate.stamp
d:\cybermed\daddy\dependency\sdk-vtk-9.4.2\build_msvc\bin\release\vtkioparallel-9.4.dll
d:\cybermed\daddy\dependency\sdk-vtk-9.4.2\build_msvc\lib\release\vtkioparallel-9.4.lib
d:\cybermed\daddy\dependency\sdk-vtk-9.4.2\build_msvc\lib\release\vtkioparallel-9.4.exp
d:\cybermed\daddy\dependency\sdk-vtk-9.4.2\build_msvc\io\parallel\ioparallel.dir\release\ioparallel.tlog\cl.command.1.tlog
d:\cybermed\daddy\dependency\sdk-vtk-9.4.2\build_msvc\io\parallel\ioparallel.dir\release\ioparallel.tlog\cl.items.tlog
d:\cybermed\daddy\dependency\sdk-vtk-9.4.2\build_msvc\io\parallel\ioparallel.dir\release\ioparallel.tlog\cl.read.1.tlog
d:\cybermed\daddy\dependency\sdk-vtk-9.4.2\build_msvc\io\parallel\ioparallel.dir\release\ioparallel.tlog\cl.write.1.tlog
d:\cybermed\daddy\dependency\sdk-vtk-9.4.2\build_msvc\io\parallel\ioparallel.dir\release\ioparallel.tlog\custombuild.command.1.tlog
d:\cybermed\daddy\dependency\sdk-vtk-9.4.2\build_msvc\io\parallel\ioparallel.dir\release\ioparallel.tlog\custombuild.read.1.tlog
d:\cybermed\daddy\dependency\sdk-vtk-9.4.2\build_msvc\io\parallel\ioparallel.dir\release\ioparallel.tlog\custombuild.write.1.tlog
d:\cybermed\daddy\dependency\sdk-vtk-9.4.2\build_msvc\io\parallel\ioparallel.dir\release\ioparallel.tlog\link.command.1.tlog
d:\cybermed\daddy\dependency\sdk-vtk-9.4.2\build_msvc\io\parallel\ioparallel.dir\release\ioparallel.tlog\link.read.1.tlog
d:\cybermed\daddy\dependency\sdk-vtk-9.4.2\build_msvc\io\parallel\ioparallel.dir\release\ioparallel.tlog\link.secondary.1.tlog
d:\cybermed\daddy\dependency\sdk-vtk-9.4.2\build_msvc\io\parallel\ioparallel.dir\release\ioparallel.tlog\link.write.1.tlog
