d:\cybermed\daddy\dependency\sdk-vtk-9.4.2\build_msvc\remote\vtkdicom\source\dicom.dir\release\vtkdicomscgenerator.obj
d:\cybermed\daddy\dependency\sdk-vtk-9.4.2\build_msvc\remote\vtkdicom\source\dicom.dir\release\vtkdicomimagecodec.obj
d:\cybermed\daddy\dependency\sdk-vtk-9.4.2\build_msvc\remote\vtkdicom\source\dicom.dir\release\vtkdicomgenerator.obj
d:\cybermed\daddy\dependency\sdk-vtk-9.4.2\build_msvc\remote\vtkdicom\source\dicom.dir\release\vtkdicomfilesorter.obj
d:\cybermed\daddy\dependency\sdk-vtk-9.4.2\build_msvc\remote\vtkdicom\source\dicom.dir\release\vtkdicomdirectory.obj
d:\cybermed\daddy\dependency\sdk-vtk-9.4.2\build_msvc\remote\vtkdicom\source\dicom.dir\release\vtkdicomdictprivate.obj
d:\cybermed\daddy\dependency\sdk-vtk-9.4.2\build_msvc\remote\vtkdicom\source\dicom.dir\release\vtkdicomdictentry.obj
d:\cybermed\daddy\dependency\sdk-vtk-9.4.2\build_msvc\remote\vtkdicom\source\dicom.dir\release\vtkdicomdicthash.obj
d:\cybermed\daddy\dependency\sdk-vtk-9.4.2\build_msvc\remote\vtkdicom\source\dicom.dir\release\vtkdicomdataelement.obj
d:\cybermed\daddy\dependency\sdk-vtk-9.4.2\build_msvc\remote\vtkdicom\source\dicom.dir\release\vtkdicomcharactersettables.obj
d:\cybermed\daddy\dependency\sdk-vtk-9.4.2\build_msvc\remote\vtkdicom\source\dicom.dir\release\vtkdicomcharacterset.obj
d:\cybermed\daddy\dependency\sdk-vtk-9.4.2\build_msvc\remote\vtkdicom\source\dicom.dir\release\vtkdicomvm.obj
d:\cybermed\daddy\dependency\sdk-vtk-9.4.2\build_msvc\remote\vtkdicom\source\dicom.dir\release\vtkdicomvr.obj
d:\cybermed\daddy\dependency\sdk-vtk-9.4.2\build_msvc\remote\vtkdicom\source\dicom.dir\release\vtkdicomtagpath.obj
d:\cybermed\daddy\dependency\sdk-vtk-9.4.2\build_msvc\remote\vtkdicom\source\dicom.dir\release\vtkdicomtag.obj
d:\cybermed\daddy\dependency\sdk-vtk-9.4.2\build_msvc\remote\vtkdicom\source\dicom.dir\release\vtkdicomfiledirectory.obj
d:\cybermed\daddy\dependency\sdk-vtk-9.4.2\build_msvc\remote\vtkdicom\source\dicom.dir\release\vtkdicomfile.obj
d:\cybermed\daddy\dependency\sdk-vtk-9.4.2\build_msvc\remote\vtkdicom\source\dicom.dir\release\vtkdicomfilepath.obj
d:\cybermed\daddy\dependency\sdk-vtk-9.4.2\build_msvc\remote\vtkdicom\source\dicom.dir\release\vtkdicomdictionary.obj
d:\cybermed\daddy\dependency\sdk-vtk-9.4.2\build_msvc\remote\vtkdicom\source\dicom.dir\release\vtkdicommetadata.obj
d:\cybermed\daddy\dependency\sdk-vtk-9.4.2\build_msvc\remote\vtkdicom\source\dicom.dir\release\vtkdicomctrectifier.obj
d:\cybermed\daddy\dependency\sdk-vtk-9.4.2\build_msvc\remote\vtkdicom\source\dicom.dir\release\vtkdicomtoras.obj
d:\cybermed\daddy\dependency\sdk-vtk-9.4.2\build_msvc\remote\vtkdicom\source\dicom.dir\release\vtkdicomapplyrescale.obj
d:\cybermed\daddy\dependency\sdk-vtk-9.4.2\build_msvc\remote\vtkdicom\source\dicom.dir\release\vtkdicomapplypalette.obj
d:\cybermed\daddy\dependency\sdk-vtk-9.4.2\build_msvc\remote\vtkdicom\source\dicom.dir\release\vtkdicomlookuptable.obj
d:\cybermed\daddy\dependency\sdk-vtk-9.4.2\build_msvc\remote\vtkdicom\source\dicom.dir\release\vtkdicomalgorithm.obj
d:\cybermed\daddy\dependency\sdk-vtk-9.4.2\build_msvc\remote\vtkdicom\source\dicom.dir\release\vtkdicomwriter.obj
d:\cybermed\daddy\dependency\sdk-vtk-9.4.2\build_msvc\remote\vtkdicom\source\dicom.dir\release\vtkdicomvalue.obj
d:\cybermed\daddy\dependency\sdk-vtk-9.4.2\build_msvc\remote\vtkdicom\source\dicom.dir\release\vtkdicomutilitiesuidtable.obj
d:\cybermed\daddy\dependency\sdk-vtk-9.4.2\build_msvc\remote\vtkdicom\source\dicom.dir\release\vtkdicomutilities.obj
d:\cybermed\daddy\dependency\sdk-vtk-9.4.2\build_msvc\remote\vtkdicom\source\dicom.dir\release\vtkdicomreferencecount.obj
d:\cybermed\daddy\dependency\sdk-vtk-9.4.2\build_msvc\remote\vtkdicom\source\dicom.dir\release\vtkdicomsorter.obj
d:\cybermed\daddy\dependency\sdk-vtk-9.4.2\build_msvc\remote\vtkdicom\source\dicom.dir\release\vtkdicomitem.obj
d:\cybermed\daddy\dependency\sdk-vtk-9.4.2\build_msvc\remote\vtkdicom\source\dicom.dir\release\vtkdicomsequence.obj
d:\cybermed\daddy\dependency\sdk-vtk-9.4.2\build_msvc\remote\vtkdicom\source\dicom.dir\release\vtkdicomslicesorter.obj
d:\cybermed\daddy\dependency\sdk-vtk-9.4.2\build_msvc\remote\vtkdicom\source\dicom.dir\release\vtkdicomreader.obj
d:\cybermed\daddy\dependency\sdk-vtk-9.4.2\build_msvc\remote\vtkdicom\source\dicom.dir\release\vtkdicomcompiler.obj
d:\cybermed\daddy\dependency\sdk-vtk-9.4.2\build_msvc\remote\vtkdicom\source\dicom.dir\release\vtkdicomparser.obj
d:\cybermed\daddy\dependency\sdk-vtk-9.4.2\build_msvc\remote\vtkdicom\source\dicom.dir\release\vtkdicommrgenerator.obj
d:\cybermed\daddy\dependency\sdk-vtk-9.4.2\build_msvc\remote\vtkdicom\source\dicom.dir\release\vtkdicomctgenerator.obj
d:\cybermed\daddy\dependency\sdk-vtk-9.4.2\build_msvc\remote\vtkdicom\source\dicom.dir\release\vtkscancoctreader.obj
d:\cybermed\daddy\dependency\sdk-vtk-9.4.2\build_msvc\remote\vtkdicom\source\dicom.dir\release\vtkniftiwriter.obj
d:\cybermed\daddy\dependency\sdk-vtk-9.4.2\build_msvc\remote\vtkdicom\source\dicom.dir\release\vtkniftireader.obj
d:\cybermed\daddy\dependency\sdk-vtk-9.4.2\build_msvc\remote\vtkdicom\source\dicom.dir\release\vtkniftiheader.obj
d:\cybermed\daddy\dependency\sdk-vtk-9.4.2\build_msvc\remote\vtkdicom\source\dicom.dir\release\vtkdicomuidgenerator.obj
d:\cybermed\daddy\dependency\sdk-vtk-9.4.2\build_msvc\remote\vtkdicom\source\dicom.dir\release\vtkdicommetadataadapter.obj
d:\cybermed\daddy\dependency\sdk-vtk-9.4.2\build_msvc\remote\vtkdicom\source\cmakefiles\generate.stamp
d:\cybermed\daddy\dependency\sdk-vtk-9.4.2\build_msvc\bin\release\vtkdicom-9.4.dll
d:\cybermed\daddy\dependency\sdk-vtk-9.4.2\build_msvc\lib\release\vtkdicom-9.4.lib
d:\cybermed\daddy\dependency\sdk-vtk-9.4.2\build_msvc\lib\release\vtkdicom-9.4.exp
d:\cybermed\daddy\dependency\sdk-vtk-9.4.2\build_msvc\remote\vtkdicom\source\dicom.dir\release\dicom.tlog\cl.command.1.tlog
d:\cybermed\daddy\dependency\sdk-vtk-9.4.2\build_msvc\remote\vtkdicom\source\dicom.dir\release\dicom.tlog\cl.items.tlog
d:\cybermed\daddy\dependency\sdk-vtk-9.4.2\build_msvc\remote\vtkdicom\source\dicom.dir\release\dicom.tlog\cl.read.1.tlog
d:\cybermed\daddy\dependency\sdk-vtk-9.4.2\build_msvc\remote\vtkdicom\source\dicom.dir\release\dicom.tlog\cl.write.1.tlog
d:\cybermed\daddy\dependency\sdk-vtk-9.4.2\build_msvc\remote\vtkdicom\source\dicom.dir\release\dicom.tlog\custombuild.command.1.tlog
d:\cybermed\daddy\dependency\sdk-vtk-9.4.2\build_msvc\remote\vtkdicom\source\dicom.dir\release\dicom.tlog\custombuild.read.1.tlog
d:\cybermed\daddy\dependency\sdk-vtk-9.4.2\build_msvc\remote\vtkdicom\source\dicom.dir\release\dicom.tlog\custombuild.write.1.tlog
d:\cybermed\daddy\dependency\sdk-vtk-9.4.2\build_msvc\remote\vtkdicom\source\dicom.dir\release\dicom.tlog\link.command.1.tlog
d:\cybermed\daddy\dependency\sdk-vtk-9.4.2\build_msvc\remote\vtkdicom\source\dicom.dir\release\dicom.tlog\link.read.1.tlog
d:\cybermed\daddy\dependency\sdk-vtk-9.4.2\build_msvc\remote\vtkdicom\source\dicom.dir\release\dicom.tlog\link.secondary.1.tlog
d:\cybermed\daddy\dependency\sdk-vtk-9.4.2\build_msvc\remote\vtkdicom\source\dicom.dir\release\dicom.tlog\link.write.1.tlog
