d:\cybermed\daddy\dependency\dcmtk-dcmtk-3.6.8\build_msvc\dcmtract\libsrc\dcmtract.dir\release\trctractographyresults.obj
d:\cybermed\daddy\dependency\dcmtk-dcmtk-3.6.8\build_msvc\dcmtract\libsrc\dcmtract.dir\release\trcmodtractresults.obj
d:\cybermed\daddy\dependency\dcmtk-dcmtk-3.6.8\build_msvc\dcmtract\libsrc\dcmtract.dir\release\trcstatistic.obj
d:\cybermed\daddy\dependency\dcmtk-dcmtk-3.6.8\build_msvc\dcmtract\libsrc\dcmtract.dir\release\trcmeasurement.obj
d:\cybermed\daddy\dependency\dcmtk-dcmtk-3.6.8\build_msvc\dcmtract\libsrc\dcmtract.dir\release\trctrack.obj
d:\cybermed\daddy\dependency\dcmtk-dcmtk-3.6.8\build_msvc\dcmtract\libsrc\dcmtract.dir\release\trctrackset.obj
d:\cybermed\daddy\dependency\dcmtk-dcmtk-3.6.8\build_msvc\dcmtract\libsrc\dcmtract.dir\release\trctypes.obj
d:\cybermed\daddy\dependency\dcmtk-dcmtk-3.6.8\build_msvc\dcmtract\libsrc\cmakefiles\generate.stamp
d:\cybermed\daddy\dependency\dcmtk-dcmtk-3.6.8\build_msvc\lib\release\dcmtract.lib
d:\cybermed\daddy\dependency\dcmtk-dcmtk-3.6.8\build_msvc\bin\release\dcmtract.dll
d:\cybermed\daddy\dependency\dcmtk-dcmtk-3.6.8\build_msvc\lib\release\dcmtract.exp
d:\cybermed\daddy\dependency\dcmtk-dcmtk-3.6.8\build_msvc\dcmtract\libsrc\dcmtract.dir\release\dcmtract.tlog\cl.command.1.tlog
d:\cybermed\daddy\dependency\dcmtk-dcmtk-3.6.8\build_msvc\dcmtract\libsrc\dcmtract.dir\release\dcmtract.tlog\cl.items.tlog
d:\cybermed\daddy\dependency\dcmtk-dcmtk-3.6.8\build_msvc\dcmtract\libsrc\dcmtract.dir\release\dcmtract.tlog\cl.read.1.tlog
d:\cybermed\daddy\dependency\dcmtk-dcmtk-3.6.8\build_msvc\dcmtract\libsrc\dcmtract.dir\release\dcmtract.tlog\cl.write.1.tlog
d:\cybermed\daddy\dependency\dcmtk-dcmtk-3.6.8\build_msvc\dcmtract\libsrc\dcmtract.dir\release\dcmtract.tlog\custombuild.command.1.tlog
d:\cybermed\daddy\dependency\dcmtk-dcmtk-3.6.8\build_msvc\dcmtract\libsrc\dcmtract.dir\release\dcmtract.tlog\custombuild.read.1.tlog
d:\cybermed\daddy\dependency\dcmtk-dcmtk-3.6.8\build_msvc\dcmtract\libsrc\dcmtract.dir\release\dcmtract.tlog\custombuild.write.1.tlog
d:\cybermed\daddy\dependency\dcmtk-dcmtk-3.6.8\build_msvc\dcmtract\libsrc\dcmtract.dir\release\dcmtract.tlog\lib-link.read.1.tlog
d:\cybermed\daddy\dependency\dcmtk-dcmtk-3.6.8\build_msvc\dcmtract\libsrc\dcmtract.dir\release\dcmtract.tlog\lib-link.write.1.tlog
d:\cybermed\daddy\dependency\dcmtk-dcmtk-3.6.8\build_msvc\dcmtract\libsrc\dcmtract.dir\release\dcmtract.tlog\lib.command.1.tlog
d:\cybermed\daddy\dependency\dcmtk-dcmtk-3.6.8\build_msvc\dcmtract\libsrc\dcmtract.dir\release\dcmtract.tlog\link.command.1.tlog
d:\cybermed\daddy\dependency\dcmtk-dcmtk-3.6.8\build_msvc\dcmtract\libsrc\dcmtract.dir\release\dcmtract.tlog\link.read.1.tlog
d:\cybermed\daddy\dependency\dcmtk-dcmtk-3.6.8\build_msvc\dcmtract\libsrc\dcmtract.dir\release\dcmtract.tlog\link.secondary.1.tlog
d:\cybermed\daddy\dependency\dcmtk-dcmtk-3.6.8\build_msvc\dcmtract\libsrc\dcmtract.dir\release\dcmtract.tlog\link.write.1.tlog
