d:\cybermed\daddy\dependency\sdk-vtk-9.4.2\build_msvc\utilities\metaio\vtkmetaio\metaio.dir\release\metasurface.obj
d:\cybermed\daddy\dependency\sdk-vtk-9.4.2\build_msvc\utilities\metaio\vtkmetaio\metaio.dir\release\metascene.obj
d:\cybermed\daddy\dependency\sdk-vtk-9.4.2\build_msvc\utilities\metaio\vtkmetaio\metaio.dir\release\metaobject.obj
d:\cybermed\daddy\dependency\sdk-vtk-9.4.2\build_msvc\utilities\metaio\vtkmetaio\metaio.dir\release\metamesh.obj
d:\cybermed\daddy\dependency\sdk-vtk-9.4.2\build_msvc\utilities\metaio\vtkmetaio\metaio.dir\release\metaline.obj
d:\cybermed\daddy\dependency\sdk-vtk-9.4.2\build_msvc\utilities\metaio\vtkmetaio\metaio.dir\release\metalandmark.obj
d:\cybermed\daddy\dependency\sdk-vtk-9.4.2\build_msvc\utilities\metaio\vtkmetaio\metaio.dir\release\metaimageutils.obj
d:\cybermed\daddy\dependency\sdk-vtk-9.4.2\build_msvc\utilities\metaio\vtkmetaio\metaio.dir\release\metaimage.obj
d:\cybermed\daddy\dependency\sdk-vtk-9.4.2\build_msvc\utilities\metaio\vtkmetaio\metaio.dir\release\metagaussian.obj
d:\cybermed\daddy\dependency\sdk-vtk-9.4.2\build_msvc\utilities\metaio\vtkmetaio\metaio.dir\release\metagroup.obj
d:\cybermed\daddy\dependency\sdk-vtk-9.4.2\build_msvc\utilities\metaio\vtkmetaio\metaio.dir\release\metaform.obj
d:\cybermed\daddy\dependency\sdk-vtk-9.4.2\build_msvc\utilities\metaio\vtkmetaio\metaio.dir\release\metafemobject.obj
d:\cybermed\daddy\dependency\sdk-vtk-9.4.2\build_msvc\utilities\metaio\vtkmetaio\metaio.dir\release\metaellipse.obj
d:\cybermed\daddy\dependency\sdk-vtk-9.4.2\build_msvc\utilities\metaio\vtkmetaio\metaio.dir\release\metadtitube.obj
d:\cybermed\daddy\dependency\sdk-vtk-9.4.2\build_msvc\utilities\metaio\vtkmetaio\metaio.dir\release\metacontour.obj
d:\cybermed\daddy\dependency\sdk-vtk-9.4.2\build_msvc\utilities\metaio\vtkmetaio\metaio.dir\release\metacommand.obj
d:\cybermed\daddy\dependency\sdk-vtk-9.4.2\build_msvc\utilities\metaio\vtkmetaio\metaio.dir\release\metablob.obj
d:\cybermed\daddy\dependency\sdk-vtk-9.4.2\build_msvc\utilities\metaio\vtkmetaio\metaio.dir\release\metaarrow.obj
d:\cybermed\daddy\dependency\sdk-vtk-9.4.2\build_msvc\utilities\metaio\vtkmetaio\metaio.dir\release\metaarray.obj
d:\cybermed\daddy\dependency\sdk-vtk-9.4.2\build_msvc\utilities\metaio\vtkmetaio\metaio.dir\release\metautils.obj
d:\cybermed\daddy\dependency\sdk-vtk-9.4.2\build_msvc\utilities\metaio\vtkmetaio\metaio.dir\release\metavesseltube.obj
d:\cybermed\daddy\dependency\sdk-vtk-9.4.2\build_msvc\utilities\metaio\vtkmetaio\metaio.dir\release\metatubegraph.obj
d:\cybermed\daddy\dependency\sdk-vtk-9.4.2\build_msvc\utilities\metaio\vtkmetaio\metaio.dir\release\metatransform.obj
d:\cybermed\daddy\dependency\sdk-vtk-9.4.2\build_msvc\utilities\metaio\vtkmetaio\metaio.dir\release\metatube.obj
d:\cybermed\daddy\dependency\sdk-vtk-9.4.2\build_msvc\utilities\metaio\vtkmetaio\cmakefiles\generate.stamp
d:\cybermed\daddy\dependency\sdk-vtk-9.4.2\build_msvc\bin\release\vtkmetaio-9.4.dll
d:\cybermed\daddy\dependency\sdk-vtk-9.4.2\build_msvc\lib\release\vtkmetaio-9.4.lib
d:\cybermed\daddy\dependency\sdk-vtk-9.4.2\build_msvc\lib\release\vtkmetaio-9.4.exp
d:\cybermed\daddy\dependency\sdk-vtk-9.4.2\build_msvc\utilities\metaio\vtkmetaio\metaio.dir\release\metaio.tlog\cl.command.1.tlog
d:\cybermed\daddy\dependency\sdk-vtk-9.4.2\build_msvc\utilities\metaio\vtkmetaio\metaio.dir\release\metaio.tlog\cl.items.tlog
d:\cybermed\daddy\dependency\sdk-vtk-9.4.2\build_msvc\utilities\metaio\vtkmetaio\metaio.dir\release\metaio.tlog\cl.read.1.tlog
d:\cybermed\daddy\dependency\sdk-vtk-9.4.2\build_msvc\utilities\metaio\vtkmetaio\metaio.dir\release\metaio.tlog\cl.write.1.tlog
d:\cybermed\daddy\dependency\sdk-vtk-9.4.2\build_msvc\utilities\metaio\vtkmetaio\metaio.dir\release\metaio.tlog\custombuild.command.1.tlog
d:\cybermed\daddy\dependency\sdk-vtk-9.4.2\build_msvc\utilities\metaio\vtkmetaio\metaio.dir\release\metaio.tlog\custombuild.read.1.tlog
d:\cybermed\daddy\dependency\sdk-vtk-9.4.2\build_msvc\utilities\metaio\vtkmetaio\metaio.dir\release\metaio.tlog\custombuild.write.1.tlog
d:\cybermed\daddy\dependency\sdk-vtk-9.4.2\build_msvc\utilities\metaio\vtkmetaio\metaio.dir\release\metaio.tlog\link.command.1.tlog
d:\cybermed\daddy\dependency\sdk-vtk-9.4.2\build_msvc\utilities\metaio\vtkmetaio\metaio.dir\release\metaio.tlog\link.read.1.tlog
d:\cybermed\daddy\dependency\sdk-vtk-9.4.2\build_msvc\utilities\metaio\vtkmetaio\metaio.dir\release\metaio.tlog\link.secondary.1.tlog
d:\cybermed\daddy\dependency\sdk-vtk-9.4.2\build_msvc\utilities\metaio\vtkmetaio\metaio.dir\release\metaio.tlog\link.write.1.tlog
