d:\cybermed\daddy\dependency\sdk-vtk-9.4.2\build_msvc\rendering\annotation\renderingannotation.dir\release\vtkpolaraxesactor2d.obj
d:\cybermed\daddy\dependency\sdk-vtk-9.4.2\build_msvc\rendering\annotation\renderingannotation.dir\release\vtkpolaraxesactor.obj
d:\cybermed\daddy\dependency\sdk-vtk-9.4.2\build_msvc\rendering\annotation\renderingannotation.dir\release\vtkpiechartactor.obj
d:\cybermed\daddy\dependency\sdk-vtk-9.4.2\build_msvc\rendering\annotation\renderingannotation.dir\release\vtkparallelcoordinatesactor.obj
d:\cybermed\daddy\dependency\sdk-vtk-9.4.2\build_msvc\rendering\annotation\renderingannotation.dir\release\vtklegendscaleactor.obj
d:\cybermed\daddy\dependency\sdk-vtk-9.4.2\build_msvc\rendering\annotation\renderingannotation.dir\release\vtklegendboxactor.obj
d:\cybermed\daddy\dependency\sdk-vtk-9.4.2\build_msvc\rendering\annotation\renderingannotation.dir\release\vtkleaderactor2d.obj
d:\cybermed\daddy\dependency\sdk-vtk-9.4.2\build_msvc\rendering\annotation\renderingannotation.dir\release\vtkgraphannotationlayersfilter.obj
d:\cybermed\daddy\dependency\sdk-vtk-9.4.2\build_msvc\rendering\annotation\renderingannotation.dir\release\vtkcubeaxesactor2d.obj
d:\cybermed\daddy\dependency\sdk-vtk-9.4.2\build_msvc\rendering\annotation\renderingannotation.dir\release\vtkcubeaxesactor.obj
d:\cybermed\daddy\dependency\sdk-vtk-9.4.2\build_msvc\rendering\annotation\renderingannotation.dir\release\vtkcornerannotation.obj
d:\cybermed\daddy\dependency\sdk-vtk-9.4.2\build_msvc\rendering\annotation\renderingannotation.dir\release\vtkconvexhull2d.obj
d:\cybermed\daddy\dependency\sdk-vtk-9.4.2\build_msvc\rendering\annotation\renderingannotation.dir\release\vtkcaptionactor2d.obj
d:\cybermed\daddy\dependency\sdk-vtk-9.4.2\build_msvc\rendering\annotation\renderingannotation.dir\release\vtkbarchartactor.obj
d:\cybermed\daddy\dependency\sdk-vtk-9.4.2\build_msvc\rendering\annotation\renderingannotation.dir\release\vtkaxisfollower.obj
d:\cybermed\daddy\dependency\sdk-vtk-9.4.2\build_msvc\rendering\annotation\renderingannotation.dir\release\vtkaxisactor2d.obj
d:\cybermed\daddy\dependency\sdk-vtk-9.4.2\build_msvc\rendering\annotation\renderingannotation.dir\release\vtkaxisactor.obj
d:\cybermed\daddy\dependency\sdk-vtk-9.4.2\build_msvc\rendering\annotation\renderingannotation.dir\release\vtkaxesactor.obj
d:\cybermed\daddy\dependency\sdk-vtk-9.4.2\build_msvc\rendering\annotation\renderingannotation.dir\release\vtkarcplotter.obj
d:\cybermed\daddy\dependency\sdk-vtk-9.4.2\build_msvc\rendering\annotation\renderingannotation.dir\release\vtkannotatedcubeactor.obj
d:\cybermed\daddy\dependency\sdk-vtk-9.4.2\build_msvc\rendering\annotation\renderingannotation.dir\release\vtkaxisgridactorprivate.obj
d:\cybermed\daddy\dependency\sdk-vtk-9.4.2\build_msvc\rendering\annotation\renderingannotation.dir\release\vtkarcgridactorprivate.obj
d:\cybermed\daddy\dependency\sdk-vtk-9.4.2\build_msvc\rendering\annotation\renderingannotation.dir\release\vtkxyplotactor.obj
d:\cybermed\daddy\dependency\sdk-vtk-9.4.2\build_msvc\rendering\annotation\renderingannotation.dir\release\vtkspiderplotactor.obj
d:\cybermed\daddy\dependency\sdk-vtk-9.4.2\build_msvc\rendering\annotation\renderingannotation.dir\release\vtkscalarbaractor.obj
d:\cybermed\daddy\dependency\sdk-vtk-9.4.2\build_msvc\rendering\annotation\renderingannotation.dir\release\vtkradialgridactor2d.obj
d:\cybermed\daddy\dependency\sdk-vtk-9.4.2\build_msvc\rendering\annotation\renderingannotation.dir\release\vtkprop3daxisfollower.obj
d:\cybermed\daddy\dependency\sdk-vtk-9.4.2\build_msvc\rendering\annotation\cmakefiles\generate.stamp
d:\cybermed\daddy\dependency\sdk-vtk-9.4.2\build_msvc\bin\release\vtkrenderingannotation-9.4.dll
d:\cybermed\daddy\dependency\sdk-vtk-9.4.2\build_msvc\lib\release\vtkrenderingannotation-9.4.lib
d:\cybermed\daddy\dependency\sdk-vtk-9.4.2\build_msvc\lib\release\vtkrenderingannotation-9.4.exp
d:\cybermed\daddy\dependency\sdk-vtk-9.4.2\build_msvc\rendering\annotation\renderingannotation.dir\release\renderin.d3a1c38a.tlog\cl.command.1.tlog
d:\cybermed\daddy\dependency\sdk-vtk-9.4.2\build_msvc\rendering\annotation\renderingannotation.dir\release\renderin.d3a1c38a.tlog\cl.items.tlog
d:\cybermed\daddy\dependency\sdk-vtk-9.4.2\build_msvc\rendering\annotation\renderingannotation.dir\release\renderin.d3a1c38a.tlog\cl.read.1.tlog
d:\cybermed\daddy\dependency\sdk-vtk-9.4.2\build_msvc\rendering\annotation\renderingannotation.dir\release\renderin.d3a1c38a.tlog\cl.write.1.tlog
d:\cybermed\daddy\dependency\sdk-vtk-9.4.2\build_msvc\rendering\annotation\renderingannotation.dir\release\renderin.d3a1c38a.tlog\custombuild.command.1.tlog
d:\cybermed\daddy\dependency\sdk-vtk-9.4.2\build_msvc\rendering\annotation\renderingannotation.dir\release\renderin.d3a1c38a.tlog\custombuild.read.1.tlog
d:\cybermed\daddy\dependency\sdk-vtk-9.4.2\build_msvc\rendering\annotation\renderingannotation.dir\release\renderin.d3a1c38a.tlog\custombuild.write.1.tlog
d:\cybermed\daddy\dependency\sdk-vtk-9.4.2\build_msvc\rendering\annotation\renderingannotation.dir\release\renderin.d3a1c38a.tlog\link.command.1.tlog
d:\cybermed\daddy\dependency\sdk-vtk-9.4.2\build_msvc\rendering\annotation\renderingannotation.dir\release\renderin.d3a1c38a.tlog\link.read.1.tlog
d:\cybermed\daddy\dependency\sdk-vtk-9.4.2\build_msvc\rendering\annotation\renderingannotation.dir\release\renderin.d3a1c38a.tlog\link.secondary.1.tlog
d:\cybermed\daddy\dependency\sdk-vtk-9.4.2\build_msvc\rendering\annotation\renderingannotation.dir\release\renderin.d3a1c38a.tlog\link.write.1.tlog
