d:\cybermed\daddy\dependency\sdk-vtk-9.4.2\build_msvc\filters\parallelimaging\filtersparallelimaging.dir\release\vtktransmitimagedatapiece.obj
d:\cybermed\daddy\dependency\sdk-vtk-9.4.2\build_msvc\filters\parallelimaging\filtersparallelimaging.dir\release\vtkppairwiseextracthistogram2d.obj
d:\cybermed\daddy\dependency\sdk-vtk-9.4.2\build_msvc\filters\parallelimaging\filtersparallelimaging.dir\release\vtkpextracthistogram2d.obj
d:\cybermed\daddy\dependency\sdk-vtk-9.4.2\build_msvc\filters\parallelimaging\filtersparallelimaging.dir\release\vtkpcomputehistogram2doutliers.obj
d:\cybermed\daddy\dependency\sdk-vtk-9.4.2\build_msvc\filters\parallelimaging\filtersparallelimaging.dir\release\vtkmemorylimitimagedatastreamer.obj
d:\cybermed\daddy\dependency\sdk-vtk-9.4.2\build_msvc\filters\parallelimaging\filtersparallelimaging.dir\release\vtkextractpiece.obj
d:\cybermed\daddy\dependency\sdk-vtk-9.4.2\build_msvc\filters\parallelimaging\cmakefiles\generate.stamp
d:\cybermed\daddy\dependency\sdk-vtk-9.4.2\build_msvc\bin\release\vtkfiltersparallelimaging-9.4.dll
d:\cybermed\daddy\dependency\sdk-vtk-9.4.2\build_msvc\lib\release\vtkfiltersparallelimaging-9.4.lib
d:\cybermed\daddy\dependency\sdk-vtk-9.4.2\build_msvc\lib\release\vtkfiltersparallelimaging-9.4.exp
d:\cybermed\daddy\dependency\sdk-vtk-9.4.2\build_msvc\filters\parallelimaging\filtersparallelimaging.dir\release\filtersp.85db23e6.tlog\cl.command.1.tlog
d:\cybermed\daddy\dependency\sdk-vtk-9.4.2\build_msvc\filters\parallelimaging\filtersparallelimaging.dir\release\filtersp.85db23e6.tlog\cl.items.tlog
d:\cybermed\daddy\dependency\sdk-vtk-9.4.2\build_msvc\filters\parallelimaging\filtersparallelimaging.dir\release\filtersp.85db23e6.tlog\cl.read.1.tlog
d:\cybermed\daddy\dependency\sdk-vtk-9.4.2\build_msvc\filters\parallelimaging\filtersparallelimaging.dir\release\filtersp.85db23e6.tlog\cl.write.1.tlog
d:\cybermed\daddy\dependency\sdk-vtk-9.4.2\build_msvc\filters\parallelimaging\filtersparallelimaging.dir\release\filtersp.85db23e6.tlog\custombuild.command.1.tlog
d:\cybermed\daddy\dependency\sdk-vtk-9.4.2\build_msvc\filters\parallelimaging\filtersparallelimaging.dir\release\filtersp.85db23e6.tlog\custombuild.read.1.tlog
d:\cybermed\daddy\dependency\sdk-vtk-9.4.2\build_msvc\filters\parallelimaging\filtersparallelimaging.dir\release\filtersp.85db23e6.tlog\custombuild.write.1.tlog
d:\cybermed\daddy\dependency\sdk-vtk-9.4.2\build_msvc\filters\parallelimaging\filtersparallelimaging.dir\release\filtersp.85db23e6.tlog\link.command.1.tlog
d:\cybermed\daddy\dependency\sdk-vtk-9.4.2\build_msvc\filters\parallelimaging\filtersparallelimaging.dir\release\filtersp.85db23e6.tlog\link.read.1.tlog
d:\cybermed\daddy\dependency\sdk-vtk-9.4.2\build_msvc\filters\parallelimaging\filtersparallelimaging.dir\release\filtersp.85db23e6.tlog\link.secondary.1.tlog
d:\cybermed\daddy\dependency\sdk-vtk-9.4.2\build_msvc\filters\parallelimaging\filtersparallelimaging.dir\release\filtersp.85db23e6.tlog\link.write.1.tlog
