d:\cybermed\daddy\dependency\sdk-vtk-9.4.2\build_msvc\lib\debug\vtkrenderingannotation-9.4d.pdb
d:\cybermed\daddy\dependency\sdk-vtk-9.4.2\build_msvc\rendering\annotation\renderingannotation.dir\debug\vtkpolaraxesactor2d.obj
d:\cybermed\daddy\dependency\sdk-vtk-9.4.2\build_msvc\rendering\annotation\renderingannotation.dir\debug\vtkpolaraxesactor.obj
d:\cybermed\daddy\dependency\sdk-vtk-9.4.2\build_msvc\rendering\annotation\renderingannotation.dir\debug\vtkpiechartactor.obj
d:\cybermed\daddy\dependency\sdk-vtk-9.4.2\build_msvc\rendering\annotation\renderingannotation.dir\debug\vtkparallelcoordinatesactor.obj
d:\cybermed\daddy\dependency\sdk-vtk-9.4.2\build_msvc\rendering\annotation\renderingannotation.dir\debug\vtklegendscaleactor.obj
d:\cybermed\daddy\dependency\sdk-vtk-9.4.2\build_msvc\rendering\annotation\renderingannotation.dir\debug\vtklegendboxactor.obj
d:\cybermed\daddy\dependency\sdk-vtk-9.4.2\build_msvc\rendering\annotation\renderingannotation.dir\debug\vtkleaderactor2d.obj
d:\cybermed\daddy\dependency\sdk-vtk-9.4.2\build_msvc\rendering\annotation\renderingannotation.dir\debug\vtkgraphannotationlayersfilter.obj
d:\cybermed\daddy\dependency\sdk-vtk-9.4.2\build_msvc\rendering\annotation\renderingannotation.dir\debug\vtkcubeaxesactor2d.obj
d:\cybermed\daddy\dependency\sdk-vtk-9.4.2\build_msvc\rendering\annotation\renderingannotation.dir\debug\vtkcubeaxesactor.obj
d:\cybermed\daddy\dependency\sdk-vtk-9.4.2\build_msvc\rendering\annotation\renderingannotation.dir\debug\vtkcornerannotation.obj
d:\cybermed\daddy\dependency\sdk-vtk-9.4.2\build_msvc\rendering\annotation\renderingannotation.dir\debug\vtkconvexhull2d.obj
d:\cybermed\daddy\dependency\sdk-vtk-9.4.2\build_msvc\rendering\annotation\renderingannotation.dir\debug\vtkcaptionactor2d.obj
d:\cybermed\daddy\dependency\sdk-vtk-9.4.2\build_msvc\rendering\annotation\renderingannotation.dir\debug\vtkbarchartactor.obj
d:\cybermed\daddy\dependency\sdk-vtk-9.4.2\build_msvc\rendering\annotation\renderingannotation.dir\debug\vtkaxisfollower.obj
d:\cybermed\daddy\dependency\sdk-vtk-9.4.2\build_msvc\rendering\annotation\renderingannotation.dir\debug\vtkaxisactor2d.obj
d:\cybermed\daddy\dependency\sdk-vtk-9.4.2\build_msvc\rendering\annotation\renderingannotation.dir\debug\vtkaxisactor.obj
d:\cybermed\daddy\dependency\sdk-vtk-9.4.2\build_msvc\rendering\annotation\renderingannotation.dir\debug\vtkaxesactor.obj
d:\cybermed\daddy\dependency\sdk-vtk-9.4.2\build_msvc\rendering\annotation\renderingannotation.dir\debug\vtkarcplotter.obj
d:\cybermed\daddy\dependency\sdk-vtk-9.4.2\build_msvc\rendering\annotation\renderingannotation.dir\debug\vtkannotatedcubeactor.obj
d:\cybermed\daddy\dependency\sdk-vtk-9.4.2\build_msvc\rendering\annotation\renderingannotation.dir\debug\vtkaxisgridactorprivate.obj
d:\cybermed\daddy\dependency\sdk-vtk-9.4.2\build_msvc\rendering\annotation\renderingannotation.dir\debug\vtkarcgridactorprivate.obj
d:\cybermed\daddy\dependency\sdk-vtk-9.4.2\build_msvc\rendering\annotation\renderingannotation.dir\debug\vtkxyplotactor.obj
d:\cybermed\daddy\dependency\sdk-vtk-9.4.2\build_msvc\rendering\annotation\renderingannotation.dir\debug\vtkspiderplotactor.obj
d:\cybermed\daddy\dependency\sdk-vtk-9.4.2\build_msvc\rendering\annotation\renderingannotation.dir\debug\vtkscalarbaractor.obj
d:\cybermed\daddy\dependency\sdk-vtk-9.4.2\build_msvc\rendering\annotation\renderingannotation.dir\debug\vtkradialgridactor2d.obj
d:\cybermed\daddy\dependency\sdk-vtk-9.4.2\build_msvc\rendering\annotation\renderingannotation.dir\debug\vtkprop3daxisfollower.obj
d:\cybermed\daddy\dependency\sdk-vtk-9.4.2\build_msvc\rendering\annotation\renderingannotation.dir\debug\vc143.pdb
d:\cybermed\daddy\dependency\sdk-vtk-9.4.2\build_msvc\rendering\annotation\cmakefiles\generate.stamp
d:\cybermed\daddy\dependency\sdk-vtk-9.4.2\build_msvc\lib\debug\vtkrenderingannotation-9.4d.lib
d:\cybermed\daddy\dependency\sdk-vtk-9.4.2\build_msvc\bin\debug\vtkrenderingannotation-9.4d.dll
d:\cybermed\daddy\dependency\sdk-vtk-9.4.2\build_msvc\bin\debug\vtkrenderingannotation-9.4d.pdb
d:\cybermed\daddy\dependency\sdk-vtk-9.4.2\build_msvc\lib\debug\vtkrenderingannotation-9.4d.exp
d:\cybermed\daddy\dependency\sdk-vtk-9.4.2\build_msvc\rendering\annotation\renderingannotation.dir\debug\vtkrenderingannotation-9.4d.ilk
d:\cybermed\daddy\dependency\sdk-vtk-9.4.2\build_msvc\rendering\annotation\renderingannotation.dir\debug\renderin.d3a1c38a.tlog\cl.command.1.tlog
d:\cybermed\daddy\dependency\sdk-vtk-9.4.2\build_msvc\rendering\annotation\renderingannotation.dir\debug\renderin.d3a1c38a.tlog\cl.items.tlog
d:\cybermed\daddy\dependency\sdk-vtk-9.4.2\build_msvc\rendering\annotation\renderingannotation.dir\debug\renderin.d3a1c38a.tlog\cl.read.1.tlog
d:\cybermed\daddy\dependency\sdk-vtk-9.4.2\build_msvc\rendering\annotation\renderingannotation.dir\debug\renderin.d3a1c38a.tlog\cl.write.1.tlog
d:\cybermed\daddy\dependency\sdk-vtk-9.4.2\build_msvc\rendering\annotation\renderingannotation.dir\debug\renderin.d3a1c38a.tlog\custombuild.command.1.tlog
d:\cybermed\daddy\dependency\sdk-vtk-9.4.2\build_msvc\rendering\annotation\renderingannotation.dir\debug\renderin.d3a1c38a.tlog\custombuild.read.1.tlog
d:\cybermed\daddy\dependency\sdk-vtk-9.4.2\build_msvc\rendering\annotation\renderingannotation.dir\debug\renderin.d3a1c38a.tlog\custombuild.write.1.tlog
d:\cybermed\daddy\dependency\sdk-vtk-9.4.2\build_msvc\rendering\annotation\renderingannotation.dir\debug\renderin.d3a1c38a.tlog\lib-link.read.1.tlog
d:\cybermed\daddy\dependency\sdk-vtk-9.4.2\build_msvc\rendering\annotation\renderingannotation.dir\debug\renderin.d3a1c38a.tlog\lib-link.write.1.tlog
d:\cybermed\daddy\dependency\sdk-vtk-9.4.2\build_msvc\rendering\annotation\renderingannotation.dir\debug\renderin.d3a1c38a.tlog\lib.command.1.tlog
d:\cybermed\daddy\dependency\sdk-vtk-9.4.2\build_msvc\rendering\annotation\renderingannotation.dir\debug\renderin.d3a1c38a.tlog\link.command.1.tlog
d:\cybermed\daddy\dependency\sdk-vtk-9.4.2\build_msvc\rendering\annotation\renderingannotation.dir\debug\renderin.d3a1c38a.tlog\link.read.1.tlog
d:\cybermed\daddy\dependency\sdk-vtk-9.4.2\build_msvc\rendering\annotation\renderingannotation.dir\debug\renderin.d3a1c38a.tlog\link.secondary.1.tlog
d:\cybermed\daddy\dependency\sdk-vtk-9.4.2\build_msvc\rendering\annotation\renderingannotation.dir\debug\renderin.d3a1c38a.tlog\link.write.1.tlog
