d:\cybermed\daddy\dependency\sdk-vtk-9.4.2\build_msvc\lib\debug\vtkrenderingopengl2-9.4d.pdb
d:\cybermed\daddy\dependency\sdk-vtk-9.4.2\build_msvc\rendering\opengl2\renderingopengl2.dir\debug\vtkoutlineglowblurpassfs.obj
d:\cybermed\daddy\dependency\sdk-vtk-9.4.2\build_msvc\rendering\opengl2\renderingopengl2.dir\debug\vtkorderindependenttranslucentpassfinalfs.obj
d:\cybermed\daddy\dependency\sdk-vtk-9.4.2\build_msvc\rendering\opengl2\renderingopengl2.dir\debug\vtkglyph3dvs.obj
d:\cybermed\daddy\dependency\sdk-vtk-9.4.2\build_msvc\rendering\opengl2\renderingopengl2.dir\debug\vtkgaussianblurpassvs.obj
d:\cybermed\daddy\dependency\sdk-vtk-9.4.2\build_msvc\rendering\opengl2\renderingopengl2.dir\debug\vtkgaussianblurpassfs.obj
d:\cybermed\daddy\dependency\sdk-vtk-9.4.2\build_msvc\rendering\opengl2\renderingopengl2.dir\debug\vtkfluidmappervs.obj
d:\cybermed\daddy\dependency\sdk-vtk-9.4.2\build_msvc\rendering\opengl2\renderingopengl2.dir\debug\vtkfluidmappergs.obj
d:\cybermed\daddy\dependency\sdk-vtk-9.4.2\build_msvc\rendering\opengl2\renderingopengl2.dir\debug\vtkfluidmapperfinalfs.obj
d:\cybermed\daddy\dependency\sdk-vtk-9.4.2\build_msvc\rendering\opengl2\renderingopengl2.dir\debug\vtkfluidmapperfs.obj
d:\cybermed\daddy\dependency\sdk-vtk-9.4.2\build_msvc\rendering\opengl2\renderingopengl2.dir\debug\vtkfluidmapperthicknessandvolumecolorfilterfs.obj
d:\cybermed\daddy\dependency\sdk-vtk-9.4.2\build_msvc\rendering\opengl2\renderingopengl2.dir\debug\vtkfluidmappersurfacenormalfs.obj
d:\cybermed\daddy\dependency\sdk-vtk-9.4.2\build_msvc\rendering\opengl2\renderingopengl2.dir\debug\vtkfluidmapperdepthfilternarrowrangefs.obj
d:\cybermed\daddy\dependency\sdk-vtk-9.4.2\build_msvc\rendering\opengl2\renderingopengl2.dir\debug\vtkfluidmapperdepthfilterbigaussfs.obj
d:\cybermed\daddy\dependency\sdk-vtk-9.4.2\build_msvc\rendering\opengl2\renderingopengl2.dir\debug\vtkfxaafilterfs.obj
d:\cybermed\daddy\dependency\sdk-vtk-9.4.2\build_msvc\rendering\opengl2\renderingopengl2.dir\debug\vtkedlshadefs.obj
d:\cybermed\daddy\dependency\sdk-vtk-9.4.2\build_msvc\rendering\opengl2\renderingopengl2.dir\debug\vtkedlcomposefs.obj
d:\cybermed\daddy\dependency\sdk-vtk-9.4.2\build_msvc\rendering\opengl2\renderingopengl2.dir\debug\vtkedlbilateralfilterfs.obj
d:\cybermed\daddy\dependency\sdk-vtk-9.4.2\build_msvc\rendering\opengl2\renderingopengl2.dir\debug\vtkdepthpeelingpassintermediatefs.obj
d:\cybermed\daddy\dependency\sdk-vtk-9.4.2\build_msvc\rendering\opengl2\renderingopengl2.dir\debug\vtkdepthpeelingpassfinalfs.obj
d:\cybermed\daddy\dependency\sdk-vtk-9.4.2\build_msvc\rendering\opengl2\renderingopengl2.dir\debug\vtkdepthoffieldpassfs.obj
d:\cybermed\daddy\dependency\sdk-vtk-9.4.2\build_msvc\rendering\opengl2\renderingopengl2.dir\debug\vtktextureobjectvs.obj
d:\cybermed\daddy\dependency\sdk-vtk-9.4.2\build_msvc\rendering\opengl2\renderingopengl2.dir\debug\vtktextureobjectfs.obj
d:\cybermed\daddy\dependency\sdk-vtk-9.4.2\build_msvc\rendering\opengl2\renderingopengl2.dir\debug\vtkstickmappergs.obj
d:\cybermed\daddy\dependency\sdk-vtk-9.4.2\build_msvc\rendering\opengl2\renderingopengl2.dir\debug\vtkspheremappergs.obj
d:\cybermed\daddy\dependency\sdk-vtk-9.4.2\build_msvc\rendering\opengl2\renderingopengl2.dir\debug\vtksobelgradientmagnitudepass2fs.obj
d:\cybermed\daddy\dependency\sdk-vtk-9.4.2\build_msvc\rendering\opengl2\renderingopengl2.dir\debug\vtksobelgradientmagnitudepass1fs.obj
d:\cybermed\daddy\dependency\sdk-vtk-9.4.2\build_msvc\rendering\opengl2\renderingopengl2.dir\debug\vtksimplesplatvs.obj
d:\cybermed\daddy\dependency\sdk-vtk-9.4.2\build_msvc\rendering\opengl2\renderingopengl2.dir\debug\vtksimplemotionblurpassfs.obj
d:\cybermed\daddy\dependency\sdk-vtk-9.4.2\build_msvc\rendering\opengl2\renderingopengl2.dir\debug\vtkssaapassfs.obj
d:\cybermed\daddy\dependency\sdk-vtk-9.4.2\build_msvc\rendering\opengl2\renderingopengl2.dir\debug\vtkpolydatawidelinegs.obj
d:\cybermed\daddy\dependency\sdk-vtk-9.4.2\build_msvc\rendering\opengl2\renderingopengl2.dir\debug\vtkpolydataedgesgs.obj
d:\cybermed\daddy\dependency\sdk-vtk-9.4.2\build_msvc\rendering\opengl2\renderingopengl2.dir\debug\vtkpolydatavs.obj
d:\cybermed\daddy\dependency\sdk-vtk-9.4.2\build_msvc\rendering\opengl2\renderingopengl2.dir\debug\vtkpolydatafs.obj
d:\cybermed\daddy\dependency\sdk-vtk-9.4.2\build_msvc\rendering\opengl2\renderingopengl2.dir\debug\vtkpolydata2dvs.obj
d:\cybermed\daddy\dependency\sdk-vtk-9.4.2\build_msvc\rendering\opengl2\renderingopengl2.dir\debug\vtkpolydata2dfs.obj
d:\cybermed\daddy\dependency\sdk-vtk-9.4.2\build_msvc\rendering\opengl2\renderingopengl2.dir\debug\vtkpointgaussiangs.obj
d:\cybermed\daddy\dependency\sdk-vtk-9.4.2\build_msvc\rendering\opengl2\renderingopengl2.dir\debug\vtkpointgaussianvs.obj
d:\cybermed\daddy\dependency\sdk-vtk-9.4.2\build_msvc\rendering\opengl2\renderingopengl2.dir\debug\vtkpointfillpassfs.obj
d:\cybermed\daddy\dependency\sdk-vtk-9.4.2\build_msvc\rendering\opengl2\renderingopengl2.dir\debug\vtkpbrfunctions.obj
d:\cybermed\daddy\dependency\sdk-vtk-9.4.2\build_msvc\rendering\opengl2\renderingopengl2.dir\debug\vtkoutlineglowupscalepassfs.obj
d:\cybermed\daddy\dependency\sdk-vtk-9.4.2\build_msvc\rendering\opengl2\renderingopengl2.dir\debug\vtkglslmodcamera.obj
d:\cybermed\daddy\dependency\sdk-vtk-9.4.2\build_msvc\rendering\opengl2\renderingopengl2.dir\debug\vtkgenericopenglrenderwindow.obj
d:\cybermed\daddy\dependency\sdk-vtk-9.4.2\build_msvc\rendering\opengl2\renderingopengl2.dir\debug\vtkgaussianblurpass.obj
d:\cybermed\daddy\dependency\sdk-vtk-9.4.2\build_msvc\rendering\opengl2\renderingopengl2.dir\debug\vtkframebufferpass.obj
d:\cybermed\daddy\dependency\sdk-vtk-9.4.2\build_msvc\rendering\opengl2\renderingopengl2.dir\debug\vtkequirectangulartocubemaptexture.obj
d:\cybermed\daddy\dependency\sdk-vtk-9.4.2\build_msvc\rendering\opengl2\renderingopengl2.dir\debug\vtkedlshading.obj
d:\cybermed\daddy\dependency\sdk-vtk-9.4.2\build_msvc\rendering\opengl2\renderingopengl2.dir\debug\vtkdualdepthpeelingpass.obj
d:\cybermed\daddy\dependency\sdk-vtk-9.4.2\build_msvc\rendering\opengl2\renderingopengl2.dir\debug\vtkdrawtexturedelements.obj
d:\cybermed\daddy\dependency\sdk-vtk-9.4.2\build_msvc\rendering\opengl2\renderingopengl2.dir\debug\vtkdepthpeelingpass.obj
d:\cybermed\daddy\dependency\sdk-vtk-9.4.2\build_msvc\rendering\opengl2\renderingopengl2.dir\debug\vtkdepthoffieldpass.obj
d:\cybermed\daddy\dependency\sdk-vtk-9.4.2\build_msvc\rendering\opengl2\renderingopengl2.dir\debug\vtkdepthimageprocessingpass.obj
d:\cybermed\daddy\dependency\sdk-vtk-9.4.2\build_msvc\rendering\opengl2\renderingopengl2.dir\debug\vtkdefaultpass.obj
d:\cybermed\daddy\dependency\sdk-vtk-9.4.2\build_msvc\rendering\opengl2\renderingopengl2.dir\debug\vtkdatatransferhelper.obj
d:\cybermed\daddy\dependency\sdk-vtk-9.4.2\build_msvc\rendering\opengl2\renderingopengl2.dir\debug\vtkcompositepolydatamapper2.obj
d:\cybermed\daddy\dependency\sdk-vtk-9.4.2\build_msvc\rendering\opengl2\renderingopengl2.dir\debug\vtkclearzpass.obj
d:\cybermed\daddy\dependency\sdk-vtk-9.4.2\build_msvc\rendering\opengl2\renderingopengl2.dir\debug\vtkclearrgbpass.obj
d:\cybermed\daddy\dependency\sdk-vtk-9.4.2\build_msvc\rendering\opengl2\renderingopengl2.dir\debug\vtkcamerapass.obj
d:\cybermed\daddy\dependency\sdk-vtk-9.4.2\build_msvc\rendering\opengl2\renderingopengl2.dir\debug\vtkarrayrenderer.obj
d:\cybermed\daddy\dependency\sdk-vtk-9.4.2\build_msvc\rendering\opengl2\renderingopengl2.dir\debug\vtkrenderingopengl2objectfactory.obj
d:\cybermed\daddy\dependency\sdk-vtk-9.4.2\build_msvc\rendering\opengl2\renderingopengl2.dir\debug\bluenoisetexture64x64.obj
d:\cybermed\daddy\dependency\sdk-vtk-9.4.2\build_msvc\rendering\opengl2\renderingopengl2.dir\debug\vtkopenglfxaafilter.obj
d:\cybermed\daddy\dependency\sdk-vtk-9.4.2\build_msvc\rendering\opengl2\renderingopengl2.dir\debug\vtkopengles30polydatamapper2d.obj
d:\cybermed\daddy\dependency\sdk-vtk-9.4.2\build_msvc\rendering\opengl2\renderingopengl2.dir\debug\vtkopenglcompositepolydatamapperdelegator.obj
d:\cybermed\daddy\dependency\sdk-vtk-9.4.2\build_msvc\rendering\opengl2\renderingopengl2.dir\debug\vtkopenglcelltovtkcellmap.obj
d:\cybermed\daddy\dependency\sdk-vtk-9.4.2\build_msvc\rendering\opengl2\renderingopengl2.dir\debug\vtkopenglcamera.obj
d:\cybermed\daddy\dependency\sdk-vtk-9.4.2\build_msvc\rendering\opengl2\renderingopengl2.dir\debug\vtkopenglbufferobject.obj
d:\cybermed\daddy\dependency\sdk-vtk-9.4.2\build_msvc\rendering\opengl2\renderingopengl2.dir\debug\vtkopenglbillboardtextactor3d.obj
d:\cybermed\daddy\dependency\sdk-vtk-9.4.2\build_msvc\rendering\opengl2\renderingopengl2.dir\debug\vtkopenglbatchedpolydatamapper.obj
d:\cybermed\daddy\dependency\sdk-vtk-9.4.2\build_msvc\rendering\opengl2\renderingopengl2.dir\debug\vtkopenglarraytexturebufferadapter.obj
d:\cybermed\daddy\dependency\sdk-vtk-9.4.2\build_msvc\rendering\opengl2\renderingopengl2.dir\debug\vtkopenglactor.obj
d:\cybermed\daddy\dependency\sdk-vtk-9.4.2\build_msvc\rendering\opengl2\renderingopengl2.dir\debug\vtkopaquepass.obj
d:\cybermed\daddy\dependency\sdk-vtk-9.4.2\build_msvc\rendering\opengl2\renderingopengl2.dir\debug\vtklightspass.obj
d:\cybermed\daddy\dependency\sdk-vtk-9.4.2\build_msvc\rendering\opengl2\renderingopengl2.dir\debug\vtklightingmappass.obj
d:\cybermed\daddy\dependency\sdk-vtk-9.4.2\build_msvc\rendering\opengl2\renderingopengl2.dir\debug\vtkimageprocessingpass.obj
d:\cybermed\daddy\dependency\sdk-vtk-9.4.2\build_msvc\rendering\opengl2\renderingopengl2.dir\debug\vtkhiddenlineremovalpass.obj
d:\cybermed\daddy\dependency\sdk-vtk-9.4.2\build_msvc\rendering\opengl2\renderingopengl2.dir\debug\vtkglslmodifierfactory.obj
d:\cybermed\daddy\dependency\sdk-vtk-9.4.2\build_msvc\rendering\opengl2\renderingopengl2.dir\debug\vtkglslmodifierbase.obj
d:\cybermed\daddy\dependency\sdk-vtk-9.4.2\build_msvc\rendering\opengl2\renderingopengl2.dir\debug\vtkglslmodpixeldebugger.obj
d:\cybermed\daddy\dependency\sdk-vtk-9.4.2\build_msvc\rendering\opengl2\renderingopengl2.dir\debug\vtkglslmodlight.obj
d:\cybermed\daddy\dependency\sdk-vtk-9.4.2\build_msvc\rendering\opengl2\renderingopengl2.dir\debug\vtkglslmodcoincidenttopology.obj
d:\cybermed\daddy\dependency\sdk-vtk-9.4.2\build_msvc\rendering\opengl2\renderingopengl2.dir\debug\vtkopenglpolydatamapper.obj
d:\cybermed\daddy\dependency\sdk-vtk-9.4.2\build_msvc\rendering\opengl2\renderingopengl2.dir\debug\vtkopenglpointgaussianmapper.obj
d:\cybermed\daddy\dependency\sdk-vtk-9.4.2\build_msvc\rendering\opengl2\renderingopengl2.dir\debug\vtkopengllowmemorypolydatamapper.obj
d:\cybermed\daddy\dependency\sdk-vtk-9.4.2\build_msvc\rendering\opengl2\renderingopengl2.dir\debug\vtkopengllowmemorybatchedpolydatamapper.obj
d:\cybermed\daddy\dependency\sdk-vtk-9.4.2\build_msvc\rendering\opengl2\renderingopengl2.dir\debug\vtkopengllight.obj
d:\cybermed\daddy\dependency\sdk-vtk-9.4.2\build_msvc\rendering\opengl2\renderingopengl2.dir\debug\vtkopengllabeledcontourmapper.obj
d:\cybermed\daddy\dependency\sdk-vtk-9.4.2\build_msvc\rendering\opengl2\renderingopengl2.dir\debug\vtkopenglinstanceculling.obj
d:\cybermed\daddy\dependency\sdk-vtk-9.4.2\build_msvc\rendering\opengl2\renderingopengl2.dir\debug\vtkopenglindexbufferobject.obj
d:\cybermed\daddy\dependency\sdk-vtk-9.4.2\build_msvc\rendering\opengl2\renderingopengl2.dir\debug\vtkopenglimageslicemapper.obj
d:\cybermed\daddy\dependency\sdk-vtk-9.4.2\build_msvc\rendering\opengl2\renderingopengl2.dir\debug\vtkopenglimagemapper.obj
d:\cybermed\daddy\dependency\sdk-vtk-9.4.2\build_msvc\rendering\opengl2\renderingopengl2.dir\debug\vtkopenglimagealgorithmhelper.obj
d:\cybermed\daddy\dependency\sdk-vtk-9.4.2\build_msvc\rendering\opengl2\renderingopengl2.dir\debug\vtkopenglhypertreegridmapper.obj
d:\cybermed\daddy\dependency\sdk-vtk-9.4.2\build_msvc\rendering\opengl2\renderingopengl2.dir\debug\vtkopenglhelper.obj
d:\cybermed\daddy\dependency\sdk-vtk-9.4.2\build_msvc\rendering\opengl2\renderingopengl2.dir\debug\vtkopenglhardwareselector.obj
d:\cybermed\daddy\dependency\sdk-vtk-9.4.2\build_msvc\rendering\opengl2\renderingopengl2.dir\debug\vtkopenglglyph3dmapper.obj
d:\cybermed\daddy\dependency\sdk-vtk-9.4.2\build_msvc\rendering\opengl2\renderingopengl2.dir\debug\vtkopenglglyph3dhelper.obj
d:\cybermed\daddy\dependency\sdk-vtk-9.4.2\build_msvc\rendering\opengl2\renderingopengl2.dir\debug\vtkopenglgl2pshelper.obj
d:\cybermed\daddy\dependency\sdk-vtk-9.4.2\build_msvc\rendering\opengl2\renderingopengl2.dir\debug\vtkopenglframebufferobject.obj
d:\cybermed\daddy\dependency\sdk-vtk-9.4.2\build_msvc\rendering\opengl2\renderingopengl2.dir\debug\vtkopenglfluidmapper.obj
d:\cybermed\daddy\dependency\sdk-vtk-9.4.2\build_msvc\rendering\opengl2\renderingopengl2.dir\debug\vtkopenglfxaapass.obj
d:\cybermed\daddy\dependency\sdk-vtk-9.4.2\build_msvc\rendering\opengl2\renderingopengl2.dir\debug\vtkopengluniforms.obj
d:\cybermed\daddy\dependency\sdk-vtk-9.4.2\build_msvc\rendering\opengl2\renderingopengl2.dir\debug\vtkopengltexture.obj
d:\cybermed\daddy\dependency\sdk-vtk-9.4.2\build_msvc\rendering\opengl2\renderingopengl2.dir\debug\vtkopengltextmapper.obj
d:\cybermed\daddy\dependency\sdk-vtk-9.4.2\build_msvc\rendering\opengl2\renderingopengl2.dir\debug\vtkopengltextactor3d.obj
d:\cybermed\daddy\dependency\sdk-vtk-9.4.2\build_msvc\rendering\opengl2\renderingopengl2.dir\debug\vtkopengltextactor.obj
d:\cybermed\daddy\dependency\sdk-vtk-9.4.2\build_msvc\rendering\opengl2\renderingopengl2.dir\debug\vtkopenglstickmapper.obj
d:\cybermed\daddy\dependency\sdk-vtk-9.4.2\build_msvc\rendering\opengl2\renderingopengl2.dir\debug\vtkopenglstate.obj
d:\cybermed\daddy\dependency\sdk-vtk-9.4.2\build_msvc\rendering\opengl2\renderingopengl2.dir\debug\vtkopenglspheremapper.obj
d:\cybermed\daddy\dependency\sdk-vtk-9.4.2\build_msvc\rendering\opengl2\renderingopengl2.dir\debug\vtkopenglskybox.obj
d:\cybermed\daddy\dependency\sdk-vtk-9.4.2\build_msvc\rendering\opengl2\renderingopengl2.dir\debug\vtkopenglshaderproperty.obj
d:\cybermed\daddy\dependency\sdk-vtk-9.4.2\build_msvc\rendering\opengl2\renderingopengl2.dir\debug\vtkopenglshadercache.obj
d:\cybermed\daddy\dependency\sdk-vtk-9.4.2\build_msvc\rendering\opengl2\renderingopengl2.dir\debug\vtkopenglrenderer.obj
d:\cybermed\daddy\dependency\sdk-vtk-9.4.2\build_msvc\rendering\opengl2\renderingopengl2.dir\debug\vtkopenglrenderwindow.obj
d:\cybermed\daddy\dependency\sdk-vtk-9.4.2\build_msvc\rendering\opengl2\renderingopengl2.dir\debug\vtkopenglrenderutilities.obj
d:\cybermed\daddy\dependency\sdk-vtk-9.4.2\build_msvc\rendering\opengl2\renderingopengl2.dir\debug\vtkopenglrendertimerlog.obj
d:\cybermed\daddy\dependency\sdk-vtk-9.4.2\build_msvc\rendering\opengl2\renderingopengl2.dir\debug\vtkopenglrendertimer.obj
d:\cybermed\daddy\dependency\sdk-vtk-9.4.2\build_msvc\rendering\opengl2\renderingopengl2.dir\debug\vtkopenglrenderpass.obj
d:\cybermed\daddy\dependency\sdk-vtk-9.4.2\build_msvc\rendering\opengl2\renderingopengl2.dir\debug\vtkopenglquadhelper.obj
d:\cybermed\daddy\dependency\sdk-vtk-9.4.2\build_msvc\rendering\opengl2\renderingopengl2.dir\debug\vtkopenglproperty.obj
d:\cybermed\daddy\dependency\sdk-vtk-9.4.2\build_msvc\rendering\opengl2\renderingopengl2.dir\debug\vtkopenglpolydatamapper2d.obj
d:\cybermed\daddy\dependency\sdk-vtk-9.4.2\build_msvc\rendering\opengl2\renderingopengl2.dir\debug\vtksequencepass.obj
d:\cybermed\daddy\dependency\sdk-vtk-9.4.2\build_msvc\rendering\opengl2\renderingopengl2.dir\debug\vtkssaopass.obj
d:\cybermed\daddy\dependency\sdk-vtk-9.4.2\build_msvc\rendering\opengl2\renderingopengl2.dir\debug\vtkssaapass.obj
d:\cybermed\daddy\dependency\sdk-vtk-9.4.2\build_msvc\rendering\opengl2\renderingopengl2.dir\debug\vtkrenderbuffer.obj
d:\cybermed\daddy\dependency\sdk-vtk-9.4.2\build_msvc\rendering\opengl2\renderingopengl2.dir\debug\vtkrenderstepspass.obj
d:\cybermed\daddy\dependency\sdk-vtk-9.4.2\build_msvc\rendering\opengl2\renderingopengl2.dir\debug\vtkrenderpasscollection.obj
d:\cybermed\daddy\dependency\sdk-vtk-9.4.2\build_msvc\rendering\opengl2\renderingopengl2.dir\debug\vtkpointfillpass.obj
d:\cybermed\daddy\dependency\sdk-vtk-9.4.2\build_msvc\rendering\opengl2\renderingopengl2.dir\debug\vtkpixelbufferobject.obj
d:\cybermed\daddy\dependency\sdk-vtk-9.4.2\build_msvc\rendering\opengl2\renderingopengl2.dir\debug\vtkpanoramicprojectionpass.obj
d:\cybermed\daddy\dependency\sdk-vtk-9.4.2\build_msvc\rendering\opengl2\renderingopengl2.dir\debug\vtkpbrprefiltertexture.obj
d:\cybermed\daddy\dependency\sdk-vtk-9.4.2\build_msvc\rendering\opengl2\renderingopengl2.dir\debug\vtkpbrluttexture.obj
d:\cybermed\daddy\dependency\sdk-vtk-9.4.2\build_msvc\rendering\opengl2\renderingopengl2.dir\debug\vtkpbrirradiancetexture.obj
d:\cybermed\daddy\dependency\sdk-vtk-9.4.2\build_msvc\rendering\opengl2\renderingopengl2.dir\debug\vtkoverlaypass.obj
d:\cybermed\daddy\dependency\sdk-vtk-9.4.2\build_msvc\rendering\opengl2\renderingopengl2.dir\debug\vtkoutlineglowpass.obj
d:\cybermed\daddy\dependency\sdk-vtk-9.4.2\build_msvc\rendering\opengl2\renderingopengl2.dir\debug\vtkosopenglrenderwindow.obj
d:\cybermed\daddy\dependency\sdk-vtk-9.4.2\build_msvc\rendering\opengl2\renderingopengl2.dir\debug\vtkorderindependenttranslucentpass.obj
d:\cybermed\daddy\dependency\sdk-vtk-9.4.2\build_msvc\rendering\opengl2\renderingopengl2.dir\debug\vtkopenglvertexbufferobjectgroup.obj
d:\cybermed\daddy\dependency\sdk-vtk-9.4.2\build_msvc\rendering\opengl2\renderingopengl2.dir\debug\vtkopenglvertexbufferobjectcache.obj
d:\cybermed\daddy\dependency\sdk-vtk-9.4.2\build_msvc\rendering\opengl2\renderingopengl2.dir\debug\vtkopenglvertexbufferobject.obj
d:\cybermed\daddy\dependency\sdk-vtk-9.4.2\build_msvc\rendering\opengl2\renderingopengl2.dir\debug\vtkopenglvertexarrayobject.obj
d:\cybermed\daddy\dependency\sdk-vtk-9.4.2\build_msvc\rendering\opengl2\renderingopengl2.dir\debug\vtkopengllowmemorystripsagent.obj
d:\cybermed\daddy\dependency\sdk-vtk-9.4.2\build_msvc\rendering\opengl2\renderingopengl2.dir\debug\vtkopengllowmemorypolygonsagent.obj
d:\cybermed\daddy\dependency\sdk-vtk-9.4.2\build_msvc\rendering\opengl2\renderingopengl2.dir\debug\vtkopengllowmemorylinesagent.obj
d:\cybermed\daddy\dependency\sdk-vtk-9.4.2\build_msvc\rendering\opengl2\renderingopengl2.dir\debug\vtkopengllowmemorycelltypeagent.obj
d:\cybermed\daddy\dependency\sdk-vtk-9.4.2\build_msvc\rendering\opengl2\renderingopengl2.dir\debug\vtkwin32opengldxrenderwindow.obj
d:\cybermed\daddy\dependency\sdk-vtk-9.4.2\build_msvc\rendering\opengl2\renderingopengl2.dir\debug\vtkwin32openglrenderwindow.obj
d:\cybermed\daddy\dependency\sdk-vtk-9.4.2\build_msvc\rendering\opengl2\renderingopengl2.dir\debug\vtkdummygpuinfolist.obj
d:\cybermed\daddy\dependency\sdk-vtk-9.4.2\build_msvc\rendering\opengl2\renderingopengl2.dir\debug\vtkvolumetricpass.obj
d:\cybermed\daddy\dependency\sdk-vtk-9.4.2\build_msvc\rendering\opengl2\renderingopengl2.dir\debug\vtkvaluepass.obj
d:\cybermed\daddy\dependency\sdk-vtk-9.4.2\build_msvc\rendering\opengl2\renderingopengl2.dir\debug\vtktranslucentpass.obj
d:\cybermed\daddy\dependency\sdk-vtk-9.4.2\build_msvc\rendering\opengl2\renderingopengl2.dir\debug\vtktransformfeedback.obj
d:\cybermed\daddy\dependency\sdk-vtk-9.4.2\build_msvc\rendering\opengl2\renderingopengl2.dir\debug\vtktonemappingpass.obj
d:\cybermed\daddy\dependency\sdk-vtk-9.4.2\build_msvc\rendering\opengl2\renderingopengl2.dir\debug\vtktextureunitmanager.obj
d:\cybermed\daddy\dependency\sdk-vtk-9.4.2\build_msvc\rendering\opengl2\renderingopengl2.dir\debug\vtktextureobject.obj
d:\cybermed\daddy\dependency\sdk-vtk-9.4.2\build_msvc\rendering\opengl2\renderingopengl2.dir\debug\vtksobelgradientmagnitudepass.obj
d:\cybermed\daddy\dependency\sdk-vtk-9.4.2\build_msvc\rendering\opengl2\renderingopengl2.dir\debug\vtksimplemotionblurpass.obj
d:\cybermed\daddy\dependency\sdk-vtk-9.4.2\build_msvc\rendering\opengl2\renderingopengl2.dir\debug\vtkshadowmappass.obj
d:\cybermed\daddy\dependency\sdk-vtk-9.4.2\build_msvc\rendering\opengl2\renderingopengl2.dir\debug\vtkshadowmapbakerpass.obj
d:\cybermed\daddy\dependency\sdk-vtk-9.4.2\build_msvc\rendering\opengl2\renderingopengl2.dir\debug\vtkshaderprogram.obj
d:\cybermed\daddy\dependency\sdk-vtk-9.4.2\build_msvc\rendering\opengl2\renderingopengl2.dir\debug\vtkshader.obj
d:\cybermed\daddy\dependency\sdk-vtk-9.4.2\build_msvc\rendering\opengl2\renderingopengl2.dir\debug\vtkopengllowmemoryverticesagent.obj
d:\cybermed\daddy\dependency\sdk-vtk-9.4.2\build_msvc\rendering\opengl2\renderingopengl2.dir\debug\vc143.pdb
d:\cybermed\daddy\dependency\sdk-vtk-9.4.2\build_msvc\rendering\opengl2\vtkdepthoffieldpassfs.h
d:\cybermed\daddy\dependency\sdk-vtk-9.4.2\build_msvc\rendering\opengl2\vtkdepthoffieldpassfs.cxx
d:\cybermed\daddy\dependency\sdk-vtk-9.4.2\build_msvc\rendering\opengl2\vtkdepthpeelingpassfinalfs.h
d:\cybermed\daddy\dependency\sdk-vtk-9.4.2\build_msvc\rendering\opengl2\vtkdepthpeelingpassfinalfs.cxx
d:\cybermed\daddy\dependency\sdk-vtk-9.4.2\build_msvc\rendering\opengl2\vtkdepthpeelingpassintermediatefs.h
d:\cybermed\daddy\dependency\sdk-vtk-9.4.2\build_msvc\rendering\opengl2\vtkdepthpeelingpassintermediatefs.cxx
d:\cybermed\daddy\dependency\sdk-vtk-9.4.2\build_msvc\rendering\opengl2\vtkedlbilateralfilterfs.h
d:\cybermed\daddy\dependency\sdk-vtk-9.4.2\build_msvc\rendering\opengl2\vtkedlbilateralfilterfs.cxx
d:\cybermed\daddy\dependency\sdk-vtk-9.4.2\build_msvc\rendering\opengl2\vtkedlcomposefs.h
d:\cybermed\daddy\dependency\sdk-vtk-9.4.2\build_msvc\rendering\opengl2\vtkedlcomposefs.cxx
d:\cybermed\daddy\dependency\sdk-vtk-9.4.2\build_msvc\rendering\opengl2\vtkedlshadefs.h
d:\cybermed\daddy\dependency\sdk-vtk-9.4.2\build_msvc\rendering\opengl2\vtkedlshadefs.cxx
d:\cybermed\daddy\dependency\sdk-vtk-9.4.2\build_msvc\rendering\opengl2\vtkfxaafilterfs.h
d:\cybermed\daddy\dependency\sdk-vtk-9.4.2\build_msvc\rendering\opengl2\vtkfxaafilterfs.cxx
d:\cybermed\daddy\dependency\sdk-vtk-9.4.2\build_msvc\rendering\opengl2\vtkfluidmapperdepthfilterbigaussfs.h
d:\cybermed\daddy\dependency\sdk-vtk-9.4.2\build_msvc\rendering\opengl2\vtkfluidmapperdepthfilterbigaussfs.cxx
d:\cybermed\daddy\dependency\sdk-vtk-9.4.2\build_msvc\rendering\opengl2\vtkfluidmapperdepthfilternarrowrangefs.h
d:\cybermed\daddy\dependency\sdk-vtk-9.4.2\build_msvc\rendering\opengl2\vtkfluidmapperdepthfilternarrowrangefs.cxx
d:\cybermed\daddy\dependency\sdk-vtk-9.4.2\build_msvc\rendering\opengl2\vtkfluidmappersurfacenormalfs.h
d:\cybermed\daddy\dependency\sdk-vtk-9.4.2\build_msvc\rendering\opengl2\vtkfluidmappersurfacenormalfs.cxx
d:\cybermed\daddy\dependency\sdk-vtk-9.4.2\build_msvc\rendering\opengl2\vtkfluidmapperthicknessandvolumecolorfilterfs.h
d:\cybermed\daddy\dependency\sdk-vtk-9.4.2\build_msvc\rendering\opengl2\vtkfluidmapperthicknessandvolumecolorfilterfs.cxx
d:\cybermed\daddy\dependency\sdk-vtk-9.4.2\build_msvc\rendering\opengl2\vtkfluidmapperfs.h
d:\cybermed\daddy\dependency\sdk-vtk-9.4.2\build_msvc\rendering\opengl2\vtkfluidmapperfs.cxx
d:\cybermed\daddy\dependency\sdk-vtk-9.4.2\build_msvc\rendering\opengl2\vtkfluidmapperfinalfs.h
d:\cybermed\daddy\dependency\sdk-vtk-9.4.2\build_msvc\rendering\opengl2\vtkfluidmapperfinalfs.cxx
d:\cybermed\daddy\dependency\sdk-vtk-9.4.2\build_msvc\rendering\opengl2\vtkfluidmappergs.h
d:\cybermed\daddy\dependency\sdk-vtk-9.4.2\build_msvc\rendering\opengl2\vtkfluidmappergs.cxx
d:\cybermed\daddy\dependency\sdk-vtk-9.4.2\build_msvc\rendering\opengl2\vtkfluidmappervs.h
d:\cybermed\daddy\dependency\sdk-vtk-9.4.2\build_msvc\rendering\opengl2\vtkfluidmappervs.cxx
d:\cybermed\daddy\dependency\sdk-vtk-9.4.2\build_msvc\rendering\opengl2\vtkgaussianblurpassfs.h
d:\cybermed\daddy\dependency\sdk-vtk-9.4.2\build_msvc\rendering\opengl2\vtkgaussianblurpassfs.cxx
d:\cybermed\daddy\dependency\sdk-vtk-9.4.2\build_msvc\rendering\opengl2\vtkgaussianblurpassvs.h
d:\cybermed\daddy\dependency\sdk-vtk-9.4.2\build_msvc\rendering\opengl2\vtkgaussianblurpassvs.cxx
d:\cybermed\daddy\dependency\sdk-vtk-9.4.2\build_msvc\rendering\opengl2\vtkglyph3dvs.h
d:\cybermed\daddy\dependency\sdk-vtk-9.4.2\build_msvc\rendering\opengl2\vtkglyph3dvs.cxx
d:\cybermed\daddy\dependency\sdk-vtk-9.4.2\build_msvc\rendering\opengl2\vtkorderindependenttranslucentpassfinalfs.h
d:\cybermed\daddy\dependency\sdk-vtk-9.4.2\build_msvc\rendering\opengl2\vtkorderindependenttranslucentpassfinalfs.cxx
d:\cybermed\daddy\dependency\sdk-vtk-9.4.2\build_msvc\rendering\opengl2\vtkoutlineglowblurpassfs.h
d:\cybermed\daddy\dependency\sdk-vtk-9.4.2\build_msvc\rendering\opengl2\vtkoutlineglowblurpassfs.cxx
d:\cybermed\daddy\dependency\sdk-vtk-9.4.2\build_msvc\rendering\opengl2\vtkoutlineglowupscalepassfs.h
d:\cybermed\daddy\dependency\sdk-vtk-9.4.2\build_msvc\rendering\opengl2\vtkoutlineglowupscalepassfs.cxx
d:\cybermed\daddy\dependency\sdk-vtk-9.4.2\build_msvc\rendering\opengl2\vtkpbrfunctions.h
d:\cybermed\daddy\dependency\sdk-vtk-9.4.2\build_msvc\rendering\opengl2\vtkpbrfunctions.cxx
d:\cybermed\daddy\dependency\sdk-vtk-9.4.2\build_msvc\rendering\opengl2\vtkpointfillpassfs.h
d:\cybermed\daddy\dependency\sdk-vtk-9.4.2\build_msvc\rendering\opengl2\vtkpointfillpassfs.cxx
d:\cybermed\daddy\dependency\sdk-vtk-9.4.2\build_msvc\rendering\opengl2\vtkpointgaussianvs.h
d:\cybermed\daddy\dependency\sdk-vtk-9.4.2\build_msvc\rendering\opengl2\vtkpointgaussianvs.cxx
d:\cybermed\daddy\dependency\sdk-vtk-9.4.2\build_msvc\rendering\opengl2\vtkpointgaussiangs.h
d:\cybermed\daddy\dependency\sdk-vtk-9.4.2\build_msvc\rendering\opengl2\vtkpointgaussiangs.cxx
d:\cybermed\daddy\dependency\sdk-vtk-9.4.2\build_msvc\rendering\opengl2\vtkpolydata2dfs.h
d:\cybermed\daddy\dependency\sdk-vtk-9.4.2\build_msvc\rendering\opengl2\vtkpolydata2dfs.cxx
d:\cybermed\daddy\dependency\sdk-vtk-9.4.2\build_msvc\rendering\opengl2\vtkpolydata2dvs.h
d:\cybermed\daddy\dependency\sdk-vtk-9.4.2\build_msvc\rendering\opengl2\vtkpolydata2dvs.cxx
d:\cybermed\daddy\dependency\sdk-vtk-9.4.2\build_msvc\rendering\opengl2\vtkpolydatafs.h
d:\cybermed\daddy\dependency\sdk-vtk-9.4.2\build_msvc\rendering\opengl2\vtkpolydatafs.cxx
d:\cybermed\daddy\dependency\sdk-vtk-9.4.2\build_msvc\rendering\opengl2\vtkpolydatavs.h
d:\cybermed\daddy\dependency\sdk-vtk-9.4.2\build_msvc\rendering\opengl2\vtkpolydatavs.cxx
d:\cybermed\daddy\dependency\sdk-vtk-9.4.2\build_msvc\rendering\opengl2\vtkpolydataedgesgs.h
d:\cybermed\daddy\dependency\sdk-vtk-9.4.2\build_msvc\rendering\opengl2\vtkpolydataedgesgs.cxx
d:\cybermed\daddy\dependency\sdk-vtk-9.4.2\build_msvc\rendering\opengl2\vtkpolydatawidelinegs.h
d:\cybermed\daddy\dependency\sdk-vtk-9.4.2\build_msvc\rendering\opengl2\vtkpolydatawidelinegs.cxx
d:\cybermed\daddy\dependency\sdk-vtk-9.4.2\build_msvc\rendering\opengl2\vtkssaapassfs.h
d:\cybermed\daddy\dependency\sdk-vtk-9.4.2\build_msvc\rendering\opengl2\vtkssaapassfs.cxx
d:\cybermed\daddy\dependency\sdk-vtk-9.4.2\build_msvc\rendering\opengl2\vtksimplemotionblurpassfs.h
d:\cybermed\daddy\dependency\sdk-vtk-9.4.2\build_msvc\rendering\opengl2\vtksimplemotionblurpassfs.cxx
d:\cybermed\daddy\dependency\sdk-vtk-9.4.2\build_msvc\rendering\opengl2\vtksimplesplatvs.h
d:\cybermed\daddy\dependency\sdk-vtk-9.4.2\build_msvc\rendering\opengl2\vtksimplesplatvs.cxx
d:\cybermed\daddy\dependency\sdk-vtk-9.4.2\build_msvc\rendering\opengl2\vtksobelgradientmagnitudepass1fs.h
d:\cybermed\daddy\dependency\sdk-vtk-9.4.2\build_msvc\rendering\opengl2\vtksobelgradientmagnitudepass1fs.cxx
d:\cybermed\daddy\dependency\sdk-vtk-9.4.2\build_msvc\rendering\opengl2\vtksobelgradientmagnitudepass2fs.h
d:\cybermed\daddy\dependency\sdk-vtk-9.4.2\build_msvc\rendering\opengl2\vtksobelgradientmagnitudepass2fs.cxx
d:\cybermed\daddy\dependency\sdk-vtk-9.4.2\build_msvc\rendering\opengl2\vtkspheremappergs.h
d:\cybermed\daddy\dependency\sdk-vtk-9.4.2\build_msvc\rendering\opengl2\vtkspheremappergs.cxx
d:\cybermed\daddy\dependency\sdk-vtk-9.4.2\build_msvc\rendering\opengl2\vtkstickmappergs.h
d:\cybermed\daddy\dependency\sdk-vtk-9.4.2\build_msvc\rendering\opengl2\vtkstickmappergs.cxx
d:\cybermed\daddy\dependency\sdk-vtk-9.4.2\build_msvc\rendering\opengl2\vtktextureobjectfs.h
d:\cybermed\daddy\dependency\sdk-vtk-9.4.2\build_msvc\rendering\opengl2\vtktextureobjectfs.cxx
d:\cybermed\daddy\dependency\sdk-vtk-9.4.2\build_msvc\rendering\opengl2\vtktextureobjectvs.h
d:\cybermed\daddy\dependency\sdk-vtk-9.4.2\build_msvc\rendering\opengl2\vtktextureobjectvs.cxx
d:\cybermed\daddy\dependency\sdk-vtk-9.4.2\build_msvc\rendering\opengl2\bluenoisetexture64x64.h
d:\cybermed\daddy\dependency\sdk-vtk-9.4.2\build_msvc\rendering\opengl2\bluenoisetexture64x64.cxx
d:\cybermed\daddy\dependency\sdk-vtk-9.4.2\build_msvc\rendering\opengl2\cmakefiles\generate.stamp
d:\cybermed\daddy\dependency\sdk-vtk-9.4.2\build_msvc\lib\debug\vtkrenderingopengl2-9.4d.lib
d:\cybermed\daddy\dependency\sdk-vtk-9.4.2\build_msvc\bin\debug\vtkrenderingopengl2-9.4d.dll
d:\cybermed\daddy\dependency\sdk-vtk-9.4.2\build_msvc\bin\debug\vtkrenderingopengl2-9.4d.pdb
d:\cybermed\daddy\dependency\sdk-vtk-9.4.2\build_msvc\lib\debug\vtkrenderingopengl2-9.4d.exp
d:\cybermed\daddy\dependency\sdk-vtk-9.4.2\build_msvc\rendering\opengl2\renderingopengl2.dir\debug\vtkrenderingopengl2-9.4d.ilk
d:\cybermed\daddy\dependency\sdk-vtk-9.4.2\build_msvc\rendering\opengl2\renderingopengl2.dir\debug\renderingopengl2.tlog\cl.command.1.tlog
d:\cybermed\daddy\dependency\sdk-vtk-9.4.2\build_msvc\rendering\opengl2\renderingopengl2.dir\debug\renderingopengl2.tlog\cl.items.tlog
d:\cybermed\daddy\dependency\sdk-vtk-9.4.2\build_msvc\rendering\opengl2\renderingopengl2.dir\debug\renderingopengl2.tlog\cl.read.1.tlog
d:\cybermed\daddy\dependency\sdk-vtk-9.4.2\build_msvc\rendering\opengl2\renderingopengl2.dir\debug\renderingopengl2.tlog\cl.write.1.tlog
d:\cybermed\daddy\dependency\sdk-vtk-9.4.2\build_msvc\rendering\opengl2\renderingopengl2.dir\debug\renderingopengl2.tlog\custombuild.command.1.tlog
d:\cybermed\daddy\dependency\sdk-vtk-9.4.2\build_msvc\rendering\opengl2\renderingopengl2.dir\debug\renderingopengl2.tlog\custombuild.read.1.tlog
d:\cybermed\daddy\dependency\sdk-vtk-9.4.2\build_msvc\rendering\opengl2\renderingopengl2.dir\debug\renderingopengl2.tlog\custombuild.write.1.tlog
d:\cybermed\daddy\dependency\sdk-vtk-9.4.2\build_msvc\rendering\opengl2\renderingopengl2.dir\debug\renderingopengl2.tlog\lib-link.read.1.tlog
d:\cybermed\daddy\dependency\sdk-vtk-9.4.2\build_msvc\rendering\opengl2\renderingopengl2.dir\debug\renderingopengl2.tlog\lib-link.write.1.tlog
d:\cybermed\daddy\dependency\sdk-vtk-9.4.2\build_msvc\rendering\opengl2\renderingopengl2.dir\debug\renderingopengl2.tlog\lib.command.1.tlog
d:\cybermed\daddy\dependency\sdk-vtk-9.4.2\build_msvc\rendering\opengl2\renderingopengl2.dir\debug\renderingopengl2.tlog\link.command.1.tlog
d:\cybermed\daddy\dependency\sdk-vtk-9.4.2\build_msvc\rendering\opengl2\renderingopengl2.dir\debug\renderingopengl2.tlog\link.read.1.tlog
d:\cybermed\daddy\dependency\sdk-vtk-9.4.2\build_msvc\rendering\opengl2\renderingopengl2.dir\debug\renderingopengl2.tlog\link.secondary.1.tlog
d:\cybermed\daddy\dependency\sdk-vtk-9.4.2\build_msvc\rendering\opengl2\renderingopengl2.dir\debug\renderingopengl2.tlog\link.write.1.tlog
