d:\cybermed\daddy\dependency\sdk-vtk-9.4.2\build_msvc\lib\debug\vtkcommonmath-9.4d.pdb
d:\cybermed\daddy\dependency\sdk-vtk-9.4.2\build_msvc\common\math\commonmath.dir\debug\vtkreservoirsampler.obj
d:\cybermed\daddy\dependency\sdk-vtk-9.4.2\build_msvc\common\math\commonmath.dir\debug\vtkrungekutta45.obj
d:\cybermed\daddy\dependency\sdk-vtk-9.4.2\build_msvc\common\math\commonmath.dir\debug\vtkrungekutta4.obj
d:\cybermed\daddy\dependency\sdk-vtk-9.4.2\build_msvc\common\math\commonmath.dir\debug\vtkrungekutta2.obj
d:\cybermed\daddy\dependency\sdk-vtk-9.4.2\build_msvc\common\math\commonmath.dir\debug\vtkquaternioninterpolator.obj
d:\cybermed\daddy\dependency\sdk-vtk-9.4.2\build_msvc\common\math\commonmath.dir\debug\vtkpolynomialsolversunivariate.obj
d:\cybermed\daddy\dependency\sdk-vtk-9.4.2\build_msvc\common\math\commonmath.dir\debug\vtkmatrix4x4.obj
d:\cybermed\daddy\dependency\sdk-vtk-9.4.2\build_msvc\common\math\commonmath.dir\debug\vtkmatrix3x3.obj
d:\cybermed\daddy\dependency\sdk-vtk-9.4.2\build_msvc\common\math\commonmath.dir\debug\vtkinitialvalueproblemsolver.obj
d:\cybermed\daddy\dependency\sdk-vtk-9.4.2\build_msvc\common\math\commonmath.dir\debug\vtkfunctionset.obj
d:\cybermed\daddy\dependency\sdk-vtk-9.4.2\build_msvc\common\math\commonmath.dir\debug\vtkfft.obj
d:\cybermed\daddy\dependency\sdk-vtk-9.4.2\build_msvc\common\math\commonmath.dir\debug\vtkamoebaminimizer.obj
d:\cybermed\daddy\dependency\sdk-vtk-9.4.2\build_msvc\common\math\commonmath.dir\debug\vc143.pdb
d:\cybermed\daddy\dependency\sdk-vtk-9.4.2\build_msvc\common\math\cmakefiles\generate.stamp
d:\cybermed\daddy\dependency\sdk-vtk-9.4.2\build_msvc\lib\debug\vtkcommonmath-9.4d.lib
d:\cybermed\daddy\dependency\sdk-vtk-9.4.2\build_msvc\bin\debug\vtkcommonmath-9.4d.dll
d:\cybermed\daddy\dependency\sdk-vtk-9.4.2\build_msvc\bin\debug\vtkcommonmath-9.4d.pdb
d:\cybermed\daddy\dependency\sdk-vtk-9.4.2\build_msvc\lib\debug\vtkcommonmath-9.4d.exp
d:\cybermed\daddy\dependency\sdk-vtk-9.4.2\build_msvc\common\math\commonmath.dir\debug\vtkcommonmath-9.4d.ilk
d:\cybermed\daddy\dependency\sdk-vtk-9.4.2\build_msvc\common\math\commonmath.dir\debug\commonmath.tlog\cl.command.1.tlog
d:\cybermed\daddy\dependency\sdk-vtk-9.4.2\build_msvc\common\math\commonmath.dir\debug\commonmath.tlog\cl.items.tlog
d:\cybermed\daddy\dependency\sdk-vtk-9.4.2\build_msvc\common\math\commonmath.dir\debug\commonmath.tlog\cl.read.1.tlog
d:\cybermed\daddy\dependency\sdk-vtk-9.4.2\build_msvc\common\math\commonmath.dir\debug\commonmath.tlog\cl.write.1.tlog
d:\cybermed\daddy\dependency\sdk-vtk-9.4.2\build_msvc\common\math\commonmath.dir\debug\commonmath.tlog\custombuild.command.1.tlog
d:\cybermed\daddy\dependency\sdk-vtk-9.4.2\build_msvc\common\math\commonmath.dir\debug\commonmath.tlog\custombuild.read.1.tlog
d:\cybermed\daddy\dependency\sdk-vtk-9.4.2\build_msvc\common\math\commonmath.dir\debug\commonmath.tlog\custombuild.write.1.tlog
d:\cybermed\daddy\dependency\sdk-vtk-9.4.2\build_msvc\common\math\commonmath.dir\debug\commonmath.tlog\lib-link.read.1.tlog
d:\cybermed\daddy\dependency\sdk-vtk-9.4.2\build_msvc\common\math\commonmath.dir\debug\commonmath.tlog\lib-link.write.1.tlog
d:\cybermed\daddy\dependency\sdk-vtk-9.4.2\build_msvc\common\math\commonmath.dir\debug\commonmath.tlog\lib.command.1.tlog
d:\cybermed\daddy\dependency\sdk-vtk-9.4.2\build_msvc\common\math\commonmath.dir\debug\commonmath.tlog\link.command.1.tlog
d:\cybermed\daddy\dependency\sdk-vtk-9.4.2\build_msvc\common\math\commonmath.dir\debug\commonmath.tlog\link.read.1.tlog
d:\cybermed\daddy\dependency\sdk-vtk-9.4.2\build_msvc\common\math\commonmath.dir\debug\commonmath.tlog\link.secondary.1.tlog
d:\cybermed\daddy\dependency\sdk-vtk-9.4.2\build_msvc\common\math\commonmath.dir\debug\commonmath.tlog\link.write.1.tlog
