d:\cybermed\daddy\dependency\sdk-vtk-9.4.2\build_msvc\lib\debug\vtkrenderingcontextopengl2-9.4d.pdb
d:\cybermed\daddy\dependency\sdk-vtk-9.4.2\build_msvc\rendering\contextopengl2\renderingcontextopengl2.dir\debug\vtkopenglpropitem.obj
d:\cybermed\daddy\dependency\sdk-vtk-9.4.2\build_msvc\rendering\contextopengl2\renderingcontextopengl2.dir\debug\vtkopenglcontextdevice3d.obj
d:\cybermed\daddy\dependency\sdk-vtk-9.4.2\build_msvc\rendering\contextopengl2\renderingcontextopengl2.dir\debug\vtkopenglcontextdevice2d.obj
d:\cybermed\daddy\dependency\sdk-vtk-9.4.2\build_msvc\rendering\contextopengl2\renderingcontextopengl2.dir\debug\vtkopenglcontextbufferid.obj
d:\cybermed\daddy\dependency\sdk-vtk-9.4.2\build_msvc\rendering\contextopengl2\renderingcontextopengl2.dir\debug\vtkopenglcontextactor.obj
d:\cybermed\daddy\dependency\sdk-vtk-9.4.2\build_msvc\rendering\contextopengl2\renderingcontextopengl2.dir\debug\vtkopenglcontextdevicebufferobjectbuilder.obj
d:\cybermed\daddy\dependency\sdk-vtk-9.4.2\build_msvc\rendering\contextopengl2\renderingcontextopengl2.dir\debug\vtkrenderingcontextopengl2objectfactory.obj
d:\cybermed\daddy\dependency\sdk-vtk-9.4.2\build_msvc\rendering\contextopengl2\renderingcontextopengl2.dir\debug\vc143.pdb
d:\cybermed\daddy\dependency\sdk-vtk-9.4.2\build_msvc\rendering\contextopengl2\cmakefiles\generate.stamp
d:\cybermed\daddy\dependency\sdk-vtk-9.4.2\build_msvc\lib\debug\vtkrenderingcontextopengl2-9.4d.lib
d:\cybermed\daddy\dependency\sdk-vtk-9.4.2\build_msvc\bin\debug\vtkrenderingcontextopengl2-9.4d.dll
d:\cybermed\daddy\dependency\sdk-vtk-9.4.2\build_msvc\bin\debug\vtkrenderingcontextopengl2-9.4d.pdb
d:\cybermed\daddy\dependency\sdk-vtk-9.4.2\build_msvc\lib\debug\vtkrenderingcontextopengl2-9.4d.exp
d:\cybermed\daddy\dependency\sdk-vtk-9.4.2\build_msvc\rendering\contextopengl2\renderingcontextopengl2.dir\debug\vtkrenderingcontextopengl2-9.4d.ilk
d:\cybermed\daddy\dependency\sdk-vtk-9.4.2\build_msvc\rendering\contextopengl2\renderingcontextopengl2.dir\debug\renderin.694ca540.tlog\cl.command.1.tlog
d:\cybermed\daddy\dependency\sdk-vtk-9.4.2\build_msvc\rendering\contextopengl2\renderingcontextopengl2.dir\debug\renderin.694ca540.tlog\cl.items.tlog
d:\cybermed\daddy\dependency\sdk-vtk-9.4.2\build_msvc\rendering\contextopengl2\renderingcontextopengl2.dir\debug\renderin.694ca540.tlog\cl.read.1.tlog
d:\cybermed\daddy\dependency\sdk-vtk-9.4.2\build_msvc\rendering\contextopengl2\renderingcontextopengl2.dir\debug\renderin.694ca540.tlog\cl.write.1.tlog
d:\cybermed\daddy\dependency\sdk-vtk-9.4.2\build_msvc\rendering\contextopengl2\renderingcontextopengl2.dir\debug\renderin.694ca540.tlog\custombuild.command.1.tlog
d:\cybermed\daddy\dependency\sdk-vtk-9.4.2\build_msvc\rendering\contextopengl2\renderingcontextopengl2.dir\debug\renderin.694ca540.tlog\custombuild.read.1.tlog
d:\cybermed\daddy\dependency\sdk-vtk-9.4.2\build_msvc\rendering\contextopengl2\renderingcontextopengl2.dir\debug\renderin.694ca540.tlog\custombuild.write.1.tlog
d:\cybermed\daddy\dependency\sdk-vtk-9.4.2\build_msvc\rendering\contextopengl2\renderingcontextopengl2.dir\debug\renderin.694ca540.tlog\lib-link.read.1.tlog
d:\cybermed\daddy\dependency\sdk-vtk-9.4.2\build_msvc\rendering\contextopengl2\renderingcontextopengl2.dir\debug\renderin.694ca540.tlog\lib-link.write.1.tlog
d:\cybermed\daddy\dependency\sdk-vtk-9.4.2\build_msvc\rendering\contextopengl2\renderingcontextopengl2.dir\debug\renderin.694ca540.tlog\lib.command.1.tlog
d:\cybermed\daddy\dependency\sdk-vtk-9.4.2\build_msvc\rendering\contextopengl2\renderingcontextopengl2.dir\debug\renderin.694ca540.tlog\link.command.1.tlog
d:\cybermed\daddy\dependency\sdk-vtk-9.4.2\build_msvc\rendering\contextopengl2\renderingcontextopengl2.dir\debug\renderin.694ca540.tlog\link.read.1.tlog
d:\cybermed\daddy\dependency\sdk-vtk-9.4.2\build_msvc\rendering\contextopengl2\renderingcontextopengl2.dir\debug\renderin.694ca540.tlog\link.secondary.1.tlog
d:\cybermed\daddy\dependency\sdk-vtk-9.4.2\build_msvc\rendering\contextopengl2\renderingcontextopengl2.dir\debug\renderin.694ca540.tlog\link.write.1.tlog
