d:\cybermed\daddy\dependency\sdk-vtk-9.4.2\build_msvc\lib\debug\vtktiff-9.4d.pdb
d:\cybermed\daddy\dependency\sdk-vtk-9.4.2\build_msvc\thirdparty\tiff\vtktiff\libtiff\tiff.dir\debug\tif_jpeg_12.obj
d:\cybermed\daddy\dependency\sdk-vtk-9.4.2\build_msvc\thirdparty\tiff\vtktiff\libtiff\tiff.dir\debug\tif_jpeg.obj
d:\cybermed\daddy\dependency\sdk-vtk-9.4.2\build_msvc\thirdparty\tiff\vtktiff\libtiff\tiff.dir\debug\tif_jbig.obj
d:\cybermed\daddy\dependency\sdk-vtk-9.4.2\build_msvc\thirdparty\tiff\vtktiff\libtiff\tiff.dir\debug\tif_hash_set.obj
d:\cybermed\daddy\dependency\sdk-vtk-9.4.2\build_msvc\thirdparty\tiff\vtktiff\libtiff\tiff.dir\debug\tif_getimage.obj
d:\cybermed\daddy\dependency\sdk-vtk-9.4.2\build_msvc\thirdparty\tiff\vtktiff\libtiff\tiff.dir\debug\tif_flush.obj
d:\cybermed\daddy\dependency\sdk-vtk-9.4.2\build_msvc\thirdparty\tiff\vtktiff\libtiff\tiff.dir\debug\tif_fax3sm.obj
d:\cybermed\daddy\dependency\sdk-vtk-9.4.2\build_msvc\thirdparty\tiff\vtktiff\libtiff\tiff.dir\debug\tif_fax3.obj
d:\cybermed\daddy\dependency\sdk-vtk-9.4.2\build_msvc\thirdparty\tiff\vtktiff\libtiff\tiff.dir\debug\tif_extension.obj
d:\cybermed\daddy\dependency\sdk-vtk-9.4.2\build_msvc\thirdparty\tiff\vtktiff\libtiff\tiff.dir\debug\tif_error.obj
d:\cybermed\daddy\dependency\sdk-vtk-9.4.2\build_msvc\thirdparty\tiff\vtktiff\libtiff\tiff.dir\debug\tif_dumpmode.obj
d:\cybermed\daddy\dependency\sdk-vtk-9.4.2\build_msvc\thirdparty\tiff\vtktiff\libtiff\tiff.dir\debug\tif_dirwrite.obj
d:\cybermed\daddy\dependency\sdk-vtk-9.4.2\build_msvc\thirdparty\tiff\vtktiff\libtiff\tiff.dir\debug\tif_dirread.obj
d:\cybermed\daddy\dependency\sdk-vtk-9.4.2\build_msvc\thirdparty\tiff\vtktiff\libtiff\tiff.dir\debug\tif_dirinfo.obj
d:\cybermed\daddy\dependency\sdk-vtk-9.4.2\build_msvc\thirdparty\tiff\vtktiff\libtiff\tiff.dir\debug\tif_dir.obj
d:\cybermed\daddy\dependency\sdk-vtk-9.4.2\build_msvc\thirdparty\tiff\vtktiff\libtiff\tiff.dir\debug\tif_compress.obj
d:\cybermed\daddy\dependency\sdk-vtk-9.4.2\build_msvc\thirdparty\tiff\vtktiff\libtiff\tiff.dir\debug\tif_color.obj
d:\cybermed\daddy\dependency\sdk-vtk-9.4.2\build_msvc\thirdparty\tiff\vtktiff\libtiff\tiff.dir\debug\tif_codec.obj
d:\cybermed\daddy\dependency\sdk-vtk-9.4.2\build_msvc\thirdparty\tiff\vtktiff\libtiff\tiff.dir\debug\tif_close.obj
d:\cybermed\daddy\dependency\sdk-vtk-9.4.2\build_msvc\thirdparty\tiff\vtktiff\libtiff\tiff.dir\debug\tif_aux.obj
d:\cybermed\daddy\dependency\sdk-vtk-9.4.2\build_msvc\thirdparty\tiff\vtktiff\libtiff\tiff.dir\debug\tif_write.obj
d:\cybermed\daddy\dependency\sdk-vtk-9.4.2\build_msvc\thirdparty\tiff\vtktiff\libtiff\tiff.dir\debug\tif_webp.obj
d:\cybermed\daddy\dependency\sdk-vtk-9.4.2\build_msvc\thirdparty\tiff\vtktiff\libtiff\tiff.dir\debug\tif_warning.obj
d:\cybermed\daddy\dependency\sdk-vtk-9.4.2\build_msvc\thirdparty\tiff\vtktiff\libtiff\tiff.dir\debug\tif_version.obj
d:\cybermed\daddy\dependency\sdk-vtk-9.4.2\build_msvc\thirdparty\tiff\vtktiff\libtiff\tiff.dir\debug\tif_tile.obj
d:\cybermed\daddy\dependency\sdk-vtk-9.4.2\build_msvc\thirdparty\tiff\vtktiff\libtiff\tiff.dir\debug\tif_thunder.obj
d:\cybermed\daddy\dependency\sdk-vtk-9.4.2\build_msvc\thirdparty\tiff\vtktiff\libtiff\tiff.dir\debug\tif_swab.obj
d:\cybermed\daddy\dependency\sdk-vtk-9.4.2\build_msvc\thirdparty\tiff\vtktiff\libtiff\tiff.dir\debug\tif_strip.obj
d:\cybermed\daddy\dependency\sdk-vtk-9.4.2\build_msvc\thirdparty\tiff\vtktiff\libtiff\tiff.dir\debug\tif_read.obj
d:\cybermed\daddy\dependency\sdk-vtk-9.4.2\build_msvc\thirdparty\tiff\vtktiff\libtiff\tiff.dir\debug\tif_print.obj
d:\cybermed\daddy\dependency\sdk-vtk-9.4.2\build_msvc\thirdparty\tiff\vtktiff\libtiff\tiff.dir\debug\tif_predict.obj
d:\cybermed\daddy\dependency\sdk-vtk-9.4.2\build_msvc\thirdparty\tiff\vtktiff\libtiff\tiff.dir\debug\tif_pixarlog.obj
d:\cybermed\daddy\dependency\sdk-vtk-9.4.2\build_msvc\thirdparty\tiff\vtktiff\libtiff\tiff.dir\debug\tif_packbits.obj
d:\cybermed\daddy\dependency\sdk-vtk-9.4.2\build_msvc\thirdparty\tiff\vtktiff\libtiff\tiff.dir\debug\tif_open.obj
d:\cybermed\daddy\dependency\sdk-vtk-9.4.2\build_msvc\thirdparty\tiff\vtktiff\libtiff\tiff.dir\debug\tif_ojpeg.obj
d:\cybermed\daddy\dependency\sdk-vtk-9.4.2\build_msvc\thirdparty\tiff\vtktiff\libtiff\tiff.dir\debug\tif_next.obj
d:\cybermed\daddy\dependency\sdk-vtk-9.4.2\build_msvc\thirdparty\tiff\vtktiff\libtiff\tiff.dir\debug\tif_lzw.obj
d:\cybermed\daddy\dependency\sdk-vtk-9.4.2\build_msvc\thirdparty\tiff\vtktiff\libtiff\tiff.dir\debug\tif_lzma.obj
d:\cybermed\daddy\dependency\sdk-vtk-9.4.2\build_msvc\thirdparty\tiff\vtktiff\libtiff\tiff.dir\debug\tif_luv.obj
d:\cybermed\daddy\dependency\sdk-vtk-9.4.2\build_msvc\thirdparty\tiff\vtktiff\libtiff\tiff.dir\debug\tif_lerc.obj
d:\cybermed\daddy\dependency\sdk-vtk-9.4.2\build_msvc\thirdparty\tiff\vtktiff\libtiff\tiff.dir\debug\tif_win32.obj
d:\cybermed\daddy\dependency\sdk-vtk-9.4.2\build_msvc\thirdparty\tiff\vtktiff\libtiff\tiff.dir\debug\tif_zstd.obj
d:\cybermed\daddy\dependency\sdk-vtk-9.4.2\build_msvc\thirdparty\tiff\vtktiff\libtiff\tiff.dir\debug\tif_zip.obj
d:\cybermed\daddy\dependency\sdk-vtk-9.4.2\build_msvc\thirdparty\tiff\vtktiff\libtiff\tiff.dir\debug\vc143.pdb
d:\cybermed\daddy\dependency\sdk-vtk-9.4.2\build_msvc\thirdparty\tiff\vtktiff\libtiff\cmakefiles\generate.stamp
d:\cybermed\daddy\dependency\sdk-vtk-9.4.2\build_msvc\lib\debug\vtktiff-9.4d.lib
d:\cybermed\daddy\dependency\sdk-vtk-9.4.2\build_msvc\bin\debug\vtktiff-9.4d.dll
d:\cybermed\daddy\dependency\sdk-vtk-9.4.2\build_msvc\bin\debug\vtktiff-9.4d.pdb
d:\cybermed\daddy\dependency\sdk-vtk-9.4.2\build_msvc\lib\debug\vtktiff-9.4d.exp
d:\cybermed\daddy\dependency\sdk-vtk-9.4.2\build_msvc\thirdparty\tiff\vtktiff\libtiff\tiff.dir\debug\vtktiff-9.4d.ilk
d:\cybermed\daddy\dependency\sdk-vtk-9.4.2\build_msvc\thirdparty\tiff\vtktiff\libtiff\tiff.dir\debug\tiff.tlog\cl.command.1.tlog
d:\cybermed\daddy\dependency\sdk-vtk-9.4.2\build_msvc\thirdparty\tiff\vtktiff\libtiff\tiff.dir\debug\tiff.tlog\cl.items.tlog
d:\cybermed\daddy\dependency\sdk-vtk-9.4.2\build_msvc\thirdparty\tiff\vtktiff\libtiff\tiff.dir\debug\tiff.tlog\cl.read.1.tlog
d:\cybermed\daddy\dependency\sdk-vtk-9.4.2\build_msvc\thirdparty\tiff\vtktiff\libtiff\tiff.dir\debug\tiff.tlog\cl.write.1.tlog
d:\cybermed\daddy\dependency\sdk-vtk-9.4.2\build_msvc\thirdparty\tiff\vtktiff\libtiff\tiff.dir\debug\tiff.tlog\custombuild.command.1.tlog
d:\cybermed\daddy\dependency\sdk-vtk-9.4.2\build_msvc\thirdparty\tiff\vtktiff\libtiff\tiff.dir\debug\tiff.tlog\custombuild.read.1.tlog
d:\cybermed\daddy\dependency\sdk-vtk-9.4.2\build_msvc\thirdparty\tiff\vtktiff\libtiff\tiff.dir\debug\tiff.tlog\custombuild.write.1.tlog
d:\cybermed\daddy\dependency\sdk-vtk-9.4.2\build_msvc\thirdparty\tiff\vtktiff\libtiff\tiff.dir\debug\tiff.tlog\lib-link.read.1.tlog
d:\cybermed\daddy\dependency\sdk-vtk-9.4.2\build_msvc\thirdparty\tiff\vtktiff\libtiff\tiff.dir\debug\tiff.tlog\lib-link.write.1.tlog
d:\cybermed\daddy\dependency\sdk-vtk-9.4.2\build_msvc\thirdparty\tiff\vtktiff\libtiff\tiff.dir\debug\tiff.tlog\lib.command.1.tlog
d:\cybermed\daddy\dependency\sdk-vtk-9.4.2\build_msvc\thirdparty\tiff\vtktiff\libtiff\tiff.dir\debug\tiff.tlog\link.command.1.tlog
d:\cybermed\daddy\dependency\sdk-vtk-9.4.2\build_msvc\thirdparty\tiff\vtktiff\libtiff\tiff.dir\debug\tiff.tlog\link.read.1.tlog
d:\cybermed\daddy\dependency\sdk-vtk-9.4.2\build_msvc\thirdparty\tiff\vtktiff\libtiff\tiff.dir\debug\tiff.tlog\link.secondary.1.tlog
d:\cybermed\daddy\dependency\sdk-vtk-9.4.2\build_msvc\thirdparty\tiff\vtktiff\libtiff\tiff.dir\debug\tiff.tlog\link.write.1.tlog
