d:\cybermed\daddy\dependency\sdk-vtk-9.4.2\build_msvc\lib\debug\vtkfiltershypertree-9.4d.pdb
d:\cybermed\daddy\dependency\sdk-vtk-9.4.2\build_msvc\filters\hypertree\filtershypertree.dir\debug\vtkhypertreegridgeometry1dimpl.obj
d:\cybermed\daddy\dependency\sdk-vtk-9.4.2\build_msvc\filters\hypertree\filtershypertree.dir\debug\vtkhypertreegridgeometryimpl.obj
d:\cybermed\daddy\dependency\sdk-vtk-9.4.2\build_msvc\filters\hypertree\filtershypertree.dir\debug\vtkimagedatatohypertreegrid.obj
d:\cybermed\daddy\dependency\sdk-vtk-9.4.2\build_msvc\filters\hypertree\filtershypertree.dir\debug\vtkhypertreegridvisibleleavessize.obj
d:\cybermed\daddy\dependency\sdk-vtk-9.4.2\build_msvc\filters\hypertree\filtershypertree.dir\debug\vtkhypertreegridtounstructuredgrid.obj
d:\cybermed\daddy\dependency\sdk-vtk-9.4.2\build_msvc\filters\hypertree\filtershypertree.dir\debug\vtkhypertreegridtodualgrid.obj
d:\cybermed\daddy\dependency\sdk-vtk-9.4.2\build_msvc\filters\hypertree\filtershypertree.dir\debug\vtkhypertreegridthreshold.obj
d:\cybermed\daddy\dependency\sdk-vtk-9.4.2\build_msvc\filters\hypertree\filtershypertree.dir\debug\vtkhypertreegridremoveghostcells.obj
d:\cybermed\daddy\dependency\sdk-vtk-9.4.2\build_msvc\filters\hypertree\filtershypertree.dir\debug\vtkhypertreegridplanecutter.obj
d:\cybermed\daddy\dependency\sdk-vtk-9.4.2\build_msvc\filters\hypertree\filtershypertree.dir\debug\vtkhypertreegridgradient.obj
d:\cybermed\daddy\dependency\sdk-vtk-9.4.2\build_msvc\filters\hypertree\filtershypertree.dir\debug\vtkhypertreegridgeometry.obj
d:\cybermed\daddy\dependency\sdk-vtk-9.4.2\build_msvc\filters\hypertree\filtershypertree.dir\debug\vtkhypertreegridfeatureedges.obj
d:\cybermed\daddy\dependency\sdk-vtk-9.4.2\build_msvc\filters\hypertree\filtershypertree.dir\debug\vtkhypertreegridextractghostcells.obj
d:\cybermed\daddy\dependency\sdk-vtk-9.4.2\build_msvc\filters\hypertree\filtershypertree.dir\debug\vtkhypertreegridevaluatecoarse.obj
d:\cybermed\daddy\dependency\sdk-vtk-9.4.2\build_msvc\filters\hypertree\filtershypertree.dir\debug\vtkhypertreegriddepthlimiter.obj
d:\cybermed\daddy\dependency\sdk-vtk-9.4.2\build_msvc\filters\hypertree\filtershypertree.dir\debug\vtkhypertreegridcontour.obj
d:\cybermed\daddy\dependency\sdk-vtk-9.4.2\build_msvc\filters\hypertree\filtershypertree.dir\debug\vtkhypertreegridcellcenters.obj
d:\cybermed\daddy\dependency\sdk-vtk-9.4.2\build_msvc\filters\hypertree\filtershypertree.dir\debug\vtkhypertreegridaxisreflection.obj
d:\cybermed\daddy\dependency\sdk-vtk-9.4.2\build_msvc\filters\hypertree\filtershypertree.dir\debug\vtkhypertreegridaxiscut.obj
d:\cybermed\daddy\dependency\sdk-vtk-9.4.2\build_msvc\filters\hypertree\filtershypertree.dir\debug\vtkhypertreegridaxisclip.obj
d:\cybermed\daddy\dependency\sdk-vtk-9.4.2\build_msvc\filters\hypertree\filtershypertree.dir\debug\vtkhypertreegridgeometrysmalldimensionsimpl.obj
d:\cybermed\daddy\dependency\sdk-vtk-9.4.2\build_msvc\filters\hypertree\filtershypertree.dir\debug\vtkhypertreegridgeometry3dimpl.obj
d:\cybermed\daddy\dependency\sdk-vtk-9.4.2\build_msvc\filters\hypertree\filtershypertree.dir\debug\vtkhypertreegridgeometry2dimpl.obj
d:\cybermed\daddy\dependency\sdk-vtk-9.4.2\build_msvc\filters\hypertree\filtershypertree.dir\debug\vc143.pdb
d:\cybermed\daddy\dependency\sdk-vtk-9.4.2\build_msvc\filters\hypertree\cmakefiles\generate.stamp
d:\cybermed\daddy\dependency\sdk-vtk-9.4.2\build_msvc\lib\debug\vtkfiltershypertree-9.4d.lib
d:\cybermed\daddy\dependency\sdk-vtk-9.4.2\build_msvc\bin\debug\vtkfiltershypertree-9.4d.dll
d:\cybermed\daddy\dependency\sdk-vtk-9.4.2\build_msvc\bin\debug\vtkfiltershypertree-9.4d.pdb
d:\cybermed\daddy\dependency\sdk-vtk-9.4.2\build_msvc\lib\debug\vtkfiltershypertree-9.4d.exp
d:\cybermed\daddy\dependency\sdk-vtk-9.4.2\build_msvc\filters\hypertree\filtershypertree.dir\debug\vtkfiltershypertree-9.4d.ilk
d:\cybermed\daddy\dependency\sdk-vtk-9.4.2\build_msvc\filters\hypertree\filtershypertree.dir\debug\filtershypertree.tlog\cl.command.1.tlog
d:\cybermed\daddy\dependency\sdk-vtk-9.4.2\build_msvc\filters\hypertree\filtershypertree.dir\debug\filtershypertree.tlog\cl.items.tlog
d:\cybermed\daddy\dependency\sdk-vtk-9.4.2\build_msvc\filters\hypertree\filtershypertree.dir\debug\filtershypertree.tlog\cl.read.1.tlog
d:\cybermed\daddy\dependency\sdk-vtk-9.4.2\build_msvc\filters\hypertree\filtershypertree.dir\debug\filtershypertree.tlog\cl.write.1.tlog
d:\cybermed\daddy\dependency\sdk-vtk-9.4.2\build_msvc\filters\hypertree\filtershypertree.dir\debug\filtershypertree.tlog\custombuild.command.1.tlog
d:\cybermed\daddy\dependency\sdk-vtk-9.4.2\build_msvc\filters\hypertree\filtershypertree.dir\debug\filtershypertree.tlog\custombuild.read.1.tlog
d:\cybermed\daddy\dependency\sdk-vtk-9.4.2\build_msvc\filters\hypertree\filtershypertree.dir\debug\filtershypertree.tlog\custombuild.write.1.tlog
d:\cybermed\daddy\dependency\sdk-vtk-9.4.2\build_msvc\filters\hypertree\filtershypertree.dir\debug\filtershypertree.tlog\lib-link.read.1.tlog
d:\cybermed\daddy\dependency\sdk-vtk-9.4.2\build_msvc\filters\hypertree\filtershypertree.dir\debug\filtershypertree.tlog\lib-link.write.1.tlog
d:\cybermed\daddy\dependency\sdk-vtk-9.4.2\build_msvc\filters\hypertree\filtershypertree.dir\debug\filtershypertree.tlog\lib.command.1.tlog
d:\cybermed\daddy\dependency\sdk-vtk-9.4.2\build_msvc\filters\hypertree\filtershypertree.dir\debug\filtershypertree.tlog\link.command.1.tlog
d:\cybermed\daddy\dependency\sdk-vtk-9.4.2\build_msvc\filters\hypertree\filtershypertree.dir\debug\filtershypertree.tlog\link.read.1.tlog
d:\cybermed\daddy\dependency\sdk-vtk-9.4.2\build_msvc\filters\hypertree\filtershypertree.dir\debug\filtershypertree.tlog\link.secondary.1.tlog
d:\cybermed\daddy\dependency\sdk-vtk-9.4.2\build_msvc\filters\hypertree\filtershypertree.dir\debug\filtershypertree.tlog\link.write.1.tlog
