d:\cybermed\daddy\dependency\sdk-vtk-9.4.2\build_msvc\thirdparty\lzma\vtklzma\lzma.dir\release\easy_buffer_encoder.obj
d:\cybermed\daddy\dependency\sdk-vtk-9.4.2\build_msvc\thirdparty\lzma\vtklzma\lzma.dir\release\common.obj
d:\cybermed\daddy\dependency\sdk-vtk-9.4.2\build_msvc\thirdparty\lzma\vtklzma\lzma.dir\release\block_util.obj
d:\cybermed\daddy\dependency\sdk-vtk-9.4.2\build_msvc\thirdparty\lzma\vtklzma\lzma.dir\release\block_header_encoder.obj
d:\cybermed\daddy\dependency\sdk-vtk-9.4.2\build_msvc\thirdparty\lzma\vtklzma\lzma.dir\release\block_header_decoder.obj
d:\cybermed\daddy\dependency\sdk-vtk-9.4.2\build_msvc\thirdparty\lzma\vtklzma\lzma.dir\release\block_encoder.obj
d:\cybermed\daddy\dependency\sdk-vtk-9.4.2\build_msvc\thirdparty\lzma\vtklzma\lzma.dir\release\block_decoder.obj
d:\cybermed\daddy\dependency\sdk-vtk-9.4.2\build_msvc\thirdparty\lzma\vtklzma\lzma.dir\release\block_buffer_encoder.obj
d:\cybermed\daddy\dependency\sdk-vtk-9.4.2\build_msvc\thirdparty\lzma\vtklzma\lzma.dir\release\block_buffer_decoder.obj
d:\cybermed\daddy\dependency\sdk-vtk-9.4.2\build_msvc\thirdparty\lzma\vtklzma\lzma.dir\release\auto_decoder.obj
d:\cybermed\daddy\dependency\sdk-vtk-9.4.2\build_msvc\thirdparty\lzma\vtklzma\lzma.dir\release\alone_encoder.obj
d:\cybermed\daddy\dependency\sdk-vtk-9.4.2\build_msvc\thirdparty\lzma\vtklzma\lzma.dir\release\alone_decoder.obj
d:\cybermed\daddy\dependency\sdk-vtk-9.4.2\build_msvc\thirdparty\lzma\vtklzma\lzma.dir\release\sha256.obj
d:\cybermed\daddy\dependency\sdk-vtk-9.4.2\build_msvc\thirdparty\lzma\vtklzma\lzma.dir\release\crc64_table.obj
d:\cybermed\daddy\dependency\sdk-vtk-9.4.2\build_msvc\thirdparty\lzma\vtklzma\lzma.dir\release\crc64_fast.obj
d:\cybermed\daddy\dependency\sdk-vtk-9.4.2\build_msvc\thirdparty\lzma\vtklzma\lzma.dir\release\crc32_table.obj
d:\cybermed\daddy\dependency\sdk-vtk-9.4.2\build_msvc\thirdparty\lzma\vtklzma\lzma.dir\release\crc32_fast.obj
d:\cybermed\daddy\dependency\sdk-vtk-9.4.2\build_msvc\thirdparty\lzma\vtklzma\lzma.dir\release\check.obj
d:\cybermed\daddy\dependency\sdk-vtk-9.4.2\build_msvc\thirdparty\lzma\vtklzma\lzma.dir\release\tuklib_physmem.obj
d:\cybermed\daddy\dependency\sdk-vtk-9.4.2\build_msvc\thirdparty\lzma\vtklzma\lzma.dir\release\tuklib_cpucores.obj
d:\cybermed\daddy\dependency\sdk-vtk-9.4.2\build_msvc\thirdparty\lzma\vtklzma\lzma.dir\release\stream_buffer_encoder.obj
d:\cybermed\daddy\dependency\sdk-vtk-9.4.2\build_msvc\thirdparty\lzma\vtklzma\lzma.dir\release\stream_buffer_decoder.obj
d:\cybermed\daddy\dependency\sdk-vtk-9.4.2\build_msvc\thirdparty\lzma\vtklzma\lzma.dir\release\outqueue.obj
d:\cybermed\daddy\dependency\sdk-vtk-9.4.2\build_msvc\thirdparty\lzma\vtklzma\lzma.dir\release\index_hash.obj
d:\cybermed\daddy\dependency\sdk-vtk-9.4.2\build_msvc\thirdparty\lzma\vtklzma\lzma.dir\release\index_encoder.obj
d:\cybermed\daddy\dependency\sdk-vtk-9.4.2\build_msvc\thirdparty\lzma\vtklzma\lzma.dir\release\index_decoder.obj
d:\cybermed\daddy\dependency\sdk-vtk-9.4.2\build_msvc\thirdparty\lzma\vtklzma\lzma.dir\release\index.obj
d:\cybermed\daddy\dependency\sdk-vtk-9.4.2\build_msvc\thirdparty\lzma\vtklzma\lzma.dir\release\hardware_physmem.obj
d:\cybermed\daddy\dependency\sdk-vtk-9.4.2\build_msvc\thirdparty\lzma\vtklzma\lzma.dir\release\hardware_cputhreads.obj
d:\cybermed\daddy\dependency\sdk-vtk-9.4.2\build_msvc\thirdparty\lzma\vtklzma\lzma.dir\release\filter_flags_encoder.obj
d:\cybermed\daddy\dependency\sdk-vtk-9.4.2\build_msvc\thirdparty\lzma\vtklzma\lzma.dir\release\filter_flags_decoder.obj
d:\cybermed\daddy\dependency\sdk-vtk-9.4.2\build_msvc\thirdparty\lzma\vtklzma\lzma.dir\release\filter_encoder.obj
d:\cybermed\daddy\dependency\sdk-vtk-9.4.2\build_msvc\thirdparty\lzma\vtklzma\lzma.dir\release\filter_decoder.obj
d:\cybermed\daddy\dependency\sdk-vtk-9.4.2\build_msvc\thirdparty\lzma\vtklzma\lzma.dir\release\filter_common.obj
d:\cybermed\daddy\dependency\sdk-vtk-9.4.2\build_msvc\thirdparty\lzma\vtklzma\lzma.dir\release\filter_buffer_encoder.obj
d:\cybermed\daddy\dependency\sdk-vtk-9.4.2\build_msvc\thirdparty\lzma\vtklzma\lzma.dir\release\filter_buffer_decoder.obj
d:\cybermed\daddy\dependency\sdk-vtk-9.4.2\build_msvc\thirdparty\lzma\vtklzma\lzma.dir\release\easy_preset.obj
d:\cybermed\daddy\dependency\sdk-vtk-9.4.2\build_msvc\thirdparty\lzma\vtklzma\lzma.dir\release\easy_encoder_memusage.obj
d:\cybermed\daddy\dependency\sdk-vtk-9.4.2\build_msvc\thirdparty\lzma\vtklzma\lzma.dir\release\easy_encoder.obj
d:\cybermed\daddy\dependency\sdk-vtk-9.4.2\build_msvc\thirdparty\lzma\vtklzma\lzma.dir\release\easy_decoder_memusage.obj
d:\cybermed\daddy\dependency\sdk-vtk-9.4.2\build_msvc\thirdparty\lzma\vtklzma\lzma.dir\release\lzma_encoder_presets.obj
d:\cybermed\daddy\dependency\sdk-vtk-9.4.2\build_msvc\thirdparty\lzma\vtklzma\lzma.dir\release\lzma_encoder_optimum_normal.obj
d:\cybermed\daddy\dependency\sdk-vtk-9.4.2\build_msvc\thirdparty\lzma\vtklzma\lzma.dir\release\lzma_encoder_optimum_fast.obj
d:\cybermed\daddy\dependency\sdk-vtk-9.4.2\build_msvc\thirdparty\lzma\vtklzma\lzma.dir\release\lzma_encoder.obj
d:\cybermed\daddy\dependency\sdk-vtk-9.4.2\build_msvc\thirdparty\lzma\vtklzma\lzma.dir\release\lzma_decoder.obj
d:\cybermed\daddy\dependency\sdk-vtk-9.4.2\build_msvc\thirdparty\lzma\vtklzma\lzma.dir\release\lzma2_encoder.obj
d:\cybermed\daddy\dependency\sdk-vtk-9.4.2\build_msvc\thirdparty\lzma\vtklzma\lzma.dir\release\lzma2_decoder.obj
d:\cybermed\daddy\dependency\sdk-vtk-9.4.2\build_msvc\thirdparty\lzma\vtklzma\lzma.dir\release\fastpos_table.obj
d:\cybermed\daddy\dependency\sdk-vtk-9.4.2\build_msvc\thirdparty\lzma\vtklzma\lzma.dir\release\delta_encoder.obj
d:\cybermed\daddy\dependency\sdk-vtk-9.4.2\build_msvc\thirdparty\lzma\vtklzma\lzma.dir\release\delta_decoder.obj
d:\cybermed\daddy\dependency\sdk-vtk-9.4.2\build_msvc\thirdparty\lzma\vtklzma\lzma.dir\release\delta_common.obj
d:\cybermed\daddy\dependency\sdk-vtk-9.4.2\build_msvc\thirdparty\lzma\vtklzma\lzma.dir\release\vli_size.obj
d:\cybermed\daddy\dependency\sdk-vtk-9.4.2\build_msvc\thirdparty\lzma\vtklzma\lzma.dir\release\vli_encoder.obj
d:\cybermed\daddy\dependency\sdk-vtk-9.4.2\build_msvc\thirdparty\lzma\vtklzma\lzma.dir\release\vli_decoder.obj
d:\cybermed\daddy\dependency\sdk-vtk-9.4.2\build_msvc\thirdparty\lzma\vtklzma\lzma.dir\release\stream_flags_encoder.obj
d:\cybermed\daddy\dependency\sdk-vtk-9.4.2\build_msvc\thirdparty\lzma\vtklzma\lzma.dir\release\stream_flags_decoder.obj
d:\cybermed\daddy\dependency\sdk-vtk-9.4.2\build_msvc\thirdparty\lzma\vtklzma\lzma.dir\release\stream_flags_common.obj
d:\cybermed\daddy\dependency\sdk-vtk-9.4.2\build_msvc\thirdparty\lzma\vtklzma\lzma.dir\release\stream_encoder_mt.obj
d:\cybermed\daddy\dependency\sdk-vtk-9.4.2\build_msvc\thirdparty\lzma\vtklzma\lzma.dir\release\stream_encoder.obj
d:\cybermed\daddy\dependency\sdk-vtk-9.4.2\build_msvc\thirdparty\lzma\vtklzma\lzma.dir\release\stream_decoder.obj
d:\cybermed\daddy\dependency\sdk-vtk-9.4.2\build_msvc\thirdparty\lzma\vtklzma\lzma.dir\release\x86.obj
d:\cybermed\daddy\dependency\sdk-vtk-9.4.2\build_msvc\thirdparty\lzma\vtklzma\lzma.dir\release\sparc.obj
d:\cybermed\daddy\dependency\sdk-vtk-9.4.2\build_msvc\thirdparty\lzma\vtklzma\lzma.dir\release\simple_encoder.obj
d:\cybermed\daddy\dependency\sdk-vtk-9.4.2\build_msvc\thirdparty\lzma\vtklzma\lzma.dir\release\simple_decoder.obj
d:\cybermed\daddy\dependency\sdk-vtk-9.4.2\build_msvc\thirdparty\lzma\vtklzma\lzma.dir\release\simple_coder.obj
d:\cybermed\daddy\dependency\sdk-vtk-9.4.2\build_msvc\thirdparty\lzma\vtklzma\lzma.dir\release\powerpc.obj
d:\cybermed\daddy\dependency\sdk-vtk-9.4.2\build_msvc\thirdparty\lzma\vtklzma\lzma.dir\release\ia64.obj
d:\cybermed\daddy\dependency\sdk-vtk-9.4.2\build_msvc\thirdparty\lzma\vtklzma\lzma.dir\release\armthumb.obj
d:\cybermed\daddy\dependency\sdk-vtk-9.4.2\build_msvc\thirdparty\lzma\vtklzma\lzma.dir\release\arm.obj
d:\cybermed\daddy\dependency\sdk-vtk-9.4.2\build_msvc\thirdparty\lzma\vtklzma\lzma.dir\release\price_table.obj
d:\cybermed\daddy\dependency\sdk-vtk-9.4.2\build_msvc\thirdparty\lzma\vtklzma\lzma.dir\release\lz_encoder_mf.obj
d:\cybermed\daddy\dependency\sdk-vtk-9.4.2\build_msvc\thirdparty\lzma\vtklzma\lzma.dir\release\lz_encoder.obj
d:\cybermed\daddy\dependency\sdk-vtk-9.4.2\build_msvc\thirdparty\lzma\vtklzma\lzma.dir\release\lz_decoder.obj
d:\cybermed\daddy\dependency\sdk-vtk-9.4.2\build_msvc\thirdparty\lzma\vtklzma\cmakefiles\generate.stamp
d:\cybermed\daddy\dependency\sdk-vtk-9.4.2\build_msvc\bin\release\vtklzma-9.4.dll
d:\cybermed\daddy\dependency\sdk-vtk-9.4.2\build_msvc\lib\release\vtklzma-9.4.lib
d:\cybermed\daddy\dependency\sdk-vtk-9.4.2\build_msvc\lib\release\vtklzma-9.4.exp
d:\cybermed\daddy\dependency\sdk-vtk-9.4.2\build_msvc\thirdparty\lzma\vtklzma\lzma.dir\release\lzma.tlog\cl.command.1.tlog
d:\cybermed\daddy\dependency\sdk-vtk-9.4.2\build_msvc\thirdparty\lzma\vtklzma\lzma.dir\release\lzma.tlog\cl.items.tlog
d:\cybermed\daddy\dependency\sdk-vtk-9.4.2\build_msvc\thirdparty\lzma\vtklzma\lzma.dir\release\lzma.tlog\cl.read.1.tlog
d:\cybermed\daddy\dependency\sdk-vtk-9.4.2\build_msvc\thirdparty\lzma\vtklzma\lzma.dir\release\lzma.tlog\cl.write.1.tlog
d:\cybermed\daddy\dependency\sdk-vtk-9.4.2\build_msvc\thirdparty\lzma\vtklzma\lzma.dir\release\lzma.tlog\custombuild.command.1.tlog
d:\cybermed\daddy\dependency\sdk-vtk-9.4.2\build_msvc\thirdparty\lzma\vtklzma\lzma.dir\release\lzma.tlog\custombuild.read.1.tlog
d:\cybermed\daddy\dependency\sdk-vtk-9.4.2\build_msvc\thirdparty\lzma\vtklzma\lzma.dir\release\lzma.tlog\custombuild.write.1.tlog
d:\cybermed\daddy\dependency\sdk-vtk-9.4.2\build_msvc\thirdparty\lzma\vtklzma\lzma.dir\release\lzma.tlog\link.command.1.tlog
d:\cybermed\daddy\dependency\sdk-vtk-9.4.2\build_msvc\thirdparty\lzma\vtklzma\lzma.dir\release\lzma.tlog\link.read.1.tlog
d:\cybermed\daddy\dependency\sdk-vtk-9.4.2\build_msvc\thirdparty\lzma\vtklzma\lzma.dir\release\lzma.tlog\link.secondary.1.tlog
d:\cybermed\daddy\dependency\sdk-vtk-9.4.2\build_msvc\thirdparty\lzma\vtklzma\lzma.dir\release\lzma.tlog\link.write.1.tlog
