d:\cybermed\daddy\dependency\sdk-vtk-9.4.2\build_msvc\lib\debug\vtkinfovislayout-9.4d.pdb
d:\cybermed\daddy\dependency\sdk-vtk-9.4.2\build_msvc\infovis\layout\infovislayout.dir\debug\vtkfast2dlayoutstrategy.obj
d:\cybermed\daddy\dependency\sdk-vtk-9.4.2\build_msvc\infovis\layout\infovislayout.dir\debug\vtkedgelayoutstrategy.obj
d:\cybermed\daddy\dependency\sdk-vtk-9.4.2\build_msvc\infovis\layout\infovislayout.dir\debug\vtkedgelayout.obj
d:\cybermed\daddy\dependency\sdk-vtk-9.4.2\build_msvc\infovis\layout\infovislayout.dir\debug\vtkcosmictreelayoutstrategy.obj
d:\cybermed\daddy\dependency\sdk-vtk-9.4.2\build_msvc\infovis\layout\infovislayout.dir\debug\vtkconstrained2dlayoutstrategy.obj
d:\cybermed\daddy\dependency\sdk-vtk-9.4.2\build_msvc\infovis\layout\infovislayout.dir\debug\vtkconelayoutstrategy.obj
d:\cybermed\daddy\dependency\sdk-vtk-9.4.2\build_msvc\infovis\layout\infovislayout.dir\debug\vtkcommunity2dlayoutstrategy.obj
d:\cybermed\daddy\dependency\sdk-vtk-9.4.2\build_msvc\infovis\layout\infovislayout.dir\debug\vtkclustering2dlayoutstrategy.obj
d:\cybermed\daddy\dependency\sdk-vtk-9.4.2\build_msvc\infovis\layout\infovislayout.dir\debug\vtkcircularlayoutstrategy.obj
d:\cybermed\daddy\dependency\sdk-vtk-9.4.2\build_msvc\infovis\layout\infovislayout.dir\debug\vtkcirclepacktopolydata.obj
d:\cybermed\daddy\dependency\sdk-vtk-9.4.2\build_msvc\infovis\layout\infovislayout.dir\debug\vtkcirclepacklayoutstrategy.obj
d:\cybermed\daddy\dependency\sdk-vtk-9.4.2\build_msvc\infovis\layout\infovislayout.dir\debug\vtkcirclepacklayout.obj
d:\cybermed\daddy\dependency\sdk-vtk-9.4.2\build_msvc\infovis\layout\infovislayout.dir\debug\vtkcirclepackfrontchainlayoutstrategy.obj
d:\cybermed\daddy\dependency\sdk-vtk-9.4.2\build_msvc\infovis\layout\infovislayout.dir\debug\vtkboxlayoutstrategy.obj
d:\cybermed\daddy\dependency\sdk-vtk-9.4.2\build_msvc\infovis\layout\infovislayout.dir\debug\vtkattributeclustering2dlayoutstrategy.obj
d:\cybermed\daddy\dependency\sdk-vtk-9.4.2\build_msvc\infovis\layout\infovislayout.dir\debug\vtkassigncoordinateslayoutstrategy.obj
d:\cybermed\daddy\dependency\sdk-vtk-9.4.2\build_msvc\infovis\layout\infovislayout.dir\debug\vtkassigncoordinates.obj
d:\cybermed\daddy\dependency\sdk-vtk-9.4.2\build_msvc\infovis\layout\infovislayout.dir\debug\vtkarealayoutstrategy.obj
d:\cybermed\daddy\dependency\sdk-vtk-9.4.2\build_msvc\infovis\layout\infovislayout.dir\debug\vtkarealayout.obj
d:\cybermed\daddy\dependency\sdk-vtk-9.4.2\build_msvc\infovis\layout\infovislayout.dir\debug\vtkarcparalleledgestrategy.obj
d:\cybermed\daddy\dependency\sdk-vtk-9.4.2\build_msvc\infovis\layout\infovislayout.dir\debug\vtktreemaplayout.obj
d:\cybermed\daddy\dependency\sdk-vtk-9.4.2\build_msvc\infovis\layout\infovislayout.dir\debug\vtktreelayoutstrategy.obj
d:\cybermed\daddy\dependency\sdk-vtk-9.4.2\build_msvc\infovis\layout\infovislayout.dir\debug\vtkstackedtreelayoutstrategy.obj
d:\cybermed\daddy\dependency\sdk-vtk-9.4.2\build_msvc\infovis\layout\infovislayout.dir\debug\vtksquarifylayoutstrategy.obj
d:\cybermed\daddy\dependency\sdk-vtk-9.4.2\build_msvc\infovis\layout\infovislayout.dir\debug\vtksplinegraphedges.obj
d:\cybermed\daddy\dependency\sdk-vtk-9.4.2\build_msvc\infovis\layout\infovislayout.dir\debug\vtkspantreelayoutstrategy.obj
d:\cybermed\daddy\dependency\sdk-vtk-9.4.2\build_msvc\infovis\layout\infovislayout.dir\debug\vtksliceanddicelayoutstrategy.obj
d:\cybermed\daddy\dependency\sdk-vtk-9.4.2\build_msvc\infovis\layout\infovislayout.dir\debug\vtksimple3dcirclesstrategy.obj
d:\cybermed\daddy\dependency\sdk-vtk-9.4.2\build_msvc\infovis\layout\infovislayout.dir\debug\vtksimple2dlayoutstrategy.obj
d:\cybermed\daddy\dependency\sdk-vtk-9.4.2\build_msvc\infovis\layout\infovislayout.dir\debug\vtkrandomlayoutstrategy.obj
d:\cybermed\daddy\dependency\sdk-vtk-9.4.2\build_msvc\infovis\layout\infovislayout.dir\debug\vtkperturbcoincidentvertices.obj
d:\cybermed\daddy\dependency\sdk-vtk-9.4.2\build_msvc\infovis\layout\infovislayout.dir\debug\vtkpassthroughlayoutstrategy.obj
d:\cybermed\daddy\dependency\sdk-vtk-9.4.2\build_msvc\infovis\layout\infovislayout.dir\debug\vtkpassthroughedgestrategy.obj
d:\cybermed\daddy\dependency\sdk-vtk-9.4.2\build_msvc\infovis\layout\infovislayout.dir\debug\vtkkcorelayout.obj
d:\cybermed\daddy\dependency\sdk-vtk-9.4.2\build_msvc\infovis\layout\infovislayout.dir\debug\vtkincrementalforcelayout.obj
d:\cybermed\daddy\dependency\sdk-vtk-9.4.2\build_msvc\infovis\layout\infovislayout.dir\debug\vtkgraphlayoutstrategy.obj
d:\cybermed\daddy\dependency\sdk-vtk-9.4.2\build_msvc\infovis\layout\infovislayout.dir\debug\vtkgraphlayout.obj
d:\cybermed\daddy\dependency\sdk-vtk-9.4.2\build_msvc\infovis\layout\infovislayout.dir\debug\vtkgeomath.obj
d:\cybermed\daddy\dependency\sdk-vtk-9.4.2\build_msvc\infovis\layout\infovislayout.dir\debug\vtkgeoedgestrategy.obj
d:\cybermed\daddy\dependency\sdk-vtk-9.4.2\build_msvc\infovis\layout\infovislayout.dir\debug\vtkforcedirectedlayoutstrategy.obj
d:\cybermed\daddy\dependency\sdk-vtk-9.4.2\build_msvc\infovis\layout\infovislayout.dir\debug\vtktreeringtopolydata.obj
d:\cybermed\daddy\dependency\sdk-vtk-9.4.2\build_msvc\infovis\layout\infovislayout.dir\debug\vtktreeorbitlayoutstrategy.obj
d:\cybermed\daddy\dependency\sdk-vtk-9.4.2\build_msvc\infovis\layout\infovislayout.dir\debug\vtktreemaptopolydata.obj
d:\cybermed\daddy\dependency\sdk-vtk-9.4.2\build_msvc\infovis\layout\infovislayout.dir\debug\vtktreemaplayoutstrategy.obj
d:\cybermed\daddy\dependency\sdk-vtk-9.4.2\build_msvc\infovis\layout\infovislayout.dir\debug\vc143.pdb
d:\cybermed\daddy\dependency\sdk-vtk-9.4.2\build_msvc\infovis\layout\cmakefiles\generate.stamp
d:\cybermed\daddy\dependency\sdk-vtk-9.4.2\build_msvc\lib\debug\vtkinfovislayout-9.4d.lib
d:\cybermed\daddy\dependency\sdk-vtk-9.4.2\build_msvc\bin\debug\vtkinfovislayout-9.4d.dll
d:\cybermed\daddy\dependency\sdk-vtk-9.4.2\build_msvc\bin\debug\vtkinfovislayout-9.4d.pdb
d:\cybermed\daddy\dependency\sdk-vtk-9.4.2\build_msvc\lib\debug\vtkinfovislayout-9.4d.exp
d:\cybermed\daddy\dependency\sdk-vtk-9.4.2\build_msvc\infovis\layout\infovislayout.dir\debug\vtkinfovislayout-9.4d.ilk
d:\cybermed\daddy\dependency\sdk-vtk-9.4.2\build_msvc\infovis\layout\infovislayout.dir\debug\infovislayout.tlog\cl.command.1.tlog
d:\cybermed\daddy\dependency\sdk-vtk-9.4.2\build_msvc\infovis\layout\infovislayout.dir\debug\infovislayout.tlog\cl.items.tlog
d:\cybermed\daddy\dependency\sdk-vtk-9.4.2\build_msvc\infovis\layout\infovislayout.dir\debug\infovislayout.tlog\cl.read.1.tlog
d:\cybermed\daddy\dependency\sdk-vtk-9.4.2\build_msvc\infovis\layout\infovislayout.dir\debug\infovislayout.tlog\cl.write.1.tlog
d:\cybermed\daddy\dependency\sdk-vtk-9.4.2\build_msvc\infovis\layout\infovislayout.dir\debug\infovislayout.tlog\custombuild.command.1.tlog
d:\cybermed\daddy\dependency\sdk-vtk-9.4.2\build_msvc\infovis\layout\infovislayout.dir\debug\infovislayout.tlog\custombuild.read.1.tlog
d:\cybermed\daddy\dependency\sdk-vtk-9.4.2\build_msvc\infovis\layout\infovislayout.dir\debug\infovislayout.tlog\custombuild.write.1.tlog
d:\cybermed\daddy\dependency\sdk-vtk-9.4.2\build_msvc\infovis\layout\infovislayout.dir\debug\infovislayout.tlog\lib-link.read.1.tlog
d:\cybermed\daddy\dependency\sdk-vtk-9.4.2\build_msvc\infovis\layout\infovislayout.dir\debug\infovislayout.tlog\lib-link.write.1.tlog
d:\cybermed\daddy\dependency\sdk-vtk-9.4.2\build_msvc\infovis\layout\infovislayout.dir\debug\infovislayout.tlog\lib.command.1.tlog
d:\cybermed\daddy\dependency\sdk-vtk-9.4.2\build_msvc\infovis\layout\infovislayout.dir\debug\infovislayout.tlog\link.command.1.tlog
d:\cybermed\daddy\dependency\sdk-vtk-9.4.2\build_msvc\infovis\layout\infovislayout.dir\debug\infovislayout.tlog\link.read.1.tlog
d:\cybermed\daddy\dependency\sdk-vtk-9.4.2\build_msvc\infovis\layout\infovislayout.dir\debug\infovislayout.tlog\link.secondary.1.tlog
d:\cybermed\daddy\dependency\sdk-vtk-9.4.2\build_msvc\infovis\layout\infovislayout.dir\debug\infovislayout.tlog\link.write.1.tlog
