d:\cybermed\daddy\dependency\sdk-vtk-9.4.2\build_msvc\imaging\general\imaginggeneral.dir\release\vtkimagesobel2d.obj
d:\cybermed\daddy\dependency\sdk-vtk-9.4.2\build_msvc\imaging\general\imaginggeneral.dir\release\vtkimageslabreslice.obj
d:\cybermed\daddy\dependency\sdk-vtk-9.4.2\build_msvc\imaging\general\imaginggeneral.dir\release\vtkimageslab.obj
d:\cybermed\daddy\dependency\sdk-vtk-9.4.2\build_msvc\imaging\general\imaginggeneral.dir\release\vtkimageseparableconvolution.obj
d:\cybermed\daddy\dependency\sdk-vtk-9.4.2\build_msvc\imaging\general\imaginggeneral.dir\release\vtkimagerange3d.obj
d:\cybermed\daddy\dependency\sdk-vtk-9.4.2\build_msvc\imaging\general\imaginggeneral.dir\release\vtkimagenormalize.obj
d:\cybermed\daddy\dependency\sdk-vtk-9.4.2\build_msvc\imaging\general\imaginggeneral.dir\release\vtkimagemedian3d.obj
d:\cybermed\daddy\dependency\sdk-vtk-9.4.2\build_msvc\imaging\general\imaginggeneral.dir\release\vtkimagelaplacian.obj
d:\cybermed\daddy\dependency\sdk-vtk-9.4.2\build_msvc\imaging\general\imaginggeneral.dir\release\vtkimagehybridmedian2d.obj
d:\cybermed\daddy\dependency\sdk-vtk-9.4.2\build_msvc\imaging\general\imaginggeneral.dir\release\vtkimagegradientmagnitude.obj
d:\cybermed\daddy\dependency\sdk-vtk-9.4.2\build_msvc\imaging\general\imaginggeneral.dir\release\vtkimagegradient.obj
d:\cybermed\daddy\dependency\sdk-vtk-9.4.2\build_msvc\imaging\general\imaginggeneral.dir\release\vtkimagegaussiansmooth.obj
d:\cybermed\daddy\dependency\sdk-vtk-9.4.2\build_msvc\imaging\general\imaginggeneral.dir\release\vtkimageeuclideantopolar.obj
d:\cybermed\daddy\dependency\sdk-vtk-9.4.2\build_msvc\imaging\general\imaginggeneral.dir\release\vtkimageeuclideandistance.obj
d:\cybermed\daddy\dependency\sdk-vtk-9.4.2\build_msvc\imaging\general\imaginggeneral.dir\release\vtkimagecorrelation.obj
d:\cybermed\daddy\dependency\sdk-vtk-9.4.2\build_msvc\imaging\general\imaginggeneral.dir\release\vtkimageconvolve.obj
d:\cybermed\daddy\dependency\sdk-vtk-9.4.2\build_msvc\imaging\general\imaginggeneral.dir\release\vtkimagecityblockdistance.obj
d:\cybermed\daddy\dependency\sdk-vtk-9.4.2\build_msvc\imaging\general\imaginggeneral.dir\release\vtkimagecheckerboard.obj
d:\cybermed\daddy\dependency\sdk-vtk-9.4.2\build_msvc\imaging\general\imaginggeneral.dir\release\vtkimageanisotropicdiffusion3d.obj
d:\cybermed\daddy\dependency\sdk-vtk-9.4.2\build_msvc\imaging\general\imaginggeneral.dir\release\vtkimageanisotropicdiffusion2d.obj
d:\cybermed\daddy\dependency\sdk-vtk-9.4.2\build_msvc\imaging\general\imaginggeneral.dir\release\vtkimagevariance3d.obj
d:\cybermed\daddy\dependency\sdk-vtk-9.4.2\build_msvc\imaging\general\imaginggeneral.dir\release\vtkimagespatialalgorithm.obj
d:\cybermed\daddy\dependency\sdk-vtk-9.4.2\build_msvc\imaging\general\imaginggeneral.dir\release\vtkimagesobel3d.obj
d:\cybermed\daddy\dependency\sdk-vtk-9.4.2\build_msvc\imaging\general\cmakefiles\generate.stamp
d:\cybermed\daddy\dependency\sdk-vtk-9.4.2\build_msvc\bin\release\vtkimaginggeneral-9.4.dll
d:\cybermed\daddy\dependency\sdk-vtk-9.4.2\build_msvc\lib\release\vtkimaginggeneral-9.4.lib
d:\cybermed\daddy\dependency\sdk-vtk-9.4.2\build_msvc\lib\release\vtkimaginggeneral-9.4.exp
d:\cybermed\daddy\dependency\sdk-vtk-9.4.2\build_msvc\imaging\general\imaginggeneral.dir\release\imaginggeneral.tlog\cl.command.1.tlog
d:\cybermed\daddy\dependency\sdk-vtk-9.4.2\build_msvc\imaging\general\imaginggeneral.dir\release\imaginggeneral.tlog\cl.items.tlog
d:\cybermed\daddy\dependency\sdk-vtk-9.4.2\build_msvc\imaging\general\imaginggeneral.dir\release\imaginggeneral.tlog\cl.read.1.tlog
d:\cybermed\daddy\dependency\sdk-vtk-9.4.2\build_msvc\imaging\general\imaginggeneral.dir\release\imaginggeneral.tlog\cl.write.1.tlog
d:\cybermed\daddy\dependency\sdk-vtk-9.4.2\build_msvc\imaging\general\imaginggeneral.dir\release\imaginggeneral.tlog\custombuild.command.1.tlog
d:\cybermed\daddy\dependency\sdk-vtk-9.4.2\build_msvc\imaging\general\imaginggeneral.dir\release\imaginggeneral.tlog\custombuild.read.1.tlog
d:\cybermed\daddy\dependency\sdk-vtk-9.4.2\build_msvc\imaging\general\imaginggeneral.dir\release\imaginggeneral.tlog\custombuild.write.1.tlog
d:\cybermed\daddy\dependency\sdk-vtk-9.4.2\build_msvc\imaging\general\imaginggeneral.dir\release\imaginggeneral.tlog\link.command.1.tlog
d:\cybermed\daddy\dependency\sdk-vtk-9.4.2\build_msvc\imaging\general\imaginggeneral.dir\release\imaginggeneral.tlog\link.read.1.tlog
d:\cybermed\daddy\dependency\sdk-vtk-9.4.2\build_msvc\imaging\general\imaginggeneral.dir\release\imaginggeneral.tlog\link.secondary.1.tlog
d:\cybermed\daddy\dependency\sdk-vtk-9.4.2\build_msvc\imaging\general\imaginggeneral.dir\release\imaginggeneral.tlog\link.write.1.tlog
