d:\cybermed\daddy\dependency\sdk-vtk-9.4.2\build_msvc\lib\debug\vtkioimport-9.4d.pdb
d:\cybermed\daddy\dependency\sdk-vtk-9.4.2\build_msvc\io\import\ioimport.dir\debug\vtkobjimporterinternals.obj
d:\cybermed\daddy\dependency\sdk-vtk-9.4.2\build_msvc\io\import\ioimport.dir\debug\vtkobjimporter.obj
d:\cybermed\daddy\dependency\sdk-vtk-9.4.2\build_msvc\io\import\ioimport.dir\debug\vtkvrmlimporter.obj
d:\cybermed\daddy\dependency\sdk-vtk-9.4.2\build_msvc\io\import\ioimport.dir\debug\vtkimporter.obj
d:\cybermed\daddy\dependency\sdk-vtk-9.4.2\build_msvc\io\import\ioimport.dir\debug\vtkgltfimporter.obj
d:\cybermed\daddy\dependency\sdk-vtk-9.4.2\build_msvc\io\import\ioimport.dir\debug\vtk3dsimporter.obj
d:\cybermed\daddy\dependency\sdk-vtk-9.4.2\build_msvc\io\import\ioimport.dir\debug\vc143.pdb
d:\cybermed\daddy\dependency\sdk-vtk-9.4.2\build_msvc\io\import\cmakefiles\generate.stamp
d:\cybermed\daddy\dependency\sdk-vtk-9.4.2\build_msvc\lib\debug\vtkioimport-9.4d.lib
d:\cybermed\daddy\dependency\sdk-vtk-9.4.2\build_msvc\bin\debug\vtkioimport-9.4d.dll
d:\cybermed\daddy\dependency\sdk-vtk-9.4.2\build_msvc\bin\debug\vtkioimport-9.4d.pdb
d:\cybermed\daddy\dependency\sdk-vtk-9.4.2\build_msvc\lib\debug\vtkioimport-9.4d.exp
d:\cybermed\daddy\dependency\sdk-vtk-9.4.2\build_msvc\io\import\ioimport.dir\debug\vtkioimport-9.4d.ilk
d:\cybermed\daddy\dependency\sdk-vtk-9.4.2\build_msvc\io\import\ioimport.dir\debug\ioimport.tlog\cl.command.1.tlog
d:\cybermed\daddy\dependency\sdk-vtk-9.4.2\build_msvc\io\import\ioimport.dir\debug\ioimport.tlog\cl.items.tlog
d:\cybermed\daddy\dependency\sdk-vtk-9.4.2\build_msvc\io\import\ioimport.dir\debug\ioimport.tlog\cl.read.1.tlog
d:\cybermed\daddy\dependency\sdk-vtk-9.4.2\build_msvc\io\import\ioimport.dir\debug\ioimport.tlog\cl.write.1.tlog
d:\cybermed\daddy\dependency\sdk-vtk-9.4.2\build_msvc\io\import\ioimport.dir\debug\ioimport.tlog\custombuild.command.1.tlog
d:\cybermed\daddy\dependency\sdk-vtk-9.4.2\build_msvc\io\import\ioimport.dir\debug\ioimport.tlog\custombuild.read.1.tlog
d:\cybermed\daddy\dependency\sdk-vtk-9.4.2\build_msvc\io\import\ioimport.dir\debug\ioimport.tlog\custombuild.write.1.tlog
d:\cybermed\daddy\dependency\sdk-vtk-9.4.2\build_msvc\io\import\ioimport.dir\debug\ioimport.tlog\lib-link.read.1.tlog
d:\cybermed\daddy\dependency\sdk-vtk-9.4.2\build_msvc\io\import\ioimport.dir\debug\ioimport.tlog\lib-link.write.1.tlog
d:\cybermed\daddy\dependency\sdk-vtk-9.4.2\build_msvc\io\import\ioimport.dir\debug\ioimport.tlog\lib.command.1.tlog
d:\cybermed\daddy\dependency\sdk-vtk-9.4.2\build_msvc\io\import\ioimport.dir\debug\ioimport.tlog\link.command.1.tlog
d:\cybermed\daddy\dependency\sdk-vtk-9.4.2\build_msvc\io\import\ioimport.dir\debug\ioimport.tlog\link.read.1.tlog
d:\cybermed\daddy\dependency\sdk-vtk-9.4.2\build_msvc\io\import\ioimport.dir\debug\ioimport.tlog\link.secondary.1.tlog
d:\cybermed\daddy\dependency\sdk-vtk-9.4.2\build_msvc\io\import\ioimport.dir\debug\ioimport.tlog\link.write.1.tlog
