d:\cybermed\daddy\dependency\sdk-vtk-9.4.2\build_msvc\lib\debug\vtkparalleldiy-9.4d.pdb
d:\cybermed\daddy\dependency\sdk-vtk-9.4.2\build_msvc\parallel\diy\paralleldiy.dir\debug\vtkdiyutilities.obj
d:\cybermed\daddy\dependency\sdk-vtk-9.4.2\build_msvc\parallel\diy\paralleldiy.dir\debug\vtkdiyghostutilities.obj
d:\cybermed\daddy\dependency\sdk-vtk-9.4.2\build_msvc\parallel\diy\paralleldiy.dir\debug\vtkdiyexplicitassigner.obj
d:\cybermed\daddy\dependency\sdk-vtk-9.4.2\build_msvc\parallel\diy\paralleldiy.dir\debug\vtkdiydataexchanger.obj
d:\cybermed\daddy\dependency\sdk-vtk-9.4.2\build_msvc\parallel\diy\paralleldiy.dir\debug\vc143.pdb
d:\cybermed\daddy\dependency\sdk-vtk-9.4.2\build_msvc\parallel\diy\cmakefiles\generate.stamp
d:\cybermed\daddy\dependency\sdk-vtk-9.4.2\build_msvc\lib\debug\vtkparalleldiy-9.4d.lib
d:\cybermed\daddy\dependency\sdk-vtk-9.4.2\build_msvc\bin\debug\vtkparalleldiy-9.4d.dll
d:\cybermed\daddy\dependency\sdk-vtk-9.4.2\build_msvc\bin\debug\vtkparalleldiy-9.4d.pdb
d:\cybermed\daddy\dependency\sdk-vtk-9.4.2\build_msvc\lib\debug\vtkparalleldiy-9.4d.exp
d:\cybermed\daddy\dependency\sdk-vtk-9.4.2\build_msvc\parallel\diy\paralleldiy.dir\debug\vtkparalleldiy-9.4d.ilk
d:\cybermed\daddy\dependency\sdk-vtk-9.4.2\build_msvc\parallel\diy\paralleldiy.dir\debug\paralleldiy.tlog\cl.command.1.tlog
d:\cybermed\daddy\dependency\sdk-vtk-9.4.2\build_msvc\parallel\diy\paralleldiy.dir\debug\paralleldiy.tlog\cl.items.tlog
d:\cybermed\daddy\dependency\sdk-vtk-9.4.2\build_msvc\parallel\diy\paralleldiy.dir\debug\paralleldiy.tlog\cl.read.1.tlog
d:\cybermed\daddy\dependency\sdk-vtk-9.4.2\build_msvc\parallel\diy\paralleldiy.dir\debug\paralleldiy.tlog\cl.write.1.tlog
d:\cybermed\daddy\dependency\sdk-vtk-9.4.2\build_msvc\parallel\diy\paralleldiy.dir\debug\paralleldiy.tlog\custombuild.command.1.tlog
d:\cybermed\daddy\dependency\sdk-vtk-9.4.2\build_msvc\parallel\diy\paralleldiy.dir\debug\paralleldiy.tlog\custombuild.read.1.tlog
d:\cybermed\daddy\dependency\sdk-vtk-9.4.2\build_msvc\parallel\diy\paralleldiy.dir\debug\paralleldiy.tlog\custombuild.write.1.tlog
d:\cybermed\daddy\dependency\sdk-vtk-9.4.2\build_msvc\parallel\diy\paralleldiy.dir\debug\paralleldiy.tlog\lib-link.read.1.tlog
d:\cybermed\daddy\dependency\sdk-vtk-9.4.2\build_msvc\parallel\diy\paralleldiy.dir\debug\paralleldiy.tlog\lib-link.write.1.tlog
d:\cybermed\daddy\dependency\sdk-vtk-9.4.2\build_msvc\parallel\diy\paralleldiy.dir\debug\paralleldiy.tlog\lib.command.1.tlog
d:\cybermed\daddy\dependency\sdk-vtk-9.4.2\build_msvc\parallel\diy\paralleldiy.dir\debug\paralleldiy.tlog\link.command.1.tlog
d:\cybermed\daddy\dependency\sdk-vtk-9.4.2\build_msvc\parallel\diy\paralleldiy.dir\debug\paralleldiy.tlog\link.read.1.tlog
d:\cybermed\daddy\dependency\sdk-vtk-9.4.2\build_msvc\parallel\diy\paralleldiy.dir\debug\paralleldiy.tlog\link.secondary.1.tlog
d:\cybermed\daddy\dependency\sdk-vtk-9.4.2\build_msvc\parallel\diy\paralleldiy.dir\debug\paralleldiy.tlog\link.write.1.tlog
