d:\cybermed\daddy\dependency\sdk-vtk-9.4.2\build_msvc\lib\debug\vtkiocgnsreader-9.4d.pdb
d:\cybermed\daddy\dependency\sdk-vtk-9.4.2\build_msvc\io\cgns\iocgnsreader.dir\debug\vtkfileserieshelper.obj
d:\cybermed\daddy\dependency\sdk-vtk-9.4.2\build_msvc\io\cgns\iocgnsreader.dir\debug\vtkcgnsreaderinternal.obj
d:\cybermed\daddy\dependency\sdk-vtk-9.4.2\build_msvc\io\cgns\iocgnsreader.dir\debug\cgio_helpers.obj
d:\cybermed\daddy\dependency\sdk-vtk-9.4.2\build_msvc\io\cgns\iocgnsreader.dir\debug\vtkconvergecfdcgnsreader.obj
d:\cybermed\daddy\dependency\sdk-vtk-9.4.2\build_msvc\io\cgns\iocgnsreader.dir\debug\vtkcgnsreader.obj
d:\cybermed\daddy\dependency\sdk-vtk-9.4.2\build_msvc\io\cgns\iocgnsreader.dir\debug\vtkcgnsfileseriesreader.obj
d:\cybermed\daddy\dependency\sdk-vtk-9.4.2\build_msvc\io\cgns\iocgnsreader.dir\debug\vc143.pdb
d:\cybermed\daddy\dependency\sdk-vtk-9.4.2\build_msvc\io\cgns\cmakefiles\generate.stamp
d:\cybermed\daddy\dependency\sdk-vtk-9.4.2\build_msvc\lib\debug\vtkiocgnsreader-9.4d.lib
d:\cybermed\daddy\dependency\sdk-vtk-9.4.2\build_msvc\bin\debug\vtkiocgnsreader-9.4d.dll
d:\cybermed\daddy\dependency\sdk-vtk-9.4.2\build_msvc\bin\debug\vtkiocgnsreader-9.4d.pdb
d:\cybermed\daddy\dependency\sdk-vtk-9.4.2\build_msvc\lib\debug\vtkiocgnsreader-9.4d.exp
d:\cybermed\daddy\dependency\sdk-vtk-9.4.2\build_msvc\io\cgns\iocgnsreader.dir\debug\vtkiocgnsreader-9.4d.ilk
d:\cybermed\daddy\dependency\sdk-vtk-9.4.2\build_msvc\io\cgns\iocgnsreader.dir\debug\iocgnsreader.tlog\cl.command.1.tlog
d:\cybermed\daddy\dependency\sdk-vtk-9.4.2\build_msvc\io\cgns\iocgnsreader.dir\debug\iocgnsreader.tlog\cl.items.tlog
d:\cybermed\daddy\dependency\sdk-vtk-9.4.2\build_msvc\io\cgns\iocgnsreader.dir\debug\iocgnsreader.tlog\cl.read.1.tlog
d:\cybermed\daddy\dependency\sdk-vtk-9.4.2\build_msvc\io\cgns\iocgnsreader.dir\debug\iocgnsreader.tlog\cl.write.1.tlog
d:\cybermed\daddy\dependency\sdk-vtk-9.4.2\build_msvc\io\cgns\iocgnsreader.dir\debug\iocgnsreader.tlog\custombuild.command.1.tlog
d:\cybermed\daddy\dependency\sdk-vtk-9.4.2\build_msvc\io\cgns\iocgnsreader.dir\debug\iocgnsreader.tlog\custombuild.read.1.tlog
d:\cybermed\daddy\dependency\sdk-vtk-9.4.2\build_msvc\io\cgns\iocgnsreader.dir\debug\iocgnsreader.tlog\custombuild.write.1.tlog
d:\cybermed\daddy\dependency\sdk-vtk-9.4.2\build_msvc\io\cgns\iocgnsreader.dir\debug\iocgnsreader.tlog\lib-link.read.1.tlog
d:\cybermed\daddy\dependency\sdk-vtk-9.4.2\build_msvc\io\cgns\iocgnsreader.dir\debug\iocgnsreader.tlog\lib-link.write.1.tlog
d:\cybermed\daddy\dependency\sdk-vtk-9.4.2\build_msvc\io\cgns\iocgnsreader.dir\debug\iocgnsreader.tlog\lib.command.1.tlog
d:\cybermed\daddy\dependency\sdk-vtk-9.4.2\build_msvc\io\cgns\iocgnsreader.dir\debug\iocgnsreader.tlog\link.command.1.tlog
d:\cybermed\daddy\dependency\sdk-vtk-9.4.2\build_msvc\io\cgns\iocgnsreader.dir\debug\iocgnsreader.tlog\link.read.1.tlog
d:\cybermed\daddy\dependency\sdk-vtk-9.4.2\build_msvc\io\cgns\iocgnsreader.dir\debug\iocgnsreader.tlog\link.secondary.1.tlog
d:\cybermed\daddy\dependency\sdk-vtk-9.4.2\build_msvc\io\cgns\iocgnsreader.dir\debug\iocgnsreader.tlog\link.write.1.tlog
