d:\cybermed\daddy\dependency\sdk-vtk-9.4.2\build_msvc\thirdparty\tiff\vtktiff\libtiff\tiff.dir\release\tif_jpeg_12.obj
d:\cybermed\daddy\dependency\sdk-vtk-9.4.2\build_msvc\thirdparty\tiff\vtktiff\libtiff\tiff.dir\release\tif_jpeg.obj
d:\cybermed\daddy\dependency\sdk-vtk-9.4.2\build_msvc\thirdparty\tiff\vtktiff\libtiff\tiff.dir\release\tif_jbig.obj
d:\cybermed\daddy\dependency\sdk-vtk-9.4.2\build_msvc\thirdparty\tiff\vtktiff\libtiff\tiff.dir\release\tif_hash_set.obj
d:\cybermed\daddy\dependency\sdk-vtk-9.4.2\build_msvc\thirdparty\tiff\vtktiff\libtiff\tiff.dir\release\tif_getimage.obj
d:\cybermed\daddy\dependency\sdk-vtk-9.4.2\build_msvc\thirdparty\tiff\vtktiff\libtiff\tiff.dir\release\tif_flush.obj
d:\cybermed\daddy\dependency\sdk-vtk-9.4.2\build_msvc\thirdparty\tiff\vtktiff\libtiff\tiff.dir\release\tif_fax3sm.obj
d:\cybermed\daddy\dependency\sdk-vtk-9.4.2\build_msvc\thirdparty\tiff\vtktiff\libtiff\tiff.dir\release\tif_fax3.obj
d:\cybermed\daddy\dependency\sdk-vtk-9.4.2\build_msvc\thirdparty\tiff\vtktiff\libtiff\tiff.dir\release\tif_extension.obj
d:\cybermed\daddy\dependency\sdk-vtk-9.4.2\build_msvc\thirdparty\tiff\vtktiff\libtiff\tiff.dir\release\tif_error.obj
d:\cybermed\daddy\dependency\sdk-vtk-9.4.2\build_msvc\thirdparty\tiff\vtktiff\libtiff\tiff.dir\release\tif_dumpmode.obj
d:\cybermed\daddy\dependency\sdk-vtk-9.4.2\build_msvc\thirdparty\tiff\vtktiff\libtiff\tiff.dir\release\tif_dirwrite.obj
d:\cybermed\daddy\dependency\sdk-vtk-9.4.2\build_msvc\thirdparty\tiff\vtktiff\libtiff\tiff.dir\release\tif_dirread.obj
d:\cybermed\daddy\dependency\sdk-vtk-9.4.2\build_msvc\thirdparty\tiff\vtktiff\libtiff\tiff.dir\release\tif_dirinfo.obj
d:\cybermed\daddy\dependency\sdk-vtk-9.4.2\build_msvc\thirdparty\tiff\vtktiff\libtiff\tiff.dir\release\tif_dir.obj
d:\cybermed\daddy\dependency\sdk-vtk-9.4.2\build_msvc\thirdparty\tiff\vtktiff\libtiff\tiff.dir\release\tif_compress.obj
d:\cybermed\daddy\dependency\sdk-vtk-9.4.2\build_msvc\thirdparty\tiff\vtktiff\libtiff\tiff.dir\release\tif_color.obj
d:\cybermed\daddy\dependency\sdk-vtk-9.4.2\build_msvc\thirdparty\tiff\vtktiff\libtiff\tiff.dir\release\tif_codec.obj
d:\cybermed\daddy\dependency\sdk-vtk-9.4.2\build_msvc\thirdparty\tiff\vtktiff\libtiff\tiff.dir\release\tif_close.obj
d:\cybermed\daddy\dependency\sdk-vtk-9.4.2\build_msvc\thirdparty\tiff\vtktiff\libtiff\tiff.dir\release\tif_aux.obj
d:\cybermed\daddy\dependency\sdk-vtk-9.4.2\build_msvc\thirdparty\tiff\vtktiff\libtiff\tiff.dir\release\tif_write.obj
d:\cybermed\daddy\dependency\sdk-vtk-9.4.2\build_msvc\thirdparty\tiff\vtktiff\libtiff\tiff.dir\release\tif_webp.obj
d:\cybermed\daddy\dependency\sdk-vtk-9.4.2\build_msvc\thirdparty\tiff\vtktiff\libtiff\tiff.dir\release\tif_warning.obj
d:\cybermed\daddy\dependency\sdk-vtk-9.4.2\build_msvc\thirdparty\tiff\vtktiff\libtiff\tiff.dir\release\tif_version.obj
d:\cybermed\daddy\dependency\sdk-vtk-9.4.2\build_msvc\thirdparty\tiff\vtktiff\libtiff\tiff.dir\release\tif_tile.obj
d:\cybermed\daddy\dependency\sdk-vtk-9.4.2\build_msvc\thirdparty\tiff\vtktiff\libtiff\tiff.dir\release\tif_thunder.obj
d:\cybermed\daddy\dependency\sdk-vtk-9.4.2\build_msvc\thirdparty\tiff\vtktiff\libtiff\tiff.dir\release\tif_swab.obj
d:\cybermed\daddy\dependency\sdk-vtk-9.4.2\build_msvc\thirdparty\tiff\vtktiff\libtiff\tiff.dir\release\tif_strip.obj
d:\cybermed\daddy\dependency\sdk-vtk-9.4.2\build_msvc\thirdparty\tiff\vtktiff\libtiff\tiff.dir\release\tif_read.obj
d:\cybermed\daddy\dependency\sdk-vtk-9.4.2\build_msvc\thirdparty\tiff\vtktiff\libtiff\tiff.dir\release\tif_print.obj
d:\cybermed\daddy\dependency\sdk-vtk-9.4.2\build_msvc\thirdparty\tiff\vtktiff\libtiff\tiff.dir\release\tif_predict.obj
d:\cybermed\daddy\dependency\sdk-vtk-9.4.2\build_msvc\thirdparty\tiff\vtktiff\libtiff\tiff.dir\release\tif_pixarlog.obj
d:\cybermed\daddy\dependency\sdk-vtk-9.4.2\build_msvc\thirdparty\tiff\vtktiff\libtiff\tiff.dir\release\tif_packbits.obj
d:\cybermed\daddy\dependency\sdk-vtk-9.4.2\build_msvc\thirdparty\tiff\vtktiff\libtiff\tiff.dir\release\tif_open.obj
d:\cybermed\daddy\dependency\sdk-vtk-9.4.2\build_msvc\thirdparty\tiff\vtktiff\libtiff\tiff.dir\release\tif_ojpeg.obj
d:\cybermed\daddy\dependency\sdk-vtk-9.4.2\build_msvc\thirdparty\tiff\vtktiff\libtiff\tiff.dir\release\tif_next.obj
d:\cybermed\daddy\dependency\sdk-vtk-9.4.2\build_msvc\thirdparty\tiff\vtktiff\libtiff\tiff.dir\release\tif_lzw.obj
d:\cybermed\daddy\dependency\sdk-vtk-9.4.2\build_msvc\thirdparty\tiff\vtktiff\libtiff\tiff.dir\release\tif_lzma.obj
d:\cybermed\daddy\dependency\sdk-vtk-9.4.2\build_msvc\thirdparty\tiff\vtktiff\libtiff\tiff.dir\release\tif_luv.obj
d:\cybermed\daddy\dependency\sdk-vtk-9.4.2\build_msvc\thirdparty\tiff\vtktiff\libtiff\tiff.dir\release\tif_lerc.obj
d:\cybermed\daddy\dependency\sdk-vtk-9.4.2\build_msvc\thirdparty\tiff\vtktiff\libtiff\tiff.dir\release\tif_win32.obj
d:\cybermed\daddy\dependency\sdk-vtk-9.4.2\build_msvc\thirdparty\tiff\vtktiff\libtiff\tiff.dir\release\tif_zstd.obj
d:\cybermed\daddy\dependency\sdk-vtk-9.4.2\build_msvc\thirdparty\tiff\vtktiff\libtiff\tiff.dir\release\tif_zip.obj
d:\cybermed\daddy\dependency\sdk-vtk-9.4.2\build_msvc\thirdparty\tiff\vtktiff\libtiff\cmakefiles\generate.stamp
d:\cybermed\daddy\dependency\sdk-vtk-9.4.2\build_msvc\bin\release\vtktiff-9.4.dll
d:\cybermed\daddy\dependency\sdk-vtk-9.4.2\build_msvc\lib\release\vtktiff-9.4.lib
d:\cybermed\daddy\dependency\sdk-vtk-9.4.2\build_msvc\lib\release\vtktiff-9.4.exp
d:\cybermed\daddy\dependency\sdk-vtk-9.4.2\build_msvc\thirdparty\tiff\vtktiff\libtiff\tiff.dir\release\tiff.tlog\cl.command.1.tlog
d:\cybermed\daddy\dependency\sdk-vtk-9.4.2\build_msvc\thirdparty\tiff\vtktiff\libtiff\tiff.dir\release\tiff.tlog\cl.items.tlog
d:\cybermed\daddy\dependency\sdk-vtk-9.4.2\build_msvc\thirdparty\tiff\vtktiff\libtiff\tiff.dir\release\tiff.tlog\cl.read.1.tlog
d:\cybermed\daddy\dependency\sdk-vtk-9.4.2\build_msvc\thirdparty\tiff\vtktiff\libtiff\tiff.dir\release\tiff.tlog\cl.write.1.tlog
d:\cybermed\daddy\dependency\sdk-vtk-9.4.2\build_msvc\thirdparty\tiff\vtktiff\libtiff\tiff.dir\release\tiff.tlog\custombuild.command.1.tlog
d:\cybermed\daddy\dependency\sdk-vtk-9.4.2\build_msvc\thirdparty\tiff\vtktiff\libtiff\tiff.dir\release\tiff.tlog\custombuild.read.1.tlog
d:\cybermed\daddy\dependency\sdk-vtk-9.4.2\build_msvc\thirdparty\tiff\vtktiff\libtiff\tiff.dir\release\tiff.tlog\custombuild.write.1.tlog
d:\cybermed\daddy\dependency\sdk-vtk-9.4.2\build_msvc\thirdparty\tiff\vtktiff\libtiff\tiff.dir\release\tiff.tlog\link.command.1.tlog
d:\cybermed\daddy\dependency\sdk-vtk-9.4.2\build_msvc\thirdparty\tiff\vtktiff\libtiff\tiff.dir\release\tiff.tlog\link.read.1.tlog
d:\cybermed\daddy\dependency\sdk-vtk-9.4.2\build_msvc\thirdparty\tiff\vtktiff\libtiff\tiff.dir\release\tiff.tlog\link.secondary.1.tlog
d:\cybermed\daddy\dependency\sdk-vtk-9.4.2\build_msvc\thirdparty\tiff\vtktiff\libtiff\tiff.dir\release\tiff.tlog\link.write.1.tlog
