d:\cybermed\daddy\dependency\sdk-vtk-9.4.2\build_msvc\rendering\freetype\renderingfreetype.dir\release\vtkvectortext.obj
d:\cybermed\daddy\dependency\sdk-vtk-9.4.2\build_msvc\rendering\freetype\renderingfreetype.dir\release\vtktextrendererstringtoimage.obj
d:\cybermed\daddy\dependency\sdk-vtk-9.4.2\build_msvc\rendering\freetype\renderingfreetype.dir\release\vtkscaledtextactor.obj
d:\cybermed\daddy\dependency\sdk-vtk-9.4.2\build_msvc\rendering\freetype\renderingfreetype.dir\release\vtkmathtextutilities.obj
d:\cybermed\daddy\dependency\sdk-vtk-9.4.2\build_msvc\rendering\freetype\renderingfreetype.dir\release\vtkmathtextfreetypetextrenderer.obj
d:\cybermed\daddy\dependency\sdk-vtk-9.4.2\build_msvc\rendering\freetype\renderingfreetype.dir\release\vtkfreetypetools.obj
d:\cybermed\daddy\dependency\sdk-vtk-9.4.2\build_msvc\rendering\freetype\renderingfreetype.dir\release\vtkfreetypestringtoimage.obj
d:\cybermed\daddy\dependency\sdk-vtk-9.4.2\build_msvc\rendering\freetype\renderingfreetype.dir\release\face_times_italic.obj
d:\cybermed\daddy\dependency\sdk-vtk-9.4.2\build_msvc\rendering\freetype\renderingfreetype.dir\release\face_times.obj
d:\cybermed\daddy\dependency\sdk-vtk-9.4.2\build_msvc\rendering\freetype\renderingfreetype.dir\release\face_times_bold_italic.obj
d:\cybermed\daddy\dependency\sdk-vtk-9.4.2\build_msvc\rendering\freetype\renderingfreetype.dir\release\face_times_bold.obj
d:\cybermed\daddy\dependency\sdk-vtk-9.4.2\build_msvc\rendering\freetype\renderingfreetype.dir\release\face_courier_italic.obj
d:\cybermed\daddy\dependency\sdk-vtk-9.4.2\build_msvc\rendering\freetype\renderingfreetype.dir\release\face_courier.obj
d:\cybermed\daddy\dependency\sdk-vtk-9.4.2\build_msvc\rendering\freetype\renderingfreetype.dir\release\face_courier_bold_italic.obj
d:\cybermed\daddy\dependency\sdk-vtk-9.4.2\build_msvc\rendering\freetype\renderingfreetype.dir\release\face_courier_bold.obj
d:\cybermed\daddy\dependency\sdk-vtk-9.4.2\build_msvc\rendering\freetype\renderingfreetype.dir\release\face_arial_italic.obj
d:\cybermed\daddy\dependency\sdk-vtk-9.4.2\build_msvc\rendering\freetype\renderingfreetype.dir\release\face_arial.obj
d:\cybermed\daddy\dependency\sdk-vtk-9.4.2\build_msvc\rendering\freetype\renderingfreetype.dir\release\face_arial_bold_italic.obj
d:\cybermed\daddy\dependency\sdk-vtk-9.4.2\build_msvc\rendering\freetype\renderingfreetype.dir\release\face_arial_bold.obj
d:\cybermed\daddy\dependency\sdk-vtk-9.4.2\build_msvc\rendering\freetype\renderingfreetype.dir\release\vtkrenderingfreetypeobjectfactory.obj
d:\cybermed\daddy\dependency\sdk-vtk-9.4.2\build_msvc\rendering\freetype\cmakefiles\generate.stamp
d:\cybermed\daddy\dependency\sdk-vtk-9.4.2\build_msvc\bin\release\vtkrenderingfreetype-9.4.dll
d:\cybermed\daddy\dependency\sdk-vtk-9.4.2\build_msvc\lib\release\vtkrenderingfreetype-9.4.lib
d:\cybermed\daddy\dependency\sdk-vtk-9.4.2\build_msvc\lib\release\vtkrenderingfreetype-9.4.exp
d:\cybermed\daddy\dependency\sdk-vtk-9.4.2\build_msvc\rendering\freetype\renderingfreetype.dir\release\renderin.3ca1eb12.tlog\cl.command.1.tlog
d:\cybermed\daddy\dependency\sdk-vtk-9.4.2\build_msvc\rendering\freetype\renderingfreetype.dir\release\renderin.3ca1eb12.tlog\cl.items.tlog
d:\cybermed\daddy\dependency\sdk-vtk-9.4.2\build_msvc\rendering\freetype\renderingfreetype.dir\release\renderin.3ca1eb12.tlog\cl.read.1.tlog
d:\cybermed\daddy\dependency\sdk-vtk-9.4.2\build_msvc\rendering\freetype\renderingfreetype.dir\release\renderin.3ca1eb12.tlog\cl.write.1.tlog
d:\cybermed\daddy\dependency\sdk-vtk-9.4.2\build_msvc\rendering\freetype\renderingfreetype.dir\release\renderin.3ca1eb12.tlog\custombuild.command.1.tlog
d:\cybermed\daddy\dependency\sdk-vtk-9.4.2\build_msvc\rendering\freetype\renderingfreetype.dir\release\renderin.3ca1eb12.tlog\custombuild.read.1.tlog
d:\cybermed\daddy\dependency\sdk-vtk-9.4.2\build_msvc\rendering\freetype\renderingfreetype.dir\release\renderin.3ca1eb12.tlog\custombuild.write.1.tlog
d:\cybermed\daddy\dependency\sdk-vtk-9.4.2\build_msvc\rendering\freetype\renderingfreetype.dir\release\renderin.3ca1eb12.tlog\link.command.1.tlog
d:\cybermed\daddy\dependency\sdk-vtk-9.4.2\build_msvc\rendering\freetype\renderingfreetype.dir\release\renderin.3ca1eb12.tlog\link.read.1.tlog
d:\cybermed\daddy\dependency\sdk-vtk-9.4.2\build_msvc\rendering\freetype\renderingfreetype.dir\release\renderin.3ca1eb12.tlog\link.secondary.1.tlog
d:\cybermed\daddy\dependency\sdk-vtk-9.4.2\build_msvc\rendering\freetype\renderingfreetype.dir\release\renderin.3ca1eb12.tlog\link.write.1.tlog
