  Building Custom Rule D:/cybermed/daddy/dependency/sdk-VTK-9.4.2/Common/ExecutionModel/CMakeLists.txt
  vtkAggregateToPartitionedDataSetCollection.cxx
  vtkAlgorithm.cxx
  vtkAlgorithmOutput.cxx
  vtkAnnotationLayersAlgorithm.cxx
  vtkArrayDataAlgorithm.cxx
  vtkCachedStreamingDemandDrivenPipeline.cxx
  vtkCastToConcrete.cxx
  vtkCellGridAlgorithm.cxx
  vtkCompositeDataPipeline.cxx
  vtkCompositeDataSetAlgorithm.cxx
  vtkDataObjectAlgorithm.cxx
  vtkDataSetAlgorithm.cxx
  vtkDemandDrivenPipeline.cxx
  vtkDirectedGraphAlgorithm.cxx
  vtkEndFor.cxx
  vtkEnsembleSource.cxx
  vtkExecutionAggregator.cxx
  vtkExecutionRange.cxx
  vtkExecutive.cxx
  vtkExplicitStructuredGridAlgorithm.cxx
  코드를 생성하고 있습니다...
  컴파일하고 있습니다...
  vtkExtentRCBPartitioner.cxx
  vtkExtentSplitter.cxx
  vtkExtentTranslator.cxx
  vtkFilteringInformationKeyManager.cxx
  vtkForEach.cxx
  vtkGraphAlgorithm.cxx
  vtkHierarchicalBoxDataSetAlgorithm.cxx
  vtkHyperTreeGridAlgorithm.cxx
  vtkImageAlgorithm.cxx
  vtkImageInPlaceFilter.cxx
  vtkImageProgressIterator.cxx
  vtkImageToStructuredGrid.cxx
  vtkImageToStructuredPoints.cxx
  vtkInformationDataObjectMetaDataKey.cxx
  vtkInformationExecutivePortKey.cxx
  vtkInformationExecutivePortVectorKey.cxx
  vtkInformationIntegerRequestKey.cxx
  vtkMoleculeAlgorithm.cxx
  vtkMultiBlockDataSetAlgorithm.cxx
  vtkMultiTimeStepAlgorithm.cxx
  코드를 생성하고 있습니다...
  컴파일하고 있습니다...
  vtkParallelReader.cxx
  vtkPartitionedDataSetAlgorithm.cxx
  vtkPartitionedDataSetCollectionAlgorithm.cxx
  vtkPassInputTypeAlgorithm.cxx
  vtkPiecewiseFunctionAlgorithm.cxx
  vtkPiecewiseFunctionShiftScale.cxx
  vtkPointSetAlgorithm.cxx
  vtkPolyDataAlgorithm.cxx
  vtkProgressObserver.cxx
  vtkReaderAlgorithm.cxx
  vtkRectilinearGridAlgorithm.cxx
  vtkSMPProgressObserver.cxx
  vtkScalarTree.cxx
  vtkSelectionAlgorithm.cxx
  vtkSimpleImageToImageFilter.cxx
  vtkSimpleReader.cxx
  vtkSimpleScalarTree.cxx
  vtkSpanSpace.cxx
  vtkSphereTree.cxx
  vtkStreamingDemandDrivenPipeline.cxx
  코드를 생성하고 있습니다...
  컴파일하고 있습니다...
  vtkStructuredGridAlgorithm.cxx
  vtkTableAlgorithm.cxx
  vtkThreadedCompositeDataPipeline.cxx
  vtkThreadedImageAlgorithm.cxx
  vtkTimeRange.cxx
  vtkTreeAlgorithm.cxx
  vtkTrivialConsumer.cxx
  vtkTrivialProducer.cxx
  vtkUndirectedGraphAlgorithm.cxx
  vtkUniformGridPartitioner.cxx
  vtkUnstructuredGridAlgorithm.cxx
  vtkUnstructuredGridBaseAlgorithm.cxx
  vtkNonOverlappingAMRAlgorithm.cxx
  vtkOverlappingAMRAlgorithm.cxx
  vtkUniformGridAMRAlgorithm.cxx
  코드를 생성하고 있습니다...
     D:/cybermed/daddy/dependency/sdk-VTK-9.4.2/build_msvc/lib/Debug/vtkCommonExecutionModel-9.4d.lib 라이브러리 및 D:/cybermed/daddy/dependency/sdk-VTK-9.4.2/build_msvc/lib/Debug/vtkCommonExecutionModel-9.4d.exp 개체를 생성하고 있습니다.
  CommonExecutionModel.vcxproj -> D:\cybermed\daddy\dependency\sdk-VTK-9.4.2\build_msvc\bin\Debug\vtkCommonExecutionModel-9.4d.dll
