d:\cybermed\daddy\dependency\sdk-vtk-9.4.2\build_msvc\lib\debug\vtkcommonexecutionmodel-9.4d.pdb
d:\cybermed\daddy\dependency\sdk-vtk-9.4.2\build_msvc\common\executionmodel\commonexecutionmodel.dir\debug\vtkexplicitstructuredgridalgorithm.obj
d:\cybermed\daddy\dependency\sdk-vtk-9.4.2\build_msvc\common\executionmodel\commonexecutionmodel.dir\debug\vtkexecutive.obj
d:\cybermed\daddy\dependency\sdk-vtk-9.4.2\build_msvc\common\executionmodel\commonexecutionmodel.dir\debug\vtkexecutionrange.obj
d:\cybermed\daddy\dependency\sdk-vtk-9.4.2\build_msvc\common\executionmodel\commonexecutionmodel.dir\debug\vtkexecutionaggregator.obj
d:\cybermed\daddy\dependency\sdk-vtk-9.4.2\build_msvc\common\executionmodel\commonexecutionmodel.dir\debug\vtkensemblesource.obj
d:\cybermed\daddy\dependency\sdk-vtk-9.4.2\build_msvc\common\executionmodel\commonexecutionmodel.dir\debug\vtkendfor.obj
d:\cybermed\daddy\dependency\sdk-vtk-9.4.2\build_msvc\common\executionmodel\commonexecutionmodel.dir\debug\vtkdirectedgraphalgorithm.obj
d:\cybermed\daddy\dependency\sdk-vtk-9.4.2\build_msvc\common\executionmodel\commonexecutionmodel.dir\debug\vtkdemanddrivenpipeline.obj
d:\cybermed\daddy\dependency\sdk-vtk-9.4.2\build_msvc\common\executionmodel\commonexecutionmodel.dir\debug\vtkdatasetalgorithm.obj
d:\cybermed\daddy\dependency\sdk-vtk-9.4.2\build_msvc\common\executionmodel\commonexecutionmodel.dir\debug\vtkdataobjectalgorithm.obj
d:\cybermed\daddy\dependency\sdk-vtk-9.4.2\build_msvc\common\executionmodel\commonexecutionmodel.dir\debug\vtkcompositedatasetalgorithm.obj
d:\cybermed\daddy\dependency\sdk-vtk-9.4.2\build_msvc\common\executionmodel\commonexecutionmodel.dir\debug\vtkcompositedatapipeline.obj
d:\cybermed\daddy\dependency\sdk-vtk-9.4.2\build_msvc\common\executionmodel\commonexecutionmodel.dir\debug\vtkcellgridalgorithm.obj
d:\cybermed\daddy\dependency\sdk-vtk-9.4.2\build_msvc\common\executionmodel\commonexecutionmodel.dir\debug\vtkcasttoconcrete.obj
d:\cybermed\daddy\dependency\sdk-vtk-9.4.2\build_msvc\common\executionmodel\commonexecutionmodel.dir\debug\vtkcachedstreamingdemanddrivenpipeline.obj
d:\cybermed\daddy\dependency\sdk-vtk-9.4.2\build_msvc\common\executionmodel\commonexecutionmodel.dir\debug\vtkarraydataalgorithm.obj
d:\cybermed\daddy\dependency\sdk-vtk-9.4.2\build_msvc\common\executionmodel\commonexecutionmodel.dir\debug\vtkannotationlayersalgorithm.obj
d:\cybermed\daddy\dependency\sdk-vtk-9.4.2\build_msvc\common\executionmodel\commonexecutionmodel.dir\debug\vtkalgorithmoutput.obj
d:\cybermed\daddy\dependency\sdk-vtk-9.4.2\build_msvc\common\executionmodel\commonexecutionmodel.dir\debug\vtkalgorithm.obj
d:\cybermed\daddy\dependency\sdk-vtk-9.4.2\build_msvc\common\executionmodel\commonexecutionmodel.dir\debug\vtkaggregatetopartitioneddatasetcollection.obj
d:\cybermed\daddy\dependency\sdk-vtk-9.4.2\build_msvc\common\executionmodel\commonexecutionmodel.dir\debug\vtkmultitimestepalgorithm.obj
d:\cybermed\daddy\dependency\sdk-vtk-9.4.2\build_msvc\common\executionmodel\commonexecutionmodel.dir\debug\vtkmultiblockdatasetalgorithm.obj
d:\cybermed\daddy\dependency\sdk-vtk-9.4.2\build_msvc\common\executionmodel\commonexecutionmodel.dir\debug\vtkmoleculealgorithm.obj
d:\cybermed\daddy\dependency\sdk-vtk-9.4.2\build_msvc\common\executionmodel\commonexecutionmodel.dir\debug\vtkinformationintegerrequestkey.obj
d:\cybermed\daddy\dependency\sdk-vtk-9.4.2\build_msvc\common\executionmodel\commonexecutionmodel.dir\debug\vtkinformationexecutiveportvectorkey.obj
d:\cybermed\daddy\dependency\sdk-vtk-9.4.2\build_msvc\common\executionmodel\commonexecutionmodel.dir\debug\vtkinformationexecutiveportkey.obj
d:\cybermed\daddy\dependency\sdk-vtk-9.4.2\build_msvc\common\executionmodel\commonexecutionmodel.dir\debug\vtkinformationdataobjectmetadatakey.obj
d:\cybermed\daddy\dependency\sdk-vtk-9.4.2\build_msvc\common\executionmodel\commonexecutionmodel.dir\debug\vtkimagetostructuredpoints.obj
d:\cybermed\daddy\dependency\sdk-vtk-9.4.2\build_msvc\common\executionmodel\commonexecutionmodel.dir\debug\vtkimagetostructuredgrid.obj
d:\cybermed\daddy\dependency\sdk-vtk-9.4.2\build_msvc\common\executionmodel\commonexecutionmodel.dir\debug\vtkimageprogressiterator.obj
d:\cybermed\daddy\dependency\sdk-vtk-9.4.2\build_msvc\common\executionmodel\commonexecutionmodel.dir\debug\vtkimageinplacefilter.obj
d:\cybermed\daddy\dependency\sdk-vtk-9.4.2\build_msvc\common\executionmodel\commonexecutionmodel.dir\debug\vtkimagealgorithm.obj
d:\cybermed\daddy\dependency\sdk-vtk-9.4.2\build_msvc\common\executionmodel\commonexecutionmodel.dir\debug\vtkhypertreegridalgorithm.obj
d:\cybermed\daddy\dependency\sdk-vtk-9.4.2\build_msvc\common\executionmodel\commonexecutionmodel.dir\debug\vtkhierarchicalboxdatasetalgorithm.obj
d:\cybermed\daddy\dependency\sdk-vtk-9.4.2\build_msvc\common\executionmodel\commonexecutionmodel.dir\debug\vtkgraphalgorithm.obj
d:\cybermed\daddy\dependency\sdk-vtk-9.4.2\build_msvc\common\executionmodel\commonexecutionmodel.dir\debug\vtkforeach.obj
d:\cybermed\daddy\dependency\sdk-vtk-9.4.2\build_msvc\common\executionmodel\commonexecutionmodel.dir\debug\vtkfilteringinformationkeymanager.obj
d:\cybermed\daddy\dependency\sdk-vtk-9.4.2\build_msvc\common\executionmodel\commonexecutionmodel.dir\debug\vtkextenttranslator.obj
d:\cybermed\daddy\dependency\sdk-vtk-9.4.2\build_msvc\common\executionmodel\commonexecutionmodel.dir\debug\vtkextentsplitter.obj
d:\cybermed\daddy\dependency\sdk-vtk-9.4.2\build_msvc\common\executionmodel\commonexecutionmodel.dir\debug\vtkextentrcbpartitioner.obj
d:\cybermed\daddy\dependency\sdk-vtk-9.4.2\build_msvc\common\executionmodel\commonexecutionmodel.dir\debug\vtkstreamingdemanddrivenpipeline.obj
d:\cybermed\daddy\dependency\sdk-vtk-9.4.2\build_msvc\common\executionmodel\commonexecutionmodel.dir\debug\vtkspheretree.obj
d:\cybermed\daddy\dependency\sdk-vtk-9.4.2\build_msvc\common\executionmodel\commonexecutionmodel.dir\debug\vtkspanspace.obj
d:\cybermed\daddy\dependency\sdk-vtk-9.4.2\build_msvc\common\executionmodel\commonexecutionmodel.dir\debug\vtksimplescalartree.obj
d:\cybermed\daddy\dependency\sdk-vtk-9.4.2\build_msvc\common\executionmodel\commonexecutionmodel.dir\debug\vtksimplereader.obj
d:\cybermed\daddy\dependency\sdk-vtk-9.4.2\build_msvc\common\executionmodel\commonexecutionmodel.dir\debug\vtksimpleimagetoimagefilter.obj
d:\cybermed\daddy\dependency\sdk-vtk-9.4.2\build_msvc\common\executionmodel\commonexecutionmodel.dir\debug\vtkselectionalgorithm.obj
d:\cybermed\daddy\dependency\sdk-vtk-9.4.2\build_msvc\common\executionmodel\commonexecutionmodel.dir\debug\vtkscalartree.obj
d:\cybermed\daddy\dependency\sdk-vtk-9.4.2\build_msvc\common\executionmodel\commonexecutionmodel.dir\debug\vtksmpprogressobserver.obj
d:\cybermed\daddy\dependency\sdk-vtk-9.4.2\build_msvc\common\executionmodel\commonexecutionmodel.dir\debug\vtkrectilineargridalgorithm.obj
d:\cybermed\daddy\dependency\sdk-vtk-9.4.2\build_msvc\common\executionmodel\commonexecutionmodel.dir\debug\vtkreaderalgorithm.obj
d:\cybermed\daddy\dependency\sdk-vtk-9.4.2\build_msvc\common\executionmodel\commonexecutionmodel.dir\debug\vtkprogressobserver.obj
d:\cybermed\daddy\dependency\sdk-vtk-9.4.2\build_msvc\common\executionmodel\commonexecutionmodel.dir\debug\vtkpolydataalgorithm.obj
d:\cybermed\daddy\dependency\sdk-vtk-9.4.2\build_msvc\common\executionmodel\commonexecutionmodel.dir\debug\vtkpointsetalgorithm.obj
d:\cybermed\daddy\dependency\sdk-vtk-9.4.2\build_msvc\common\executionmodel\commonexecutionmodel.dir\debug\vtkpiecewisefunctionshiftscale.obj
d:\cybermed\daddy\dependency\sdk-vtk-9.4.2\build_msvc\common\executionmodel\commonexecutionmodel.dir\debug\vtkpiecewisefunctionalgorithm.obj
d:\cybermed\daddy\dependency\sdk-vtk-9.4.2\build_msvc\common\executionmodel\commonexecutionmodel.dir\debug\vtkpassinputtypealgorithm.obj
d:\cybermed\daddy\dependency\sdk-vtk-9.4.2\build_msvc\common\executionmodel\commonexecutionmodel.dir\debug\vtkpartitioneddatasetcollectionalgorithm.obj
d:\cybermed\daddy\dependency\sdk-vtk-9.4.2\build_msvc\common\executionmodel\commonexecutionmodel.dir\debug\vtkpartitioneddatasetalgorithm.obj
d:\cybermed\daddy\dependency\sdk-vtk-9.4.2\build_msvc\common\executionmodel\commonexecutionmodel.dir\debug\vtkparallelreader.obj
d:\cybermed\daddy\dependency\sdk-vtk-9.4.2\build_msvc\common\executionmodel\commonexecutionmodel.dir\debug\vtkuniformgridamralgorithm.obj
d:\cybermed\daddy\dependency\sdk-vtk-9.4.2\build_msvc\common\executionmodel\commonexecutionmodel.dir\debug\vtkoverlappingamralgorithm.obj
d:\cybermed\daddy\dependency\sdk-vtk-9.4.2\build_msvc\common\executionmodel\commonexecutionmodel.dir\debug\vtknonoverlappingamralgorithm.obj
d:\cybermed\daddy\dependency\sdk-vtk-9.4.2\build_msvc\common\executionmodel\commonexecutionmodel.dir\debug\vtkunstructuredgridbasealgorithm.obj
d:\cybermed\daddy\dependency\sdk-vtk-9.4.2\build_msvc\common\executionmodel\commonexecutionmodel.dir\debug\vtkunstructuredgridalgorithm.obj
d:\cybermed\daddy\dependency\sdk-vtk-9.4.2\build_msvc\common\executionmodel\commonexecutionmodel.dir\debug\vtkuniformgridpartitioner.obj
d:\cybermed\daddy\dependency\sdk-vtk-9.4.2\build_msvc\common\executionmodel\commonexecutionmodel.dir\debug\vtkundirectedgraphalgorithm.obj
d:\cybermed\daddy\dependency\sdk-vtk-9.4.2\build_msvc\common\executionmodel\commonexecutionmodel.dir\debug\vtktrivialproducer.obj
d:\cybermed\daddy\dependency\sdk-vtk-9.4.2\build_msvc\common\executionmodel\commonexecutionmodel.dir\debug\vtktrivialconsumer.obj
d:\cybermed\daddy\dependency\sdk-vtk-9.4.2\build_msvc\common\executionmodel\commonexecutionmodel.dir\debug\vtktreealgorithm.obj
d:\cybermed\daddy\dependency\sdk-vtk-9.4.2\build_msvc\common\executionmodel\commonexecutionmodel.dir\debug\vtktimerange.obj
d:\cybermed\daddy\dependency\sdk-vtk-9.4.2\build_msvc\common\executionmodel\commonexecutionmodel.dir\debug\vtkthreadedimagealgorithm.obj
d:\cybermed\daddy\dependency\sdk-vtk-9.4.2\build_msvc\common\executionmodel\commonexecutionmodel.dir\debug\vtkthreadedcompositedatapipeline.obj
d:\cybermed\daddy\dependency\sdk-vtk-9.4.2\build_msvc\common\executionmodel\commonexecutionmodel.dir\debug\vtktablealgorithm.obj
d:\cybermed\daddy\dependency\sdk-vtk-9.4.2\build_msvc\common\executionmodel\commonexecutionmodel.dir\debug\vtkstructuredgridalgorithm.obj
d:\cybermed\daddy\dependency\sdk-vtk-9.4.2\build_msvc\common\executionmodel\commonexecutionmodel.dir\debug\vc143.pdb
d:\cybermed\daddy\dependency\sdk-vtk-9.4.2\build_msvc\common\executionmodel\cmakefiles\generate.stamp
d:\cybermed\daddy\dependency\sdk-vtk-9.4.2\build_msvc\lib\debug\vtkcommonexecutionmodel-9.4d.lib
d:\cybermed\daddy\dependency\sdk-vtk-9.4.2\build_msvc\bin\debug\vtkcommonexecutionmodel-9.4d.dll
d:\cybermed\daddy\dependency\sdk-vtk-9.4.2\build_msvc\bin\debug\vtkcommonexecutionmodel-9.4d.pdb
d:\cybermed\daddy\dependency\sdk-vtk-9.4.2\build_msvc\lib\debug\vtkcommonexecutionmodel-9.4d.exp
d:\cybermed\daddy\dependency\sdk-vtk-9.4.2\build_msvc\common\executionmodel\commonexecutionmodel.dir\debug\vtkcommonexecutionmodel-9.4d.ilk
d:\cybermed\daddy\dependency\sdk-vtk-9.4.2\build_msvc\common\executionmodel\commonexecutionmodel.dir\debug\commonex.c42165e1.tlog\cl.command.1.tlog
d:\cybermed\daddy\dependency\sdk-vtk-9.4.2\build_msvc\common\executionmodel\commonexecutionmodel.dir\debug\commonex.c42165e1.tlog\cl.items.tlog
d:\cybermed\daddy\dependency\sdk-vtk-9.4.2\build_msvc\common\executionmodel\commonexecutionmodel.dir\debug\commonex.c42165e1.tlog\cl.read.1.tlog
d:\cybermed\daddy\dependency\sdk-vtk-9.4.2\build_msvc\common\executionmodel\commonexecutionmodel.dir\debug\commonex.c42165e1.tlog\cl.write.1.tlog
d:\cybermed\daddy\dependency\sdk-vtk-9.4.2\build_msvc\common\executionmodel\commonexecutionmodel.dir\debug\commonex.c42165e1.tlog\custombuild.command.1.tlog
d:\cybermed\daddy\dependency\sdk-vtk-9.4.2\build_msvc\common\executionmodel\commonexecutionmodel.dir\debug\commonex.c42165e1.tlog\custombuild.read.1.tlog
d:\cybermed\daddy\dependency\sdk-vtk-9.4.2\build_msvc\common\executionmodel\commonexecutionmodel.dir\debug\commonex.c42165e1.tlog\custombuild.write.1.tlog
d:\cybermed\daddy\dependency\sdk-vtk-9.4.2\build_msvc\common\executionmodel\commonexecutionmodel.dir\debug\commonex.c42165e1.tlog\lib-link.read.1.tlog
d:\cybermed\daddy\dependency\sdk-vtk-9.4.2\build_msvc\common\executionmodel\commonexecutionmodel.dir\debug\commonex.c42165e1.tlog\lib-link.write.1.tlog
d:\cybermed\daddy\dependency\sdk-vtk-9.4.2\build_msvc\common\executionmodel\commonexecutionmodel.dir\debug\commonex.c42165e1.tlog\lib.command.1.tlog
d:\cybermed\daddy\dependency\sdk-vtk-9.4.2\build_msvc\common\executionmodel\commonexecutionmodel.dir\debug\commonex.c42165e1.tlog\link.command.1.tlog
d:\cybermed\daddy\dependency\sdk-vtk-9.4.2\build_msvc\common\executionmodel\commonexecutionmodel.dir\debug\commonex.c42165e1.tlog\link.read.1.tlog
d:\cybermed\daddy\dependency\sdk-vtk-9.4.2\build_msvc\common\executionmodel\commonexecutionmodel.dir\debug\commonex.c42165e1.tlog\link.secondary.1.tlog
d:\cybermed\daddy\dependency\sdk-vtk-9.4.2\build_msvc\common\executionmodel\commonexecutionmodel.dir\debug\commonex.c42165e1.tlog\link.write.1.tlog
