d:\cybermed\daddy\dependency\sdk-vtk-9.4.2\build_msvc\lib\debug\vtkiosegy-9.4d.pdb
d:\cybermed\daddy\dependency\sdk-vtk-9.4.2\build_msvc\io\segy\iosegy.dir\debug\vtksegytracereader.obj
d:\cybermed\daddy\dependency\sdk-vtk-9.4.2\build_msvc\io\segy\iosegy.dir\debug\vtksegyreaderinternal.obj
d:\cybermed\daddy\dependency\sdk-vtk-9.4.2\build_msvc\io\segy\iosegy.dir\debug\vtksegyioutils.obj
d:\cybermed\daddy\dependency\sdk-vtk-9.4.2\build_msvc\io\segy\iosegy.dir\debug\vtksegyreader.obj
d:\cybermed\daddy\dependency\sdk-vtk-9.4.2\build_msvc\io\segy\iosegy.dir\debug\vc143.pdb
d:\cybermed\daddy\dependency\sdk-vtk-9.4.2\build_msvc\io\segy\cmakefiles\generate.stamp
d:\cybermed\daddy\dependency\sdk-vtk-9.4.2\build_msvc\lib\debug\vtkiosegy-9.4d.lib
d:\cybermed\daddy\dependency\sdk-vtk-9.4.2\build_msvc\bin\debug\vtkiosegy-9.4d.dll
d:\cybermed\daddy\dependency\sdk-vtk-9.4.2\build_msvc\bin\debug\vtkiosegy-9.4d.pdb
d:\cybermed\daddy\dependency\sdk-vtk-9.4.2\build_msvc\lib\debug\vtkiosegy-9.4d.exp
d:\cybermed\daddy\dependency\sdk-vtk-9.4.2\build_msvc\io\segy\iosegy.dir\debug\vtkiosegy-9.4d.ilk
d:\cybermed\daddy\dependency\sdk-vtk-9.4.2\build_msvc\io\segy\iosegy.dir\debug\iosegy.tlog\cl.command.1.tlog
d:\cybermed\daddy\dependency\sdk-vtk-9.4.2\build_msvc\io\segy\iosegy.dir\debug\iosegy.tlog\cl.items.tlog
d:\cybermed\daddy\dependency\sdk-vtk-9.4.2\build_msvc\io\segy\iosegy.dir\debug\iosegy.tlog\cl.read.1.tlog
d:\cybermed\daddy\dependency\sdk-vtk-9.4.2\build_msvc\io\segy\iosegy.dir\debug\iosegy.tlog\cl.write.1.tlog
d:\cybermed\daddy\dependency\sdk-vtk-9.4.2\build_msvc\io\segy\iosegy.dir\debug\iosegy.tlog\custombuild.command.1.tlog
d:\cybermed\daddy\dependency\sdk-vtk-9.4.2\build_msvc\io\segy\iosegy.dir\debug\iosegy.tlog\custombuild.read.1.tlog
d:\cybermed\daddy\dependency\sdk-vtk-9.4.2\build_msvc\io\segy\iosegy.dir\debug\iosegy.tlog\custombuild.write.1.tlog
d:\cybermed\daddy\dependency\sdk-vtk-9.4.2\build_msvc\io\segy\iosegy.dir\debug\iosegy.tlog\lib-link.read.1.tlog
d:\cybermed\daddy\dependency\sdk-vtk-9.4.2\build_msvc\io\segy\iosegy.dir\debug\iosegy.tlog\lib-link.write.1.tlog
d:\cybermed\daddy\dependency\sdk-vtk-9.4.2\build_msvc\io\segy\iosegy.dir\debug\iosegy.tlog\lib.command.1.tlog
d:\cybermed\daddy\dependency\sdk-vtk-9.4.2\build_msvc\io\segy\iosegy.dir\debug\iosegy.tlog\link.command.1.tlog
d:\cybermed\daddy\dependency\sdk-vtk-9.4.2\build_msvc\io\segy\iosegy.dir\debug\iosegy.tlog\link.read.1.tlog
d:\cybermed\daddy\dependency\sdk-vtk-9.4.2\build_msvc\io\segy\iosegy.dir\debug\iosegy.tlog\link.secondary.1.tlog
d:\cybermed\daddy\dependency\sdk-vtk-9.4.2\build_msvc\io\segy\iosegy.dir\debug\iosegy.tlog\link.write.1.tlog
