d:\cybermed\daddy\dependency\sdk-vtk-9.4.2\build_msvc\lib\debug\vtkfiltersreduction-9.4d.pdb
d:\cybermed\daddy\dependency\sdk-vtk-9.4.2\build_msvc\filters\reduction\filtersreduction.dir\debug\vtktoimplicittypeerasurestrategy.obj
d:\cybermed\daddy\dependency\sdk-vtk-9.4.2\build_msvc\filters\reduction\filtersreduction.dir\debug\vtktoimplicitstrategy.obj
d:\cybermed\daddy\dependency\sdk-vtk-9.4.2\build_msvc\filters\reduction\filtersreduction.dir\debug\vtktoimplicitramerdouglaspeuckerstrategy.obj
d:\cybermed\daddy\dependency\sdk-vtk-9.4.2\build_msvc\filters\reduction\filtersreduction.dir\debug\vtktoimplicitarrayfilter.obj
d:\cybermed\daddy\dependency\sdk-vtk-9.4.2\build_msvc\filters\reduction\filtersreduction.dir\debug\vtktoconstantarraystrategy.obj
d:\cybermed\daddy\dependency\sdk-vtk-9.4.2\build_msvc\filters\reduction\filtersreduction.dir\debug\vtktoaffinearraystrategy.obj
d:\cybermed\daddy\dependency\sdk-vtk-9.4.2\build_msvc\filters\reduction\filtersreduction.dir\debug\vc143.pdb
d:\cybermed\daddy\dependency\sdk-vtk-9.4.2\build_msvc\filters\reduction\cmakefiles\generate.stamp
d:\cybermed\daddy\dependency\sdk-vtk-9.4.2\build_msvc\lib\debug\vtkfiltersreduction-9.4d.lib
d:\cybermed\daddy\dependency\sdk-vtk-9.4.2\build_msvc\bin\debug\vtkfiltersreduction-9.4d.dll
d:\cybermed\daddy\dependency\sdk-vtk-9.4.2\build_msvc\bin\debug\vtkfiltersreduction-9.4d.pdb
d:\cybermed\daddy\dependency\sdk-vtk-9.4.2\build_msvc\lib\debug\vtkfiltersreduction-9.4d.exp
d:\cybermed\daddy\dependency\sdk-vtk-9.4.2\build_msvc\filters\reduction\filtersreduction.dir\debug\vtkfiltersreduction-9.4d.ilk
d:\cybermed\daddy\dependency\sdk-vtk-9.4.2\build_msvc\filters\reduction\filtersreduction.dir\debug\filtersreduction.tlog\cl.command.1.tlog
d:\cybermed\daddy\dependency\sdk-vtk-9.4.2\build_msvc\filters\reduction\filtersreduction.dir\debug\filtersreduction.tlog\cl.items.tlog
d:\cybermed\daddy\dependency\sdk-vtk-9.4.2\build_msvc\filters\reduction\filtersreduction.dir\debug\filtersreduction.tlog\cl.read.1.tlog
d:\cybermed\daddy\dependency\sdk-vtk-9.4.2\build_msvc\filters\reduction\filtersreduction.dir\debug\filtersreduction.tlog\cl.write.1.tlog
d:\cybermed\daddy\dependency\sdk-vtk-9.4.2\build_msvc\filters\reduction\filtersreduction.dir\debug\filtersreduction.tlog\custombuild.command.1.tlog
d:\cybermed\daddy\dependency\sdk-vtk-9.4.2\build_msvc\filters\reduction\filtersreduction.dir\debug\filtersreduction.tlog\custombuild.read.1.tlog
d:\cybermed\daddy\dependency\sdk-vtk-9.4.2\build_msvc\filters\reduction\filtersreduction.dir\debug\filtersreduction.tlog\custombuild.write.1.tlog
d:\cybermed\daddy\dependency\sdk-vtk-9.4.2\build_msvc\filters\reduction\filtersreduction.dir\debug\filtersreduction.tlog\lib-link.read.1.tlog
d:\cybermed\daddy\dependency\sdk-vtk-9.4.2\build_msvc\filters\reduction\filtersreduction.dir\debug\filtersreduction.tlog\lib-link.write.1.tlog
d:\cybermed\daddy\dependency\sdk-vtk-9.4.2\build_msvc\filters\reduction\filtersreduction.dir\debug\filtersreduction.tlog\lib.command.1.tlog
d:\cybermed\daddy\dependency\sdk-vtk-9.4.2\build_msvc\filters\reduction\filtersreduction.dir\debug\filtersreduction.tlog\link.command.1.tlog
d:\cybermed\daddy\dependency\sdk-vtk-9.4.2\build_msvc\filters\reduction\filtersreduction.dir\debug\filtersreduction.tlog\link.read.1.tlog
d:\cybermed\daddy\dependency\sdk-vtk-9.4.2\build_msvc\filters\reduction\filtersreduction.dir\debug\filtersreduction.tlog\link.secondary.1.tlog
d:\cybermed\daddy\dependency\sdk-vtk-9.4.2\build_msvc\filters\reduction\filtersreduction.dir\debug\filtersreduction.tlog\link.write.1.tlog
