d:\cybermed\daddy\dependency\sdk-vtk-9.4.2\build_msvc\lib\debug\vtkfiltersgeometry-9.4d.pdb
d:\cybermed\daddy\dependency\sdk-vtk-9.4.2\build_msvc\filters\geometry\filtersgeometry.dir\debug\vtkstructuredgridgeometryfilter.obj
d:\cybermed\daddy\dependency\sdk-vtk-9.4.2\build_msvc\filters\geometry\filtersgeometry.dir\debug\vtkstructuredgridconnectivity.obj
d:\cybermed\daddy\dependency\sdk-vtk-9.4.2\build_msvc\filters\geometry\filtersgeometry.dir\debug\vtkstructuredamrneighbor.obj
d:\cybermed\daddy\dependency\sdk-vtk-9.4.2\build_msvc\filters\geometry\filtersgeometry.dir\debug\vtkstructuredamrgridconnectivity.obj
d:\cybermed\daddy\dependency\sdk-vtk-9.4.2\build_msvc\filters\geometry\filtersgeometry.dir\debug\vtkrectilineargridpartitioner.obj
d:\cybermed\daddy\dependency\sdk-vtk-9.4.2\build_msvc\filters\geometry\filtersgeometry.dir\debug\vtkrectilineargridgeometryfilter.obj
d:\cybermed\daddy\dependency\sdk-vtk-9.4.2\build_msvc\filters\geometry\filtersgeometry.dir\debug\vtkrecovergeometrywireframe.obj
d:\cybermed\daddy\dependency\sdk-vtk-9.4.2\build_msvc\filters\geometry\filtersgeometry.dir\debug\vtkprojectspherefilter.obj
d:\cybermed\daddy\dependency\sdk-vtk-9.4.2\build_msvc\filters\geometry\filtersgeometry.dir\debug\vtkmarkboundaryfilter.obj
d:\cybermed\daddy\dependency\sdk-vtk-9.4.2\build_msvc\filters\geometry\filtersgeometry.dir\debug\vtklineartoquadraticcellsfilter.obj
d:\cybermed\daddy\dependency\sdk-vtk-9.4.2\build_msvc\filters\geometry\filtersgeometry.dir\debug\vtkimagedatatouniformgrid.obj
d:\cybermed\daddy\dependency\sdk-vtk-9.4.2\build_msvc\filters\geometry\filtersgeometry.dir\debug\vtkimagedatageometryfilter.obj
d:\cybermed\daddy\dependency\sdk-vtk-9.4.2\build_msvc\filters\geometry\filtersgeometry.dir\debug\vtkhierarchicaldatasetgeometryfilter.obj
d:\cybermed\daddy\dependency\sdk-vtk-9.4.2\build_msvc\filters\geometry\filtersgeometry.dir\debug\vtkgeometryfilter.obj
d:\cybermed\daddy\dependency\sdk-vtk-9.4.2\build_msvc\filters\geometry\filtersgeometry.dir\debug\vtkexplicitstructuredgridsurfacefilter.obj
d:\cybermed\daddy\dependency\sdk-vtk-9.4.2\build_msvc\filters\geometry\filtersgeometry.dir\debug\vtkdatasetsurfacefilter.obj
d:\cybermed\daddy\dependency\sdk-vtk-9.4.2\build_msvc\filters\geometry\filtersgeometry.dir\debug\vtkdatasetregionsurfacefilter.obj
d:\cybermed\daddy\dependency\sdk-vtk-9.4.2\build_msvc\filters\geometry\filtersgeometry.dir\debug\vtkcompositedatageometryfilter.obj
d:\cybermed\daddy\dependency\sdk-vtk-9.4.2\build_msvc\filters\geometry\filtersgeometry.dir\debug\vtkattributesmoothingfilter.obj
d:\cybermed\daddy\dependency\sdk-vtk-9.4.2\build_msvc\filters\geometry\filtersgeometry.dir\debug\vtkabstractgridconnectivity.obj
d:\cybermed\daddy\dependency\sdk-vtk-9.4.2\build_msvc\filters\geometry\filtersgeometry.dir\debug\vtkunstructuredgridgeometryfilter.obj
d:\cybermed\daddy\dependency\sdk-vtk-9.4.2\build_msvc\filters\geometry\filtersgeometry.dir\debug\vtkstructuredpointsgeometryfilter.obj
d:\cybermed\daddy\dependency\sdk-vtk-9.4.2\build_msvc\filters\geometry\filtersgeometry.dir\debug\vtkstructuredneighbor.obj
d:\cybermed\daddy\dependency\sdk-vtk-9.4.2\build_msvc\filters\geometry\filtersgeometry.dir\debug\vtkstructuredgridpartitioner.obj
d:\cybermed\daddy\dependency\sdk-vtk-9.4.2\build_msvc\filters\geometry\filtersgeometry.dir\debug\vc143.pdb
d:\cybermed\daddy\dependency\sdk-vtk-9.4.2\build_msvc\filters\geometry\cmakefiles\generate.stamp
d:\cybermed\daddy\dependency\sdk-vtk-9.4.2\build_msvc\lib\debug\vtkfiltersgeometry-9.4d.lib
d:\cybermed\daddy\dependency\sdk-vtk-9.4.2\build_msvc\bin\debug\vtkfiltersgeometry-9.4d.dll
d:\cybermed\daddy\dependency\sdk-vtk-9.4.2\build_msvc\bin\debug\vtkfiltersgeometry-9.4d.pdb
d:\cybermed\daddy\dependency\sdk-vtk-9.4.2\build_msvc\lib\debug\vtkfiltersgeometry-9.4d.exp
d:\cybermed\daddy\dependency\sdk-vtk-9.4.2\build_msvc\filters\geometry\filtersgeometry.dir\debug\vtkfiltersgeometry-9.4d.ilk
d:\cybermed\daddy\dependency\sdk-vtk-9.4.2\build_msvc\filters\geometry\filtersgeometry.dir\debug\filtersgeometry.tlog\cl.command.1.tlog
d:\cybermed\daddy\dependency\sdk-vtk-9.4.2\build_msvc\filters\geometry\filtersgeometry.dir\debug\filtersgeometry.tlog\cl.items.tlog
d:\cybermed\daddy\dependency\sdk-vtk-9.4.2\build_msvc\filters\geometry\filtersgeometry.dir\debug\filtersgeometry.tlog\cl.read.1.tlog
d:\cybermed\daddy\dependency\sdk-vtk-9.4.2\build_msvc\filters\geometry\filtersgeometry.dir\debug\filtersgeometry.tlog\cl.write.1.tlog
d:\cybermed\daddy\dependency\sdk-vtk-9.4.2\build_msvc\filters\geometry\filtersgeometry.dir\debug\filtersgeometry.tlog\custombuild.command.1.tlog
d:\cybermed\daddy\dependency\sdk-vtk-9.4.2\build_msvc\filters\geometry\filtersgeometry.dir\debug\filtersgeometry.tlog\custombuild.read.1.tlog
d:\cybermed\daddy\dependency\sdk-vtk-9.4.2\build_msvc\filters\geometry\filtersgeometry.dir\debug\filtersgeometry.tlog\custombuild.write.1.tlog
d:\cybermed\daddy\dependency\sdk-vtk-9.4.2\build_msvc\filters\geometry\filtersgeometry.dir\debug\filtersgeometry.tlog\lib-link.read.1.tlog
d:\cybermed\daddy\dependency\sdk-vtk-9.4.2\build_msvc\filters\geometry\filtersgeometry.dir\debug\filtersgeometry.tlog\lib-link.write.1.tlog
d:\cybermed\daddy\dependency\sdk-vtk-9.4.2\build_msvc\filters\geometry\filtersgeometry.dir\debug\filtersgeometry.tlog\lib.command.1.tlog
d:\cybermed\daddy\dependency\sdk-vtk-9.4.2\build_msvc\filters\geometry\filtersgeometry.dir\debug\filtersgeometry.tlog\link.command.1.tlog
d:\cybermed\daddy\dependency\sdk-vtk-9.4.2\build_msvc\filters\geometry\filtersgeometry.dir\debug\filtersgeometry.tlog\link.read.1.tlog
d:\cybermed\daddy\dependency\sdk-vtk-9.4.2\build_msvc\filters\geometry\filtersgeometry.dir\debug\filtersgeometry.tlog\link.secondary.1.tlog
d:\cybermed\daddy\dependency\sdk-vtk-9.4.2\build_msvc\filters\geometry\filtersgeometry.dir\debug\filtersgeometry.tlog\link.write.1.tlog
