d:\cybermed\daddy\dependency\sdk-vtk-9.4.2\build_msvc\lib\debug\vtkfilterssmp-9.4d.pdb
d:\cybermed\daddy\dependency\sdk-vtk-9.4.2\build_msvc\filters\smp\filterssmp.dir\debug\vtksmpmergepolydatahelper.obj
d:\cybermed\daddy\dependency\sdk-vtk-9.4.2\build_msvc\filters\smp\filterssmp.dir\debug\vtksmpmergepoints.obj
d:\cybermed\daddy\dependency\sdk-vtk-9.4.2\build_msvc\filters\smp\filterssmp.dir\debug\vtksmpcontourgrid.obj
d:\cybermed\daddy\dependency\sdk-vtk-9.4.2\build_msvc\filters\smp\filterssmp.dir\debug\vc143.pdb
d:\cybermed\daddy\dependency\sdk-vtk-9.4.2\build_msvc\filters\smp\cmakefiles\generate.stamp
d:\cybermed\daddy\dependency\sdk-vtk-9.4.2\build_msvc\lib\debug\vtkfilterssmp-9.4d.lib
d:\cybermed\daddy\dependency\sdk-vtk-9.4.2\build_msvc\bin\debug\vtkfilterssmp-9.4d.dll
d:\cybermed\daddy\dependency\sdk-vtk-9.4.2\build_msvc\bin\debug\vtkfilterssmp-9.4d.pdb
d:\cybermed\daddy\dependency\sdk-vtk-9.4.2\build_msvc\lib\debug\vtkfilterssmp-9.4d.exp
d:\cybermed\daddy\dependency\sdk-vtk-9.4.2\build_msvc\filters\smp\filterssmp.dir\debug\vtkfilterssmp-9.4d.ilk
d:\cybermed\daddy\dependency\sdk-vtk-9.4.2\build_msvc\filters\smp\filterssmp.dir\debug\filterssmp.tlog\cl.command.1.tlog
d:\cybermed\daddy\dependency\sdk-vtk-9.4.2\build_msvc\filters\smp\filterssmp.dir\debug\filterssmp.tlog\cl.items.tlog
d:\cybermed\daddy\dependency\sdk-vtk-9.4.2\build_msvc\filters\smp\filterssmp.dir\debug\filterssmp.tlog\cl.read.1.tlog
d:\cybermed\daddy\dependency\sdk-vtk-9.4.2\build_msvc\filters\smp\filterssmp.dir\debug\filterssmp.tlog\cl.write.1.tlog
d:\cybermed\daddy\dependency\sdk-vtk-9.4.2\build_msvc\filters\smp\filterssmp.dir\debug\filterssmp.tlog\custombuild.command.1.tlog
d:\cybermed\daddy\dependency\sdk-vtk-9.4.2\build_msvc\filters\smp\filterssmp.dir\debug\filterssmp.tlog\custombuild.read.1.tlog
d:\cybermed\daddy\dependency\sdk-vtk-9.4.2\build_msvc\filters\smp\filterssmp.dir\debug\filterssmp.tlog\custombuild.write.1.tlog
d:\cybermed\daddy\dependency\sdk-vtk-9.4.2\build_msvc\filters\smp\filterssmp.dir\debug\filterssmp.tlog\lib-link.read.1.tlog
d:\cybermed\daddy\dependency\sdk-vtk-9.4.2\build_msvc\filters\smp\filterssmp.dir\debug\filterssmp.tlog\lib-link.write.1.tlog
d:\cybermed\daddy\dependency\sdk-vtk-9.4.2\build_msvc\filters\smp\filterssmp.dir\debug\filterssmp.tlog\lib.command.1.tlog
d:\cybermed\daddy\dependency\sdk-vtk-9.4.2\build_msvc\filters\smp\filterssmp.dir\debug\filterssmp.tlog\link.command.1.tlog
d:\cybermed\daddy\dependency\sdk-vtk-9.4.2\build_msvc\filters\smp\filterssmp.dir\debug\filterssmp.tlog\link.read.1.tlog
d:\cybermed\daddy\dependency\sdk-vtk-9.4.2\build_msvc\filters\smp\filterssmp.dir\debug\filterssmp.tlog\link.secondary.1.tlog
d:\cybermed\daddy\dependency\sdk-vtk-9.4.2\build_msvc\filters\smp\filterssmp.dir\debug\filterssmp.tlog\link.write.1.tlog
