d:\cybermed\daddy\dependency\sdk-vtk-9.4.2\build_msvc\domains\chemistry\domainschemistry.dir\release\vtksimplebondperceiver.obj
d:\cybermed\daddy\dependency\sdk-vtk-9.4.2\build_msvc\domains\chemistry\domainschemistry.dir\release\vtkproteinribbonfilter.obj
d:\cybermed\daddy\dependency\sdk-vtk-9.4.2\build_msvc\domains\chemistry\domainschemistry.dir\release\vtkprogrammableelectronicdata.obj
d:\cybermed\daddy\dependency\sdk-vtk-9.4.2\build_msvc\domains\chemistry\domainschemistry.dir\release\vtkpointsettomoleculefilter.obj
d:\cybermed\daddy\dependency\sdk-vtk-9.4.2\build_msvc\domains\chemistry\domainschemistry.dir\release\vtkperiodictable.obj
d:\cybermed\daddy\dependency\sdk-vtk-9.4.2\build_msvc\domains\chemistry\domainschemistry.dir\release\vtkmoleculetopolydatafilter.obj
d:\cybermed\daddy\dependency\sdk-vtk-9.4.2\build_msvc\domains\chemistry\domainschemistry.dir\release\vtkmoleculetolinesfilter.obj
d:\cybermed\daddy\dependency\sdk-vtk-9.4.2\build_msvc\domains\chemistry\domainschemistry.dir\release\vtkmoleculetobondstickfilter.obj
d:\cybermed\daddy\dependency\sdk-vtk-9.4.2\build_msvc\domains\chemistry\domainschemistry.dir\release\vtkmoleculetoatomballfilter.obj
d:\cybermed\daddy\dependency\sdk-vtk-9.4.2\build_msvc\domains\chemistry\domainschemistry.dir\release\vtkmoleculemapper.obj
d:\cybermed\daddy\dependency\sdk-vtk-9.4.2\build_msvc\domains\chemistry\domainschemistry.dir\release\vtkblueobeliskdataparser.obj
d:\cybermed\daddy\dependency\sdk-vtk-9.4.2\build_msvc\domains\chemistry\domainschemistry.dir\release\vtkblueobeliskdata.obj
d:\cybermed\daddy\dependency\sdk-vtk-9.4.2\build_msvc\domains\chemistry\cmakefiles\generate.stamp
d:\cybermed\daddy\dependency\sdk-vtk-9.4.2\build_msvc\bin\release\vtkdomainschemistry-9.4.dll
d:\cybermed\daddy\dependency\sdk-vtk-9.4.2\build_msvc\lib\release\vtkdomainschemistry-9.4.lib
d:\cybermed\daddy\dependency\sdk-vtk-9.4.2\build_msvc\lib\release\vtkdomainschemistry-9.4.exp
d:\cybermed\daddy\dependency\sdk-vtk-9.4.2\build_msvc\domains\chemistry\domainschemistry.dir\release\domainschemistry.tlog\cl.command.1.tlog
d:\cybermed\daddy\dependency\sdk-vtk-9.4.2\build_msvc\domains\chemistry\domainschemistry.dir\release\domainschemistry.tlog\cl.items.tlog
d:\cybermed\daddy\dependency\sdk-vtk-9.4.2\build_msvc\domains\chemistry\domainschemistry.dir\release\domainschemistry.tlog\cl.read.1.tlog
d:\cybermed\daddy\dependency\sdk-vtk-9.4.2\build_msvc\domains\chemistry\domainschemistry.dir\release\domainschemistry.tlog\cl.write.1.tlog
d:\cybermed\daddy\dependency\sdk-vtk-9.4.2\build_msvc\domains\chemistry\domainschemistry.dir\release\domainschemistry.tlog\custombuild.command.1.tlog
d:\cybermed\daddy\dependency\sdk-vtk-9.4.2\build_msvc\domains\chemistry\domainschemistry.dir\release\domainschemistry.tlog\custombuild.read.1.tlog
d:\cybermed\daddy\dependency\sdk-vtk-9.4.2\build_msvc\domains\chemistry\domainschemistry.dir\release\domainschemistry.tlog\custombuild.write.1.tlog
d:\cybermed\daddy\dependency\sdk-vtk-9.4.2\build_msvc\domains\chemistry\domainschemistry.dir\release\domainschemistry.tlog\link.command.1.tlog
d:\cybermed\daddy\dependency\sdk-vtk-9.4.2\build_msvc\domains\chemistry\domainschemistry.dir\release\domainschemistry.tlog\link.read.1.tlog
d:\cybermed\daddy\dependency\sdk-vtk-9.4.2\build_msvc\domains\chemistry\domainschemistry.dir\release\domainschemistry.tlog\link.secondary.1.tlog
d:\cybermed\daddy\dependency\sdk-vtk-9.4.2\build_msvc\domains\chemistry\domainschemistry.dir\release\domainschemistry.tlog\link.write.1.tlog
