d:\cybermed\daddy\dependency\sdk-vtk-9.4.2\build_msvc\lib\debug\vtkiofluentcff-9.4d.pdb
d:\cybermed\daddy\dependency\sdk-vtk-9.4.2\build_msvc\io\fluentcff\iofluentcff.dir\debug\vtkfluentcffreader.obj
d:\cybermed\daddy\dependency\sdk-vtk-9.4.2\build_msvc\io\fluentcff\iofluentcff.dir\debug\vc143.pdb
d:\cybermed\daddy\dependency\sdk-vtk-9.4.2\build_msvc\io\fluentcff\cmakefiles\generate.stamp
d:\cybermed\daddy\dependency\sdk-vtk-9.4.2\build_msvc\lib\debug\vtkiofluentcff-9.4d.lib
d:\cybermed\daddy\dependency\sdk-vtk-9.4.2\build_msvc\bin\debug\vtkiofluentcff-9.4d.dll
d:\cybermed\daddy\dependency\sdk-vtk-9.4.2\build_msvc\bin\debug\vtkiofluentcff-9.4d.pdb
d:\cybermed\daddy\dependency\sdk-vtk-9.4.2\build_msvc\lib\debug\vtkiofluentcff-9.4d.exp
d:\cybermed\daddy\dependency\sdk-vtk-9.4.2\build_msvc\io\fluentcff\iofluentcff.dir\debug\vtkiofluentcff-9.4d.ilk
d:\cybermed\daddy\dependency\sdk-vtk-9.4.2\build_msvc\io\fluentcff\iofluentcff.dir\debug\iofluentcff.tlog\cl.command.1.tlog
d:\cybermed\daddy\dependency\sdk-vtk-9.4.2\build_msvc\io\fluentcff\iofluentcff.dir\debug\iofluentcff.tlog\cl.items.tlog
d:\cybermed\daddy\dependency\sdk-vtk-9.4.2\build_msvc\io\fluentcff\iofluentcff.dir\debug\iofluentcff.tlog\cl.read.1.tlog
d:\cybermed\daddy\dependency\sdk-vtk-9.4.2\build_msvc\io\fluentcff\iofluentcff.dir\debug\iofluentcff.tlog\cl.write.1.tlog
d:\cybermed\daddy\dependency\sdk-vtk-9.4.2\build_msvc\io\fluentcff\iofluentcff.dir\debug\iofluentcff.tlog\custombuild.command.1.tlog
d:\cybermed\daddy\dependency\sdk-vtk-9.4.2\build_msvc\io\fluentcff\iofluentcff.dir\debug\iofluentcff.tlog\custombuild.read.1.tlog
d:\cybermed\daddy\dependency\sdk-vtk-9.4.2\build_msvc\io\fluentcff\iofluentcff.dir\debug\iofluentcff.tlog\custombuild.write.1.tlog
d:\cybermed\daddy\dependency\sdk-vtk-9.4.2\build_msvc\io\fluentcff\iofluentcff.dir\debug\iofluentcff.tlog\lib-link.read.1.tlog
d:\cybermed\daddy\dependency\sdk-vtk-9.4.2\build_msvc\io\fluentcff\iofluentcff.dir\debug\iofluentcff.tlog\lib-link.write.1.tlog
d:\cybermed\daddy\dependency\sdk-vtk-9.4.2\build_msvc\io\fluentcff\iofluentcff.dir\debug\iofluentcff.tlog\lib.command.1.tlog
d:\cybermed\daddy\dependency\sdk-vtk-9.4.2\build_msvc\io\fluentcff\iofluentcff.dir\debug\iofluentcff.tlog\link.command.1.tlog
d:\cybermed\daddy\dependency\sdk-vtk-9.4.2\build_msvc\io\fluentcff\iofluentcff.dir\debug\iofluentcff.tlog\link.read.1.tlog
d:\cybermed\daddy\dependency\sdk-vtk-9.4.2\build_msvc\io\fluentcff\iofluentcff.dir\debug\iofluentcff.tlog\link.secondary.1.tlog
d:\cybermed\daddy\dependency\sdk-vtk-9.4.2\build_msvc\io\fluentcff\iofluentcff.dir\debug\iofluentcff.tlog\link.write.1.tlog
