d:\cybermed\daddy\dependency\dcmtk-dcmtk-3.6.8\build_msvc\dcmpmap\libsrc\dcmpmap.dir\debug\vc143.pdb
d:\cybermed\daddy\dependency\dcmtk-dcmtk-3.6.8\build_msvc\dcmpmap\libsrc\dcmpmap.dir\debug\dpmtypes.obj
d:\cybermed\daddy\dependency\dcmtk-dcmtk-3.6.8\build_msvc\dcmpmap\libsrc\dcmpmap.dir\debug\dpmparametricmapiod.obj
d:\cybermed\daddy\dependency\dcmtk-dcmtk-3.6.8\build_msvc\dcmpmap\libsrc\dcmpmap.dir\debug\dpmparametricmapbase.obj
d:\cybermed\daddy\dependency\dcmtk-dcmtk-3.6.8\build_msvc\dcmpmap\libsrc\dcmpmap.dir\debug\dpmmodparametricmapseries.obj
d:\cybermed\daddy\dependency\dcmtk-dcmtk-3.6.8\build_msvc\dcmpmap\libsrc\dcmpmap.dir\debug\dpmmodparametricmapimage.obj
d:\cybermed\daddy\dependency\dcmtk-dcmtk-3.6.8\build_msvc\dcmpmap\libsrc\cmakefiles\generate.stamp
d:\cybermed\daddy\dependency\dcmtk-dcmtk-3.6.8\build_msvc\lib\debug\dcmpmap.lib
d:\cybermed\daddy\dependency\dcmtk-dcmtk-3.6.8\build_msvc\bin\debug\dcmpmap.dll
d:\cybermed\daddy\dependency\dcmtk-dcmtk-3.6.8\build_msvc\bin\debug\dcmpmap.pdb
d:\cybermed\daddy\dependency\dcmtk-dcmtk-3.6.8\build_msvc\lib\debug\dcmpmap.exp
d:\cybermed\daddy\dependency\dcmtk-dcmtk-3.6.8\build_msvc\dcmpmap\libsrc\dcmpmap.dir\debug\dcmpmap.ilk
d:\cybermed\daddy\dependency\dcmtk-dcmtk-3.6.8\build_msvc\dcmpmap\libsrc\dcmpmap.dir\debug\dcmpmap.tlog\cl.command.1.tlog
d:\cybermed\daddy\dependency\dcmtk-dcmtk-3.6.8\build_msvc\dcmpmap\libsrc\dcmpmap.dir\debug\dcmpmap.tlog\cl.items.tlog
d:\cybermed\daddy\dependency\dcmtk-dcmtk-3.6.8\build_msvc\dcmpmap\libsrc\dcmpmap.dir\debug\dcmpmap.tlog\cl.read.1.tlog
d:\cybermed\daddy\dependency\dcmtk-dcmtk-3.6.8\build_msvc\dcmpmap\libsrc\dcmpmap.dir\debug\dcmpmap.tlog\cl.write.1.tlog
d:\cybermed\daddy\dependency\dcmtk-dcmtk-3.6.8\build_msvc\dcmpmap\libsrc\dcmpmap.dir\debug\dcmpmap.tlog\custombuild.command.1.tlog
d:\cybermed\daddy\dependency\dcmtk-dcmtk-3.6.8\build_msvc\dcmpmap\libsrc\dcmpmap.dir\debug\dcmpmap.tlog\custombuild.read.1.tlog
d:\cybermed\daddy\dependency\dcmtk-dcmtk-3.6.8\build_msvc\dcmpmap\libsrc\dcmpmap.dir\debug\dcmpmap.tlog\custombuild.write.1.tlog
d:\cybermed\daddy\dependency\dcmtk-dcmtk-3.6.8\build_msvc\dcmpmap\libsrc\dcmpmap.dir\debug\dcmpmap.tlog\lib-link.read.1.tlog
d:\cybermed\daddy\dependency\dcmtk-dcmtk-3.6.8\build_msvc\dcmpmap\libsrc\dcmpmap.dir\debug\dcmpmap.tlog\lib-link.write.1.tlog
d:\cybermed\daddy\dependency\dcmtk-dcmtk-3.6.8\build_msvc\dcmpmap\libsrc\dcmpmap.dir\debug\dcmpmap.tlog\lib.command.1.tlog
d:\cybermed\daddy\dependency\dcmtk-dcmtk-3.6.8\build_msvc\dcmpmap\libsrc\dcmpmap.dir\debug\dcmpmap.tlog\link.command.1.tlog
d:\cybermed\daddy\dependency\dcmtk-dcmtk-3.6.8\build_msvc\dcmpmap\libsrc\dcmpmap.dir\debug\dcmpmap.tlog\link.read.1.tlog
d:\cybermed\daddy\dependency\dcmtk-dcmtk-3.6.8\build_msvc\dcmpmap\libsrc\dcmpmap.dir\debug\dcmpmap.tlog\link.secondary.1.tlog
d:\cybermed\daddy\dependency\dcmtk-dcmtk-3.6.8\build_msvc\dcmpmap\libsrc\dcmpmap.dir\debug\dcmpmap.tlog\link.write.1.tlog
