d:\cybermed\daddy\dependency\sdk-vtk-9.4.2\build_msvc\lib\debug\vtkioexportpdf-9.4d.pdb
d:\cybermed\daddy\dependency\sdk-vtk-9.4.2\build_msvc\io\exportpdf\ioexportpdf.dir\debug\vtkpdfexporter.obj
d:\cybermed\daddy\dependency\sdk-vtk-9.4.2\build_msvc\io\exportpdf\ioexportpdf.dir\debug\vtkpdfcontextdevice2d.obj
d:\cybermed\daddy\dependency\sdk-vtk-9.4.2\build_msvc\io\exportpdf\ioexportpdf.dir\debug\vtkioexportpdfobjectfactory.obj
d:\cybermed\daddy\dependency\sdk-vtk-9.4.2\build_msvc\io\exportpdf\ioexportpdf.dir\debug\vc143.pdb
d:\cybermed\daddy\dependency\sdk-vtk-9.4.2\build_msvc\io\exportpdf\cmakefiles\generate.stamp
d:\cybermed\daddy\dependency\sdk-vtk-9.4.2\build_msvc\lib\debug\vtkioexportpdf-9.4d.lib
d:\cybermed\daddy\dependency\sdk-vtk-9.4.2\build_msvc\bin\debug\vtkioexportpdf-9.4d.dll
d:\cybermed\daddy\dependency\sdk-vtk-9.4.2\build_msvc\bin\debug\vtkioexportpdf-9.4d.pdb
d:\cybermed\daddy\dependency\sdk-vtk-9.4.2\build_msvc\lib\debug\vtkioexportpdf-9.4d.exp
d:\cybermed\daddy\dependency\sdk-vtk-9.4.2\build_msvc\io\exportpdf\ioexportpdf.dir\debug\vtkioexportpdf-9.4d.ilk
d:\cybermed\daddy\dependency\sdk-vtk-9.4.2\build_msvc\io\exportpdf\ioexportpdf.dir\debug\ioexportpdf.tlog\cl.command.1.tlog
d:\cybermed\daddy\dependency\sdk-vtk-9.4.2\build_msvc\io\exportpdf\ioexportpdf.dir\debug\ioexportpdf.tlog\cl.items.tlog
d:\cybermed\daddy\dependency\sdk-vtk-9.4.2\build_msvc\io\exportpdf\ioexportpdf.dir\debug\ioexportpdf.tlog\cl.read.1.tlog
d:\cybermed\daddy\dependency\sdk-vtk-9.4.2\build_msvc\io\exportpdf\ioexportpdf.dir\debug\ioexportpdf.tlog\cl.write.1.tlog
d:\cybermed\daddy\dependency\sdk-vtk-9.4.2\build_msvc\io\exportpdf\ioexportpdf.dir\debug\ioexportpdf.tlog\custombuild.command.1.tlog
d:\cybermed\daddy\dependency\sdk-vtk-9.4.2\build_msvc\io\exportpdf\ioexportpdf.dir\debug\ioexportpdf.tlog\custombuild.read.1.tlog
d:\cybermed\daddy\dependency\sdk-vtk-9.4.2\build_msvc\io\exportpdf\ioexportpdf.dir\debug\ioexportpdf.tlog\custombuild.write.1.tlog
d:\cybermed\daddy\dependency\sdk-vtk-9.4.2\build_msvc\io\exportpdf\ioexportpdf.dir\debug\ioexportpdf.tlog\lib-link.read.1.tlog
d:\cybermed\daddy\dependency\sdk-vtk-9.4.2\build_msvc\io\exportpdf\ioexportpdf.dir\debug\ioexportpdf.tlog\lib-link.write.1.tlog
d:\cybermed\daddy\dependency\sdk-vtk-9.4.2\build_msvc\io\exportpdf\ioexportpdf.dir\debug\ioexportpdf.tlog\lib.command.1.tlog
d:\cybermed\daddy\dependency\sdk-vtk-9.4.2\build_msvc\io\exportpdf\ioexportpdf.dir\debug\ioexportpdf.tlog\link.command.1.tlog
d:\cybermed\daddy\dependency\sdk-vtk-9.4.2\build_msvc\io\exportpdf\ioexportpdf.dir\debug\ioexportpdf.tlog\link.read.1.tlog
d:\cybermed\daddy\dependency\sdk-vtk-9.4.2\build_msvc\io\exportpdf\ioexportpdf.dir\debug\ioexportpdf.tlog\link.secondary.1.tlog
d:\cybermed\daddy\dependency\sdk-vtk-9.4.2\build_msvc\io\exportpdf\ioexportpdf.dir\debug\ioexportpdf.tlog\link.write.1.tlog
