d:\cybermed\daddy\dependency\sdk-vtk-9.4.2\build_msvc\lib\debug\vtkjsoncpp-9.4d.pdb
d:\cybermed\daddy\dependency\sdk-vtk-9.4.2\build_msvc\thirdparty\jsoncpp\vtkjsoncpp\jsoncpp.dir\debug\jsoncpp.obj
d:\cybermed\daddy\dependency\sdk-vtk-9.4.2\build_msvc\thirdparty\jsoncpp\vtkjsoncpp\jsoncpp.dir\debug\vc143.pdb
d:\cybermed\daddy\dependency\sdk-vtk-9.4.2\build_msvc\thirdparty\jsoncpp\vtkjsoncpp\cmakefiles\generate.stamp
d:\cybermed\daddy\dependency\sdk-vtk-9.4.2\build_msvc\lib\debug\vtkjsoncpp-9.4d.lib
d:\cybermed\daddy\dependency\sdk-vtk-9.4.2\build_msvc\bin\debug\vtkjsoncpp-9.4d.dll
d:\cybermed\daddy\dependency\sdk-vtk-9.4.2\build_msvc\bin\debug\vtkjsoncpp-9.4d.pdb
d:\cybermed\daddy\dependency\sdk-vtk-9.4.2\build_msvc\lib\debug\vtkjsoncpp-9.4d.exp
d:\cybermed\daddy\dependency\sdk-vtk-9.4.2\build_msvc\thirdparty\jsoncpp\vtkjsoncpp\jsoncpp.dir\debug\vtkjsoncpp-9.4d.ilk
d:\cybermed\daddy\dependency\sdk-vtk-9.4.2\build_msvc\thirdparty\jsoncpp\vtkjsoncpp\jsoncpp.dir\debug\jsoncpp.tlog\cl.command.1.tlog
d:\cybermed\daddy\dependency\sdk-vtk-9.4.2\build_msvc\thirdparty\jsoncpp\vtkjsoncpp\jsoncpp.dir\debug\jsoncpp.tlog\cl.items.tlog
d:\cybermed\daddy\dependency\sdk-vtk-9.4.2\build_msvc\thirdparty\jsoncpp\vtkjsoncpp\jsoncpp.dir\debug\jsoncpp.tlog\cl.read.1.tlog
d:\cybermed\daddy\dependency\sdk-vtk-9.4.2\build_msvc\thirdparty\jsoncpp\vtkjsoncpp\jsoncpp.dir\debug\jsoncpp.tlog\cl.write.1.tlog
d:\cybermed\daddy\dependency\sdk-vtk-9.4.2\build_msvc\thirdparty\jsoncpp\vtkjsoncpp\jsoncpp.dir\debug\jsoncpp.tlog\custombuild.command.1.tlog
d:\cybermed\daddy\dependency\sdk-vtk-9.4.2\build_msvc\thirdparty\jsoncpp\vtkjsoncpp\jsoncpp.dir\debug\jsoncpp.tlog\custombuild.read.1.tlog
d:\cybermed\daddy\dependency\sdk-vtk-9.4.2\build_msvc\thirdparty\jsoncpp\vtkjsoncpp\jsoncpp.dir\debug\jsoncpp.tlog\custombuild.write.1.tlog
d:\cybermed\daddy\dependency\sdk-vtk-9.4.2\build_msvc\thirdparty\jsoncpp\vtkjsoncpp\jsoncpp.dir\debug\jsoncpp.tlog\lib-link.read.1.tlog
d:\cybermed\daddy\dependency\sdk-vtk-9.4.2\build_msvc\thirdparty\jsoncpp\vtkjsoncpp\jsoncpp.dir\debug\jsoncpp.tlog\lib-link.write.1.tlog
d:\cybermed\daddy\dependency\sdk-vtk-9.4.2\build_msvc\thirdparty\jsoncpp\vtkjsoncpp\jsoncpp.dir\debug\jsoncpp.tlog\lib.command.1.tlog
d:\cybermed\daddy\dependency\sdk-vtk-9.4.2\build_msvc\thirdparty\jsoncpp\vtkjsoncpp\jsoncpp.dir\debug\jsoncpp.tlog\link.command.1.tlog
d:\cybermed\daddy\dependency\sdk-vtk-9.4.2\build_msvc\thirdparty\jsoncpp\vtkjsoncpp\jsoncpp.dir\debug\jsoncpp.tlog\link.read.1.tlog
d:\cybermed\daddy\dependency\sdk-vtk-9.4.2\build_msvc\thirdparty\jsoncpp\vtkjsoncpp\jsoncpp.dir\debug\jsoncpp.tlog\link.secondary.1.tlog
d:\cybermed\daddy\dependency\sdk-vtk-9.4.2\build_msvc\thirdparty\jsoncpp\vtkjsoncpp\jsoncpp.dir\debug\jsoncpp.tlog\link.write.1.tlog
