d:\cybermed\daddy\dependency\sdk-vtk-9.4.2\build_msvc\lib\debug\vtkiolegacy-9.4d.pdb
d:\cybermed\daddy\dependency\sdk-vtk-9.4.2\build_msvc\io\legacy\iolegacy.dir\debug\vtksimplepointsreader.obj
d:\cybermed\daddy\dependency\sdk-vtk-9.4.2\build_msvc\io\legacy\iolegacy.dir\debug\vtkrectilineargridwriter.obj
d:\cybermed\daddy\dependency\sdk-vtk-9.4.2\build_msvc\io\legacy\iolegacy.dir\debug\vtkrectilineargridreader.obj
d:\cybermed\daddy\dependency\sdk-vtk-9.4.2\build_msvc\io\legacy\iolegacy.dir\debug\vtkpolydatawriter.obj
d:\cybermed\daddy\dependency\sdk-vtk-9.4.2\build_msvc\io\legacy\iolegacy.dir\debug\vtkpolydatareader.obj
d:\cybermed\daddy\dependency\sdk-vtk-9.4.2\build_msvc\io\legacy\iolegacy.dir\debug\vtkpixelextentio.obj
d:\cybermed\daddy\dependency\sdk-vtk-9.4.2\build_msvc\io\legacy\iolegacy.dir\debug\vtklegacycellgridwriter.obj
d:\cybermed\daddy\dependency\sdk-vtk-9.4.2\build_msvc\io\legacy\iolegacy.dir\debug\vtklegacycellgridreader.obj
d:\cybermed\daddy\dependency\sdk-vtk-9.4.2\build_msvc\io\legacy\iolegacy.dir\debug\vtkgraphwriter.obj
d:\cybermed\daddy\dependency\sdk-vtk-9.4.2\build_msvc\io\legacy\iolegacy.dir\debug\vtkgraphreader.obj
d:\cybermed\daddy\dependency\sdk-vtk-9.4.2\build_msvc\io\legacy\iolegacy.dir\debug\vtkgenericdataobjectwriter.obj
d:\cybermed\daddy\dependency\sdk-vtk-9.4.2\build_msvc\io\legacy\iolegacy.dir\debug\vtkgenericdataobjectreader.obj
d:\cybermed\daddy\dependency\sdk-vtk-9.4.2\build_msvc\io\legacy\iolegacy.dir\debug\vtkdatawriter.obj
d:\cybermed\daddy\dependency\sdk-vtk-9.4.2\build_msvc\io\legacy\iolegacy.dir\debug\vtkdatasetwriter.obj
d:\cybermed\daddy\dependency\sdk-vtk-9.4.2\build_msvc\io\legacy\iolegacy.dir\debug\vtkdatasetreader.obj
d:\cybermed\daddy\dependency\sdk-vtk-9.4.2\build_msvc\io\legacy\iolegacy.dir\debug\vtkdatareader.obj
d:\cybermed\daddy\dependency\sdk-vtk-9.4.2\build_msvc\io\legacy\iolegacy.dir\debug\vtkdataobjectwriter.obj
d:\cybermed\daddy\dependency\sdk-vtk-9.4.2\build_msvc\io\legacy\iolegacy.dir\debug\vtkdataobjectreader.obj
d:\cybermed\daddy\dependency\sdk-vtk-9.4.2\build_msvc\io\legacy\iolegacy.dir\debug\vtkcompositedatawriter.obj
d:\cybermed\daddy\dependency\sdk-vtk-9.4.2\build_msvc\io\legacy\iolegacy.dir\debug\vtkcompositedatareader.obj
d:\cybermed\daddy\dependency\sdk-vtk-9.4.2\build_msvc\io\legacy\iolegacy.dir\debug\vtkunstructuredgridwriter.obj
d:\cybermed\daddy\dependency\sdk-vtk-9.4.2\build_msvc\io\legacy\iolegacy.dir\debug\vtkunstructuredgridreader.obj
d:\cybermed\daddy\dependency\sdk-vtk-9.4.2\build_msvc\io\legacy\iolegacy.dir\debug\vtktreewriter.obj
d:\cybermed\daddy\dependency\sdk-vtk-9.4.2\build_msvc\io\legacy\iolegacy.dir\debug\vtktreereader.obj
d:\cybermed\daddy\dependency\sdk-vtk-9.4.2\build_msvc\io\legacy\iolegacy.dir\debug\vtktablewriter.obj
d:\cybermed\daddy\dependency\sdk-vtk-9.4.2\build_msvc\io\legacy\iolegacy.dir\debug\vtktablereader.obj
d:\cybermed\daddy\dependency\sdk-vtk-9.4.2\build_msvc\io\legacy\iolegacy.dir\debug\vtkstructuredpointswriter.obj
d:\cybermed\daddy\dependency\sdk-vtk-9.4.2\build_msvc\io\legacy\iolegacy.dir\debug\vtkstructuredpointsreader.obj
d:\cybermed\daddy\dependency\sdk-vtk-9.4.2\build_msvc\io\legacy\iolegacy.dir\debug\vtkstructuredgridwriter.obj
d:\cybermed\daddy\dependency\sdk-vtk-9.4.2\build_msvc\io\legacy\iolegacy.dir\debug\vtkstructuredgridreader.obj
d:\cybermed\daddy\dependency\sdk-vtk-9.4.2\build_msvc\io\legacy\iolegacy.dir\debug\vtksimplepointswriter.obj
d:\cybermed\daddy\dependency\sdk-vtk-9.4.2\build_msvc\io\legacy\iolegacy.dir\debug\vc143.pdb
d:\cybermed\daddy\dependency\sdk-vtk-9.4.2\build_msvc\io\legacy\cmakefiles\generate.stamp
d:\cybermed\daddy\dependency\sdk-vtk-9.4.2\build_msvc\lib\debug\vtkiolegacy-9.4d.lib
d:\cybermed\daddy\dependency\sdk-vtk-9.4.2\build_msvc\bin\debug\vtkiolegacy-9.4d.dll
d:\cybermed\daddy\dependency\sdk-vtk-9.4.2\build_msvc\bin\debug\vtkiolegacy-9.4d.pdb
d:\cybermed\daddy\dependency\sdk-vtk-9.4.2\build_msvc\lib\debug\vtkiolegacy-9.4d.exp
d:\cybermed\daddy\dependency\sdk-vtk-9.4.2\build_msvc\io\legacy\iolegacy.dir\debug\vtkiolegacy-9.4d.ilk
d:\cybermed\daddy\dependency\sdk-vtk-9.4.2\build_msvc\io\legacy\iolegacy.dir\debug\iolegacy.tlog\cl.command.1.tlog
d:\cybermed\daddy\dependency\sdk-vtk-9.4.2\build_msvc\io\legacy\iolegacy.dir\debug\iolegacy.tlog\cl.items.tlog
d:\cybermed\daddy\dependency\sdk-vtk-9.4.2\build_msvc\io\legacy\iolegacy.dir\debug\iolegacy.tlog\cl.read.1.tlog
d:\cybermed\daddy\dependency\sdk-vtk-9.4.2\build_msvc\io\legacy\iolegacy.dir\debug\iolegacy.tlog\cl.write.1.tlog
d:\cybermed\daddy\dependency\sdk-vtk-9.4.2\build_msvc\io\legacy\iolegacy.dir\debug\iolegacy.tlog\custombuild.command.1.tlog
d:\cybermed\daddy\dependency\sdk-vtk-9.4.2\build_msvc\io\legacy\iolegacy.dir\debug\iolegacy.tlog\custombuild.read.1.tlog
d:\cybermed\daddy\dependency\sdk-vtk-9.4.2\build_msvc\io\legacy\iolegacy.dir\debug\iolegacy.tlog\custombuild.write.1.tlog
d:\cybermed\daddy\dependency\sdk-vtk-9.4.2\build_msvc\io\legacy\iolegacy.dir\debug\iolegacy.tlog\lib-link.read.1.tlog
d:\cybermed\daddy\dependency\sdk-vtk-9.4.2\build_msvc\io\legacy\iolegacy.dir\debug\iolegacy.tlog\lib-link.write.1.tlog
d:\cybermed\daddy\dependency\sdk-vtk-9.4.2\build_msvc\io\legacy\iolegacy.dir\debug\iolegacy.tlog\lib.command.1.tlog
d:\cybermed\daddy\dependency\sdk-vtk-9.4.2\build_msvc\io\legacy\iolegacy.dir\debug\iolegacy.tlog\link.command.1.tlog
d:\cybermed\daddy\dependency\sdk-vtk-9.4.2\build_msvc\io\legacy\iolegacy.dir\debug\iolegacy.tlog\link.read.1.tlog
d:\cybermed\daddy\dependency\sdk-vtk-9.4.2\build_msvc\io\legacy\iolegacy.dir\debug\iolegacy.tlog\link.secondary.1.tlog
d:\cybermed\daddy\dependency\sdk-vtk-9.4.2\build_msvc\io\legacy\iolegacy.dir\debug\iolegacy.tlog\link.write.1.tlog
