d:\cybermed\daddy\dependency\dcmtk-dcmtk-3.6.8\build_msvc\lib\debug\dcmimgle.pdb
d:\cybermed\daddy\dependency\dcmtk-dcmtk-3.6.8\build_msvc\dcmimgle\libsrc\dcmimgle.dir\debug\dimoopx.obj
d:\cybermed\daddy\dependency\dcmtk-dcmtk-3.6.8\build_msvc\dcmimgle\libsrc\dcmimgle.dir\debug\dimomod.obj
d:\cybermed\daddy\dependency\dcmtk-dcmtk-3.6.8\build_msvc\dcmimgle\libsrc\dcmimgle.dir\debug\dimoimg5.obj
d:\cybermed\daddy\dependency\dcmtk-dcmtk-3.6.8\build_msvc\dcmimgle\libsrc\dcmimgle.dir\debug\dimoimg4.obj
d:\cybermed\daddy\dependency\dcmtk-dcmtk-3.6.8\build_msvc\dcmimgle\libsrc\dcmimgle.dir\debug\dimoimg3.obj
d:\cybermed\daddy\dependency\dcmtk-dcmtk-3.6.8\build_msvc\dcmimgle\libsrc\dcmimgle.dir\debug\dimoimg.obj
d:\cybermed\daddy\dependency\dcmtk-dcmtk-3.6.8\build_msvc\dcmimgle\libsrc\dcmimgle.dir\debug\dimo2img.obj
d:\cybermed\daddy\dependency\dcmtk-dcmtk-3.6.8\build_msvc\dcmimgle\libsrc\dcmimgle.dir\debug\dimo1img.obj
d:\cybermed\daddy\dependency\dcmtk-dcmtk-3.6.8\build_msvc\dcmimgle\libsrc\dcmimgle.dir\debug\diluptab.obj
d:\cybermed\daddy\dependency\dcmtk-dcmtk-3.6.8\build_msvc\dcmimgle\libsrc\dcmimgle.dir\debug\diinpx.obj
d:\cybermed\daddy\dependency\dcmtk-dcmtk-3.6.8\build_msvc\dcmimgle\libsrc\dcmimgle.dir\debug\diimage.obj
d:\cybermed\daddy\dependency\dcmtk-dcmtk-3.6.8\build_msvc\dcmimgle\libsrc\dcmimgle.dir\debug\digsdlut.obj
d:\cybermed\daddy\dependency\dcmtk-dcmtk-3.6.8\build_msvc\dcmimgle\libsrc\dcmimgle.dir\debug\digsdfn.obj
d:\cybermed\daddy\dependency\dcmtk-dcmtk-3.6.8\build_msvc\dcmimgle\libsrc\dcmimgle.dir\debug\didocu.obj
d:\cybermed\daddy\dependency\dcmtk-dcmtk-3.6.8\build_msvc\dcmimgle\libsrc\dcmimgle.dir\debug\didispfn.obj
d:\cybermed\daddy\dependency\dcmtk-dcmtk-3.6.8\build_msvc\dcmimgle\libsrc\dcmimgle.dir\debug\didislut.obj
d:\cybermed\daddy\dependency\dcmtk-dcmtk-3.6.8\build_msvc\dcmimgle\libsrc\dcmimgle.dir\debug\dicielut.obj
d:\cybermed\daddy\dependency\dcmtk-dcmtk-3.6.8\build_msvc\dcmimgle\libsrc\dcmimgle.dir\debug\diciefn.obj
d:\cybermed\daddy\dependency\dcmtk-dcmtk-3.6.8\build_msvc\dcmimgle\libsrc\dcmimgle.dir\debug\dibaslut.obj
d:\cybermed\daddy\dependency\dcmtk-dcmtk-3.6.8\build_msvc\dcmimgle\libsrc\dcmimgle.dir\debug\dcmimage.obj
d:\cybermed\daddy\dependency\dcmtk-dcmtk-3.6.8\build_msvc\dcmimgle\libsrc\dcmimgle.dir\debug\diutils.obj
d:\cybermed\daddy\dependency\dcmtk-dcmtk-3.6.8\build_msvc\dcmimgle\libsrc\dcmimgle.dir\debug\diovpln.obj
d:\cybermed\daddy\dependency\dcmtk-dcmtk-3.6.8\build_msvc\dcmimgle\libsrc\dcmimgle.dir\debug\diovlimg.obj
d:\cybermed\daddy\dependency\dcmtk-dcmtk-3.6.8\build_msvc\dcmimgle\libsrc\dcmimgle.dir\debug\diovlay.obj
d:\cybermed\daddy\dependency\dcmtk-dcmtk-3.6.8\build_msvc\dcmimgle\libsrc\dcmimgle.dir\debug\diovdat.obj
d:\cybermed\daddy\dependency\dcmtk-dcmtk-3.6.8\build_msvc\dcmimgle\libsrc\dcmimgle.dir\debug\dimopx.obj
d:\cybermed\daddy\dependency\dcmtk-dcmtk-3.6.8\build_msvc\dcmimgle\libsrc\dcmimgle.dir\debug\vc143.pdb
d:\cybermed\daddy\dependency\dcmtk-dcmtk-3.6.8\build_msvc\dcmimgle\libsrc\cmakefiles\generate.stamp
d:\cybermed\daddy\dependency\dcmtk-dcmtk-3.6.8\build_msvc\lib\debug\dcmimgle.lib
d:\cybermed\daddy\dependency\dcmtk-dcmtk-3.6.8\build_msvc\bin\debug\dcmimgle.dll
d:\cybermed\daddy\dependency\dcmtk-dcmtk-3.6.8\build_msvc\bin\debug\dcmimgle.pdb
d:\cybermed\daddy\dependency\dcmtk-dcmtk-3.6.8\build_msvc\lib\debug\dcmimgle.exp
d:\cybermed\daddy\dependency\dcmtk-dcmtk-3.6.8\build_msvc\dcmimgle\libsrc\dcmimgle.dir\debug\dcmimgle.ilk
d:\cybermed\daddy\dependency\dcmtk-dcmtk-3.6.8\build_msvc\dcmimgle\libsrc\dcmimgle.dir\debug\dcmimgle.tlog\cl.command.1.tlog
d:\cybermed\daddy\dependency\dcmtk-dcmtk-3.6.8\build_msvc\dcmimgle\libsrc\dcmimgle.dir\debug\dcmimgle.tlog\cl.items.tlog
d:\cybermed\daddy\dependency\dcmtk-dcmtk-3.6.8\build_msvc\dcmimgle\libsrc\dcmimgle.dir\debug\dcmimgle.tlog\cl.read.1.tlog
d:\cybermed\daddy\dependency\dcmtk-dcmtk-3.6.8\build_msvc\dcmimgle\libsrc\dcmimgle.dir\debug\dcmimgle.tlog\cl.write.1.tlog
d:\cybermed\daddy\dependency\dcmtk-dcmtk-3.6.8\build_msvc\dcmimgle\libsrc\dcmimgle.dir\debug\dcmimgle.tlog\custombuild.command.1.tlog
d:\cybermed\daddy\dependency\dcmtk-dcmtk-3.6.8\build_msvc\dcmimgle\libsrc\dcmimgle.dir\debug\dcmimgle.tlog\custombuild.read.1.tlog
d:\cybermed\daddy\dependency\dcmtk-dcmtk-3.6.8\build_msvc\dcmimgle\libsrc\dcmimgle.dir\debug\dcmimgle.tlog\custombuild.write.1.tlog
d:\cybermed\daddy\dependency\dcmtk-dcmtk-3.6.8\build_msvc\dcmimgle\libsrc\dcmimgle.dir\debug\dcmimgle.tlog\lib-link.read.1.tlog
d:\cybermed\daddy\dependency\dcmtk-dcmtk-3.6.8\build_msvc\dcmimgle\libsrc\dcmimgle.dir\debug\dcmimgle.tlog\lib-link.write.1.tlog
d:\cybermed\daddy\dependency\dcmtk-dcmtk-3.6.8\build_msvc\dcmimgle\libsrc\dcmimgle.dir\debug\dcmimgle.tlog\lib.command.1.tlog
d:\cybermed\daddy\dependency\dcmtk-dcmtk-3.6.8\build_msvc\dcmimgle\libsrc\dcmimgle.dir\debug\dcmimgle.tlog\link.command.1.tlog
d:\cybermed\daddy\dependency\dcmtk-dcmtk-3.6.8\build_msvc\dcmimgle\libsrc\dcmimgle.dir\debug\dcmimgle.tlog\link.read.1.tlog
d:\cybermed\daddy\dependency\dcmtk-dcmtk-3.6.8\build_msvc\dcmimgle\libsrc\dcmimgle.dir\debug\dcmimgle.tlog\link.secondary.1.tlog
d:\cybermed\daddy\dependency\dcmtk-dcmtk-3.6.8\build_msvc\dcmimgle\libsrc\dcmimgle.dir\debug\dcmimgle.tlog\link.write.1.tlog
