d:\cybermed\daddy\dependency\sdk-vtk-9.4.2\build_msvc\lib\debug\vtkioinfovis-9.4d.pdb
d:\cybermed\daddy\dependency\sdk-vtk-9.4.2\build_msvc\io\infovis\ioinfovis.dir\debug\vtkdelimitedtextcodeciteratorprivate.obj
d:\cybermed\daddy\dependency\sdk-vtk-9.4.2\build_msvc\io\infovis\ioinfovis.dir\debug\vtkxmltreereader.obj
d:\cybermed\daddy\dependency\sdk-vtk-9.4.2\build_msvc\io\infovis\ioinfovis.dir\debug\vtkxgmlreader.obj
d:\cybermed\daddy\dependency\sdk-vtk-9.4.2\build_msvc\io\infovis\ioinfovis.dir\debug\vtktulipreader.obj
d:\cybermed\daddy\dependency\sdk-vtk-9.4.2\build_msvc\io\infovis\ioinfovis.dir\debug\vtktemporaldelimitedtextreader.obj
d:\cybermed\daddy\dependency\sdk-vtk-9.4.2\build_msvc\io\infovis\ioinfovis.dir\debug\vtkrisreader.obj
d:\cybermed\daddy\dependency\sdk-vtk-9.4.2\build_msvc\io\infovis\ioinfovis.dir\debug\vtkphyloxmltreewriter.obj
d:\cybermed\daddy\dependency\sdk-vtk-9.4.2\build_msvc\io\infovis\ioinfovis.dir\debug\vtkphyloxmltreereader.obj
d:\cybermed\daddy\dependency\sdk-vtk-9.4.2\build_msvc\io\infovis\ioinfovis.dir\debug\vtknewicktreewriter.obj
d:\cybermed\daddy\dependency\sdk-vtk-9.4.2\build_msvc\io\infovis\ioinfovis.dir\debug\vtknewicktreereader.obj
d:\cybermed\daddy\dependency\sdk-vtk-9.4.2\build_msvc\io\infovis\ioinfovis.dir\debug\vtkmultinewicktreereader.obj
d:\cybermed\daddy\dependency\sdk-vtk-9.4.2\build_msvc\io\infovis\ioinfovis.dir\debug\vtkisireader.obj
d:\cybermed\daddy\dependency\sdk-vtk-9.4.2\build_msvc\io\infovis\ioinfovis.dir\debug\vtkfixedwidthtextreader.obj
d:\cybermed\daddy\dependency\sdk-vtk-9.4.2\build_msvc\io\infovis\ioinfovis.dir\debug\vtkdimacsgraphwriter.obj
d:\cybermed\daddy\dependency\sdk-vtk-9.4.2\build_msvc\io\infovis\ioinfovis.dir\debug\vtkdimacsgraphreader.obj
d:\cybermed\daddy\dependency\sdk-vtk-9.4.2\build_msvc\io\infovis\ioinfovis.dir\debug\vtkdelimitedtextreader.obj
d:\cybermed\daddy\dependency\sdk-vtk-9.4.2\build_msvc\io\infovis\ioinfovis.dir\debug\vtkchacographreader.obj
d:\cybermed\daddy\dependency\sdk-vtk-9.4.2\build_msvc\io\infovis\ioinfovis.dir\debug\vtkbiomtablereader.obj
d:\cybermed\daddy\dependency\sdk-vtk-9.4.2\build_msvc\io\infovis\ioinfovis.dir\debug\vc143.pdb
d:\cybermed\daddy\dependency\sdk-vtk-9.4.2\build_msvc\io\infovis\cmakefiles\generate.stamp
d:\cybermed\daddy\dependency\sdk-vtk-9.4.2\build_msvc\lib\debug\vtkioinfovis-9.4d.lib
d:\cybermed\daddy\dependency\sdk-vtk-9.4.2\build_msvc\bin\debug\vtkioinfovis-9.4d.dll
d:\cybermed\daddy\dependency\sdk-vtk-9.4.2\build_msvc\bin\debug\vtkioinfovis-9.4d.pdb
d:\cybermed\daddy\dependency\sdk-vtk-9.4.2\build_msvc\lib\debug\vtkioinfovis-9.4d.exp
d:\cybermed\daddy\dependency\sdk-vtk-9.4.2\build_msvc\io\infovis\ioinfovis.dir\debug\vtkioinfovis-9.4d.ilk
d:\cybermed\daddy\dependency\sdk-vtk-9.4.2\build_msvc\io\infovis\ioinfovis.dir\debug\ioinfovis.tlog\cl.command.1.tlog
d:\cybermed\daddy\dependency\sdk-vtk-9.4.2\build_msvc\io\infovis\ioinfovis.dir\debug\ioinfovis.tlog\cl.items.tlog
d:\cybermed\daddy\dependency\sdk-vtk-9.4.2\build_msvc\io\infovis\ioinfovis.dir\debug\ioinfovis.tlog\cl.read.1.tlog
d:\cybermed\daddy\dependency\sdk-vtk-9.4.2\build_msvc\io\infovis\ioinfovis.dir\debug\ioinfovis.tlog\cl.write.1.tlog
d:\cybermed\daddy\dependency\sdk-vtk-9.4.2\build_msvc\io\infovis\ioinfovis.dir\debug\ioinfovis.tlog\custombuild.command.1.tlog
d:\cybermed\daddy\dependency\sdk-vtk-9.4.2\build_msvc\io\infovis\ioinfovis.dir\debug\ioinfovis.tlog\custombuild.read.1.tlog
d:\cybermed\daddy\dependency\sdk-vtk-9.4.2\build_msvc\io\infovis\ioinfovis.dir\debug\ioinfovis.tlog\custombuild.write.1.tlog
d:\cybermed\daddy\dependency\sdk-vtk-9.4.2\build_msvc\io\infovis\ioinfovis.dir\debug\ioinfovis.tlog\lib-link.read.1.tlog
d:\cybermed\daddy\dependency\sdk-vtk-9.4.2\build_msvc\io\infovis\ioinfovis.dir\debug\ioinfovis.tlog\lib-link.write.1.tlog
d:\cybermed\daddy\dependency\sdk-vtk-9.4.2\build_msvc\io\infovis\ioinfovis.dir\debug\ioinfovis.tlog\lib.command.1.tlog
d:\cybermed\daddy\dependency\sdk-vtk-9.4.2\build_msvc\io\infovis\ioinfovis.dir\debug\ioinfovis.tlog\link.command.1.tlog
d:\cybermed\daddy\dependency\sdk-vtk-9.4.2\build_msvc\io\infovis\ioinfovis.dir\debug\ioinfovis.tlog\link.read.1.tlog
d:\cybermed\daddy\dependency\sdk-vtk-9.4.2\build_msvc\io\infovis\ioinfovis.dir\debug\ioinfovis.tlog\link.secondary.1.tlog
d:\cybermed\daddy\dependency\sdk-vtk-9.4.2\build_msvc\io\infovis\ioinfovis.dir\debug\ioinfovis.tlog\link.write.1.tlog
