d:\cybermed\daddy\dependency\sdk-vtk-9.4.2\build_msvc\io\legacy\iolegacy.dir\release\vtksimplepointsreader.obj
d:\cybermed\daddy\dependency\sdk-vtk-9.4.2\build_msvc\io\legacy\iolegacy.dir\release\vtkrectilineargridwriter.obj
d:\cybermed\daddy\dependency\sdk-vtk-9.4.2\build_msvc\io\legacy\iolegacy.dir\release\vtkrectilineargridreader.obj
d:\cybermed\daddy\dependency\sdk-vtk-9.4.2\build_msvc\io\legacy\iolegacy.dir\release\vtkpolydatawriter.obj
d:\cybermed\daddy\dependency\sdk-vtk-9.4.2\build_msvc\io\legacy\iolegacy.dir\release\vtkpolydatareader.obj
d:\cybermed\daddy\dependency\sdk-vtk-9.4.2\build_msvc\io\legacy\iolegacy.dir\release\vtkpixelextentio.obj
d:\cybermed\daddy\dependency\sdk-vtk-9.4.2\build_msvc\io\legacy\iolegacy.dir\release\vtklegacycellgridwriter.obj
d:\cybermed\daddy\dependency\sdk-vtk-9.4.2\build_msvc\io\legacy\iolegacy.dir\release\vtklegacycellgridreader.obj
d:\cybermed\daddy\dependency\sdk-vtk-9.4.2\build_msvc\io\legacy\iolegacy.dir\release\vtkgraphwriter.obj
d:\cybermed\daddy\dependency\sdk-vtk-9.4.2\build_msvc\io\legacy\iolegacy.dir\release\vtkgraphreader.obj
d:\cybermed\daddy\dependency\sdk-vtk-9.4.2\build_msvc\io\legacy\iolegacy.dir\release\vtkgenericdataobjectwriter.obj
d:\cybermed\daddy\dependency\sdk-vtk-9.4.2\build_msvc\io\legacy\iolegacy.dir\release\vtkgenericdataobjectreader.obj
d:\cybermed\daddy\dependency\sdk-vtk-9.4.2\build_msvc\io\legacy\iolegacy.dir\release\vtkdatawriter.obj
d:\cybermed\daddy\dependency\sdk-vtk-9.4.2\build_msvc\io\legacy\iolegacy.dir\release\vtkdatasetwriter.obj
d:\cybermed\daddy\dependency\sdk-vtk-9.4.2\build_msvc\io\legacy\iolegacy.dir\release\vtkdatasetreader.obj
d:\cybermed\daddy\dependency\sdk-vtk-9.4.2\build_msvc\io\legacy\iolegacy.dir\release\vtkdatareader.obj
d:\cybermed\daddy\dependency\sdk-vtk-9.4.2\build_msvc\io\legacy\iolegacy.dir\release\vtkdataobjectwriter.obj
d:\cybermed\daddy\dependency\sdk-vtk-9.4.2\build_msvc\io\legacy\iolegacy.dir\release\vtkdataobjectreader.obj
d:\cybermed\daddy\dependency\sdk-vtk-9.4.2\build_msvc\io\legacy\iolegacy.dir\release\vtkcompositedatawriter.obj
d:\cybermed\daddy\dependency\sdk-vtk-9.4.2\build_msvc\io\legacy\iolegacy.dir\release\vtkcompositedatareader.obj
d:\cybermed\daddy\dependency\sdk-vtk-9.4.2\build_msvc\io\legacy\iolegacy.dir\release\vtkunstructuredgridwriter.obj
d:\cybermed\daddy\dependency\sdk-vtk-9.4.2\build_msvc\io\legacy\iolegacy.dir\release\vtkunstructuredgridreader.obj
d:\cybermed\daddy\dependency\sdk-vtk-9.4.2\build_msvc\io\legacy\iolegacy.dir\release\vtktreewriter.obj
d:\cybermed\daddy\dependency\sdk-vtk-9.4.2\build_msvc\io\legacy\iolegacy.dir\release\vtktreereader.obj
d:\cybermed\daddy\dependency\sdk-vtk-9.4.2\build_msvc\io\legacy\iolegacy.dir\release\vtktablewriter.obj
d:\cybermed\daddy\dependency\sdk-vtk-9.4.2\build_msvc\io\legacy\iolegacy.dir\release\vtktablereader.obj
d:\cybermed\daddy\dependency\sdk-vtk-9.4.2\build_msvc\io\legacy\iolegacy.dir\release\vtkstructuredpointswriter.obj
d:\cybermed\daddy\dependency\sdk-vtk-9.4.2\build_msvc\io\legacy\iolegacy.dir\release\vtkstructuredpointsreader.obj
d:\cybermed\daddy\dependency\sdk-vtk-9.4.2\build_msvc\io\legacy\iolegacy.dir\release\vtkstructuredgridwriter.obj
d:\cybermed\daddy\dependency\sdk-vtk-9.4.2\build_msvc\io\legacy\iolegacy.dir\release\vtkstructuredgridreader.obj
d:\cybermed\daddy\dependency\sdk-vtk-9.4.2\build_msvc\io\legacy\iolegacy.dir\release\vtksimplepointswriter.obj
d:\cybermed\daddy\dependency\sdk-vtk-9.4.2\build_msvc\io\legacy\cmakefiles\generate.stamp
d:\cybermed\daddy\dependency\sdk-vtk-9.4.2\build_msvc\bin\release\vtkiolegacy-9.4.dll
d:\cybermed\daddy\dependency\sdk-vtk-9.4.2\build_msvc\lib\release\vtkiolegacy-9.4.lib
d:\cybermed\daddy\dependency\sdk-vtk-9.4.2\build_msvc\lib\release\vtkiolegacy-9.4.exp
d:\cybermed\daddy\dependency\sdk-vtk-9.4.2\build_msvc\io\legacy\iolegacy.dir\release\iolegacy.tlog\cl.command.1.tlog
d:\cybermed\daddy\dependency\sdk-vtk-9.4.2\build_msvc\io\legacy\iolegacy.dir\release\iolegacy.tlog\cl.items.tlog
d:\cybermed\daddy\dependency\sdk-vtk-9.4.2\build_msvc\io\legacy\iolegacy.dir\release\iolegacy.tlog\cl.read.1.tlog
d:\cybermed\daddy\dependency\sdk-vtk-9.4.2\build_msvc\io\legacy\iolegacy.dir\release\iolegacy.tlog\cl.write.1.tlog
d:\cybermed\daddy\dependency\sdk-vtk-9.4.2\build_msvc\io\legacy\iolegacy.dir\release\iolegacy.tlog\custombuild.command.1.tlog
d:\cybermed\daddy\dependency\sdk-vtk-9.4.2\build_msvc\io\legacy\iolegacy.dir\release\iolegacy.tlog\custombuild.read.1.tlog
d:\cybermed\daddy\dependency\sdk-vtk-9.4.2\build_msvc\io\legacy\iolegacy.dir\release\iolegacy.tlog\custombuild.write.1.tlog
d:\cybermed\daddy\dependency\sdk-vtk-9.4.2\build_msvc\io\legacy\iolegacy.dir\release\iolegacy.tlog\link.command.1.tlog
d:\cybermed\daddy\dependency\sdk-vtk-9.4.2\build_msvc\io\legacy\iolegacy.dir\release\iolegacy.tlog\link.read.1.tlog
d:\cybermed\daddy\dependency\sdk-vtk-9.4.2\build_msvc\io\legacy\iolegacy.dir\release\iolegacy.tlog\link.secondary.1.tlog
d:\cybermed\daddy\dependency\sdk-vtk-9.4.2\build_msvc\io\legacy\iolegacy.dir\release\iolegacy.tlog\link.write.1.tlog
