d:\cybermed\daddy\dependency\dcmtk-dcmtk-3.6.8\build_msvc\lib\debug\ijg8.pdb
d:\cybermed\daddy\dependency\dcmtk-dcmtk-3.6.8\build_msvc\dcmjpeg\libijg8\ijg8.dir\debug\jcphuff.obj
d:\cybermed\daddy\dependency\dcmtk-dcmtk-3.6.8\build_msvc\dcmjpeg\libijg8\ijg8.dir\debug\jcparam.obj
d:\cybermed\daddy\dependency\dcmtk-dcmtk-3.6.8\build_msvc\dcmjpeg\libijg8\ijg8.dir\debug\jcomapi.obj
d:\cybermed\daddy\dependency\dcmtk-dcmtk-3.6.8\build_msvc\dcmjpeg\libijg8\ijg8.dir\debug\jcodec.obj
d:\cybermed\daddy\dependency\dcmtk-dcmtk-3.6.8\build_msvc\dcmjpeg\libijg8\ijg8.dir\debug\jcmaster.obj
d:\cybermed\daddy\dependency\dcmtk-dcmtk-3.6.8\build_msvc\dcmjpeg\libijg8\ijg8.dir\debug\jcmarker.obj
d:\cybermed\daddy\dependency\dcmtk-dcmtk-3.6.8\build_msvc\dcmjpeg\libijg8\ijg8.dir\debug\jcmainct.obj
d:\cybermed\daddy\dependency\dcmtk-dcmtk-3.6.8\build_msvc\dcmjpeg\libijg8\ijg8.dir\debug\jclossy.obj
d:\cybermed\daddy\dependency\dcmtk-dcmtk-3.6.8\build_msvc\dcmjpeg\libijg8\ijg8.dir\debug\jclossls.obj
d:\cybermed\daddy\dependency\dcmtk-dcmtk-3.6.8\build_msvc\dcmjpeg\libijg8\ijg8.dir\debug\jclhuff.obj
d:\cybermed\daddy\dependency\dcmtk-dcmtk-3.6.8\build_msvc\dcmjpeg\libijg8\ijg8.dir\debug\jcinit.obj
d:\cybermed\daddy\dependency\dcmtk-dcmtk-3.6.8\build_msvc\dcmjpeg\libijg8\ijg8.dir\debug\jchuff.obj
d:\cybermed\daddy\dependency\dcmtk-dcmtk-3.6.8\build_msvc\dcmjpeg\libijg8\ijg8.dir\debug\jcdiffct.obj
d:\cybermed\daddy\dependency\dcmtk-dcmtk-3.6.8\build_msvc\dcmjpeg\libijg8\ijg8.dir\debug\jcdctmgr.obj
d:\cybermed\daddy\dependency\dcmtk-dcmtk-3.6.8\build_msvc\dcmjpeg\libijg8\ijg8.dir\debug\jccolor.obj
d:\cybermed\daddy\dependency\dcmtk-dcmtk-3.6.8\build_msvc\dcmjpeg\libijg8\ijg8.dir\debug\jccoefct.obj
d:\cybermed\daddy\dependency\dcmtk-dcmtk-3.6.8\build_msvc\dcmjpeg\libijg8\ijg8.dir\debug\jcarith.obj
d:\cybermed\daddy\dependency\dcmtk-dcmtk-3.6.8\build_msvc\dcmjpeg\libijg8\ijg8.dir\debug\jcapistd.obj
d:\cybermed\daddy\dependency\dcmtk-dcmtk-3.6.8\build_msvc\dcmjpeg\libijg8\ijg8.dir\debug\jcapimin.obj
d:\cybermed\daddy\dependency\dcmtk-dcmtk-3.6.8\build_msvc\dcmjpeg\libijg8\ijg8.dir\debug\jaricom.obj
d:\cybermed\daddy\dependency\dcmtk-dcmtk-3.6.8\build_msvc\dcmjpeg\libijg8\ijg8.dir\debug\jdlossy.obj
d:\cybermed\daddy\dependency\dcmtk-dcmtk-3.6.8\build_msvc\dcmjpeg\libijg8\ijg8.dir\debug\jdlossls.obj
d:\cybermed\daddy\dependency\dcmtk-dcmtk-3.6.8\build_msvc\dcmjpeg\libijg8\ijg8.dir\debug\jdlhuff.obj
d:\cybermed\daddy\dependency\dcmtk-dcmtk-3.6.8\build_msvc\dcmjpeg\libijg8\ijg8.dir\debug\jdinput.obj
d:\cybermed\daddy\dependency\dcmtk-dcmtk-3.6.8\build_msvc\dcmjpeg\libijg8\ijg8.dir\debug\jdhuff.obj
d:\cybermed\daddy\dependency\dcmtk-dcmtk-3.6.8\build_msvc\dcmjpeg\libijg8\ijg8.dir\debug\jddiffct.obj
d:\cybermed\daddy\dependency\dcmtk-dcmtk-3.6.8\build_msvc\dcmjpeg\libijg8\ijg8.dir\debug\jddctmgr.obj
d:\cybermed\daddy\dependency\dcmtk-dcmtk-3.6.8\build_msvc\dcmjpeg\libijg8\ijg8.dir\debug\jdcolor.obj
d:\cybermed\daddy\dependency\dcmtk-dcmtk-3.6.8\build_msvc\dcmjpeg\libijg8\ijg8.dir\debug\jdcoefct.obj
d:\cybermed\daddy\dependency\dcmtk-dcmtk-3.6.8\build_msvc\dcmjpeg\libijg8\ijg8.dir\debug\jdatasrc.obj
d:\cybermed\daddy\dependency\dcmtk-dcmtk-3.6.8\build_msvc\dcmjpeg\libijg8\ijg8.dir\debug\jdatadst.obj
d:\cybermed\daddy\dependency\dcmtk-dcmtk-3.6.8\build_msvc\dcmjpeg\libijg8\ijg8.dir\debug\jdarith.obj
d:\cybermed\daddy\dependency\dcmtk-dcmtk-3.6.8\build_msvc\dcmjpeg\libijg8\ijg8.dir\debug\jdapistd.obj
d:\cybermed\daddy\dependency\dcmtk-dcmtk-3.6.8\build_msvc\dcmjpeg\libijg8\ijg8.dir\debug\jdapimin.obj
d:\cybermed\daddy\dependency\dcmtk-dcmtk-3.6.8\build_msvc\dcmjpeg\libijg8\ijg8.dir\debug\jctrans.obj
d:\cybermed\daddy\dependency\dcmtk-dcmtk-3.6.8\build_msvc\dcmjpeg\libijg8\ijg8.dir\debug\jcshuff.obj
d:\cybermed\daddy\dependency\dcmtk-dcmtk-3.6.8\build_msvc\dcmjpeg\libijg8\ijg8.dir\debug\jcscale.obj
d:\cybermed\daddy\dependency\dcmtk-dcmtk-3.6.8\build_msvc\dcmjpeg\libijg8\ijg8.dir\debug\jcsample.obj
d:\cybermed\daddy\dependency\dcmtk-dcmtk-3.6.8\build_msvc\dcmjpeg\libijg8\ijg8.dir\debug\jcprepct.obj
d:\cybermed\daddy\dependency\dcmtk-dcmtk-3.6.8\build_msvc\dcmjpeg\libijg8\ijg8.dir\debug\jcpred.obj
d:\cybermed\daddy\dependency\dcmtk-dcmtk-3.6.8\build_msvc\dcmjpeg\libijg8\ijg8.dir\debug\jmemmgr.obj
d:\cybermed\daddy\dependency\dcmtk-dcmtk-3.6.8\build_msvc\dcmjpeg\libijg8\ijg8.dir\debug\jidctred.obj
d:\cybermed\daddy\dependency\dcmtk-dcmtk-3.6.8\build_msvc\dcmjpeg\libijg8\ijg8.dir\debug\jidctint.obj
d:\cybermed\daddy\dependency\dcmtk-dcmtk-3.6.8\build_msvc\dcmjpeg\libijg8\ijg8.dir\debug\jidctfst.obj
d:\cybermed\daddy\dependency\dcmtk-dcmtk-3.6.8\build_msvc\dcmjpeg\libijg8\ijg8.dir\debug\jidctflt.obj
d:\cybermed\daddy\dependency\dcmtk-dcmtk-3.6.8\build_msvc\dcmjpeg\libijg8\ijg8.dir\debug\jfdctint.obj
d:\cybermed\daddy\dependency\dcmtk-dcmtk-3.6.8\build_msvc\dcmjpeg\libijg8\ijg8.dir\debug\jfdctfst.obj
d:\cybermed\daddy\dependency\dcmtk-dcmtk-3.6.8\build_msvc\dcmjpeg\libijg8\ijg8.dir\debug\jfdctflt.obj
d:\cybermed\daddy\dependency\dcmtk-dcmtk-3.6.8\build_msvc\dcmjpeg\libijg8\ijg8.dir\debug\jerror.obj
d:\cybermed\daddy\dependency\dcmtk-dcmtk-3.6.8\build_msvc\dcmjpeg\libijg8\ijg8.dir\debug\jdtrans.obj
d:\cybermed\daddy\dependency\dcmtk-dcmtk-3.6.8\build_msvc\dcmjpeg\libijg8\ijg8.dir\debug\jdshuff.obj
d:\cybermed\daddy\dependency\dcmtk-dcmtk-3.6.8\build_msvc\dcmjpeg\libijg8\ijg8.dir\debug\jdscale.obj
d:\cybermed\daddy\dependency\dcmtk-dcmtk-3.6.8\build_msvc\dcmjpeg\libijg8\ijg8.dir\debug\jdsample.obj
d:\cybermed\daddy\dependency\dcmtk-dcmtk-3.6.8\build_msvc\dcmjpeg\libijg8\ijg8.dir\debug\jdpred.obj
d:\cybermed\daddy\dependency\dcmtk-dcmtk-3.6.8\build_msvc\dcmjpeg\libijg8\ijg8.dir\debug\jdpostct.obj
d:\cybermed\daddy\dependency\dcmtk-dcmtk-3.6.8\build_msvc\dcmjpeg\libijg8\ijg8.dir\debug\jdphuff.obj
d:\cybermed\daddy\dependency\dcmtk-dcmtk-3.6.8\build_msvc\dcmjpeg\libijg8\ijg8.dir\debug\jdmerge.obj
d:\cybermed\daddy\dependency\dcmtk-dcmtk-3.6.8\build_msvc\dcmjpeg\libijg8\ijg8.dir\debug\jdmaster.obj
d:\cybermed\daddy\dependency\dcmtk-dcmtk-3.6.8\build_msvc\dcmjpeg\libijg8\ijg8.dir\debug\jdmarker.obj
d:\cybermed\daddy\dependency\dcmtk-dcmtk-3.6.8\build_msvc\dcmjpeg\libijg8\ijg8.dir\debug\jdmainct.obj
d:\cybermed\daddy\dependency\dcmtk-dcmtk-3.6.8\build_msvc\dcmjpeg\libijg8\ijg8.dir\debug\jutils.obj
d:\cybermed\daddy\dependency\dcmtk-dcmtk-3.6.8\build_msvc\dcmjpeg\libijg8\ijg8.dir\debug\jquant2.obj
d:\cybermed\daddy\dependency\dcmtk-dcmtk-3.6.8\build_msvc\dcmjpeg\libijg8\ijg8.dir\debug\jquant1.obj
d:\cybermed\daddy\dependency\dcmtk-dcmtk-3.6.8\build_msvc\dcmjpeg\libijg8\ijg8.dir\debug\jmemnobs.obj
d:\cybermed\daddy\dependency\dcmtk-dcmtk-3.6.8\build_msvc\dcmjpeg\libijg8\ijg8.dir\debug\vc143.pdb
d:\cybermed\daddy\dependency\dcmtk-dcmtk-3.6.8\build_msvc\dcmjpeg\libijg8\cmakefiles\generate.stamp
d:\cybermed\daddy\dependency\dcmtk-dcmtk-3.6.8\build_msvc\lib\debug\ijg8.lib
d:\cybermed\daddy\dependency\dcmtk-dcmtk-3.6.8\build_msvc\bin\debug\ijg8.dll
d:\cybermed\daddy\dependency\dcmtk-dcmtk-3.6.8\build_msvc\bin\debug\ijg8.pdb
d:\cybermed\daddy\dependency\dcmtk-dcmtk-3.6.8\build_msvc\lib\debug\ijg8.exp
d:\cybermed\daddy\dependency\dcmtk-dcmtk-3.6.8\build_msvc\dcmjpeg\libijg8\ijg8.dir\debug\ijg8.ilk
d:\cybermed\daddy\dependency\dcmtk-dcmtk-3.6.8\build_msvc\dcmjpeg\libijg8\ijg8.dir\debug\ijg8.tlog\cl.command.1.tlog
d:\cybermed\daddy\dependency\dcmtk-dcmtk-3.6.8\build_msvc\dcmjpeg\libijg8\ijg8.dir\debug\ijg8.tlog\cl.items.tlog
d:\cybermed\daddy\dependency\dcmtk-dcmtk-3.6.8\build_msvc\dcmjpeg\libijg8\ijg8.dir\debug\ijg8.tlog\cl.read.1.tlog
d:\cybermed\daddy\dependency\dcmtk-dcmtk-3.6.8\build_msvc\dcmjpeg\libijg8\ijg8.dir\debug\ijg8.tlog\cl.write.1.tlog
d:\cybermed\daddy\dependency\dcmtk-dcmtk-3.6.8\build_msvc\dcmjpeg\libijg8\ijg8.dir\debug\ijg8.tlog\custombuild.command.1.tlog
d:\cybermed\daddy\dependency\dcmtk-dcmtk-3.6.8\build_msvc\dcmjpeg\libijg8\ijg8.dir\debug\ijg8.tlog\custombuild.read.1.tlog
d:\cybermed\daddy\dependency\dcmtk-dcmtk-3.6.8\build_msvc\dcmjpeg\libijg8\ijg8.dir\debug\ijg8.tlog\custombuild.write.1.tlog
d:\cybermed\daddy\dependency\dcmtk-dcmtk-3.6.8\build_msvc\dcmjpeg\libijg8\ijg8.dir\debug\ijg8.tlog\lib-link.read.1.tlog
d:\cybermed\daddy\dependency\dcmtk-dcmtk-3.6.8\build_msvc\dcmjpeg\libijg8\ijg8.dir\debug\ijg8.tlog\lib-link.write.1.tlog
d:\cybermed\daddy\dependency\dcmtk-dcmtk-3.6.8\build_msvc\dcmjpeg\libijg8\ijg8.dir\debug\ijg8.tlog\lib.command.1.tlog
d:\cybermed\daddy\dependency\dcmtk-dcmtk-3.6.8\build_msvc\dcmjpeg\libijg8\ijg8.dir\debug\ijg8.tlog\link.command.1.tlog
d:\cybermed\daddy\dependency\dcmtk-dcmtk-3.6.8\build_msvc\dcmjpeg\libijg8\ijg8.dir\debug\ijg8.tlog\link.read.1.tlog
d:\cybermed\daddy\dependency\dcmtk-dcmtk-3.6.8\build_msvc\dcmjpeg\libijg8\ijg8.dir\debug\ijg8.tlog\link.secondary.1.tlog
d:\cybermed\daddy\dependency\dcmtk-dcmtk-3.6.8\build_msvc\dcmjpeg\libijg8\ijg8.dir\debug\ijg8.tlog\link.write.1.tlog
