d:\cybermed\daddy\dependency\sdk-vtk-9.4.2\build_msvc\lib\debug\vtkkissfft-9.4d.pdb
d:\cybermed\daddy\dependency\sdk-vtk-9.4.2\build_msvc\thirdparty\kissfft\vtkkissfft\kissfft.dir\debug\kiss_fftr.obj
d:\cybermed\daddy\dependency\sdk-vtk-9.4.2\build_msvc\thirdparty\kissfft\vtkkissfft\kissfft.dir\debug\kiss_fftndr.obj
d:\cybermed\daddy\dependency\sdk-vtk-9.4.2\build_msvc\thirdparty\kissfft\vtkkissfft\kissfft.dir\debug\kiss_fftnd.obj
d:\cybermed\daddy\dependency\sdk-vtk-9.4.2\build_msvc\thirdparty\kissfft\vtkkissfft\kissfft.dir\debug\kiss_fastfir.obj
d:\cybermed\daddy\dependency\sdk-vtk-9.4.2\build_msvc\thirdparty\kissfft\vtkkissfft\kissfft.dir\debug\kiss_fft.obj
d:\cybermed\daddy\dependency\sdk-vtk-9.4.2\build_msvc\thirdparty\kissfft\vtkkissfft\kissfft.dir\debug\vc143.pdb
d:\cybermed\daddy\dependency\sdk-vtk-9.4.2\build_msvc\thirdparty\kissfft\vtkkissfft\cmakefiles\generate.stamp
d:\cybermed\daddy\dependency\sdk-vtk-9.4.2\build_msvc\lib\debug\vtkkissfft-9.4d.lib
d:\cybermed\daddy\dependency\sdk-vtk-9.4.2\build_msvc\bin\debug\vtkkissfft-9.4d.dll
d:\cybermed\daddy\dependency\sdk-vtk-9.4.2\build_msvc\bin\debug\vtkkissfft-9.4d.pdb
d:\cybermed\daddy\dependency\sdk-vtk-9.4.2\build_msvc\lib\debug\vtkkissfft-9.4d.exp
d:\cybermed\daddy\dependency\sdk-vtk-9.4.2\build_msvc\thirdparty\kissfft\vtkkissfft\kissfft.dir\debug\vtkkissfft-9.4d.ilk
d:\cybermed\daddy\dependency\sdk-vtk-9.4.2\build_msvc\thirdparty\kissfft\vtkkissfft\kissfft.dir\debug\kissfft.tlog\cl.command.1.tlog
d:\cybermed\daddy\dependency\sdk-vtk-9.4.2\build_msvc\thirdparty\kissfft\vtkkissfft\kissfft.dir\debug\kissfft.tlog\cl.items.tlog
d:\cybermed\daddy\dependency\sdk-vtk-9.4.2\build_msvc\thirdparty\kissfft\vtkkissfft\kissfft.dir\debug\kissfft.tlog\cl.read.1.tlog
d:\cybermed\daddy\dependency\sdk-vtk-9.4.2\build_msvc\thirdparty\kissfft\vtkkissfft\kissfft.dir\debug\kissfft.tlog\cl.write.1.tlog
d:\cybermed\daddy\dependency\sdk-vtk-9.4.2\build_msvc\thirdparty\kissfft\vtkkissfft\kissfft.dir\debug\kissfft.tlog\custombuild.command.1.tlog
d:\cybermed\daddy\dependency\sdk-vtk-9.4.2\build_msvc\thirdparty\kissfft\vtkkissfft\kissfft.dir\debug\kissfft.tlog\custombuild.read.1.tlog
d:\cybermed\daddy\dependency\sdk-vtk-9.4.2\build_msvc\thirdparty\kissfft\vtkkissfft\kissfft.dir\debug\kissfft.tlog\custombuild.write.1.tlog
d:\cybermed\daddy\dependency\sdk-vtk-9.4.2\build_msvc\thirdparty\kissfft\vtkkissfft\kissfft.dir\debug\kissfft.tlog\lib-link.read.1.tlog
d:\cybermed\daddy\dependency\sdk-vtk-9.4.2\build_msvc\thirdparty\kissfft\vtkkissfft\kissfft.dir\debug\kissfft.tlog\lib-link.write.1.tlog
d:\cybermed\daddy\dependency\sdk-vtk-9.4.2\build_msvc\thirdparty\kissfft\vtkkissfft\kissfft.dir\debug\kissfft.tlog\lib.command.1.tlog
d:\cybermed\daddy\dependency\sdk-vtk-9.4.2\build_msvc\thirdparty\kissfft\vtkkissfft\kissfft.dir\debug\kissfft.tlog\link.command.1.tlog
d:\cybermed\daddy\dependency\sdk-vtk-9.4.2\build_msvc\thirdparty\kissfft\vtkkissfft\kissfft.dir\debug\kissfft.tlog\link.read.1.tlog
d:\cybermed\daddy\dependency\sdk-vtk-9.4.2\build_msvc\thirdparty\kissfft\vtkkissfft\kissfft.dir\debug\kissfft.tlog\link.secondary.1.tlog
d:\cybermed\daddy\dependency\sdk-vtk-9.4.2\build_msvc\thirdparty\kissfft\vtkkissfft\kissfft.dir\debug\kissfft.tlog\link.write.1.tlog
