d:\cybermed\daddy\dependency\sdk-vtk-9.4.2\build_msvc\lib\debug\vtkhdf5-9.4d.pdb
d:\cybermed\daddy\dependency\sdk-vtk-9.4.2\build_msvc\thirdparty\hdf5\vtkhdf5\src\vtkhdf5_src.dir\debug\h5bcache.obj
d:\cybermed\daddy\dependency\sdk-vtk-9.4.2\build_msvc\thirdparty\hdf5\vtkhdf5\src\vtkhdf5_src.dir\debug\h5b.obj
d:\cybermed\daddy\dependency\sdk-vtk-9.4.2\build_msvc\thirdparty\hdf5\vtkhdf5\src\vtkhdf5_src.dir\debug\h5acproxy_entry.obj
d:\cybermed\daddy\dependency\sdk-vtk-9.4.2\build_msvc\thirdparty\hdf5\vtkhdf5\src\vtkhdf5_src.dir\debug\h5acmpio.obj
d:\cybermed\daddy\dependency\sdk-vtk-9.4.2\build_msvc\thirdparty\hdf5\vtkhdf5\src\vtkhdf5_src.dir\debug\h5acdbg.obj
d:\cybermed\daddy\dependency\sdk-vtk-9.4.2\build_msvc\thirdparty\hdf5\vtkhdf5\src\vtkhdf5_src.dir\debug\h5ac.obj
d:\cybermed\daddy\dependency\sdk-vtk-9.4.2\build_msvc\thirdparty\hdf5\vtkhdf5\src\vtkhdf5_src.dir\debug\h5atest.obj
d:\cybermed\daddy\dependency\sdk-vtk-9.4.2\build_msvc\thirdparty\hdf5\vtkhdf5\src\vtkhdf5_src.dir\debug\h5aint.obj
d:\cybermed\daddy\dependency\sdk-vtk-9.4.2\build_msvc\thirdparty\hdf5\vtkhdf5\src\vtkhdf5_src.dir\debug\h5adeprec.obj
d:\cybermed\daddy\dependency\sdk-vtk-9.4.2\build_msvc\thirdparty\hdf5\vtkhdf5\src\vtkhdf5_src.dir\debug\h5adense.obj
d:\cybermed\daddy\dependency\sdk-vtk-9.4.2\build_msvc\thirdparty\hdf5\vtkhdf5\src\vtkhdf5_src.dir\debug\h5abtree2.obj
d:\cybermed\daddy\dependency\sdk-vtk-9.4.2\build_msvc\thirdparty\hdf5\vtkhdf5\src\vtkhdf5_src.dir\debug\h5a.obj
d:\cybermed\daddy\dependency\sdk-vtk-9.4.2\build_msvc\thirdparty\hdf5\vtkhdf5\src\vtkhdf5_src.dir\debug\h5trace.obj
d:\cybermed\daddy\dependency\sdk-vtk-9.4.2\build_msvc\thirdparty\hdf5\vtkhdf5\src\vtkhdf5_src.dir\debug\h5timer.obj
d:\cybermed\daddy\dependency\sdk-vtk-9.4.2\build_msvc\thirdparty\hdf5\vtkhdf5\src\vtkhdf5_src.dir\debug\h5system.obj
d:\cybermed\daddy\dependency\sdk-vtk-9.4.2\build_msvc\thirdparty\hdf5\vtkhdf5\src\vtkhdf5_src.dir\debug\h5mpi.obj
d:\cybermed\daddy\dependency\sdk-vtk-9.4.2\build_msvc\thirdparty\hdf5\vtkhdf5\src\vtkhdf5_src.dir\debug\h5dbg.obj
d:\cybermed\daddy\dependency\sdk-vtk-9.4.2\build_msvc\thirdparty\hdf5\vtkhdf5\src\vtkhdf5_src.dir\debug\h5checksum.obj
d:\cybermed\daddy\dependency\sdk-vtk-9.4.2\build_msvc\thirdparty\hdf5\vtkhdf5\src\vtkhdf5_src.dir\debug\h5build_settings.obj
d:\cybermed\daddy\dependency\sdk-vtk-9.4.2\build_msvc\thirdparty\hdf5\vtkhdf5\src\vtkhdf5_src.dir\debug\h5.obj
d:\cybermed\daddy\dependency\sdk-vtk-9.4.2\build_msvc\thirdparty\hdf5\vtkhdf5\src\vtkhdf5_src.dir\debug\h5cquery.obj
d:\cybermed\daddy\dependency\sdk-vtk-9.4.2\build_msvc\thirdparty\hdf5\vtkhdf5\src\vtkhdf5_src.dir\debug\h5cprefetched.obj
d:\cybermed\daddy\dependency\sdk-vtk-9.4.2\build_msvc\thirdparty\hdf5\vtkhdf5\src\vtkhdf5_src.dir\debug\h5cmpio.obj
d:\cybermed\daddy\dependency\sdk-vtk-9.4.2\build_msvc\thirdparty\hdf5\vtkhdf5\src\vtkhdf5_src.dir\debug\h5clog_trace.obj
d:\cybermed\daddy\dependency\sdk-vtk-9.4.2\build_msvc\thirdparty\hdf5\vtkhdf5\src\vtkhdf5_src.dir\debug\h5clog_json.obj
d:\cybermed\daddy\dependency\sdk-vtk-9.4.2\build_msvc\thirdparty\hdf5\vtkhdf5\src\vtkhdf5_src.dir\debug\h5clog.obj
d:\cybermed\daddy\dependency\sdk-vtk-9.4.2\build_msvc\thirdparty\hdf5\vtkhdf5\src\vtkhdf5_src.dir\debug\h5cimage.obj
d:\cybermed\daddy\dependency\sdk-vtk-9.4.2\build_msvc\thirdparty\hdf5\vtkhdf5\src\vtkhdf5_src.dir\debug\h5cepoch.obj
d:\cybermed\daddy\dependency\sdk-vtk-9.4.2\build_msvc\thirdparty\hdf5\vtkhdf5\src\vtkhdf5_src.dir\debug\h5cdbg.obj
d:\cybermed\daddy\dependency\sdk-vtk-9.4.2\build_msvc\thirdparty\hdf5\vtkhdf5\src\vtkhdf5_src.dir\debug\h5c.obj
d:\cybermed\daddy\dependency\sdk-vtk-9.4.2\build_msvc\thirdparty\hdf5\vtkhdf5\src\vtkhdf5_src.dir\debug\h5b2test.obj
d:\cybermed\daddy\dependency\sdk-vtk-9.4.2\build_msvc\thirdparty\hdf5\vtkhdf5\src\vtkhdf5_src.dir\debug\h5b2stat.obj
d:\cybermed\daddy\dependency\sdk-vtk-9.4.2\build_msvc\thirdparty\hdf5\vtkhdf5\src\vtkhdf5_src.dir\debug\h5b2leaf.obj
d:\cybermed\daddy\dependency\sdk-vtk-9.4.2\build_msvc\thirdparty\hdf5\vtkhdf5\src\vtkhdf5_src.dir\debug\h5b2internal.obj
d:\cybermed\daddy\dependency\sdk-vtk-9.4.2\build_msvc\thirdparty\hdf5\vtkhdf5\src\vtkhdf5_src.dir\debug\h5b2int.obj
d:\cybermed\daddy\dependency\sdk-vtk-9.4.2\build_msvc\thirdparty\hdf5\vtkhdf5\src\vtkhdf5_src.dir\debug\h5b2hdr.obj
d:\cybermed\daddy\dependency\sdk-vtk-9.4.2\build_msvc\thirdparty\hdf5\vtkhdf5\src\vtkhdf5_src.dir\debug\h5b2dbg.obj
d:\cybermed\daddy\dependency\sdk-vtk-9.4.2\build_msvc\thirdparty\hdf5\vtkhdf5\src\vtkhdf5_src.dir\debug\h5b2cache.obj
d:\cybermed\daddy\dependency\sdk-vtk-9.4.2\build_msvc\thirdparty\hdf5\vtkhdf5\src\vtkhdf5_src.dir\debug\h5b2.obj
d:\cybermed\daddy\dependency\sdk-vtk-9.4.2\build_msvc\thirdparty\hdf5\vtkhdf5\src\vtkhdf5_src.dir\debug\h5bdbg.obj
d:\cybermed\daddy\dependency\sdk-vtk-9.4.2\build_msvc\thirdparty\hdf5\vtkhdf5\src\vtkhdf5_src.dir\debug\h5dmpio.obj
d:\cybermed\daddy\dependency\sdk-vtk-9.4.2\build_msvc\thirdparty\hdf5\vtkhdf5\src\vtkhdf5_src.dir\debug\h5dlayout.obj
d:\cybermed\daddy\dependency\sdk-vtk-9.4.2\build_msvc\thirdparty\hdf5\vtkhdf5\src\vtkhdf5_src.dir\debug\h5dio.obj
d:\cybermed\daddy\dependency\sdk-vtk-9.4.2\build_msvc\thirdparty\hdf5\vtkhdf5\src\vtkhdf5_src.dir\debug\h5dint.obj
d:\cybermed\daddy\dependency\sdk-vtk-9.4.2\build_msvc\thirdparty\hdf5\vtkhdf5\src\vtkhdf5_src.dir\debug\h5dfill.obj
d:\cybermed\daddy\dependency\sdk-vtk-9.4.2\build_msvc\thirdparty\hdf5\vtkhdf5\src\vtkhdf5_src.dir\debug\h5dfarray.obj
d:\cybermed\daddy\dependency\sdk-vtk-9.4.2\build_msvc\thirdparty\hdf5\vtkhdf5\src\vtkhdf5_src.dir\debug\h5defl.obj
d:\cybermed\daddy\dependency\sdk-vtk-9.4.2\build_msvc\thirdparty\hdf5\vtkhdf5\src\vtkhdf5_src.dir\debug\h5dearray.obj
d:\cybermed\daddy\dependency\sdk-vtk-9.4.2\build_msvc\thirdparty\hdf5\vtkhdf5\src\vtkhdf5_src.dir\debug\h5ddeprec.obj
d:\cybermed\daddy\dependency\sdk-vtk-9.4.2\build_msvc\thirdparty\hdf5\vtkhdf5\src\vtkhdf5_src.dir\debug\h5ddbg.obj
d:\cybermed\daddy\dependency\sdk-vtk-9.4.2\build_msvc\thirdparty\hdf5\vtkhdf5\src\vtkhdf5_src.dir\debug\h5dcontig.obj
d:\cybermed\daddy\dependency\sdk-vtk-9.4.2\build_msvc\thirdparty\hdf5\vtkhdf5\src\vtkhdf5_src.dir\debug\h5dcompact.obj
d:\cybermed\daddy\dependency\sdk-vtk-9.4.2\build_msvc\thirdparty\hdf5\vtkhdf5\src\vtkhdf5_src.dir\debug\h5dchunk.obj
d:\cybermed\daddy\dependency\sdk-vtk-9.4.2\build_msvc\thirdparty\hdf5\vtkhdf5\src\vtkhdf5_src.dir\debug\h5dbtree2.obj
d:\cybermed\daddy\dependency\sdk-vtk-9.4.2\build_msvc\thirdparty\hdf5\vtkhdf5\src\vtkhdf5_src.dir\debug\h5dbtree.obj
d:\cybermed\daddy\dependency\sdk-vtk-9.4.2\build_msvc\thirdparty\hdf5\vtkhdf5\src\vtkhdf5_src.dir\debug\h5d.obj
d:\cybermed\daddy\dependency\sdk-vtk-9.4.2\build_msvc\thirdparty\hdf5\vtkhdf5\src\vtkhdf5_src.dir\debug\h5cx.obj
d:\cybermed\daddy\dependency\sdk-vtk-9.4.2\build_msvc\thirdparty\hdf5\vtkhdf5\src\vtkhdf5_src.dir\debug\h5cs.obj
d:\cybermed\daddy\dependency\sdk-vtk-9.4.2\build_msvc\thirdparty\hdf5\vtkhdf5\src\vtkhdf5_src.dir\debug\h5ctest.obj
d:\cybermed\daddy\dependency\sdk-vtk-9.4.2\build_msvc\thirdparty\hdf5\vtkhdf5\src\vtkhdf5_src.dir\debug\h5ctag.obj
d:\cybermed\daddy\dependency\sdk-vtk-9.4.2\build_msvc\thirdparty\hdf5\vtkhdf5\src\vtkhdf5_src.dir\debug\h5eastat.obj
d:\cybermed\daddy\dependency\sdk-vtk-9.4.2\build_msvc\thirdparty\hdf5\vtkhdf5\src\vtkhdf5_src.dir\debug\h5easblock.obj
d:\cybermed\daddy\dependency\sdk-vtk-9.4.2\build_msvc\thirdparty\hdf5\vtkhdf5\src\vtkhdf5_src.dir\debug\h5eaint.obj
d:\cybermed\daddy\dependency\sdk-vtk-9.4.2\build_msvc\thirdparty\hdf5\vtkhdf5\src\vtkhdf5_src.dir\debug\h5eaiblock.obj
d:\cybermed\daddy\dependency\sdk-vtk-9.4.2\build_msvc\thirdparty\hdf5\vtkhdf5\src\vtkhdf5_src.dir\debug\h5eahdr.obj
d:\cybermed\daddy\dependency\sdk-vtk-9.4.2\build_msvc\thirdparty\hdf5\vtkhdf5\src\vtkhdf5_src.dir\debug\h5eadblock.obj
d:\cybermed\daddy\dependency\sdk-vtk-9.4.2\build_msvc\thirdparty\hdf5\vtkhdf5\src\vtkhdf5_src.dir\debug\h5eadblkpage.obj
d:\cybermed\daddy\dependency\sdk-vtk-9.4.2\build_msvc\thirdparty\hdf5\vtkhdf5\src\vtkhdf5_src.dir\debug\h5eadbg.obj
d:\cybermed\daddy\dependency\sdk-vtk-9.4.2\build_msvc\thirdparty\hdf5\vtkhdf5\src\vtkhdf5_src.dir\debug\h5eacache.obj
d:\cybermed\daddy\dependency\sdk-vtk-9.4.2\build_msvc\thirdparty\hdf5\vtkhdf5\src\vtkhdf5_src.dir\debug\h5ea.obj
d:\cybermed\daddy\dependency\sdk-vtk-9.4.2\build_msvc\thirdparty\hdf5\vtkhdf5\src\vtkhdf5_src.dir\debug\h5eint.obj
d:\cybermed\daddy\dependency\sdk-vtk-9.4.2\build_msvc\thirdparty\hdf5\vtkhdf5\src\vtkhdf5_src.dir\debug\h5edeprec.obj
d:\cybermed\daddy\dependency\sdk-vtk-9.4.2\build_msvc\thirdparty\hdf5\vtkhdf5\src\vtkhdf5_src.dir\debug\h5e.obj
d:\cybermed\daddy\dependency\sdk-vtk-9.4.2\build_msvc\thirdparty\hdf5\vtkhdf5\src\vtkhdf5_src.dir\debug\h5dvirtual.obj
d:\cybermed\daddy\dependency\sdk-vtk-9.4.2\build_msvc\thirdparty\hdf5\vtkhdf5\src\vtkhdf5_src.dir\debug\h5dtest.obj
d:\cybermed\daddy\dependency\sdk-vtk-9.4.2\build_msvc\thirdparty\hdf5\vtkhdf5\src\vtkhdf5_src.dir\debug\h5dsingle.obj
d:\cybermed\daddy\dependency\sdk-vtk-9.4.2\build_msvc\thirdparty\hdf5\vtkhdf5\src\vtkhdf5_src.dir\debug\h5dselect.obj
d:\cybermed\daddy\dependency\sdk-vtk-9.4.2\build_msvc\thirdparty\hdf5\vtkhdf5\src\vtkhdf5_src.dir\debug\h5dscatgath.obj
d:\cybermed\daddy\dependency\sdk-vtk-9.4.2\build_msvc\thirdparty\hdf5\vtkhdf5\src\vtkhdf5_src.dir\debug\h5doh.obj
d:\cybermed\daddy\dependency\sdk-vtk-9.4.2\build_msvc\thirdparty\hdf5\vtkhdf5\src\vtkhdf5_src.dir\debug\h5dnone.obj
d:\cybermed\daddy\dependency\sdk-vtk-9.4.2\build_msvc\thirdparty\hdf5\vtkhdf5\src\vtkhdf5_src.dir\debug\h5fsuper.obj
d:\cybermed\daddy\dependency\sdk-vtk-9.4.2\build_msvc\thirdparty\hdf5\vtkhdf5\src\vtkhdf5_src.dir\debug\h5fspace.obj
d:\cybermed\daddy\dependency\sdk-vtk-9.4.2\build_msvc\thirdparty\hdf5\vtkhdf5\src\vtkhdf5_src.dir\debug\h5fsfile.obj
d:\cybermed\daddy\dependency\sdk-vtk-9.4.2\build_msvc\thirdparty\hdf5\vtkhdf5\src\vtkhdf5_src.dir\debug\h5fquery.obj
d:\cybermed\daddy\dependency\sdk-vtk-9.4.2\build_msvc\thirdparty\hdf5\vtkhdf5\src\vtkhdf5_src.dir\debug\h5fmpi.obj
d:\cybermed\daddy\dependency\sdk-vtk-9.4.2\build_msvc\thirdparty\hdf5\vtkhdf5\src\vtkhdf5_src.dir\debug\h5fmount.obj
d:\cybermed\daddy\dependency\sdk-vtk-9.4.2\build_msvc\thirdparty\hdf5\vtkhdf5\src\vtkhdf5_src.dir\debug\h5fio.obj
d:\cybermed\daddy\dependency\sdk-vtk-9.4.2\build_msvc\thirdparty\hdf5\vtkhdf5\src\vtkhdf5_src.dir\debug\h5fint.obj
d:\cybermed\daddy\dependency\sdk-vtk-9.4.2\build_msvc\thirdparty\hdf5\vtkhdf5\src\vtkhdf5_src.dir\debug\h5ffake.obj
d:\cybermed\daddy\dependency\sdk-vtk-9.4.2\build_msvc\thirdparty\hdf5\vtkhdf5\src\vtkhdf5_src.dir\debug\h5fefc.obj
d:\cybermed\daddy\dependency\sdk-vtk-9.4.2\build_msvc\thirdparty\hdf5\vtkhdf5\src\vtkhdf5_src.dir\debug\h5fdeprec.obj
d:\cybermed\daddy\dependency\sdk-vtk-9.4.2\build_msvc\thirdparty\hdf5\vtkhdf5\src\vtkhdf5_src.dir\debug\h5fdbg.obj
d:\cybermed\daddy\dependency\sdk-vtk-9.4.2\build_msvc\thirdparty\hdf5\vtkhdf5\src\vtkhdf5_src.dir\debug\h5fcwfs.obj
d:\cybermed\daddy\dependency\sdk-vtk-9.4.2\build_msvc\thirdparty\hdf5\vtkhdf5\src\vtkhdf5_src.dir\debug\h5faccum.obj
d:\cybermed\daddy\dependency\sdk-vtk-9.4.2\build_msvc\thirdparty\hdf5\vtkhdf5\src\vtkhdf5_src.dir\debug\h5f.obj
d:\cybermed\daddy\dependency\sdk-vtk-9.4.2\build_msvc\thirdparty\hdf5\vtkhdf5\src\vtkhdf5_src.dir\debug\h5eslist.obj
d:\cybermed\daddy\dependency\sdk-vtk-9.4.2\build_msvc\thirdparty\hdf5\vtkhdf5\src\vtkhdf5_src.dir\debug\h5esint.obj
d:\cybermed\daddy\dependency\sdk-vtk-9.4.2\build_msvc\thirdparty\hdf5\vtkhdf5\src\vtkhdf5_src.dir\debug\h5esevent.obj
d:\cybermed\daddy\dependency\sdk-vtk-9.4.2\build_msvc\thirdparty\hdf5\vtkhdf5\src\vtkhdf5_src.dir\debug\h5es.obj
d:\cybermed\daddy\dependency\sdk-vtk-9.4.2\build_msvc\thirdparty\hdf5\vtkhdf5\src\vtkhdf5_src.dir\debug\h5eatest.obj
d:\cybermed\daddy\dependency\sdk-vtk-9.4.2\build_msvc\thirdparty\hdf5\vtkhdf5\src\vtkhdf5_src.dir\debug\h5fdmpi.obj
d:\cybermed\daddy\dependency\sdk-vtk-9.4.2\build_msvc\thirdparty\hdf5\vtkhdf5\src\vtkhdf5_src.dir\debug\h5fdmirror.obj
d:\cybermed\daddy\dependency\sdk-vtk-9.4.2\build_msvc\thirdparty\hdf5\vtkhdf5\src\vtkhdf5_src.dir\debug\h5fdlog.obj
d:\cybermed\daddy\dependency\sdk-vtk-9.4.2\build_msvc\thirdparty\hdf5\vtkhdf5\src\vtkhdf5_src.dir\debug\h5fdint.obj
d:\cybermed\daddy\dependency\sdk-vtk-9.4.2\build_msvc\thirdparty\hdf5\vtkhdf5\src\vtkhdf5_src.dir\debug\h5fdhdfs.obj
d:\cybermed\daddy\dependency\sdk-vtk-9.4.2\build_msvc\thirdparty\hdf5\vtkhdf5\src\vtkhdf5_src.dir\debug\h5fdfamily.obj
d:\cybermed\daddy\dependency\sdk-vtk-9.4.2\build_msvc\thirdparty\hdf5\vtkhdf5\src\vtkhdf5_src.dir\debug\h5fddirect.obj
d:\cybermed\daddy\dependency\sdk-vtk-9.4.2\build_msvc\thirdparty\hdf5\vtkhdf5\src\vtkhdf5_src.dir\debug\h5fdcore.obj
d:\cybermed\daddy\dependency\sdk-vtk-9.4.2\build_msvc\thirdparty\hdf5\vtkhdf5\src\vtkhdf5_src.dir\debug\h5fd.obj
d:\cybermed\daddy\dependency\sdk-vtk-9.4.2\build_msvc\thirdparty\hdf5\vtkhdf5\src\vtkhdf5_src.dir\debug\h5fatest.obj
d:\cybermed\daddy\dependency\sdk-vtk-9.4.2\build_msvc\thirdparty\hdf5\vtkhdf5\src\vtkhdf5_src.dir\debug\h5fastat.obj
d:\cybermed\daddy\dependency\sdk-vtk-9.4.2\build_msvc\thirdparty\hdf5\vtkhdf5\src\vtkhdf5_src.dir\debug\h5faint.obj
d:\cybermed\daddy\dependency\sdk-vtk-9.4.2\build_msvc\thirdparty\hdf5\vtkhdf5\src\vtkhdf5_src.dir\debug\h5fahdr.obj
d:\cybermed\daddy\dependency\sdk-vtk-9.4.2\build_msvc\thirdparty\hdf5\vtkhdf5\src\vtkhdf5_src.dir\debug\h5fadblock.obj
d:\cybermed\daddy\dependency\sdk-vtk-9.4.2\build_msvc\thirdparty\hdf5\vtkhdf5\src\vtkhdf5_src.dir\debug\h5fadblkpage.obj
d:\cybermed\daddy\dependency\sdk-vtk-9.4.2\build_msvc\thirdparty\hdf5\vtkhdf5\src\vtkhdf5_src.dir\debug\h5fadbg.obj
d:\cybermed\daddy\dependency\sdk-vtk-9.4.2\build_msvc\thirdparty\hdf5\vtkhdf5\src\vtkhdf5_src.dir\debug\h5facache.obj
d:\cybermed\daddy\dependency\sdk-vtk-9.4.2\build_msvc\thirdparty\hdf5\vtkhdf5\src\vtkhdf5_src.dir\debug\h5fa.obj
d:\cybermed\daddy\dependency\sdk-vtk-9.4.2\build_msvc\thirdparty\hdf5\vtkhdf5\src\vtkhdf5_src.dir\debug\h5ftest.obj
d:\cybermed\daddy\dependency\sdk-vtk-9.4.2\build_msvc\thirdparty\hdf5\vtkhdf5\src\vtkhdf5_src.dir\debug\h5fsuper_cache.obj
d:\cybermed\daddy\dependency\sdk-vtk-9.4.2\build_msvc\thirdparty\hdf5\vtkhdf5\src\vtkhdf5_src.dir\debug\h5fstest.obj
d:\cybermed\daddy\dependency\sdk-vtk-9.4.2\build_msvc\thirdparty\hdf5\vtkhdf5\src\vtkhdf5_src.dir\debug\h5fsstat.obj
d:\cybermed\daddy\dependency\sdk-vtk-9.4.2\build_msvc\thirdparty\hdf5\vtkhdf5\src\vtkhdf5_src.dir\debug\h5fssection.obj
d:\cybermed\daddy\dependency\sdk-vtk-9.4.2\build_msvc\thirdparty\hdf5\vtkhdf5\src\vtkhdf5_src.dir\debug\h5fsint.obj
d:\cybermed\daddy\dependency\sdk-vtk-9.4.2\build_msvc\thirdparty\hdf5\vtkhdf5\src\vtkhdf5_src.dir\debug\h5fsdbg.obj
d:\cybermed\daddy\dependency\sdk-vtk-9.4.2\build_msvc\thirdparty\hdf5\vtkhdf5\src\vtkhdf5_src.dir\debug\h5fscache.obj
d:\cybermed\daddy\dependency\sdk-vtk-9.4.2\build_msvc\thirdparty\hdf5\vtkhdf5\src\vtkhdf5_src.dir\debug\h5fs.obj
d:\cybermed\daddy\dependency\sdk-vtk-9.4.2\build_msvc\thirdparty\hdf5\vtkhdf5\src\vtkhdf5_src.dir\debug\h5fo.obj
d:\cybermed\daddy\dependency\sdk-vtk-9.4.2\build_msvc\thirdparty\hdf5\vtkhdf5\src\vtkhdf5_src.dir\debug\h5fl.obj
d:\cybermed\daddy\dependency\sdk-vtk-9.4.2\build_msvc\thirdparty\hdf5\vtkhdf5\src\vtkhdf5_src.dir\debug\h5fdwindows.obj
d:\cybermed\daddy\dependency\sdk-vtk-9.4.2\build_msvc\thirdparty\hdf5\vtkhdf5\src\vtkhdf5_src.dir\debug\h5fdtest.obj
d:\cybermed\daddy\dependency\sdk-vtk-9.4.2\build_msvc\thirdparty\hdf5\vtkhdf5\src\vtkhdf5_src.dir\debug\h5fdstdio.obj
d:\cybermed\daddy\dependency\sdk-vtk-9.4.2\build_msvc\thirdparty\hdf5\vtkhdf5\src\vtkhdf5_src.dir\debug\h5fdsplitter.obj
d:\cybermed\daddy\dependency\sdk-vtk-9.4.2\build_msvc\thirdparty\hdf5\vtkhdf5\src\vtkhdf5_src.dir\debug\h5fdspace.obj
d:\cybermed\daddy\dependency\sdk-vtk-9.4.2\build_msvc\thirdparty\hdf5\vtkhdf5\src\vtkhdf5_src.dir\debug\h5fdsec2.obj
d:\cybermed\daddy\dependency\sdk-vtk-9.4.2\build_msvc\thirdparty\hdf5\vtkhdf5\src\vtkhdf5_src.dir\debug\h5fds3comms.obj
d:\cybermed\daddy\dependency\sdk-vtk-9.4.2\build_msvc\thirdparty\hdf5\vtkhdf5\src\vtkhdf5_src.dir\debug\h5fdros3.obj
d:\cybermed\daddy\dependency\sdk-vtk-9.4.2\build_msvc\thirdparty\hdf5\vtkhdf5\src\vtkhdf5_src.dir\debug\h5fdperform.obj
d:\cybermed\daddy\dependency\sdk-vtk-9.4.2\build_msvc\thirdparty\hdf5\vtkhdf5\src\vtkhdf5_src.dir\debug\h5fdmulti.obj
d:\cybermed\daddy\dependency\sdk-vtk-9.4.2\build_msvc\thirdparty\hdf5\vtkhdf5\src\vtkhdf5_src.dir\debug\h5fdmpio.obj
d:\cybermed\daddy\dependency\sdk-vtk-9.4.2\build_msvc\thirdparty\hdf5\vtkhdf5\src\vtkhdf5_src.dir\debug\h5hfbtree2.obj
d:\cybermed\daddy\dependency\sdk-vtk-9.4.2\build_msvc\thirdparty\hdf5\vtkhdf5\src\vtkhdf5_src.dir\debug\h5hf.obj
d:\cybermed\daddy\dependency\sdk-vtk-9.4.2\build_msvc\thirdparty\hdf5\vtkhdf5\src\vtkhdf5_src.dir\debug\h5gtraverse.obj
d:\cybermed\daddy\dependency\sdk-vtk-9.4.2\build_msvc\thirdparty\hdf5\vtkhdf5\src\vtkhdf5_src.dir\debug\h5gtest.obj
d:\cybermed\daddy\dependency\sdk-vtk-9.4.2\build_msvc\thirdparty\hdf5\vtkhdf5\src\vtkhdf5_src.dir\debug\h5gstab.obj
d:\cybermed\daddy\dependency\sdk-vtk-9.4.2\build_msvc\thirdparty\hdf5\vtkhdf5\src\vtkhdf5_src.dir\debug\h5groot.obj
d:\cybermed\daddy\dependency\sdk-vtk-9.4.2\build_msvc\thirdparty\hdf5\vtkhdf5\src\vtkhdf5_src.dir\debug\h5goh.obj
d:\cybermed\daddy\dependency\sdk-vtk-9.4.2\build_msvc\thirdparty\hdf5\vtkhdf5\src\vtkhdf5_src.dir\debug\h5gobj.obj
d:\cybermed\daddy\dependency\sdk-vtk-9.4.2\build_msvc\thirdparty\hdf5\vtkhdf5\src\vtkhdf5_src.dir\debug\h5gnode.obj
d:\cybermed\daddy\dependency\sdk-vtk-9.4.2\build_msvc\thirdparty\hdf5\vtkhdf5\src\vtkhdf5_src.dir\debug\h5gname.obj
d:\cybermed\daddy\dependency\sdk-vtk-9.4.2\build_msvc\thirdparty\hdf5\vtkhdf5\src\vtkhdf5_src.dir\debug\h5gloc.obj
d:\cybermed\daddy\dependency\sdk-vtk-9.4.2\build_msvc\thirdparty\hdf5\vtkhdf5\src\vtkhdf5_src.dir\debug\h5glink.obj
d:\cybermed\daddy\dependency\sdk-vtk-9.4.2\build_msvc\thirdparty\hdf5\vtkhdf5\src\vtkhdf5_src.dir\debug\h5gint.obj
d:\cybermed\daddy\dependency\sdk-vtk-9.4.2\build_msvc\thirdparty\hdf5\vtkhdf5\src\vtkhdf5_src.dir\debug\h5gent.obj
d:\cybermed\daddy\dependency\sdk-vtk-9.4.2\build_msvc\thirdparty\hdf5\vtkhdf5\src\vtkhdf5_src.dir\debug\h5gdeprec.obj
d:\cybermed\daddy\dependency\sdk-vtk-9.4.2\build_msvc\thirdparty\hdf5\vtkhdf5\src\vtkhdf5_src.dir\debug\h5gdense.obj
d:\cybermed\daddy\dependency\sdk-vtk-9.4.2\build_msvc\thirdparty\hdf5\vtkhdf5\src\vtkhdf5_src.dir\debug\h5gcompact.obj
d:\cybermed\daddy\dependency\sdk-vtk-9.4.2\build_msvc\thirdparty\hdf5\vtkhdf5\src\vtkhdf5_src.dir\debug\h5gcache.obj
d:\cybermed\daddy\dependency\sdk-vtk-9.4.2\build_msvc\thirdparty\hdf5\vtkhdf5\src\vtkhdf5_src.dir\debug\h5gbtree2.obj
d:\cybermed\daddy\dependency\sdk-vtk-9.4.2\build_msvc\thirdparty\hdf5\vtkhdf5\src\vtkhdf5_src.dir\debug\h5g.obj
d:\cybermed\daddy\dependency\sdk-vtk-9.4.2\build_msvc\thirdparty\hdf5\vtkhdf5\src\vtkhdf5_src.dir\debug\h5hlcache.obj
d:\cybermed\daddy\dependency\sdk-vtk-9.4.2\build_msvc\thirdparty\hdf5\vtkhdf5\src\vtkhdf5_src.dir\debug\h5hl.obj
d:\cybermed\daddy\dependency\sdk-vtk-9.4.2\build_msvc\thirdparty\hdf5\vtkhdf5\src\vtkhdf5_src.dir\debug\h5hgquery.obj
d:\cybermed\daddy\dependency\sdk-vtk-9.4.2\build_msvc\thirdparty\hdf5\vtkhdf5\src\vtkhdf5_src.dir\debug\h5hgdbg.obj
d:\cybermed\daddy\dependency\sdk-vtk-9.4.2\build_msvc\thirdparty\hdf5\vtkhdf5\src\vtkhdf5_src.dir\debug\h5hgcache.obj
d:\cybermed\daddy\dependency\sdk-vtk-9.4.2\build_msvc\thirdparty\hdf5\vtkhdf5\src\vtkhdf5_src.dir\debug\h5hg.obj
d:\cybermed\daddy\dependency\sdk-vtk-9.4.2\build_msvc\thirdparty\hdf5\vtkhdf5\src\vtkhdf5_src.dir\debug\h5hftiny.obj
d:\cybermed\daddy\dependency\sdk-vtk-9.4.2\build_msvc\thirdparty\hdf5\vtkhdf5\src\vtkhdf5_src.dir\debug\h5hftest.obj
d:\cybermed\daddy\dependency\sdk-vtk-9.4.2\build_msvc\thirdparty\hdf5\vtkhdf5\src\vtkhdf5_src.dir\debug\h5hfstat.obj
d:\cybermed\daddy\dependency\sdk-vtk-9.4.2\build_msvc\thirdparty\hdf5\vtkhdf5\src\vtkhdf5_src.dir\debug\h5hfspace.obj
d:\cybermed\daddy\dependency\sdk-vtk-9.4.2\build_msvc\thirdparty\hdf5\vtkhdf5\src\vtkhdf5_src.dir\debug\h5hfsection.obj
d:\cybermed\daddy\dependency\sdk-vtk-9.4.2\build_msvc\thirdparty\hdf5\vtkhdf5\src\vtkhdf5_src.dir\debug\h5hfman.obj
d:\cybermed\daddy\dependency\sdk-vtk-9.4.2\build_msvc\thirdparty\hdf5\vtkhdf5\src\vtkhdf5_src.dir\debug\h5hfiter.obj
d:\cybermed\daddy\dependency\sdk-vtk-9.4.2\build_msvc\thirdparty\hdf5\vtkhdf5\src\vtkhdf5_src.dir\debug\h5hfiblock.obj
d:\cybermed\daddy\dependency\sdk-vtk-9.4.2\build_msvc\thirdparty\hdf5\vtkhdf5\src\vtkhdf5_src.dir\debug\h5hfhuge.obj
d:\cybermed\daddy\dependency\sdk-vtk-9.4.2\build_msvc\thirdparty\hdf5\vtkhdf5\src\vtkhdf5_src.dir\debug\h5hfhdr.obj
d:\cybermed\daddy\dependency\sdk-vtk-9.4.2\build_msvc\thirdparty\hdf5\vtkhdf5\src\vtkhdf5_src.dir\debug\h5hfdtable.obj
d:\cybermed\daddy\dependency\sdk-vtk-9.4.2\build_msvc\thirdparty\hdf5\vtkhdf5\src\vtkhdf5_src.dir\debug\h5hfdblock.obj
d:\cybermed\daddy\dependency\sdk-vtk-9.4.2\build_msvc\thirdparty\hdf5\vtkhdf5\src\vtkhdf5_src.dir\debug\h5hfdbg.obj
d:\cybermed\daddy\dependency\sdk-vtk-9.4.2\build_msvc\thirdparty\hdf5\vtkhdf5\src\vtkhdf5_src.dir\debug\h5hfcache.obj
d:\cybermed\daddy\dependency\sdk-vtk-9.4.2\build_msvc\thirdparty\hdf5\vtkhdf5\src\vtkhdf5_src.dir\debug\h5mp.obj
d:\cybermed\daddy\dependency\sdk-vtk-9.4.2\build_msvc\thirdparty\hdf5\vtkhdf5\src\vtkhdf5_src.dir\debug\h5mm.obj
d:\cybermed\daddy\dependency\sdk-vtk-9.4.2\build_msvc\thirdparty\hdf5\vtkhdf5\src\vtkhdf5_src.dir\debug\h5mfsection.obj
d:\cybermed\daddy\dependency\sdk-vtk-9.4.2\build_msvc\thirdparty\hdf5\vtkhdf5\src\vtkhdf5_src.dir\debug\h5mfdbg.obj
d:\cybermed\daddy\dependency\sdk-vtk-9.4.2\build_msvc\thirdparty\hdf5\vtkhdf5\src\vtkhdf5_src.dir\debug\h5mfaggr.obj
d:\cybermed\daddy\dependency\sdk-vtk-9.4.2\build_msvc\thirdparty\hdf5\vtkhdf5\src\vtkhdf5_src.dir\debug\h5mf.obj
d:\cybermed\daddy\dependency\sdk-vtk-9.4.2\build_msvc\thirdparty\hdf5\vtkhdf5\src\vtkhdf5_src.dir\debug\h5m.obj
d:\cybermed\daddy\dependency\sdk-vtk-9.4.2\build_msvc\thirdparty\hdf5\vtkhdf5\src\vtkhdf5_src.dir\debug\h5lint.obj
d:\cybermed\daddy\dependency\sdk-vtk-9.4.2\build_msvc\thirdparty\hdf5\vtkhdf5\src\vtkhdf5_src.dir\debug\h5lexternal.obj
d:\cybermed\daddy\dependency\sdk-vtk-9.4.2\build_msvc\thirdparty\hdf5\vtkhdf5\src\vtkhdf5_src.dir\debug\h5ldeprec.obj
d:\cybermed\daddy\dependency\sdk-vtk-9.4.2\build_msvc\thirdparty\hdf5\vtkhdf5\src\vtkhdf5_src.dir\debug\h5l.obj
d:\cybermed\daddy\dependency\sdk-vtk-9.4.2\build_msvc\thirdparty\hdf5\vtkhdf5\src\vtkhdf5_src.dir\debug\h5itest.obj
d:\cybermed\daddy\dependency\sdk-vtk-9.4.2\build_msvc\thirdparty\hdf5\vtkhdf5\src\vtkhdf5_src.dir\debug\h5iint.obj
d:\cybermed\daddy\dependency\sdk-vtk-9.4.2\build_msvc\thirdparty\hdf5\vtkhdf5\src\vtkhdf5_src.dir\debug\h5idbg.obj
d:\cybermed\daddy\dependency\sdk-vtk-9.4.2\build_msvc\thirdparty\hdf5\vtkhdf5\src\vtkhdf5_src.dir\debug\h5i.obj
d:\cybermed\daddy\dependency\sdk-vtk-9.4.2\build_msvc\thirdparty\hdf5\vtkhdf5\src\vtkhdf5_src.dir\debug\h5hp.obj
d:\cybermed\daddy\dependency\sdk-vtk-9.4.2\build_msvc\thirdparty\hdf5\vtkhdf5\src\vtkhdf5_src.dir\debug\h5hlprfx.obj
d:\cybermed\daddy\dependency\sdk-vtk-9.4.2\build_msvc\thirdparty\hdf5\vtkhdf5\src\vtkhdf5_src.dir\debug\h5hlint.obj
d:\cybermed\daddy\dependency\sdk-vtk-9.4.2\build_msvc\thirdparty\hdf5\vtkhdf5\src\vtkhdf5_src.dir\debug\h5hldblk.obj
d:\cybermed\daddy\dependency\sdk-vtk-9.4.2\build_msvc\thirdparty\hdf5\vtkhdf5\src\vtkhdf5_src.dir\debug\h5hldbg.obj
d:\cybermed\daddy\dependency\sdk-vtk-9.4.2\build_msvc\thirdparty\hdf5\vtkhdf5\src\vtkhdf5_src.dir\debug\h5ofill.obj
d:\cybermed\daddy\dependency\sdk-vtk-9.4.2\build_msvc\thirdparty\hdf5\vtkhdf5\src\vtkhdf5_src.dir\debug\h5oefl.obj
d:\cybermed\daddy\dependency\sdk-vtk-9.4.2\build_msvc\thirdparty\hdf5\vtkhdf5\src\vtkhdf5_src.dir\debug\h5odtype.obj
d:\cybermed\daddy\dependency\sdk-vtk-9.4.2\build_msvc\thirdparty\hdf5\vtkhdf5\src\vtkhdf5_src.dir\debug\h5odrvinfo.obj
d:\cybermed\daddy\dependency\sdk-vtk-9.4.2\build_msvc\thirdparty\hdf5\vtkhdf5\src\vtkhdf5_src.dir\debug\h5odeprec.obj
d:\cybermed\daddy\dependency\sdk-vtk-9.4.2\build_msvc\thirdparty\hdf5\vtkhdf5\src\vtkhdf5_src.dir\debug\h5odbg.obj
d:\cybermed\daddy\dependency\sdk-vtk-9.4.2\build_msvc\thirdparty\hdf5\vtkhdf5\src\vtkhdf5_src.dir\debug\h5ocopy_ref.obj
d:\cybermed\daddy\dependency\sdk-vtk-9.4.2\build_msvc\thirdparty\hdf5\vtkhdf5\src\vtkhdf5_src.dir\debug\h5ocopy.obj
d:\cybermed\daddy\dependency\sdk-vtk-9.4.2\build_msvc\thirdparty\hdf5\vtkhdf5\src\vtkhdf5_src.dir\debug\h5ocont.obj
d:\cybermed\daddy\dependency\sdk-vtk-9.4.2\build_msvc\thirdparty\hdf5\vtkhdf5\src\vtkhdf5_src.dir\debug\h5ochunk.obj
d:\cybermed\daddy\dependency\sdk-vtk-9.4.2\build_msvc\thirdparty\hdf5\vtkhdf5\src\vtkhdf5_src.dir\debug\h5ocache_image.obj
d:\cybermed\daddy\dependency\sdk-vtk-9.4.2\build_msvc\thirdparty\hdf5\vtkhdf5\src\vtkhdf5_src.dir\debug\h5ocache.obj
d:\cybermed\daddy\dependency\sdk-vtk-9.4.2\build_msvc\thirdparty\hdf5\vtkhdf5\src\vtkhdf5_src.dir\debug\h5obtreek.obj
d:\cybermed\daddy\dependency\sdk-vtk-9.4.2\build_msvc\thirdparty\hdf5\vtkhdf5\src\vtkhdf5_src.dir\debug\h5obogus.obj
d:\cybermed\daddy\dependency\sdk-vtk-9.4.2\build_msvc\thirdparty\hdf5\vtkhdf5\src\vtkhdf5_src.dir\debug\h5oattribute.obj
d:\cybermed\daddy\dependency\sdk-vtk-9.4.2\build_msvc\thirdparty\hdf5\vtkhdf5\src\vtkhdf5_src.dir\debug\h5oattr.obj
d:\cybermed\daddy\dependency\sdk-vtk-9.4.2\build_msvc\thirdparty\hdf5\vtkhdf5\src\vtkhdf5_src.dir\debug\h5oalloc.obj
d:\cybermed\daddy\dependency\sdk-vtk-9.4.2\build_msvc\thirdparty\hdf5\vtkhdf5\src\vtkhdf5_src.dir\debug\h5oainfo.obj
d:\cybermed\daddy\dependency\sdk-vtk-9.4.2\build_msvc\thirdparty\hdf5\vtkhdf5\src\vtkhdf5_src.dir\debug\h5o.obj
d:\cybermed\daddy\dependency\sdk-vtk-9.4.2\build_msvc\thirdparty\hdf5\vtkhdf5\src\vtkhdf5_src.dir\debug\h5mptest.obj
d:\cybermed\daddy\dependency\sdk-vtk-9.4.2\build_msvc\thirdparty\hdf5\vtkhdf5\src\vtkhdf5_src.dir\debug\h5p.obj
d:\cybermed\daddy\dependency\sdk-vtk-9.4.2\build_msvc\thirdparty\hdf5\vtkhdf5\src\vtkhdf5_src.dir\debug\h5ounknown.obj
d:\cybermed\daddy\dependency\sdk-vtk-9.4.2\build_msvc\thirdparty\hdf5\vtkhdf5\src\vtkhdf5_src.dir\debug\h5otest.obj
d:\cybermed\daddy\dependency\sdk-vtk-9.4.2\build_msvc\thirdparty\hdf5\vtkhdf5\src\vtkhdf5_src.dir\debug\h5ostab.obj
d:\cybermed\daddy\dependency\sdk-vtk-9.4.2\build_msvc\thirdparty\hdf5\vtkhdf5\src\vtkhdf5_src.dir\debug\h5oshmesg.obj
d:\cybermed\daddy\dependency\sdk-vtk-9.4.2\build_msvc\thirdparty\hdf5\vtkhdf5\src\vtkhdf5_src.dir\debug\h5oshared.obj
d:\cybermed\daddy\dependency\sdk-vtk-9.4.2\build_msvc\thirdparty\hdf5\vtkhdf5\src\vtkhdf5_src.dir\debug\h5osdspace.obj
d:\cybermed\daddy\dependency\sdk-vtk-9.4.2\build_msvc\thirdparty\hdf5\vtkhdf5\src\vtkhdf5_src.dir\debug\h5orefcount.obj
d:\cybermed\daddy\dependency\sdk-vtk-9.4.2\build_msvc\thirdparty\hdf5\vtkhdf5\src\vtkhdf5_src.dir\debug\h5opline.obj
d:\cybermed\daddy\dependency\sdk-vtk-9.4.2\build_msvc\thirdparty\hdf5\vtkhdf5\src\vtkhdf5_src.dir\debug\h5onull.obj
d:\cybermed\daddy\dependency\sdk-vtk-9.4.2\build_msvc\thirdparty\hdf5\vtkhdf5\src\vtkhdf5_src.dir\debug\h5oname.obj
d:\cybermed\daddy\dependency\sdk-vtk-9.4.2\build_msvc\thirdparty\hdf5\vtkhdf5\src\vtkhdf5_src.dir\debug\h5omtime.obj
d:\cybermed\daddy\dependency\sdk-vtk-9.4.2\build_msvc\thirdparty\hdf5\vtkhdf5\src\vtkhdf5_src.dir\debug\h5omessage.obj
d:\cybermed\daddy\dependency\sdk-vtk-9.4.2\build_msvc\thirdparty\hdf5\vtkhdf5\src\vtkhdf5_src.dir\debug\h5olink.obj
d:\cybermed\daddy\dependency\sdk-vtk-9.4.2\build_msvc\thirdparty\hdf5\vtkhdf5\src\vtkhdf5_src.dir\debug\h5olinfo.obj
d:\cybermed\daddy\dependency\sdk-vtk-9.4.2\build_msvc\thirdparty\hdf5\vtkhdf5\src\vtkhdf5_src.dir\debug\h5olayout.obj
d:\cybermed\daddy\dependency\sdk-vtk-9.4.2\build_msvc\thirdparty\hdf5\vtkhdf5\src\vtkhdf5_src.dir\debug\h5oint.obj
d:\cybermed\daddy\dependency\sdk-vtk-9.4.2\build_msvc\thirdparty\hdf5\vtkhdf5\src\vtkhdf5_src.dir\debug\h5oginfo.obj
d:\cybermed\daddy\dependency\sdk-vtk-9.4.2\build_msvc\thirdparty\hdf5\vtkhdf5\src\vtkhdf5_src.dir\debug\h5ofsinfo.obj
d:\cybermed\daddy\dependency\sdk-vtk-9.4.2\build_msvc\thirdparty\hdf5\vtkhdf5\src\vtkhdf5_src.dir\debug\h5oflush.obj
d:\cybermed\daddy\dependency\sdk-vtk-9.4.2\build_msvc\thirdparty\hdf5\vtkhdf5\src\vtkhdf5_src.dir\debug\h5pb.obj
d:\cybermed\daddy\dependency\sdk-vtk-9.4.2\build_msvc\thirdparty\hdf5\vtkhdf5\src\vtkhdf5_src.dir\debug\h5ptest.obj
d:\cybermed\daddy\dependency\sdk-vtk-9.4.2\build_msvc\thirdparty\hdf5\vtkhdf5\src\vtkhdf5_src.dir\debug\h5pstrcpl.obj
d:\cybermed\daddy\dependency\sdk-vtk-9.4.2\build_msvc\thirdparty\hdf5\vtkhdf5\src\vtkhdf5_src.dir\debug\h5pocpypl.obj
d:\cybermed\daddy\dependency\sdk-vtk-9.4.2\build_msvc\thirdparty\hdf5\vtkhdf5\src\vtkhdf5_src.dir\debug\h5pocpl.obj
d:\cybermed\daddy\dependency\sdk-vtk-9.4.2\build_msvc\thirdparty\hdf5\vtkhdf5\src\vtkhdf5_src.dir\debug\h5pmcpl.obj
d:\cybermed\daddy\dependency\sdk-vtk-9.4.2\build_msvc\thirdparty\hdf5\vtkhdf5\src\vtkhdf5_src.dir\debug\h5pmapl.obj
d:\cybermed\daddy\dependency\sdk-vtk-9.4.2\build_msvc\thirdparty\hdf5\vtkhdf5\src\vtkhdf5_src.dir\debug\h5plcpl.obj
d:\cybermed\daddy\dependency\sdk-vtk-9.4.2\build_msvc\thirdparty\hdf5\vtkhdf5\src\vtkhdf5_src.dir\debug\h5plapl.obj
d:\cybermed\daddy\dependency\sdk-vtk-9.4.2\build_msvc\thirdparty\hdf5\vtkhdf5\src\vtkhdf5_src.dir\debug\h5pint.obj
d:\cybermed\daddy\dependency\sdk-vtk-9.4.2\build_msvc\thirdparty\hdf5\vtkhdf5\src\vtkhdf5_src.dir\debug\h5pgcpl.obj
d:\cybermed\daddy\dependency\sdk-vtk-9.4.2\build_msvc\thirdparty\hdf5\vtkhdf5\src\vtkhdf5_src.dir\debug\h5pfmpl.obj
d:\cybermed\daddy\dependency\sdk-vtk-9.4.2\build_msvc\thirdparty\hdf5\vtkhdf5\src\vtkhdf5_src.dir\debug\h5pfcpl.obj
d:\cybermed\daddy\dependency\sdk-vtk-9.4.2\build_msvc\thirdparty\hdf5\vtkhdf5\src\vtkhdf5_src.dir\debug\h5pfapl.obj
d:\cybermed\daddy\dependency\sdk-vtk-9.4.2\build_msvc\thirdparty\hdf5\vtkhdf5\src\vtkhdf5_src.dir\debug\h5pencdec.obj
d:\cybermed\daddy\dependency\sdk-vtk-9.4.2\build_msvc\thirdparty\hdf5\vtkhdf5\src\vtkhdf5_src.dir\debug\h5pdxpl.obj
d:\cybermed\daddy\dependency\sdk-vtk-9.4.2\build_msvc\thirdparty\hdf5\vtkhdf5\src\vtkhdf5_src.dir\debug\h5pdeprec.obj
d:\cybermed\daddy\dependency\sdk-vtk-9.4.2\build_msvc\thirdparty\hdf5\vtkhdf5\src\vtkhdf5_src.dir\debug\h5pdcpl.obj
d:\cybermed\daddy\dependency\sdk-vtk-9.4.2\build_msvc\thirdparty\hdf5\vtkhdf5\src\vtkhdf5_src.dir\debug\h5pdapl.obj
d:\cybermed\daddy\dependency\sdk-vtk-9.4.2\build_msvc\thirdparty\hdf5\vtkhdf5\src\vtkhdf5_src.dir\debug\h5pacpl.obj
d:\cybermed\daddy\dependency\sdk-vtk-9.4.2\build_msvc\thirdparty\hdf5\vtkhdf5\src\vtkhdf5_src.dir\debug\h5sl.obj
d:\cybermed\daddy\dependency\sdk-vtk-9.4.2\build_msvc\thirdparty\hdf5\vtkhdf5\src\vtkhdf5_src.dir\debug\h5stest.obj
d:\cybermed\daddy\dependency\sdk-vtk-9.4.2\build_msvc\thirdparty\hdf5\vtkhdf5\src\vtkhdf5_src.dir\debug\h5sselect.obj
d:\cybermed\daddy\dependency\sdk-vtk-9.4.2\build_msvc\thirdparty\hdf5\vtkhdf5\src\vtkhdf5_src.dir\debug\h5spoint.obj
d:\cybermed\daddy\dependency\sdk-vtk-9.4.2\build_msvc\thirdparty\hdf5\vtkhdf5\src\vtkhdf5_src.dir\debug\h5snone.obj
d:\cybermed\daddy\dependency\sdk-vtk-9.4.2\build_msvc\thirdparty\hdf5\vtkhdf5\src\vtkhdf5_src.dir\debug\h5smpio.obj
d:\cybermed\daddy\dependency\sdk-vtk-9.4.2\build_msvc\thirdparty\hdf5\vtkhdf5\src\vtkhdf5_src.dir\debug\h5shyper.obj
d:\cybermed\daddy\dependency\sdk-vtk-9.4.2\build_msvc\thirdparty\hdf5\vtkhdf5\src\vtkhdf5_src.dir\debug\h5sdeprec.obj
d:\cybermed\daddy\dependency\sdk-vtk-9.4.2\build_msvc\thirdparty\hdf5\vtkhdf5\src\vtkhdf5_src.dir\debug\h5sdbg.obj
d:\cybermed\daddy\dependency\sdk-vtk-9.4.2\build_msvc\thirdparty\hdf5\vtkhdf5\src\vtkhdf5_src.dir\debug\h5sall.obj
d:\cybermed\daddy\dependency\sdk-vtk-9.4.2\build_msvc\thirdparty\hdf5\vtkhdf5\src\vtkhdf5_src.dir\debug\h5s.obj
d:\cybermed\daddy\dependency\sdk-vtk-9.4.2\build_msvc\thirdparty\hdf5\vtkhdf5\src\vtkhdf5_src.dir\debug\h5rs.obj
d:\cybermed\daddy\dependency\sdk-vtk-9.4.2\build_msvc\thirdparty\hdf5\vtkhdf5\src\vtkhdf5_src.dir\debug\h5uc.obj
d:\cybermed\daddy\dependency\sdk-vtk-9.4.2\build_msvc\thirdparty\hdf5\vtkhdf5\src\vtkhdf5_src.dir\debug\h5rint.obj
d:\cybermed\daddy\dependency\sdk-vtk-9.4.2\build_msvc\thirdparty\hdf5\vtkhdf5\src\vtkhdf5_src.dir\debug\h5rdeprec.obj
d:\cybermed\daddy\dependency\sdk-vtk-9.4.2\build_msvc\thirdparty\hdf5\vtkhdf5\src\vtkhdf5_src.dir\debug\h5r.obj
d:\cybermed\daddy\dependency\sdk-vtk-9.4.2\build_msvc\thirdparty\hdf5\vtkhdf5\src\vtkhdf5_src.dir\debug\h5plplugin_cache.obj
d:\cybermed\daddy\dependency\sdk-vtk-9.4.2\build_msvc\thirdparty\hdf5\vtkhdf5\src\vtkhdf5_src.dir\debug\h5plpath.obj
d:\cybermed\daddy\dependency\sdk-vtk-9.4.2\build_msvc\thirdparty\hdf5\vtkhdf5\src\vtkhdf5_src.dir\debug\h5plint.obj
d:\cybermed\daddy\dependency\sdk-vtk-9.4.2\build_msvc\thirdparty\hdf5\vtkhdf5\src\vtkhdf5_src.dir\debug\h5pl.obj
d:\cybermed\daddy\dependency\sdk-vtk-9.4.2\build_msvc\thirdparty\hdf5\vtkhdf5\src\vtkhdf5_src.dir\debug\h5tnative.obj
d:\cybermed\daddy\dependency\sdk-vtk-9.4.2\build_msvc\thirdparty\hdf5\vtkhdf5\src\vtkhdf5_src.dir\debug\h5tinit_float.obj
d:\cybermed\daddy\dependency\sdk-vtk-9.4.2\build_msvc\thirdparty\hdf5\vtkhdf5\src\vtkhdf5_src.dir\debug\h5tfloat.obj
d:\cybermed\daddy\dependency\sdk-vtk-9.4.2\build_msvc\thirdparty\hdf5\vtkhdf5\src\vtkhdf5_src.dir\debug\h5tfixed.obj
d:\cybermed\daddy\dependency\sdk-vtk-9.4.2\build_msvc\thirdparty\hdf5\vtkhdf5\src\vtkhdf5_src.dir\debug\h5tfields.obj
d:\cybermed\daddy\dependency\sdk-vtk-9.4.2\build_msvc\thirdparty\hdf5\vtkhdf5\src\vtkhdf5_src.dir\debug\h5tenum.obj
d:\cybermed\daddy\dependency\sdk-vtk-9.4.2\build_msvc\thirdparty\hdf5\vtkhdf5\src\vtkhdf5_src.dir\debug\h5tdeprec.obj
d:\cybermed\daddy\dependency\sdk-vtk-9.4.2\build_msvc\thirdparty\hdf5\vtkhdf5\src\vtkhdf5_src.dir\debug\h5tdbg.obj
d:\cybermed\daddy\dependency\sdk-vtk-9.4.2\build_msvc\thirdparty\hdf5\vtkhdf5\src\vtkhdf5_src.dir\debug\h5tcset.obj
d:\cybermed\daddy\dependency\sdk-vtk-9.4.2\build_msvc\thirdparty\hdf5\vtkhdf5\src\vtkhdf5_src.dir\debug\h5tconv.obj
d:\cybermed\daddy\dependency\sdk-vtk-9.4.2\build_msvc\thirdparty\hdf5\vtkhdf5\src\vtkhdf5_src.dir\debug\h5tcompound.obj
d:\cybermed\daddy\dependency\sdk-vtk-9.4.2\build_msvc\thirdparty\hdf5\vtkhdf5\src\vtkhdf5_src.dir\debug\h5tcommit.obj
d:\cybermed\daddy\dependency\sdk-vtk-9.4.2\build_msvc\thirdparty\hdf5\vtkhdf5\src\vtkhdf5_src.dir\debug\h5tbit.obj
d:\cybermed\daddy\dependency\sdk-vtk-9.4.2\build_msvc\thirdparty\hdf5\vtkhdf5\src\vtkhdf5_src.dir\debug\h5tarray.obj
d:\cybermed\daddy\dependency\sdk-vtk-9.4.2\build_msvc\thirdparty\hdf5\vtkhdf5\src\vtkhdf5_src.dir\debug\h5t.obj
d:\cybermed\daddy\dependency\sdk-vtk-9.4.2\build_msvc\thirdparty\hdf5\vtkhdf5\src\vtkhdf5_src.dir\debug\h5smtest.obj
d:\cybermed\daddy\dependency\sdk-vtk-9.4.2\build_msvc\thirdparty\hdf5\vtkhdf5\src\vtkhdf5_src.dir\debug\h5smmessage.obj
d:\cybermed\daddy\dependency\sdk-vtk-9.4.2\build_msvc\thirdparty\hdf5\vtkhdf5\src\vtkhdf5_src.dir\debug\h5smcache.obj
d:\cybermed\daddy\dependency\sdk-vtk-9.4.2\build_msvc\thirdparty\hdf5\vtkhdf5\src\vtkhdf5_src.dir\debug\h5smbtree2.obj
d:\cybermed\daddy\dependency\sdk-vtk-9.4.2\build_msvc\thirdparty\hdf5\vtkhdf5\src\vtkhdf5_src.dir\debug\h5sm.obj
d:\cybermed\daddy\dependency\sdk-vtk-9.4.2\build_msvc\thirdparty\hdf5\vtkhdf5\src\vtkhdf5_src.dir\debug\h5vlnative_datatype.obj
d:\cybermed\daddy\dependency\sdk-vtk-9.4.2\build_msvc\thirdparty\hdf5\vtkhdf5\src\vtkhdf5_src.dir\debug\h5vlnative_dataset.obj
d:\cybermed\daddy\dependency\sdk-vtk-9.4.2\build_msvc\thirdparty\hdf5\vtkhdf5\src\vtkhdf5_src.dir\debug\h5vlnative_blob.obj
d:\cybermed\daddy\dependency\sdk-vtk-9.4.2\build_msvc\thirdparty\hdf5\vtkhdf5\src\vtkhdf5_src.dir\debug\h5vlnative_attr.obj
d:\cybermed\daddy\dependency\sdk-vtk-9.4.2\build_msvc\thirdparty\hdf5\vtkhdf5\src\vtkhdf5_src.dir\debug\h5vlnative.obj
d:\cybermed\daddy\dependency\sdk-vtk-9.4.2\build_msvc\thirdparty\hdf5\vtkhdf5\src\vtkhdf5_src.dir\debug\h5vlint.obj
d:\cybermed\daddy\dependency\sdk-vtk-9.4.2\build_msvc\thirdparty\hdf5\vtkhdf5\src\vtkhdf5_src.dir\debug\h5vldyn_ops.obj
d:\cybermed\daddy\dependency\sdk-vtk-9.4.2\build_msvc\thirdparty\hdf5\vtkhdf5\src\vtkhdf5_src.dir\debug\h5vlcallback.obj
d:\cybermed\daddy\dependency\sdk-vtk-9.4.2\build_msvc\thirdparty\hdf5\vtkhdf5\src\vtkhdf5_src.dir\debug\h5vl.obj
d:\cybermed\daddy\dependency\sdk-vtk-9.4.2\build_msvc\thirdparty\hdf5\vtkhdf5\src\vtkhdf5_src.dir\debug\h5ts.obj
d:\cybermed\daddy\dependency\sdk-vtk-9.4.2\build_msvc\thirdparty\hdf5\vtkhdf5\src\vtkhdf5_src.dir\debug\h5tvlen.obj
d:\cybermed\daddy\dependency\sdk-vtk-9.4.2\build_msvc\thirdparty\hdf5\vtkhdf5\src\vtkhdf5_src.dir\debug\h5tvisit.obj
d:\cybermed\daddy\dependency\sdk-vtk-9.4.2\build_msvc\thirdparty\hdf5\vtkhdf5\src\vtkhdf5_src.dir\debug\h5tstrpad.obj
d:\cybermed\daddy\dependency\sdk-vtk-9.4.2\build_msvc\thirdparty\hdf5\vtkhdf5\src\vtkhdf5_src.dir\debug\h5tref.obj
d:\cybermed\daddy\dependency\sdk-vtk-9.4.2\build_msvc\thirdparty\hdf5\vtkhdf5\src\vtkhdf5_src.dir\debug\h5tprecis.obj
d:\cybermed\daddy\dependency\sdk-vtk-9.4.2\build_msvc\thirdparty\hdf5\vtkhdf5\src\vtkhdf5_src.dir\debug\h5tpad.obj
d:\cybermed\daddy\dependency\sdk-vtk-9.4.2\build_msvc\thirdparty\hdf5\vtkhdf5\src\vtkhdf5_src.dir\debug\h5torder.obj
d:\cybermed\daddy\dependency\sdk-vtk-9.4.2\build_msvc\thirdparty\hdf5\vtkhdf5\src\vtkhdf5_src.dir\debug\h5topaque.obj
d:\cybermed\daddy\dependency\sdk-vtk-9.4.2\build_msvc\thirdparty\hdf5\vtkhdf5\src\vtkhdf5_src.dir\debug\h5toh.obj
d:\cybermed\daddy\dependency\sdk-vtk-9.4.2\build_msvc\thirdparty\hdf5\vtkhdf5\src\vtkhdf5_src.dir\debug\h5toffset.obj
d:\cybermed\daddy\dependency\sdk-vtk-9.4.2\build_msvc\thirdparty\hdf5\vtkhdf5\src\vtkhdf5_src.dir\debug\h5ztrans.obj
d:\cybermed\daddy\dependency\sdk-vtk-9.4.2\build_msvc\thirdparty\hdf5\vtkhdf5\src\vtkhdf5_src.dir\debug\h5zszip.obj
d:\cybermed\daddy\dependency\sdk-vtk-9.4.2\build_msvc\thirdparty\hdf5\vtkhdf5\src\vtkhdf5_src.dir\debug\h5zshuffle.obj
d:\cybermed\daddy\dependency\sdk-vtk-9.4.2\build_msvc\thirdparty\hdf5\vtkhdf5\src\vtkhdf5_src.dir\debug\h5zscaleoffset.obj
d:\cybermed\daddy\dependency\sdk-vtk-9.4.2\build_msvc\thirdparty\hdf5\vtkhdf5\src\vtkhdf5_src.dir\debug\h5znbit.obj
d:\cybermed\daddy\dependency\sdk-vtk-9.4.2\build_msvc\thirdparty\hdf5\vtkhdf5\src\vtkhdf5_src.dir\debug\h5zfletcher32.obj
d:\cybermed\daddy\dependency\sdk-vtk-9.4.2\build_msvc\thirdparty\hdf5\vtkhdf5\src\vtkhdf5_src.dir\debug\h5z.obj
d:\cybermed\daddy\dependency\sdk-vtk-9.4.2\build_msvc\thirdparty\hdf5\vtkhdf5\src\vtkhdf5_src.dir\debug\h5wb.obj
d:\cybermed\daddy\dependency\sdk-vtk-9.4.2\build_msvc\thirdparty\hdf5\vtkhdf5\src\vtkhdf5_src.dir\debug\h5vm.obj
d:\cybermed\daddy\dependency\sdk-vtk-9.4.2\build_msvc\thirdparty\hdf5\vtkhdf5\src\vtkhdf5_src.dir\debug\h5vltest.obj
d:\cybermed\daddy\dependency\sdk-vtk-9.4.2\build_msvc\thirdparty\hdf5\vtkhdf5\src\vtkhdf5_src.dir\debug\h5vlpassthru.obj
d:\cybermed\daddy\dependency\sdk-vtk-9.4.2\build_msvc\thirdparty\hdf5\vtkhdf5\src\vtkhdf5_src.dir\debug\h5vlnative_token.obj
d:\cybermed\daddy\dependency\sdk-vtk-9.4.2\build_msvc\thirdparty\hdf5\vtkhdf5\src\vtkhdf5_src.dir\debug\h5vlnative_object.obj
d:\cybermed\daddy\dependency\sdk-vtk-9.4.2\build_msvc\thirdparty\hdf5\vtkhdf5\src\vtkhdf5_src.dir\debug\h5vlnative_introspect.obj
d:\cybermed\daddy\dependency\sdk-vtk-9.4.2\build_msvc\thirdparty\hdf5\vtkhdf5\src\vtkhdf5_src.dir\debug\h5vlnative_link.obj
d:\cybermed\daddy\dependency\sdk-vtk-9.4.2\build_msvc\thirdparty\hdf5\vtkhdf5\src\vtkhdf5_src.dir\debug\h5vlnative_group.obj
d:\cybermed\daddy\dependency\sdk-vtk-9.4.2\build_msvc\thirdparty\hdf5\vtkhdf5\src\vtkhdf5_src.dir\debug\h5vlnative_file.obj
d:\cybermed\daddy\dependency\sdk-vtk-9.4.2\build_msvc\thirdparty\hdf5\vtkhdf5\src\vtkhdf5_src.dir\debug\vc143.pdb
d:\cybermed\daddy\dependency\sdk-vtk-9.4.2\build_msvc\thirdparty\hdf5\vtkhdf5\src\vtkhdf5_src.dir\debug\h5zdeflate.obj
d:\cybermed\daddy\dependency\sdk-vtk-9.4.2\build_msvc\thirdparty\hdf5\vtkhdf5\src\cmakefiles\generate.stamp
d:\cybermed\daddy\dependency\sdk-vtk-9.4.2\build_msvc\lib\debug\vtkhdf5-9.4d.lib
d:\cybermed\daddy\dependency\sdk-vtk-9.4.2\build_msvc\bin\debug\vtkhdf5-9.4d.dll
d:\cybermed\daddy\dependency\sdk-vtk-9.4.2\build_msvc\bin\debug\vtkhdf5-9.4d.pdb
d:\cybermed\daddy\dependency\sdk-vtk-9.4.2\build_msvc\lib\debug\vtkhdf5-9.4d.exp
d:\cybermed\daddy\dependency\sdk-vtk-9.4.2\build_msvc\thirdparty\hdf5\vtkhdf5\src\vtkhdf5_src.dir\debug\vtkhdf5-9.4d.ilk
d:\cybermed\daddy\dependency\sdk-vtk-9.4.2\build_msvc\thirdparty\hdf5\vtkhdf5\src\vtkhdf5_src.dir\debug\vtkhdf5_src.tlog\cl.command.1.tlog
d:\cybermed\daddy\dependency\sdk-vtk-9.4.2\build_msvc\thirdparty\hdf5\vtkhdf5\src\vtkhdf5_src.dir\debug\vtkhdf5_src.tlog\cl.items.tlog
d:\cybermed\daddy\dependency\sdk-vtk-9.4.2\build_msvc\thirdparty\hdf5\vtkhdf5\src\vtkhdf5_src.dir\debug\vtkhdf5_src.tlog\cl.read.1.tlog
d:\cybermed\daddy\dependency\sdk-vtk-9.4.2\build_msvc\thirdparty\hdf5\vtkhdf5\src\vtkhdf5_src.dir\debug\vtkhdf5_src.tlog\cl.write.1.tlog
d:\cybermed\daddy\dependency\sdk-vtk-9.4.2\build_msvc\thirdparty\hdf5\vtkhdf5\src\vtkhdf5_src.dir\debug\vtkhdf5_src.tlog\custombuild.command.1.tlog
d:\cybermed\daddy\dependency\sdk-vtk-9.4.2\build_msvc\thirdparty\hdf5\vtkhdf5\src\vtkhdf5_src.dir\debug\vtkhdf5_src.tlog\custombuild.read.1.tlog
d:\cybermed\daddy\dependency\sdk-vtk-9.4.2\build_msvc\thirdparty\hdf5\vtkhdf5\src\vtkhdf5_src.dir\debug\vtkhdf5_src.tlog\custombuild.write.1.tlog
d:\cybermed\daddy\dependency\sdk-vtk-9.4.2\build_msvc\thirdparty\hdf5\vtkhdf5\src\vtkhdf5_src.dir\debug\vtkhdf5_src.tlog\lib-link.read.1.tlog
d:\cybermed\daddy\dependency\sdk-vtk-9.4.2\build_msvc\thirdparty\hdf5\vtkhdf5\src\vtkhdf5_src.dir\debug\vtkhdf5_src.tlog\lib-link.write.1.tlog
d:\cybermed\daddy\dependency\sdk-vtk-9.4.2\build_msvc\thirdparty\hdf5\vtkhdf5\src\vtkhdf5_src.dir\debug\vtkhdf5_src.tlog\lib.command.1.tlog
d:\cybermed\daddy\dependency\sdk-vtk-9.4.2\build_msvc\thirdparty\hdf5\vtkhdf5\src\vtkhdf5_src.dir\debug\vtkhdf5_src.tlog\link.command.1.tlog
d:\cybermed\daddy\dependency\sdk-vtk-9.4.2\build_msvc\thirdparty\hdf5\vtkhdf5\src\vtkhdf5_src.dir\debug\vtkhdf5_src.tlog\link.read.1.tlog
d:\cybermed\daddy\dependency\sdk-vtk-9.4.2\build_msvc\thirdparty\hdf5\vtkhdf5\src\vtkhdf5_src.dir\debug\vtkhdf5_src.tlog\link.secondary.1.tlog
d:\cybermed\daddy\dependency\sdk-vtk-9.4.2\build_msvc\thirdparty\hdf5\vtkhdf5\src\vtkhdf5_src.dir\debug\vtkhdf5_src.tlog\link.write.1.tlog
