d:\cybermed\daddy\dependency\sdk-vtk-9.4.2\build_msvc\io\exodus\ioexodus.dir\release\vtkexodusiireadervariablecheck.obj
d:\cybermed\daddy\dependency\sdk-vtk-9.4.2\build_msvc\io\exodus\ioexodus.dir\release\vtkmodelmetadata.obj
d:\cybermed\daddy\dependency\sdk-vtk-9.4.2\build_msvc\io\exodus\ioexodus.dir\release\vtkexodusiiwriter.obj
d:\cybermed\daddy\dependency\sdk-vtk-9.4.2\build_msvc\io\exodus\ioexodus.dir\release\vtkexodusiireaderparser.obj
d:\cybermed\daddy\dependency\sdk-vtk-9.4.2\build_msvc\io\exodus\ioexodus.dir\release\vtkexodusiireader.obj
d:\cybermed\daddy\dependency\sdk-vtk-9.4.2\build_msvc\io\exodus\ioexodus.dir\release\vtkexodusiicache.obj
d:\cybermed\daddy\dependency\sdk-vtk-9.4.2\build_msvc\io\exodus\ioexodus.dir\release\vtkcpexodusiiinsitureader.obj
d:\cybermed\daddy\dependency\sdk-vtk-9.4.2\build_msvc\io\exodus\ioexodus.dir\release\vtkcpexodusiielementblock.obj
d:\cybermed\daddy\dependency\sdk-vtk-9.4.2\build_msvc\io\exodus\cmakefiles\generate.stamp
d:\cybermed\daddy\dependency\sdk-vtk-9.4.2\build_msvc\bin\release\vtkioexodus-9.4.dll
d:\cybermed\daddy\dependency\sdk-vtk-9.4.2\build_msvc\lib\release\vtkioexodus-9.4.lib
d:\cybermed\daddy\dependency\sdk-vtk-9.4.2\build_msvc\lib\release\vtkioexodus-9.4.exp
d:\cybermed\daddy\dependency\sdk-vtk-9.4.2\build_msvc\io\exodus\ioexodus.dir\release\ioexodus.tlog\cl.command.1.tlog
d:\cybermed\daddy\dependency\sdk-vtk-9.4.2\build_msvc\io\exodus\ioexodus.dir\release\ioexodus.tlog\cl.items.tlog
d:\cybermed\daddy\dependency\sdk-vtk-9.4.2\build_msvc\io\exodus\ioexodus.dir\release\ioexodus.tlog\cl.read.1.tlog
d:\cybermed\daddy\dependency\sdk-vtk-9.4.2\build_msvc\io\exodus\ioexodus.dir\release\ioexodus.tlog\cl.write.1.tlog
d:\cybermed\daddy\dependency\sdk-vtk-9.4.2\build_msvc\io\exodus\ioexodus.dir\release\ioexodus.tlog\custombuild.command.1.tlog
d:\cybermed\daddy\dependency\sdk-vtk-9.4.2\build_msvc\io\exodus\ioexodus.dir\release\ioexodus.tlog\custombuild.read.1.tlog
d:\cybermed\daddy\dependency\sdk-vtk-9.4.2\build_msvc\io\exodus\ioexodus.dir\release\ioexodus.tlog\custombuild.write.1.tlog
d:\cybermed\daddy\dependency\sdk-vtk-9.4.2\build_msvc\io\exodus\ioexodus.dir\release\ioexodus.tlog\link.command.1.tlog
d:\cybermed\daddy\dependency\sdk-vtk-9.4.2\build_msvc\io\exodus\ioexodus.dir\release\ioexodus.tlog\link.read.1.tlog
d:\cybermed\daddy\dependency\sdk-vtk-9.4.2\build_msvc\io\exodus\ioexodus.dir\release\ioexodus.tlog\link.secondary.1.tlog
d:\cybermed\daddy\dependency\sdk-vtk-9.4.2\build_msvc\io\exodus\ioexodus.dir\release\ioexodus.tlog\link.write.1.tlog
