d:\cybermed\daddy\dependency\dcmtk-dcmtk-3.6.8\build_msvc\dcmpmap\libsrc\dcmpmap.dir\release\dpmtypes.obj
d:\cybermed\daddy\dependency\dcmtk-dcmtk-3.6.8\build_msvc\dcmpmap\libsrc\dcmpmap.dir\release\dpmparametricmapiod.obj
d:\cybermed\daddy\dependency\dcmtk-dcmtk-3.6.8\build_msvc\dcmpmap\libsrc\dcmpmap.dir\release\dpmparametricmapbase.obj
d:\cybermed\daddy\dependency\dcmtk-dcmtk-3.6.8\build_msvc\dcmpmap\libsrc\dcmpmap.dir\release\dpmmodparametricmapseries.obj
d:\cybermed\daddy\dependency\dcmtk-dcmtk-3.6.8\build_msvc\dcmpmap\libsrc\dcmpmap.dir\release\dpmmodparametricmapimage.obj
d:\cybermed\daddy\dependency\dcmtk-dcmtk-3.6.8\build_msvc\dcmpmap\libsrc\cmakefiles\generate.stamp
d:\cybermed\daddy\dependency\dcmtk-dcmtk-3.6.8\build_msvc\lib\release\dcmpmap.lib
d:\cybermed\daddy\dependency\dcmtk-dcmtk-3.6.8\build_msvc\bin\release\dcmpmap.dll
d:\cybermed\daddy\dependency\dcmtk-dcmtk-3.6.8\build_msvc\lib\release\dcmpmap.exp
d:\cybermed\daddy\dependency\dcmtk-dcmtk-3.6.8\build_msvc\dcmpmap\libsrc\dcmpmap.dir\release\dcmpmap.tlog\cl.command.1.tlog
d:\cybermed\daddy\dependency\dcmtk-dcmtk-3.6.8\build_msvc\dcmpmap\libsrc\dcmpmap.dir\release\dcmpmap.tlog\cl.items.tlog
d:\cybermed\daddy\dependency\dcmtk-dcmtk-3.6.8\build_msvc\dcmpmap\libsrc\dcmpmap.dir\release\dcmpmap.tlog\cl.read.1.tlog
d:\cybermed\daddy\dependency\dcmtk-dcmtk-3.6.8\build_msvc\dcmpmap\libsrc\dcmpmap.dir\release\dcmpmap.tlog\cl.write.1.tlog
d:\cybermed\daddy\dependency\dcmtk-dcmtk-3.6.8\build_msvc\dcmpmap\libsrc\dcmpmap.dir\release\dcmpmap.tlog\custombuild.command.1.tlog
d:\cybermed\daddy\dependency\dcmtk-dcmtk-3.6.8\build_msvc\dcmpmap\libsrc\dcmpmap.dir\release\dcmpmap.tlog\custombuild.read.1.tlog
d:\cybermed\daddy\dependency\dcmtk-dcmtk-3.6.8\build_msvc\dcmpmap\libsrc\dcmpmap.dir\release\dcmpmap.tlog\custombuild.write.1.tlog
d:\cybermed\daddy\dependency\dcmtk-dcmtk-3.6.8\build_msvc\dcmpmap\libsrc\dcmpmap.dir\release\dcmpmap.tlog\lib-link.read.1.tlog
d:\cybermed\daddy\dependency\dcmtk-dcmtk-3.6.8\build_msvc\dcmpmap\libsrc\dcmpmap.dir\release\dcmpmap.tlog\lib-link.write.1.tlog
d:\cybermed\daddy\dependency\dcmtk-dcmtk-3.6.8\build_msvc\dcmpmap\libsrc\dcmpmap.dir\release\dcmpmap.tlog\lib.command.1.tlog
d:\cybermed\daddy\dependency\dcmtk-dcmtk-3.6.8\build_msvc\dcmpmap\libsrc\dcmpmap.dir\release\dcmpmap.tlog\link.command.1.tlog
d:\cybermed\daddy\dependency\dcmtk-dcmtk-3.6.8\build_msvc\dcmpmap\libsrc\dcmpmap.dir\release\dcmpmap.tlog\link.read.1.tlog
d:\cybermed\daddy\dependency\dcmtk-dcmtk-3.6.8\build_msvc\dcmpmap\libsrc\dcmpmap.dir\release\dcmpmap.tlog\link.secondary.1.tlog
d:\cybermed\daddy\dependency\dcmtk-dcmtk-3.6.8\build_msvc\dcmpmap\libsrc\dcmpmap.dir\release\dcmpmap.tlog\link.write.1.tlog
