d:\cybermed\daddy\dependency\sdk-vtk-9.4.2\build_msvc\common\system\commonsystem.dir\release\vtktimerlog.obj
d:\cybermed\daddy\dependency\sdk-vtk-9.4.2\build_msvc\common\system\commonsystem.dir\release\vtksocketcollection.obj
d:\cybermed\daddy\dependency\sdk-vtk-9.4.2\build_msvc\common\system\commonsystem.dir\release\vtksocket.obj
d:\cybermed\daddy\dependency\sdk-vtk-9.4.2\build_msvc\common\system\commonsystem.dir\release\vtkserversocket.obj
d:\cybermed\daddy\dependency\sdk-vtk-9.4.2\build_msvc\common\system\commonsystem.dir\release\vtkexecutablerunner.obj
d:\cybermed\daddy\dependency\sdk-vtk-9.4.2\build_msvc\common\system\commonsystem.dir\release\vtkdirectory.obj
d:\cybermed\daddy\dependency\sdk-vtk-9.4.2\build_msvc\common\system\commonsystem.dir\release\vtkclientsocket.obj
d:\cybermed\daddy\dependency\sdk-vtk-9.4.2\build_msvc\common\system\cmakefiles\generate.stamp
d:\cybermed\daddy\dependency\sdk-vtk-9.4.2\build_msvc\bin\release\vtkcommonsystem-9.4.dll
d:\cybermed\daddy\dependency\sdk-vtk-9.4.2\build_msvc\lib\release\vtkcommonsystem-9.4.lib
d:\cybermed\daddy\dependency\sdk-vtk-9.4.2\build_msvc\lib\release\vtkcommonsystem-9.4.exp
d:\cybermed\daddy\dependency\sdk-vtk-9.4.2\build_msvc\common\system\commonsystem.dir\release\commonsystem.tlog\cl.command.1.tlog
d:\cybermed\daddy\dependency\sdk-vtk-9.4.2\build_msvc\common\system\commonsystem.dir\release\commonsystem.tlog\cl.items.tlog
d:\cybermed\daddy\dependency\sdk-vtk-9.4.2\build_msvc\common\system\commonsystem.dir\release\commonsystem.tlog\cl.read.1.tlog
d:\cybermed\daddy\dependency\sdk-vtk-9.4.2\build_msvc\common\system\commonsystem.dir\release\commonsystem.tlog\cl.write.1.tlog
d:\cybermed\daddy\dependency\sdk-vtk-9.4.2\build_msvc\common\system\commonsystem.dir\release\commonsystem.tlog\custombuild.command.1.tlog
d:\cybermed\daddy\dependency\sdk-vtk-9.4.2\build_msvc\common\system\commonsystem.dir\release\commonsystem.tlog\custombuild.read.1.tlog
d:\cybermed\daddy\dependency\sdk-vtk-9.4.2\build_msvc\common\system\commonsystem.dir\release\commonsystem.tlog\custombuild.write.1.tlog
d:\cybermed\daddy\dependency\sdk-vtk-9.4.2\build_msvc\common\system\commonsystem.dir\release\commonsystem.tlog\link.command.1.tlog
d:\cybermed\daddy\dependency\sdk-vtk-9.4.2\build_msvc\common\system\commonsystem.dir\release\commonsystem.tlog\link.read.1.tlog
d:\cybermed\daddy\dependency\sdk-vtk-9.4.2\build_msvc\common\system\commonsystem.dir\release\commonsystem.tlog\link.secondary.1.tlog
d:\cybermed\daddy\dependency\sdk-vtk-9.4.2\build_msvc\common\system\commonsystem.dir\release\commonsystem.tlog\link.write.1.tlog
