d:\cybermed\daddy\dependency\sdk-vtk-9.4.2\build_msvc\thirdparty\exodusii\vtkexodusii\exodusii.dir\release\ex_get_n_elem_num_map.obj
d:\cybermed\daddy\dependency\sdk-vtk-9.4.2\build_msvc\thirdparty\exodusii\vtkexodusii\exodusii.dir\release\ex_get_n_elem_conn.obj
d:\cybermed\daddy\dependency\sdk-vtk-9.4.2\build_msvc\thirdparty\exodusii\vtkexodusii\exodusii.dir\release\ex_get_n_elem_attr.obj
d:\cybermed\daddy\dependency\sdk-vtk-9.4.2\build_msvc\thirdparty\exodusii\vtkexodusii\exodusii.dir\release\ex_get_n_coord.obj
d:\cybermed\daddy\dependency\sdk-vtk-9.4.2\build_msvc\thirdparty\exodusii\vtkexodusii\exodusii.dir\release\ex_get_n_conn.obj
d:\cybermed\daddy\dependency\sdk-vtk-9.4.2\build_msvc\thirdparty\exodusii\vtkexodusii\exodusii.dir\release\ex_get_n_attr.obj
d:\cybermed\daddy\dependency\sdk-vtk-9.4.2\build_msvc\thirdparty\exodusii\vtkexodusii\exodusii.dir\release\ex_get_glob_vars.obj
d:\cybermed\daddy\dependency\sdk-vtk-9.4.2\build_msvc\thirdparty\exodusii\vtkexodusii\exodusii.dir\release\ex_get_glob_var_time.obj
d:\cybermed\daddy\dependency\sdk-vtk-9.4.2\build_msvc\thirdparty\exodusii\vtkexodusii\exodusii.dir\release\ex_get_elem_var_time.obj
d:\cybermed\daddy\dependency\sdk-vtk-9.4.2\build_msvc\thirdparty\exodusii\vtkexodusii\exodusii.dir\release\ex_get_elem_var_tab.obj
d:\cybermed\daddy\dependency\sdk-vtk-9.4.2\build_msvc\thirdparty\exodusii\vtkexodusii\exodusii.dir\release\ex_get_elem_var.obj
d:\cybermed\daddy\dependency\sdk-vtk-9.4.2\build_msvc\thirdparty\exodusii\vtkexodusii\exodusii.dir\release\ex_get_elem_num_map.obj
d:\cybermed\daddy\dependency\sdk-vtk-9.4.2\build_msvc\thirdparty\exodusii\vtkexodusii\exodusii.dir\release\ex_get_elem_map.obj
d:\cybermed\daddy\dependency\sdk-vtk-9.4.2\build_msvc\thirdparty\exodusii\vtkexodusii\exodusii.dir\release\ex_get_elem_conn.obj
d:\cybermed\daddy\dependency\sdk-vtk-9.4.2\build_msvc\thirdparty\exodusii\vtkexodusii\exodusii.dir\release\ex_get_elem_block.obj
d:\cybermed\daddy\dependency\sdk-vtk-9.4.2\build_msvc\thirdparty\exodusii\vtkexodusii\exodusii.dir\release\ex_get_elem_blk_ids.obj
d:\cybermed\daddy\dependency\sdk-vtk-9.4.2\build_msvc\thirdparty\exodusii\vtkexodusii\exodusii.dir\release\ex_get_elem_attr_names.obj
d:\cybermed\daddy\dependency\sdk-vtk-9.4.2\build_msvc\thirdparty\exodusii\vtkexodusii\exodusii.dir\release\ex_get_elem_attr.obj
d:\cybermed\daddy\dependency\sdk-vtk-9.4.2\build_msvc\thirdparty\exodusii\vtkexodusii\exodusii.dir\release\ex_get_concat_side_sets.obj
d:\cybermed\daddy\dependency\sdk-vtk-9.4.2\build_msvc\thirdparty\exodusii\vtkexodusii\exodusii.dir\release\ex_get_concat_node_sets.obj
d:\cybermed\daddy\dependency\sdk-vtk-9.4.2\build_msvc\thirdparty\exodusii\vtkexodusii\exodusii.dir\release\ex_get_one_elem_attr.obj
d:\cybermed\daddy\dependency\sdk-vtk-9.4.2\build_msvc\thirdparty\exodusii\vtkexodusii\exodusii.dir\release\ex_get_nset_var_tab.obj
d:\cybermed\daddy\dependency\sdk-vtk-9.4.2\build_msvc\thirdparty\exodusii\vtkexodusii\exodusii.dir\release\ex_get_nset_var.obj
d:\cybermed\daddy\dependency\sdk-vtk-9.4.2\build_msvc\thirdparty\exodusii\vtkexodusii\exodusii.dir\release\ex_get_node_set_param.obj
d:\cybermed\daddy\dependency\sdk-vtk-9.4.2\build_msvc\thirdparty\exodusii\vtkexodusii\exodusii.dir\release\ex_get_node_set_ids.obj
d:\cybermed\daddy\dependency\sdk-vtk-9.4.2\build_msvc\thirdparty\exodusii\vtkexodusii\exodusii.dir\release\ex_get_node_set_dist_fact.obj
d:\cybermed\daddy\dependency\sdk-vtk-9.4.2\build_msvc\thirdparty\exodusii\vtkexodusii\exodusii.dir\release\ex_get_node_set.obj
d:\cybermed\daddy\dependency\sdk-vtk-9.4.2\build_msvc\thirdparty\exodusii\vtkexodusii\exodusii.dir\release\ex_get_node_num_map.obj
d:\cybermed\daddy\dependency\sdk-vtk-9.4.2\build_msvc\thirdparty\exodusii\vtkexodusii\exodusii.dir\release\ex_get_node_map.obj
d:\cybermed\daddy\dependency\sdk-vtk-9.4.2\build_msvc\thirdparty\exodusii\vtkexodusii\exodusii.dir\release\ex_get_nodal_var_time.obj
d:\cybermed\daddy\dependency\sdk-vtk-9.4.2\build_msvc\thirdparty\exodusii\vtkexodusii\exodusii.dir\release\ex_get_nodal_var.obj
d:\cybermed\daddy\dependency\sdk-vtk-9.4.2\build_msvc\thirdparty\exodusii\vtkexodusii\exodusii.dir\release\ex_get_n_var.obj
d:\cybermed\daddy\dependency\sdk-vtk-9.4.2\build_msvc\thirdparty\exodusii\vtkexodusii\exodusii.dir\release\ex_get_n_side_set_df.obj
d:\cybermed\daddy\dependency\sdk-vtk-9.4.2\build_msvc\thirdparty\exodusii\vtkexodusii\exodusii.dir\release\ex_get_n_side_set.obj
d:\cybermed\daddy\dependency\sdk-vtk-9.4.2\build_msvc\thirdparty\exodusii\vtkexodusii\exodusii.dir\release\ex_get_n_one_attr.obj
d:\cybermed\daddy\dependency\sdk-vtk-9.4.2\build_msvc\thirdparty\exodusii\vtkexodusii\exodusii.dir\release\ex_get_n_node_set_df.obj
d:\cybermed\daddy\dependency\sdk-vtk-9.4.2\build_msvc\thirdparty\exodusii\vtkexodusii\exodusii.dir\release\ex_get_n_node_set.obj
d:\cybermed\daddy\dependency\sdk-vtk-9.4.2\build_msvc\thirdparty\exodusii\vtkexodusii\exodusii.dir\release\ex_get_n_node_num_map.obj
d:\cybermed\daddy\dependency\sdk-vtk-9.4.2\build_msvc\thirdparty\exodusii\vtkexodusii\exodusii.dir\release\ex_get_n_nodal_var.obj
d:\cybermed\daddy\dependency\sdk-vtk-9.4.2\build_msvc\thirdparty\exodusii\vtkexodusii\exodusii.dir\release\ex_get_n_elem_var.obj
d:\cybermed\daddy\dependency\sdk-vtk-9.4.2\build_msvc\thirdparty\exodusii\vtkexodusii\exodusii.dir\release\ex_get_var_param.obj
d:\cybermed\daddy\dependency\sdk-vtk-9.4.2\build_msvc\thirdparty\exodusii\vtkexodusii\exodusii.dir\release\ex_get_var_names.obj
d:\cybermed\daddy\dependency\sdk-vtk-9.4.2\build_msvc\thirdparty\exodusii\vtkexodusii\exodusii.dir\release\ex_get_var_name.obj
d:\cybermed\daddy\dependency\sdk-vtk-9.4.2\build_msvc\thirdparty\exodusii\vtkexodusii\exodusii.dir\release\ex_get_sset_var_tab.obj
d:\cybermed\daddy\dependency\sdk-vtk-9.4.2\build_msvc\thirdparty\exodusii\vtkexodusii\exodusii.dir\release\ex_get_sset_var.obj
d:\cybermed\daddy\dependency\sdk-vtk-9.4.2\build_msvc\thirdparty\exodusii\vtkexodusii\exodusii.dir\release\ex_get_side_set_param.obj
d:\cybermed\daddy\dependency\sdk-vtk-9.4.2\build_msvc\thirdparty\exodusii\vtkexodusii\exodusii.dir\release\ex_get_side_set_ids.obj
d:\cybermed\daddy\dependency\sdk-vtk-9.4.2\build_msvc\thirdparty\exodusii\vtkexodusii\exodusii.dir\release\ex_get_side_set_dist_fact.obj
d:\cybermed\daddy\dependency\sdk-vtk-9.4.2\build_msvc\thirdparty\exodusii\vtkexodusii\exodusii.dir\release\ex_get_side_set.obj
d:\cybermed\daddy\dependency\sdk-vtk-9.4.2\build_msvc\thirdparty\exodusii\vtkexodusii\exodusii.dir\release\ex_get_partial_side_set_df.obj
d:\cybermed\daddy\dependency\sdk-vtk-9.4.2\build_msvc\thirdparty\exodusii\vtkexodusii\exodusii.dir\release\ex_get_partial_side_set.obj
d:\cybermed\daddy\dependency\sdk-vtk-9.4.2\build_msvc\thirdparty\exodusii\vtkexodusii\exodusii.dir\release\ex_get_partial_node_set_df.obj
d:\cybermed\daddy\dependency\sdk-vtk-9.4.2\build_msvc\thirdparty\exodusii\vtkexodusii\exodusii.dir\release\ex_get_partial_node_set.obj
d:\cybermed\daddy\dependency\sdk-vtk-9.4.2\build_msvc\thirdparty\exodusii\vtkexodusii\exodusii.dir\release\ex_get_partial_node_num_map.obj
d:\cybermed\daddy\dependency\sdk-vtk-9.4.2\build_msvc\thirdparty\exodusii\vtkexodusii\exodusii.dir\release\ex_get_partial_nodal_var.obj
d:\cybermed\daddy\dependency\sdk-vtk-9.4.2\build_msvc\thirdparty\exodusii\vtkexodusii\exodusii.dir\release\ex_get_partial_elem_var.obj
d:\cybermed\daddy\dependency\sdk-vtk-9.4.2\build_msvc\thirdparty\exodusii\vtkexodusii\exodusii.dir\release\ex_get_partial_elem_num_map.obj
d:\cybermed\daddy\dependency\sdk-vtk-9.4.2\build_msvc\thirdparty\exodusii\vtkexodusii\exodusii.dir\release\ex_get_partial_elem_map.obj
d:\cybermed\daddy\dependency\sdk-vtk-9.4.2\build_msvc\thirdparty\exodusii\vtkexodusii\exodusii.dir\release\ex_get_partial_elem_conn.obj
d:\cybermed\daddy\dependency\sdk-vtk-9.4.2\build_msvc\thirdparty\exodusii\vtkexodusii\exodusii.dir\release\ex_get_partial_elem_attr.obj
d:\cybermed\daddy\dependency\sdk-vtk-9.4.2\build_msvc\thirdparty\exodusii\vtkexodusii\exodusii.dir\release\ex_put_n_nodal_var.obj
d:\cybermed\daddy\dependency\sdk-vtk-9.4.2\build_msvc\thirdparty\exodusii\vtkexodusii\exodusii.dir\release\ex_put_n_elem_num_map.obj
d:\cybermed\daddy\dependency\sdk-vtk-9.4.2\build_msvc\thirdparty\exodusii\vtkexodusii\exodusii.dir\release\ex_put_n_elem_conn.obj
d:\cybermed\daddy\dependency\sdk-vtk-9.4.2\build_msvc\thirdparty\exodusii\vtkexodusii\exodusii.dir\release\ex_put_n_elem_attr.obj
d:\cybermed\daddy\dependency\sdk-vtk-9.4.2\build_msvc\thirdparty\exodusii\vtkexodusii\exodusii.dir\release\ex_put_n_coord.obj
d:\cybermed\daddy\dependency\sdk-vtk-9.4.2\build_msvc\thirdparty\exodusii\vtkexodusii\exodusii.dir\release\ex_put_n_attr.obj
d:\cybermed\daddy\dependency\sdk-vtk-9.4.2\build_msvc\thirdparty\exodusii\vtkexodusii\exodusii.dir\release\ex_put_glob_vars.obj
d:\cybermed\daddy\dependency\sdk-vtk-9.4.2\build_msvc\thirdparty\exodusii\vtkexodusii\exodusii.dir\release\ex_put_elem_var_tab.obj
d:\cybermed\daddy\dependency\sdk-vtk-9.4.2\build_msvc\thirdparty\exodusii\vtkexodusii\exodusii.dir\release\ex_put_elem_var_slab.obj
d:\cybermed\daddy\dependency\sdk-vtk-9.4.2\build_msvc\thirdparty\exodusii\vtkexodusii\exodusii.dir\release\ex_put_elem_var.obj
d:\cybermed\daddy\dependency\sdk-vtk-9.4.2\build_msvc\thirdparty\exodusii\vtkexodusii\exodusii.dir\release\ex_put_elem_num_map.obj
d:\cybermed\daddy\dependency\sdk-vtk-9.4.2\build_msvc\thirdparty\exodusii\vtkexodusii\exodusii.dir\release\ex_put_elem_map.obj
d:\cybermed\daddy\dependency\sdk-vtk-9.4.2\build_msvc\thirdparty\exodusii\vtkexodusii\exodusii.dir\release\ex_put_elem_conn.obj
d:\cybermed\daddy\dependency\sdk-vtk-9.4.2\build_msvc\thirdparty\exodusii\vtkexodusii\exodusii.dir\release\ex_put_elem_block.obj
d:\cybermed\daddy\dependency\sdk-vtk-9.4.2\build_msvc\thirdparty\exodusii\vtkexodusii\exodusii.dir\release\ex_put_elem_attr_names.obj
d:\cybermed\daddy\dependency\sdk-vtk-9.4.2\build_msvc\thirdparty\exodusii\vtkexodusii\exodusii.dir\release\ex_put_elem_attr.obj
d:\cybermed\daddy\dependency\sdk-vtk-9.4.2\build_msvc\thirdparty\exodusii\vtkexodusii\exodusii.dir\release\ex_put_concat_var_param.obj
d:\cybermed\daddy\dependency\sdk-vtk-9.4.2\build_msvc\thirdparty\exodusii\vtkexodusii\exodusii.dir\release\ex_put_concat_side_sets.obj
d:\cybermed\daddy\dependency\sdk-vtk-9.4.2\build_msvc\thirdparty\exodusii\vtkexodusii\exodusii.dir\release\ex_put_concat_node_sets.obj
d:\cybermed\daddy\dependency\sdk-vtk-9.4.2\build_msvc\thirdparty\exodusii\vtkexodusii\exodusii.dir\release\ex_get_var_tab.obj
d:\cybermed\daddy\dependency\sdk-vtk-9.4.2\build_msvc\thirdparty\exodusii\vtkexodusii\exodusii.dir\release\ex_put_partial_elem_num_map.obj
d:\cybermed\daddy\dependency\sdk-vtk-9.4.2\build_msvc\thirdparty\exodusii\vtkexodusii\exodusii.dir\release\ex_put_partial_elem_map.obj
d:\cybermed\daddy\dependency\sdk-vtk-9.4.2\build_msvc\thirdparty\exodusii\vtkexodusii\exodusii.dir\release\ex_put_partial_elem_conn.obj
d:\cybermed\daddy\dependency\sdk-vtk-9.4.2\build_msvc\thirdparty\exodusii\vtkexodusii\exodusii.dir\release\ex_put_partial_elem_attr.obj
d:\cybermed\daddy\dependency\sdk-vtk-9.4.2\build_msvc\thirdparty\exodusii\vtkexodusii\exodusii.dir\release\ex_put_one_elem_attr.obj
d:\cybermed\daddy\dependency\sdk-vtk-9.4.2\build_msvc\thirdparty\exodusii\vtkexodusii\exodusii.dir\release\ex_put_nset_var_tab.obj
d:\cybermed\daddy\dependency\sdk-vtk-9.4.2\build_msvc\thirdparty\exodusii\vtkexodusii\exodusii.dir\release\ex_put_nset_var.obj
d:\cybermed\daddy\dependency\sdk-vtk-9.4.2\build_msvc\thirdparty\exodusii\vtkexodusii\exodusii.dir\release\ex_put_node_set_param.obj
d:\cybermed\daddy\dependency\sdk-vtk-9.4.2\build_msvc\thirdparty\exodusii\vtkexodusii\exodusii.dir\release\ex_put_node_set_dist_fact.obj
d:\cybermed\daddy\dependency\sdk-vtk-9.4.2\build_msvc\thirdparty\exodusii\vtkexodusii\exodusii.dir\release\ex_put_node_set.obj
d:\cybermed\daddy\dependency\sdk-vtk-9.4.2\build_msvc\thirdparty\exodusii\vtkexodusii\exodusii.dir\release\ex_put_node_num_map.obj
d:\cybermed\daddy\dependency\sdk-vtk-9.4.2\build_msvc\thirdparty\exodusii\vtkexodusii\exodusii.dir\release\ex_put_node_map.obj
d:\cybermed\daddy\dependency\sdk-vtk-9.4.2\build_msvc\thirdparty\exodusii\vtkexodusii\exodusii.dir\release\ex_put_nodal_var_slab.obj
d:\cybermed\daddy\dependency\sdk-vtk-9.4.2\build_msvc\thirdparty\exodusii\vtkexodusii\exodusii.dir\release\ex_put_n_var.obj
d:\cybermed\daddy\dependency\sdk-vtk-9.4.2\build_msvc\thirdparty\exodusii\vtkexodusii\exodusii.dir\release\ex_put_n_side_set_df.obj
d:\cybermed\daddy\dependency\sdk-vtk-9.4.2\build_msvc\thirdparty\exodusii\vtkexodusii\exodusii.dir\release\ex_put_n_side_set.obj
d:\cybermed\daddy\dependency\sdk-vtk-9.4.2\build_msvc\thirdparty\exodusii\vtkexodusii\exodusii.dir\release\ex_put_n_one_attr.obj
d:\cybermed\daddy\dependency\sdk-vtk-9.4.2\build_msvc\thirdparty\exodusii\vtkexodusii\exodusii.dir\release\ex_put_n_node_set_df.obj
d:\cybermed\daddy\dependency\sdk-vtk-9.4.2\build_msvc\thirdparty\exodusii\vtkexodusii\exodusii.dir\release\ex_put_n_node_set.obj
d:\cybermed\daddy\dependency\sdk-vtk-9.4.2\build_msvc\thirdparty\exodusii\vtkexodusii\exodusii.dir\release\ex_put_n_node_num_map.obj
d:\cybermed\daddy\dependency\sdk-vtk-9.4.2\build_msvc\thirdparty\exodusii\vtkexodusii\exodusii.dir\release\ex_add_attr.obj
d:\cybermed\daddy\dependency\sdk-vtk-9.4.2\build_msvc\thirdparty\exodusii\vtkexodusii\exodusii.dir\release\ex__put_nodal_var_multi_time.obj
d:\cybermed\daddy\dependency\sdk-vtk-9.4.2\build_msvc\thirdparty\exodusii\vtkexodusii\exodusii.dir\release\ex__put_homogenous_block_params.obj
d:\cybermed\daddy\dependency\sdk-vtk-9.4.2\build_msvc\thirdparty\exodusii\vtkexodusii\exodusii.dir\release\ex__get_nodal_var_multi_time.obj
d:\cybermed\daddy\dependency\sdk-vtk-9.4.2\build_msvc\thirdparty\exodusii\vtkexodusii\exodusii.dir\release\ex__get_glob_vars_multi_time.obj
d:\cybermed\daddy\dependency\sdk-vtk-9.4.2\build_msvc\thirdparty\exodusii\vtkexodusii\exodusii.dir\release\ex_put_var_tab.obj
d:\cybermed\daddy\dependency\sdk-vtk-9.4.2\build_msvc\thirdparty\exodusii\vtkexodusii\exodusii.dir\release\ex_put_var_param.obj
d:\cybermed\daddy\dependency\sdk-vtk-9.4.2\build_msvc\thirdparty\exodusii\vtkexodusii\exodusii.dir\release\ex_put_var_names.obj
d:\cybermed\daddy\dependency\sdk-vtk-9.4.2\build_msvc\thirdparty\exodusii\vtkexodusii\exodusii.dir\release\ex_put_var_name.obj
d:\cybermed\daddy\dependency\sdk-vtk-9.4.2\build_msvc\thirdparty\exodusii\vtkexodusii\exodusii.dir\release\ex_put_sset_var_tab.obj
d:\cybermed\daddy\dependency\sdk-vtk-9.4.2\build_msvc\thirdparty\exodusii\vtkexodusii\exodusii.dir\release\ex_put_sset_var.obj
d:\cybermed\daddy\dependency\sdk-vtk-9.4.2\build_msvc\thirdparty\exodusii\vtkexodusii\exodusii.dir\release\ex_put_side_set_param.obj
d:\cybermed\daddy\dependency\sdk-vtk-9.4.2\build_msvc\thirdparty\exodusii\vtkexodusii\exodusii.dir\release\ex_put_side_set_dist_fact.obj
d:\cybermed\daddy\dependency\sdk-vtk-9.4.2\build_msvc\thirdparty\exodusii\vtkexodusii\exodusii.dir\release\ex_put_side_set.obj
d:\cybermed\daddy\dependency\sdk-vtk-9.4.2\build_msvc\thirdparty\exodusii\vtkexodusii\exodusii.dir\release\ex_put_partial_side_set_df.obj
d:\cybermed\daddy\dependency\sdk-vtk-9.4.2\build_msvc\thirdparty\exodusii\vtkexodusii\exodusii.dir\release\ex_put_partial_side_set.obj
d:\cybermed\daddy\dependency\sdk-vtk-9.4.2\build_msvc\thirdparty\exodusii\vtkexodusii\exodusii.dir\release\ex_put_partial_node_set_df.obj
d:\cybermed\daddy\dependency\sdk-vtk-9.4.2\build_msvc\thirdparty\exodusii\vtkexodusii\exodusii.dir\release\ex_put_partial_node_set.obj
d:\cybermed\daddy\dependency\sdk-vtk-9.4.2\build_msvc\thirdparty\exodusii\vtkexodusii\exodusii.dir\release\ex_put_partial_node_num_map.obj
d:\cybermed\daddy\dependency\sdk-vtk-9.4.2\build_msvc\thirdparty\exodusii\vtkexodusii\exodusii.dir\release\ex_put_partial_nodal_var.obj
d:\cybermed\daddy\dependency\sdk-vtk-9.4.2\build_msvc\thirdparty\exodusii\vtkexodusii\exodusii.dir\release\ex_get_block_id_map.obj
d:\cybermed\daddy\dependency\sdk-vtk-9.4.2\build_msvc\thirdparty\exodusii\vtkexodusii\exodusii.dir\release\ex_get_block.obj
d:\cybermed\daddy\dependency\sdk-vtk-9.4.2\build_msvc\thirdparty\exodusii\vtkexodusii\exodusii.dir\release\ex_get_blobs.obj
d:\cybermed\daddy\dependency\sdk-vtk-9.4.2\build_msvc\thirdparty\exodusii\vtkexodusii\exodusii.dir\release\ex_get_blob.obj
d:\cybermed\daddy\dependency\sdk-vtk-9.4.2\build_msvc\thirdparty\exodusii\vtkexodusii\exodusii.dir\release\ex_get_attribute.obj
d:\cybermed\daddy\dependency\sdk-vtk-9.4.2\build_msvc\thirdparty\exodusii\vtkexodusii\exodusii.dir\release\ex_get_attr_param.obj
d:\cybermed\daddy\dependency\sdk-vtk-9.4.2\build_msvc\thirdparty\exodusii\vtkexodusii\exodusii.dir\release\ex_get_attr_names.obj
d:\cybermed\daddy\dependency\sdk-vtk-9.4.2\build_msvc\thirdparty\exodusii\vtkexodusii\exodusii.dir\release\ex_get_attr.obj
d:\cybermed\daddy\dependency\sdk-vtk-9.4.2\build_msvc\thirdparty\exodusii\vtkexodusii\exodusii.dir\release\ex_get_assembly.obj
d:\cybermed\daddy\dependency\sdk-vtk-9.4.2\build_msvc\thirdparty\exodusii\vtkexodusii\exodusii.dir\release\ex_get_assemblies.obj
d:\cybermed\daddy\dependency\sdk-vtk-9.4.2\build_msvc\thirdparty\exodusii\vtkexodusii\exodusii.dir\release\ex_get_all_times.obj
d:\cybermed\daddy\dependency\sdk-vtk-9.4.2\build_msvc\thirdparty\exodusii\vtkexodusii\exodusii.dir\release\ex_field_utils.obj
d:\cybermed\daddy\dependency\sdk-vtk-9.4.2\build_msvc\thirdparty\exodusii\vtkexodusii\exodusii.dir\release\ex_err.obj
d:\cybermed\daddy\dependency\sdk-vtk-9.4.2\build_msvc\thirdparty\exodusii\vtkexodusii\exodusii.dir\release\ex_cvt_nodes_to_sides.obj
d:\cybermed\daddy\dependency\sdk-vtk-9.4.2\build_msvc\thirdparty\exodusii\vtkexodusii\exodusii.dir\release\ex_create_par.obj
d:\cybermed\daddy\dependency\sdk-vtk-9.4.2\build_msvc\thirdparty\exodusii\vtkexodusii\exodusii.dir\release\ex_create_group.obj
d:\cybermed\daddy\dependency\sdk-vtk-9.4.2\build_msvc\thirdparty\exodusii\vtkexodusii\exodusii.dir\release\ex_create.obj
d:\cybermed\daddy\dependency\sdk-vtk-9.4.2\build_msvc\thirdparty\exodusii\vtkexodusii\exodusii.dir\release\ex_copy.obj
d:\cybermed\daddy\dependency\sdk-vtk-9.4.2\build_msvc\thirdparty\exodusii\vtkexodusii\exodusii.dir\release\ex_conv.obj
d:\cybermed\daddy\dependency\sdk-vtk-9.4.2\build_msvc\thirdparty\exodusii\vtkexodusii\exodusii.dir\release\ex_close.obj
d:\cybermed\daddy\dependency\sdk-vtk-9.4.2\build_msvc\thirdparty\exodusii\vtkexodusii\exodusii.dir\release\ex_get_ids.obj
d:\cybermed\daddy\dependency\sdk-vtk-9.4.2\build_msvc\thirdparty\exodusii\vtkexodusii\exodusii.dir\release\ex_get_id_map.obj
d:\cybermed\daddy\dependency\sdk-vtk-9.4.2\build_msvc\thirdparty\exodusii\vtkexodusii\exodusii.dir\release\ex_get_group_ids.obj
d:\cybermed\daddy\dependency\sdk-vtk-9.4.2\build_msvc\thirdparty\exodusii\vtkexodusii\exodusii.dir\release\ex_get_group_id.obj
d:\cybermed\daddy\dependency\sdk-vtk-9.4.2\build_msvc\thirdparty\exodusii\vtkexodusii\exodusii.dir\release\ex_get_glob_vars_int.obj
d:\cybermed\daddy\dependency\sdk-vtk-9.4.2\build_msvc\thirdparty\exodusii\vtkexodusii\exodusii.dir\release\ex_get_glob_var_time_int.obj
d:\cybermed\daddy\dependency\sdk-vtk-9.4.2\build_msvc\thirdparty\exodusii\vtkexodusii\exodusii.dir\release\ex_get_field_metadata.obj
d:\cybermed\daddy\dependency\sdk-vtk-9.4.2\build_msvc\thirdparty\exodusii\vtkexodusii\exodusii.dir\release\ex_get_entity_count_per_polyhedra.obj
d:\cybermed\daddy\dependency\sdk-vtk-9.4.2\build_msvc\thirdparty\exodusii\vtkexodusii\exodusii.dir\release\ex_get_elem_type.obj
d:\cybermed\daddy\dependency\sdk-vtk-9.4.2\build_msvc\thirdparty\exodusii\vtkexodusii\exodusii.dir\release\ex_get_elem_cmap.obj
d:\cybermed\daddy\dependency\sdk-vtk-9.4.2\build_msvc\thirdparty\exodusii\vtkexodusii\exodusii.dir\release\ex_get_eb_info_global.obj
d:\cybermed\daddy\dependency\sdk-vtk-9.4.2\build_msvc\thirdparty\exodusii\vtkexodusii\exodusii.dir\release\ex_get_coordinate_frames.obj
d:\cybermed\daddy\dependency\sdk-vtk-9.4.2\build_msvc\thirdparty\exodusii\vtkexodusii\exodusii.dir\release\ex_get_coord_names.obj
d:\cybermed\daddy\dependency\sdk-vtk-9.4.2\build_msvc\thirdparty\exodusii\vtkexodusii\exodusii.dir\release\ex_get_coord.obj
d:\cybermed\daddy\dependency\sdk-vtk-9.4.2\build_msvc\thirdparty\exodusii\vtkexodusii\exodusii.dir\release\ex_get_conn.obj
d:\cybermed\daddy\dependency\sdk-vtk-9.4.2\build_msvc\thirdparty\exodusii\vtkexodusii\exodusii.dir\release\ex_get_concat_side_set_node_count.obj
d:\cybermed\daddy\dependency\sdk-vtk-9.4.2\build_msvc\thirdparty\exodusii\vtkexodusii\exodusii.dir\release\ex_get_concat_sets.obj
d:\cybermed\daddy\dependency\sdk-vtk-9.4.2\build_msvc\thirdparty\exodusii\vtkexodusii\exodusii.dir\release\ex_get_cmap_params.obj
d:\cybermed\daddy\dependency\sdk-vtk-9.4.2\build_msvc\thirdparty\exodusii\vtkexodusii\exodusii.dir\release\ex_get_block_params.obj
d:\cybermed\daddy\dependency\sdk-vtk-9.4.2\build_msvc\thirdparty\exodusii\vtkexodusii\exodusii.dir\release\ex_get_block_param.obj
d:\cybermed\daddy\dependency\sdk-vtk-9.4.2\build_msvc\thirdparty\exodusii\vtkexodusii\exodusii.dir\release\ex_get_partial_coord_component.obj
d:\cybermed\daddy\dependency\sdk-vtk-9.4.2\build_msvc\thirdparty\exodusii\vtkexodusii\exodusii.dir\release\ex_get_partial_coord.obj
d:\cybermed\daddy\dependency\sdk-vtk-9.4.2\build_msvc\thirdparty\exodusii\vtkexodusii\exodusii.dir\release\ex_get_partial_conn.obj
d:\cybermed\daddy\dependency\sdk-vtk-9.4.2\build_msvc\thirdparty\exodusii\vtkexodusii\exodusii.dir\release\ex_get_partial_attr.obj
d:\cybermed\daddy\dependency\sdk-vtk-9.4.2\build_msvc\thirdparty\exodusii\vtkexodusii\exodusii.dir\release\ex_get_one_attr.obj
d:\cybermed\daddy\dependency\sdk-vtk-9.4.2\build_msvc\thirdparty\exodusii\vtkexodusii\exodusii.dir\release\ex_get_object_truth_vector.obj
d:\cybermed\daddy\dependency\sdk-vtk-9.4.2\build_msvc\thirdparty\exodusii\vtkexodusii\exodusii.dir\release\ex_get_num_map.obj
d:\cybermed\daddy\dependency\sdk-vtk-9.4.2\build_msvc\thirdparty\exodusii\vtkexodusii\exodusii.dir\release\ex_get_ns_param_global.obj
d:\cybermed\daddy\dependency\sdk-vtk-9.4.2\build_msvc\thirdparty\exodusii\vtkexodusii\exodusii.dir\release\ex_get_node_cmap.obj
d:\cybermed\daddy\dependency\sdk-vtk-9.4.2\build_msvc\thirdparty\exodusii\vtkexodusii\exodusii.dir\release\ex_get_nodal_var_time_int.obj
d:\cybermed\daddy\dependency\sdk-vtk-9.4.2\build_msvc\thirdparty\exodusii\vtkexodusii\exodusii.dir\release\ex_get_names.obj
d:\cybermed\daddy\dependency\sdk-vtk-9.4.2\build_msvc\thirdparty\exodusii\vtkexodusii\exodusii.dir\release\ex_get_name.obj
d:\cybermed\daddy\dependency\sdk-vtk-9.4.2\build_msvc\thirdparty\exodusii\vtkexodusii\exodusii.dir\release\ex_get_map_param.obj
d:\cybermed\daddy\dependency\sdk-vtk-9.4.2\build_msvc\thirdparty\exodusii\vtkexodusii\exodusii.dir\release\ex_get_map.obj
d:\cybermed\daddy\dependency\sdk-vtk-9.4.2\build_msvc\thirdparty\exodusii\vtkexodusii\exodusii.dir\release\ex_get_loadbal_param.obj
d:\cybermed\daddy\dependency\sdk-vtk-9.4.2\build_msvc\thirdparty\exodusii\vtkexodusii\exodusii.dir\release\ex_get_init_info.obj
d:\cybermed\daddy\dependency\sdk-vtk-9.4.2\build_msvc\thirdparty\exodusii\vtkexodusii\exodusii.dir\release\ex_get_init_global.obj
d:\cybermed\daddy\dependency\sdk-vtk-9.4.2\build_msvc\thirdparty\exodusii\vtkexodusii\exodusii.dir\release\ex_get_init_ext.obj
d:\cybermed\daddy\dependency\sdk-vtk-9.4.2\build_msvc\thirdparty\exodusii\vtkexodusii\exodusii.dir\release\ex_get_init.obj
d:\cybermed\daddy\dependency\sdk-vtk-9.4.2\build_msvc\thirdparty\exodusii\vtkexodusii\exodusii.dir\release\ex_get_info.obj
d:\cybermed\daddy\dependency\sdk-vtk-9.4.2\build_msvc\thirdparty\exodusii\vtkexodusii\exodusii.dir\release\ex_get_sets.obj
d:\cybermed\daddy\dependency\sdk-vtk-9.4.2\build_msvc\thirdparty\exodusii\vtkexodusii\exodusii.dir\release\ex_get_set_param.obj
d:\cybermed\daddy\dependency\sdk-vtk-9.4.2\build_msvc\thirdparty\exodusii\vtkexodusii\exodusii.dir\release\ex_get_set_dist_fact.obj
d:\cybermed\daddy\dependency\sdk-vtk-9.4.2\build_msvc\thirdparty\exodusii\vtkexodusii\exodusii.dir\release\ex_get_set.obj
d:\cybermed\daddy\dependency\sdk-vtk-9.4.2\build_msvc\thirdparty\exodusii\vtkexodusii\exodusii.dir\release\ex_get_reduction_vars.obj
d:\cybermed\daddy\dependency\sdk-vtk-9.4.2\build_msvc\thirdparty\exodusii\vtkexodusii\exodusii.dir\release\ex_get_reduction_variable_param.obj
d:\cybermed\daddy\dependency\sdk-vtk-9.4.2\build_msvc\thirdparty\exodusii\vtkexodusii\exodusii.dir\release\ex_get_reduction_variable_names.obj
d:\cybermed\daddy\dependency\sdk-vtk-9.4.2\build_msvc\thirdparty\exodusii\vtkexodusii\exodusii.dir\release\ex_get_qa.obj
d:\cybermed\daddy\dependency\sdk-vtk-9.4.2\build_msvc\thirdparty\exodusii\vtkexodusii\exodusii.dir\release\ex_get_prop_names.obj
d:\cybermed\daddy\dependency\sdk-vtk-9.4.2\build_msvc\thirdparty\exodusii\vtkexodusii\exodusii.dir\release\ex_get_prop_array.obj
d:\cybermed\daddy\dependency\sdk-vtk-9.4.2\build_msvc\thirdparty\exodusii\vtkexodusii\exodusii.dir\release\ex_get_prop.obj
d:\cybermed\daddy\dependency\sdk-vtk-9.4.2\build_msvc\thirdparty\exodusii\vtkexodusii\exodusii.dir\release\ex_get_processor_node_maps.obj
d:\cybermed\daddy\dependency\sdk-vtk-9.4.2\build_msvc\thirdparty\exodusii\vtkexodusii\exodusii.dir\release\ex_get_processor_elem_maps.obj
d:\cybermed\daddy\dependency\sdk-vtk-9.4.2\build_msvc\thirdparty\exodusii\vtkexodusii\exodusii.dir\release\ex_get_partial_var.obj
d:\cybermed\daddy\dependency\sdk-vtk-9.4.2\build_msvc\thirdparty\exodusii\vtkexodusii\exodusii.dir\release\ex_get_partial_set_dist_fact.obj
d:\cybermed\daddy\dependency\sdk-vtk-9.4.2\build_msvc\thirdparty\exodusii\vtkexodusii\exodusii.dir\release\ex_get_partial_set.obj
d:\cybermed\daddy\dependency\sdk-vtk-9.4.2\build_msvc\thirdparty\exodusii\vtkexodusii\exodusii.dir\release\ex_get_partial_one_attr.obj
d:\cybermed\daddy\dependency\sdk-vtk-9.4.2\build_msvc\thirdparty\exodusii\vtkexodusii\exodusii.dir\release\ex_get_partial_num_map.obj
d:\cybermed\daddy\dependency\sdk-vtk-9.4.2\build_msvc\thirdparty\exodusii\vtkexodusii\exodusii.dir\release\ex_get_partial_nodal_var_int.obj
d:\cybermed\daddy\dependency\sdk-vtk-9.4.2\build_msvc\thirdparty\exodusii\vtkexodusii\exodusii.dir\release\ex_get_partial_id_map.obj
d:\cybermed\daddy\dependency\sdk-vtk-9.4.2\build_msvc\thirdparty\exodusii\vtkexodusii\exodusii.dir\release\ex_put_all_var_param_ext.obj
d:\cybermed\daddy\dependency\sdk-vtk-9.4.2\build_msvc\thirdparty\exodusii\vtkexodusii\exodusii.dir\release\ex_put_all_var_param.obj
d:\cybermed\daddy\dependency\sdk-vtk-9.4.2\build_msvc\thirdparty\exodusii\vtkexodusii\exodusii.dir\release\ex_opts.obj
d:\cybermed\daddy\dependency\sdk-vtk-9.4.2\build_msvc\thirdparty\exodusii\vtkexodusii\exodusii.dir\release\ex_open_par.obj
d:\cybermed\daddy\dependency\sdk-vtk-9.4.2\build_msvc\thirdparty\exodusii\vtkexodusii\exodusii.dir\release\ex_open.obj
d:\cybermed\daddy\dependency\sdk-vtk-9.4.2\build_msvc\thirdparty\exodusii\vtkexodusii\exodusii.dir\release\ex_ne_util.obj
d:\cybermed\daddy\dependency\sdk-vtk-9.4.2\build_msvc\thirdparty\exodusii\vtkexodusii\exodusii.dir\release\ex_int_get_block_param.obj
d:\cybermed\daddy\dependency\sdk-vtk-9.4.2\build_msvc\thirdparty\exodusii\vtkexodusii\exodusii.dir\release\ex_inquire.obj
d:\cybermed\daddy\dependency\sdk-vtk-9.4.2\build_msvc\thirdparty\exodusii\vtkexodusii\exodusii.dir\release\ex_get_variable_param.obj
d:\cybermed\daddy\dependency\sdk-vtk-9.4.2\build_msvc\thirdparty\exodusii\vtkexodusii\exodusii.dir\release\ex_get_variable_names.obj
d:\cybermed\daddy\dependency\sdk-vtk-9.4.2\build_msvc\thirdparty\exodusii\vtkexodusii\exodusii.dir\release\ex_get_variable_name.obj
d:\cybermed\daddy\dependency\sdk-vtk-9.4.2\build_msvc\thirdparty\exodusii\vtkexodusii\exodusii.dir\release\ex_get_var_time.obj
d:\cybermed\daddy\dependency\sdk-vtk-9.4.2\build_msvc\thirdparty\exodusii\vtkexodusii\exodusii.dir\release\ex_get_var_multi_time.obj
d:\cybermed\daddy\dependency\sdk-vtk-9.4.2\build_msvc\thirdparty\exodusii\vtkexodusii\exodusii.dir\release\ex_get_var.obj
d:\cybermed\daddy\dependency\sdk-vtk-9.4.2\build_msvc\thirdparty\exodusii\vtkexodusii\exodusii.dir\release\ex_get_truth_table.obj
d:\cybermed\daddy\dependency\sdk-vtk-9.4.2\build_msvc\thirdparty\exodusii\vtkexodusii\exodusii.dir\release\ex_get_time.obj
d:\cybermed\daddy\dependency\sdk-vtk-9.4.2\build_msvc\thirdparty\exodusii\vtkexodusii\exodusii.dir\release\ex_get_ss_param_global.obj
d:\cybermed\daddy\dependency\sdk-vtk-9.4.2\build_msvc\thirdparty\exodusii\vtkexodusii\exodusii.dir\release\ex_get_side_set_node_list_len.obj
d:\cybermed\daddy\dependency\sdk-vtk-9.4.2\build_msvc\thirdparty\exodusii\vtkexodusii\exodusii.dir\release\ex_get_side_set_node_list.obj
d:\cybermed\daddy\dependency\sdk-vtk-9.4.2\build_msvc\thirdparty\exodusii\vtkexodusii\exodusii.dir\release\ex_get_side_set_node_count.obj
d:\cybermed\daddy\dependency\sdk-vtk-9.4.2\build_msvc\thirdparty\exodusii\vtkexodusii\exodusii.dir\release\ex_put_elem_cmap.obj
d:\cybermed\daddy\dependency\sdk-vtk-9.4.2\build_msvc\thirdparty\exodusii\vtkexodusii\exodusii.dir\release\ex_put_eb_info_global.obj
d:\cybermed\daddy\dependency\sdk-vtk-9.4.2\build_msvc\thirdparty\exodusii\vtkexodusii\exodusii.dir\release\ex_put_coordinate_frames.obj
d:\cybermed\daddy\dependency\sdk-vtk-9.4.2\build_msvc\thirdparty\exodusii\vtkexodusii\exodusii.dir\release\ex_put_coord_names.obj
d:\cybermed\daddy\dependency\sdk-vtk-9.4.2\build_msvc\thirdparty\exodusii\vtkexodusii\exodusii.dir\release\ex_put_coord.obj
d:\cybermed\daddy\dependency\sdk-vtk-9.4.2\build_msvc\thirdparty\exodusii\vtkexodusii\exodusii.dir\release\ex_put_conn.obj
d:\cybermed\daddy\dependency\sdk-vtk-9.4.2\build_msvc\thirdparty\exodusii\vtkexodusii\exodusii.dir\release\ex_put_concat_sets.obj
d:\cybermed\daddy\dependency\sdk-vtk-9.4.2\build_msvc\thirdparty\exodusii\vtkexodusii\exodusii.dir\release\ex_put_concat_elem_block.obj
d:\cybermed\daddy\dependency\sdk-vtk-9.4.2\build_msvc\thirdparty\exodusii\vtkexodusii\exodusii.dir\release\ex_put_concat_all_blocks.obj
d:\cybermed\daddy\dependency\sdk-vtk-9.4.2\build_msvc\thirdparty\exodusii\vtkexodusii\exodusii.dir\release\ex_put_cmap_params_cc.obj
d:\cybermed\daddy\dependency\sdk-vtk-9.4.2\build_msvc\thirdparty\exodusii\vtkexodusii\exodusii.dir\release\ex_put_cmap_params.obj
d:\cybermed\daddy\dependency\sdk-vtk-9.4.2\build_msvc\thirdparty\exodusii\vtkexodusii\exodusii.dir\release\ex_put_block_params.obj
d:\cybermed\daddy\dependency\sdk-vtk-9.4.2\build_msvc\thirdparty\exodusii\vtkexodusii\exodusii.dir\release\ex_put_block_param.obj
d:\cybermed\daddy\dependency\sdk-vtk-9.4.2\build_msvc\thirdparty\exodusii\vtkexodusii\exodusii.dir\release\ex_put_block.obj
d:\cybermed\daddy\dependency\sdk-vtk-9.4.2\build_msvc\thirdparty\exodusii\vtkexodusii\exodusii.dir\release\ex_put_blobs.obj
d:\cybermed\daddy\dependency\sdk-vtk-9.4.2\build_msvc\thirdparty\exodusii\vtkexodusii\exodusii.dir\release\ex_put_attribute.obj
d:\cybermed\daddy\dependency\sdk-vtk-9.4.2\build_msvc\thirdparty\exodusii\vtkexodusii\exodusii.dir\release\ex_put_attr_param.obj
d:\cybermed\daddy\dependency\sdk-vtk-9.4.2\build_msvc\thirdparty\exodusii\vtkexodusii\exodusii.dir\release\ex_put_attr_names.obj
d:\cybermed\daddy\dependency\sdk-vtk-9.4.2\build_msvc\thirdparty\exodusii\vtkexodusii\exodusii.dir\release\ex_put_attr.obj
d:\cybermed\daddy\dependency\sdk-vtk-9.4.2\build_msvc\thirdparty\exodusii\vtkexodusii\exodusii.dir\release\ex_put_assemblies.obj
d:\cybermed\daddy\dependency\sdk-vtk-9.4.2\build_msvc\thirdparty\exodusii\vtkexodusii\exodusii.dir\release\ex_put_partial_attr.obj
d:\cybermed\daddy\dependency\sdk-vtk-9.4.2\build_msvc\thirdparty\exodusii\vtkexodusii\exodusii.dir\release\ex_put_one_attr.obj
d:\cybermed\daddy\dependency\sdk-vtk-9.4.2\build_msvc\thirdparty\exodusii\vtkexodusii\exodusii.dir\release\ex_put_num_map.obj
d:\cybermed\daddy\dependency\sdk-vtk-9.4.2\build_msvc\thirdparty\exodusii\vtkexodusii\exodusii.dir\release\ex_put_ns_param_global.obj
d:\cybermed\daddy\dependency\sdk-vtk-9.4.2\build_msvc\thirdparty\exodusii\vtkexodusii\exodusii.dir\release\ex_put_node_cmap.obj
d:\cybermed\daddy\dependency\sdk-vtk-9.4.2\build_msvc\thirdparty\exodusii\vtkexodusii\exodusii.dir\release\ex_put_nodal_var.obj
d:\cybermed\daddy\dependency\sdk-vtk-9.4.2\build_msvc\thirdparty\exodusii\vtkexodusii\exodusii.dir\release\ex_put_names.obj
d:\cybermed\daddy\dependency\sdk-vtk-9.4.2\build_msvc\thirdparty\exodusii\vtkexodusii\exodusii.dir\release\ex_put_name.obj
d:\cybermed\daddy\dependency\sdk-vtk-9.4.2\build_msvc\thirdparty\exodusii\vtkexodusii\exodusii.dir\release\ex_put_map_param.obj
d:\cybermed\daddy\dependency\sdk-vtk-9.4.2\build_msvc\thirdparty\exodusii\vtkexodusii\exodusii.dir\release\ex_put_map.obj
d:\cybermed\daddy\dependency\sdk-vtk-9.4.2\build_msvc\thirdparty\exodusii\vtkexodusii\exodusii.dir\release\ex_put_loadbal_param_cc.obj
d:\cybermed\daddy\dependency\sdk-vtk-9.4.2\build_msvc\thirdparty\exodusii\vtkexodusii\exodusii.dir\release\ex_put_loadbal_param.obj
d:\cybermed\daddy\dependency\sdk-vtk-9.4.2\build_msvc\thirdparty\exodusii\vtkexodusii\exodusii.dir\release\ex_put_init_info.obj
d:\cybermed\daddy\dependency\sdk-vtk-9.4.2\build_msvc\thirdparty\exodusii\vtkexodusii\exodusii.dir\release\ex_put_init_global.obj
d:\cybermed\daddy\dependency\sdk-vtk-9.4.2\build_msvc\thirdparty\exodusii\vtkexodusii\exodusii.dir\release\ex_put_init_ext.obj
d:\cybermed\daddy\dependency\sdk-vtk-9.4.2\build_msvc\thirdparty\exodusii\vtkexodusii\exodusii.dir\release\ex_put_init.obj
d:\cybermed\daddy\dependency\sdk-vtk-9.4.2\build_msvc\thirdparty\exodusii\vtkexodusii\exodusii.dir\release\ex_put_info.obj
d:\cybermed\daddy\dependency\sdk-vtk-9.4.2\build_msvc\thirdparty\exodusii\vtkexodusii\exodusii.dir\release\ex_put_id_map.obj
d:\cybermed\daddy\dependency\sdk-vtk-9.4.2\build_msvc\thirdparty\exodusii\vtkexodusii\exodusii.dir\release\ex_put_field_metadata.obj
d:\cybermed\daddy\dependency\sdk-vtk-9.4.2\build_msvc\thirdparty\exodusii\vtkexodusii\exodusii.dir\release\ex_put_entity_count_per_polyhedra.obj
d:\cybermed\daddy\dependency\sdk-vtk-9.4.2\build_msvc\thirdparty\exodusii\vtkexodusii\exodusii.dir\release\ex_put_set.obj
d:\cybermed\daddy\dependency\sdk-vtk-9.4.2\build_msvc\thirdparty\exodusii\vtkexodusii\exodusii.dir\release\ex_put_reduction_vars.obj
d:\cybermed\daddy\dependency\sdk-vtk-9.4.2\build_msvc\thirdparty\exodusii\vtkexodusii\exodusii.dir\release\ex_put_reduction_variable_param.obj
d:\cybermed\daddy\dependency\sdk-vtk-9.4.2\build_msvc\thirdparty\exodusii\vtkexodusii\exodusii.dir\release\ex_put_reduction_variable_names.obj
d:\cybermed\daddy\dependency\sdk-vtk-9.4.2\build_msvc\thirdparty\exodusii\vtkexodusii\exodusii.dir\release\ex_put_qa.obj
d:\cybermed\daddy\dependency\sdk-vtk-9.4.2\build_msvc\thirdparty\exodusii\vtkexodusii\exodusii.dir\release\ex_put_prop_names.obj
d:\cybermed\daddy\dependency\sdk-vtk-9.4.2\build_msvc\thirdparty\exodusii\vtkexodusii\exodusii.dir\release\ex_put_prop_array.obj
d:\cybermed\daddy\dependency\sdk-vtk-9.4.2\build_msvc\thirdparty\exodusii\vtkexodusii\exodusii.dir\release\ex_put_prop.obj
d:\cybermed\daddy\dependency\sdk-vtk-9.4.2\build_msvc\thirdparty\exodusii\vtkexodusii\exodusii.dir\release\ex_put_processor_node_maps.obj
d:\cybermed\daddy\dependency\sdk-vtk-9.4.2\build_msvc\thirdparty\exodusii\vtkexodusii\exodusii.dir\release\ex_put_processor_elem_maps.obj
d:\cybermed\daddy\dependency\sdk-vtk-9.4.2\build_msvc\thirdparty\exodusii\vtkexodusii\exodusii.dir\release\ex_put_partial_var.obj
d:\cybermed\daddy\dependency\sdk-vtk-9.4.2\build_msvc\thirdparty\exodusii\vtkexodusii\exodusii.dir\release\ex_put_partial_set_dist_fact.obj
d:\cybermed\daddy\dependency\sdk-vtk-9.4.2\build_msvc\thirdparty\exodusii\vtkexodusii\exodusii.dir\release\ex_put_partial_set.obj
d:\cybermed\daddy\dependency\sdk-vtk-9.4.2\build_msvc\thirdparty\exodusii\vtkexodusii\exodusii.dir\release\ex_put_partial_one_attr.obj
d:\cybermed\daddy\dependency\sdk-vtk-9.4.2\build_msvc\thirdparty\exodusii\vtkexodusii\exodusii.dir\release\ex_put_partial_num_map.obj
d:\cybermed\daddy\dependency\sdk-vtk-9.4.2\build_msvc\thirdparty\exodusii\vtkexodusii\exodusii.dir\release\ex_put_partial_nodal_var_int.obj
d:\cybermed\daddy\dependency\sdk-vtk-9.4.2\build_msvc\thirdparty\exodusii\vtkexodusii\exodusii.dir\release\ex_put_partial_id_map.obj
d:\cybermed\daddy\dependency\sdk-vtk-9.4.2\build_msvc\thirdparty\exodusii\vtkexodusii\exodusii.dir\release\ex_put_partial_coord_component.obj
d:\cybermed\daddy\dependency\sdk-vtk-9.4.2\build_msvc\thirdparty\exodusii\vtkexodusii\exodusii.dir\release\ex_put_partial_coord.obj
d:\cybermed\daddy\dependency\sdk-vtk-9.4.2\build_msvc\thirdparty\exodusii\vtkexodusii\exodusii.dir\release\ex_put_partial_conn.obj
d:\cybermed\daddy\dependency\sdk-vtk-9.4.2\build_msvc\thirdparty\exodusii\vtkexodusii\exodusii.dir\release\ex_utils.obj
d:\cybermed\daddy\dependency\sdk-vtk-9.4.2\build_msvc\thirdparty\exodusii\vtkexodusii\exodusii.dir\release\ex_update.obj
d:\cybermed\daddy\dependency\sdk-vtk-9.4.2\build_msvc\thirdparty\exodusii\vtkexodusii\exodusii.dir\release\ex_threadsafe.obj
d:\cybermed\daddy\dependency\sdk-vtk-9.4.2\build_msvc\thirdparty\exodusii\vtkexodusii\exodusii.dir\release\ex_put_variable_param.obj
d:\cybermed\daddy\dependency\sdk-vtk-9.4.2\build_msvc\thirdparty\exodusii\vtkexodusii\exodusii.dir\release\ex_put_variable_names.obj
d:\cybermed\daddy\dependency\sdk-vtk-9.4.2\build_msvc\thirdparty\exodusii\vtkexodusii\exodusii.dir\release\ex_put_variable_name.obj
d:\cybermed\daddy\dependency\sdk-vtk-9.4.2\build_msvc\thirdparty\exodusii\vtkexodusii\exodusii.dir\release\ex_put_var_multi_time.obj
d:\cybermed\daddy\dependency\sdk-vtk-9.4.2\build_msvc\thirdparty\exodusii\vtkexodusii\exodusii.dir\release\ex_put_var.obj
d:\cybermed\daddy\dependency\sdk-vtk-9.4.2\build_msvc\thirdparty\exodusii\vtkexodusii\exodusii.dir\release\ex_put_truth_table.obj
d:\cybermed\daddy\dependency\sdk-vtk-9.4.2\build_msvc\thirdparty\exodusii\vtkexodusii\exodusii.dir\release\ex_put_time.obj
d:\cybermed\daddy\dependency\sdk-vtk-9.4.2\build_msvc\thirdparty\exodusii\vtkexodusii\exodusii.dir\release\ex_put_ss_param_global.obj
d:\cybermed\daddy\dependency\sdk-vtk-9.4.2\build_msvc\thirdparty\exodusii\vtkexodusii\exodusii.dir\release\ex_put_sets.obj
d:\cybermed\daddy\dependency\sdk-vtk-9.4.2\build_msvc\thirdparty\exodusii\vtkexodusii\exodusii.dir\release\ex_put_set_param.obj
d:\cybermed\daddy\dependency\sdk-vtk-9.4.2\build_msvc\thirdparty\exodusii\vtkexodusii\exodusii.dir\release\ex_put_set_dist_fact.obj
d:\cybermed\daddy\dependency\sdk-vtk-9.4.2\build_msvc\thirdparty\exodusii\vtkexodusii\cmakefiles\generate.stamp
d:\cybermed\daddy\dependency\sdk-vtk-9.4.2\build_msvc\bin\release\vtkexodusii-9.4.dll
d:\cybermed\daddy\dependency\sdk-vtk-9.4.2\build_msvc\lib\release\vtkexodusii-9.4.lib
d:\cybermed\daddy\dependency\sdk-vtk-9.4.2\build_msvc\lib\release\vtkexodusii-9.4.exp
d:\cybermed\daddy\dependency\sdk-vtk-9.4.2\build_msvc\thirdparty\exodusii\vtkexodusii\exodusii.dir\release\exodusii.tlog\cl.command.1.tlog
d:\cybermed\daddy\dependency\sdk-vtk-9.4.2\build_msvc\thirdparty\exodusii\vtkexodusii\exodusii.dir\release\exodusii.tlog\cl.items.tlog
d:\cybermed\daddy\dependency\sdk-vtk-9.4.2\build_msvc\thirdparty\exodusii\vtkexodusii\exodusii.dir\release\exodusii.tlog\cl.read.1.tlog
d:\cybermed\daddy\dependency\sdk-vtk-9.4.2\build_msvc\thirdparty\exodusii\vtkexodusii\exodusii.dir\release\exodusii.tlog\cl.write.1.tlog
d:\cybermed\daddy\dependency\sdk-vtk-9.4.2\build_msvc\thirdparty\exodusii\vtkexodusii\exodusii.dir\release\exodusii.tlog\custombuild.command.1.tlog
d:\cybermed\daddy\dependency\sdk-vtk-9.4.2\build_msvc\thirdparty\exodusii\vtkexodusii\exodusii.dir\release\exodusii.tlog\custombuild.read.1.tlog
d:\cybermed\daddy\dependency\sdk-vtk-9.4.2\build_msvc\thirdparty\exodusii\vtkexodusii\exodusii.dir\release\exodusii.tlog\custombuild.write.1.tlog
d:\cybermed\daddy\dependency\sdk-vtk-9.4.2\build_msvc\thirdparty\exodusii\vtkexodusii\exodusii.dir\release\exodusii.tlog\link.command.1.tlog
d:\cybermed\daddy\dependency\sdk-vtk-9.4.2\build_msvc\thirdparty\exodusii\vtkexodusii\exodusii.dir\release\exodusii.tlog\link.read.1.tlog
d:\cybermed\daddy\dependency\sdk-vtk-9.4.2\build_msvc\thirdparty\exodusii\vtkexodusii\exodusii.dir\release\exodusii.tlog\link.secondary.1.tlog
d:\cybermed\daddy\dependency\sdk-vtk-9.4.2\build_msvc\thirdparty\exodusii\vtkexodusii\exodusii.dir\release\exodusii.tlog\link.write.1.tlog
