d:\cybermed\daddy\dependency\sdk-vtk-9.4.2\build_msvc\lib\debug\vtkioxml-9.4d.pdb
d:\cybermed\daddy\dependency\sdk-vtk-9.4.2\build_msvc\io\xml\ioxml.dir\debug\vtkxmlpdataobjectreader.obj
d:\cybermed\daddy\dependency\sdk-vtk-9.4.2\build_msvc\io\xml\ioxml.dir\debug\vtkxmlmultigroupdatareader.obj
d:\cybermed\daddy\dependency\sdk-vtk-9.4.2\build_msvc\io\xml\ioxml.dir\debug\vtkxmlmultiblockdatawriter.obj
d:\cybermed\daddy\dependency\sdk-vtk-9.4.2\build_msvc\io\xml\ioxml.dir\debug\vtkxmlmultiblockdatareader.obj
d:\cybermed\daddy\dependency\sdk-vtk-9.4.2\build_msvc\io\xml\ioxml.dir\debug\vtkxmlimagedatawriter.obj
d:\cybermed\daddy\dependency\sdk-vtk-9.4.2\build_msvc\io\xml\ioxml.dir\debug\vtkxmlimagedatareader.obj
d:\cybermed\daddy\dependency\sdk-vtk-9.4.2\build_msvc\io\xml\ioxml.dir\debug\vtkxmlhypertreegridwriter.obj
d:\cybermed\daddy\dependency\sdk-vtk-9.4.2\build_msvc\io\xml\ioxml.dir\debug\vtkxmlhypertreegridreader.obj
d:\cybermed\daddy\dependency\sdk-vtk-9.4.2\build_msvc\io\xml\ioxml.dir\debug\vtkxmlhierarchicaldatareader.obj
d:\cybermed\daddy\dependency\sdk-vtk-9.4.2\build_msvc\io\xml\ioxml.dir\debug\vtkxmlhierarchicalboxdatawriter.obj
d:\cybermed\daddy\dependency\sdk-vtk-9.4.2\build_msvc\io\xml\ioxml.dir\debug\vtkxmlhierarchicalboxdatareader.obj
d:\cybermed\daddy\dependency\sdk-vtk-9.4.2\build_msvc\io\xml\ioxml.dir\debug\vtkxmlhierarchicalboxdatafileconverter.obj
d:\cybermed\daddy\dependency\sdk-vtk-9.4.2\build_msvc\io\xml\ioxml.dir\debug\vtkxmlgenericdataobjectreader.obj
d:\cybermed\daddy\dependency\sdk-vtk-9.4.2\build_msvc\io\xml\ioxml.dir\debug\vtkxmlfilereadtester.obj
d:\cybermed\daddy\dependency\sdk-vtk-9.4.2\build_msvc\io\xml\ioxml.dir\debug\vtkxmldatasetwriter.obj
d:\cybermed\daddy\dependency\sdk-vtk-9.4.2\build_msvc\io\xml\ioxml.dir\debug\vtkxmldatareader.obj
d:\cybermed\daddy\dependency\sdk-vtk-9.4.2\build_msvc\io\xml\ioxml.dir\debug\vtkxmldataobjectwriter.obj
d:\cybermed\daddy\dependency\sdk-vtk-9.4.2\build_msvc\io\xml\ioxml.dir\debug\vtkxmlcompositedatawriter.obj
d:\cybermed\daddy\dependency\sdk-vtk-9.4.2\build_msvc\io\xml\ioxml.dir\debug\vtkxmlcompositedatareader.obj
d:\cybermed\daddy\dependency\sdk-vtk-9.4.2\build_msvc\io\xml\ioxml.dir\debug\vtkrtxmlpolydatareader.obj
d:\cybermed\daddy\dependency\sdk-vtk-9.4.2\build_msvc\io\xml\ioxml.dir\debug\vtkxmlstructuredgridreader.obj
d:\cybermed\daddy\dependency\sdk-vtk-9.4.2\build_msvc\io\xml\ioxml.dir\debug\vtkxmlstructureddatawriter.obj
d:\cybermed\daddy\dependency\sdk-vtk-9.4.2\build_msvc\io\xml\ioxml.dir\debug\vtkxmlstructureddatareader.obj
d:\cybermed\daddy\dependency\sdk-vtk-9.4.2\build_msvc\io\xml\ioxml.dir\debug\vtkxmlrectilineargridwriter.obj
d:\cybermed\daddy\dependency\sdk-vtk-9.4.2\build_msvc\io\xml\ioxml.dir\debug\vtkxmlrectilineargridreader.obj
d:\cybermed\daddy\dependency\sdk-vtk-9.4.2\build_msvc\io\xml\ioxml.dir\debug\vtkxmlreader.obj
d:\cybermed\daddy\dependency\sdk-vtk-9.4.2\build_msvc\io\xml\ioxml.dir\debug\vtkxmlpolydatawriter.obj
d:\cybermed\daddy\dependency\sdk-vtk-9.4.2\build_msvc\io\xml\ioxml.dir\debug\vtkxmlpolydatareader.obj
d:\cybermed\daddy\dependency\sdk-vtk-9.4.2\build_msvc\io\xml\ioxml.dir\debug\vtkxmlpartitioneddatasetreader.obj
d:\cybermed\daddy\dependency\sdk-vtk-9.4.2\build_msvc\io\xml\ioxml.dir\debug\vtkxmlpartitioneddatasetcollectionreader.obj
d:\cybermed\daddy\dependency\sdk-vtk-9.4.2\build_msvc\io\xml\ioxml.dir\debug\vtkxmlpunstructuredgridreader.obj
d:\cybermed\daddy\dependency\sdk-vtk-9.4.2\build_msvc\io\xml\ioxml.dir\debug\vtkxmlpunstructureddatareader.obj
d:\cybermed\daddy\dependency\sdk-vtk-9.4.2\build_msvc\io\xml\ioxml.dir\debug\vtkxmlptablereader.obj
d:\cybermed\daddy\dependency\sdk-vtk-9.4.2\build_msvc\io\xml\ioxml.dir\debug\vtkxmlpstructuredgridreader.obj
d:\cybermed\daddy\dependency\sdk-vtk-9.4.2\build_msvc\io\xml\ioxml.dir\debug\vtkxmlpstructureddatareader.obj
d:\cybermed\daddy\dependency\sdk-vtk-9.4.2\build_msvc\io\xml\ioxml.dir\debug\vtkxmlprectilineargridreader.obj
d:\cybermed\daddy\dependency\sdk-vtk-9.4.2\build_msvc\io\xml\ioxml.dir\debug\vtkxmlppolydatareader.obj
d:\cybermed\daddy\dependency\sdk-vtk-9.4.2\build_msvc\io\xml\ioxml.dir\debug\vtkxmlpimagedatareader.obj
d:\cybermed\daddy\dependency\sdk-vtk-9.4.2\build_msvc\io\xml\ioxml.dir\debug\vtkxmlphypertreegridreader.obj
d:\cybermed\daddy\dependency\sdk-vtk-9.4.2\build_msvc\io\xml\ioxml.dir\debug\vtkxmlpdatareader.obj
d:\cybermed\daddy\dependency\sdk-vtk-9.4.2\build_msvc\io\xml\ioxml.dir\debug\vtkxmlwriterc.obj
d:\cybermed\daddy\dependency\sdk-vtk-9.4.2\build_msvc\io\xml\ioxml.dir\debug\vtkxmlwriterbase.obj
d:\cybermed\daddy\dependency\sdk-vtk-9.4.2\build_msvc\io\xml\ioxml.dir\debug\vtkxmlwriter.obj
d:\cybermed\daddy\dependency\sdk-vtk-9.4.2\build_msvc\io\xml\ioxml.dir\debug\vtkxmlunstructuredgridwriter.obj
d:\cybermed\daddy\dependency\sdk-vtk-9.4.2\build_msvc\io\xml\ioxml.dir\debug\vtkxmlunstructuredgridreader.obj
d:\cybermed\daddy\dependency\sdk-vtk-9.4.2\build_msvc\io\xml\ioxml.dir\debug\vtkxmlunstructureddatawriter.obj
d:\cybermed\daddy\dependency\sdk-vtk-9.4.2\build_msvc\io\xml\ioxml.dir\debug\vtkxmlunstructureddatareader.obj
d:\cybermed\daddy\dependency\sdk-vtk-9.4.2\build_msvc\io\xml\ioxml.dir\debug\vtkxmluniformgridamrwriter.obj
d:\cybermed\daddy\dependency\sdk-vtk-9.4.2\build_msvc\io\xml\ioxml.dir\debug\vtkxmluniformgridamrreader.obj
d:\cybermed\daddy\dependency\sdk-vtk-9.4.2\build_msvc\io\xml\ioxml.dir\debug\vtkxmltablewriter.obj
d:\cybermed\daddy\dependency\sdk-vtk-9.4.2\build_msvc\io\xml\ioxml.dir\debug\vtkxmltablereader.obj
d:\cybermed\daddy\dependency\sdk-vtk-9.4.2\build_msvc\io\xml\ioxml.dir\debug\vtkxmlstructuredgridwriter.obj
d:\cybermed\daddy\dependency\sdk-vtk-9.4.2\build_msvc\io\xml\ioxml.dir\debug\vc143.pdb
d:\cybermed\daddy\dependency\sdk-vtk-9.4.2\build_msvc\io\xml\cmakefiles\generate.stamp
d:\cybermed\daddy\dependency\sdk-vtk-9.4.2\build_msvc\lib\debug\vtkioxml-9.4d.lib
d:\cybermed\daddy\dependency\sdk-vtk-9.4.2\build_msvc\bin\debug\vtkioxml-9.4d.dll
d:\cybermed\daddy\dependency\sdk-vtk-9.4.2\build_msvc\bin\debug\vtkioxml-9.4d.pdb
d:\cybermed\daddy\dependency\sdk-vtk-9.4.2\build_msvc\lib\debug\vtkioxml-9.4d.exp
d:\cybermed\daddy\dependency\sdk-vtk-9.4.2\build_msvc\io\xml\ioxml.dir\debug\vtkioxml-9.4d.ilk
d:\cybermed\daddy\dependency\sdk-vtk-9.4.2\build_msvc\io\xml\ioxml.dir\debug\ioxml.tlog\cl.command.1.tlog
d:\cybermed\daddy\dependency\sdk-vtk-9.4.2\build_msvc\io\xml\ioxml.dir\debug\ioxml.tlog\cl.items.tlog
d:\cybermed\daddy\dependency\sdk-vtk-9.4.2\build_msvc\io\xml\ioxml.dir\debug\ioxml.tlog\cl.read.1.tlog
d:\cybermed\daddy\dependency\sdk-vtk-9.4.2\build_msvc\io\xml\ioxml.dir\debug\ioxml.tlog\cl.write.1.tlog
d:\cybermed\daddy\dependency\sdk-vtk-9.4.2\build_msvc\io\xml\ioxml.dir\debug\ioxml.tlog\custombuild.command.1.tlog
d:\cybermed\daddy\dependency\sdk-vtk-9.4.2\build_msvc\io\xml\ioxml.dir\debug\ioxml.tlog\custombuild.read.1.tlog
d:\cybermed\daddy\dependency\sdk-vtk-9.4.2\build_msvc\io\xml\ioxml.dir\debug\ioxml.tlog\custombuild.write.1.tlog
d:\cybermed\daddy\dependency\sdk-vtk-9.4.2\build_msvc\io\xml\ioxml.dir\debug\ioxml.tlog\lib-link.read.1.tlog
d:\cybermed\daddy\dependency\sdk-vtk-9.4.2\build_msvc\io\xml\ioxml.dir\debug\ioxml.tlog\lib-link.write.1.tlog
d:\cybermed\daddy\dependency\sdk-vtk-9.4.2\build_msvc\io\xml\ioxml.dir\debug\ioxml.tlog\lib.command.1.tlog
d:\cybermed\daddy\dependency\sdk-vtk-9.4.2\build_msvc\io\xml\ioxml.dir\debug\ioxml.tlog\link.command.1.tlog
d:\cybermed\daddy\dependency\sdk-vtk-9.4.2\build_msvc\io\xml\ioxml.dir\debug\ioxml.tlog\link.read.1.tlog
d:\cybermed\daddy\dependency\sdk-vtk-9.4.2\build_msvc\io\xml\ioxml.dir\debug\ioxml.tlog\link.secondary.1.tlog
d:\cybermed\daddy\dependency\sdk-vtk-9.4.2\build_msvc\io\xml\ioxml.dir\debug\ioxml.tlog\link.write.1.tlog
