d:\cybermed\daddy\dependency\dcmtk-dcmtk-3.6.8\build_msvc\dcmsign\libsrc\dcmdsig.dir\release\sitypes.obj
d:\cybermed\daddy\dependency\dcmtk-dcmtk-3.6.8\build_msvc\dcmsign\libsrc\dcmdsig.dir\release\sitstamp.obj
d:\cybermed\daddy\dependency\dcmtk-dcmtk-3.6.8\build_msvc\dcmsign\libsrc\dcmdsig.dir\release\sitsfs.obj
d:\cybermed\daddy\dependency\dcmtk-dcmtk-3.6.8\build_msvc\dcmsign\libsrc\dcmdsig.dir\release\sisrvpr.obj
d:\cybermed\daddy\dependency\dcmtk-dcmtk-3.6.8\build_msvc\dcmsign\libsrc\dcmdsig.dir\release\sisrpr.obj
d:\cybermed\daddy\dependency\dcmtk-dcmtk-3.6.8\build_msvc\dcmsign\libsrc\dcmdsig.dir\release\sisprof.obj
d:\cybermed\daddy\dependency\dcmtk-dcmtk-3.6.8\build_msvc\dcmsign\libsrc\dcmdsig.dir\release\sipurpos.obj
d:\cybermed\daddy\dependency\dcmtk-dcmtk-3.6.8\build_msvc\dcmsign\libsrc\dcmdsig.dir\release\siprivat.obj
d:\cybermed\daddy\dependency\dcmtk-dcmtk-3.6.8\build_msvc\dcmsign\libsrc\dcmdsig.dir\release\sipkey.obj
d:\cybermed\daddy\dependency\dcmtk-dcmtk-3.6.8\build_msvc\dcmsign\libsrc\dcmdsig.dir\release\sinullpr.obj
d:\cybermed\daddy\dependency\dcmtk-dcmtk-3.6.8\build_msvc\dcmsign\libsrc\dcmdsig.dir\release\simdmac.obj
d:\cybermed\daddy\dependency\dcmtk-dcmtk-3.6.8\build_msvc\dcmsign\libsrc\dcmdsig.dir\release\simaccon.obj
d:\cybermed\daddy\dependency\dcmtk-dcmtk-3.6.8\build_msvc\dcmsign\libsrc\dcmdsig.dir\release\sicreapr.obj
d:\cybermed\daddy\dependency\dcmtk-dcmtk-3.6.8\build_msvc\dcmsign\libsrc\dcmdsig.dir\release\sicertvf.obj
d:\cybermed\daddy\dependency\dcmtk-dcmtk-3.6.8\build_msvc\dcmsign\libsrc\dcmdsig.dir\release\sicert.obj
d:\cybermed\daddy\dependency\dcmtk-dcmtk-3.6.8\build_msvc\dcmsign\libsrc\dcmdsig.dir\release\sibrsapr.obj
d:\cybermed\daddy\dependency\dcmtk-dcmtk-3.6.8\build_msvc\dcmsign\libsrc\dcmdsig.dir\release\siautopr.obj
d:\cybermed\daddy\dependency\dcmtk-dcmtk-3.6.8\build_msvc\dcmsign\libsrc\dcmdsig.dir\release\dcsignat.obj
d:\cybermed\daddy\dependency\dcmtk-dcmtk-3.6.8\build_msvc\dcmsign\libsrc\dcmdsig.dir\release\dcsighlp.obj
d:\cybermed\daddy\dependency\dcmtk-dcmtk-3.6.8\build_msvc\dcmsign\libsrc\cmakefiles\generate.stamp
d:\cybermed\daddy\dependency\dcmtk-dcmtk-3.6.8\build_msvc\lib\release\dcmdsig.lib
d:\cybermed\daddy\dependency\dcmtk-dcmtk-3.6.8\build_msvc\bin\release\dcmdsig.dll
d:\cybermed\daddy\dependency\dcmtk-dcmtk-3.6.8\build_msvc\lib\release\dcmdsig.exp
d:\cybermed\daddy\dependency\dcmtk-dcmtk-3.6.8\build_msvc\dcmsign\libsrc\dcmdsig.dir\release\dcmdsig.tlog\cl.command.1.tlog
d:\cybermed\daddy\dependency\dcmtk-dcmtk-3.6.8\build_msvc\dcmsign\libsrc\dcmdsig.dir\release\dcmdsig.tlog\cl.items.tlog
d:\cybermed\daddy\dependency\dcmtk-dcmtk-3.6.8\build_msvc\dcmsign\libsrc\dcmdsig.dir\release\dcmdsig.tlog\cl.read.1.tlog
d:\cybermed\daddy\dependency\dcmtk-dcmtk-3.6.8\build_msvc\dcmsign\libsrc\dcmdsig.dir\release\dcmdsig.tlog\cl.write.1.tlog
d:\cybermed\daddy\dependency\dcmtk-dcmtk-3.6.8\build_msvc\dcmsign\libsrc\dcmdsig.dir\release\dcmdsig.tlog\custombuild.command.1.tlog
d:\cybermed\daddy\dependency\dcmtk-dcmtk-3.6.8\build_msvc\dcmsign\libsrc\dcmdsig.dir\release\dcmdsig.tlog\custombuild.read.1.tlog
d:\cybermed\daddy\dependency\dcmtk-dcmtk-3.6.8\build_msvc\dcmsign\libsrc\dcmdsig.dir\release\dcmdsig.tlog\custombuild.write.1.tlog
d:\cybermed\daddy\dependency\dcmtk-dcmtk-3.6.8\build_msvc\dcmsign\libsrc\dcmdsig.dir\release\dcmdsig.tlog\lib-link.read.1.tlog
d:\cybermed\daddy\dependency\dcmtk-dcmtk-3.6.8\build_msvc\dcmsign\libsrc\dcmdsig.dir\release\dcmdsig.tlog\lib-link.write.1.tlog
d:\cybermed\daddy\dependency\dcmtk-dcmtk-3.6.8\build_msvc\dcmsign\libsrc\dcmdsig.dir\release\dcmdsig.tlog\lib.command.1.tlog
d:\cybermed\daddy\dependency\dcmtk-dcmtk-3.6.8\build_msvc\dcmsign\libsrc\dcmdsig.dir\release\dcmdsig.tlog\link.command.1.tlog
d:\cybermed\daddy\dependency\dcmtk-dcmtk-3.6.8\build_msvc\dcmsign\libsrc\dcmdsig.dir\release\dcmdsig.tlog\link.read.1.tlog
d:\cybermed\daddy\dependency\dcmtk-dcmtk-3.6.8\build_msvc\dcmsign\libsrc\dcmdsig.dir\release\dcmdsig.tlog\link.secondary.1.tlog
d:\cybermed\daddy\dependency\dcmtk-dcmtk-3.6.8\build_msvc\dcmsign\libsrc\dcmdsig.dir\release\dcmdsig.tlog\link.write.1.tlog
