  Building Custom Rule D:/cybermed/daddy/dependency/dcmtk-DCMTK-3.6.8/dcmsign/libsrc/CMakeLists.txt
  dcsighlp.cc
  dcsignat.cc
  siautopr.cc
  sibrsapr.cc
  sicert.cc
  sicertvf.cc
  sicreapr.cc
  simaccon.cc
  simdmac.cc
  sinullpr.cc
  sipkey.cc
  siprivat.cc
  sipurpos.cc
  sisprof.cc
  sisrpr.cc
  sisrvpr.cc
  sitsfs.cc
  sitstamp.cc
  sitypes.cc
  코드를 생성하고 있습니다...
     D:/cybermed/daddy/dependency/dcmtk-DCMTK-3.6.8/build_msvc/lib/Release/dcmdsig.lib 라이브러리 및 D:/cybermed/daddy/dependency/dcmtk-DCMTK-3.6.8/build_msvc/lib/Release/dcmdsig.exp 개체를 생성하고 있습니다.
  dcmdsig.vcxproj -> D:\cybermed\daddy\dependency\dcmtk-DCMTK-3.6.8\build_msvc\bin\Release\dcmdsig.dll
