d:\cybermed\daddy\dependency\sdk-vtk-9.4.2\build_msvc\lib\debug\vtkiocore-9.4d.pdb
d:\cybermed\daddy\dependency\sdk-vtk-9.4.2\build_msvc\io\core\iocore.dir\debug\vtkoutputstream.obj
d:\cybermed\daddy\dependency\sdk-vtk-9.4.2\build_msvc\io\core\iocore.dir\debug\vtkmemoryresourcestream.obj
d:\cybermed\daddy\dependency\sdk-vtk-9.4.2\build_msvc\io\core\iocore.dir\debug\vtklzmadatacompressor.obj
d:\cybermed\daddy\dependency\sdk-vtk-9.4.2\build_msvc\io\core\iocore.dir\debug\vtklz4datacompressor.obj
d:\cybermed\daddy\dependency\sdk-vtk-9.4.2\build_msvc\io\core\iocore.dir\debug\vtkjavascriptdatawriter.obj
d:\cybermed\daddy\dependency\sdk-vtk-9.4.2\build_msvc\io\core\iocore.dir\debug\vtkinputstream.obj
d:\cybermed\daddy\dependency\sdk-vtk-9.4.2\build_msvc\io\core\iocore.dir\debug\vtkglobfilenames.obj
d:\cybermed\daddy\dependency\sdk-vtk-9.4.2\build_msvc\io\core\iocore.dir\debug\vtkfileresourcestream.obj
d:\cybermed\daddy\dependency\sdk-vtk-9.4.2\build_msvc\io\core\iocore.dir\debug\vtkdelimitedtextwriter.obj
d:\cybermed\daddy\dependency\sdk-vtk-9.4.2\build_msvc\io\core\iocore.dir\debug\vtkdatacompressor.obj
d:\cybermed\daddy\dependency\sdk-vtk-9.4.2\build_msvc\io\core\iocore.dir\debug\vtkbase64utilities.obj
d:\cybermed\daddy\dependency\sdk-vtk-9.4.2\build_msvc\io\core\iocore.dir\debug\vtkbase64outputstream.obj
d:\cybermed\daddy\dependency\sdk-vtk-9.4.2\build_msvc\io\core\iocore.dir\debug\vtkbase64inputstream.obj
d:\cybermed\daddy\dependency\sdk-vtk-9.4.2\build_msvc\io\core\iocore.dir\debug\vtkasciitextcodec.obj
d:\cybermed\daddy\dependency\sdk-vtk-9.4.2\build_msvc\io\core\iocore.dir\debug\vtkarraywriter.obj
d:\cybermed\daddy\dependency\sdk-vtk-9.4.2\build_msvc\io\core\iocore.dir\debug\vtkarrayreader.obj
d:\cybermed\daddy\dependency\sdk-vtk-9.4.2\build_msvc\io\core\iocore.dir\debug\vtkarraydatawriter.obj
d:\cybermed\daddy\dependency\sdk-vtk-9.4.2\build_msvc\io\core\iocore.dir\debug\vtkarraydatareader.obj
d:\cybermed\daddy\dependency\sdk-vtk-9.4.2\build_msvc\io\core\iocore.dir\debug\vtkabstractpolydatareader.obj
d:\cybermed\daddy\dependency\sdk-vtk-9.4.2\build_msvc\io\core\iocore.dir\debug\vtkabstractparticlewriter.obj
d:\cybermed\daddy\dependency\sdk-vtk-9.4.2\build_msvc\io\core\iocore.dir\debug\vtkzlibdatacompressor.obj
d:\cybermed\daddy\dependency\sdk-vtk-9.4.2\build_msvc\io\core\iocore.dir\debug\vtkwriter.obj
d:\cybermed\daddy\dependency\sdk-vtk-9.4.2\build_msvc\io\core\iocore.dir\debug\vtkutf8textcodec.obj
d:\cybermed\daddy\dependency\sdk-vtk-9.4.2\build_msvc\io\core\iocore.dir\debug\vtkutf16textcodec.obj
d:\cybermed\daddy\dependency\sdk-vtk-9.4.2\build_msvc\io\core\iocore.dir\debug\vtkuriloader.obj
d:\cybermed\daddy\dependency\sdk-vtk-9.4.2\build_msvc\io\core\iocore.dir\debug\vtkuri.obj
d:\cybermed\daddy\dependency\sdk-vtk-9.4.2\build_msvc\io\core\iocore.dir\debug\vtktextcodecfactory.obj
d:\cybermed\daddy\dependency\sdk-vtk-9.4.2\build_msvc\io\core\iocore.dir\debug\vtktextcodec.obj
d:\cybermed\daddy\dependency\sdk-vtk-9.4.2\build_msvc\io\core\iocore.dir\debug\vtksortfilenames.obj
d:\cybermed\daddy\dependency\sdk-vtk-9.4.2\build_msvc\io\core\iocore.dir\debug\vtkresourcestream.obj
d:\cybermed\daddy\dependency\sdk-vtk-9.4.2\build_msvc\io\core\iocore.dir\debug\vtkresourceparser.obj
d:\cybermed\daddy\dependency\sdk-vtk-9.4.2\build_msvc\io\core\iocore.dir\debug\vc143.pdb
d:\cybermed\daddy\dependency\sdk-vtk-9.4.2\build_msvc\io\core\cmakefiles\generate.stamp
d:\cybermed\daddy\dependency\sdk-vtk-9.4.2\build_msvc\lib\debug\vtkiocore-9.4d.lib
d:\cybermed\daddy\dependency\sdk-vtk-9.4.2\build_msvc\bin\debug\vtkiocore-9.4d.dll
d:\cybermed\daddy\dependency\sdk-vtk-9.4.2\build_msvc\bin\debug\vtkiocore-9.4d.pdb
d:\cybermed\daddy\dependency\sdk-vtk-9.4.2\build_msvc\lib\debug\vtkiocore-9.4d.exp
d:\cybermed\daddy\dependency\sdk-vtk-9.4.2\build_msvc\io\core\iocore.dir\debug\vtkiocore-9.4d.ilk
d:\cybermed\daddy\dependency\sdk-vtk-9.4.2\build_msvc\io\core\iocore.dir\debug\iocore.tlog\cl.command.1.tlog
d:\cybermed\daddy\dependency\sdk-vtk-9.4.2\build_msvc\io\core\iocore.dir\debug\iocore.tlog\cl.items.tlog
d:\cybermed\daddy\dependency\sdk-vtk-9.4.2\build_msvc\io\core\iocore.dir\debug\iocore.tlog\cl.read.1.tlog
d:\cybermed\daddy\dependency\sdk-vtk-9.4.2\build_msvc\io\core\iocore.dir\debug\iocore.tlog\cl.write.1.tlog
d:\cybermed\daddy\dependency\sdk-vtk-9.4.2\build_msvc\io\core\iocore.dir\debug\iocore.tlog\custombuild.command.1.tlog
d:\cybermed\daddy\dependency\sdk-vtk-9.4.2\build_msvc\io\core\iocore.dir\debug\iocore.tlog\custombuild.read.1.tlog
d:\cybermed\daddy\dependency\sdk-vtk-9.4.2\build_msvc\io\core\iocore.dir\debug\iocore.tlog\custombuild.write.1.tlog
d:\cybermed\daddy\dependency\sdk-vtk-9.4.2\build_msvc\io\core\iocore.dir\debug\iocore.tlog\lib-link.read.1.tlog
d:\cybermed\daddy\dependency\sdk-vtk-9.4.2\build_msvc\io\core\iocore.dir\debug\iocore.tlog\lib-link.write.1.tlog
d:\cybermed\daddy\dependency\sdk-vtk-9.4.2\build_msvc\io\core\iocore.dir\debug\iocore.tlog\lib.command.1.tlog
d:\cybermed\daddy\dependency\sdk-vtk-9.4.2\build_msvc\io\core\iocore.dir\debug\iocore.tlog\link.command.1.tlog
d:\cybermed\daddy\dependency\sdk-vtk-9.4.2\build_msvc\io\core\iocore.dir\debug\iocore.tlog\link.read.1.tlog
d:\cybermed\daddy\dependency\sdk-vtk-9.4.2\build_msvc\io\core\iocore.dir\debug\iocore.tlog\link.secondary.1.tlog
d:\cybermed\daddy\dependency\sdk-vtk-9.4.2\build_msvc\io\core\iocore.dir\debug\iocore.tlog\link.write.1.tlog
