d:\cybermed\daddy\dependency\sdk-vtk-9.4.2\build_msvc\filters\geometry\filtersgeometry.dir\release\vtkstructuredgridgeometryfilter.obj
d:\cybermed\daddy\dependency\sdk-vtk-9.4.2\build_msvc\filters\geometry\filtersgeometry.dir\release\vtkstructuredgridconnectivity.obj
d:\cybermed\daddy\dependency\sdk-vtk-9.4.2\build_msvc\filters\geometry\filtersgeometry.dir\release\vtkstructuredamrneighbor.obj
d:\cybermed\daddy\dependency\sdk-vtk-9.4.2\build_msvc\filters\geometry\filtersgeometry.dir\release\vtkstructuredamrgridconnectivity.obj
d:\cybermed\daddy\dependency\sdk-vtk-9.4.2\build_msvc\filters\geometry\filtersgeometry.dir\release\vtkrectilineargridpartitioner.obj
d:\cybermed\daddy\dependency\sdk-vtk-9.4.2\build_msvc\filters\geometry\filtersgeometry.dir\release\vtkrectilineargridgeometryfilter.obj
d:\cybermed\daddy\dependency\sdk-vtk-9.4.2\build_msvc\filters\geometry\filtersgeometry.dir\release\vtkrecovergeometrywireframe.obj
d:\cybermed\daddy\dependency\sdk-vtk-9.4.2\build_msvc\filters\geometry\filtersgeometry.dir\release\vtkprojectspherefilter.obj
d:\cybermed\daddy\dependency\sdk-vtk-9.4.2\build_msvc\filters\geometry\filtersgeometry.dir\release\vtkmarkboundaryfilter.obj
d:\cybermed\daddy\dependency\sdk-vtk-9.4.2\build_msvc\filters\geometry\filtersgeometry.dir\release\vtklineartoquadraticcellsfilter.obj
d:\cybermed\daddy\dependency\sdk-vtk-9.4.2\build_msvc\filters\geometry\filtersgeometry.dir\release\vtkimagedatatouniformgrid.obj
d:\cybermed\daddy\dependency\sdk-vtk-9.4.2\build_msvc\filters\geometry\filtersgeometry.dir\release\vtkimagedatageometryfilter.obj
d:\cybermed\daddy\dependency\sdk-vtk-9.4.2\build_msvc\filters\geometry\filtersgeometry.dir\release\vtkhierarchicaldatasetgeometryfilter.obj
d:\cybermed\daddy\dependency\sdk-vtk-9.4.2\build_msvc\filters\geometry\filtersgeometry.dir\release\vtkgeometryfilter.obj
d:\cybermed\daddy\dependency\sdk-vtk-9.4.2\build_msvc\filters\geometry\filtersgeometry.dir\release\vtkexplicitstructuredgridsurfacefilter.obj
d:\cybermed\daddy\dependency\sdk-vtk-9.4.2\build_msvc\filters\geometry\filtersgeometry.dir\release\vtkdatasetsurfacefilter.obj
d:\cybermed\daddy\dependency\sdk-vtk-9.4.2\build_msvc\filters\geometry\filtersgeometry.dir\release\vtkdatasetregionsurfacefilter.obj
d:\cybermed\daddy\dependency\sdk-vtk-9.4.2\build_msvc\filters\geometry\filtersgeometry.dir\release\vtkcompositedatageometryfilter.obj
d:\cybermed\daddy\dependency\sdk-vtk-9.4.2\build_msvc\filters\geometry\filtersgeometry.dir\release\vtkattributesmoothingfilter.obj
d:\cybermed\daddy\dependency\sdk-vtk-9.4.2\build_msvc\filters\geometry\filtersgeometry.dir\release\vtkabstractgridconnectivity.obj
d:\cybermed\daddy\dependency\sdk-vtk-9.4.2\build_msvc\filters\geometry\filtersgeometry.dir\release\vtkunstructuredgridgeometryfilter.obj
d:\cybermed\daddy\dependency\sdk-vtk-9.4.2\build_msvc\filters\geometry\filtersgeometry.dir\release\vtkstructuredpointsgeometryfilter.obj
d:\cybermed\daddy\dependency\sdk-vtk-9.4.2\build_msvc\filters\geometry\filtersgeometry.dir\release\vtkstructuredneighbor.obj
d:\cybermed\daddy\dependency\sdk-vtk-9.4.2\build_msvc\filters\geometry\filtersgeometry.dir\release\vtkstructuredgridpartitioner.obj
d:\cybermed\daddy\dependency\sdk-vtk-9.4.2\build_msvc\filters\geometry\cmakefiles\generate.stamp
d:\cybermed\daddy\dependency\sdk-vtk-9.4.2\build_msvc\bin\release\vtkfiltersgeometry-9.4.dll
d:\cybermed\daddy\dependency\sdk-vtk-9.4.2\build_msvc\lib\release\vtkfiltersgeometry-9.4.lib
d:\cybermed\daddy\dependency\sdk-vtk-9.4.2\build_msvc\lib\release\vtkfiltersgeometry-9.4.exp
d:\cybermed\daddy\dependency\sdk-vtk-9.4.2\build_msvc\filters\geometry\filtersgeometry.dir\release\filtersgeometry.tlog\cl.command.1.tlog
d:\cybermed\daddy\dependency\sdk-vtk-9.4.2\build_msvc\filters\geometry\filtersgeometry.dir\release\filtersgeometry.tlog\cl.items.tlog
d:\cybermed\daddy\dependency\sdk-vtk-9.4.2\build_msvc\filters\geometry\filtersgeometry.dir\release\filtersgeometry.tlog\cl.read.1.tlog
d:\cybermed\daddy\dependency\sdk-vtk-9.4.2\build_msvc\filters\geometry\filtersgeometry.dir\release\filtersgeometry.tlog\cl.write.1.tlog
d:\cybermed\daddy\dependency\sdk-vtk-9.4.2\build_msvc\filters\geometry\filtersgeometry.dir\release\filtersgeometry.tlog\custombuild.command.1.tlog
d:\cybermed\daddy\dependency\sdk-vtk-9.4.2\build_msvc\filters\geometry\filtersgeometry.dir\release\filtersgeometry.tlog\custombuild.read.1.tlog
d:\cybermed\daddy\dependency\sdk-vtk-9.4.2\build_msvc\filters\geometry\filtersgeometry.dir\release\filtersgeometry.tlog\custombuild.write.1.tlog
d:\cybermed\daddy\dependency\sdk-vtk-9.4.2\build_msvc\filters\geometry\filtersgeometry.dir\release\filtersgeometry.tlog\link.command.1.tlog
d:\cybermed\daddy\dependency\sdk-vtk-9.4.2\build_msvc\filters\geometry\filtersgeometry.dir\release\filtersgeometry.tlog\link.read.1.tlog
d:\cybermed\daddy\dependency\sdk-vtk-9.4.2\build_msvc\filters\geometry\filtersgeometry.dir\release\filtersgeometry.tlog\link.secondary.1.tlog
d:\cybermed\daddy\dependency\sdk-vtk-9.4.2\build_msvc\filters\geometry\filtersgeometry.dir\release\filtersgeometry.tlog\link.write.1.tlog
