  Building Custom Rule D:/cybermed/daddy/dependency/sdk-VTK-9.4.2/Common/Transforms/CMakeLists.txt
  vtkAbstractTransform.cxx
  vtkCylindricalTransform.cxx
  vtkGeneralTransform.cxx
  vtkHomogeneousTransform.cxx
  vtkIdentityTransform.cxx
  vtkLandmarkTransform.cxx
  vtkLinearTransform.cxx
  vtkMatrixToHomogeneousTransform.cxx
  vtkMatrixToLinearTransform.cxx
  vtkPerspectiveTransform.cxx
  vtkSphericalTransform.cxx
  vtkThinPlateSplineTransform.cxx
  vtkTransform.cxx
  vtkTransform2D.cxx
  vtkTransformCollection.cxx
  vtkWarpTransform.cxx
  코드를 생성하고 있습니다...
     D:/cybermed/daddy/dependency/sdk-VTK-9.4.2/build_msvc/lib/Release/vtkCommonTransforms-9.4.lib 라이브러리 및 D:/cybermed/daddy/dependency/sdk-VTK-9.4.2/build_msvc/lib/Release/vtkCommonTransforms-9.4.exp 개체를 생성하고 있습니다.
  CommonTransforms.vcxproj -> D:\cybermed\daddy\dependency\sdk-VTK-9.4.2\build_msvc\bin\Release\vtkCommonTransforms-9.4.dll
