d:\cybermed\daddy\dependency\sdk-vtk-9.4.2\build_msvc\common\transforms\commontransforms.dir\release\vtkwarptransform.obj
d:\cybermed\daddy\dependency\sdk-vtk-9.4.2\build_msvc\common\transforms\commontransforms.dir\release\vtktransformcollection.obj
d:\cybermed\daddy\dependency\sdk-vtk-9.4.2\build_msvc\common\transforms\commontransforms.dir\release\vtktransform2d.obj
d:\cybermed\daddy\dependency\sdk-vtk-9.4.2\build_msvc\common\transforms\commontransforms.dir\release\vtktransform.obj
d:\cybermed\daddy\dependency\sdk-vtk-9.4.2\build_msvc\common\transforms\commontransforms.dir\release\vtkthinplatesplinetransform.obj
d:\cybermed\daddy\dependency\sdk-vtk-9.4.2\build_msvc\common\transforms\commontransforms.dir\release\vtksphericaltransform.obj
d:\cybermed\daddy\dependency\sdk-vtk-9.4.2\build_msvc\common\transforms\commontransforms.dir\release\vtkperspectivetransform.obj
d:\cybermed\daddy\dependency\sdk-vtk-9.4.2\build_msvc\common\transforms\commontransforms.dir\release\vtkmatrixtolineartransform.obj
d:\cybermed\daddy\dependency\sdk-vtk-9.4.2\build_msvc\common\transforms\commontransforms.dir\release\vtkmatrixtohomogeneoustransform.obj
d:\cybermed\daddy\dependency\sdk-vtk-9.4.2\build_msvc\common\transforms\commontransforms.dir\release\vtklineartransform.obj
d:\cybermed\daddy\dependency\sdk-vtk-9.4.2\build_msvc\common\transforms\commontransforms.dir\release\vtklandmarktransform.obj
d:\cybermed\daddy\dependency\sdk-vtk-9.4.2\build_msvc\common\transforms\commontransforms.dir\release\vtkidentitytransform.obj
d:\cybermed\daddy\dependency\sdk-vtk-9.4.2\build_msvc\common\transforms\commontransforms.dir\release\vtkhomogeneoustransform.obj
d:\cybermed\daddy\dependency\sdk-vtk-9.4.2\build_msvc\common\transforms\commontransforms.dir\release\vtkgeneraltransform.obj
d:\cybermed\daddy\dependency\sdk-vtk-9.4.2\build_msvc\common\transforms\commontransforms.dir\release\vtkcylindricaltransform.obj
d:\cybermed\daddy\dependency\sdk-vtk-9.4.2\build_msvc\common\transforms\commontransforms.dir\release\vtkabstracttransform.obj
d:\cybermed\daddy\dependency\sdk-vtk-9.4.2\build_msvc\common\transforms\cmakefiles\generate.stamp
d:\cybermed\daddy\dependency\sdk-vtk-9.4.2\build_msvc\bin\release\vtkcommontransforms-9.4.dll
d:\cybermed\daddy\dependency\sdk-vtk-9.4.2\build_msvc\lib\release\vtkcommontransforms-9.4.lib
d:\cybermed\daddy\dependency\sdk-vtk-9.4.2\build_msvc\lib\release\vtkcommontransforms-9.4.exp
d:\cybermed\daddy\dependency\sdk-vtk-9.4.2\build_msvc\common\transforms\commontransforms.dir\release\commontransforms.tlog\cl.command.1.tlog
d:\cybermed\daddy\dependency\sdk-vtk-9.4.2\build_msvc\common\transforms\commontransforms.dir\release\commontransforms.tlog\cl.items.tlog
d:\cybermed\daddy\dependency\sdk-vtk-9.4.2\build_msvc\common\transforms\commontransforms.dir\release\commontransforms.tlog\cl.read.1.tlog
d:\cybermed\daddy\dependency\sdk-vtk-9.4.2\build_msvc\common\transforms\commontransforms.dir\release\commontransforms.tlog\cl.write.1.tlog
d:\cybermed\daddy\dependency\sdk-vtk-9.4.2\build_msvc\common\transforms\commontransforms.dir\release\commontransforms.tlog\custombuild.command.1.tlog
d:\cybermed\daddy\dependency\sdk-vtk-9.4.2\build_msvc\common\transforms\commontransforms.dir\release\commontransforms.tlog\custombuild.read.1.tlog
d:\cybermed\daddy\dependency\sdk-vtk-9.4.2\build_msvc\common\transforms\commontransforms.dir\release\commontransforms.tlog\custombuild.write.1.tlog
d:\cybermed\daddy\dependency\sdk-vtk-9.4.2\build_msvc\common\transforms\commontransforms.dir\release\commontransforms.tlog\link.command.1.tlog
d:\cybermed\daddy\dependency\sdk-vtk-9.4.2\build_msvc\common\transforms\commontransforms.dir\release\commontransforms.tlog\link.read.1.tlog
d:\cybermed\daddy\dependency\sdk-vtk-9.4.2\build_msvc\common\transforms\commontransforms.dir\release\commontransforms.tlog\link.secondary.1.tlog
d:\cybermed\daddy\dependency\sdk-vtk-9.4.2\build_msvc\common\transforms\commontransforms.dir\release\commontransforms.tlog\link.write.1.tlog
