d:\cybermed\daddy\dependency\dcmtk-dcmtk-3.6.8\build_msvc\dcmjpeg\libsrc\dcmjpeg.dir\release\djencext.obj
d:\cybermed\daddy\dependency\dcmtk-dcmtk-3.6.8\build_msvc\dcmjpeg\libsrc\dcmjpeg.dir\release\djencbas.obj
d:\cybermed\daddy\dependency\dcmtk-dcmtk-3.6.8\build_msvc\dcmjpeg\libsrc\dcmjpeg.dir\release\djeijg16.obj
d:\cybermed\daddy\dependency\dcmtk-dcmtk-3.6.8\build_msvc\dcmjpeg\libsrc\dcmjpeg.dir\release\djeijg8.obj
d:\cybermed\daddy\dependency\dcmtk-dcmtk-3.6.8\build_msvc\dcmjpeg\libsrc\dcmjpeg.dir\release\djeijg12.obj
d:\cybermed\daddy\dependency\dcmtk-dcmtk-3.6.8\build_msvc\dcmjpeg\libsrc\dcmjpeg.dir\release\djdijg16.obj
d:\cybermed\daddy\dependency\dcmtk-dcmtk-3.6.8\build_msvc\dcmjpeg\libsrc\dcmjpeg.dir\release\djdijg8.obj
d:\cybermed\daddy\dependency\dcmtk-dcmtk-3.6.8\build_msvc\dcmjpeg\libsrc\dcmjpeg.dir\release\djdijg12.obj
d:\cybermed\daddy\dependency\dcmtk-dcmtk-3.6.8\build_msvc\dcmjpeg\libsrc\dcmjpeg.dir\release\djdecsv1.obj
d:\cybermed\daddy\dependency\dcmtk-dcmtk-3.6.8\build_msvc\dcmjpeg\libsrc\dcmjpeg.dir\release\djdecsps.obj
d:\cybermed\daddy\dependency\dcmtk-dcmtk-3.6.8\build_msvc\dcmjpeg\libsrc\dcmjpeg.dir\release\djdecpro.obj
d:\cybermed\daddy\dependency\dcmtk-dcmtk-3.6.8\build_msvc\dcmjpeg\libsrc\dcmjpeg.dir\release\djdecode.obj
d:\cybermed\daddy\dependency\dcmtk-dcmtk-3.6.8\build_msvc\dcmjpeg\libsrc\dcmjpeg.dir\release\djdeclol.obj
d:\cybermed\daddy\dependency\dcmtk-dcmtk-3.6.8\build_msvc\dcmjpeg\libsrc\dcmjpeg.dir\release\djdecext.obj
d:\cybermed\daddy\dependency\dcmtk-dcmtk-3.6.8\build_msvc\dcmjpeg\libsrc\dcmjpeg.dir\release\djdecbas.obj
d:\cybermed\daddy\dependency\dcmtk-dcmtk-3.6.8\build_msvc\dcmjpeg\libsrc\dcmjpeg.dir\release\djcparam.obj
d:\cybermed\daddy\dependency\dcmtk-dcmtk-3.6.8\build_msvc\dcmjpeg\libsrc\dcmjpeg.dir\release\djcodece.obj
d:\cybermed\daddy\dependency\dcmtk-dcmtk-3.6.8\build_msvc\dcmjpeg\libsrc\dcmjpeg.dir\release\djcodecd.obj
d:\cybermed\daddy\dependency\dcmtk-dcmtk-3.6.8\build_msvc\dcmjpeg\libsrc\dcmjpeg.dir\release\dipijpeg.obj
d:\cybermed\daddy\dependency\dcmtk-dcmtk-3.6.8\build_msvc\dcmjpeg\libsrc\dcmjpeg.dir\release\ddpiimpl.obj
d:\cybermed\daddy\dependency\dcmtk-dcmtk-3.6.8\build_msvc\dcmjpeg\libsrc\dcmjpeg.dir\release\djutils.obj
d:\cybermed\daddy\dependency\dcmtk-dcmtk-3.6.8\build_msvc\dcmjpeg\libsrc\dcmjpeg.dir\release\djrploss.obj
d:\cybermed\daddy\dependency\dcmtk-dcmtk-3.6.8\build_msvc\dcmjpeg\libsrc\dcmjpeg.dir\release\djrplol.obj
d:\cybermed\daddy\dependency\dcmtk-dcmtk-3.6.8\build_msvc\dcmjpeg\libsrc\dcmjpeg.dir\release\djencsv1.obj
d:\cybermed\daddy\dependency\dcmtk-dcmtk-3.6.8\build_msvc\dcmjpeg\libsrc\dcmjpeg.dir\release\djencsps.obj
d:\cybermed\daddy\dependency\dcmtk-dcmtk-3.6.8\build_msvc\dcmjpeg\libsrc\dcmjpeg.dir\release\djencpro.obj
d:\cybermed\daddy\dependency\dcmtk-dcmtk-3.6.8\build_msvc\dcmjpeg\libsrc\dcmjpeg.dir\release\djencode.obj
d:\cybermed\daddy\dependency\dcmtk-dcmtk-3.6.8\build_msvc\dcmjpeg\libsrc\dcmjpeg.dir\release\djenclol.obj
d:\cybermed\daddy\dependency\dcmtk-dcmtk-3.6.8\build_msvc\dcmjpeg\libsrc\cmakefiles\generate.stamp
d:\cybermed\daddy\dependency\dcmtk-dcmtk-3.6.8\build_msvc\lib\release\dcmjpeg.lib
d:\cybermed\daddy\dependency\dcmtk-dcmtk-3.6.8\build_msvc\bin\release\dcmjpeg.dll
d:\cybermed\daddy\dependency\dcmtk-dcmtk-3.6.8\build_msvc\lib\release\dcmjpeg.exp
d:\cybermed\daddy\dependency\dcmtk-dcmtk-3.6.8\build_msvc\dcmjpeg\libsrc\dcmjpeg.dir\release\dcmjpeg.tlog\cl.command.1.tlog
d:\cybermed\daddy\dependency\dcmtk-dcmtk-3.6.8\build_msvc\dcmjpeg\libsrc\dcmjpeg.dir\release\dcmjpeg.tlog\cl.items.tlog
d:\cybermed\daddy\dependency\dcmtk-dcmtk-3.6.8\build_msvc\dcmjpeg\libsrc\dcmjpeg.dir\release\dcmjpeg.tlog\cl.read.1.tlog
d:\cybermed\daddy\dependency\dcmtk-dcmtk-3.6.8\build_msvc\dcmjpeg\libsrc\dcmjpeg.dir\release\dcmjpeg.tlog\cl.write.1.tlog
d:\cybermed\daddy\dependency\dcmtk-dcmtk-3.6.8\build_msvc\dcmjpeg\libsrc\dcmjpeg.dir\release\dcmjpeg.tlog\custombuild.command.1.tlog
d:\cybermed\daddy\dependency\dcmtk-dcmtk-3.6.8\build_msvc\dcmjpeg\libsrc\dcmjpeg.dir\release\dcmjpeg.tlog\custombuild.read.1.tlog
d:\cybermed\daddy\dependency\dcmtk-dcmtk-3.6.8\build_msvc\dcmjpeg\libsrc\dcmjpeg.dir\release\dcmjpeg.tlog\custombuild.write.1.tlog
d:\cybermed\daddy\dependency\dcmtk-dcmtk-3.6.8\build_msvc\dcmjpeg\libsrc\dcmjpeg.dir\release\dcmjpeg.tlog\lib-link.read.1.tlog
d:\cybermed\daddy\dependency\dcmtk-dcmtk-3.6.8\build_msvc\dcmjpeg\libsrc\dcmjpeg.dir\release\dcmjpeg.tlog\lib-link.write.1.tlog
d:\cybermed\daddy\dependency\dcmtk-dcmtk-3.6.8\build_msvc\dcmjpeg\libsrc\dcmjpeg.dir\release\dcmjpeg.tlog\lib.command.1.tlog
d:\cybermed\daddy\dependency\dcmtk-dcmtk-3.6.8\build_msvc\dcmjpeg\libsrc\dcmjpeg.dir\release\dcmjpeg.tlog\link.command.1.tlog
d:\cybermed\daddy\dependency\dcmtk-dcmtk-3.6.8\build_msvc\dcmjpeg\libsrc\dcmjpeg.dir\release\dcmjpeg.tlog\link.read.1.tlog
d:\cybermed\daddy\dependency\dcmtk-dcmtk-3.6.8\build_msvc\dcmjpeg\libsrc\dcmjpeg.dir\release\dcmjpeg.tlog\link.secondary.1.tlog
d:\cybermed\daddy\dependency\dcmtk-dcmtk-3.6.8\build_msvc\dcmjpeg\libsrc\dcmjpeg.dir\release\dcmjpeg.tlog\link.write.1.tlog
