d:\cybermed\daddy\dependency\sdk-vtk-9.4.2\build_msvc\lib\debug\vtkfilterstemporal-9.4d.pdb
d:\cybermed\daddy\dependency\sdk-vtk-9.4.2\build_msvc\filters\temporal\filterstemporal.dir\debug\vtktemporalsmoothing.obj
d:\cybermed\daddy\dependency\sdk-vtk-9.4.2\build_msvc\filters\temporal\filterstemporal.dir\debug\vtkdataobjectmeshcache.obj
d:\cybermed\daddy\dependency\sdk-vtk-9.4.2\build_msvc\filters\temporal\filterstemporal.dir\debug\vtkforcestaticmesh.obj
d:\cybermed\daddy\dependency\sdk-vtk-9.4.2\build_msvc\filters\temporal\filterstemporal.dir\debug\vtkcriticaltime.obj
d:\cybermed\daddy\dependency\sdk-vtk-9.4.2\build_msvc\filters\temporal\filterstemporal.dir\debug\vc143.pdb
d:\cybermed\daddy\dependency\sdk-vtk-9.4.2\build_msvc\filters\temporal\cmakefiles\generate.stamp
d:\cybermed\daddy\dependency\sdk-vtk-9.4.2\build_msvc\lib\debug\vtkfilterstemporal-9.4d.lib
d:\cybermed\daddy\dependency\sdk-vtk-9.4.2\build_msvc\bin\debug\vtkfilterstemporal-9.4d.dll
d:\cybermed\daddy\dependency\sdk-vtk-9.4.2\build_msvc\bin\debug\vtkfilterstemporal-9.4d.pdb
d:\cybermed\daddy\dependency\sdk-vtk-9.4.2\build_msvc\lib\debug\vtkfilterstemporal-9.4d.exp
d:\cybermed\daddy\dependency\sdk-vtk-9.4.2\build_msvc\filters\temporal\filterstemporal.dir\debug\vtkfilterstemporal-9.4d.ilk
d:\cybermed\daddy\dependency\sdk-vtk-9.4.2\build_msvc\filters\temporal\filterstemporal.dir\debug\filterstemporal.tlog\cl.command.1.tlog
d:\cybermed\daddy\dependency\sdk-vtk-9.4.2\build_msvc\filters\temporal\filterstemporal.dir\debug\filterstemporal.tlog\cl.items.tlog
d:\cybermed\daddy\dependency\sdk-vtk-9.4.2\build_msvc\filters\temporal\filterstemporal.dir\debug\filterstemporal.tlog\cl.read.1.tlog
d:\cybermed\daddy\dependency\sdk-vtk-9.4.2\build_msvc\filters\temporal\filterstemporal.dir\debug\filterstemporal.tlog\cl.write.1.tlog
d:\cybermed\daddy\dependency\sdk-vtk-9.4.2\build_msvc\filters\temporal\filterstemporal.dir\debug\filterstemporal.tlog\custombuild.command.1.tlog
d:\cybermed\daddy\dependency\sdk-vtk-9.4.2\build_msvc\filters\temporal\filterstemporal.dir\debug\filterstemporal.tlog\custombuild.read.1.tlog
d:\cybermed\daddy\dependency\sdk-vtk-9.4.2\build_msvc\filters\temporal\filterstemporal.dir\debug\filterstemporal.tlog\custombuild.write.1.tlog
d:\cybermed\daddy\dependency\sdk-vtk-9.4.2\build_msvc\filters\temporal\filterstemporal.dir\debug\filterstemporal.tlog\lib-link.read.1.tlog
d:\cybermed\daddy\dependency\sdk-vtk-9.4.2\build_msvc\filters\temporal\filterstemporal.dir\debug\filterstemporal.tlog\lib-link.write.1.tlog
d:\cybermed\daddy\dependency\sdk-vtk-9.4.2\build_msvc\filters\temporal\filterstemporal.dir\debug\filterstemporal.tlog\lib.command.1.tlog
d:\cybermed\daddy\dependency\sdk-vtk-9.4.2\build_msvc\filters\temporal\filterstemporal.dir\debug\filterstemporal.tlog\link.command.1.tlog
d:\cybermed\daddy\dependency\sdk-vtk-9.4.2\build_msvc\filters\temporal\filterstemporal.dir\debug\filterstemporal.tlog\link.read.1.tlog
d:\cybermed\daddy\dependency\sdk-vtk-9.4.2\build_msvc\filters\temporal\filterstemporal.dir\debug\filterstemporal.tlog\link.secondary.1.tlog
d:\cybermed\daddy\dependency\sdk-vtk-9.4.2\build_msvc\filters\temporal\filterstemporal.dir\debug\filterstemporal.tlog\link.write.1.tlog
