d:\cybermed\daddy\dependency\sdk-vtk-9.4.2\build_msvc\filters\statistics\filtersstatistics.dir\release\vtkstreamingstatistics.obj
d:\cybermed\daddy\dependency\sdk-vtk-9.4.2\build_msvc\filters\statistics\filtersstatistics.dir\release\vtkstrahlermetric.obj
d:\cybermed\daddy\dependency\sdk-vtk-9.4.2\build_msvc\filters\statistics\filtersstatistics.dir\release\vtkstatisticsalgorithm.obj
d:\cybermed\daddy\dependency\sdk-vtk-9.4.2\build_msvc\filters\statistics\filtersstatistics.dir\release\vtkpcastatistics.obj
d:\cybermed\daddy\dependency\sdk-vtk-9.4.2\build_msvc\filters\statistics\filtersstatistics.dir\release\vtkorderstatistics.obj
d:\cybermed\daddy\dependency\sdk-vtk-9.4.2\build_msvc\filters\statistics\filtersstatistics.dir\release\vtkmulticorrelativestatistics.obj
d:\cybermed\daddy\dependency\sdk-vtk-9.4.2\build_msvc\filters\statistics\filtersstatistics.dir\release\vtklengthdistribution.obj
d:\cybermed\daddy\dependency\sdk-vtk-9.4.2\build_msvc\filters\statistics\filtersstatistics.dir\release\vtkkmeansstatistics.obj
d:\cybermed\daddy\dependency\sdk-vtk-9.4.2\build_msvc\filters\statistics\filtersstatistics.dir\release\vtkkmeansdistancefunctorcalculator.obj
d:\cybermed\daddy\dependency\sdk-vtk-9.4.2\build_msvc\filters\statistics\filtersstatistics.dir\release\vtkkmeansdistancefunctor.obj
d:\cybermed\daddy\dependency\sdk-vtk-9.4.2\build_msvc\filters\statistics\filtersstatistics.dir\release\vtkhighestdensityregionsstatistics.obj
d:\cybermed\daddy\dependency\sdk-vtk-9.4.2\build_msvc\filters\statistics\filtersstatistics.dir\release\vtkextracthistogram.obj
d:\cybermed\daddy\dependency\sdk-vtk-9.4.2\build_msvc\filters\statistics\filtersstatistics.dir\release\vtkextractfunctionalbagplot.obj
d:\cybermed\daddy\dependency\sdk-vtk-9.4.2\build_msvc\filters\statistics\filtersstatistics.dir\release\vtkdescriptivestatistics.obj
d:\cybermed\daddy\dependency\sdk-vtk-9.4.2\build_msvc\filters\statistics\filtersstatistics.dir\release\vtkcorrelativestatistics.obj
d:\cybermed\daddy\dependency\sdk-vtk-9.4.2\build_msvc\filters\statistics\filtersstatistics.dir\release\vtkcontingencystatistics.obj
d:\cybermed\daddy\dependency\sdk-vtk-9.4.2\build_msvc\filters\statistics\filtersstatistics.dir\release\vtkcomputequartiles.obj
d:\cybermed\daddy\dependency\sdk-vtk-9.4.2\build_msvc\filters\statistics\filtersstatistics.dir\release\vtkcomputequantiles.obj
d:\cybermed\daddy\dependency\sdk-vtk-9.4.2\build_msvc\filters\statistics\filtersstatistics.dir\release\vtkbivariatelineartablethreshold.obj
d:\cybermed\daddy\dependency\sdk-vtk-9.4.2\build_msvc\filters\statistics\filtersstatistics.dir\release\vtkautocorrelativestatistics.obj
d:\cybermed\daddy\dependency\sdk-vtk-9.4.2\build_msvc\filters\statistics\cmakefiles\generate.stamp
d:\cybermed\daddy\dependency\sdk-vtk-9.4.2\build_msvc\bin\release\vtkfiltersstatistics-9.4.dll
d:\cybermed\daddy\dependency\sdk-vtk-9.4.2\build_msvc\lib\release\vtkfiltersstatistics-9.4.lib
d:\cybermed\daddy\dependency\sdk-vtk-9.4.2\build_msvc\lib\release\vtkfiltersstatistics-9.4.exp
d:\cybermed\daddy\dependency\sdk-vtk-9.4.2\build_msvc\filters\statistics\filtersstatistics.dir\release\filterss.d3637636.tlog\cl.command.1.tlog
d:\cybermed\daddy\dependency\sdk-vtk-9.4.2\build_msvc\filters\statistics\filtersstatistics.dir\release\filterss.d3637636.tlog\cl.items.tlog
d:\cybermed\daddy\dependency\sdk-vtk-9.4.2\build_msvc\filters\statistics\filtersstatistics.dir\release\filterss.d3637636.tlog\cl.read.1.tlog
d:\cybermed\daddy\dependency\sdk-vtk-9.4.2\build_msvc\filters\statistics\filtersstatistics.dir\release\filterss.d3637636.tlog\cl.write.1.tlog
d:\cybermed\daddy\dependency\sdk-vtk-9.4.2\build_msvc\filters\statistics\filtersstatistics.dir\release\filterss.d3637636.tlog\custombuild.command.1.tlog
d:\cybermed\daddy\dependency\sdk-vtk-9.4.2\build_msvc\filters\statistics\filtersstatistics.dir\release\filterss.d3637636.tlog\custombuild.read.1.tlog
d:\cybermed\daddy\dependency\sdk-vtk-9.4.2\build_msvc\filters\statistics\filtersstatistics.dir\release\filterss.d3637636.tlog\custombuild.write.1.tlog
d:\cybermed\daddy\dependency\sdk-vtk-9.4.2\build_msvc\filters\statistics\filtersstatistics.dir\release\filterss.d3637636.tlog\link.command.1.tlog
d:\cybermed\daddy\dependency\sdk-vtk-9.4.2\build_msvc\filters\statistics\filtersstatistics.dir\release\filterss.d3637636.tlog\link.read.1.tlog
d:\cybermed\daddy\dependency\sdk-vtk-9.4.2\build_msvc\filters\statistics\filtersstatistics.dir\release\filterss.d3637636.tlog\link.secondary.1.tlog
d:\cybermed\daddy\dependency\sdk-vtk-9.4.2\build_msvc\filters\statistics\filtersstatistics.dir\release\filterss.d3637636.tlog\link.write.1.tlog
