d:\cybermed\daddy\dependency\dcmtk-dcmtk-3.6.8\build_msvc\dcmtls\libsrc\dcmtls.dir\release\tlsciphr.obj
d:\cybermed\daddy\dependency\dcmtk-dcmtk-3.6.8\build_msvc\dcmtls\libsrc\dcmtls.dir\release\tlsscu.obj
d:\cybermed\daddy\dependency\dcmtk-dcmtk-3.6.8\build_msvc\dcmtls\libsrc\dcmtls.dir\release\tlstrans.obj
d:\cybermed\daddy\dependency\dcmtk-dcmtk-3.6.8\build_msvc\dcmtls\libsrc\dcmtls.dir\release\tlsopt.obj
d:\cybermed\daddy\dependency\dcmtk-dcmtk-3.6.8\build_msvc\dcmtls\libsrc\dcmtls.dir\release\tlslayer.obj
d:\cybermed\daddy\dependency\dcmtk-dcmtk-3.6.8\build_msvc\dcmtls\libsrc\dcmtls.dir\release\tlscond.obj
d:\cybermed\daddy\dependency\dcmtk-dcmtk-3.6.8\build_msvc\dcmtls\libsrc\cmakefiles\generate.stamp
d:\cybermed\daddy\dependency\dcmtk-dcmtk-3.6.8\build_msvc\lib\release\dcmtls.lib
d:\cybermed\daddy\dependency\dcmtk-dcmtk-3.6.8\build_msvc\bin\release\dcmtls.dll
d:\cybermed\daddy\dependency\dcmtk-dcmtk-3.6.8\build_msvc\lib\release\dcmtls.exp
d:\cybermed\daddy\dependency\dcmtk-dcmtk-3.6.8\build_msvc\dcmtls\libsrc\dcmtls.dir\release\dcmtls.tlog\cl.command.1.tlog
d:\cybermed\daddy\dependency\dcmtk-dcmtk-3.6.8\build_msvc\dcmtls\libsrc\dcmtls.dir\release\dcmtls.tlog\cl.items.tlog
d:\cybermed\daddy\dependency\dcmtk-dcmtk-3.6.8\build_msvc\dcmtls\libsrc\dcmtls.dir\release\dcmtls.tlog\cl.read.1.tlog
d:\cybermed\daddy\dependency\dcmtk-dcmtk-3.6.8\build_msvc\dcmtls\libsrc\dcmtls.dir\release\dcmtls.tlog\cl.write.1.tlog
d:\cybermed\daddy\dependency\dcmtk-dcmtk-3.6.8\build_msvc\dcmtls\libsrc\dcmtls.dir\release\dcmtls.tlog\custombuild.command.1.tlog
d:\cybermed\daddy\dependency\dcmtk-dcmtk-3.6.8\build_msvc\dcmtls\libsrc\dcmtls.dir\release\dcmtls.tlog\custombuild.read.1.tlog
d:\cybermed\daddy\dependency\dcmtk-dcmtk-3.6.8\build_msvc\dcmtls\libsrc\dcmtls.dir\release\dcmtls.tlog\custombuild.write.1.tlog
d:\cybermed\daddy\dependency\dcmtk-dcmtk-3.6.8\build_msvc\dcmtls\libsrc\dcmtls.dir\release\dcmtls.tlog\lib-link.read.1.tlog
d:\cybermed\daddy\dependency\dcmtk-dcmtk-3.6.8\build_msvc\dcmtls\libsrc\dcmtls.dir\release\dcmtls.tlog\lib-link.write.1.tlog
d:\cybermed\daddy\dependency\dcmtk-dcmtk-3.6.8\build_msvc\dcmtls\libsrc\dcmtls.dir\release\dcmtls.tlog\lib.command.1.tlog
d:\cybermed\daddy\dependency\dcmtk-dcmtk-3.6.8\build_msvc\dcmtls\libsrc\dcmtls.dir\release\dcmtls.tlog\link.command.1.tlog
d:\cybermed\daddy\dependency\dcmtk-dcmtk-3.6.8\build_msvc\dcmtls\libsrc\dcmtls.dir\release\dcmtls.tlog\link.read.1.tlog
d:\cybermed\daddy\dependency\dcmtk-dcmtk-3.6.8\build_msvc\dcmtls\libsrc\dcmtls.dir\release\dcmtls.tlog\link.secondary.1.tlog
d:\cybermed\daddy\dependency\dcmtk-dcmtk-3.6.8\build_msvc\dcmtls\libsrc\dcmtls.dir\release\dcmtls.tlog\link.write.1.tlog
