d:\cybermed\daddy\dependency\sdk-vtk-9.4.2\build_msvc\remote\vtkdicom\source\dicom.dir\debug\vc143.pdb
d:\cybermed\daddy\dependency\sdk-vtk-9.4.2\build_msvc\remote\vtkdicom\source\dicom.dir\debug\vtkscancoctreader.obj
d:\cybermed\daddy\dependency\sdk-vtk-9.4.2\build_msvc\remote\vtkdicom\source\dicom.dir\debug\vtkdicomctrectifier.obj
d:\cybermed\daddy\dependency\sdk-vtk-9.4.2\build_msvc\remote\vtkdicom\source\dicom.dir\debug\vtkdicomslicesorter.obj
d:\cybermed\daddy\dependency\sdk-vtk-9.4.2\build_msvc\remote\vtkdicom\source\dicom.dir\debug\vtkdicomctgenerator.obj
d:\cybermed\daddy\dependency\sdk-vtk-9.4.2\build_msvc\remote\vtkdicom\source\dicom.dir\debug\vtkdicomscgenerator.obj
d:\cybermed\daddy\dependency\sdk-vtk-9.4.2\build_msvc\remote\vtkdicom\source\dicom.dir\debug\vtkdicomimagecodec.obj
d:\cybermed\daddy\dependency\sdk-vtk-9.4.2\build_msvc\remote\vtkdicom\source\dicom.dir\debug\vtkdicomgenerator.obj
d:\cybermed\daddy\dependency\sdk-vtk-9.4.2\build_msvc\remote\vtkdicom\source\dicom.dir\debug\vtkdicomfilesorter.obj
d:\cybermed\daddy\dependency\sdk-vtk-9.4.2\build_msvc\remote\vtkdicom\source\dicom.dir\debug\vtkdicomdirectory.obj
d:\cybermed\daddy\dependency\sdk-vtk-9.4.2\build_msvc\remote\vtkdicom\source\dicom.dir\debug\vtkdicomdictprivate.obj
d:\cybermed\daddy\dependency\sdk-vtk-9.4.2\build_msvc\remote\vtkdicom\source\dicom.dir\debug\vtkdicomdictentry.obj
d:\cybermed\daddy\dependency\sdk-vtk-9.4.2\build_msvc\remote\vtkdicom\source\dicom.dir\debug\vtkdicomdicthash.obj
d:\cybermed\daddy\dependency\sdk-vtk-9.4.2\build_msvc\remote\vtkdicom\source\dicom.dir\debug\vtkdicomdataelement.obj
d:\cybermed\daddy\dependency\sdk-vtk-9.4.2\build_msvc\remote\vtkdicom\source\dicom.dir\debug\vtkdicomcharactersettables.obj
d:\cybermed\daddy\dependency\sdk-vtk-9.4.2\build_msvc\remote\vtkdicom\source\dicom.dir\debug\vtkdicomcharacterset.obj
d:\cybermed\daddy\dependency\sdk-vtk-9.4.2\build_msvc\remote\vtkdicom\source\dicom.dir\debug\vtkdicomvm.obj
d:\cybermed\daddy\dependency\sdk-vtk-9.4.2\build_msvc\remote\vtkdicom\source\dicom.dir\debug\vtkdicomvr.obj
d:\cybermed\daddy\dependency\sdk-vtk-9.4.2\build_msvc\remote\vtkdicom\source\dicom.dir\debug\vtkdicomtagpath.obj
d:\cybermed\daddy\dependency\sdk-vtk-9.4.2\build_msvc\remote\vtkdicom\source\dicom.dir\debug\vtkdicomtag.obj
d:\cybermed\daddy\dependency\sdk-vtk-9.4.2\build_msvc\remote\vtkdicom\source\dicom.dir\debug\vtkdicomfiledirectory.obj
d:\cybermed\daddy\dependency\sdk-vtk-9.4.2\build_msvc\remote\vtkdicom\source\dicom.dir\debug\vtkdicomfile.obj
d:\cybermed\daddy\dependency\sdk-vtk-9.4.2\build_msvc\remote\vtkdicom\source\dicom.dir\debug\vtkdicomfilepath.obj
d:\cybermed\daddy\dependency\sdk-vtk-9.4.2\build_msvc\remote\vtkdicom\source\dicom.dir\debug\vtkdicomdictionary.obj
d:\cybermed\daddy\dependency\sdk-vtk-9.4.2\build_msvc\remote\vtkdicom\source\dicom.dir\debug\vtkdicommetadata.obj
d:\cybermed\daddy\dependency\sdk-vtk-9.4.2\build_msvc\remote\vtkdicom\source\dicom.dir\debug\vtkdicomtoras.obj
d:\cybermed\daddy\dependency\sdk-vtk-9.4.2\build_msvc\remote\vtkdicom\source\dicom.dir\debug\vtkdicomapplyrescale.obj
d:\cybermed\daddy\dependency\sdk-vtk-9.4.2\build_msvc\remote\vtkdicom\source\dicom.dir\debug\vtkdicomapplypalette.obj
d:\cybermed\daddy\dependency\sdk-vtk-9.4.2\build_msvc\remote\vtkdicom\source\dicom.dir\debug\vtkdicomlookuptable.obj
d:\cybermed\daddy\dependency\sdk-vtk-9.4.2\build_msvc\remote\vtkdicom\source\dicom.dir\debug\vtkdicomalgorithm.obj
d:\cybermed\daddy\dependency\sdk-vtk-9.4.2\build_msvc\remote\vtkdicom\source\dicom.dir\debug\vtkdicomwriter.obj
d:\cybermed\daddy\dependency\sdk-vtk-9.4.2\build_msvc\remote\vtkdicom\source\dicom.dir\debug\vtkdicomvalue.obj
d:\cybermed\daddy\dependency\sdk-vtk-9.4.2\build_msvc\remote\vtkdicom\source\dicom.dir\debug\vtkdicomutilitiesuidtable.obj
d:\cybermed\daddy\dependency\sdk-vtk-9.4.2\build_msvc\remote\vtkdicom\source\dicom.dir\debug\vtkdicomutilities.obj
d:\cybermed\daddy\dependency\sdk-vtk-9.4.2\build_msvc\remote\vtkdicom\source\dicom.dir\debug\vtkdicomreferencecount.obj
d:\cybermed\daddy\dependency\sdk-vtk-9.4.2\build_msvc\remote\vtkdicom\source\dicom.dir\debug\vtkdicomsorter.obj
d:\cybermed\daddy\dependency\sdk-vtk-9.4.2\build_msvc\remote\vtkdicom\source\dicom.dir\debug\vtkdicomitem.obj
d:\cybermed\daddy\dependency\sdk-vtk-9.4.2\build_msvc\remote\vtkdicom\source\dicom.dir\debug\vtkdicomsequence.obj
d:\cybermed\daddy\dependency\sdk-vtk-9.4.2\build_msvc\remote\vtkdicom\source\dicom.dir\debug\vtkdicomreader.obj
d:\cybermed\daddy\dependency\sdk-vtk-9.4.2\build_msvc\remote\vtkdicom\source\dicom.dir\debug\vtkdicomcompiler.obj
d:\cybermed\daddy\dependency\sdk-vtk-9.4.2\build_msvc\remote\vtkdicom\source\dicom.dir\debug\vtkdicomparser.obj
d:\cybermed\daddy\dependency\sdk-vtk-9.4.2\build_msvc\remote\vtkdicom\source\dicom.dir\debug\vtkdicommrgenerator.obj
d:\cybermed\daddy\dependency\sdk-vtk-9.4.2\build_msvc\remote\vtkdicom\source\dicom.dir\debug\vtkniftiwriter.obj
d:\cybermed\daddy\dependency\sdk-vtk-9.4.2\build_msvc\remote\vtkdicom\source\dicom.dir\debug\vtkniftireader.obj
d:\cybermed\daddy\dependency\sdk-vtk-9.4.2\build_msvc\remote\vtkdicom\source\dicom.dir\debug\vtkniftiheader.obj
d:\cybermed\daddy\dependency\sdk-vtk-9.4.2\build_msvc\remote\vtkdicom\source\dicom.dir\debug\vtkdicomuidgenerator.obj
d:\cybermed\daddy\dependency\sdk-vtk-9.4.2\build_msvc\remote\vtkdicom\source\dicom.dir\debug\vtkdicommetadataadapter.obj
d:\cybermed\daddy\dependency\sdk-vtk-9.4.2\build_msvc\remote\vtkdicom\source\cmakefiles\generate.stamp
d:\cybermed\daddy\dependency\sdk-vtk-9.4.2\build_msvc\bin\debug\vtkdicom-9.4d.dll
d:\cybermed\daddy\dependency\sdk-vtk-9.4.2\build_msvc\bin\debug\vtkdicom-9.4d.pdb
d:\cybermed\daddy\dependency\sdk-vtk-9.4.2\build_msvc\lib\debug\vtkdicom-9.4d.lib
d:\cybermed\daddy\dependency\sdk-vtk-9.4.2\build_msvc\lib\debug\vtkdicom-9.4d.exp
d:\cybermed\daddy\dependency\sdk-vtk-9.4.2\build_msvc\remote\vtkdicom\source\dicom.dir\debug\vtkdicom-9.4d.ilk
d:\cybermed\daddy\dependency\sdk-vtk-9.4.2\build_msvc\remote\vtkdicom\source\dicom.dir\debug\dicom.tlog\cl.command.1.tlog
d:\cybermed\daddy\dependency\sdk-vtk-9.4.2\build_msvc\remote\vtkdicom\source\dicom.dir\debug\dicom.tlog\cl.items.tlog
d:\cybermed\daddy\dependency\sdk-vtk-9.4.2\build_msvc\remote\vtkdicom\source\dicom.dir\debug\dicom.tlog\cl.read.1.tlog
d:\cybermed\daddy\dependency\sdk-vtk-9.4.2\build_msvc\remote\vtkdicom\source\dicom.dir\debug\dicom.tlog\cl.write.1.tlog
d:\cybermed\daddy\dependency\sdk-vtk-9.4.2\build_msvc\remote\vtkdicom\source\dicom.dir\debug\dicom.tlog\custombuild.command.1.tlog
d:\cybermed\daddy\dependency\sdk-vtk-9.4.2\build_msvc\remote\vtkdicom\source\dicom.dir\debug\dicom.tlog\custombuild.read.1.tlog
d:\cybermed\daddy\dependency\sdk-vtk-9.4.2\build_msvc\remote\vtkdicom\source\dicom.dir\debug\dicom.tlog\custombuild.write.1.tlog
d:\cybermed\daddy\dependency\sdk-vtk-9.4.2\build_msvc\remote\vtkdicom\source\dicom.dir\debug\dicom.tlog\link.command.1.tlog
d:\cybermed\daddy\dependency\sdk-vtk-9.4.2\build_msvc\remote\vtkdicom\source\dicom.dir\debug\dicom.tlog\link.read.1.tlog
d:\cybermed\daddy\dependency\sdk-vtk-9.4.2\build_msvc\remote\vtkdicom\source\dicom.dir\debug\dicom.tlog\link.secondary.1.tlog
d:\cybermed\daddy\dependency\sdk-vtk-9.4.2\build_msvc\remote\vtkdicom\source\dicom.dir\debug\dicom.tlog\link.write.1.tlog
