d:\cybermed\daddy\dependency\sdk-vtk-9.4.2\build_msvc\io\ioss\ioioss.dir\release\vtkiossreaderinternal.obj
d:\cybermed\daddy\dependency\sdk-vtk-9.4.2\build_msvc\io\ioss\ioioss.dir\release\vtkiossmodel.obj
d:\cybermed\daddy\dependency\sdk-vtk-9.4.2\build_msvc\io\ioss\ioioss.dir\release\vtkiossutilities.obj
d:\cybermed\daddy\dependency\sdk-vtk-9.4.2\build_msvc\io\ioss\ioioss.dir\release\vtkiossfilesscanner.obj
d:\cybermed\daddy\dependency\sdk-vtk-9.4.2\build_msvc\io\ioss\ioioss.dir\release\vtkiosscellgridutilities.obj
d:\cybermed\daddy\dependency\sdk-vtk-9.4.2\build_msvc\io\ioss\ioioss.dir\release\vtkiosscellgridreaderinternal.obj
d:\cybermed\daddy\dependency\sdk-vtk-9.4.2\build_msvc\io\ioss\ioioss.dir\release\vtkiosswriter.obj
d:\cybermed\daddy\dependency\sdk-vtk-9.4.2\build_msvc\io\ioss\ioioss.dir\release\vtkiosscellgridreader.obj
d:\cybermed\daddy\dependency\sdk-vtk-9.4.2\build_msvc\io\ioss\ioioss.dir\release\vtkiossreader.obj
d:\cybermed\daddy\dependency\sdk-vtk-9.4.2\build_msvc\io\ioss\cmakefiles\generate.stamp
d:\cybermed\daddy\dependency\sdk-vtk-9.4.2\build_msvc\bin\release\vtkioioss-9.4.dll
d:\cybermed\daddy\dependency\sdk-vtk-9.4.2\build_msvc\lib\release\vtkioioss-9.4.lib
d:\cybermed\daddy\dependency\sdk-vtk-9.4.2\build_msvc\lib\release\vtkioioss-9.4.exp
d:\cybermed\daddy\dependency\sdk-vtk-9.4.2\build_msvc\io\ioss\ioioss.dir\release\ioioss.tlog\cl.command.1.tlog
d:\cybermed\daddy\dependency\sdk-vtk-9.4.2\build_msvc\io\ioss\ioioss.dir\release\ioioss.tlog\cl.items.tlog
d:\cybermed\daddy\dependency\sdk-vtk-9.4.2\build_msvc\io\ioss\ioioss.dir\release\ioioss.tlog\cl.read.1.tlog
d:\cybermed\daddy\dependency\sdk-vtk-9.4.2\build_msvc\io\ioss\ioioss.dir\release\ioioss.tlog\cl.write.1.tlog
d:\cybermed\daddy\dependency\sdk-vtk-9.4.2\build_msvc\io\ioss\ioioss.dir\release\ioioss.tlog\custombuild.command.1.tlog
d:\cybermed\daddy\dependency\sdk-vtk-9.4.2\build_msvc\io\ioss\ioioss.dir\release\ioioss.tlog\custombuild.read.1.tlog
d:\cybermed\daddy\dependency\sdk-vtk-9.4.2\build_msvc\io\ioss\ioioss.dir\release\ioioss.tlog\custombuild.write.1.tlog
d:\cybermed\daddy\dependency\sdk-vtk-9.4.2\build_msvc\io\ioss\ioioss.dir\release\ioioss.tlog\link.command.1.tlog
d:\cybermed\daddy\dependency\sdk-vtk-9.4.2\build_msvc\io\ioss\ioioss.dir\release\ioioss.tlog\link.read.1.tlog
d:\cybermed\daddy\dependency\sdk-vtk-9.4.2\build_msvc\io\ioss\ioioss.dir\release\ioioss.tlog\link.secondary.1.tlog
d:\cybermed\daddy\dependency\sdk-vtk-9.4.2\build_msvc\io\ioss\ioioss.dir\release\ioioss.tlog\link.write.1.tlog
