d:\cybermed\daddy\dependency\sdk-vtk-9.4.2\build_msvc\lib\debug\vtkimagingcolor-9.4d.pdb
d:\cybermed\daddy\dependency\sdk-vtk-9.4.2\build_msvc\imaging\color\imagingcolor.dir\debug\vtkimageyiqtorgb.obj
d:\cybermed\daddy\dependency\sdk-vtk-9.4.2\build_msvc\imaging\color\imagingcolor.dir\debug\vtkimagexyztolab.obj
d:\cybermed\daddy\dependency\sdk-vtk-9.4.2\build_msvc\imaging\color\imagingcolor.dir\debug\vtkimagergbtoyiq.obj
d:\cybermed\daddy\dependency\sdk-vtk-9.4.2\build_msvc\imaging\color\imagingcolor.dir\debug\vtkimagergbtoxyz.obj
d:\cybermed\daddy\dependency\sdk-vtk-9.4.2\build_msvc\imaging\color\imagingcolor.dir\debug\vtkimagergbtohsv.obj
d:\cybermed\daddy\dependency\sdk-vtk-9.4.2\build_msvc\imaging\color\imagingcolor.dir\debug\vtkimagergbtohsi.obj
d:\cybermed\daddy\dependency\sdk-vtk-9.4.2\build_msvc\imaging\color\imagingcolor.dir\debug\vtkimagequantizergbtoindex.obj
d:\cybermed\daddy\dependency\sdk-vtk-9.4.2\build_msvc\imaging\color\imagingcolor.dir\debug\vtkimagemaptowindowlevelcolors.obj
d:\cybermed\daddy\dependency\sdk-vtk-9.4.2\build_msvc\imaging\color\imagingcolor.dir\debug\vtkimagemaptorgba.obj
d:\cybermed\daddy\dependency\sdk-vtk-9.4.2\build_msvc\imaging\color\imagingcolor.dir\debug\vtkimageluminance.obj
d:\cybermed\daddy\dependency\sdk-vtk-9.4.2\build_msvc\imaging\color\imagingcolor.dir\debug\vtkimagehsvtorgb.obj
d:\cybermed\daddy\dependency\sdk-vtk-9.4.2\build_msvc\imaging\color\imagingcolor.dir\debug\vtkimagehsitorgb.obj
d:\cybermed\daddy\dependency\sdk-vtk-9.4.2\build_msvc\imaging\color\imagingcolor.dir\debug\vc143.pdb
d:\cybermed\daddy\dependency\sdk-vtk-9.4.2\build_msvc\imaging\color\cmakefiles\generate.stamp
d:\cybermed\daddy\dependency\sdk-vtk-9.4.2\build_msvc\lib\debug\vtkimagingcolor-9.4d.lib
d:\cybermed\daddy\dependency\sdk-vtk-9.4.2\build_msvc\bin\debug\vtkimagingcolor-9.4d.dll
d:\cybermed\daddy\dependency\sdk-vtk-9.4.2\build_msvc\bin\debug\vtkimagingcolor-9.4d.pdb
d:\cybermed\daddy\dependency\sdk-vtk-9.4.2\build_msvc\lib\debug\vtkimagingcolor-9.4d.exp
d:\cybermed\daddy\dependency\sdk-vtk-9.4.2\build_msvc\imaging\color\imagingcolor.dir\debug\vtkimagingcolor-9.4d.ilk
d:\cybermed\daddy\dependency\sdk-vtk-9.4.2\build_msvc\imaging\color\imagingcolor.dir\debug\imagingcolor.tlog\cl.command.1.tlog
d:\cybermed\daddy\dependency\sdk-vtk-9.4.2\build_msvc\imaging\color\imagingcolor.dir\debug\imagingcolor.tlog\cl.items.tlog
d:\cybermed\daddy\dependency\sdk-vtk-9.4.2\build_msvc\imaging\color\imagingcolor.dir\debug\imagingcolor.tlog\cl.read.1.tlog
d:\cybermed\daddy\dependency\sdk-vtk-9.4.2\build_msvc\imaging\color\imagingcolor.dir\debug\imagingcolor.tlog\cl.write.1.tlog
d:\cybermed\daddy\dependency\sdk-vtk-9.4.2\build_msvc\imaging\color\imagingcolor.dir\debug\imagingcolor.tlog\custombuild.command.1.tlog
d:\cybermed\daddy\dependency\sdk-vtk-9.4.2\build_msvc\imaging\color\imagingcolor.dir\debug\imagingcolor.tlog\custombuild.read.1.tlog
d:\cybermed\daddy\dependency\sdk-vtk-9.4.2\build_msvc\imaging\color\imagingcolor.dir\debug\imagingcolor.tlog\custombuild.write.1.tlog
d:\cybermed\daddy\dependency\sdk-vtk-9.4.2\build_msvc\imaging\color\imagingcolor.dir\debug\imagingcolor.tlog\lib-link.read.1.tlog
d:\cybermed\daddy\dependency\sdk-vtk-9.4.2\build_msvc\imaging\color\imagingcolor.dir\debug\imagingcolor.tlog\lib-link.write.1.tlog
d:\cybermed\daddy\dependency\sdk-vtk-9.4.2\build_msvc\imaging\color\imagingcolor.dir\debug\imagingcolor.tlog\lib.command.1.tlog
d:\cybermed\daddy\dependency\sdk-vtk-9.4.2\build_msvc\imaging\color\imagingcolor.dir\debug\imagingcolor.tlog\link.command.1.tlog
d:\cybermed\daddy\dependency\sdk-vtk-9.4.2\build_msvc\imaging\color\imagingcolor.dir\debug\imagingcolor.tlog\link.read.1.tlog
d:\cybermed\daddy\dependency\sdk-vtk-9.4.2\build_msvc\imaging\color\imagingcolor.dir\debug\imagingcolor.tlog\link.secondary.1.tlog
d:\cybermed\daddy\dependency\sdk-vtk-9.4.2\build_msvc\imaging\color\imagingcolor.dir\debug\imagingcolor.tlog\link.write.1.tlog
