d:\cybermed\daddy\dependency\dcmtk-dcmtk-3.6.8\build_msvc\lib\debug\dcmsr.pdb
d:\cybermed\daddy\dependency\dcmtk-dcmtk-3.6.8\build_msvc\dcmsr\libsrc\dcmsr.dir\debug\dsrdocst.obj
d:\cybermed\daddy\dependency\dcmtk-dcmtk-3.6.8\build_msvc\dcmsr\libsrc\dcmsr.dir\debug\dsrdoc.obj
d:\cybermed\daddy\dependency\dcmtk-dcmtk-3.6.8\build_msvc\dcmsr\libsrc\dcmsr.dir\debug\dsrdnflt.obj
d:\cybermed\daddy\dependency\dcmtk-dcmtk-3.6.8\build_msvc\dcmsr\libsrc\dcmsr.dir\debug\dsrdncsr.obj
d:\cybermed\daddy\dependency\dcmtk-dcmtk-3.6.8\build_msvc\dcmsr\libsrc\dcmsr.dir\debug\dsrdattn.obj
d:\cybermed\daddy\dependency\dcmtk-dcmtk-3.6.8\build_msvc\dcmsr\libsrc\dcmsr.dir\debug\dsrctxgr.obj
d:\cybermed\daddy\dependency\dcmtk-dcmtk-3.6.8\build_msvc\dcmsr\libsrc\dcmsr.dir\debug\dsrctpl.obj
d:\cybermed\daddy\dependency\dcmtk-dcmtk-3.6.8\build_msvc\dcmsr\libsrc\dcmsr.dir\debug\dsrcsidl.obj
d:\cybermed\daddy\dependency\dcmtk-dcmtk-3.6.8\build_msvc\dcmsr\libsrc\dcmsr.dir\debug\dsrcontn.obj
d:\cybermed\daddy\dependency\dcmtk-dcmtk-3.6.8\build_msvc\dcmsr\libsrc\dcmsr.dir\debug\dsrcomvl.obj
d:\cybermed\daddy\dependency\dcmtk-dcmtk-3.6.8\build_msvc\dcmsr\libsrc\dcmsr.dir\debug\dsrcomtn.obj
d:\cybermed\daddy\dependency\dcmtk-dcmtk-3.6.8\build_msvc\dcmsr\libsrc\dcmsr.dir\debug\dsrcomcc.obj
d:\cybermed\daddy\dependency\dcmtk-dcmtk-3.6.8\build_msvc\dcmsr\libsrc\dcmsr.dir\debug\dsrcolcc.obj
d:\cybermed\daddy\dependency\dcmtk-dcmtk-3.6.8\build_msvc\dcmsr\libsrc\dcmsr.dir\debug\dsrcodvl.obj
d:\cybermed\daddy\dependency\dcmtk-dcmtk-3.6.8\build_msvc\dcmsr\libsrc\dcmsr.dir\debug\dsrcodtn.obj
d:\cybermed\daddy\dependency\dcmtk-dcmtk-3.6.8\build_msvc\dcmsr\libsrc\dcmsr.dir\debug\dsrcitem.obj
d:\cybermed\daddy\dependency\dcmtk-dcmtk-3.6.8\build_msvc\dcmsr\libsrc\dcmsr.dir\debug\dsrchecc.obj
d:\cybermed\daddy\dependency\dcmtk-dcmtk-3.6.8\build_msvc\dcmsr\libsrc\dcmsr.dir\debug\dsrc3dcc.obj
d:\cybermed\daddy\dependency\dcmtk-dcmtk-3.6.8\build_msvc\dcmsr\libsrc\dcmsr.dir\debug\dsrbascc.obj
d:\cybermed\daddy\dependency\dcmtk-dcmtk-3.6.8\build_msvc\dcmsr\libsrc\dcmsr.dir\debug\dsracqcc.obj
d:\cybermed\daddy\dependency\dcmtk-dcmtk-3.6.8\build_msvc\dcmsr\libsrc\dcmsr.dir\debug\dsrposcn.obj
d:\cybermed\daddy\dependency\dcmtk-dcmtk-3.6.8\build_msvc\dcmsr\libsrc\dcmsr.dir\debug\dsrpnmtn.obj
d:\cybermed\daddy\dependency\dcmtk-dcmtk-3.6.8\build_msvc\dcmsr\libsrc\dcmsr.dir\debug\dsrplicc.obj
d:\cybermed\daddy\dependency\dcmtk-dcmtk-3.6.8\build_msvc\dcmsr\libsrc\dcmsr.dir\debug\dsrpficc.obj
d:\cybermed\daddy\dependency\dcmtk-dcmtk-3.6.8\build_msvc\dcmsr\libsrc\dcmsr.dir\debug\dsrnumvl.obj
d:\cybermed\daddy\dependency\dcmtk-dcmtk-3.6.8\build_msvc\dcmsr\libsrc\dcmsr.dir\debug\dsrnumtn.obj
d:\cybermed\daddy\dependency\dcmtk-dcmtk-3.6.8\build_msvc\dcmsr\libsrc\dcmsr.dir\debug\dsrmamcc.obj
d:\cybermed\daddy\dependency\dcmtk-dcmtk-3.6.8\build_msvc\dcmsr\libsrc\dcmsr.dir\debug\dsrmaccc.obj
d:\cybermed\daddy\dependency\dcmtk-dcmtk-3.6.8\build_msvc\dcmsr\libsrc\dcmsr.dir\debug\dsrkeycc.obj
d:\cybermed\daddy\dependency\dcmtk-dcmtk-3.6.8\build_msvc\dcmsr\libsrc\dcmsr.dir\debug\dsritcsr.obj
d:\cybermed\daddy\dependency\dcmtk-dcmtk-3.6.8\build_msvc\dcmsr\libsrc\dcmsr.dir\debug\dsriodcc.obj
d:\cybermed\daddy\dependency\dcmtk-dcmtk-3.6.8\build_msvc\dcmsr\libsrc\dcmsr.dir\debug\dsrimpcc.obj
d:\cybermed\daddy\dependency\dcmtk-dcmtk-3.6.8\build_msvc\dcmsr\libsrc\dcmsr.dir\debug\dsrimgvl.obj
d:\cybermed\daddy\dependency\dcmtk-dcmtk-3.6.8\build_msvc\dcmsr\libsrc\dcmsr.dir\debug\dsrimgtn.obj
d:\cybermed\daddy\dependency\dcmtk-dcmtk-3.6.8\build_msvc\dcmsr\libsrc\dcmsr.dir\debug\dsrimgse.obj
d:\cybermed\daddy\dependency\dcmtk-dcmtk-3.6.8\build_msvc\dcmsr\libsrc\dcmsr.dir\debug\dsrimgfr.obj
d:\cybermed\daddy\dependency\dcmtk-dcmtk-3.6.8\build_msvc\dcmsr\libsrc\dcmsr.dir\debug\dsrenhcc.obj
d:\cybermed\daddy\dependency\dcmtk-dcmtk-3.6.8\build_msvc\dcmsr\libsrc\dcmsr.dir\debug\dsrdtitn.obj
d:\cybermed\daddy\dependency\dcmtk-dcmtk-3.6.8\build_msvc\dcmsr\libsrc\dcmsr.dir\debug\dsrdoctr.obj
d:\cybermed\daddy\dependency\dcmtk-dcmtk-3.6.8\build_msvc\dcmsr\libsrc\dcmsr.dir\debug\dsrdoctn.obj
d:\cybermed\daddy\dependency\dcmtk-dcmtk-3.6.8\build_msvc\dcmsr\libsrc\dcmsr.dir\debug\dsrtcosp.obj
d:\cybermed\daddy\dependency\dcmtk-dcmtk-3.6.8\build_msvc\dcmsr\libsrc\dcmsr.dir\debug\dsrtcodt.obj
d:\cybermed\daddy\dependency\dcmtk-dcmtk-3.6.8\build_msvc\dcmsr\libsrc\dcmsr.dir\debug\dsrstrvl.obj
d:\cybermed\daddy\dependency\dcmtk-dcmtk-3.6.8\build_msvc\dcmsr\libsrc\dcmsr.dir\debug\dsrstpl.obj
d:\cybermed\daddy\dependency\dcmtk-dcmtk-3.6.8\build_msvc\dcmsr\libsrc\dcmsr.dir\debug\dsrspecc.obj
d:\cybermed\daddy\dependency\dcmtk-dcmtk-3.6.8\build_msvc\dcmsr\libsrc\dcmsr.dir\debug\dsrsoprf.obj
d:\cybermed\daddy\dependency\dcmtk-dcmtk-3.6.8\build_msvc\dcmsr\libsrc\dcmsr.dir\debug\dsrscovl.obj
d:\cybermed\daddy\dependency\dcmtk-dcmtk-3.6.8\build_msvc\dcmsr\libsrc\dcmsr.dir\debug\dsrscotn.obj
d:\cybermed\daddy\dependency\dcmtk-dcmtk-3.6.8\build_msvc\dcmsr\libsrc\dcmsr.dir\debug\dsrscogr.obj
d:\cybermed\daddy\dependency\dcmtk-dcmtk-3.6.8\build_msvc\dcmsr\libsrc\dcmsr.dir\debug\dsrsc3vl.obj
d:\cybermed\daddy\dependency\dcmtk-dcmtk-3.6.8\build_msvc\dcmsr\libsrc\dcmsr.dir\debug\dsrsc3tn.obj
d:\cybermed\daddy\dependency\dcmtk-dcmtk-3.6.8\build_msvc\dcmsr\libsrc\dcmsr.dir\debug\dsrsc3gr.obj
d:\cybermed\daddy\dependency\dcmtk-dcmtk-3.6.8\build_msvc\dcmsr\libsrc\dcmsr.dir\debug\dsrsaecc.obj
d:\cybermed\daddy\dependency\dcmtk-dcmtk-3.6.8\build_msvc\dcmsr\libsrc\dcmsr.dir\debug\dsrrtpl.obj
d:\cybermed\daddy\dependency\dcmtk-dcmtk-3.6.8\build_msvc\dcmsr\libsrc\dcmsr.dir\debug\dsrrsdcc.obj
d:\cybermed\daddy\dependency\dcmtk-dcmtk-3.6.8\build_msvc\dcmsr\libsrc\dcmsr.dir\debug\dsrrrdcc.obj
d:\cybermed\daddy\dependency\dcmtk-dcmtk-3.6.8\build_msvc\dcmsr\libsrc\dcmsr.dir\debug\dsrreftn.obj
d:\cybermed\daddy\dependency\dcmtk-dcmtk-3.6.8\build_msvc\dcmsr\libsrc\dcmsr.dir\debug\dsrrefin.obj
d:\cybermed\daddy\dependency\dcmtk-dcmtk-3.6.8\build_msvc\dcmsr\libsrc\dcmsr.dir\debug\dsrprocc.obj
d:\cybermed\daddy\dependency\dcmtk-dcmtk-3.6.8\build_msvc\dcmsr\libsrc\dcmsr.dir\debug\dsrprdcc.obj
d:\cybermed\daddy\dependency\dcmtk-dcmtk-3.6.8\build_msvc\dcmsr\libsrc\dcmsr.dir\debug\dsrxrdcc.obj
d:\cybermed\daddy\dependency\dcmtk-dcmtk-3.6.8\build_msvc\dcmsr\libsrc\dcmsr.dir\debug\dsrxmld.obj
d:\cybermed\daddy\dependency\dcmtk-dcmtk-3.6.8\build_msvc\dcmsr\libsrc\dcmsr.dir\debug\dsrxmlc.obj
d:\cybermed\daddy\dependency\dcmtk-dcmtk-3.6.8\build_msvc\dcmsr\libsrc\dcmsr.dir\debug\dsrwavvl.obj
d:\cybermed\daddy\dependency\dcmtk-dcmtk-3.6.8\build_msvc\dcmsr\libsrc\dcmsr.dir\debug\dsrwavtn.obj
d:\cybermed\daddy\dependency\dcmtk-dcmtk-3.6.8\build_msvc\dcmsr\libsrc\dcmsr.dir\debug\dsrwavch.obj
d:\cybermed\daddy\dependency\dcmtk-dcmtk-3.6.8\build_msvc\dcmsr\libsrc\dcmsr.dir\debug\dsruidtn.obj
d:\cybermed\daddy\dependency\dcmtk-dcmtk-3.6.8\build_msvc\dcmsr\libsrc\dcmsr.dir\debug\dsrtypes.obj
d:\cybermed\daddy\dependency\dcmtk-dcmtk-3.6.8\build_msvc\dcmsr\libsrc\dcmsr.dir\debug\dsrtree.obj
d:\cybermed\daddy\dependency\dcmtk-dcmtk-3.6.8\build_msvc\dcmsr\libsrc\dcmsr.dir\debug\dsrtpltn.obj
d:\cybermed\daddy\dependency\dcmtk-dcmtk-3.6.8\build_msvc\dcmsr\libsrc\dcmsr.dir\debug\dsrtimtn.obj
d:\cybermed\daddy\dependency\dcmtk-dcmtk-3.6.8\build_msvc\dcmsr\libsrc\dcmsr.dir\debug\dsrtextn.obj
d:\cybermed\daddy\dependency\dcmtk-dcmtk-3.6.8\build_msvc\dcmsr\libsrc\dcmsr.dir\debug\dsrtcovl.obj
d:\cybermed\daddy\dependency\dcmtk-dcmtk-3.6.8\build_msvc\dcmsr\libsrc\dcmsr.dir\debug\dsrtcoto.obj
d:\cybermed\daddy\dependency\dcmtk-dcmtk-3.6.8\build_msvc\dcmsr\libsrc\dcmsr.dir\debug\dsrtcotn.obj
d:\cybermed\daddy\dependency\dcmtk-dcmtk-3.6.8\build_msvc\dcmsr\libsrc\dcmsr.dir\debug\vc143.pdb
d:\cybermed\daddy\dependency\dcmtk-dcmtk-3.6.8\build_msvc\dcmsr\libsrc\cmakefiles\generate.stamp
d:\cybermed\daddy\dependency\dcmtk-dcmtk-3.6.8\build_msvc\lib\debug\dcmsr.lib
d:\cybermed\daddy\dependency\dcmtk-dcmtk-3.6.8\build_msvc\bin\debug\dcmsr.dll
d:\cybermed\daddy\dependency\dcmtk-dcmtk-3.6.8\build_msvc\bin\debug\dcmsr.pdb
d:\cybermed\daddy\dependency\dcmtk-dcmtk-3.6.8\build_msvc\lib\debug\dcmsr.exp
d:\cybermed\daddy\dependency\dcmtk-dcmtk-3.6.8\build_msvc\dcmsr\libsrc\dcmsr.dir\debug\dcmsr.ilk
d:\cybermed\daddy\dependency\dcmtk-dcmtk-3.6.8\build_msvc\dcmsr\libsrc\dcmsr.dir\debug\dcmsr.tlog\cl.command.1.tlog
d:\cybermed\daddy\dependency\dcmtk-dcmtk-3.6.8\build_msvc\dcmsr\libsrc\dcmsr.dir\debug\dcmsr.tlog\cl.items.tlog
d:\cybermed\daddy\dependency\dcmtk-dcmtk-3.6.8\build_msvc\dcmsr\libsrc\dcmsr.dir\debug\dcmsr.tlog\cl.read.1.tlog
d:\cybermed\daddy\dependency\dcmtk-dcmtk-3.6.8\build_msvc\dcmsr\libsrc\dcmsr.dir\debug\dcmsr.tlog\cl.write.1.tlog
d:\cybermed\daddy\dependency\dcmtk-dcmtk-3.6.8\build_msvc\dcmsr\libsrc\dcmsr.dir\debug\dcmsr.tlog\custombuild.command.1.tlog
d:\cybermed\daddy\dependency\dcmtk-dcmtk-3.6.8\build_msvc\dcmsr\libsrc\dcmsr.dir\debug\dcmsr.tlog\custombuild.read.1.tlog
d:\cybermed\daddy\dependency\dcmtk-dcmtk-3.6.8\build_msvc\dcmsr\libsrc\dcmsr.dir\debug\dcmsr.tlog\custombuild.write.1.tlog
d:\cybermed\daddy\dependency\dcmtk-dcmtk-3.6.8\build_msvc\dcmsr\libsrc\dcmsr.dir\debug\dcmsr.tlog\lib-link.read.1.tlog
d:\cybermed\daddy\dependency\dcmtk-dcmtk-3.6.8\build_msvc\dcmsr\libsrc\dcmsr.dir\debug\dcmsr.tlog\lib-link.write.1.tlog
d:\cybermed\daddy\dependency\dcmtk-dcmtk-3.6.8\build_msvc\dcmsr\libsrc\dcmsr.dir\debug\dcmsr.tlog\lib.command.1.tlog
d:\cybermed\daddy\dependency\dcmtk-dcmtk-3.6.8\build_msvc\dcmsr\libsrc\dcmsr.dir\debug\dcmsr.tlog\link.command.1.tlog
d:\cybermed\daddy\dependency\dcmtk-dcmtk-3.6.8\build_msvc\dcmsr\libsrc\dcmsr.dir\debug\dcmsr.tlog\link.read.1.tlog
d:\cybermed\daddy\dependency\dcmtk-dcmtk-3.6.8\build_msvc\dcmsr\libsrc\dcmsr.dir\debug\dcmsr.tlog\link.secondary.1.tlog
d:\cybermed\daddy\dependency\dcmtk-dcmtk-3.6.8\build_msvc\dcmsr\libsrc\dcmsr.dir\debug\dcmsr.tlog\link.write.1.tlog
