d:\cybermed\daddy\dependency\sdk-vtk-9.4.2\build_msvc\io\cgns\iocgnsreader.dir\release\vtkfileserieshelper.obj
d:\cybermed\daddy\dependency\sdk-vtk-9.4.2\build_msvc\io\cgns\iocgnsreader.dir\release\vtkcgnsreaderinternal.obj
d:\cybermed\daddy\dependency\sdk-vtk-9.4.2\build_msvc\io\cgns\iocgnsreader.dir\release\cgio_helpers.obj
d:\cybermed\daddy\dependency\sdk-vtk-9.4.2\build_msvc\io\cgns\iocgnsreader.dir\release\vtkconvergecfdcgnsreader.obj
d:\cybermed\daddy\dependency\sdk-vtk-9.4.2\build_msvc\io\cgns\iocgnsreader.dir\release\vtkcgnsreader.obj
d:\cybermed\daddy\dependency\sdk-vtk-9.4.2\build_msvc\io\cgns\iocgnsreader.dir\release\vtkcgnsfileseriesreader.obj
d:\cybermed\daddy\dependency\sdk-vtk-9.4.2\build_msvc\io\cgns\cmakefiles\generate.stamp
d:\cybermed\daddy\dependency\sdk-vtk-9.4.2\build_msvc\bin\release\vtkiocgnsreader-9.4.dll
d:\cybermed\daddy\dependency\sdk-vtk-9.4.2\build_msvc\lib\release\vtkiocgnsreader-9.4.lib
d:\cybermed\daddy\dependency\sdk-vtk-9.4.2\build_msvc\lib\release\vtkiocgnsreader-9.4.exp
d:\cybermed\daddy\dependency\sdk-vtk-9.4.2\build_msvc\io\cgns\iocgnsreader.dir\release\iocgnsreader.tlog\cl.command.1.tlog
d:\cybermed\daddy\dependency\sdk-vtk-9.4.2\build_msvc\io\cgns\iocgnsreader.dir\release\iocgnsreader.tlog\cl.items.tlog
d:\cybermed\daddy\dependency\sdk-vtk-9.4.2\build_msvc\io\cgns\iocgnsreader.dir\release\iocgnsreader.tlog\cl.read.1.tlog
d:\cybermed\daddy\dependency\sdk-vtk-9.4.2\build_msvc\io\cgns\iocgnsreader.dir\release\iocgnsreader.tlog\cl.write.1.tlog
d:\cybermed\daddy\dependency\sdk-vtk-9.4.2\build_msvc\io\cgns\iocgnsreader.dir\release\iocgnsreader.tlog\custombuild.command.1.tlog
d:\cybermed\daddy\dependency\sdk-vtk-9.4.2\build_msvc\io\cgns\iocgnsreader.dir\release\iocgnsreader.tlog\custombuild.read.1.tlog
d:\cybermed\daddy\dependency\sdk-vtk-9.4.2\build_msvc\io\cgns\iocgnsreader.dir\release\iocgnsreader.tlog\custombuild.write.1.tlog
d:\cybermed\daddy\dependency\sdk-vtk-9.4.2\build_msvc\io\cgns\iocgnsreader.dir\release\iocgnsreader.tlog\link.command.1.tlog
d:\cybermed\daddy\dependency\sdk-vtk-9.4.2\build_msvc\io\cgns\iocgnsreader.dir\release\iocgnsreader.tlog\link.read.1.tlog
d:\cybermed\daddy\dependency\sdk-vtk-9.4.2\build_msvc\io\cgns\iocgnsreader.dir\release\iocgnsreader.tlog\link.secondary.1.tlog
d:\cybermed\daddy\dependency\sdk-vtk-9.4.2\build_msvc\io\cgns\iocgnsreader.dir\release\iocgnsreader.tlog\link.write.1.tlog
