  Automatic MOC for target GUISupportQt
  Building Custom Rule D:/cybermed/daddy/dependency/sdk-VTK-9.4.2/GUISupport/Qt/CMakeLists.txt
  mocs_compilation_Debug.cpp
  QFilterTreeProxyModel.cxx
  QVTKApplication.cxx
  QVTKInteractor.cxx
  QVTKInteractorAdapter.cxx
  QVTKOpenGLNativeWidget.cxx
  QVTKOpenGLStereoWidget.cxx
  QVTKOpenGLWindow.cxx
  QVTKRenderWindowAdapter.cxx
  QVTKTableModelAdapter.cxx
  vtkEventQtSlotConnect.cxx
  vtkQWidgetRepresentation.cxx
  vtkQWidgetTexture.cxx
  vtkQWidgetWidget.cxx
  vtkQtAbstractModelAdapter.cxx
  vtkQtAnnotationLayersModelAdapter.cxx
  vtkQtConnection.cxx
  vtkQtDebugLeaksModel.cxx
  vtkQtDebugLeaksView.cxx
  vtkQtTableModelAdapter.cxx
  코드를 생성하고 있습니다...
  컴파일하고 있습니다...
  vtkQtTreeModelAdapter.cxx
  코드를 생성하고 있습니다...
     D:/cybermed/daddy/dependency/sdk-VTK-9.4.2/build_msvc/lib/Debug/vtkGUISupportQt-9.4d.lib 라이브러리 및 D:/cybermed/daddy/dependency/sdk-VTK-9.4.2/build_msvc/lib/Debug/vtkGUISupportQt-9.4d.exp 개체를 생성하고 있습니다.
  GUISupportQt.vcxproj -> D:\cybermed\daddy\dependency\sdk-VTK-9.4.2\build_msvc\bin\Debug\vtkGUISupportQt-9.4d.dll
