d:\cybermed\daddy\dependency\sdk-vtk-9.4.2\build_msvc\lib\debug\vtkguisupportqt-9.4d.pdb
d:\cybermed\daddy\dependency\sdk-vtk-9.4.2\build_msvc\guisupport\qt\guisupportqt.dir\debug\vtkqttablemodeladapter.obj
d:\cybermed\daddy\dependency\sdk-vtk-9.4.2\build_msvc\guisupport\qt\guisupportqt.dir\debug\vtkqtdebugleaksview.obj
d:\cybermed\daddy\dependency\sdk-vtk-9.4.2\build_msvc\guisupport\qt\guisupportqt.dir\debug\vtkqtdebugleaksmodel.obj
d:\cybermed\daddy\dependency\sdk-vtk-9.4.2\build_msvc\guisupport\qt\guisupportqt.dir\debug\vtkqtconnection.obj
d:\cybermed\daddy\dependency\sdk-vtk-9.4.2\build_msvc\guisupport\qt\guisupportqt.dir\debug\vtkqtannotationlayersmodeladapter.obj
d:\cybermed\daddy\dependency\sdk-vtk-9.4.2\build_msvc\guisupport\qt\guisupportqt.dir\debug\vtkqtabstractmodeladapter.obj
d:\cybermed\daddy\dependency\sdk-vtk-9.4.2\build_msvc\guisupport\qt\guisupportqt.dir\debug\vtkqwidgetwidget.obj
d:\cybermed\daddy\dependency\sdk-vtk-9.4.2\build_msvc\guisupport\qt\guisupportqt.dir\debug\vtkqwidgettexture.obj
d:\cybermed\daddy\dependency\sdk-vtk-9.4.2\build_msvc\guisupport\qt\guisupportqt.dir\debug\vtkqwidgetrepresentation.obj
d:\cybermed\daddy\dependency\sdk-vtk-9.4.2\build_msvc\guisupport\qt\guisupportqt.dir\debug\vtkeventqtslotconnect.obj
d:\cybermed\daddy\dependency\sdk-vtk-9.4.2\build_msvc\guisupport\qt\guisupportqt.dir\debug\qvtktablemodeladapter.obj
d:\cybermed\daddy\dependency\sdk-vtk-9.4.2\build_msvc\guisupport\qt\guisupportqt.dir\debug\qvtkrenderwindowadapter.obj
d:\cybermed\daddy\dependency\sdk-vtk-9.4.2\build_msvc\guisupport\qt\guisupportqt.dir\debug\qvtkopenglwindow.obj
d:\cybermed\daddy\dependency\sdk-vtk-9.4.2\build_msvc\guisupport\qt\guisupportqt.dir\debug\qvtkopenglstereowidget.obj
d:\cybermed\daddy\dependency\sdk-vtk-9.4.2\build_msvc\guisupport\qt\guisupportqt.dir\debug\qvtkopenglnativewidget.obj
d:\cybermed\daddy\dependency\sdk-vtk-9.4.2\build_msvc\guisupport\qt\guisupportqt.dir\debug\qvtkinteractoradapter.obj
d:\cybermed\daddy\dependency\sdk-vtk-9.4.2\build_msvc\guisupport\qt\guisupportqt.dir\debug\qvtkinteractor.obj
d:\cybermed\daddy\dependency\sdk-vtk-9.4.2\build_msvc\guisupport\qt\guisupportqt.dir\debug\qvtkapplication.obj
d:\cybermed\daddy\dependency\sdk-vtk-9.4.2\build_msvc\guisupport\qt\guisupportqt.dir\debug\qfiltertreeproxymodel.obj
d:\cybermed\daddy\dependency\sdk-vtk-9.4.2\build_msvc\guisupport\qt\guisupportqt.dir\debug\mocs_compilation_debug.obj
d:\cybermed\daddy\dependency\sdk-vtk-9.4.2\build_msvc\guisupport\qt\guisupportqt.dir\debug\vtkqttreemodeladapter.obj
d:\cybermed\daddy\dependency\sdk-vtk-9.4.2\build_msvc\guisupport\qt\guisupportqt.dir\debug\vc143.pdb
d:\cybermed\daddy\dependency\sdk-vtk-9.4.2\build_msvc\guisupport\qt\cmakefiles\generate.stamp
d:\cybermed\daddy\dependency\sdk-vtk-9.4.2\build_msvc\lib\debug\vtkguisupportqt-9.4d.lib
d:\cybermed\daddy\dependency\sdk-vtk-9.4.2\build_msvc\bin\debug\vtkguisupportqt-9.4d.dll
d:\cybermed\daddy\dependency\sdk-vtk-9.4.2\build_msvc\bin\debug\vtkguisupportqt-9.4d.pdb
d:\cybermed\daddy\dependency\sdk-vtk-9.4.2\build_msvc\lib\debug\vtkguisupportqt-9.4d.exp
d:\cybermed\daddy\dependency\sdk-vtk-9.4.2\build_msvc\guisupport\qt\guisupportqt.dir\debug\vtkguisupportqt-9.4d.ilk
d:\cybermed\daddy\dependency\sdk-vtk-9.4.2\build_msvc\guisupport\qt\guisupportqt.dir\debug\guisupportqt.tlog\cl.command.1.tlog
d:\cybermed\daddy\dependency\sdk-vtk-9.4.2\build_msvc\guisupport\qt\guisupportqt.dir\debug\guisupportqt.tlog\cl.items.tlog
d:\cybermed\daddy\dependency\sdk-vtk-9.4.2\build_msvc\guisupport\qt\guisupportqt.dir\debug\guisupportqt.tlog\cl.read.1.tlog
d:\cybermed\daddy\dependency\sdk-vtk-9.4.2\build_msvc\guisupport\qt\guisupportqt.dir\debug\guisupportqt.tlog\cl.write.1.tlog
d:\cybermed\daddy\dependency\sdk-vtk-9.4.2\build_msvc\guisupport\qt\guisupportqt.dir\debug\guisupportqt.tlog\custombuild.command.1.tlog
d:\cybermed\daddy\dependency\sdk-vtk-9.4.2\build_msvc\guisupport\qt\guisupportqt.dir\debug\guisupportqt.tlog\custombuild.read.1.tlog
d:\cybermed\daddy\dependency\sdk-vtk-9.4.2\build_msvc\guisupport\qt\guisupportqt.dir\debug\guisupportqt.tlog\custombuild.write.1.tlog
d:\cybermed\daddy\dependency\sdk-vtk-9.4.2\build_msvc\guisupport\qt\guisupportqt.dir\debug\guisupportqt.tlog\lib-link.read.1.tlog
d:\cybermed\daddy\dependency\sdk-vtk-9.4.2\build_msvc\guisupport\qt\guisupportqt.dir\debug\guisupportqt.tlog\lib-link.write.1.tlog
d:\cybermed\daddy\dependency\sdk-vtk-9.4.2\build_msvc\guisupport\qt\guisupportqt.dir\debug\guisupportqt.tlog\lib.command.1.tlog
d:\cybermed\daddy\dependency\sdk-vtk-9.4.2\build_msvc\guisupport\qt\guisupportqt.dir\debug\guisupportqt.tlog\link.command.1.tlog
d:\cybermed\daddy\dependency\sdk-vtk-9.4.2\build_msvc\guisupport\qt\guisupportqt.dir\debug\guisupportqt.tlog\link.read.1.tlog
d:\cybermed\daddy\dependency\sdk-vtk-9.4.2\build_msvc\guisupport\qt\guisupportqt.dir\debug\guisupportqt.tlog\link.secondary.1.tlog
d:\cybermed\daddy\dependency\sdk-vtk-9.4.2\build_msvc\guisupport\qt\guisupportqt.dir\debug\guisupportqt.tlog\link.write.1.tlog
