d:\cybermed\daddy\dependency\sdk-vtk-9.4.2\build_msvc\lib\debug\vtklibxml2-9.4d.pdb
d:\cybermed\daddy\dependency\sdk-vtk-9.4.2\build_msvc\thirdparty\libxml2\vtklibxml2\libxml2.dir\debug\pattern.obj
d:\cybermed\daddy\dependency\sdk-vtk-9.4.2\build_msvc\thirdparty\libxml2\vtklibxml2\libxml2.dir\debug\parserinternals.obj
d:\cybermed\daddy\dependency\sdk-vtk-9.4.2\build_msvc\thirdparty\libxml2\vtklibxml2\libxml2.dir\debug\parser.obj
d:\cybermed\daddy\dependency\sdk-vtk-9.4.2\build_msvc\thirdparty\libxml2\vtklibxml2\libxml2.dir\debug\nanohttp.obj
d:\cybermed\daddy\dependency\sdk-vtk-9.4.2\build_msvc\thirdparty\libxml2\vtklibxml2\libxml2.dir\debug\nanoftp.obj
d:\cybermed\daddy\dependency\sdk-vtk-9.4.2\build_msvc\thirdparty\libxml2\vtklibxml2\libxml2.dir\debug\list.obj
d:\cybermed\daddy\dependency\sdk-vtk-9.4.2\build_msvc\thirdparty\libxml2\vtklibxml2\libxml2.dir\debug\legacy.obj
d:\cybermed\daddy\dependency\sdk-vtk-9.4.2\build_msvc\thirdparty\libxml2\vtklibxml2\libxml2.dir\debug\htmltree.obj
d:\cybermed\daddy\dependency\sdk-vtk-9.4.2\build_msvc\thirdparty\libxml2\vtklibxml2\libxml2.dir\debug\htmlparser.obj
d:\cybermed\daddy\dependency\sdk-vtk-9.4.2\build_msvc\thirdparty\libxml2\vtklibxml2\libxml2.dir\debug\hash.obj
d:\cybermed\daddy\dependency\sdk-vtk-9.4.2\build_msvc\thirdparty\libxml2\vtklibxml2\libxml2.dir\debug\globals.obj
d:\cybermed\daddy\dependency\sdk-vtk-9.4.2\build_msvc\thirdparty\libxml2\vtklibxml2\libxml2.dir\debug\error.obj
d:\cybermed\daddy\dependency\sdk-vtk-9.4.2\build_msvc\thirdparty\libxml2\vtklibxml2\libxml2.dir\debug\entities.obj
d:\cybermed\daddy\dependency\sdk-vtk-9.4.2\build_msvc\thirdparty\libxml2\vtklibxml2\libxml2.dir\debug\encoding.obj
d:\cybermed\daddy\dependency\sdk-vtk-9.4.2\build_msvc\thirdparty\libxml2\vtklibxml2\libxml2.dir\debug\dict.obj
d:\cybermed\daddy\dependency\sdk-vtk-9.4.2\build_msvc\thirdparty\libxml2\vtklibxml2\libxml2.dir\debug\debugxml.obj
d:\cybermed\daddy\dependency\sdk-vtk-9.4.2\build_msvc\thirdparty\libxml2\vtklibxml2\libxml2.dir\debug\chvalid.obj
d:\cybermed\daddy\dependency\sdk-vtk-9.4.2\build_msvc\thirdparty\libxml2\vtklibxml2\libxml2.dir\debug\catalog.obj
d:\cybermed\daddy\dependency\sdk-vtk-9.4.2\build_msvc\thirdparty\libxml2\vtklibxml2\libxml2.dir\debug\c14n.obj
d:\cybermed\daddy\dependency\sdk-vtk-9.4.2\build_msvc\thirdparty\libxml2\vtklibxml2\libxml2.dir\debug\buf.obj
d:\cybermed\daddy\dependency\sdk-vtk-9.4.2\build_msvc\thirdparty\libxml2\vtklibxml2\libxml2.dir\debug\xmlunicode.obj
d:\cybermed\daddy\dependency\sdk-vtk-9.4.2\build_msvc\thirdparty\libxml2\vtklibxml2\libxml2.dir\debug\xmlstring.obj
d:\cybermed\daddy\dependency\sdk-vtk-9.4.2\build_msvc\thirdparty\libxml2\vtklibxml2\libxml2.dir\debug\xmlschemastypes.obj
d:\cybermed\daddy\dependency\sdk-vtk-9.4.2\build_msvc\thirdparty\libxml2\vtklibxml2\libxml2.dir\debug\xmlschemas.obj
d:\cybermed\daddy\dependency\sdk-vtk-9.4.2\build_msvc\thirdparty\libxml2\vtklibxml2\libxml2.dir\debug\xmlsave.obj
d:\cybermed\daddy\dependency\sdk-vtk-9.4.2\build_msvc\thirdparty\libxml2\vtklibxml2\libxml2.dir\debug\xmlregexp.obj
d:\cybermed\daddy\dependency\sdk-vtk-9.4.2\build_msvc\thirdparty\libxml2\vtklibxml2\libxml2.dir\debug\xmlreader.obj
d:\cybermed\daddy\dependency\sdk-vtk-9.4.2\build_msvc\thirdparty\libxml2\vtklibxml2\libxml2.dir\debug\xmlmodule.obj
d:\cybermed\daddy\dependency\sdk-vtk-9.4.2\build_msvc\thirdparty\libxml2\vtklibxml2\libxml2.dir\debug\xmlmemory.obj
d:\cybermed\daddy\dependency\sdk-vtk-9.4.2\build_msvc\thirdparty\libxml2\vtklibxml2\libxml2.dir\debug\xmlio.obj
d:\cybermed\daddy\dependency\sdk-vtk-9.4.2\build_msvc\thirdparty\libxml2\vtklibxml2\libxml2.dir\debug\xlink.obj
d:\cybermed\daddy\dependency\sdk-vtk-9.4.2\build_msvc\thirdparty\libxml2\vtklibxml2\libxml2.dir\debug\xinclude.obj
d:\cybermed\daddy\dependency\sdk-vtk-9.4.2\build_msvc\thirdparty\libxml2\vtklibxml2\libxml2.dir\debug\valid.obj
d:\cybermed\daddy\dependency\sdk-vtk-9.4.2\build_msvc\thirdparty\libxml2\vtklibxml2\libxml2.dir\debug\uri.obj
d:\cybermed\daddy\dependency\sdk-vtk-9.4.2\build_msvc\thirdparty\libxml2\vtklibxml2\libxml2.dir\debug\tree.obj
d:\cybermed\daddy\dependency\sdk-vtk-9.4.2\build_msvc\thirdparty\libxml2\vtklibxml2\libxml2.dir\debug\threads.obj
d:\cybermed\daddy\dependency\sdk-vtk-9.4.2\build_msvc\thirdparty\libxml2\vtklibxml2\libxml2.dir\debug\schematron.obj
d:\cybermed\daddy\dependency\sdk-vtk-9.4.2\build_msvc\thirdparty\libxml2\vtklibxml2\libxml2.dir\debug\sax2.obj
d:\cybermed\daddy\dependency\sdk-vtk-9.4.2\build_msvc\thirdparty\libxml2\vtklibxml2\libxml2.dir\debug\sax.obj
d:\cybermed\daddy\dependency\sdk-vtk-9.4.2\build_msvc\thirdparty\libxml2\vtklibxml2\libxml2.dir\debug\relaxng.obj
d:\cybermed\daddy\dependency\sdk-vtk-9.4.2\build_msvc\thirdparty\libxml2\vtklibxml2\libxml2.dir\debug\xzlib.obj
d:\cybermed\daddy\dependency\sdk-vtk-9.4.2\build_msvc\thirdparty\libxml2\vtklibxml2\libxml2.dir\debug\xpointer.obj
d:\cybermed\daddy\dependency\sdk-vtk-9.4.2\build_msvc\thirdparty\libxml2\vtklibxml2\libxml2.dir\debug\xpath.obj
d:\cybermed\daddy\dependency\sdk-vtk-9.4.2\build_msvc\thirdparty\libxml2\vtklibxml2\libxml2.dir\debug\xmlwriter.obj
d:\cybermed\daddy\dependency\sdk-vtk-9.4.2\build_msvc\thirdparty\libxml2\vtklibxml2\libxml2.dir\debug\vc143.pdb
d:\cybermed\daddy\dependency\sdk-vtk-9.4.2\build_msvc\thirdparty\libxml2\vtklibxml2\cmakefiles\generate.stamp
d:\cybermed\daddy\dependency\sdk-vtk-9.4.2\build_msvc\lib\debug\vtklibxml2-9.4d.lib
d:\cybermed\daddy\dependency\sdk-vtk-9.4.2\build_msvc\bin\debug\vtklibxml2-9.4d.dll
d:\cybermed\daddy\dependency\sdk-vtk-9.4.2\build_msvc\bin\debug\vtklibxml2-9.4d.pdb
d:\cybermed\daddy\dependency\sdk-vtk-9.4.2\build_msvc\thirdparty\libxml2\vtklibxml2\libxml2.dir\debug\libxml2.res
d:\cybermed\daddy\dependency\sdk-vtk-9.4.2\build_msvc\lib\debug\vtklibxml2-9.4d.exp
d:\cybermed\daddy\dependency\sdk-vtk-9.4.2\build_msvc\thirdparty\libxml2\vtklibxml2\libxml2.dir\debug\vtklibxml2-9.4d.ilk
d:\cybermed\daddy\dependency\sdk-vtk-9.4.2\build_msvc\thirdparty\libxml2\vtklibxml2\libxml2.dir\debug\libxml2.tlog\cl.command.1.tlog
d:\cybermed\daddy\dependency\sdk-vtk-9.4.2\build_msvc\thirdparty\libxml2\vtklibxml2\libxml2.dir\debug\libxml2.tlog\cl.items.tlog
d:\cybermed\daddy\dependency\sdk-vtk-9.4.2\build_msvc\thirdparty\libxml2\vtklibxml2\libxml2.dir\debug\libxml2.tlog\cl.read.1.tlog
d:\cybermed\daddy\dependency\sdk-vtk-9.4.2\build_msvc\thirdparty\libxml2\vtklibxml2\libxml2.dir\debug\libxml2.tlog\cl.write.1.tlog
d:\cybermed\daddy\dependency\sdk-vtk-9.4.2\build_msvc\thirdparty\libxml2\vtklibxml2\libxml2.dir\debug\libxml2.tlog\custombuild.command.1.tlog
d:\cybermed\daddy\dependency\sdk-vtk-9.4.2\build_msvc\thirdparty\libxml2\vtklibxml2\libxml2.dir\debug\libxml2.tlog\custombuild.read.1.tlog
d:\cybermed\daddy\dependency\sdk-vtk-9.4.2\build_msvc\thirdparty\libxml2\vtklibxml2\libxml2.dir\debug\libxml2.tlog\custombuild.write.1.tlog
d:\cybermed\daddy\dependency\sdk-vtk-9.4.2\build_msvc\thirdparty\libxml2\vtklibxml2\libxml2.dir\debug\libxml2.tlog\lib-link-cvtres.read.1.tlog
d:\cybermed\daddy\dependency\sdk-vtk-9.4.2\build_msvc\thirdparty\libxml2\vtklibxml2\libxml2.dir\debug\libxml2.tlog\lib-link-cvtres.write.1.tlog
d:\cybermed\daddy\dependency\sdk-vtk-9.4.2\build_msvc\thirdparty\libxml2\vtklibxml2\libxml2.dir\debug\libxml2.tlog\lib.command.1.tlog
d:\cybermed\daddy\dependency\sdk-vtk-9.4.2\build_msvc\thirdparty\libxml2\vtklibxml2\libxml2.dir\debug\libxml2.tlog\link.command.1.tlog
d:\cybermed\daddy\dependency\sdk-vtk-9.4.2\build_msvc\thirdparty\libxml2\vtklibxml2\libxml2.dir\debug\libxml2.tlog\link.read.1.tlog
d:\cybermed\daddy\dependency\sdk-vtk-9.4.2\build_msvc\thirdparty\libxml2\vtklibxml2\libxml2.dir\debug\libxml2.tlog\link.secondary.1.tlog
d:\cybermed\daddy\dependency\sdk-vtk-9.4.2\build_msvc\thirdparty\libxml2\vtklibxml2\libxml2.dir\debug\libxml2.tlog\link.write.1.tlog
d:\cybermed\daddy\dependency\sdk-vtk-9.4.2\build_msvc\thirdparty\libxml2\vtklibxml2\libxml2.dir\debug\libxml2.tlog\rc.command.1.tlog
d:\cybermed\daddy\dependency\sdk-vtk-9.4.2\build_msvc\thirdparty\libxml2\vtklibxml2\libxml2.dir\debug\libxml2.tlog\rc.read.1.tlog
d:\cybermed\daddy\dependency\sdk-vtk-9.4.2\build_msvc\thirdparty\libxml2\vtklibxml2\libxml2.dir\debug\libxml2.tlog\rc.write.1.tlog
