d:\cybermed\daddy\dependency\sdk-vtk-9.4.2\build_msvc\filters\amr\filtersamr.dir\release\vtkparallelamrutilities.obj
d:\cybermed\daddy\dependency\sdk-vtk-9.4.2\build_msvc\filters\amr\filtersamr.dir\release\vtkimagetoamr.obj
d:\cybermed\daddy\dependency\sdk-vtk-9.4.2\build_msvc\filters\amr\filtersamr.dir\release\vtkamrtomultiblockfilter.obj
d:\cybermed\daddy\dependency\sdk-vtk-9.4.2\build_msvc\filters\amr\filtersamr.dir\release\vtkamrslicefilter.obj
d:\cybermed\daddy\dependency\sdk-vtk-9.4.2\build_msvc\filters\amr\filtersamr.dir\release\vtkamrresamplefilter.obj
d:\cybermed\daddy\dependency\sdk-vtk-9.4.2\build_msvc\filters\amr\filtersamr.dir\release\vtkamrgaussianpulsesource.obj
d:\cybermed\daddy\dependency\sdk-vtk-9.4.2\build_msvc\filters\amr\filtersamr.dir\release\vtkamrcutplane.obj
d:\cybermed\daddy\dependency\sdk-vtk-9.4.2\build_msvc\filters\amr\cmakefiles\generate.stamp
d:\cybermed\daddy\dependency\sdk-vtk-9.4.2\build_msvc\bin\release\vtkfiltersamr-9.4.dll
d:\cybermed\daddy\dependency\sdk-vtk-9.4.2\build_msvc\lib\release\vtkfiltersamr-9.4.lib
d:\cybermed\daddy\dependency\sdk-vtk-9.4.2\build_msvc\lib\release\vtkfiltersamr-9.4.exp
d:\cybermed\daddy\dependency\sdk-vtk-9.4.2\build_msvc\filters\amr\filtersamr.dir\release\filtersamr.tlog\cl.command.1.tlog
d:\cybermed\daddy\dependency\sdk-vtk-9.4.2\build_msvc\filters\amr\filtersamr.dir\release\filtersamr.tlog\cl.items.tlog
d:\cybermed\daddy\dependency\sdk-vtk-9.4.2\build_msvc\filters\amr\filtersamr.dir\release\filtersamr.tlog\cl.read.1.tlog
d:\cybermed\daddy\dependency\sdk-vtk-9.4.2\build_msvc\filters\amr\filtersamr.dir\release\filtersamr.tlog\cl.write.1.tlog
d:\cybermed\daddy\dependency\sdk-vtk-9.4.2\build_msvc\filters\amr\filtersamr.dir\release\filtersamr.tlog\custombuild.command.1.tlog
d:\cybermed\daddy\dependency\sdk-vtk-9.4.2\build_msvc\filters\amr\filtersamr.dir\release\filtersamr.tlog\custombuild.read.1.tlog
d:\cybermed\daddy\dependency\sdk-vtk-9.4.2\build_msvc\filters\amr\filtersamr.dir\release\filtersamr.tlog\custombuild.write.1.tlog
d:\cybermed\daddy\dependency\sdk-vtk-9.4.2\build_msvc\filters\amr\filtersamr.dir\release\filtersamr.tlog\link.command.1.tlog
d:\cybermed\daddy\dependency\sdk-vtk-9.4.2\build_msvc\filters\amr\filtersamr.dir\release\filtersamr.tlog\link.read.1.tlog
d:\cybermed\daddy\dependency\sdk-vtk-9.4.2\build_msvc\filters\amr\filtersamr.dir\release\filtersamr.tlog\link.secondary.1.tlog
d:\cybermed\daddy\dependency\sdk-vtk-9.4.2\build_msvc\filters\amr\filtersamr.dir\release\filtersamr.tlog\link.write.1.tlog
