d:\cybermed\daddy\dependency\sdk-vtk-9.4.2\build_msvc\lib\debug\vtkimagingstencil-9.4d.pdb
d:\cybermed\daddy\dependency\sdk-vtk-9.4.2\build_msvc\imaging\stencil\imagingstencil.dir\debug\vtkroistencilsource.obj
d:\cybermed\daddy\dependency\sdk-vtk-9.4.2\build_msvc\imaging\stencil\imagingstencil.dir\debug\vtkpolydatatoimagestencil.obj
d:\cybermed\daddy\dependency\sdk-vtk-9.4.2\build_msvc\imaging\stencil\imagingstencil.dir\debug\vtklassostencilsource.obj
d:\cybermed\daddy\dependency\sdk-vtk-9.4.2\build_msvc\imaging\stencil\imagingstencil.dir\debug\vtkimplicitfunctiontoimagestencil.obj
d:\cybermed\daddy\dependency\sdk-vtk-9.4.2\build_msvc\imaging\stencil\imagingstencil.dir\debug\vtkimagetoimagestencil.obj
d:\cybermed\daddy\dependency\sdk-vtk-9.4.2\build_msvc\imaging\stencil\imagingstencil.dir\debug\vtkimagestenciltoimage.obj
d:\cybermed\daddy\dependency\sdk-vtk-9.4.2\build_msvc\imaging\stencil\imagingstencil.dir\debug\vtkimagestencil.obj
d:\cybermed\daddy\dependency\sdk-vtk-9.4.2\build_msvc\imaging\stencil\imagingstencil.dir\debug\vc143.pdb
d:\cybermed\daddy\dependency\sdk-vtk-9.4.2\build_msvc\imaging\stencil\cmakefiles\generate.stamp
d:\cybermed\daddy\dependency\sdk-vtk-9.4.2\build_msvc\lib\debug\vtkimagingstencil-9.4d.lib
d:\cybermed\daddy\dependency\sdk-vtk-9.4.2\build_msvc\bin\debug\vtkimagingstencil-9.4d.dll
d:\cybermed\daddy\dependency\sdk-vtk-9.4.2\build_msvc\bin\debug\vtkimagingstencil-9.4d.pdb
d:\cybermed\daddy\dependency\sdk-vtk-9.4.2\build_msvc\lib\debug\vtkimagingstencil-9.4d.exp
d:\cybermed\daddy\dependency\sdk-vtk-9.4.2\build_msvc\imaging\stencil\imagingstencil.dir\debug\vtkimagingstencil-9.4d.ilk
d:\cybermed\daddy\dependency\sdk-vtk-9.4.2\build_msvc\imaging\stencil\imagingstencil.dir\debug\imagingstencil.tlog\cl.command.1.tlog
d:\cybermed\daddy\dependency\sdk-vtk-9.4.2\build_msvc\imaging\stencil\imagingstencil.dir\debug\imagingstencil.tlog\cl.items.tlog
d:\cybermed\daddy\dependency\sdk-vtk-9.4.2\build_msvc\imaging\stencil\imagingstencil.dir\debug\imagingstencil.tlog\cl.read.1.tlog
d:\cybermed\daddy\dependency\sdk-vtk-9.4.2\build_msvc\imaging\stencil\imagingstencil.dir\debug\imagingstencil.tlog\cl.write.1.tlog
d:\cybermed\daddy\dependency\sdk-vtk-9.4.2\build_msvc\imaging\stencil\imagingstencil.dir\debug\imagingstencil.tlog\custombuild.command.1.tlog
d:\cybermed\daddy\dependency\sdk-vtk-9.4.2\build_msvc\imaging\stencil\imagingstencil.dir\debug\imagingstencil.tlog\custombuild.read.1.tlog
d:\cybermed\daddy\dependency\sdk-vtk-9.4.2\build_msvc\imaging\stencil\imagingstencil.dir\debug\imagingstencil.tlog\custombuild.write.1.tlog
d:\cybermed\daddy\dependency\sdk-vtk-9.4.2\build_msvc\imaging\stencil\imagingstencil.dir\debug\imagingstencil.tlog\lib-link.read.1.tlog
d:\cybermed\daddy\dependency\sdk-vtk-9.4.2\build_msvc\imaging\stencil\imagingstencil.dir\debug\imagingstencil.tlog\lib-link.write.1.tlog
d:\cybermed\daddy\dependency\sdk-vtk-9.4.2\build_msvc\imaging\stencil\imagingstencil.dir\debug\imagingstencil.tlog\lib.command.1.tlog
d:\cybermed\daddy\dependency\sdk-vtk-9.4.2\build_msvc\imaging\stencil\imagingstencil.dir\debug\imagingstencil.tlog\link.command.1.tlog
d:\cybermed\daddy\dependency\sdk-vtk-9.4.2\build_msvc\imaging\stencil\imagingstencil.dir\debug\imagingstencil.tlog\link.read.1.tlog
d:\cybermed\daddy\dependency\sdk-vtk-9.4.2\build_msvc\imaging\stencil\imagingstencil.dir\debug\imagingstencil.tlog\link.secondary.1.tlog
d:\cybermed\daddy\dependency\sdk-vtk-9.4.2\build_msvc\imaging\stencil\imagingstencil.dir\debug\imagingstencil.tlog\link.write.1.tlog
