d:\cybermed\daddy\dependency\sdk-vtk-9.4.2\build_msvc\common\math\commonmath.dir\release\vtkreservoirsampler.obj
d:\cybermed\daddy\dependency\sdk-vtk-9.4.2\build_msvc\common\math\commonmath.dir\release\vtkrungekutta45.obj
d:\cybermed\daddy\dependency\sdk-vtk-9.4.2\build_msvc\common\math\commonmath.dir\release\vtkrungekutta4.obj
d:\cybermed\daddy\dependency\sdk-vtk-9.4.2\build_msvc\common\math\commonmath.dir\release\vtkrungekutta2.obj
d:\cybermed\daddy\dependency\sdk-vtk-9.4.2\build_msvc\common\math\commonmath.dir\release\vtkquaternioninterpolator.obj
d:\cybermed\daddy\dependency\sdk-vtk-9.4.2\build_msvc\common\math\commonmath.dir\release\vtkpolynomialsolversunivariate.obj
d:\cybermed\daddy\dependency\sdk-vtk-9.4.2\build_msvc\common\math\commonmath.dir\release\vtkmatrix4x4.obj
d:\cybermed\daddy\dependency\sdk-vtk-9.4.2\build_msvc\common\math\commonmath.dir\release\vtkmatrix3x3.obj
d:\cybermed\daddy\dependency\sdk-vtk-9.4.2\build_msvc\common\math\commonmath.dir\release\vtkinitialvalueproblemsolver.obj
d:\cybermed\daddy\dependency\sdk-vtk-9.4.2\build_msvc\common\math\commonmath.dir\release\vtkfunctionset.obj
d:\cybermed\daddy\dependency\sdk-vtk-9.4.2\build_msvc\common\math\commonmath.dir\release\vtkfft.obj
d:\cybermed\daddy\dependency\sdk-vtk-9.4.2\build_msvc\common\math\commonmath.dir\release\vtkamoebaminimizer.obj
d:\cybermed\daddy\dependency\sdk-vtk-9.4.2\build_msvc\common\math\cmakefiles\generate.stamp
d:\cybermed\daddy\dependency\sdk-vtk-9.4.2\build_msvc\bin\release\vtkcommonmath-9.4.dll
d:\cybermed\daddy\dependency\sdk-vtk-9.4.2\build_msvc\lib\release\vtkcommonmath-9.4.lib
d:\cybermed\daddy\dependency\sdk-vtk-9.4.2\build_msvc\lib\release\vtkcommonmath-9.4.exp
d:\cybermed\daddy\dependency\sdk-vtk-9.4.2\build_msvc\common\math\commonmath.dir\release\commonmath.tlog\cl.command.1.tlog
d:\cybermed\daddy\dependency\sdk-vtk-9.4.2\build_msvc\common\math\commonmath.dir\release\commonmath.tlog\cl.items.tlog
d:\cybermed\daddy\dependency\sdk-vtk-9.4.2\build_msvc\common\math\commonmath.dir\release\commonmath.tlog\cl.read.1.tlog
d:\cybermed\daddy\dependency\sdk-vtk-9.4.2\build_msvc\common\math\commonmath.dir\release\commonmath.tlog\cl.write.1.tlog
d:\cybermed\daddy\dependency\sdk-vtk-9.4.2\build_msvc\common\math\commonmath.dir\release\commonmath.tlog\custombuild.command.1.tlog
d:\cybermed\daddy\dependency\sdk-vtk-9.4.2\build_msvc\common\math\commonmath.dir\release\commonmath.tlog\custombuild.read.1.tlog
d:\cybermed\daddy\dependency\sdk-vtk-9.4.2\build_msvc\common\math\commonmath.dir\release\commonmath.tlog\custombuild.write.1.tlog
d:\cybermed\daddy\dependency\sdk-vtk-9.4.2\build_msvc\common\math\commonmath.dir\release\commonmath.tlog\link.command.1.tlog
d:\cybermed\daddy\dependency\sdk-vtk-9.4.2\build_msvc\common\math\commonmath.dir\release\commonmath.tlog\link.read.1.tlog
d:\cybermed\daddy\dependency\sdk-vtk-9.4.2\build_msvc\common\math\commonmath.dir\release\commonmath.tlog\link.secondary.1.tlog
d:\cybermed\daddy\dependency\sdk-vtk-9.4.2\build_msvc\common\math\commonmath.dir\release\commonmath.tlog\link.write.1.tlog
