d:\cybermed\daddy\dependency\sdk-vtk-9.4.2\build_msvc\filters\generic\filtersgeneric.dir\release\vtkgenericstreamtracer.obj
d:\cybermed\daddy\dependency\sdk-vtk-9.4.2\build_msvc\filters\generic\filtersgeneric.dir\release\vtkgenericprobefilter.obj
d:\cybermed\daddy\dependency\sdk-vtk-9.4.2\build_msvc\filters\generic\filtersgeneric.dir\release\vtkgenericoutlinefilter.obj
d:\cybermed\daddy\dependency\sdk-vtk-9.4.2\build_msvc\filters\generic\filtersgeneric.dir\release\vtkgenericglyph3dfilter.obj
d:\cybermed\daddy\dependency\sdk-vtk-9.4.2\build_msvc\filters\generic\filtersgeneric.dir\release\vtkgenericgeometryfilter.obj
d:\cybermed\daddy\dependency\sdk-vtk-9.4.2\build_msvc\filters\generic\filtersgeneric.dir\release\vtkgenericdatasettessellator.obj
d:\cybermed\daddy\dependency\sdk-vtk-9.4.2\build_msvc\filters\generic\filtersgeneric.dir\release\vtkgenericcutter.obj
d:\cybermed\daddy\dependency\sdk-vtk-9.4.2\build_msvc\filters\generic\filtersgeneric.dir\release\vtkgenericcontourfilter.obj
d:\cybermed\daddy\dependency\sdk-vtk-9.4.2\build_msvc\filters\generic\filtersgeneric.dir\release\vtkgenericclip.obj
d:\cybermed\daddy\dependency\sdk-vtk-9.4.2\build_msvc\filters\generic\cmakefiles\generate.stamp
d:\cybermed\daddy\dependency\sdk-vtk-9.4.2\build_msvc\bin\release\vtkfiltersgeneric-9.4.dll
d:\cybermed\daddy\dependency\sdk-vtk-9.4.2\build_msvc\lib\release\vtkfiltersgeneric-9.4.lib
d:\cybermed\daddy\dependency\sdk-vtk-9.4.2\build_msvc\lib\release\vtkfiltersgeneric-9.4.exp
d:\cybermed\daddy\dependency\sdk-vtk-9.4.2\build_msvc\filters\generic\filtersgeneric.dir\release\filtersgeneric.tlog\cl.command.1.tlog
d:\cybermed\daddy\dependency\sdk-vtk-9.4.2\build_msvc\filters\generic\filtersgeneric.dir\release\filtersgeneric.tlog\cl.items.tlog
d:\cybermed\daddy\dependency\sdk-vtk-9.4.2\build_msvc\filters\generic\filtersgeneric.dir\release\filtersgeneric.tlog\cl.read.1.tlog
d:\cybermed\daddy\dependency\sdk-vtk-9.4.2\build_msvc\filters\generic\filtersgeneric.dir\release\filtersgeneric.tlog\cl.write.1.tlog
d:\cybermed\daddy\dependency\sdk-vtk-9.4.2\build_msvc\filters\generic\filtersgeneric.dir\release\filtersgeneric.tlog\custombuild.command.1.tlog
d:\cybermed\daddy\dependency\sdk-vtk-9.4.2\build_msvc\filters\generic\filtersgeneric.dir\release\filtersgeneric.tlog\custombuild.read.1.tlog
d:\cybermed\daddy\dependency\sdk-vtk-9.4.2\build_msvc\filters\generic\filtersgeneric.dir\release\filtersgeneric.tlog\custombuild.write.1.tlog
d:\cybermed\daddy\dependency\sdk-vtk-9.4.2\build_msvc\filters\generic\filtersgeneric.dir\release\filtersgeneric.tlog\link.command.1.tlog
d:\cybermed\daddy\dependency\sdk-vtk-9.4.2\build_msvc\filters\generic\filtersgeneric.dir\release\filtersgeneric.tlog\link.read.1.tlog
d:\cybermed\daddy\dependency\sdk-vtk-9.4.2\build_msvc\filters\generic\filtersgeneric.dir\release\filtersgeneric.tlog\link.secondary.1.tlog
d:\cybermed\daddy\dependency\sdk-vtk-9.4.2\build_msvc\filters\generic\filtersgeneric.dir\release\filtersgeneric.tlog\link.write.1.tlog
