d:\cybermed\daddy\dependency\sdk-vtk-9.4.2\build_msvc\lib\debug\vtkrenderingscenegraph-9.4d.pdb
d:\cybermed\daddy\dependency\sdk-vtk-9.4.2\build_msvc\rendering\scenegraph\renderingscenegraph.dir\debug\vtkwindownode.obj
d:\cybermed\daddy\dependency\sdk-vtk-9.4.2\build_msvc\rendering\scenegraph\renderingscenegraph.dir\debug\vtkvolumenode.obj
d:\cybermed\daddy\dependency\sdk-vtk-9.4.2\build_msvc\rendering\scenegraph\renderingscenegraph.dir\debug\vtkvolumemappernode.obj
d:\cybermed\daddy\dependency\sdk-vtk-9.4.2\build_msvc\rendering\scenegraph\renderingscenegraph.dir\debug\vtkviewnodefactory.obj
d:\cybermed\daddy\dependency\sdk-vtk-9.4.2\build_msvc\rendering\scenegraph\renderingscenegraph.dir\debug\vtkviewnode.obj
d:\cybermed\daddy\dependency\sdk-vtk-9.4.2\build_msvc\rendering\scenegraph\renderingscenegraph.dir\debug\vtkrenderernode.obj
d:\cybermed\daddy\dependency\sdk-vtk-9.4.2\build_msvc\rendering\scenegraph\renderingscenegraph.dir\debug\vtkpolydatamappernode.obj
d:\cybermed\daddy\dependency\sdk-vtk-9.4.2\build_msvc\rendering\scenegraph\renderingscenegraph.dir\debug\vtkmappernode.obj
d:\cybermed\daddy\dependency\sdk-vtk-9.4.2\build_msvc\rendering\scenegraph\renderingscenegraph.dir\debug\vtklightnode.obj
d:\cybermed\daddy\dependency\sdk-vtk-9.4.2\build_msvc\rendering\scenegraph\renderingscenegraph.dir\debug\vtkcameranode.obj
d:\cybermed\daddy\dependency\sdk-vtk-9.4.2\build_msvc\rendering\scenegraph\renderingscenegraph.dir\debug\vtkactornode.obj
d:\cybermed\daddy\dependency\sdk-vtk-9.4.2\build_msvc\rendering\scenegraph\renderingscenegraph.dir\debug\vc143.pdb
d:\cybermed\daddy\dependency\sdk-vtk-9.4.2\build_msvc\rendering\scenegraph\cmakefiles\generate.stamp
d:\cybermed\daddy\dependency\sdk-vtk-9.4.2\build_msvc\lib\debug\vtkrenderingscenegraph-9.4d.lib
d:\cybermed\daddy\dependency\sdk-vtk-9.4.2\build_msvc\bin\debug\vtkrenderingscenegraph-9.4d.dll
d:\cybermed\daddy\dependency\sdk-vtk-9.4.2\build_msvc\bin\debug\vtkrenderingscenegraph-9.4d.pdb
d:\cybermed\daddy\dependency\sdk-vtk-9.4.2\build_msvc\lib\debug\vtkrenderingscenegraph-9.4d.exp
d:\cybermed\daddy\dependency\sdk-vtk-9.4.2\build_msvc\rendering\scenegraph\renderingscenegraph.dir\debug\vtkrenderingscenegraph-9.4d.ilk
d:\cybermed\daddy\dependency\sdk-vtk-9.4.2\build_msvc\rendering\scenegraph\renderingscenegraph.dir\debug\renderin.a24f3e82.tlog\cl.command.1.tlog
d:\cybermed\daddy\dependency\sdk-vtk-9.4.2\build_msvc\rendering\scenegraph\renderingscenegraph.dir\debug\renderin.a24f3e82.tlog\cl.items.tlog
d:\cybermed\daddy\dependency\sdk-vtk-9.4.2\build_msvc\rendering\scenegraph\renderingscenegraph.dir\debug\renderin.a24f3e82.tlog\cl.read.1.tlog
d:\cybermed\daddy\dependency\sdk-vtk-9.4.2\build_msvc\rendering\scenegraph\renderingscenegraph.dir\debug\renderin.a24f3e82.tlog\cl.write.1.tlog
d:\cybermed\daddy\dependency\sdk-vtk-9.4.2\build_msvc\rendering\scenegraph\renderingscenegraph.dir\debug\renderin.a24f3e82.tlog\custombuild.command.1.tlog
d:\cybermed\daddy\dependency\sdk-vtk-9.4.2\build_msvc\rendering\scenegraph\renderingscenegraph.dir\debug\renderin.a24f3e82.tlog\custombuild.read.1.tlog
d:\cybermed\daddy\dependency\sdk-vtk-9.4.2\build_msvc\rendering\scenegraph\renderingscenegraph.dir\debug\renderin.a24f3e82.tlog\custombuild.write.1.tlog
d:\cybermed\daddy\dependency\sdk-vtk-9.4.2\build_msvc\rendering\scenegraph\renderingscenegraph.dir\debug\renderin.a24f3e82.tlog\lib-link.read.1.tlog
d:\cybermed\daddy\dependency\sdk-vtk-9.4.2\build_msvc\rendering\scenegraph\renderingscenegraph.dir\debug\renderin.a24f3e82.tlog\lib-link.write.1.tlog
d:\cybermed\daddy\dependency\sdk-vtk-9.4.2\build_msvc\rendering\scenegraph\renderingscenegraph.dir\debug\renderin.a24f3e82.tlog\lib.command.1.tlog
d:\cybermed\daddy\dependency\sdk-vtk-9.4.2\build_msvc\rendering\scenegraph\renderingscenegraph.dir\debug\renderin.a24f3e82.tlog\link.command.1.tlog
d:\cybermed\daddy\dependency\sdk-vtk-9.4.2\build_msvc\rendering\scenegraph\renderingscenegraph.dir\debug\renderin.a24f3e82.tlog\link.read.1.tlog
d:\cybermed\daddy\dependency\sdk-vtk-9.4.2\build_msvc\rendering\scenegraph\renderingscenegraph.dir\debug\renderin.a24f3e82.tlog\link.secondary.1.tlog
d:\cybermed\daddy\dependency\sdk-vtk-9.4.2\build_msvc\rendering\scenegraph\renderingscenegraph.dir\debug\renderin.a24f3e82.tlog\link.write.1.tlog
