d:\cybermed\daddy\dependency\sdk-vtk-9.4.2\build_msvc\lib\debug\vtkwrappingtools-9.4d.pdb
d:\cybermed\daddy\dependency\sdk-vtk-9.4.2\build_msvc\wrapping\tools\wrappingtools.dir\debug\vtkwraptext.obj
d:\cybermed\daddy\dependency\sdk-vtk-9.4.2\build_msvc\wrapping\tools\wrappingtools.dir\debug\vtkwrap.obj
d:\cybermed\daddy\dependency\sdk-vtk-9.4.2\build_msvc\wrapping\tools\wrappingtools.dir\debug\vtkparsesystem.obj
d:\cybermed\daddy\dependency\sdk-vtk-9.4.2\build_msvc\wrapping\tools\wrappingtools.dir\debug\vtkparsestring.obj
d:\cybermed\daddy\dependency\sdk-vtk-9.4.2\build_msvc\wrapping\tools\wrappingtools.dir\debug\vtkparseproperties.obj
d:\cybermed\daddy\dependency\sdk-vtk-9.4.2\build_msvc\wrapping\tools\wrappingtools.dir\debug\vtkparsepreprocess.obj
d:\cybermed\daddy\dependency\sdk-vtk-9.4.2\build_msvc\wrapping\tools\wrappingtools.dir\debug\vtkparsemethodtype.obj
d:\cybermed\daddy\dependency\sdk-vtk-9.4.2\build_msvc\wrapping\tools\wrappingtools.dir\debug\vtkparsemerge.obj
d:\cybermed\daddy\dependency\sdk-vtk-9.4.2\build_msvc\wrapping\tools\wrappingtools.dir\debug\vtkparsemangle.obj
d:\cybermed\daddy\dependency\sdk-vtk-9.4.2\build_msvc\wrapping\tools\wrappingtools.dir\debug\vtkparsehierarchy.obj
d:\cybermed\daddy\dependency\sdk-vtk-9.4.2\build_msvc\wrapping\tools\wrappingtools.dir\debug\vtkparseextras.obj
d:\cybermed\daddy\dependency\sdk-vtk-9.4.2\build_msvc\wrapping\tools\wrappingtools.dir\debug\vtkparsedepends.obj
d:\cybermed\daddy\dependency\sdk-vtk-9.4.2\build_msvc\wrapping\tools\wrappingtools.dir\debug\vtkparsedata.obj
d:\cybermed\daddy\dependency\sdk-vtk-9.4.2\build_msvc\wrapping\tools\wrappingtools.dir\debug\vtkparse.tab.obj
d:\cybermed\daddy\dependency\sdk-vtk-9.4.2\build_msvc\wrapping\tools\wrappingtools.dir\debug\vc143.pdb
d:\cybermed\daddy\dependency\sdk-vtk-9.4.2\build_msvc\wrapping\tools\wrappingtools.dir\debug\vtkparsemain.obj
d:\cybermed\daddy\dependency\sdk-vtk-9.4.2\build_msvc\wrapping\tools\cmakefiles\generate.stamp
d:\cybermed\daddy\dependency\sdk-vtk-9.4.2\build_msvc\lib\debug\vtkwrappingtools-9.4d.lib
d:\cybermed\daddy\dependency\sdk-vtk-9.4.2\build_msvc\bin\debug\vtkwrappingtools-9.4d.dll
d:\cybermed\daddy\dependency\sdk-vtk-9.4.2\build_msvc\bin\debug\vtkwrappingtools-9.4d.pdb
d:\cybermed\daddy\dependency\sdk-vtk-9.4.2\build_msvc\lib\debug\vtkwrappingtools-9.4d.exp
d:\cybermed\daddy\dependency\sdk-vtk-9.4.2\build_msvc\wrapping\tools\wrappingtools.dir\debug\vtkwrappingtools-9.4d.ilk
d:\cybermed\daddy\dependency\sdk-vtk-9.4.2\build_msvc\wrapping\tools\wrappingtools.dir\debug\wrappingtools.tlog\cl.command.1.tlog
d:\cybermed\daddy\dependency\sdk-vtk-9.4.2\build_msvc\wrapping\tools\wrappingtools.dir\debug\wrappingtools.tlog\cl.items.tlog
d:\cybermed\daddy\dependency\sdk-vtk-9.4.2\build_msvc\wrapping\tools\wrappingtools.dir\debug\wrappingtools.tlog\cl.read.1.tlog
d:\cybermed\daddy\dependency\sdk-vtk-9.4.2\build_msvc\wrapping\tools\wrappingtools.dir\debug\wrappingtools.tlog\cl.write.1.tlog
d:\cybermed\daddy\dependency\sdk-vtk-9.4.2\build_msvc\wrapping\tools\wrappingtools.dir\debug\wrappingtools.tlog\custombuild.command.1.tlog
d:\cybermed\daddy\dependency\sdk-vtk-9.4.2\build_msvc\wrapping\tools\wrappingtools.dir\debug\wrappingtools.tlog\custombuild.read.1.tlog
d:\cybermed\daddy\dependency\sdk-vtk-9.4.2\build_msvc\wrapping\tools\wrappingtools.dir\debug\wrappingtools.tlog\custombuild.write.1.tlog
d:\cybermed\daddy\dependency\sdk-vtk-9.4.2\build_msvc\wrapping\tools\wrappingtools.dir\debug\wrappingtools.tlog\lib-link.read.1.tlog
d:\cybermed\daddy\dependency\sdk-vtk-9.4.2\build_msvc\wrapping\tools\wrappingtools.dir\debug\wrappingtools.tlog\lib-link.write.1.tlog
d:\cybermed\daddy\dependency\sdk-vtk-9.4.2\build_msvc\wrapping\tools\wrappingtools.dir\debug\wrappingtools.tlog\lib.command.1.tlog
d:\cybermed\daddy\dependency\sdk-vtk-9.4.2\build_msvc\wrapping\tools\wrappingtools.dir\debug\wrappingtools.tlog\link.command.1.tlog
d:\cybermed\daddy\dependency\sdk-vtk-9.4.2\build_msvc\wrapping\tools\wrappingtools.dir\debug\wrappingtools.tlog\link.read.1.tlog
d:\cybermed\daddy\dependency\sdk-vtk-9.4.2\build_msvc\wrapping\tools\wrappingtools.dir\debug\wrappingtools.tlog\link.secondary.1.tlog
d:\cybermed\daddy\dependency\sdk-vtk-9.4.2\build_msvc\wrapping\tools\wrappingtools.dir\debug\wrappingtools.tlog\link.write.1.tlog
