d:\cybermed\daddy\dependency\sdk-vtk-9.4.2\build_msvc\lib\debug\vtkdoubleconversion-9.4d.pdb
d:\cybermed\daddy\dependency\sdk-vtk-9.4.2\build_msvc\thirdparty\doubleconversion\vtkdoubleconversion\doubleconversion.dir\debug\strtod.obj
d:\cybermed\daddy\dependency\sdk-vtk-9.4.2\build_msvc\thirdparty\doubleconversion\vtkdoubleconversion\doubleconversion.dir\debug\fixed-dtoa.obj
d:\cybermed\daddy\dependency\sdk-vtk-9.4.2\build_msvc\thirdparty\doubleconversion\vtkdoubleconversion\doubleconversion.dir\debug\fast-dtoa.obj
d:\cybermed\daddy\dependency\sdk-vtk-9.4.2\build_msvc\thirdparty\doubleconversion\vtkdoubleconversion\doubleconversion.dir\debug\double-conversion.obj
d:\cybermed\daddy\dependency\sdk-vtk-9.4.2\build_msvc\thirdparty\doubleconversion\vtkdoubleconversion\doubleconversion.dir\debug\diy-fp.obj
d:\cybermed\daddy\dependency\sdk-vtk-9.4.2\build_msvc\thirdparty\doubleconversion\vtkdoubleconversion\doubleconversion.dir\debug\cached-powers.obj
d:\cybermed\daddy\dependency\sdk-vtk-9.4.2\build_msvc\thirdparty\doubleconversion\vtkdoubleconversion\doubleconversion.dir\debug\bignum-dtoa.obj
d:\cybermed\daddy\dependency\sdk-vtk-9.4.2\build_msvc\thirdparty\doubleconversion\vtkdoubleconversion\doubleconversion.dir\debug\bignum.obj
d:\cybermed\daddy\dependency\sdk-vtk-9.4.2\build_msvc\thirdparty\doubleconversion\vtkdoubleconversion\doubleconversion.dir\debug\vc143.pdb
d:\cybermed\daddy\dependency\sdk-vtk-9.4.2\build_msvc\thirdparty\doubleconversion\vtkdoubleconversion\cmakefiles\generate.stamp
d:\cybermed\daddy\dependency\sdk-vtk-9.4.2\build_msvc\lib\debug\vtkdoubleconversion-9.4d.lib
d:\cybermed\daddy\dependency\sdk-vtk-9.4.2\build_msvc\bin\debug\vtkdoubleconversion-9.4d.dll
d:\cybermed\daddy\dependency\sdk-vtk-9.4.2\build_msvc\bin\debug\vtkdoubleconversion-9.4d.pdb
d:\cybermed\daddy\dependency\sdk-vtk-9.4.2\build_msvc\lib\debug\vtkdoubleconversion-9.4d.exp
d:\cybermed\daddy\dependency\sdk-vtk-9.4.2\build_msvc\thirdparty\doubleconversion\vtkdoubleconversion\doubleconversion.dir\debug\vtkdoubleconversion-9.4d.ilk
d:\cybermed\daddy\dependency\sdk-vtk-9.4.2\build_msvc\thirdparty\doubleconversion\vtkdoubleconversion\doubleconversion.dir\debug\doubleconversion.tlog\cl.command.1.tlog
d:\cybermed\daddy\dependency\sdk-vtk-9.4.2\build_msvc\thirdparty\doubleconversion\vtkdoubleconversion\doubleconversion.dir\debug\doubleconversion.tlog\cl.items.tlog
d:\cybermed\daddy\dependency\sdk-vtk-9.4.2\build_msvc\thirdparty\doubleconversion\vtkdoubleconversion\doubleconversion.dir\debug\doubleconversion.tlog\cl.read.1.tlog
d:\cybermed\daddy\dependency\sdk-vtk-9.4.2\build_msvc\thirdparty\doubleconversion\vtkdoubleconversion\doubleconversion.dir\debug\doubleconversion.tlog\cl.write.1.tlog
d:\cybermed\daddy\dependency\sdk-vtk-9.4.2\build_msvc\thirdparty\doubleconversion\vtkdoubleconversion\doubleconversion.dir\debug\doubleconversion.tlog\custombuild.command.1.tlog
d:\cybermed\daddy\dependency\sdk-vtk-9.4.2\build_msvc\thirdparty\doubleconversion\vtkdoubleconversion\doubleconversion.dir\debug\doubleconversion.tlog\custombuild.read.1.tlog
d:\cybermed\daddy\dependency\sdk-vtk-9.4.2\build_msvc\thirdparty\doubleconversion\vtkdoubleconversion\doubleconversion.dir\debug\doubleconversion.tlog\custombuild.write.1.tlog
d:\cybermed\daddy\dependency\sdk-vtk-9.4.2\build_msvc\thirdparty\doubleconversion\vtkdoubleconversion\doubleconversion.dir\debug\doubleconversion.tlog\lib-link.read.1.tlog
d:\cybermed\daddy\dependency\sdk-vtk-9.4.2\build_msvc\thirdparty\doubleconversion\vtkdoubleconversion\doubleconversion.dir\debug\doubleconversion.tlog\lib-link.write.1.tlog
d:\cybermed\daddy\dependency\sdk-vtk-9.4.2\build_msvc\thirdparty\doubleconversion\vtkdoubleconversion\doubleconversion.dir\debug\doubleconversion.tlog\lib.command.1.tlog
d:\cybermed\daddy\dependency\sdk-vtk-9.4.2\build_msvc\thirdparty\doubleconversion\vtkdoubleconversion\doubleconversion.dir\debug\doubleconversion.tlog\link.command.1.tlog
d:\cybermed\daddy\dependency\sdk-vtk-9.4.2\build_msvc\thirdparty\doubleconversion\vtkdoubleconversion\doubleconversion.dir\debug\doubleconversion.tlog\link.read.1.tlog
d:\cybermed\daddy\dependency\sdk-vtk-9.4.2\build_msvc\thirdparty\doubleconversion\vtkdoubleconversion\doubleconversion.dir\debug\doubleconversion.tlog\link.secondary.1.tlog
d:\cybermed\daddy\dependency\sdk-vtk-9.4.2\build_msvc\thirdparty\doubleconversion\vtkdoubleconversion\doubleconversion.dir\debug\doubleconversion.tlog\link.write.1.tlog
