d:\cybermed\daddy\dependency\dcmtk-dcmtk-3.6.8\build_msvc\lib\debug\dcmfg.pdb
d:\cybermed\daddy\dependency\dcmtk-dcmtk-3.6.8\build_msvc\dcmfg\libsrc\dcmfg.dir\debug\fgpixeltransform.obj
d:\cybermed\daddy\dependency\dcmtk-dcmtk-3.6.8\build_msvc\dcmfg\libsrc\dcmfg.dir\debug\fgframevoilut.obj
d:\cybermed\daddy\dependency\dcmtk-dcmtk-3.6.8\build_msvc\dcmfg\libsrc\dcmfg.dir\debug\fgframeanatomy.obj
d:\cybermed\daddy\dependency\dcmtk-dcmtk-3.6.8\build_msvc\dcmfg\libsrc\dcmfg.dir\debug\fgfracon.obj
d:\cybermed\daddy\dependency\dcmtk-dcmtk-3.6.8\build_msvc\dcmfg\libsrc\dcmfg.dir\debug\fgfact.obj
d:\cybermed\daddy\dependency\dcmtk-dcmtk-3.6.8\build_msvc\dcmfg\libsrc\dcmfg.dir\debug\fgderimg.obj
d:\cybermed\daddy\dependency\dcmtk-dcmtk-3.6.8\build_msvc\dcmfg\libsrc\dcmfg.dir\debug\fgctxraydetails.obj
d:\cybermed\daddy\dependency\dcmtk-dcmtk-3.6.8\build_msvc\dcmfg\libsrc\dcmfg.dir\debug\fgcttabledynamics.obj
d:\cybermed\daddy\dependency\dcmtk-dcmtk-3.6.8\build_msvc\dcmfg\libsrc\dcmfg.dir\debug\fgctreconstruction.obj
d:\cybermed\daddy\dependency\dcmtk-dcmtk-3.6.8\build_msvc\dcmfg\libsrc\dcmfg.dir\debug\fgctposition.obj
d:\cybermed\daddy\dependency\dcmtk-dcmtk-3.6.8\build_msvc\dcmfg\libsrc\dcmfg.dir\debug\fgctimageframetype.obj
d:\cybermed\daddy\dependency\dcmtk-dcmtk-3.6.8\build_msvc\dcmfg\libsrc\dcmfg.dir\debug\fgctgeometry.obj
d:\cybermed\daddy\dependency\dcmtk-dcmtk-3.6.8\build_msvc\dcmfg\libsrc\dcmfg.dir\debug\fgctexposure.obj
d:\cybermed\daddy\dependency\dcmtk-dcmtk-3.6.8\build_msvc\dcmfg\libsrc\dcmfg.dir\debug\fgctadditionalxraysource.obj
d:\cybermed\daddy\dependency\dcmtk-dcmtk-3.6.8\build_msvc\dcmfg\libsrc\dcmfg.dir\debug\fgctacquisitiontype.obj
d:\cybermed\daddy\dependency\dcmtk-dcmtk-3.6.8\build_msvc\dcmfg\libsrc\dcmfg.dir\debug\fgctacquisitiondetails.obj
d:\cybermed\daddy\dependency\dcmtk-dcmtk-3.6.8\build_msvc\dcmfg\libsrc\dcmfg.dir\debug\fgbase.obj
d:\cybermed\daddy\dependency\dcmtk-dcmtk-3.6.8\build_msvc\dcmfg\libsrc\dcmfg.dir\debug\fg.obj
d:\cybermed\daddy\dependency\dcmtk-dcmtk-3.6.8\build_msvc\dcmfg\libsrc\dcmfg.dir\debug\concatenationloader.obj
d:\cybermed\daddy\dependency\dcmtk-dcmtk-3.6.8\build_msvc\dcmfg\libsrc\dcmfg.dir\debug\concatenationcreator.obj
d:\cybermed\daddy\dependency\dcmtk-dcmtk-3.6.8\build_msvc\dcmfg\libsrc\dcmfg.dir\debug\stackinterface.obj
d:\cybermed\daddy\dependency\dcmtk-dcmtk-3.6.8\build_msvc\dcmfg\libsrc\dcmfg.dir\debug\stack.obj
d:\cybermed\daddy\dependency\dcmtk-dcmtk-3.6.8\build_msvc\dcmfg\libsrc\dcmfg.dir\debug\fgtypes.obj
d:\cybermed\daddy\dependency\dcmtk-dcmtk-3.6.8\build_msvc\dcmfg\libsrc\dcmfg.dir\debug\fgusimagedescription.obj
d:\cybermed\daddy\dependency\dcmtk-dcmtk-3.6.8\build_msvc\dcmfg\libsrc\dcmfg.dir\debug\fgtemporalposition.obj
d:\cybermed\daddy\dependency\dcmtk-dcmtk-3.6.8\build_msvc\dcmfg\libsrc\dcmfg.dir\debug\fgseg.obj
d:\cybermed\daddy\dependency\dcmtk-dcmtk-3.6.8\build_msvc\dcmfg\libsrc\dcmfg.dir\debug\fgrealworldvaluemapping.obj
d:\cybermed\daddy\dependency\dcmtk-dcmtk-3.6.8\build_msvc\dcmfg\libsrc\dcmfg.dir\debug\fgplanposvol.obj
d:\cybermed\daddy\dependency\dcmtk-dcmtk-3.6.8\build_msvc\dcmfg\libsrc\dcmfg.dir\debug\fgplanpo.obj
d:\cybermed\daddy\dependency\dcmtk-dcmtk-3.6.8\build_msvc\dcmfg\libsrc\dcmfg.dir\debug\fgplanorvol.obj
d:\cybermed\daddy\dependency\dcmtk-dcmtk-3.6.8\build_msvc\dcmfg\libsrc\dcmfg.dir\debug\fgplanor.obj
d:\cybermed\daddy\dependency\dcmtk-dcmtk-3.6.8\build_msvc\dcmfg\libsrc\dcmfg.dir\debug\fgparametricmapframetype.obj
d:\cybermed\daddy\dependency\dcmtk-dcmtk-3.6.8\build_msvc\dcmfg\libsrc\dcmfg.dir\debug\fgpixmsr.obj
d:\cybermed\daddy\dependency\dcmtk-dcmtk-3.6.8\build_msvc\dcmfg\libsrc\dcmfg.dir\debug\fgirradiationeventid.obj
d:\cybermed\daddy\dependency\dcmtk-dcmtk-3.6.8\build_msvc\dcmfg\libsrc\dcmfg.dir\debug\fginterface.obj
d:\cybermed\daddy\dependency\dcmtk-dcmtk-3.6.8\build_msvc\dcmfg\libsrc\dcmfg.dir\debug\fgimagedatatype.obj
d:\cybermed\daddy\dependency\dcmtk-dcmtk-3.6.8\build_msvc\dcmfg\libsrc\dcmfg.dir\debug\vc143.pdb
d:\cybermed\daddy\dependency\dcmtk-dcmtk-3.6.8\build_msvc\dcmfg\libsrc\cmakefiles\generate.stamp
d:\cybermed\daddy\dependency\dcmtk-dcmtk-3.6.8\build_msvc\lib\debug\dcmfg.lib
d:\cybermed\daddy\dependency\dcmtk-dcmtk-3.6.8\build_msvc\bin\debug\dcmfg.dll
d:\cybermed\daddy\dependency\dcmtk-dcmtk-3.6.8\build_msvc\bin\debug\dcmfg.pdb
d:\cybermed\daddy\dependency\dcmtk-dcmtk-3.6.8\build_msvc\lib\debug\dcmfg.exp
d:\cybermed\daddy\dependency\dcmtk-dcmtk-3.6.8\build_msvc\dcmfg\libsrc\dcmfg.dir\debug\dcmfg.ilk
d:\cybermed\daddy\dependency\dcmtk-dcmtk-3.6.8\build_msvc\dcmfg\libsrc\dcmfg.dir\debug\dcmfg.tlog\cl.command.1.tlog
d:\cybermed\daddy\dependency\dcmtk-dcmtk-3.6.8\build_msvc\dcmfg\libsrc\dcmfg.dir\debug\dcmfg.tlog\cl.items.tlog
d:\cybermed\daddy\dependency\dcmtk-dcmtk-3.6.8\build_msvc\dcmfg\libsrc\dcmfg.dir\debug\dcmfg.tlog\cl.read.1.tlog
d:\cybermed\daddy\dependency\dcmtk-dcmtk-3.6.8\build_msvc\dcmfg\libsrc\dcmfg.dir\debug\dcmfg.tlog\cl.write.1.tlog
d:\cybermed\daddy\dependency\dcmtk-dcmtk-3.6.8\build_msvc\dcmfg\libsrc\dcmfg.dir\debug\dcmfg.tlog\custombuild.command.1.tlog
d:\cybermed\daddy\dependency\dcmtk-dcmtk-3.6.8\build_msvc\dcmfg\libsrc\dcmfg.dir\debug\dcmfg.tlog\custombuild.read.1.tlog
d:\cybermed\daddy\dependency\dcmtk-dcmtk-3.6.8\build_msvc\dcmfg\libsrc\dcmfg.dir\debug\dcmfg.tlog\custombuild.write.1.tlog
d:\cybermed\daddy\dependency\dcmtk-dcmtk-3.6.8\build_msvc\dcmfg\libsrc\dcmfg.dir\debug\dcmfg.tlog\lib-link.read.1.tlog
d:\cybermed\daddy\dependency\dcmtk-dcmtk-3.6.8\build_msvc\dcmfg\libsrc\dcmfg.dir\debug\dcmfg.tlog\lib-link.write.1.tlog
d:\cybermed\daddy\dependency\dcmtk-dcmtk-3.6.8\build_msvc\dcmfg\libsrc\dcmfg.dir\debug\dcmfg.tlog\lib.command.1.tlog
d:\cybermed\daddy\dependency\dcmtk-dcmtk-3.6.8\build_msvc\dcmfg\libsrc\dcmfg.dir\debug\dcmfg.tlog\link.command.1.tlog
d:\cybermed\daddy\dependency\dcmtk-dcmtk-3.6.8\build_msvc\dcmfg\libsrc\dcmfg.dir\debug\dcmfg.tlog\link.read.1.tlog
d:\cybermed\daddy\dependency\dcmtk-dcmtk-3.6.8\build_msvc\dcmfg\libsrc\dcmfg.dir\debug\dcmfg.tlog\link.secondary.1.tlog
d:\cybermed\daddy\dependency\dcmtk-dcmtk-3.6.8\build_msvc\dcmfg\libsrc\dcmfg.dir\debug\dcmfg.tlog\link.write.1.tlog
