d:\cybermed\daddy\dependency\dcmtk-dcmtk-3.6.8\build_msvc\oflog\libsrc\oflog.dir\release\logevent.obj
d:\cybermed\daddy\dependency\dcmtk-dcmtk-3.6.8\build_msvc\oflog\libsrc\oflog.dir\release\log4judp.obj
d:\cybermed\daddy\dependency\dcmtk-dcmtk-3.6.8\build_msvc\oflog\libsrc\oflog.dir\release\lockfile.obj
d:\cybermed\daddy\dependency\dcmtk-dcmtk-3.6.8\build_msvc\oflog\libsrc\oflog.dir\release\lloguser.obj
d:\cybermed\daddy\dependency\dcmtk-dcmtk-3.6.8\build_msvc\oflog\libsrc\oflog.dir\release\layout.obj
d:\cybermed\daddy\dependency\dcmtk-dcmtk-3.6.8\build_msvc\oflog\libsrc\oflog.dir\release\hierlock.obj
d:\cybermed\daddy\dependency\dcmtk-dcmtk-3.6.8\build_msvc\oflog\libsrc\oflog.dir\release\hierarchy.obj
d:\cybermed\daddy\dependency\dcmtk-dcmtk-3.6.8\build_msvc\oflog\libsrc\oflog.dir\release\globinit.obj
d:\cybermed\daddy\dependency\dcmtk-dcmtk-3.6.8\build_msvc\oflog\libsrc\oflog.dir\release\filter.obj
d:\cybermed\daddy\dependency\dcmtk-dcmtk-3.6.8\build_msvc\oflog\libsrc\oflog.dir\release\fileinfo.obj
d:\cybermed\daddy\dependency\dcmtk-dcmtk-3.6.8\build_msvc\oflog\libsrc\oflog.dir\release\fileap.obj
d:\cybermed\daddy\dependency\dcmtk-dcmtk-3.6.8\build_msvc\oflog\libsrc\oflog.dir\release\factory.obj
d:\cybermed\daddy\dependency\dcmtk-dcmtk-3.6.8\build_msvc\oflog\libsrc\oflog.dir\release\env.obj
d:\cybermed\daddy\dependency\dcmtk-dcmtk-3.6.8\build_msvc\oflog\libsrc\oflog.dir\release\cygwin32.obj
d:\cybermed\daddy\dependency\dcmtk-dcmtk-3.6.8\build_msvc\oflog\libsrc\oflog.dir\release\consap.obj
d:\cybermed\daddy\dependency\dcmtk-dcmtk-3.6.8\build_msvc\oflog\libsrc\oflog.dir\release\config.obj
d:\cybermed\daddy\dependency\dcmtk-dcmtk-3.6.8\build_msvc\oflog\libsrc\oflog.dir\release\clogger.obj
d:\cybermed\daddy\dependency\dcmtk-dcmtk-3.6.8\build_msvc\oflog\libsrc\oflog.dir\release\asyncap.obj
d:\cybermed\daddy\dependency\dcmtk-dcmtk-3.6.8\build_msvc\oflog\libsrc\oflog.dir\release\appender.obj
d:\cybermed\daddy\dependency\dcmtk-dcmtk-3.6.8\build_msvc\oflog\libsrc\oflog.dir\release\apndimpl.obj
d:\cybermed\daddy\dependency\dcmtk-dcmtk-3.6.8\build_msvc\oflog\libsrc\oflog.dir\release\socket.obj
d:\cybermed\daddy\dependency\dcmtk-dcmtk-3.6.8\build_msvc\oflog\libsrc\oflog.dir\release\sockbuff.obj
d:\cybermed\daddy\dependency\dcmtk-dcmtk-3.6.8\build_msvc\oflog\libsrc\oflog.dir\release\snprintf.obj
d:\cybermed\daddy\dependency\dcmtk-dcmtk-3.6.8\build_msvc\oflog\libsrc\oflog.dir\release\sleep.obj
d:\cybermed\daddy\dependency\dcmtk-dcmtk-3.6.8\build_msvc\oflog\libsrc\oflog.dir\release\rootlog.obj
d:\cybermed\daddy\dependency\dcmtk-dcmtk-3.6.8\build_msvc\oflog\libsrc\oflog.dir\release\queue.obj
d:\cybermed\daddy\dependency\dcmtk-dcmtk-3.6.8\build_msvc\oflog\libsrc\oflog.dir\release\property.obj
d:\cybermed\daddy\dependency\dcmtk-dcmtk-3.6.8\build_msvc\oflog\libsrc\oflog.dir\release\pointer.obj
d:\cybermed\daddy\dependency\dcmtk-dcmtk-3.6.8\build_msvc\oflog\libsrc\oflog.dir\release\patlay.obj
d:\cybermed\daddy\dependency\dcmtk-dcmtk-3.6.8\build_msvc\oflog\libsrc\oflog.dir\release\oflog.obj
d:\cybermed\daddy\dependency\dcmtk-dcmtk-3.6.8\build_msvc\oflog\libsrc\oflog.dir\release\objreg.obj
d:\cybermed\daddy\dependency\dcmtk-dcmtk-3.6.8\build_msvc\oflog\libsrc\oflog.dir\release\nullap.obj
d:\cybermed\daddy\dependency\dcmtk-dcmtk-3.6.8\build_msvc\oflog\libsrc\oflog.dir\release\ntelogap.obj
d:\cybermed\daddy\dependency\dcmtk-dcmtk-3.6.8\build_msvc\oflog\libsrc\oflog.dir\release\ndc.obj
d:\cybermed\daddy\dependency\dcmtk-dcmtk-3.6.8\build_msvc\oflog\libsrc\oflog.dir\release\mdc.obj
d:\cybermed\daddy\dependency\dcmtk-dcmtk-3.6.8\build_msvc\oflog\libsrc\oflog.dir\release\logmacro.obj
d:\cybermed\daddy\dependency\dcmtk-dcmtk-3.6.8\build_msvc\oflog\libsrc\oflog.dir\release\loglog.obj
d:\cybermed\daddy\dependency\dcmtk-dcmtk-3.6.8\build_msvc\oflog\libsrc\oflog.dir\release\loglevel.obj
d:\cybermed\daddy\dependency\dcmtk-dcmtk-3.6.8\build_msvc\oflog\libsrc\oflog.dir\release\logimpl.obj
d:\cybermed\daddy\dependency\dcmtk-dcmtk-3.6.8\build_msvc\oflog\libsrc\oflog.dir\release\logger.obj
d:\cybermed\daddy\dependency\dcmtk-dcmtk-3.6.8\build_msvc\oflog\libsrc\oflog.dir\release\winconap.obj
d:\cybermed\daddy\dependency\dcmtk-dcmtk-3.6.8\build_msvc\oflog\libsrc\oflog.dir\release\windebap.obj
d:\cybermed\daddy\dependency\dcmtk-dcmtk-3.6.8\build_msvc\oflog\libsrc\oflog.dir\release\winsock.obj
d:\cybermed\daddy\dependency\dcmtk-dcmtk-3.6.8\build_msvc\oflog\libsrc\oflog.dir\release\version.obj
d:\cybermed\daddy\dependency\dcmtk-dcmtk-3.6.8\build_msvc\oflog\libsrc\oflog.dir\release\tls.obj
d:\cybermed\daddy\dependency\dcmtk-dcmtk-3.6.8\build_msvc\oflog\libsrc\oflog.dir\release\timehelp.obj
d:\cybermed\daddy\dependency\dcmtk-dcmtk-3.6.8\build_msvc\oflog\libsrc\oflog.dir\release\threads.obj
d:\cybermed\daddy\dependency\dcmtk-dcmtk-3.6.8\build_msvc\oflog\libsrc\oflog.dir\release\syslogap.obj
d:\cybermed\daddy\dependency\dcmtk-dcmtk-3.6.8\build_msvc\oflog\libsrc\oflog.dir\release\syncprims.obj
d:\cybermed\daddy\dependency\dcmtk-dcmtk-3.6.8\build_msvc\oflog\libsrc\oflog.dir\release\striconv.obj
d:\cybermed\daddy\dependency\dcmtk-dcmtk-3.6.8\build_msvc\oflog\libsrc\oflog.dir\release\strhelp.obj
d:\cybermed\daddy\dependency\dcmtk-dcmtk-3.6.8\build_msvc\oflog\libsrc\oflog.dir\release\strcloc.obj
d:\cybermed\daddy\dependency\dcmtk-dcmtk-3.6.8\build_msvc\oflog\libsrc\oflog.dir\release\strccloc.obj
d:\cybermed\daddy\dependency\dcmtk-dcmtk-3.6.8\build_msvc\oflog\libsrc\oflog.dir\release\socketap.obj
d:\cybermed\daddy\dependency\dcmtk-dcmtk-3.6.8\build_msvc\oflog\libsrc\cmakefiles\generate.stamp
d:\cybermed\daddy\dependency\dcmtk-dcmtk-3.6.8\build_msvc\lib\release\oflog.lib
d:\cybermed\daddy\dependency\dcmtk-dcmtk-3.6.8\build_msvc\bin\release\oflog.dll
d:\cybermed\daddy\dependency\dcmtk-dcmtk-3.6.8\build_msvc\lib\release\oflog.exp
d:\cybermed\daddy\dependency\dcmtk-dcmtk-3.6.8\build_msvc\oflog\libsrc\oflog.dir\release\oflog.tlog\cl.command.1.tlog
d:\cybermed\daddy\dependency\dcmtk-dcmtk-3.6.8\build_msvc\oflog\libsrc\oflog.dir\release\oflog.tlog\cl.items.tlog
d:\cybermed\daddy\dependency\dcmtk-dcmtk-3.6.8\build_msvc\oflog\libsrc\oflog.dir\release\oflog.tlog\cl.read.1.tlog
d:\cybermed\daddy\dependency\dcmtk-dcmtk-3.6.8\build_msvc\oflog\libsrc\oflog.dir\release\oflog.tlog\cl.write.1.tlog
d:\cybermed\daddy\dependency\dcmtk-dcmtk-3.6.8\build_msvc\oflog\libsrc\oflog.dir\release\oflog.tlog\custombuild.command.1.tlog
d:\cybermed\daddy\dependency\dcmtk-dcmtk-3.6.8\build_msvc\oflog\libsrc\oflog.dir\release\oflog.tlog\custombuild.read.1.tlog
d:\cybermed\daddy\dependency\dcmtk-dcmtk-3.6.8\build_msvc\oflog\libsrc\oflog.dir\release\oflog.tlog\custombuild.write.1.tlog
d:\cybermed\daddy\dependency\dcmtk-dcmtk-3.6.8\build_msvc\oflog\libsrc\oflog.dir\release\oflog.tlog\lib-link.read.1.tlog
d:\cybermed\daddy\dependency\dcmtk-dcmtk-3.6.8\build_msvc\oflog\libsrc\oflog.dir\release\oflog.tlog\lib-link.write.1.tlog
d:\cybermed\daddy\dependency\dcmtk-dcmtk-3.6.8\build_msvc\oflog\libsrc\oflog.dir\release\oflog.tlog\lib.command.1.tlog
d:\cybermed\daddy\dependency\dcmtk-dcmtk-3.6.8\build_msvc\oflog\libsrc\oflog.dir\release\oflog.tlog\link.command.1.tlog
d:\cybermed\daddy\dependency\dcmtk-dcmtk-3.6.8\build_msvc\oflog\libsrc\oflog.dir\release\oflog.tlog\link.read.1.tlog
d:\cybermed\daddy\dependency\dcmtk-dcmtk-3.6.8\build_msvc\oflog\libsrc\oflog.dir\release\oflog.tlog\link.secondary.1.tlog
d:\cybermed\daddy\dependency\dcmtk-dcmtk-3.6.8\build_msvc\oflog\libsrc\oflog.dir\release\oflog.tlog\link.write.1.tlog
