d:\cybermed\daddy\dependency\sdk-vtk-9.4.2\build_msvc\lib\debug\vtkimaginggeneral-9.4d.pdb
d:\cybermed\daddy\dependency\sdk-vtk-9.4.2\build_msvc\imaging\general\imaginggeneral.dir\debug\vtkimagesobel2d.obj
d:\cybermed\daddy\dependency\sdk-vtk-9.4.2\build_msvc\imaging\general\imaginggeneral.dir\debug\vtkimageslabreslice.obj
d:\cybermed\daddy\dependency\sdk-vtk-9.4.2\build_msvc\imaging\general\imaginggeneral.dir\debug\vtkimageslab.obj
d:\cybermed\daddy\dependency\sdk-vtk-9.4.2\build_msvc\imaging\general\imaginggeneral.dir\debug\vtkimageseparableconvolution.obj
d:\cybermed\daddy\dependency\sdk-vtk-9.4.2\build_msvc\imaging\general\imaginggeneral.dir\debug\vtkimagerange3d.obj
d:\cybermed\daddy\dependency\sdk-vtk-9.4.2\build_msvc\imaging\general\imaginggeneral.dir\debug\vtkimagenormalize.obj
d:\cybermed\daddy\dependency\sdk-vtk-9.4.2\build_msvc\imaging\general\imaginggeneral.dir\debug\vtkimagemedian3d.obj
d:\cybermed\daddy\dependency\sdk-vtk-9.4.2\build_msvc\imaging\general\imaginggeneral.dir\debug\vtkimagelaplacian.obj
d:\cybermed\daddy\dependency\sdk-vtk-9.4.2\build_msvc\imaging\general\imaginggeneral.dir\debug\vtkimagehybridmedian2d.obj
d:\cybermed\daddy\dependency\sdk-vtk-9.4.2\build_msvc\imaging\general\imaginggeneral.dir\debug\vtkimagegradientmagnitude.obj
d:\cybermed\daddy\dependency\sdk-vtk-9.4.2\build_msvc\imaging\general\imaginggeneral.dir\debug\vtkimagegradient.obj
d:\cybermed\daddy\dependency\sdk-vtk-9.4.2\build_msvc\imaging\general\imaginggeneral.dir\debug\vtkimagegaussiansmooth.obj
d:\cybermed\daddy\dependency\sdk-vtk-9.4.2\build_msvc\imaging\general\imaginggeneral.dir\debug\vtkimageeuclideantopolar.obj
d:\cybermed\daddy\dependency\sdk-vtk-9.4.2\build_msvc\imaging\general\imaginggeneral.dir\debug\vtkimageeuclideandistance.obj
d:\cybermed\daddy\dependency\sdk-vtk-9.4.2\build_msvc\imaging\general\imaginggeneral.dir\debug\vtkimagecorrelation.obj
d:\cybermed\daddy\dependency\sdk-vtk-9.4.2\build_msvc\imaging\general\imaginggeneral.dir\debug\vtkimageconvolve.obj
d:\cybermed\daddy\dependency\sdk-vtk-9.4.2\build_msvc\imaging\general\imaginggeneral.dir\debug\vtkimagecityblockdistance.obj
d:\cybermed\daddy\dependency\sdk-vtk-9.4.2\build_msvc\imaging\general\imaginggeneral.dir\debug\vtkimagecheckerboard.obj
d:\cybermed\daddy\dependency\sdk-vtk-9.4.2\build_msvc\imaging\general\imaginggeneral.dir\debug\vtkimageanisotropicdiffusion3d.obj
d:\cybermed\daddy\dependency\sdk-vtk-9.4.2\build_msvc\imaging\general\imaginggeneral.dir\debug\vtkimageanisotropicdiffusion2d.obj
d:\cybermed\daddy\dependency\sdk-vtk-9.4.2\build_msvc\imaging\general\imaginggeneral.dir\debug\vtkimagevariance3d.obj
d:\cybermed\daddy\dependency\sdk-vtk-9.4.2\build_msvc\imaging\general\imaginggeneral.dir\debug\vtkimagespatialalgorithm.obj
d:\cybermed\daddy\dependency\sdk-vtk-9.4.2\build_msvc\imaging\general\imaginggeneral.dir\debug\vtkimagesobel3d.obj
d:\cybermed\daddy\dependency\sdk-vtk-9.4.2\build_msvc\imaging\general\imaginggeneral.dir\debug\vc143.pdb
d:\cybermed\daddy\dependency\sdk-vtk-9.4.2\build_msvc\imaging\general\cmakefiles\generate.stamp
d:\cybermed\daddy\dependency\sdk-vtk-9.4.2\build_msvc\lib\debug\vtkimaginggeneral-9.4d.lib
d:\cybermed\daddy\dependency\sdk-vtk-9.4.2\build_msvc\bin\debug\vtkimaginggeneral-9.4d.dll
d:\cybermed\daddy\dependency\sdk-vtk-9.4.2\build_msvc\bin\debug\vtkimaginggeneral-9.4d.pdb
d:\cybermed\daddy\dependency\sdk-vtk-9.4.2\build_msvc\lib\debug\vtkimaginggeneral-9.4d.exp
d:\cybermed\daddy\dependency\sdk-vtk-9.4.2\build_msvc\imaging\general\imaginggeneral.dir\debug\vtkimaginggeneral-9.4d.ilk
d:\cybermed\daddy\dependency\sdk-vtk-9.4.2\build_msvc\imaging\general\imaginggeneral.dir\debug\imaginggeneral.tlog\cl.command.1.tlog
d:\cybermed\daddy\dependency\sdk-vtk-9.4.2\build_msvc\imaging\general\imaginggeneral.dir\debug\imaginggeneral.tlog\cl.items.tlog
d:\cybermed\daddy\dependency\sdk-vtk-9.4.2\build_msvc\imaging\general\imaginggeneral.dir\debug\imaginggeneral.tlog\cl.read.1.tlog
d:\cybermed\daddy\dependency\sdk-vtk-9.4.2\build_msvc\imaging\general\imaginggeneral.dir\debug\imaginggeneral.tlog\cl.write.1.tlog
d:\cybermed\daddy\dependency\sdk-vtk-9.4.2\build_msvc\imaging\general\imaginggeneral.dir\debug\imaginggeneral.tlog\custombuild.command.1.tlog
d:\cybermed\daddy\dependency\sdk-vtk-9.4.2\build_msvc\imaging\general\imaginggeneral.dir\debug\imaginggeneral.tlog\custombuild.read.1.tlog
d:\cybermed\daddy\dependency\sdk-vtk-9.4.2\build_msvc\imaging\general\imaginggeneral.dir\debug\imaginggeneral.tlog\custombuild.write.1.tlog
d:\cybermed\daddy\dependency\sdk-vtk-9.4.2\build_msvc\imaging\general\imaginggeneral.dir\debug\imaginggeneral.tlog\lib-link.read.1.tlog
d:\cybermed\daddy\dependency\sdk-vtk-9.4.2\build_msvc\imaging\general\imaginggeneral.dir\debug\imaginggeneral.tlog\lib-link.write.1.tlog
d:\cybermed\daddy\dependency\sdk-vtk-9.4.2\build_msvc\imaging\general\imaginggeneral.dir\debug\imaginggeneral.tlog\lib.command.1.tlog
d:\cybermed\daddy\dependency\sdk-vtk-9.4.2\build_msvc\imaging\general\imaginggeneral.dir\debug\imaginggeneral.tlog\link.command.1.tlog
d:\cybermed\daddy\dependency\sdk-vtk-9.4.2\build_msvc\imaging\general\imaginggeneral.dir\debug\imaginggeneral.tlog\link.read.1.tlog
d:\cybermed\daddy\dependency\sdk-vtk-9.4.2\build_msvc\imaging\general\imaginggeneral.dir\debug\imaginggeneral.tlog\link.secondary.1.tlog
d:\cybermed\daddy\dependency\sdk-vtk-9.4.2\build_msvc\imaging\general\imaginggeneral.dir\debug\imaginggeneral.tlog\link.write.1.tlog
