d:\cybermed\daddy\dependency\sdk-vtk-9.4.2\build_msvc\lib\debug\vtkcommonsystem-9.4d.pdb
d:\cybermed\daddy\dependency\sdk-vtk-9.4.2\build_msvc\common\system\commonsystem.dir\debug\vtktimerlog.obj
d:\cybermed\daddy\dependency\sdk-vtk-9.4.2\build_msvc\common\system\commonsystem.dir\debug\vtksocketcollection.obj
d:\cybermed\daddy\dependency\sdk-vtk-9.4.2\build_msvc\common\system\commonsystem.dir\debug\vtksocket.obj
d:\cybermed\daddy\dependency\sdk-vtk-9.4.2\build_msvc\common\system\commonsystem.dir\debug\vtkserversocket.obj
d:\cybermed\daddy\dependency\sdk-vtk-9.4.2\build_msvc\common\system\commonsystem.dir\debug\vtkexecutablerunner.obj
d:\cybermed\daddy\dependency\sdk-vtk-9.4.2\build_msvc\common\system\commonsystem.dir\debug\vtkdirectory.obj
d:\cybermed\daddy\dependency\sdk-vtk-9.4.2\build_msvc\common\system\commonsystem.dir\debug\vtkclientsocket.obj
d:\cybermed\daddy\dependency\sdk-vtk-9.4.2\build_msvc\common\system\commonsystem.dir\debug\vc143.pdb
d:\cybermed\daddy\dependency\sdk-vtk-9.4.2\build_msvc\common\system\cmakefiles\generate.stamp
d:\cybermed\daddy\dependency\sdk-vtk-9.4.2\build_msvc\lib\debug\vtkcommonsystem-9.4d.lib
d:\cybermed\daddy\dependency\sdk-vtk-9.4.2\build_msvc\bin\debug\vtkcommonsystem-9.4d.dll
d:\cybermed\daddy\dependency\sdk-vtk-9.4.2\build_msvc\bin\debug\vtkcommonsystem-9.4d.pdb
d:\cybermed\daddy\dependency\sdk-vtk-9.4.2\build_msvc\lib\debug\vtkcommonsystem-9.4d.exp
d:\cybermed\daddy\dependency\sdk-vtk-9.4.2\build_msvc\common\system\commonsystem.dir\debug\vtkcommonsystem-9.4d.ilk
d:\cybermed\daddy\dependency\sdk-vtk-9.4.2\build_msvc\common\system\commonsystem.dir\debug\commonsystem.tlog\cl.command.1.tlog
d:\cybermed\daddy\dependency\sdk-vtk-9.4.2\build_msvc\common\system\commonsystem.dir\debug\commonsystem.tlog\cl.items.tlog
d:\cybermed\daddy\dependency\sdk-vtk-9.4.2\build_msvc\common\system\commonsystem.dir\debug\commonsystem.tlog\cl.read.1.tlog
d:\cybermed\daddy\dependency\sdk-vtk-9.4.2\build_msvc\common\system\commonsystem.dir\debug\commonsystem.tlog\cl.write.1.tlog
d:\cybermed\daddy\dependency\sdk-vtk-9.4.2\build_msvc\common\system\commonsystem.dir\debug\commonsystem.tlog\custombuild.command.1.tlog
d:\cybermed\daddy\dependency\sdk-vtk-9.4.2\build_msvc\common\system\commonsystem.dir\debug\commonsystem.tlog\custombuild.read.1.tlog
d:\cybermed\daddy\dependency\sdk-vtk-9.4.2\build_msvc\common\system\commonsystem.dir\debug\commonsystem.tlog\custombuild.write.1.tlog
d:\cybermed\daddy\dependency\sdk-vtk-9.4.2\build_msvc\common\system\commonsystem.dir\debug\commonsystem.tlog\lib-link.read.1.tlog
d:\cybermed\daddy\dependency\sdk-vtk-9.4.2\build_msvc\common\system\commonsystem.dir\debug\commonsystem.tlog\lib-link.write.1.tlog
d:\cybermed\daddy\dependency\sdk-vtk-9.4.2\build_msvc\common\system\commonsystem.dir\debug\commonsystem.tlog\lib.command.1.tlog
d:\cybermed\daddy\dependency\sdk-vtk-9.4.2\build_msvc\common\system\commonsystem.dir\debug\commonsystem.tlog\link.command.1.tlog
d:\cybermed\daddy\dependency\sdk-vtk-9.4.2\build_msvc\common\system\commonsystem.dir\debug\commonsystem.tlog\link.read.1.tlog
d:\cybermed\daddy\dependency\sdk-vtk-9.4.2\build_msvc\common\system\commonsystem.dir\debug\commonsystem.tlog\link.secondary.1.tlog
d:\cybermed\daddy\dependency\sdk-vtk-9.4.2\build_msvc\common\system\commonsystem.dir\debug\commonsystem.tlog\link.write.1.tlog
