d:\cybermed\daddy\dependency\sdk-vtk-9.4.2\build_msvc\lib\debug\vtkfiltersgeneric-9.4d.pdb
d:\cybermed\daddy\dependency\sdk-vtk-9.4.2\build_msvc\filters\generic\filtersgeneric.dir\debug\vtkgenericstreamtracer.obj
d:\cybermed\daddy\dependency\sdk-vtk-9.4.2\build_msvc\filters\generic\filtersgeneric.dir\debug\vtkgenericprobefilter.obj
d:\cybermed\daddy\dependency\sdk-vtk-9.4.2\build_msvc\filters\generic\filtersgeneric.dir\debug\vtkgenericoutlinefilter.obj
d:\cybermed\daddy\dependency\sdk-vtk-9.4.2\build_msvc\filters\generic\filtersgeneric.dir\debug\vtkgenericglyph3dfilter.obj
d:\cybermed\daddy\dependency\sdk-vtk-9.4.2\build_msvc\filters\generic\filtersgeneric.dir\debug\vtkgenericgeometryfilter.obj
d:\cybermed\daddy\dependency\sdk-vtk-9.4.2\build_msvc\filters\generic\filtersgeneric.dir\debug\vtkgenericdatasettessellator.obj
d:\cybermed\daddy\dependency\sdk-vtk-9.4.2\build_msvc\filters\generic\filtersgeneric.dir\debug\vtkgenericcutter.obj
d:\cybermed\daddy\dependency\sdk-vtk-9.4.2\build_msvc\filters\generic\filtersgeneric.dir\debug\vtkgenericcontourfilter.obj
d:\cybermed\daddy\dependency\sdk-vtk-9.4.2\build_msvc\filters\generic\filtersgeneric.dir\debug\vtkgenericclip.obj
d:\cybermed\daddy\dependency\sdk-vtk-9.4.2\build_msvc\filters\generic\filtersgeneric.dir\debug\vc143.pdb
d:\cybermed\daddy\dependency\sdk-vtk-9.4.2\build_msvc\filters\generic\cmakefiles\generate.stamp
d:\cybermed\daddy\dependency\sdk-vtk-9.4.2\build_msvc\lib\debug\vtkfiltersgeneric-9.4d.lib
d:\cybermed\daddy\dependency\sdk-vtk-9.4.2\build_msvc\bin\debug\vtkfiltersgeneric-9.4d.dll
d:\cybermed\daddy\dependency\sdk-vtk-9.4.2\build_msvc\bin\debug\vtkfiltersgeneric-9.4d.pdb
d:\cybermed\daddy\dependency\sdk-vtk-9.4.2\build_msvc\lib\debug\vtkfiltersgeneric-9.4d.exp
d:\cybermed\daddy\dependency\sdk-vtk-9.4.2\build_msvc\filters\generic\filtersgeneric.dir\debug\vtkfiltersgeneric-9.4d.ilk
d:\cybermed\daddy\dependency\sdk-vtk-9.4.2\build_msvc\filters\generic\filtersgeneric.dir\debug\filtersgeneric.tlog\cl.command.1.tlog
d:\cybermed\daddy\dependency\sdk-vtk-9.4.2\build_msvc\filters\generic\filtersgeneric.dir\debug\filtersgeneric.tlog\cl.items.tlog
d:\cybermed\daddy\dependency\sdk-vtk-9.4.2\build_msvc\filters\generic\filtersgeneric.dir\debug\filtersgeneric.tlog\cl.read.1.tlog
d:\cybermed\daddy\dependency\sdk-vtk-9.4.2\build_msvc\filters\generic\filtersgeneric.dir\debug\filtersgeneric.tlog\cl.write.1.tlog
d:\cybermed\daddy\dependency\sdk-vtk-9.4.2\build_msvc\filters\generic\filtersgeneric.dir\debug\filtersgeneric.tlog\custombuild.command.1.tlog
d:\cybermed\daddy\dependency\sdk-vtk-9.4.2\build_msvc\filters\generic\filtersgeneric.dir\debug\filtersgeneric.tlog\custombuild.read.1.tlog
d:\cybermed\daddy\dependency\sdk-vtk-9.4.2\build_msvc\filters\generic\filtersgeneric.dir\debug\filtersgeneric.tlog\custombuild.write.1.tlog
d:\cybermed\daddy\dependency\sdk-vtk-9.4.2\build_msvc\filters\generic\filtersgeneric.dir\debug\filtersgeneric.tlog\lib-link.read.1.tlog
d:\cybermed\daddy\dependency\sdk-vtk-9.4.2\build_msvc\filters\generic\filtersgeneric.dir\debug\filtersgeneric.tlog\lib-link.write.1.tlog
d:\cybermed\daddy\dependency\sdk-vtk-9.4.2\build_msvc\filters\generic\filtersgeneric.dir\debug\filtersgeneric.tlog\lib.command.1.tlog
d:\cybermed\daddy\dependency\sdk-vtk-9.4.2\build_msvc\filters\generic\filtersgeneric.dir\debug\filtersgeneric.tlog\link.command.1.tlog
d:\cybermed\daddy\dependency\sdk-vtk-9.4.2\build_msvc\filters\generic\filtersgeneric.dir\debug\filtersgeneric.tlog\link.read.1.tlog
d:\cybermed\daddy\dependency\sdk-vtk-9.4.2\build_msvc\filters\generic\filtersgeneric.dir\debug\filtersgeneric.tlog\link.secondary.1.tlog
d:\cybermed\daddy\dependency\sdk-vtk-9.4.2\build_msvc\filters\generic\filtersgeneric.dir\debug\filtersgeneric.tlog\link.write.1.tlog
