d:\cybermed\daddy\dependency\sdk-vtk-9.4.2\build_msvc\guisupport\qtquick\guisupportqtquick.dir\release\mocs_compilation_release.obj
d:\cybermed\daddy\dependency\sdk-vtk-9.4.2\build_msvc\guisupport\qtquick\guisupportqtquick.dir\release\qquickvtkitem.obj
d:\cybermed\daddy\dependency\sdk-vtk-9.4.2\build_msvc\guisupport\qtquick\guisupportqtquick.dir\release\qquickvtkrenderwindow.obj
d:\cybermed\daddy\dependency\sdk-vtk-9.4.2\build_msvc\guisupport\qtquick\guisupportqtquick.dir\release\qquickvtkrenderitem.obj
d:\cybermed\daddy\dependency\sdk-vtk-9.4.2\build_msvc\guisupport\qtquick\guisupportqtquick.dir\release\qquickvtkinteractoradapter.obj
d:\cybermed\daddy\dependency\sdk-vtk-9.4.2\build_msvc\guisupport\qtquick\guisupportqtquick.dir\release\qquickvtkinteractivewidget.obj
d:\cybermed\daddy\dependency\sdk-vtk-9.4.2\build_msvc\guisupport\qtquick\cmakefiles\generate.stamp
d:\cybermed\daddy\dependency\sdk-vtk-9.4.2\build_msvc\bin\release\vtkguisupportqtquick-9.4.dll
d:\cybermed\daddy\dependency\sdk-vtk-9.4.2\build_msvc\lib\release\vtkguisupportqtquick-9.4.lib
d:\cybermed\daddy\dependency\sdk-vtk-9.4.2\build_msvc\lib\release\vtkguisupportqtquick-9.4.exp
d:\cybermed\daddy\dependency\sdk-vtk-9.4.2\build_msvc\guisupport\qtquick\guisupportqtquick.dir\release\guisuppo.9fe63c14.tlog\cl.command.1.tlog
d:\cybermed\daddy\dependency\sdk-vtk-9.4.2\build_msvc\guisupport\qtquick\guisupportqtquick.dir\release\guisuppo.9fe63c14.tlog\cl.items.tlog
d:\cybermed\daddy\dependency\sdk-vtk-9.4.2\build_msvc\guisupport\qtquick\guisupportqtquick.dir\release\guisuppo.9fe63c14.tlog\cl.read.1.tlog
d:\cybermed\daddy\dependency\sdk-vtk-9.4.2\build_msvc\guisupport\qtquick\guisupportqtquick.dir\release\guisuppo.9fe63c14.tlog\cl.write.1.tlog
d:\cybermed\daddy\dependency\sdk-vtk-9.4.2\build_msvc\guisupport\qtquick\guisupportqtquick.dir\release\guisuppo.9fe63c14.tlog\custombuild.command.1.tlog
d:\cybermed\daddy\dependency\sdk-vtk-9.4.2\build_msvc\guisupport\qtquick\guisupportqtquick.dir\release\guisuppo.9fe63c14.tlog\custombuild.read.1.tlog
d:\cybermed\daddy\dependency\sdk-vtk-9.4.2\build_msvc\guisupport\qtquick\guisupportqtquick.dir\release\guisuppo.9fe63c14.tlog\custombuild.write.1.tlog
d:\cybermed\daddy\dependency\sdk-vtk-9.4.2\build_msvc\guisupport\qtquick\guisupportqtquick.dir\release\guisuppo.9fe63c14.tlog\link.command.1.tlog
d:\cybermed\daddy\dependency\sdk-vtk-9.4.2\build_msvc\guisupport\qtquick\guisupportqtquick.dir\release\guisuppo.9fe63c14.tlog\link.read.1.tlog
d:\cybermed\daddy\dependency\sdk-vtk-9.4.2\build_msvc\guisupport\qtquick\guisupportqtquick.dir\release\guisuppo.9fe63c14.tlog\link.secondary.1.tlog
d:\cybermed\daddy\dependency\sdk-vtk-9.4.2\build_msvc\guisupport\qtquick\guisupportqtquick.dir\release\guisuppo.9fe63c14.tlog\link.write.1.tlog
