d:\cybermed\daddy\dependency\sdk-vtk-9.4.2\build_msvc\lib\debug\vtkguisupportqtsql-9.4d.pdb
d:\cybermed\daddy\dependency\sdk-vtk-9.4.2\build_msvc\guisupport\qtsql\guisupportqtsql.dir\debug\vtkqttimepointutility.obj
d:\cybermed\daddy\dependency\sdk-vtk-9.4.2\build_msvc\guisupport\qtsql\guisupportqtsql.dir\debug\vtkqtsqlquery.obj
d:\cybermed\daddy\dependency\sdk-vtk-9.4.2\build_msvc\guisupport\qtsql\guisupportqtsql.dir\debug\vtkqtsqldatabase.obj
d:\cybermed\daddy\dependency\sdk-vtk-9.4.2\build_msvc\guisupport\qtsql\guisupportqtsql.dir\debug\vc143.pdb
d:\cybermed\daddy\dependency\sdk-vtk-9.4.2\build_msvc\guisupport\qtsql\cmakefiles\generate.stamp
d:\cybermed\daddy\dependency\sdk-vtk-9.4.2\build_msvc\lib\debug\vtkguisupportqtsql-9.4d.lib
d:\cybermed\daddy\dependency\sdk-vtk-9.4.2\build_msvc\bin\debug\vtkguisupportqtsql-9.4d.dll
d:\cybermed\daddy\dependency\sdk-vtk-9.4.2\build_msvc\bin\debug\vtkguisupportqtsql-9.4d.pdb
d:\cybermed\daddy\dependency\sdk-vtk-9.4.2\build_msvc\lib\debug\vtkguisupportqtsql-9.4d.exp
d:\cybermed\daddy\dependency\sdk-vtk-9.4.2\build_msvc\guisupport\qtsql\guisupportqtsql.dir\debug\vtkguisupportqtsql-9.4d.ilk
d:\cybermed\daddy\dependency\sdk-vtk-9.4.2\build_msvc\guisupport\qtsql\guisupportqtsql.dir\debug\guisupportqtsql.tlog\cl.command.1.tlog
d:\cybermed\daddy\dependency\sdk-vtk-9.4.2\build_msvc\guisupport\qtsql\guisupportqtsql.dir\debug\guisupportqtsql.tlog\cl.items.tlog
d:\cybermed\daddy\dependency\sdk-vtk-9.4.2\build_msvc\guisupport\qtsql\guisupportqtsql.dir\debug\guisupportqtsql.tlog\cl.read.1.tlog
d:\cybermed\daddy\dependency\sdk-vtk-9.4.2\build_msvc\guisupport\qtsql\guisupportqtsql.dir\debug\guisupportqtsql.tlog\cl.write.1.tlog
d:\cybermed\daddy\dependency\sdk-vtk-9.4.2\build_msvc\guisupport\qtsql\guisupportqtsql.dir\debug\guisupportqtsql.tlog\custombuild.command.1.tlog
d:\cybermed\daddy\dependency\sdk-vtk-9.4.2\build_msvc\guisupport\qtsql\guisupportqtsql.dir\debug\guisupportqtsql.tlog\custombuild.read.1.tlog
d:\cybermed\daddy\dependency\sdk-vtk-9.4.2\build_msvc\guisupport\qtsql\guisupportqtsql.dir\debug\guisupportqtsql.tlog\custombuild.write.1.tlog
d:\cybermed\daddy\dependency\sdk-vtk-9.4.2\build_msvc\guisupport\qtsql\guisupportqtsql.dir\debug\guisupportqtsql.tlog\lib-link.read.1.tlog
d:\cybermed\daddy\dependency\sdk-vtk-9.4.2\build_msvc\guisupport\qtsql\guisupportqtsql.dir\debug\guisupportqtsql.tlog\lib-link.write.1.tlog
d:\cybermed\daddy\dependency\sdk-vtk-9.4.2\build_msvc\guisupport\qtsql\guisupportqtsql.dir\debug\guisupportqtsql.tlog\lib.command.1.tlog
d:\cybermed\daddy\dependency\sdk-vtk-9.4.2\build_msvc\guisupport\qtsql\guisupportqtsql.dir\debug\guisupportqtsql.tlog\link.command.1.tlog
d:\cybermed\daddy\dependency\sdk-vtk-9.4.2\build_msvc\guisupport\qtsql\guisupportqtsql.dir\debug\guisupportqtsql.tlog\link.read.1.tlog
d:\cybermed\daddy\dependency\sdk-vtk-9.4.2\build_msvc\guisupport\qtsql\guisupportqtsql.dir\debug\guisupportqtsql.tlog\link.secondary.1.tlog
d:\cybermed\daddy\dependency\sdk-vtk-9.4.2\build_msvc\guisupport\qtsql\guisupportqtsql.dir\debug\guisupportqtsql.tlog\link.write.1.tlog
