d:\cybermed\daddy\dependency\sdk-vtk-9.4.2\build_msvc\filters\extraction\filtersextraction.dir\release\vtkextracttensorcomponents.obj
d:\cybermed\daddy\dependency\sdk-vtk-9.4.2\build_msvc\filters\extraction\filtersextraction.dir\release\vtkextractselection.obj
d:\cybermed\daddy\dependency\sdk-vtk-9.4.2\build_msvc\filters\extraction\filtersextraction.dir\release\vtkextractselectedrows.obj
d:\cybermed\daddy\dependency\sdk-vtk-9.4.2\build_msvc\filters\extraction\filtersextraction.dir\release\vtkextractselectedarraysovertime.obj
d:\cybermed\daddy\dependency\sdk-vtk-9.4.2\build_msvc\filters\extraction\filtersextraction.dir\release\vtkextractrectilineargrid.obj
d:\cybermed\daddy\dependency\sdk-vtk-9.4.2\build_msvc\filters\extraction\filtersextraction.dir\release\vtkextractpolydatageometry.obj
d:\cybermed\daddy\dependency\sdk-vtk-9.4.2\build_msvc\filters\extraction\filtersextraction.dir\release\vtkextractparticlesovertime.obj
d:\cybermed\daddy\dependency\sdk-vtk-9.4.2\build_msvc\filters\extraction\filtersextraction.dir\release\vtkextractlevel.obj
d:\cybermed\daddy\dependency\sdk-vtk-9.4.2\build_msvc\filters\extraction\filtersextraction.dir\release\vtkextractgrid.obj
d:\cybermed\daddy\dependency\sdk-vtk-9.4.2\build_msvc\filters\extraction\filtersextraction.dir\release\vtkextractgeometry.obj
d:\cybermed\daddy\dependency\sdk-vtk-9.4.2\build_msvc\filters\extraction\filtersextraction.dir\release\vtkextractexodusglobaltemporalvariables.obj
d:\cybermed\daddy\dependency\sdk-vtk-9.4.2\build_msvc\filters\extraction\filtersextraction.dir\release\vtkextractdatasets.obj
d:\cybermed\daddy\dependency\sdk-vtk-9.4.2\build_msvc\filters\extraction\filtersextraction.dir\release\vtkextractdataovertime.obj
d:\cybermed\daddy\dependency\sdk-vtk-9.4.2\build_msvc\filters\extraction\filtersextraction.dir\release\vtkextractdataarraysovertime.obj
d:\cybermed\daddy\dependency\sdk-vtk-9.4.2\build_msvc\filters\extraction\filtersextraction.dir\release\vtkextractcellsbytype.obj
d:\cybermed\daddy\dependency\sdk-vtk-9.4.2\build_msvc\filters\extraction\filtersextraction.dir\release\vtkextractblockusingdataassembly.obj
d:\cybermed\daddy\dependency\sdk-vtk-9.4.2\build_msvc\filters\extraction\filtersextraction.dir\release\vtkextractblock.obj
d:\cybermed\daddy\dependency\sdk-vtk-9.4.2\build_msvc\filters\extraction\filtersextraction.dir\release\vtkexpandmarkedelements.obj
d:\cybermed\daddy\dependency\sdk-vtk-9.4.2\build_msvc\filters\extraction\filtersextraction.dir\release\vtkconvertselection.obj
d:\cybermed\daddy\dependency\sdk-vtk-9.4.2\build_msvc\filters\extraction\filtersextraction.dir\release\vtkblockselector.obj
d:\cybermed\daddy\dependency\sdk-vtk-9.4.2\build_msvc\filters\extraction\filtersextraction.dir\release\vtkvalueselector.obj
d:\cybermed\daddy\dependency\sdk-vtk-9.4.2\build_msvc\filters\extraction\filtersextraction.dir\release\vtkselector.obj
d:\cybermed\daddy\dependency\sdk-vtk-9.4.2\build_msvc\filters\extraction\filtersextraction.dir\release\vtkprobeselectedlocations.obj
d:\cybermed\daddy\dependency\sdk-vtk-9.4.2\build_msvc\filters\extraction\filtersextraction.dir\release\vtklocationselector.obj
d:\cybermed\daddy\dependency\sdk-vtk-9.4.2\build_msvc\filters\extraction\filtersextraction.dir\release\vtkhierarchicaldataextractlevel.obj
d:\cybermed\daddy\dependency\sdk-vtk-9.4.2\build_msvc\filters\extraction\filtersextraction.dir\release\vtkhierarchicaldataextractdatasets.obj
d:\cybermed\daddy\dependency\sdk-vtk-9.4.2\build_msvc\filters\extraction\filtersextraction.dir\release\vtkfrustumselector.obj
d:\cybermed\daddy\dependency\sdk-vtk-9.4.2\build_msvc\filters\extraction\filtersextraction.dir\release\vtkextractvectorcomponents.obj
d:\cybermed\daddy\dependency\sdk-vtk-9.4.2\build_msvc\filters\extraction\filtersextraction.dir\release\vtkextractunstructuredgrid.obj
d:\cybermed\daddy\dependency\sdk-vtk-9.4.2\build_msvc\filters\extraction\filtersextraction.dir\release\vtkextracttimesteps.obj
d:\cybermed\daddy\dependency\sdk-vtk-9.4.2\build_msvc\filters\extraction\cmakefiles\generate.stamp
d:\cybermed\daddy\dependency\sdk-vtk-9.4.2\build_msvc\bin\release\vtkfiltersextraction-9.4.dll
d:\cybermed\daddy\dependency\sdk-vtk-9.4.2\build_msvc\lib\release\vtkfiltersextraction-9.4.lib
d:\cybermed\daddy\dependency\sdk-vtk-9.4.2\build_msvc\lib\release\vtkfiltersextraction-9.4.exp
d:\cybermed\daddy\dependency\sdk-vtk-9.4.2\build_msvc\filters\extraction\filtersextraction.dir\release\filterse.a14d8243.tlog\cl.command.1.tlog
d:\cybermed\daddy\dependency\sdk-vtk-9.4.2\build_msvc\filters\extraction\filtersextraction.dir\release\filterse.a14d8243.tlog\cl.items.tlog
d:\cybermed\daddy\dependency\sdk-vtk-9.4.2\build_msvc\filters\extraction\filtersextraction.dir\release\filterse.a14d8243.tlog\cl.read.1.tlog
d:\cybermed\daddy\dependency\sdk-vtk-9.4.2\build_msvc\filters\extraction\filtersextraction.dir\release\filterse.a14d8243.tlog\cl.write.1.tlog
d:\cybermed\daddy\dependency\sdk-vtk-9.4.2\build_msvc\filters\extraction\filtersextraction.dir\release\filterse.a14d8243.tlog\custombuild.command.1.tlog
d:\cybermed\daddy\dependency\sdk-vtk-9.4.2\build_msvc\filters\extraction\filtersextraction.dir\release\filterse.a14d8243.tlog\custombuild.read.1.tlog
d:\cybermed\daddy\dependency\sdk-vtk-9.4.2\build_msvc\filters\extraction\filtersextraction.dir\release\filterse.a14d8243.tlog\custombuild.write.1.tlog
d:\cybermed\daddy\dependency\sdk-vtk-9.4.2\build_msvc\filters\extraction\filtersextraction.dir\release\filterse.a14d8243.tlog\link.command.1.tlog
d:\cybermed\daddy\dependency\sdk-vtk-9.4.2\build_msvc\filters\extraction\filtersextraction.dir\release\filterse.a14d8243.tlog\link.read.1.tlog
d:\cybermed\daddy\dependency\sdk-vtk-9.4.2\build_msvc\filters\extraction\filtersextraction.dir\release\filterse.a14d8243.tlog\link.secondary.1.tlog
d:\cybermed\daddy\dependency\sdk-vtk-9.4.2\build_msvc\filters\extraction\filtersextraction.dir\release\filterse.a14d8243.tlog\link.write.1.tlog
