d:\cybermed\daddy\dependency\sdk-vtk-9.4.2\build_msvc\thirdparty\kissfft\vtkkissfft\kissfft.dir\release\kiss_fftr.obj
d:\cybermed\daddy\dependency\sdk-vtk-9.4.2\build_msvc\thirdparty\kissfft\vtkkissfft\kissfft.dir\release\kiss_fftndr.obj
d:\cybermed\daddy\dependency\sdk-vtk-9.4.2\build_msvc\thirdparty\kissfft\vtkkissfft\kissfft.dir\release\kiss_fftnd.obj
d:\cybermed\daddy\dependency\sdk-vtk-9.4.2\build_msvc\thirdparty\kissfft\vtkkissfft\kissfft.dir\release\kiss_fastfir.obj
d:\cybermed\daddy\dependency\sdk-vtk-9.4.2\build_msvc\thirdparty\kissfft\vtkkissfft\kissfft.dir\release\kiss_fft.obj
d:\cybermed\daddy\dependency\sdk-vtk-9.4.2\build_msvc\thirdparty\kissfft\vtkkissfft\cmakefiles\generate.stamp
d:\cybermed\daddy\dependency\sdk-vtk-9.4.2\build_msvc\bin\release\vtkkissfft-9.4.dll
d:\cybermed\daddy\dependency\sdk-vtk-9.4.2\build_msvc\lib\release\vtkkissfft-9.4.lib
d:\cybermed\daddy\dependency\sdk-vtk-9.4.2\build_msvc\lib\release\vtkkissfft-9.4.exp
d:\cybermed\daddy\dependency\sdk-vtk-9.4.2\build_msvc\thirdparty\kissfft\vtkkissfft\kissfft.dir\release\kissfft.tlog\cl.command.1.tlog
d:\cybermed\daddy\dependency\sdk-vtk-9.4.2\build_msvc\thirdparty\kissfft\vtkkissfft\kissfft.dir\release\kissfft.tlog\cl.items.tlog
d:\cybermed\daddy\dependency\sdk-vtk-9.4.2\build_msvc\thirdparty\kissfft\vtkkissfft\kissfft.dir\release\kissfft.tlog\cl.read.1.tlog
d:\cybermed\daddy\dependency\sdk-vtk-9.4.2\build_msvc\thirdparty\kissfft\vtkkissfft\kissfft.dir\release\kissfft.tlog\cl.write.1.tlog
d:\cybermed\daddy\dependency\sdk-vtk-9.4.2\build_msvc\thirdparty\kissfft\vtkkissfft\kissfft.dir\release\kissfft.tlog\custombuild.command.1.tlog
d:\cybermed\daddy\dependency\sdk-vtk-9.4.2\build_msvc\thirdparty\kissfft\vtkkissfft\kissfft.dir\release\kissfft.tlog\custombuild.read.1.tlog
d:\cybermed\daddy\dependency\sdk-vtk-9.4.2\build_msvc\thirdparty\kissfft\vtkkissfft\kissfft.dir\release\kissfft.tlog\custombuild.write.1.tlog
d:\cybermed\daddy\dependency\sdk-vtk-9.4.2\build_msvc\thirdparty\kissfft\vtkkissfft\kissfft.dir\release\kissfft.tlog\link.command.1.tlog
d:\cybermed\daddy\dependency\sdk-vtk-9.4.2\build_msvc\thirdparty\kissfft\vtkkissfft\kissfft.dir\release\kissfft.tlog\link.read.1.tlog
d:\cybermed\daddy\dependency\sdk-vtk-9.4.2\build_msvc\thirdparty\kissfft\vtkkissfft\kissfft.dir\release\kissfft.tlog\link.secondary.1.tlog
d:\cybermed\daddy\dependency\sdk-vtk-9.4.2\build_msvc\thirdparty\kissfft\vtkkissfft\kissfft.dir\release\kissfft.tlog\link.write.1.tlog
