d:\cybermed\daddy\dependency\sdk-vtk-9.4.2\build_msvc\imaging\sources\imagingsources.dir\release\vtkimagesinusoidsource.obj
d:\cybermed\daddy\dependency\sdk-vtk-9.4.2\build_msvc\imaging\sources\imagingsources.dir\release\vtkimagenoisesource.obj
d:\cybermed\daddy\dependency\sdk-vtk-9.4.2\build_msvc\imaging\sources\imagingsources.dir\release\vtkimagemandelbrotsource.obj
d:\cybermed\daddy\dependency\sdk-vtk-9.4.2\build_msvc\imaging\sources\imagingsources.dir\release\vtkimagegridsource.obj
d:\cybermed\daddy\dependency\sdk-vtk-9.4.2\build_msvc\imaging\sources\imagingsources.dir\release\vtkimagegaussiansource.obj
d:\cybermed\daddy\dependency\sdk-vtk-9.4.2\build_msvc\imaging\sources\imagingsources.dir\release\vtkimageellipsoidsource.obj
d:\cybermed\daddy\dependency\sdk-vtk-9.4.2\build_msvc\imaging\sources\imagingsources.dir\release\vtkimagecanvassource2d.obj
d:\cybermed\daddy\dependency\sdk-vtk-9.4.2\build_msvc\imaging\sources\cmakefiles\generate.stamp
d:\cybermed\daddy\dependency\sdk-vtk-9.4.2\build_msvc\bin\release\vtkimagingsources-9.4.dll
d:\cybermed\daddy\dependency\sdk-vtk-9.4.2\build_msvc\lib\release\vtkimagingsources-9.4.lib
d:\cybermed\daddy\dependency\sdk-vtk-9.4.2\build_msvc\lib\release\vtkimagingsources-9.4.exp
d:\cybermed\daddy\dependency\sdk-vtk-9.4.2\build_msvc\imaging\sources\imagingsources.dir\release\imagingsources.tlog\cl.command.1.tlog
d:\cybermed\daddy\dependency\sdk-vtk-9.4.2\build_msvc\imaging\sources\imagingsources.dir\release\imagingsources.tlog\cl.items.tlog
d:\cybermed\daddy\dependency\sdk-vtk-9.4.2\build_msvc\imaging\sources\imagingsources.dir\release\imagingsources.tlog\cl.read.1.tlog
d:\cybermed\daddy\dependency\sdk-vtk-9.4.2\build_msvc\imaging\sources\imagingsources.dir\release\imagingsources.tlog\cl.write.1.tlog
d:\cybermed\daddy\dependency\sdk-vtk-9.4.2\build_msvc\imaging\sources\imagingsources.dir\release\imagingsources.tlog\custombuild.command.1.tlog
d:\cybermed\daddy\dependency\sdk-vtk-9.4.2\build_msvc\imaging\sources\imagingsources.dir\release\imagingsources.tlog\custombuild.read.1.tlog
d:\cybermed\daddy\dependency\sdk-vtk-9.4.2\build_msvc\imaging\sources\imagingsources.dir\release\imagingsources.tlog\custombuild.write.1.tlog
d:\cybermed\daddy\dependency\sdk-vtk-9.4.2\build_msvc\imaging\sources\imagingsources.dir\release\imagingsources.tlog\link.command.1.tlog
d:\cybermed\daddy\dependency\sdk-vtk-9.4.2\build_msvc\imaging\sources\imagingsources.dir\release\imagingsources.tlog\link.read.1.tlog
d:\cybermed\daddy\dependency\sdk-vtk-9.4.2\build_msvc\imaging\sources\imagingsources.dir\release\imagingsources.tlog\link.secondary.1.tlog
d:\cybermed\daddy\dependency\sdk-vtk-9.4.2\build_msvc\imaging\sources\imagingsources.dir\release\imagingsources.tlog\link.write.1.tlog
