d:\cybermed\daddy\dependency\dcmtk-dcmtk-3.6.8\build_msvc\dcmwlm\libsrc\dcmwlm.dir\debug\vc143.pdb
d:\cybermed\daddy\dependency\dcmtk-dcmtk-3.6.8\build_msvc\dcmwlm\libsrc\dcmwlm.dir\debug\wlmactmg.obj
d:\cybermed\daddy\dependency\dcmtk-dcmtk-3.6.8\build_msvc\dcmwlm\libsrc\dcmwlm.dir\debug\wlfsim.obj
d:\cybermed\daddy\dependency\dcmtk-dcmtk-3.6.8\build_msvc\dcmwlm\libsrc\dcmwlm.dir\debug\wldsfs.obj
d:\cybermed\daddy\dependency\dcmtk-dcmtk-3.6.8\build_msvc\dcmwlm\libsrc\dcmwlm.dir\debug\wlds.obj
d:\cybermed\daddy\dependency\dcmtk-dcmtk-3.6.8\build_msvc\dcmwlm\libsrc\cmakefiles\generate.stamp
d:\cybermed\daddy\dependency\dcmtk-dcmtk-3.6.8\build_msvc\lib\debug\dcmwlm.lib
d:\cybermed\daddy\dependency\dcmtk-dcmtk-3.6.8\build_msvc\bin\debug\dcmwlm.dll
d:\cybermed\daddy\dependency\dcmtk-dcmtk-3.6.8\build_msvc\bin\debug\dcmwlm.pdb
d:\cybermed\daddy\dependency\dcmtk-dcmtk-3.6.8\build_msvc\lib\debug\dcmwlm.exp
d:\cybermed\daddy\dependency\dcmtk-dcmtk-3.6.8\build_msvc\dcmwlm\libsrc\dcmwlm.dir\debug\dcmwlm.ilk
d:\cybermed\daddy\dependency\dcmtk-dcmtk-3.6.8\build_msvc\dcmwlm\libsrc\dcmwlm.dir\debug\dcmwlm.tlog\cl.command.1.tlog
d:\cybermed\daddy\dependency\dcmtk-dcmtk-3.6.8\build_msvc\dcmwlm\libsrc\dcmwlm.dir\debug\dcmwlm.tlog\cl.items.tlog
d:\cybermed\daddy\dependency\dcmtk-dcmtk-3.6.8\build_msvc\dcmwlm\libsrc\dcmwlm.dir\debug\dcmwlm.tlog\cl.read.1.tlog
d:\cybermed\daddy\dependency\dcmtk-dcmtk-3.6.8\build_msvc\dcmwlm\libsrc\dcmwlm.dir\debug\dcmwlm.tlog\cl.write.1.tlog
d:\cybermed\daddy\dependency\dcmtk-dcmtk-3.6.8\build_msvc\dcmwlm\libsrc\dcmwlm.dir\debug\dcmwlm.tlog\custombuild.command.1.tlog
d:\cybermed\daddy\dependency\dcmtk-dcmtk-3.6.8\build_msvc\dcmwlm\libsrc\dcmwlm.dir\debug\dcmwlm.tlog\custombuild.read.1.tlog
d:\cybermed\daddy\dependency\dcmtk-dcmtk-3.6.8\build_msvc\dcmwlm\libsrc\dcmwlm.dir\debug\dcmwlm.tlog\custombuild.write.1.tlog
d:\cybermed\daddy\dependency\dcmtk-dcmtk-3.6.8\build_msvc\dcmwlm\libsrc\dcmwlm.dir\debug\dcmwlm.tlog\lib-link.read.1.tlog
d:\cybermed\daddy\dependency\dcmtk-dcmtk-3.6.8\build_msvc\dcmwlm\libsrc\dcmwlm.dir\debug\dcmwlm.tlog\lib-link.write.1.tlog
d:\cybermed\daddy\dependency\dcmtk-dcmtk-3.6.8\build_msvc\dcmwlm\libsrc\dcmwlm.dir\debug\dcmwlm.tlog\lib.command.1.tlog
d:\cybermed\daddy\dependency\dcmtk-dcmtk-3.6.8\build_msvc\dcmwlm\libsrc\dcmwlm.dir\debug\dcmwlm.tlog\link.command.1.tlog
d:\cybermed\daddy\dependency\dcmtk-dcmtk-3.6.8\build_msvc\dcmwlm\libsrc\dcmwlm.dir\debug\dcmwlm.tlog\link.read.1.tlog
d:\cybermed\daddy\dependency\dcmtk-dcmtk-3.6.8\build_msvc\dcmwlm\libsrc\dcmwlm.dir\debug\dcmwlm.tlog\link.secondary.1.tlog
d:\cybermed\daddy\dependency\dcmtk-dcmtk-3.6.8\build_msvc\dcmwlm\libsrc\dcmwlm.dir\debug\dcmwlm.tlog\link.write.1.tlog
