d:\cybermed\daddy\dependency\sdk-vtk-9.4.2\build_msvc\lib\debug\vtkfreetype-9.4d.pdb
d:\cybermed\daddy\dependency\sdk-vtk-9.4.2\build_msvc\thirdparty\freetype\vtkfreetype\freetype.dir\debug\ftsdf.obj
d:\cybermed\daddy\dependency\sdk-vtk-9.4.2\build_msvc\thirdparty\freetype\vtkfreetype\freetype.dir\debug\ftbsdf.obj
d:\cybermed\daddy\dependency\sdk-vtk-9.4.2\build_msvc\thirdparty\freetype\vtkfreetype\freetype.dir\debug\raster.obj
d:\cybermed\daddy\dependency\sdk-vtk-9.4.2\build_msvc\thirdparty\freetype\vtkfreetype\freetype.dir\debug\psmodule.obj
d:\cybermed\daddy\dependency\sdk-vtk-9.4.2\build_msvc\thirdparty\freetype\vtkfreetype\freetype.dir\debug\pshinter.obj
d:\cybermed\daddy\dependency\sdk-vtk-9.4.2\build_msvc\thirdparty\freetype\vtkfreetype\freetype.dir\debug\psaux.obj
d:\cybermed\daddy\dependency\sdk-vtk-9.4.2\build_msvc\thirdparty\freetype\vtkfreetype\freetype.dir\debug\pfr.obj
d:\cybermed\daddy\dependency\sdk-vtk-9.4.2\build_msvc\thirdparty\freetype\vtkfreetype\freetype.dir\debug\pcf.obj
d:\cybermed\daddy\dependency\sdk-vtk-9.4.2\build_msvc\thirdparty\freetype\vtkfreetype\freetype.dir\debug\ftlzw.obj
d:\cybermed\daddy\dependency\sdk-vtk-9.4.2\build_msvc\thirdparty\freetype\vtkfreetype\freetype.dir\debug\ftgzip.obj
d:\cybermed\daddy\dependency\sdk-vtk-9.4.2\build_msvc\thirdparty\freetype\vtkfreetype\freetype.dir\debug\type1cid.obj
d:\cybermed\daddy\dependency\sdk-vtk-9.4.2\build_msvc\thirdparty\freetype\vtkfreetype\freetype.dir\debug\cff.obj
d:\cybermed\daddy\dependency\sdk-vtk-9.4.2\build_msvc\thirdparty\freetype\vtkfreetype\freetype.dir\debug\ftcache.obj
d:\cybermed\daddy\dependency\sdk-vtk-9.4.2\build_msvc\thirdparty\freetype\vtkfreetype\freetype.dir\debug\bdf.obj
d:\cybermed\daddy\dependency\sdk-vtk-9.4.2\build_msvc\thirdparty\freetype\vtkfreetype\freetype.dir\debug\ftmm.obj
d:\cybermed\daddy\dependency\sdk-vtk-9.4.2\build_msvc\thirdparty\freetype\vtkfreetype\freetype.dir\debug\ftinit.obj
d:\cybermed\daddy\dependency\sdk-vtk-9.4.2\build_msvc\thirdparty\freetype\vtkfreetype\freetype.dir\debug\ftglyph.obj
d:\cybermed\daddy\dependency\sdk-vtk-9.4.2\build_msvc\thirdparty\freetype\vtkfreetype\freetype.dir\debug\ftbitmap.obj
d:\cybermed\daddy\dependency\sdk-vtk-9.4.2\build_msvc\thirdparty\freetype\vtkfreetype\freetype.dir\debug\ftbbox.obj
d:\cybermed\daddy\dependency\sdk-vtk-9.4.2\build_msvc\thirdparty\freetype\vtkfreetype\freetype.dir\debug\ftbase.obj
d:\cybermed\daddy\dependency\sdk-vtk-9.4.2\build_msvc\thirdparty\freetype\vtkfreetype\freetype.dir\debug\ftsystem.obj
d:\cybermed\daddy\dependency\sdk-vtk-9.4.2\build_msvc\thirdparty\freetype\vtkfreetype\freetype.dir\debug\ftdebug.obj
d:\cybermed\daddy\dependency\sdk-vtk-9.4.2\build_msvc\thirdparty\freetype\vtkfreetype\freetype.dir\debug\winfnt.obj
d:\cybermed\daddy\dependency\sdk-vtk-9.4.2\build_msvc\thirdparty\freetype\vtkfreetype\freetype.dir\debug\type42.obj
d:\cybermed\daddy\dependency\sdk-vtk-9.4.2\build_msvc\thirdparty\freetype\vtkfreetype\freetype.dir\debug\type1.obj
d:\cybermed\daddy\dependency\sdk-vtk-9.4.2\build_msvc\thirdparty\freetype\vtkfreetype\freetype.dir\debug\truetype.obj
d:\cybermed\daddy\dependency\sdk-vtk-9.4.2\build_msvc\thirdparty\freetype\vtkfreetype\freetype.dir\debug\svg.obj
d:\cybermed\daddy\dependency\sdk-vtk-9.4.2\build_msvc\thirdparty\freetype\vtkfreetype\freetype.dir\debug\smooth.obj
d:\cybermed\daddy\dependency\sdk-vtk-9.4.2\build_msvc\thirdparty\freetype\vtkfreetype\freetype.dir\debug\sfnt.obj
d:\cybermed\daddy\dependency\sdk-vtk-9.4.2\build_msvc\thirdparty\freetype\vtkfreetype\freetype.dir\debug\ftsdfrend.obj
d:\cybermed\daddy\dependency\sdk-vtk-9.4.2\build_msvc\thirdparty\freetype\vtkfreetype\freetype.dir\debug\ftsdfcommon.obj
d:\cybermed\daddy\dependency\sdk-vtk-9.4.2\build_msvc\thirdparty\freetype\vtkfreetype\freetype.dir\debug\vc143.pdb
d:\cybermed\daddy\dependency\sdk-vtk-9.4.2\build_msvc\thirdparty\freetype\vtkfreetype\cmakefiles\generate.stamp
d:\cybermed\daddy\dependency\sdk-vtk-9.4.2\build_msvc\lib\debug\vtkfreetype-9.4d.lib
d:\cybermed\daddy\dependency\sdk-vtk-9.4.2\build_msvc\bin\debug\vtkfreetype-9.4d.dll
d:\cybermed\daddy\dependency\sdk-vtk-9.4.2\build_msvc\bin\debug\vtkfreetype-9.4d.pdb
d:\cybermed\daddy\dependency\sdk-vtk-9.4.2\build_msvc\lib\debug\vtkfreetype-9.4d.exp
d:\cybermed\daddy\dependency\sdk-vtk-9.4.2\build_msvc\thirdparty\freetype\vtkfreetype\freetype.dir\debug\vtkfreetype-9.4d.ilk
d:\cybermed\daddy\dependency\sdk-vtk-9.4.2\build_msvc\thirdparty\freetype\vtkfreetype\freetype.dir\debug\freetype.tlog\cl.command.1.tlog
d:\cybermed\daddy\dependency\sdk-vtk-9.4.2\build_msvc\thirdparty\freetype\vtkfreetype\freetype.dir\debug\freetype.tlog\cl.items.tlog
d:\cybermed\daddy\dependency\sdk-vtk-9.4.2\build_msvc\thirdparty\freetype\vtkfreetype\freetype.dir\debug\freetype.tlog\cl.read.1.tlog
d:\cybermed\daddy\dependency\sdk-vtk-9.4.2\build_msvc\thirdparty\freetype\vtkfreetype\freetype.dir\debug\freetype.tlog\cl.write.1.tlog
d:\cybermed\daddy\dependency\sdk-vtk-9.4.2\build_msvc\thirdparty\freetype\vtkfreetype\freetype.dir\debug\freetype.tlog\custombuild.command.1.tlog
d:\cybermed\daddy\dependency\sdk-vtk-9.4.2\build_msvc\thirdparty\freetype\vtkfreetype\freetype.dir\debug\freetype.tlog\custombuild.read.1.tlog
d:\cybermed\daddy\dependency\sdk-vtk-9.4.2\build_msvc\thirdparty\freetype\vtkfreetype\freetype.dir\debug\freetype.tlog\custombuild.write.1.tlog
d:\cybermed\daddy\dependency\sdk-vtk-9.4.2\build_msvc\thirdparty\freetype\vtkfreetype\freetype.dir\debug\freetype.tlog\lib-link.read.1.tlog
d:\cybermed\daddy\dependency\sdk-vtk-9.4.2\build_msvc\thirdparty\freetype\vtkfreetype\freetype.dir\debug\freetype.tlog\lib-link.write.1.tlog
d:\cybermed\daddy\dependency\sdk-vtk-9.4.2\build_msvc\thirdparty\freetype\vtkfreetype\freetype.dir\debug\freetype.tlog\lib.command.1.tlog
d:\cybermed\daddy\dependency\sdk-vtk-9.4.2\build_msvc\thirdparty\freetype\vtkfreetype\freetype.dir\debug\freetype.tlog\link.command.1.tlog
d:\cybermed\daddy\dependency\sdk-vtk-9.4.2\build_msvc\thirdparty\freetype\vtkfreetype\freetype.dir\debug\freetype.tlog\link.read.1.tlog
d:\cybermed\daddy\dependency\sdk-vtk-9.4.2\build_msvc\thirdparty\freetype\vtkfreetype\freetype.dir\debug\freetype.tlog\link.secondary.1.tlog
d:\cybermed\daddy\dependency\sdk-vtk-9.4.2\build_msvc\thirdparty\freetype\vtkfreetype\freetype.dir\debug\freetype.tlog\link.write.1.tlog
