d:\cybermed\daddy\dependency\sdk-vtk-9.4.2\build_msvc\lib\debug\vtkimagingcore-9.4d.pdb
d:\cybermed\daddy\dependency\sdk-vtk-9.4.2\build_msvc\imaging\core\imagingcore.dir\debug\vtkimageiteratefilter.obj
d:\cybermed\daddy\dependency\sdk-vtk-9.4.2\build_msvc\imaging\core\imagingcore.dir\debug\vtkimageinterpolator.obj
d:\cybermed\daddy\dependency\sdk-vtk-9.4.2\build_msvc\imaging\core\imagingcore.dir\debug\vtkimageflip.obj
d:\cybermed\daddy\dependency\sdk-vtk-9.4.2\build_msvc\imaging\core\imagingcore.dir\debug\vtkimageextractcomponents.obj
d:\cybermed\daddy\dependency\sdk-vtk-9.4.2\build_msvc\imaging\core\imagingcore.dir\debug\vtkimagedifference.obj
d:\cybermed\daddy\dependency\sdk-vtk-9.4.2\build_msvc\imaging\core\imagingcore.dir\debug\vtkimagedecomposefilter.obj
d:\cybermed\daddy\dependency\sdk-vtk-9.4.2\build_msvc\imaging\core\imagingcore.dir\debug\vtkimagedatastreamer.obj
d:\cybermed\daddy\dependency\sdk-vtk-9.4.2\build_msvc\imaging\core\imagingcore.dir\debug\vtkimageconstantpad.obj
d:\cybermed\daddy\dependency\sdk-vtk-9.4.2\build_msvc\imaging\core\imagingcore.dir\debug\vtkimageclip.obj
d:\cybermed\daddy\dependency\sdk-vtk-9.4.2\build_msvc\imaging\core\imagingcore.dir\debug\vtkimagechangeinformation.obj
d:\cybermed\daddy\dependency\sdk-vtk-9.4.2\build_msvc\imaging\core\imagingcore.dir\debug\vtkimagecast.obj
d:\cybermed\daddy\dependency\sdk-vtk-9.4.2\build_msvc\imaging\core\imagingcore.dir\debug\vtkimagecachefilter.obj
d:\cybermed\daddy\dependency\sdk-vtk-9.4.2\build_msvc\imaging\core\imagingcore.dir\debug\vtkimagebsplineinterpolator.obj
d:\cybermed\daddy\dependency\sdk-vtk-9.4.2\build_msvc\imaging\core\imagingcore.dir\debug\vtkimagebsplineinternals.obj
d:\cybermed\daddy\dependency\sdk-vtk-9.4.2\build_msvc\imaging\core\imagingcore.dir\debug\vtkimagebsplinecoefficients.obj
d:\cybermed\daddy\dependency\sdk-vtk-9.4.2\build_msvc\imaging\core\imagingcore.dir\debug\vtkimageblend.obj
d:\cybermed\daddy\dependency\sdk-vtk-9.4.2\build_msvc\imaging\core\imagingcore.dir\debug\vtkimageappendcomponents.obj
d:\cybermed\daddy\dependency\sdk-vtk-9.4.2\build_msvc\imaging\core\imagingcore.dir\debug\vtkgenericimageinterpolator.obj
d:\cybermed\daddy\dependency\sdk-vtk-9.4.2\build_msvc\imaging\core\imagingcore.dir\debug\vtkextractvoi.obj
d:\cybermed\daddy\dependency\sdk-vtk-9.4.2\build_msvc\imaging\core\imagingcore.dir\debug\vtkabstractimageinterpolator.obj
d:\cybermed\daddy\dependency\sdk-vtk-9.4.2\build_msvc\imaging\core\imagingcore.dir\debug\vtkimagestencilsource.obj
d:\cybermed\daddy\dependency\sdk-vtk-9.4.2\build_msvc\imaging\core\imagingcore.dir\debug\vtkimagestenciliterator.obj
d:\cybermed\daddy\dependency\sdk-vtk-9.4.2\build_msvc\imaging\core\imagingcore.dir\debug\vtkimagestencildata.obj
d:\cybermed\daddy\dependency\sdk-vtk-9.4.2\build_msvc\imaging\core\imagingcore.dir\debug\vtkimagestencilalgorithm.obj
d:\cybermed\daddy\dependency\sdk-vtk-9.4.2\build_msvc\imaging\core\imagingcore.dir\debug\vtkimagesincinterpolator.obj
d:\cybermed\daddy\dependency\sdk-vtk-9.4.2\build_msvc\imaging\core\imagingcore.dir\debug\vtkimageshrink3d.obj
d:\cybermed\daddy\dependency\sdk-vtk-9.4.2\build_msvc\imaging\core\imagingcore.dir\debug\vtkimageshiftscale.obj
d:\cybermed\daddy\dependency\sdk-vtk-9.4.2\build_msvc\imaging\core\imagingcore.dir\debug\vtkimagereslicetocolors.obj
d:\cybermed\daddy\dependency\sdk-vtk-9.4.2\build_msvc\imaging\core\imagingcore.dir\debug\vtkimagereslice.obj
d:\cybermed\daddy\dependency\sdk-vtk-9.4.2\build_msvc\imaging\core\imagingcore.dir\debug\vtkimageresize.obj
d:\cybermed\daddy\dependency\sdk-vtk-9.4.2\build_msvc\imaging\core\imagingcore.dir\debug\vtkimageresample.obj
d:\cybermed\daddy\dependency\sdk-vtk-9.4.2\build_msvc\imaging\core\imagingcore.dir\debug\vtkimageprobefilter.obj
d:\cybermed\daddy\dependency\sdk-vtk-9.4.2\build_msvc\imaging\core\imagingcore.dir\debug\vtkimagepointiterator.obj
d:\cybermed\daddy\dependency\sdk-vtk-9.4.2\build_msvc\imaging\core\imagingcore.dir\debug\vtkimagepointdataiterator.obj
d:\cybermed\daddy\dependency\sdk-vtk-9.4.2\build_msvc\imaging\core\imagingcore.dir\debug\vtkimagepermute.obj
d:\cybermed\daddy\dependency\sdk-vtk-9.4.2\build_msvc\imaging\core\imagingcore.dir\debug\vtkimagepadfilter.obj
d:\cybermed\daddy\dependency\sdk-vtk-9.4.2\build_msvc\imaging\core\imagingcore.dir\debug\vtkimagemirrorpad.obj
d:\cybermed\daddy\dependency\sdk-vtk-9.4.2\build_msvc\imaging\core\imagingcore.dir\debug\vtkimagemask.obj
d:\cybermed\daddy\dependency\sdk-vtk-9.4.2\build_msvc\imaging\core\imagingcore.dir\debug\vtkimagemaptocolors.obj
d:\cybermed\daddy\dependency\sdk-vtk-9.4.2\build_msvc\imaging\core\imagingcore.dir\debug\vtkimagemagnify.obj
d:\cybermed\daddy\dependency\sdk-vtk-9.4.2\build_msvc\imaging\core\imagingcore.dir\debug\vtkrtanalyticsource.obj
d:\cybermed\daddy\dependency\sdk-vtk-9.4.2\build_msvc\imaging\core\imagingcore.dir\debug\vtkimagewrappad.obj
d:\cybermed\daddy\dependency\sdk-vtk-9.4.2\build_msvc\imaging\core\imagingcore.dir\debug\vtkimagetranslateextent.obj
d:\cybermed\daddy\dependency\sdk-vtk-9.4.2\build_msvc\imaging\core\imagingcore.dir\debug\vtkimagethreshold.obj
d:\cybermed\daddy\dependency\sdk-vtk-9.4.2\build_msvc\imaging\core\imagingcore.dir\debug\vtkimagessim.obj
d:\cybermed\daddy\dependency\sdk-vtk-9.4.2\build_msvc\imaging\core\imagingcore.dir\debug\vc143.pdb
d:\cybermed\daddy\dependency\sdk-vtk-9.4.2\build_msvc\imaging\core\cmakefiles\generate.stamp
d:\cybermed\daddy\dependency\sdk-vtk-9.4.2\build_msvc\lib\debug\vtkimagingcore-9.4d.lib
d:\cybermed\daddy\dependency\sdk-vtk-9.4.2\build_msvc\bin\debug\vtkimagingcore-9.4d.dll
d:\cybermed\daddy\dependency\sdk-vtk-9.4.2\build_msvc\bin\debug\vtkimagingcore-9.4d.pdb
d:\cybermed\daddy\dependency\sdk-vtk-9.4.2\build_msvc\lib\debug\vtkimagingcore-9.4d.exp
d:\cybermed\daddy\dependency\sdk-vtk-9.4.2\build_msvc\imaging\core\imagingcore.dir\debug\vtkimagingcore-9.4d.ilk
d:\cybermed\daddy\dependency\sdk-vtk-9.4.2\build_msvc\imaging\core\imagingcore.dir\debug\imagingcore.tlog\cl.command.1.tlog
d:\cybermed\daddy\dependency\sdk-vtk-9.4.2\build_msvc\imaging\core\imagingcore.dir\debug\imagingcore.tlog\cl.items.tlog
d:\cybermed\daddy\dependency\sdk-vtk-9.4.2\build_msvc\imaging\core\imagingcore.dir\debug\imagingcore.tlog\cl.read.1.tlog
d:\cybermed\daddy\dependency\sdk-vtk-9.4.2\build_msvc\imaging\core\imagingcore.dir\debug\imagingcore.tlog\cl.write.1.tlog
d:\cybermed\daddy\dependency\sdk-vtk-9.4.2\build_msvc\imaging\core\imagingcore.dir\debug\imagingcore.tlog\custombuild.command.1.tlog
d:\cybermed\daddy\dependency\sdk-vtk-9.4.2\build_msvc\imaging\core\imagingcore.dir\debug\imagingcore.tlog\custombuild.read.1.tlog
d:\cybermed\daddy\dependency\sdk-vtk-9.4.2\build_msvc\imaging\core\imagingcore.dir\debug\imagingcore.tlog\custombuild.write.1.tlog
d:\cybermed\daddy\dependency\sdk-vtk-9.4.2\build_msvc\imaging\core\imagingcore.dir\debug\imagingcore.tlog\lib-link.read.1.tlog
d:\cybermed\daddy\dependency\sdk-vtk-9.4.2\build_msvc\imaging\core\imagingcore.dir\debug\imagingcore.tlog\lib-link.write.1.tlog
d:\cybermed\daddy\dependency\sdk-vtk-9.4.2\build_msvc\imaging\core\imagingcore.dir\debug\imagingcore.tlog\lib.command.1.tlog
d:\cybermed\daddy\dependency\sdk-vtk-9.4.2\build_msvc\imaging\core\imagingcore.dir\debug\imagingcore.tlog\link.command.1.tlog
d:\cybermed\daddy\dependency\sdk-vtk-9.4.2\build_msvc\imaging\core\imagingcore.dir\debug\imagingcore.tlog\link.read.1.tlog
d:\cybermed\daddy\dependency\sdk-vtk-9.4.2\build_msvc\imaging\core\imagingcore.dir\debug\imagingcore.tlog\link.secondary.1.tlog
d:\cybermed\daddy\dependency\sdk-vtk-9.4.2\build_msvc\imaging\core\imagingcore.dir\debug\imagingcore.tlog\link.write.1.tlog
