d:\cybermed\daddy\dependency\dcmtk-dcmtk-3.6.8\build_msvc\dcmimgle\libsrc\dcmimgle.dir\release\dimoopx.obj
d:\cybermed\daddy\dependency\dcmtk-dcmtk-3.6.8\build_msvc\dcmimgle\libsrc\dcmimgle.dir\release\dimomod.obj
d:\cybermed\daddy\dependency\dcmtk-dcmtk-3.6.8\build_msvc\dcmimgle\libsrc\dcmimgle.dir\release\dimoimg5.obj
d:\cybermed\daddy\dependency\dcmtk-dcmtk-3.6.8\build_msvc\dcmimgle\libsrc\dcmimgle.dir\release\dimoimg4.obj
d:\cybermed\daddy\dependency\dcmtk-dcmtk-3.6.8\build_msvc\dcmimgle\libsrc\dcmimgle.dir\release\dimoimg3.obj
d:\cybermed\daddy\dependency\dcmtk-dcmtk-3.6.8\build_msvc\dcmimgle\libsrc\dcmimgle.dir\release\dimoimg.obj
d:\cybermed\daddy\dependency\dcmtk-dcmtk-3.6.8\build_msvc\dcmimgle\libsrc\dcmimgle.dir\release\dimo2img.obj
d:\cybermed\daddy\dependency\dcmtk-dcmtk-3.6.8\build_msvc\dcmimgle\libsrc\dcmimgle.dir\release\dimo1img.obj
d:\cybermed\daddy\dependency\dcmtk-dcmtk-3.6.8\build_msvc\dcmimgle\libsrc\dcmimgle.dir\release\diluptab.obj
d:\cybermed\daddy\dependency\dcmtk-dcmtk-3.6.8\build_msvc\dcmimgle\libsrc\dcmimgle.dir\release\diinpx.obj
d:\cybermed\daddy\dependency\dcmtk-dcmtk-3.6.8\build_msvc\dcmimgle\libsrc\dcmimgle.dir\release\diimage.obj
d:\cybermed\daddy\dependency\dcmtk-dcmtk-3.6.8\build_msvc\dcmimgle\libsrc\dcmimgle.dir\release\digsdlut.obj
d:\cybermed\daddy\dependency\dcmtk-dcmtk-3.6.8\build_msvc\dcmimgle\libsrc\dcmimgle.dir\release\digsdfn.obj
d:\cybermed\daddy\dependency\dcmtk-dcmtk-3.6.8\build_msvc\dcmimgle\libsrc\dcmimgle.dir\release\didocu.obj
d:\cybermed\daddy\dependency\dcmtk-dcmtk-3.6.8\build_msvc\dcmimgle\libsrc\dcmimgle.dir\release\didispfn.obj
d:\cybermed\daddy\dependency\dcmtk-dcmtk-3.6.8\build_msvc\dcmimgle\libsrc\dcmimgle.dir\release\didislut.obj
d:\cybermed\daddy\dependency\dcmtk-dcmtk-3.6.8\build_msvc\dcmimgle\libsrc\dcmimgle.dir\release\dicielut.obj
d:\cybermed\daddy\dependency\dcmtk-dcmtk-3.6.8\build_msvc\dcmimgle\libsrc\dcmimgle.dir\release\diciefn.obj
d:\cybermed\daddy\dependency\dcmtk-dcmtk-3.6.8\build_msvc\dcmimgle\libsrc\dcmimgle.dir\release\dibaslut.obj
d:\cybermed\daddy\dependency\dcmtk-dcmtk-3.6.8\build_msvc\dcmimgle\libsrc\dcmimgle.dir\release\dcmimage.obj
d:\cybermed\daddy\dependency\dcmtk-dcmtk-3.6.8\build_msvc\dcmimgle\libsrc\dcmimgle.dir\release\diutils.obj
d:\cybermed\daddy\dependency\dcmtk-dcmtk-3.6.8\build_msvc\dcmimgle\libsrc\dcmimgle.dir\release\diovpln.obj
d:\cybermed\daddy\dependency\dcmtk-dcmtk-3.6.8\build_msvc\dcmimgle\libsrc\dcmimgle.dir\release\diovlimg.obj
d:\cybermed\daddy\dependency\dcmtk-dcmtk-3.6.8\build_msvc\dcmimgle\libsrc\dcmimgle.dir\release\diovlay.obj
d:\cybermed\daddy\dependency\dcmtk-dcmtk-3.6.8\build_msvc\dcmimgle\libsrc\dcmimgle.dir\release\diovdat.obj
d:\cybermed\daddy\dependency\dcmtk-dcmtk-3.6.8\build_msvc\dcmimgle\libsrc\dcmimgle.dir\release\dimopx.obj
d:\cybermed\daddy\dependency\dcmtk-dcmtk-3.6.8\build_msvc\dcmimgle\libsrc\cmakefiles\generate.stamp
d:\cybermed\daddy\dependency\dcmtk-dcmtk-3.6.8\build_msvc\lib\release\dcmimgle.lib
d:\cybermed\daddy\dependency\dcmtk-dcmtk-3.6.8\build_msvc\bin\release\dcmimgle.dll
d:\cybermed\daddy\dependency\dcmtk-dcmtk-3.6.8\build_msvc\lib\release\dcmimgle.exp
d:\cybermed\daddy\dependency\dcmtk-dcmtk-3.6.8\build_msvc\dcmimgle\libsrc\dcmimgle.dir\release\dcmimgle.tlog\cl.command.1.tlog
d:\cybermed\daddy\dependency\dcmtk-dcmtk-3.6.8\build_msvc\dcmimgle\libsrc\dcmimgle.dir\release\dcmimgle.tlog\cl.items.tlog
d:\cybermed\daddy\dependency\dcmtk-dcmtk-3.6.8\build_msvc\dcmimgle\libsrc\dcmimgle.dir\release\dcmimgle.tlog\cl.read.1.tlog
d:\cybermed\daddy\dependency\dcmtk-dcmtk-3.6.8\build_msvc\dcmimgle\libsrc\dcmimgle.dir\release\dcmimgle.tlog\cl.write.1.tlog
d:\cybermed\daddy\dependency\dcmtk-dcmtk-3.6.8\build_msvc\dcmimgle\libsrc\dcmimgle.dir\release\dcmimgle.tlog\custombuild.command.1.tlog
d:\cybermed\daddy\dependency\dcmtk-dcmtk-3.6.8\build_msvc\dcmimgle\libsrc\dcmimgle.dir\release\dcmimgle.tlog\custombuild.read.1.tlog
d:\cybermed\daddy\dependency\dcmtk-dcmtk-3.6.8\build_msvc\dcmimgle\libsrc\dcmimgle.dir\release\dcmimgle.tlog\custombuild.write.1.tlog
d:\cybermed\daddy\dependency\dcmtk-dcmtk-3.6.8\build_msvc\dcmimgle\libsrc\dcmimgle.dir\release\dcmimgle.tlog\lib-link.read.1.tlog
d:\cybermed\daddy\dependency\dcmtk-dcmtk-3.6.8\build_msvc\dcmimgle\libsrc\dcmimgle.dir\release\dcmimgle.tlog\lib-link.write.1.tlog
d:\cybermed\daddy\dependency\dcmtk-dcmtk-3.6.8\build_msvc\dcmimgle\libsrc\dcmimgle.dir\release\dcmimgle.tlog\lib.command.1.tlog
d:\cybermed\daddy\dependency\dcmtk-dcmtk-3.6.8\build_msvc\dcmimgle\libsrc\dcmimgle.dir\release\dcmimgle.tlog\link.command.1.tlog
d:\cybermed\daddy\dependency\dcmtk-dcmtk-3.6.8\build_msvc\dcmimgle\libsrc\dcmimgle.dir\release\dcmimgle.tlog\link.read.1.tlog
d:\cybermed\daddy\dependency\dcmtk-dcmtk-3.6.8\build_msvc\dcmimgle\libsrc\dcmimgle.dir\release\dcmimgle.tlog\link.secondary.1.tlog
d:\cybermed\daddy\dependency\dcmtk-dcmtk-3.6.8\build_msvc\dcmimgle\libsrc\dcmimgle.dir\release\dcmimgle.tlog\link.write.1.tlog
