d:\cybermed\daddy\dependency\sdk-vtk-9.4.2\build_msvc\rendering\volumeopengl2\renderingvolumeopengl2.dir\release\vtkvolumeinputhelper.obj
d:\cybermed\daddy\dependency\sdk-vtk-9.4.2\build_msvc\rendering\volumeopengl2\renderingvolumeopengl2.dir\release\vtkopenglvolumetransferfunction2d.obj
d:\cybermed\daddy\dependency\sdk-vtk-9.4.2\build_msvc\rendering\volumeopengl2\renderingvolumeopengl2.dir\release\vtkopenglvolumergbtable.obj
d:\cybermed\daddy\dependency\sdk-vtk-9.4.2\build_msvc\rendering\volumeopengl2\renderingvolumeopengl2.dir\release\vtkopenglvolumeopacitytable.obj
d:\cybermed\daddy\dependency\sdk-vtk-9.4.2\build_msvc\rendering\volumeopengl2\renderingvolumeopengl2.dir\release\vtkopenglvolumemasktransferfunction2d.obj
d:\cybermed\daddy\dependency\sdk-vtk-9.4.2\build_msvc\rendering\volumeopengl2\renderingvolumeopengl2.dir\release\vtkopenglvolumemaskgradientopacitytransferfunction2d.obj
d:\cybermed\daddy\dependency\sdk-vtk-9.4.2\build_msvc\rendering\volumeopengl2\renderingvolumeopengl2.dir\release\vtkopenglvolumelookuptable.obj
d:\cybermed\daddy\dependency\sdk-vtk-9.4.2\build_msvc\rendering\volumeopengl2\renderingvolumeopengl2.dir\release\vtkopenglvolumegradientopacitytable.obj
d:\cybermed\daddy\dependency\sdk-vtk-9.4.2\build_msvc\rendering\volumeopengl2\renderingvolumeopengl2.dir\release\vtkvolumetexture.obj
d:\cybermed\daddy\dependency\sdk-vtk-9.4.2\build_msvc\rendering\volumeopengl2\renderingvolumeopengl2.dir\release\vtksmartvolumemapper.obj
d:\cybermed\daddy\dependency\sdk-vtk-9.4.2\build_msvc\rendering\volumeopengl2\renderingvolumeopengl2.dir\release\vtkopenglraycastimagedisplayhelper.obj
d:\cybermed\daddy\dependency\sdk-vtk-9.4.2\build_msvc\rendering\volumeopengl2\renderingvolumeopengl2.dir\release\vtkopenglprojectedtetrahedramapper.obj
d:\cybermed\daddy\dependency\sdk-vtk-9.4.2\build_msvc\rendering\volumeopengl2\renderingvolumeopengl2.dir\release\vtkopenglgpuvolumeraycastmapper.obj
d:\cybermed\daddy\dependency\sdk-vtk-9.4.2\build_msvc\rendering\volumeopengl2\renderingvolumeopengl2.dir\release\vtkmultiblockvolumemapper.obj
d:\cybermed\daddy\dependency\sdk-vtk-9.4.2\build_msvc\rendering\volumeopengl2\renderingvolumeopengl2.dir\release\vtkmultiblockunstructuredgridvolumemapper.obj
d:\cybermed\daddy\dependency\sdk-vtk-9.4.2\build_msvc\rendering\volumeopengl2\renderingvolumeopengl2.dir\release\vtkrenderingvolumeopengl2objectfactory.obj
d:\cybermed\daddy\dependency\sdk-vtk-9.4.2\build_msvc\rendering\volumeopengl2\renderingvolumeopengl2.dir\release\vtkglprojectedtetrahedravs.obj
d:\cybermed\daddy\dependency\sdk-vtk-9.4.2\build_msvc\rendering\volumeopengl2\renderingvolumeopengl2.dir\release\vtkglprojectedtetrahedrafs.obj
d:\cybermed\daddy\dependency\sdk-vtk-9.4.2\build_msvc\rendering\volumeopengl2\renderingvolumeopengl2.dir\release\raycastervs.obj
d:\cybermed\daddy\dependency\sdk-vtk-9.4.2\build_msvc\rendering\volumeopengl2\renderingvolumeopengl2.dir\release\raycasterfs.obj
d:\cybermed\daddy\dependency\sdk-vtk-9.4.2\build_msvc\rendering\volumeopengl2\raycasterfs.h
d:\cybermed\daddy\dependency\sdk-vtk-9.4.2\build_msvc\rendering\volumeopengl2\raycasterfs.cxx
d:\cybermed\daddy\dependency\sdk-vtk-9.4.2\build_msvc\rendering\volumeopengl2\raycastervs.h
d:\cybermed\daddy\dependency\sdk-vtk-9.4.2\build_msvc\rendering\volumeopengl2\raycastervs.cxx
d:\cybermed\daddy\dependency\sdk-vtk-9.4.2\build_msvc\rendering\volumeopengl2\vtkglprojectedtetrahedrafs.h
d:\cybermed\daddy\dependency\sdk-vtk-9.4.2\build_msvc\rendering\volumeopengl2\vtkglprojectedtetrahedrafs.cxx
d:\cybermed\daddy\dependency\sdk-vtk-9.4.2\build_msvc\rendering\volumeopengl2\vtkglprojectedtetrahedravs.h
d:\cybermed\daddy\dependency\sdk-vtk-9.4.2\build_msvc\rendering\volumeopengl2\vtkglprojectedtetrahedravs.cxx
d:\cybermed\daddy\dependency\sdk-vtk-9.4.2\build_msvc\rendering\volumeopengl2\cmakefiles\generate.stamp
d:\cybermed\daddy\dependency\sdk-vtk-9.4.2\build_msvc\bin\release\vtkrenderingvolumeopengl2-9.4.dll
d:\cybermed\daddy\dependency\sdk-vtk-9.4.2\build_msvc\lib\release\vtkrenderingvolumeopengl2-9.4.lib
d:\cybermed\daddy\dependency\sdk-vtk-9.4.2\build_msvc\lib\release\vtkrenderingvolumeopengl2-9.4.exp
d:\cybermed\daddy\dependency\sdk-vtk-9.4.2\build_msvc\rendering\volumeopengl2\renderingvolumeopengl2.dir\release\renderin.ff57d04c.tlog\cl.command.1.tlog
d:\cybermed\daddy\dependency\sdk-vtk-9.4.2\build_msvc\rendering\volumeopengl2\renderingvolumeopengl2.dir\release\renderin.ff57d04c.tlog\cl.items.tlog
d:\cybermed\daddy\dependency\sdk-vtk-9.4.2\build_msvc\rendering\volumeopengl2\renderingvolumeopengl2.dir\release\renderin.ff57d04c.tlog\cl.read.1.tlog
d:\cybermed\daddy\dependency\sdk-vtk-9.4.2\build_msvc\rendering\volumeopengl2\renderingvolumeopengl2.dir\release\renderin.ff57d04c.tlog\cl.write.1.tlog
d:\cybermed\daddy\dependency\sdk-vtk-9.4.2\build_msvc\rendering\volumeopengl2\renderingvolumeopengl2.dir\release\renderin.ff57d04c.tlog\custombuild.command.1.tlog
d:\cybermed\daddy\dependency\sdk-vtk-9.4.2\build_msvc\rendering\volumeopengl2\renderingvolumeopengl2.dir\release\renderin.ff57d04c.tlog\custombuild.read.1.tlog
d:\cybermed\daddy\dependency\sdk-vtk-9.4.2\build_msvc\rendering\volumeopengl2\renderingvolumeopengl2.dir\release\renderin.ff57d04c.tlog\custombuild.write.1.tlog
d:\cybermed\daddy\dependency\sdk-vtk-9.4.2\build_msvc\rendering\volumeopengl2\renderingvolumeopengl2.dir\release\renderin.ff57d04c.tlog\link.command.1.tlog
d:\cybermed\daddy\dependency\sdk-vtk-9.4.2\build_msvc\rendering\volumeopengl2\renderingvolumeopengl2.dir\release\renderin.ff57d04c.tlog\link.read.1.tlog
d:\cybermed\daddy\dependency\sdk-vtk-9.4.2\build_msvc\rendering\volumeopengl2\renderingvolumeopengl2.dir\release\renderin.ff57d04c.tlog\link.secondary.1.tlog
d:\cybermed\daddy\dependency\sdk-vtk-9.4.2\build_msvc\rendering\volumeopengl2\renderingvolumeopengl2.dir\release\renderin.ff57d04c.tlog\link.write.1.tlog
