d:\cybermed\daddy\dependency\sdk-vtk-9.4.2\build_msvc\filters\hypertree\filtershypertree.dir\release\vtkhypertreegridgeometry1dimpl.obj
d:\cybermed\daddy\dependency\sdk-vtk-9.4.2\build_msvc\filters\hypertree\filtershypertree.dir\release\vtkhypertreegridgeometryimpl.obj
d:\cybermed\daddy\dependency\sdk-vtk-9.4.2\build_msvc\filters\hypertree\filtershypertree.dir\release\vtkimagedatatohypertreegrid.obj
d:\cybermed\daddy\dependency\sdk-vtk-9.4.2\build_msvc\filters\hypertree\filtershypertree.dir\release\vtkhypertreegridvisibleleavessize.obj
d:\cybermed\daddy\dependency\sdk-vtk-9.4.2\build_msvc\filters\hypertree\filtershypertree.dir\release\vtkhypertreegridtounstructuredgrid.obj
d:\cybermed\daddy\dependency\sdk-vtk-9.4.2\build_msvc\filters\hypertree\filtershypertree.dir\release\vtkhypertreegridtodualgrid.obj
d:\cybermed\daddy\dependency\sdk-vtk-9.4.2\build_msvc\filters\hypertree\filtershypertree.dir\release\vtkhypertreegridthreshold.obj
d:\cybermed\daddy\dependency\sdk-vtk-9.4.2\build_msvc\filters\hypertree\filtershypertree.dir\release\vtkhypertreegridremoveghostcells.obj
d:\cybermed\daddy\dependency\sdk-vtk-9.4.2\build_msvc\filters\hypertree\filtershypertree.dir\release\vtkhypertreegridplanecutter.obj
d:\cybermed\daddy\dependency\sdk-vtk-9.4.2\build_msvc\filters\hypertree\filtershypertree.dir\release\vtkhypertreegridgradient.obj
d:\cybermed\daddy\dependency\sdk-vtk-9.4.2\build_msvc\filters\hypertree\filtershypertree.dir\release\vtkhypertreegridgeometry.obj
d:\cybermed\daddy\dependency\sdk-vtk-9.4.2\build_msvc\filters\hypertree\filtershypertree.dir\release\vtkhypertreegridfeatureedges.obj
d:\cybermed\daddy\dependency\sdk-vtk-9.4.2\build_msvc\filters\hypertree\filtershypertree.dir\release\vtkhypertreegridextractghostcells.obj
d:\cybermed\daddy\dependency\sdk-vtk-9.4.2\build_msvc\filters\hypertree\filtershypertree.dir\release\vtkhypertreegridevaluatecoarse.obj
d:\cybermed\daddy\dependency\sdk-vtk-9.4.2\build_msvc\filters\hypertree\filtershypertree.dir\release\vtkhypertreegriddepthlimiter.obj
d:\cybermed\daddy\dependency\sdk-vtk-9.4.2\build_msvc\filters\hypertree\filtershypertree.dir\release\vtkhypertreegridcontour.obj
d:\cybermed\daddy\dependency\sdk-vtk-9.4.2\build_msvc\filters\hypertree\filtershypertree.dir\release\vtkhypertreegridcellcenters.obj
d:\cybermed\daddy\dependency\sdk-vtk-9.4.2\build_msvc\filters\hypertree\filtershypertree.dir\release\vtkhypertreegridaxisreflection.obj
d:\cybermed\daddy\dependency\sdk-vtk-9.4.2\build_msvc\filters\hypertree\filtershypertree.dir\release\vtkhypertreegridaxiscut.obj
d:\cybermed\daddy\dependency\sdk-vtk-9.4.2\build_msvc\filters\hypertree\filtershypertree.dir\release\vtkhypertreegridaxisclip.obj
d:\cybermed\daddy\dependency\sdk-vtk-9.4.2\build_msvc\filters\hypertree\filtershypertree.dir\release\vtkhypertreegridgeometrysmalldimensionsimpl.obj
d:\cybermed\daddy\dependency\sdk-vtk-9.4.2\build_msvc\filters\hypertree\filtershypertree.dir\release\vtkhypertreegridgeometry3dimpl.obj
d:\cybermed\daddy\dependency\sdk-vtk-9.4.2\build_msvc\filters\hypertree\filtershypertree.dir\release\vtkhypertreegridgeometry2dimpl.obj
d:\cybermed\daddy\dependency\sdk-vtk-9.4.2\build_msvc\filters\hypertree\cmakefiles\generate.stamp
d:\cybermed\daddy\dependency\sdk-vtk-9.4.2\build_msvc\bin\release\vtkfiltershypertree-9.4.dll
d:\cybermed\daddy\dependency\sdk-vtk-9.4.2\build_msvc\lib\release\vtkfiltershypertree-9.4.lib
d:\cybermed\daddy\dependency\sdk-vtk-9.4.2\build_msvc\lib\release\vtkfiltershypertree-9.4.exp
d:\cybermed\daddy\dependency\sdk-vtk-9.4.2\build_msvc\filters\hypertree\filtershypertree.dir\release\filtershypertree.tlog\cl.command.1.tlog
d:\cybermed\daddy\dependency\sdk-vtk-9.4.2\build_msvc\filters\hypertree\filtershypertree.dir\release\filtershypertree.tlog\cl.items.tlog
d:\cybermed\daddy\dependency\sdk-vtk-9.4.2\build_msvc\filters\hypertree\filtershypertree.dir\release\filtershypertree.tlog\cl.read.1.tlog
d:\cybermed\daddy\dependency\sdk-vtk-9.4.2\build_msvc\filters\hypertree\filtershypertree.dir\release\filtershypertree.tlog\cl.write.1.tlog
d:\cybermed\daddy\dependency\sdk-vtk-9.4.2\build_msvc\filters\hypertree\filtershypertree.dir\release\filtershypertree.tlog\custombuild.command.1.tlog
d:\cybermed\daddy\dependency\sdk-vtk-9.4.2\build_msvc\filters\hypertree\filtershypertree.dir\release\filtershypertree.tlog\custombuild.read.1.tlog
d:\cybermed\daddy\dependency\sdk-vtk-9.4.2\build_msvc\filters\hypertree\filtershypertree.dir\release\filtershypertree.tlog\custombuild.write.1.tlog
d:\cybermed\daddy\dependency\sdk-vtk-9.4.2\build_msvc\filters\hypertree\filtershypertree.dir\release\filtershypertree.tlog\link.command.1.tlog
d:\cybermed\daddy\dependency\sdk-vtk-9.4.2\build_msvc\filters\hypertree\filtershypertree.dir\release\filtershypertree.tlog\link.read.1.tlog
d:\cybermed\daddy\dependency\sdk-vtk-9.4.2\build_msvc\filters\hypertree\filtershypertree.dir\release\filtershypertree.tlog\link.secondary.1.tlog
d:\cybermed\daddy\dependency\sdk-vtk-9.4.2\build_msvc\filters\hypertree\filtershypertree.dir\release\filtershypertree.tlog\link.write.1.tlog
