d:\cybermed\daddy\dependency\sdk-vtk-9.4.2\build_msvc\lib\debug\vtkrenderinglabel-9.4d.pdb
d:\cybermed\daddy\dependency\sdk-vtk-9.4.2\build_msvc\rendering\label\renderinglabel.dir\debug\vtkpointsettolabelhierarchy.obj
d:\cybermed\daddy\dependency\sdk-vtk-9.4.2\build_msvc\rendering\label\renderinglabel.dir\debug\vtklabelsizecalculator.obj
d:\cybermed\daddy\dependency\sdk-vtk-9.4.2\build_msvc\rendering\label\renderinglabel.dir\debug\vtklabelrenderstrategy.obj
d:\cybermed\daddy\dependency\sdk-vtk-9.4.2\build_msvc\rendering\label\renderinglabel.dir\debug\vtklabelplacer.obj
d:\cybermed\daddy\dependency\sdk-vtk-9.4.2\build_msvc\rendering\label\renderinglabel.dir\debug\vtklabelplacementmapper.obj
d:\cybermed\daddy\dependency\sdk-vtk-9.4.2\build_msvc\rendering\label\renderinglabel.dir\debug\vtklabelhierarchyiterator.obj
d:\cybermed\daddy\dependency\sdk-vtk-9.4.2\build_msvc\rendering\label\renderinglabel.dir\debug\vtklabelhierarchycompositeiterator.obj
d:\cybermed\daddy\dependency\sdk-vtk-9.4.2\build_msvc\rendering\label\renderinglabel.dir\debug\vtklabelhierarchyalgorithm.obj
d:\cybermed\daddy\dependency\sdk-vtk-9.4.2\build_msvc\rendering\label\renderinglabel.dir\debug\vtklabelhierarchy.obj
d:\cybermed\daddy\dependency\sdk-vtk-9.4.2\build_msvc\rendering\label\renderinglabel.dir\debug\vtklabeledtreemapdatamapper.obj
d:\cybermed\daddy\dependency\sdk-vtk-9.4.2\build_msvc\rendering\label\renderinglabel.dir\debug\vtklabeleddatamapper.obj
d:\cybermed\daddy\dependency\sdk-vtk-9.4.2\build_msvc\rendering\label\renderinglabel.dir\debug\vtkfreetypelabelrenderstrategy.obj
d:\cybermed\daddy\dependency\sdk-vtk-9.4.2\build_msvc\rendering\label\renderinglabel.dir\debug\vtkdynamic2dlabelmapper.obj
d:\cybermed\daddy\dependency\sdk-vtk-9.4.2\build_msvc\rendering\label\renderinglabel.dir\debug\vc143.pdb
d:\cybermed\daddy\dependency\sdk-vtk-9.4.2\build_msvc\rendering\label\cmakefiles\generate.stamp
d:\cybermed\daddy\dependency\sdk-vtk-9.4.2\build_msvc\lib\debug\vtkrenderinglabel-9.4d.lib
d:\cybermed\daddy\dependency\sdk-vtk-9.4.2\build_msvc\bin\debug\vtkrenderinglabel-9.4d.dll
d:\cybermed\daddy\dependency\sdk-vtk-9.4.2\build_msvc\bin\debug\vtkrenderinglabel-9.4d.pdb
d:\cybermed\daddy\dependency\sdk-vtk-9.4.2\build_msvc\lib\debug\vtkrenderinglabel-9.4d.exp
d:\cybermed\daddy\dependency\sdk-vtk-9.4.2\build_msvc\rendering\label\renderinglabel.dir\debug\vtkrenderinglabel-9.4d.ilk
d:\cybermed\daddy\dependency\sdk-vtk-9.4.2\build_msvc\rendering\label\renderinglabel.dir\debug\renderinglabel.tlog\cl.command.1.tlog
d:\cybermed\daddy\dependency\sdk-vtk-9.4.2\build_msvc\rendering\label\renderinglabel.dir\debug\renderinglabel.tlog\cl.items.tlog
d:\cybermed\daddy\dependency\sdk-vtk-9.4.2\build_msvc\rendering\label\renderinglabel.dir\debug\renderinglabel.tlog\cl.read.1.tlog
d:\cybermed\daddy\dependency\sdk-vtk-9.4.2\build_msvc\rendering\label\renderinglabel.dir\debug\renderinglabel.tlog\cl.write.1.tlog
d:\cybermed\daddy\dependency\sdk-vtk-9.4.2\build_msvc\rendering\label\renderinglabel.dir\debug\renderinglabel.tlog\custombuild.command.1.tlog
d:\cybermed\daddy\dependency\sdk-vtk-9.4.2\build_msvc\rendering\label\renderinglabel.dir\debug\renderinglabel.tlog\custombuild.read.1.tlog
d:\cybermed\daddy\dependency\sdk-vtk-9.4.2\build_msvc\rendering\label\renderinglabel.dir\debug\renderinglabel.tlog\custombuild.write.1.tlog
d:\cybermed\daddy\dependency\sdk-vtk-9.4.2\build_msvc\rendering\label\renderinglabel.dir\debug\renderinglabel.tlog\lib-link.read.1.tlog
d:\cybermed\daddy\dependency\sdk-vtk-9.4.2\build_msvc\rendering\label\renderinglabel.dir\debug\renderinglabel.tlog\lib-link.write.1.tlog
d:\cybermed\daddy\dependency\sdk-vtk-9.4.2\build_msvc\rendering\label\renderinglabel.dir\debug\renderinglabel.tlog\lib.command.1.tlog
d:\cybermed\daddy\dependency\sdk-vtk-9.4.2\build_msvc\rendering\label\renderinglabel.dir\debug\renderinglabel.tlog\link.command.1.tlog
d:\cybermed\daddy\dependency\sdk-vtk-9.4.2\build_msvc\rendering\label\renderinglabel.dir\debug\renderinglabel.tlog\link.read.1.tlog
d:\cybermed\daddy\dependency\sdk-vtk-9.4.2\build_msvc\rendering\label\renderinglabel.dir\debug\renderinglabel.tlog\link.secondary.1.tlog
d:\cybermed\daddy\dependency\sdk-vtk-9.4.2\build_msvc\rendering\label\renderinglabel.dir\debug\renderinglabel.tlog\link.write.1.tlog
