d:\cybermed\daddy\dependency\dcmtk-dcmtk-3.6.8\build_msvc\dcmiod\libsrc\dcmiod.dir\release\modgeneralstudy.obj
d:\cybermed\daddy\dependency\dcmtk-dcmtk-3.6.8\build_msvc\dcmiod\libsrc\dcmiod.dir\release\modgeneralseries.obj
d:\cybermed\daddy\dependency\dcmtk-dcmtk-3.6.8\build_msvc\dcmiod\libsrc\dcmiod.dir\release\modgeneralimage.obj
d:\cybermed\daddy\dependency\dcmtk-dcmtk-3.6.8\build_msvc\dcmiod\libsrc\dcmiod.dir\release\modfor.obj
d:\cybermed\daddy\dependency\dcmtk-dcmtk-3.6.8\build_msvc\dcmiod\libsrc\dcmiod.dir\release\modfloatingpointimagepixel.obj
d:\cybermed\daddy\dependency\dcmtk-dcmtk-3.6.8\build_msvc\dcmiod\libsrc\dcmiod.dir\release\modequipment.obj
d:\cybermed\daddy\dependency\dcmtk-dcmtk-3.6.8\build_msvc\dcmiod\libsrc\dcmiod.dir\release\modenhusseries.obj
d:\cybermed\daddy\dependency\dcmtk-dcmtk-3.6.8\build_msvc\dcmiod\libsrc\dcmiod.dir\release\modenhusimage.obj
d:\cybermed\daddy\dependency\dcmtk-dcmtk-3.6.8\build_msvc\dcmiod\libsrc\dcmiod.dir\release\modenhequipment.obj
d:\cybermed\daddy\dependency\dcmtk-dcmtk-3.6.8\build_msvc\dcmiod\libsrc\dcmiod.dir\release\modcommoninstanceref.obj
d:\cybermed\daddy\dependency\dcmtk-dcmtk-3.6.8\build_msvc\dcmiod\libsrc\dcmiod.dir\release\modbase.obj
d:\cybermed\daddy\dependency\dcmtk-dcmtk-3.6.8\build_msvc\dcmiod\libsrc\dcmiod.dir\release\modacquisitioncontext.obj
d:\cybermed\daddy\dependency\dcmtk-dcmtk-3.6.8\build_msvc\dcmiod\libsrc\dcmiod.dir\release\iodtypes.obj
d:\cybermed\daddy\dependency\dcmtk-dcmtk-3.6.8\build_msvc\dcmiod\libsrc\dcmiod.dir\release\iodutil.obj
d:\cybermed\daddy\dependency\dcmtk-dcmtk-3.6.8\build_msvc\dcmiod\libsrc\dcmiod.dir\release\iodreferences.obj
d:\cybermed\daddy\dependency\dcmtk-dcmtk-3.6.8\build_msvc\dcmiod\libsrc\dcmiod.dir\release\iodrules.obj
d:\cybermed\daddy\dependency\dcmtk-dcmtk-3.6.8\build_msvc\dcmiod\libsrc\dcmiod.dir\release\iodmacro.obj
d:\cybermed\daddy\dependency\dcmtk-dcmtk-3.6.8\build_msvc\dcmiod\libsrc\dcmiod.dir\release\iodcommn.obj
d:\cybermed\daddy\dependency\dcmtk-dcmtk-3.6.8\build_msvc\dcmiod\libsrc\dcmiod.dir\release\iodcontentitemmacro.obj
d:\cybermed\daddy\dependency\dcmtk-dcmtk-3.6.8\build_msvc\dcmiod\libsrc\dcmiod.dir\release\cielabutil.obj
d:\cybermed\daddy\dependency\dcmtk-dcmtk-3.6.8\build_msvc\dcmiod\libsrc\dcmiod.dir\release\modusfor.obj
d:\cybermed\daddy\dependency\dcmtk-dcmtk-3.6.8\build_msvc\dcmiod\libsrc\dcmiod.dir\release\modsynchronization.obj
d:\cybermed\daddy\dependency\dcmtk-dcmtk-3.6.8\build_msvc\dcmiod\libsrc\dcmiod.dir\release\modsopcommon.obj
d:\cybermed\daddy\dependency\dcmtk-dcmtk-3.6.8\build_msvc\dcmiod\libsrc\dcmiod.dir\release\modsegmentationseries.obj
d:\cybermed\daddy\dependency\dcmtk-dcmtk-3.6.8\build_msvc\dcmiod\libsrc\dcmiod.dir\release\modpatientstudy.obj
d:\cybermed\daddy\dependency\dcmtk-dcmtk-3.6.8\build_msvc\dcmiod\libsrc\dcmiod.dir\release\modpatient.obj
d:\cybermed\daddy\dependency\dcmtk-dcmtk-3.6.8\build_msvc\dcmiod\libsrc\dcmiod.dir\release\modmultiframedimension.obj
d:\cybermed\daddy\dependency\dcmtk-dcmtk-3.6.8\build_msvc\dcmiod\libsrc\dcmiod.dir\release\modmultiframefg.obj
d:\cybermed\daddy\dependency\dcmtk-dcmtk-3.6.8\build_msvc\dcmiod\libsrc\dcmiod.dir\release\modimagepixelbase.obj
d:\cybermed\daddy\dependency\dcmtk-dcmtk-3.6.8\build_msvc\dcmiod\libsrc\dcmiod.dir\release\modimagepixel.obj
d:\cybermed\daddy\dependency\dcmtk-dcmtk-3.6.8\build_msvc\dcmiod\libsrc\dcmiod.dir\release\modhelp.obj
d:\cybermed\daddy\dependency\dcmtk-dcmtk-3.6.8\build_msvc\dcmiod\libsrc\cmakefiles\generate.stamp
d:\cybermed\daddy\dependency\dcmtk-dcmtk-3.6.8\build_msvc\lib\release\dcmiod.lib
d:\cybermed\daddy\dependency\dcmtk-dcmtk-3.6.8\build_msvc\bin\release\dcmiod.dll
d:\cybermed\daddy\dependency\dcmtk-dcmtk-3.6.8\build_msvc\lib\release\dcmiod.exp
d:\cybermed\daddy\dependency\dcmtk-dcmtk-3.6.8\build_msvc\dcmiod\libsrc\dcmiod.dir\release\dcmiod.tlog\cl.command.1.tlog
d:\cybermed\daddy\dependency\dcmtk-dcmtk-3.6.8\build_msvc\dcmiod\libsrc\dcmiod.dir\release\dcmiod.tlog\cl.items.tlog
d:\cybermed\daddy\dependency\dcmtk-dcmtk-3.6.8\build_msvc\dcmiod\libsrc\dcmiod.dir\release\dcmiod.tlog\cl.read.1.tlog
d:\cybermed\daddy\dependency\dcmtk-dcmtk-3.6.8\build_msvc\dcmiod\libsrc\dcmiod.dir\release\dcmiod.tlog\cl.write.1.tlog
d:\cybermed\daddy\dependency\dcmtk-dcmtk-3.6.8\build_msvc\dcmiod\libsrc\dcmiod.dir\release\dcmiod.tlog\custombuild.command.1.tlog
d:\cybermed\daddy\dependency\dcmtk-dcmtk-3.6.8\build_msvc\dcmiod\libsrc\dcmiod.dir\release\dcmiod.tlog\custombuild.read.1.tlog
d:\cybermed\daddy\dependency\dcmtk-dcmtk-3.6.8\build_msvc\dcmiod\libsrc\dcmiod.dir\release\dcmiod.tlog\custombuild.write.1.tlog
d:\cybermed\daddy\dependency\dcmtk-dcmtk-3.6.8\build_msvc\dcmiod\libsrc\dcmiod.dir\release\dcmiod.tlog\lib-link.read.1.tlog
d:\cybermed\daddy\dependency\dcmtk-dcmtk-3.6.8\build_msvc\dcmiod\libsrc\dcmiod.dir\release\dcmiod.tlog\lib-link.write.1.tlog
d:\cybermed\daddy\dependency\dcmtk-dcmtk-3.6.8\build_msvc\dcmiod\libsrc\dcmiod.dir\release\dcmiod.tlog\lib.command.1.tlog
d:\cybermed\daddy\dependency\dcmtk-dcmtk-3.6.8\build_msvc\dcmiod\libsrc\dcmiod.dir\release\dcmiod.tlog\link.command.1.tlog
d:\cybermed\daddy\dependency\dcmtk-dcmtk-3.6.8\build_msvc\dcmiod\libsrc\dcmiod.dir\release\dcmiod.tlog\link.read.1.tlog
d:\cybermed\daddy\dependency\dcmtk-dcmtk-3.6.8\build_msvc\dcmiod\libsrc\dcmiod.dir\release\dcmiod.tlog\link.secondary.1.tlog
d:\cybermed\daddy\dependency\dcmtk-dcmtk-3.6.8\build_msvc\dcmiod\libsrc\dcmiod.dir\release\dcmiod.tlog\link.write.1.tlog
