d:\cybermed\daddy\dependency\sdk-vtk-9.4.2\build_msvc\filters\points\filterspoints.dir\release\vtkpcanormalestimation.obj
d:\cybermed\daddy\dependency\sdk-vtk-9.4.2\build_msvc\filters\points\filterspoints.dir\release\vtkpcacurvatureestimation.obj
d:\cybermed\daddy\dependency\sdk-vtk-9.4.2\build_msvc\filters\points\filterspoints.dir\release\vtkmaskpointsfilter.obj
d:\cybermed\daddy\dependency\sdk-vtk-9.4.2\build_msvc\filters\points\filterspoints.dir\release\vtklinearkernel.obj
d:\cybermed\daddy\dependency\sdk-vtk-9.4.2\build_msvc\filters\points\filterspoints.dir\release\vtkinterpolationkernel.obj
d:\cybermed\daddy\dependency\sdk-vtk-9.4.2\build_msvc\filters\points\filterspoints.dir\release\vtkhierarchicalbinningfilter.obj
d:\cybermed\daddy\dependency\sdk-vtk-9.4.2\build_msvc\filters\points\filterspoints.dir\release\vtkgeneralizedkernel.obj
d:\cybermed\daddy\dependency\sdk-vtk-9.4.2\build_msvc\filters\points\filterspoints.dir\release\vtkgaussiankernel.obj
d:\cybermed\daddy\dependency\sdk-vtk-9.4.2\build_msvc\filters\points\filterspoints.dir\release\vtkfitimplicitfunction.obj
d:\cybermed\daddy\dependency\sdk-vtk-9.4.2\build_msvc\filters\points\filterspoints.dir\release\vtkextractsurface.obj
d:\cybermed\daddy\dependency\sdk-vtk-9.4.2\build_msvc\filters\points\filterspoints.dir\release\vtkextractpoints.obj
d:\cybermed\daddy\dependency\sdk-vtk-9.4.2\build_msvc\filters\points\filterspoints.dir\release\vtkextractpointcloudpiece.obj
d:\cybermed\daddy\dependency\sdk-vtk-9.4.2\build_msvc\filters\points\filterspoints.dir\release\vtkextracthierarchicalbins.obj
d:\cybermed\daddy\dependency\sdk-vtk-9.4.2\build_msvc\filters\points\filterspoints.dir\release\vtkextractenclosedpoints.obj
d:\cybermed\daddy\dependency\sdk-vtk-9.4.2\build_msvc\filters\points\filterspoints.dir\release\vtkeuclideanclusterextraction.obj
d:\cybermed\daddy\dependency\sdk-vtk-9.4.2\build_msvc\filters\points\filterspoints.dir\release\vtkellipsoidalgaussiankernel.obj
d:\cybermed\daddy\dependency\sdk-vtk-9.4.2\build_msvc\filters\points\filterspoints.dir\release\vtkdensifypointcloudfilter.obj
d:\cybermed\daddy\dependency\sdk-vtk-9.4.2\build_msvc\filters\points\filterspoints.dir\release\vtkconverttopointcloud.obj
d:\cybermed\daddy\dependency\sdk-vtk-9.4.2\build_msvc\filters\points\filterspoints.dir\release\vtkconnectedpointsfilter.obj
d:\cybermed\daddy\dependency\sdk-vtk-9.4.2\build_msvc\filters\points\filterspoints.dir\release\vtkboundedpointsource.obj
d:\cybermed\daddy\dependency\sdk-vtk-9.4.2\build_msvc\filters\points\filterspoints.dir\release\vtkvoronoikernel.obj
d:\cybermed\daddy\dependency\sdk-vtk-9.4.2\build_msvc\filters\points\filterspoints.dir\release\vtkunsigneddistance.obj
d:\cybermed\daddy\dependency\sdk-vtk-9.4.2\build_msvc\filters\points\filterspoints.dir\release\vtkstatisticaloutlierremoval.obj
d:\cybermed\daddy\dependency\sdk-vtk-9.4.2\build_msvc\filters\points\filterspoints.dir\release\vtksigneddistance.obj
d:\cybermed\daddy\dependency\sdk-vtk-9.4.2\build_msvc\filters\points\filterspoints.dir\release\vtkshepardkernel.obj
d:\cybermed\daddy\dependency\sdk-vtk-9.4.2\build_msvc\filters\points\filterspoints.dir\release\vtksphquintickernel.obj
d:\cybermed\daddy\dependency\sdk-vtk-9.4.2\build_msvc\filters\points\filterspoints.dir\release\vtksphquartickernel.obj
d:\cybermed\daddy\dependency\sdk-vtk-9.4.2\build_msvc\filters\points\filterspoints.dir\release\vtksphkernel.obj
d:\cybermed\daddy\dependency\sdk-vtk-9.4.2\build_msvc\filters\points\filterspoints.dir\release\vtksphinterpolator.obj
d:\cybermed\daddy\dependency\sdk-vtk-9.4.2\build_msvc\filters\points\filterspoints.dir\release\vtksphcubickernel.obj
d:\cybermed\daddy\dependency\sdk-vtk-9.4.2\build_msvc\filters\points\filterspoints.dir\release\vtkradiusoutlierremoval.obj
d:\cybermed\daddy\dependency\sdk-vtk-9.4.2\build_msvc\filters\points\filterspoints.dir\release\vtkprojectpointstoplane.obj
d:\cybermed\daddy\dependency\sdk-vtk-9.4.2\build_msvc\filters\points\filterspoints.dir\release\vtkprobabilisticvoronoikernel.obj
d:\cybermed\daddy\dependency\sdk-vtk-9.4.2\build_msvc\filters\points\filterspoints.dir\release\vtkpoissondisksampler.obj
d:\cybermed\daddy\dependency\sdk-vtk-9.4.2\build_msvc\filters\points\filterspoints.dir\release\vtkpointsmoothingfilter.obj
d:\cybermed\daddy\dependency\sdk-vtk-9.4.2\build_msvc\filters\points\filterspoints.dir\release\vtkpointoccupancyfilter.obj
d:\cybermed\daddy\dependency\sdk-vtk-9.4.2\build_msvc\filters\points\filterspoints.dir\release\vtkpointinterpolator2d.obj
d:\cybermed\daddy\dependency\sdk-vtk-9.4.2\build_msvc\filters\points\filterspoints.dir\release\vtkpointinterpolator.obj
d:\cybermed\daddy\dependency\sdk-vtk-9.4.2\build_msvc\filters\points\filterspoints.dir\release\vtkpointdensityfilter.obj
d:\cybermed\daddy\dependency\sdk-vtk-9.4.2\build_msvc\filters\points\filterspoints.dir\release\vtkpointcloudfilter.obj
d:\cybermed\daddy\dependency\sdk-vtk-9.4.2\build_msvc\filters\points\filterspoints.dir\release\vtkwendlandquintickernel.obj
d:\cybermed\daddy\dependency\sdk-vtk-9.4.2\build_msvc\filters\points\filterspoints.dir\release\vtkvoxelgrid.obj
d:\cybermed\daddy\dependency\sdk-vtk-9.4.2\build_msvc\filters\points\cmakefiles\generate.stamp
d:\cybermed\daddy\dependency\sdk-vtk-9.4.2\build_msvc\bin\release\vtkfilterspoints-9.4.dll
d:\cybermed\daddy\dependency\sdk-vtk-9.4.2\build_msvc\lib\release\vtkfilterspoints-9.4.lib
d:\cybermed\daddy\dependency\sdk-vtk-9.4.2\build_msvc\lib\release\vtkfilterspoints-9.4.exp
d:\cybermed\daddy\dependency\sdk-vtk-9.4.2\build_msvc\filters\points\filterspoints.dir\release\filterspoints.tlog\cl.command.1.tlog
d:\cybermed\daddy\dependency\sdk-vtk-9.4.2\build_msvc\filters\points\filterspoints.dir\release\filterspoints.tlog\cl.items.tlog
d:\cybermed\daddy\dependency\sdk-vtk-9.4.2\build_msvc\filters\points\filterspoints.dir\release\filterspoints.tlog\cl.read.1.tlog
d:\cybermed\daddy\dependency\sdk-vtk-9.4.2\build_msvc\filters\points\filterspoints.dir\release\filterspoints.tlog\cl.write.1.tlog
d:\cybermed\daddy\dependency\sdk-vtk-9.4.2\build_msvc\filters\points\filterspoints.dir\release\filterspoints.tlog\custombuild.command.1.tlog
d:\cybermed\daddy\dependency\sdk-vtk-9.4.2\build_msvc\filters\points\filterspoints.dir\release\filterspoints.tlog\custombuild.read.1.tlog
d:\cybermed\daddy\dependency\sdk-vtk-9.4.2\build_msvc\filters\points\filterspoints.dir\release\filterspoints.tlog\custombuild.write.1.tlog
d:\cybermed\daddy\dependency\sdk-vtk-9.4.2\build_msvc\filters\points\filterspoints.dir\release\filterspoints.tlog\link.command.1.tlog
d:\cybermed\daddy\dependency\sdk-vtk-9.4.2\build_msvc\filters\points\filterspoints.dir\release\filterspoints.tlog\link.read.1.tlog
d:\cybermed\daddy\dependency\sdk-vtk-9.4.2\build_msvc\filters\points\filterspoints.dir\release\filterspoints.tlog\link.secondary.1.tlog
d:\cybermed\daddy\dependency\sdk-vtk-9.4.2\build_msvc\filters\points\filterspoints.dir\release\filterspoints.tlog\link.write.1.tlog
