d:\cybermed\daddy\dependency\sdk-vtk-9.4.2\build_msvc\imaging\stencil\imagingstencil.dir\release\vtkroistencilsource.obj
d:\cybermed\daddy\dependency\sdk-vtk-9.4.2\build_msvc\imaging\stencil\imagingstencil.dir\release\vtkpolydatatoimagestencil.obj
d:\cybermed\daddy\dependency\sdk-vtk-9.4.2\build_msvc\imaging\stencil\imagingstencil.dir\release\vtklassostencilsource.obj
d:\cybermed\daddy\dependency\sdk-vtk-9.4.2\build_msvc\imaging\stencil\imagingstencil.dir\release\vtkimplicitfunctiontoimagestencil.obj
d:\cybermed\daddy\dependency\sdk-vtk-9.4.2\build_msvc\imaging\stencil\imagingstencil.dir\release\vtkimagetoimagestencil.obj
d:\cybermed\daddy\dependency\sdk-vtk-9.4.2\build_msvc\imaging\stencil\imagingstencil.dir\release\vtkimagestenciltoimage.obj
d:\cybermed\daddy\dependency\sdk-vtk-9.4.2\build_msvc\imaging\stencil\imagingstencil.dir\release\vtkimagestencil.obj
d:\cybermed\daddy\dependency\sdk-vtk-9.4.2\build_msvc\imaging\stencil\cmakefiles\generate.stamp
d:\cybermed\daddy\dependency\sdk-vtk-9.4.2\build_msvc\bin\release\vtkimagingstencil-9.4.dll
d:\cybermed\daddy\dependency\sdk-vtk-9.4.2\build_msvc\lib\release\vtkimagingstencil-9.4.lib
d:\cybermed\daddy\dependency\sdk-vtk-9.4.2\build_msvc\lib\release\vtkimagingstencil-9.4.exp
d:\cybermed\daddy\dependency\sdk-vtk-9.4.2\build_msvc\imaging\stencil\imagingstencil.dir\release\imagingstencil.tlog\cl.command.1.tlog
d:\cybermed\daddy\dependency\sdk-vtk-9.4.2\build_msvc\imaging\stencil\imagingstencil.dir\release\imagingstencil.tlog\cl.items.tlog
d:\cybermed\daddy\dependency\sdk-vtk-9.4.2\build_msvc\imaging\stencil\imagingstencil.dir\release\imagingstencil.tlog\cl.read.1.tlog
d:\cybermed\daddy\dependency\sdk-vtk-9.4.2\build_msvc\imaging\stencil\imagingstencil.dir\release\imagingstencil.tlog\cl.write.1.tlog
d:\cybermed\daddy\dependency\sdk-vtk-9.4.2\build_msvc\imaging\stencil\imagingstencil.dir\release\imagingstencil.tlog\custombuild.command.1.tlog
d:\cybermed\daddy\dependency\sdk-vtk-9.4.2\build_msvc\imaging\stencil\imagingstencil.dir\release\imagingstencil.tlog\custombuild.read.1.tlog
d:\cybermed\daddy\dependency\sdk-vtk-9.4.2\build_msvc\imaging\stencil\imagingstencil.dir\release\imagingstencil.tlog\custombuild.write.1.tlog
d:\cybermed\daddy\dependency\sdk-vtk-9.4.2\build_msvc\imaging\stencil\imagingstencil.dir\release\imagingstencil.tlog\link.command.1.tlog
d:\cybermed\daddy\dependency\sdk-vtk-9.4.2\build_msvc\imaging\stencil\imagingstencil.dir\release\imagingstencil.tlog\link.read.1.tlog
d:\cybermed\daddy\dependency\sdk-vtk-9.4.2\build_msvc\imaging\stencil\imagingstencil.dir\release\imagingstencil.tlog\link.secondary.1.tlog
d:\cybermed\daddy\dependency\sdk-vtk-9.4.2\build_msvc\imaging\stencil\imagingstencil.dir\release\imagingstencil.tlog\link.write.1.tlog
