d:\cybermed\daddy\dependency\sdk-vtk-9.4.2\build_msvc\lib\debug\vtkfiltersprogrammable-9.4d.pdb
d:\cybermed\daddy\dependency\sdk-vtk-9.4.2\build_msvc\filters\programmable\filtersprogrammable.dir\debug\vtkprogrammableglyphfilter.obj
d:\cybermed\daddy\dependency\sdk-vtk-9.4.2\build_msvc\filters\programmable\filtersprogrammable.dir\debug\vtkprogrammablefilter.obj
d:\cybermed\daddy\dependency\sdk-vtk-9.4.2\build_msvc\filters\programmable\filtersprogrammable.dir\debug\vtkprogrammableattributedatafilter.obj
d:\cybermed\daddy\dependency\sdk-vtk-9.4.2\build_msvc\filters\programmable\filtersprogrammable.dir\debug\vc143.pdb
d:\cybermed\daddy\dependency\sdk-vtk-9.4.2\build_msvc\filters\programmable\cmakefiles\generate.stamp
d:\cybermed\daddy\dependency\sdk-vtk-9.4.2\build_msvc\lib\debug\vtkfiltersprogrammable-9.4d.lib
d:\cybermed\daddy\dependency\sdk-vtk-9.4.2\build_msvc\bin\debug\vtkfiltersprogrammable-9.4d.dll
d:\cybermed\daddy\dependency\sdk-vtk-9.4.2\build_msvc\bin\debug\vtkfiltersprogrammable-9.4d.pdb
d:\cybermed\daddy\dependency\sdk-vtk-9.4.2\build_msvc\lib\debug\vtkfiltersprogrammable-9.4d.exp
d:\cybermed\daddy\dependency\sdk-vtk-9.4.2\build_msvc\filters\programmable\filtersprogrammable.dir\debug\vtkfiltersprogrammable-9.4d.ilk
d:\cybermed\daddy\dependency\sdk-vtk-9.4.2\build_msvc\filters\programmable\filtersprogrammable.dir\debug\filtersp.0f620efc.tlog\cl.command.1.tlog
d:\cybermed\daddy\dependency\sdk-vtk-9.4.2\build_msvc\filters\programmable\filtersprogrammable.dir\debug\filtersp.0f620efc.tlog\cl.items.tlog
d:\cybermed\daddy\dependency\sdk-vtk-9.4.2\build_msvc\filters\programmable\filtersprogrammable.dir\debug\filtersp.0f620efc.tlog\cl.read.1.tlog
d:\cybermed\daddy\dependency\sdk-vtk-9.4.2\build_msvc\filters\programmable\filtersprogrammable.dir\debug\filtersp.0f620efc.tlog\cl.write.1.tlog
d:\cybermed\daddy\dependency\sdk-vtk-9.4.2\build_msvc\filters\programmable\filtersprogrammable.dir\debug\filtersp.0f620efc.tlog\custombuild.command.1.tlog
d:\cybermed\daddy\dependency\sdk-vtk-9.4.2\build_msvc\filters\programmable\filtersprogrammable.dir\debug\filtersp.0f620efc.tlog\custombuild.read.1.tlog
d:\cybermed\daddy\dependency\sdk-vtk-9.4.2\build_msvc\filters\programmable\filtersprogrammable.dir\debug\filtersp.0f620efc.tlog\custombuild.write.1.tlog
d:\cybermed\daddy\dependency\sdk-vtk-9.4.2\build_msvc\filters\programmable\filtersprogrammable.dir\debug\filtersp.0f620efc.tlog\lib-link.read.1.tlog
d:\cybermed\daddy\dependency\sdk-vtk-9.4.2\build_msvc\filters\programmable\filtersprogrammable.dir\debug\filtersp.0f620efc.tlog\lib-link.write.1.tlog
d:\cybermed\daddy\dependency\sdk-vtk-9.4.2\build_msvc\filters\programmable\filtersprogrammable.dir\debug\filtersp.0f620efc.tlog\lib.command.1.tlog
d:\cybermed\daddy\dependency\sdk-vtk-9.4.2\build_msvc\filters\programmable\filtersprogrammable.dir\debug\filtersp.0f620efc.tlog\link.command.1.tlog
d:\cybermed\daddy\dependency\sdk-vtk-9.4.2\build_msvc\filters\programmable\filtersprogrammable.dir\debug\filtersp.0f620efc.tlog\link.read.1.tlog
d:\cybermed\daddy\dependency\sdk-vtk-9.4.2\build_msvc\filters\programmable\filtersprogrammable.dir\debug\filtersp.0f620efc.tlog\link.secondary.1.tlog
d:\cybermed\daddy\dependency\sdk-vtk-9.4.2\build_msvc\filters\programmable\filtersprogrammable.dir\debug\filtersp.0f620efc.tlog\link.write.1.tlog
