d:\cybermed\daddy\dependency\dcmtk-dcmtk-3.6.8\build_msvc\dcmqrdb\libsrc\dcmqrdb.dir\debug\vc143.pdb
d:\cybermed\daddy\dependency\dcmtk-dcmtk-3.6.8\build_msvc\dcmqrdb\libsrc\dcmqrdb.dir\debug\dcmqrtis.obj
d:\cybermed\daddy\dependency\dcmtk-dcmtk-3.6.8\build_msvc\dcmqrdb\libsrc\dcmqrdb.dir\debug\dcmqrsrv.obj
d:\cybermed\daddy\dependency\dcmtk-dcmtk-3.6.8\build_msvc\dcmqrdb\libsrc\dcmqrdb.dir\debug\dcmqrptb.obj
d:\cybermed\daddy\dependency\dcmtk-dcmtk-3.6.8\build_msvc\dcmqrdb\libsrc\dcmqrdb.dir\debug\dcmqropt.obj
d:\cybermed\daddy\dependency\dcmtk-dcmtk-3.6.8\build_msvc\dcmqrdb\libsrc\dcmqrdb.dir\debug\dcmqrdbs.obj
d:\cybermed\daddy\dependency\dcmtk-dcmtk-3.6.8\build_msvc\dcmqrdb\libsrc\dcmqrdb.dir\debug\dcmqrdbi.obj
d:\cybermed\daddy\dependency\dcmtk-dcmtk-3.6.8\build_msvc\dcmqrdb\libsrc\dcmqrdb.dir\debug\dcmqrcnf.obj
d:\cybermed\daddy\dependency\dcmtk-dcmtk-3.6.8\build_msvc\dcmqrdb\libsrc\dcmqrdb.dir\debug\dcmqrcbs.obj
d:\cybermed\daddy\dependency\dcmtk-dcmtk-3.6.8\build_msvc\dcmqrdb\libsrc\dcmqrdb.dir\debug\dcmqrcbm.obj
d:\cybermed\daddy\dependency\dcmtk-dcmtk-3.6.8\build_msvc\dcmqrdb\libsrc\dcmqrdb.dir\debug\dcmqrcbg.obj
d:\cybermed\daddy\dependency\dcmtk-dcmtk-3.6.8\build_msvc\dcmqrdb\libsrc\dcmqrdb.dir\debug\dcmqrcbf.obj
d:\cybermed\daddy\dependency\dcmtk-dcmtk-3.6.8\build_msvc\dcmqrdb\libsrc\cmakefiles\generate.stamp
d:\cybermed\daddy\dependency\dcmtk-dcmtk-3.6.8\build_msvc\lib\debug\dcmqrdb.lib
d:\cybermed\daddy\dependency\dcmtk-dcmtk-3.6.8\build_msvc\bin\debug\dcmqrdb.dll
d:\cybermed\daddy\dependency\dcmtk-dcmtk-3.6.8\build_msvc\bin\debug\dcmqrdb.pdb
d:\cybermed\daddy\dependency\dcmtk-dcmtk-3.6.8\build_msvc\lib\debug\dcmqrdb.exp
d:\cybermed\daddy\dependency\dcmtk-dcmtk-3.6.8\build_msvc\dcmqrdb\libsrc\dcmqrdb.dir\debug\dcmqrdb.ilk
d:\cybermed\daddy\dependency\dcmtk-dcmtk-3.6.8\build_msvc\dcmqrdb\libsrc\dcmqrdb.dir\debug\dcmqrdb.tlog\cl.command.1.tlog
d:\cybermed\daddy\dependency\dcmtk-dcmtk-3.6.8\build_msvc\dcmqrdb\libsrc\dcmqrdb.dir\debug\dcmqrdb.tlog\cl.items.tlog
d:\cybermed\daddy\dependency\dcmtk-dcmtk-3.6.8\build_msvc\dcmqrdb\libsrc\dcmqrdb.dir\debug\dcmqrdb.tlog\cl.read.1.tlog
d:\cybermed\daddy\dependency\dcmtk-dcmtk-3.6.8\build_msvc\dcmqrdb\libsrc\dcmqrdb.dir\debug\dcmqrdb.tlog\cl.write.1.tlog
d:\cybermed\daddy\dependency\dcmtk-dcmtk-3.6.8\build_msvc\dcmqrdb\libsrc\dcmqrdb.dir\debug\dcmqrdb.tlog\custombuild.command.1.tlog
d:\cybermed\daddy\dependency\dcmtk-dcmtk-3.6.8\build_msvc\dcmqrdb\libsrc\dcmqrdb.dir\debug\dcmqrdb.tlog\custombuild.read.1.tlog
d:\cybermed\daddy\dependency\dcmtk-dcmtk-3.6.8\build_msvc\dcmqrdb\libsrc\dcmqrdb.dir\debug\dcmqrdb.tlog\custombuild.write.1.tlog
d:\cybermed\daddy\dependency\dcmtk-dcmtk-3.6.8\build_msvc\dcmqrdb\libsrc\dcmqrdb.dir\debug\dcmqrdb.tlog\lib-link.read.1.tlog
d:\cybermed\daddy\dependency\dcmtk-dcmtk-3.6.8\build_msvc\dcmqrdb\libsrc\dcmqrdb.dir\debug\dcmqrdb.tlog\lib-link.write.1.tlog
d:\cybermed\daddy\dependency\dcmtk-dcmtk-3.6.8\build_msvc\dcmqrdb\libsrc\dcmqrdb.dir\debug\dcmqrdb.tlog\lib.command.1.tlog
d:\cybermed\daddy\dependency\dcmtk-dcmtk-3.6.8\build_msvc\dcmqrdb\libsrc\dcmqrdb.dir\debug\dcmqrdb.tlog\link.command.1.tlog
d:\cybermed\daddy\dependency\dcmtk-dcmtk-3.6.8\build_msvc\dcmqrdb\libsrc\dcmqrdb.dir\debug\dcmqrdb.tlog\link.read.1.tlog
d:\cybermed\daddy\dependency\dcmtk-dcmtk-3.6.8\build_msvc\dcmqrdb\libsrc\dcmqrdb.dir\debug\dcmqrdb.tlog\link.secondary.1.tlog
d:\cybermed\daddy\dependency\dcmtk-dcmtk-3.6.8\build_msvc\dcmqrdb\libsrc\dcmqrdb.dir\debug\dcmqrdb.tlog\link.write.1.tlog
