d:\cybermed\daddy\dependency\sdk-vtk-9.4.2\build_msvc\lib\debug\vtkfilterscore-9.4d.pdb
d:\cybermed\daddy\dependency\sdk-vtk-9.4.2\build_msvc\filters\core\filterscore.dir\debug\vtkcleanpolydata.obj
d:\cybermed\daddy\dependency\sdk-vtk-9.4.2\build_msvc\filters\core\filterscore.dir\debug\vtkcenterofmass.obj
d:\cybermed\daddy\dependency\sdk-vtk-9.4.2\build_msvc\filters\core\filterscore.dir\debug\vtkcelldatatopointdata.obj
d:\cybermed\daddy\dependency\sdk-vtk-9.4.2\build_msvc\filters\core\filterscore.dir\debug\vtkcellcenters.obj
d:\cybermed\daddy\dependency\sdk-vtk-9.4.2\build_msvc\filters\core\filterscore.dir\debug\vtkbinneddecimation.obj
d:\cybermed\daddy\dependency\sdk-vtk-9.4.2\build_msvc\filters\core\filterscore.dir\debug\vtkbincelldatafilter.obj
d:\cybermed\daddy\dependency\sdk-vtk-9.4.2\build_msvc\filters\core\filterscore.dir\debug\vtkattributedatatotablefilter.obj
d:\cybermed\daddy\dependency\sdk-vtk-9.4.2\build_msvc\filters\core\filterscore.dir\debug\vtkattributedatatofielddatafilter.obj
d:\cybermed\daddy\dependency\sdk-vtk-9.4.2\build_msvc\filters\core\filterscore.dir\debug\vtkassignattribute.obj
d:\cybermed\daddy\dependency\sdk-vtk-9.4.2\build_msvc\filters\core\filterscore.dir\debug\vtkarrayrename.obj
d:\cybermed\daddy\dependency\sdk-vtk-9.4.2\build_msvc\filters\core\filterscore.dir\debug\vtkarraycalculator.obj
d:\cybermed\daddy\dependency\sdk-vtk-9.4.2\build_msvc\filters\core\filterscore.dir\debug\vtkappendselection.obj
d:\cybermed\daddy\dependency\sdk-vtk-9.4.2\build_msvc\filters\core\filterscore.dir\debug\vtkappendpolydata.obj
d:\cybermed\daddy\dependency\sdk-vtk-9.4.2\build_msvc\filters\core\filterscore.dir\debug\vtkappendpartitioneddatasetcollection.obj
d:\cybermed\daddy\dependency\sdk-vtk-9.4.2\build_msvc\filters\core\filterscore.dir\debug\vtkappendfilter.obj
d:\cybermed\daddy\dependency\sdk-vtk-9.4.2\build_msvc\filters\core\filterscore.dir\debug\vtkappenddatasets.obj
d:\cybermed\daddy\dependency\sdk-vtk-9.4.2\build_msvc\filters\core\filterscore.dir\debug\vtkappendcompositedataleaves.obj
d:\cybermed\daddy\dependency\sdk-vtk-9.4.2\build_msvc\filters\core\filterscore.dir\debug\vtkappendarclength.obj
d:\cybermed\daddy\dependency\sdk-vtk-9.4.2\build_msvc\filters\core\filterscore.dir\debug\vtk3dlineargridplanecutter.obj
d:\cybermed\daddy\dependency\sdk-vtk-9.4.2\build_msvc\filters\core\filterscore.dir\debug\vtk3dlineargridcrinkleextractor.obj
d:\cybermed\daddy\dependency\sdk-vtk-9.4.2\build_msvc\filters\core\filterscore.dir\debug\vtkdecimatepolylinedistancestrategy.obj
d:\cybermed\daddy\dependency\sdk-vtk-9.4.2\build_msvc\filters\core\filterscore.dir\debug\vtkdecimatepolylinecustomfieldstrategy.obj
d:\cybermed\daddy\dependency\sdk-vtk-9.4.2\build_msvc\filters\core\filterscore.dir\debug\vtkdecimatepolylineanglestrategy.obj
d:\cybermed\daddy\dependency\sdk-vtk-9.4.2\build_msvc\filters\core\filterscore.dir\debug\vtkdatasettodataobjectfilter.obj
d:\cybermed\daddy\dependency\sdk-vtk-9.4.2\build_msvc\filters\core\filterscore.dir\debug\vtkdatasetedgesubdivisioncriterion.obj
d:\cybermed\daddy\dependency\sdk-vtk-9.4.2\build_msvc\filters\core\filterscore.dir\debug\vtkdataobjecttodatasetfilter.obj
d:\cybermed\daddy\dependency\sdk-vtk-9.4.2\build_msvc\filters\core\filterscore.dir\debug\vtkdataobjectgenerator.obj
d:\cybermed\daddy\dependency\sdk-vtk-9.4.2\build_msvc\filters\core\filterscore.dir\debug\vtkcutter.obj
d:\cybermed\daddy\dependency\sdk-vtk-9.4.2\build_msvc\filters\core\filterscore.dir\debug\vtkconverttopolyhedra.obj
d:\cybermed\daddy\dependency\sdk-vtk-9.4.2\build_msvc\filters\core\filterscore.dir\debug\vtkconverttopartitioneddatasetcollection.obj
d:\cybermed\daddy\dependency\sdk-vtk-9.4.2\build_msvc\filters\core\filterscore.dir\debug\vtkconverttomultiblockdataset.obj
d:\cybermed\daddy\dependency\sdk-vtk-9.4.2\build_msvc\filters\core\filterscore.dir\debug\vtkcontourhelper.obj
d:\cybermed\daddy\dependency\sdk-vtk-9.4.2\build_msvc\filters\core\filterscore.dir\debug\vtkcontourgrid.obj
d:\cybermed\daddy\dependency\sdk-vtk-9.4.2\build_msvc\filters\core\filterscore.dir\debug\vtkcontourfilter.obj
d:\cybermed\daddy\dependency\sdk-vtk-9.4.2\build_msvc\filters\core\filterscore.dir\debug\vtkcontour3dlineargrid.obj
d:\cybermed\daddy\dependency\sdk-vtk-9.4.2\build_msvc\filters\core\filterscore.dir\debug\vtkconstrainedsmoothingfilter.obj
d:\cybermed\daddy\dependency\sdk-vtk-9.4.2\build_msvc\filters\core\filterscore.dir\debug\vtkconnectivityfilter.obj
d:\cybermed\daddy\dependency\sdk-vtk-9.4.2\build_msvc\filters\core\filterscore.dir\debug\vtkcompositedataprobefilter.obj
d:\cybermed\daddy\dependency\sdk-vtk-9.4.2\build_msvc\filters\core\filterscore.dir\debug\vtkcompositecutter.obj
d:\cybermed\daddy\dependency\sdk-vtk-9.4.2\build_msvc\filters\core\filterscore.dir\debug\vtkclippolydata.obj
d:\cybermed\daddy\dependency\sdk-vtk-9.4.2\build_msvc\filters\core\filterscore.dir\debug\vtkglyph2d.obj
d:\cybermed\daddy\dependency\sdk-vtk-9.4.2\build_msvc\filters\core\filterscore.dir\debug\vtkgenerateids.obj
d:\cybermed\daddy\dependency\sdk-vtk-9.4.2\build_msvc\filters\core\filterscore.dir\debug\vtkflyingedgesplanecutter.obj
d:\cybermed\daddy\dependency\sdk-vtk-9.4.2\build_msvc\filters\core\filterscore.dir\debug\vtkflyingedges3d.obj
d:\cybermed\daddy\dependency\sdk-vtk-9.4.2\build_msvc\filters\core\filterscore.dir\debug\vtkflyingedges2d.obj
d:\cybermed\daddy\dependency\sdk-vtk-9.4.2\build_msvc\filters\core\filterscore.dir\debug\vtkfielddatatodatasetattribute.obj
d:\cybermed\daddy\dependency\sdk-vtk-9.4.2\build_msvc\filters\core\filterscore.dir\debug\vtkfielddatatoattributedatafilter.obj
d:\cybermed\daddy\dependency\sdk-vtk-9.4.2\build_msvc\filters\core\filterscore.dir\debug\vtkfeatureedges.obj
d:\cybermed\daddy\dependency\sdk-vtk-9.4.2\build_msvc\filters\core\filterscore.dir\debug\vtkextractedges.obj
d:\cybermed\daddy\dependency\sdk-vtk-9.4.2\build_msvc\filters\core\filterscore.dir\debug\vtkextractcellsalongpolyline.obj
d:\cybermed\daddy\dependency\sdk-vtk-9.4.2\build_msvc\filters\core\filterscore.dir\debug\vtkextractcells.obj
d:\cybermed\daddy\dependency\sdk-vtk-9.4.2\build_msvc\filters\core\filterscore.dir\debug\vtkexplicitstructuredgridtounstructuredgrid.obj
d:\cybermed\daddy\dependency\sdk-vtk-9.4.2\build_msvc\filters\core\filterscore.dir\debug\vtkexplicitstructuredgridcrop.obj
d:\cybermed\daddy\dependency\sdk-vtk-9.4.2\build_msvc\filters\core\filterscore.dir\debug\vtkexecutiontimer.obj
d:\cybermed\daddy\dependency\sdk-vtk-9.4.2\build_msvc\filters\core\filterscore.dir\debug\vtkelevationfilter.obj
d:\cybermed\daddy\dependency\sdk-vtk-9.4.2\build_msvc\filters\core\filterscore.dir\debug\vtkedgesubdivisioncriterion.obj
d:\cybermed\daddy\dependency\sdk-vtk-9.4.2\build_msvc\filters\core\filterscore.dir\debug\vtkdelaunay3d.obj
d:\cybermed\daddy\dependency\sdk-vtk-9.4.2\build_msvc\filters\core\filterscore.dir\debug\vtkdelaunay2d.obj
d:\cybermed\daddy\dependency\sdk-vtk-9.4.2\build_msvc\filters\core\filterscore.dir\debug\vtkdecimatepro.obj
d:\cybermed\daddy\dependency\sdk-vtk-9.4.2\build_msvc\filters\core\filterscore.dir\debug\vtkdecimatepolylinefilter.obj
d:\cybermed\daddy\dependency\sdk-vtk-9.4.2\build_msvc\filters\core\filterscore.dir\debug\vtkmergefilter.obj
d:\cybermed\daddy\dependency\sdk-vtk-9.4.2\build_msvc\filters\core\filterscore.dir\debug\vtkmergefields.obj
d:\cybermed\daddy\dependency\sdk-vtk-9.4.2\build_msvc\filters\core\filterscore.dir\debug\vtkmergedataobjectfilter.obj
d:\cybermed\daddy\dependency\sdk-vtk-9.4.2\build_msvc\filters\core\filterscore.dir\debug\vtkmassproperties.obj
d:\cybermed\daddy\dependency\sdk-vtk-9.4.2\build_msvc\filters\core\filterscore.dir\debug\vtkmaskpolydata.obj
d:\cybermed\daddy\dependency\sdk-vtk-9.4.2\build_msvc\filters\core\filterscore.dir\debug\vtkmaskpoints.obj
d:\cybermed\daddy\dependency\sdk-vtk-9.4.2\build_msvc\filters\core\filterscore.dir\debug\vtkmaskfields.obj
d:\cybermed\daddy\dependency\sdk-vtk-9.4.2\build_msvc\filters\core\filterscore.dir\debug\vtkmarchingsquares.obj
d:\cybermed\daddy\dependency\sdk-vtk-9.4.2\build_msvc\filters\core\filterscore.dir\debug\vtkmarchingcubes.obj
d:\cybermed\daddy\dependency\sdk-vtk-9.4.2\build_msvc\filters\core\filterscore.dir\debug\vtkimplicitprojectonplanedistance.obj
d:\cybermed\daddy\dependency\sdk-vtk-9.4.2\build_msvc\filters\core\filterscore.dir\debug\vtkimplicitpolydatadistance.obj
d:\cybermed\daddy\dependency\sdk-vtk-9.4.2\build_msvc\filters\core\filterscore.dir\debug\vtkimagedatatoexplicitstructuredgrid.obj
d:\cybermed\daddy\dependency\sdk-vtk-9.4.2\build_msvc\filters\core\filterscore.dir\debug\vtkimageappend.obj
d:\cybermed\daddy\dependency\sdk-vtk-9.4.2\build_msvc\filters\core\filterscore.dir\debug\vtkidfilter.obj
d:\cybermed\daddy\dependency\sdk-vtk-9.4.2\build_msvc\filters\core\filterscore.dir\debug\vtkhypertreegridprobefilterutilities.obj
d:\cybermed\daddy\dependency\sdk-vtk-9.4.2\build_msvc\filters\core\filterscore.dir\debug\vtkhypertreegridprobefilter.obj
d:\cybermed\daddy\dependency\sdk-vtk-9.4.2\build_msvc\filters\core\filterscore.dir\debug\vtkhull.obj
d:\cybermed\daddy\dependency\sdk-vtk-9.4.2\build_msvc\filters\core\filterscore.dir\debug\vtkhedgehog.obj
d:\cybermed\daddy\dependency\sdk-vtk-9.4.2\build_msvc\filters\core\filterscore.dir\debug\vtkgridsynchronizedtemplates3d.obj
d:\cybermed\daddy\dependency\sdk-vtk-9.4.2\build_msvc\filters\core\filterscore.dir\debug\vtkglyph3d.obj
d:\cybermed\daddy\dependency\sdk-vtk-9.4.2\build_msvc\filters\core\filterscore.dir\debug\vtkremoveduplicatepolys.obj
d:\cybermed\daddy\dependency\sdk-vtk-9.4.2\build_msvc\filters\core\filterscore.dir\debug\vtkrectilinearsynchronizedtemplates.obj
d:\cybermed\daddy\dependency\sdk-vtk-9.4.2\build_msvc\filters\core\filterscore.dir\debug\vtkrearrangefields.obj
d:\cybermed\daddy\dependency\sdk-vtk-9.4.2\build_msvc\filters\core\filterscore.dir\debug\vtkquadricdecimation.obj
d:\cybermed\daddy\dependency\sdk-vtk-9.4.2\build_msvc\filters\core\filterscore.dir\debug\vtkquadricclustering.obj
d:\cybermed\daddy\dependency\sdk-vtk-9.4.2\build_msvc\filters\core\filterscore.dir\debug\vtkprobefilter.obj
d:\cybermed\daddy\dependency\sdk-vtk-9.4.2\build_msvc\filters\core\filterscore.dir\debug\vtkpolydatatounstructuredgrid.obj
d:\cybermed\daddy\dependency\sdk-vtk-9.4.2\build_msvc\filters\core\filterscore.dir\debug\vtkpolydatatangents.obj
d:\cybermed\daddy\dependency\sdk-vtk-9.4.2\build_msvc\filters\core\filterscore.dir\debug\vtkpolydataplanecutter.obj
d:\cybermed\daddy\dependency\sdk-vtk-9.4.2\build_msvc\filters\core\filterscore.dir\debug\vtkpolydataplaneclipper.obj
d:\cybermed\daddy\dependency\sdk-vtk-9.4.2\build_msvc\filters\core\filterscore.dir\debug\vtkpolydatanormals.obj
d:\cybermed\daddy\dependency\sdk-vtk-9.4.2\build_msvc\filters\core\filterscore.dir\debug\vtkpolydataedgeconnectivityfilter.obj
d:\cybermed\daddy\dependency\sdk-vtk-9.4.2\build_msvc\filters\core\filterscore.dir\debug\vtkpolydataconnectivityfilter.obj
d:\cybermed\daddy\dependency\sdk-vtk-9.4.2\build_msvc\filters\core\filterscore.dir\debug\vtkpointdatatocelldata.obj
d:\cybermed\daddy\dependency\sdk-vtk-9.4.2\build_msvc\filters\core\filterscore.dir\debug\vtkplanecutter.obj
d:\cybermed\daddy\dependency\sdk-vtk-9.4.2\build_msvc\filters\core\filterscore.dir\debug\vtkpassthrough.obj
d:\cybermed\daddy\dependency\sdk-vtk-9.4.2\build_msvc\filters\core\filterscore.dir\debug\vtkpacklabels.obj
d:\cybermed\daddy\dependency\sdk-vtk-9.4.2\build_msvc\filters\core\filterscore.dir\debug\vtkorientpolydata.obj
d:\cybermed\daddy\dependency\sdk-vtk-9.4.2\build_msvc\filters\core\filterscore.dir\debug\vtkmultiobjectmassproperties.obj
d:\cybermed\daddy\dependency\sdk-vtk-9.4.2\build_msvc\filters\core\filterscore.dir\debug\vtkmoleculeappend.obj
d:\cybermed\daddy\dependency\sdk-vtk-9.4.2\build_msvc\filters\core\filterscore.dir\debug\vtksynchronizedtemplates3d.obj
d:\cybermed\daddy\dependency\sdk-vtk-9.4.2\build_msvc\filters\core\filterscore.dir\debug\vtksynchronizedtemplates2d.obj
d:\cybermed\daddy\dependency\sdk-vtk-9.4.2\build_msvc\filters\core\filterscore.dir\debug\vtksurfacenets3d.obj
d:\cybermed\daddy\dependency\sdk-vtk-9.4.2\build_msvc\filters\core\filterscore.dir\debug\vtksurfacenets2d.obj
d:\cybermed\daddy\dependency\sdk-vtk-9.4.2\build_msvc\filters\core\filterscore.dir\debug\vtkstructuredgridoutlinefilter.obj
d:\cybermed\daddy\dependency\sdk-vtk-9.4.2\build_msvc\filters\core\filterscore.dir\debug\vtkstructuredgridappend.obj
d:\cybermed\daddy\dependency\sdk-vtk-9.4.2\build_msvc\filters\core\filterscore.dir\debug\vtkstripper.obj
d:\cybermed\daddy\dependency\sdk-vtk-9.4.2\build_msvc\filters\core\filterscore.dir\debug\vtkstreamingtessellator.obj
d:\cybermed\daddy\dependency\sdk-vtk-9.4.2\build_msvc\filters\core\filterscore.dir\debug\vtkstreamerbase.obj
d:\cybermed\daddy\dependency\sdk-vtk-9.4.2\build_msvc\filters\core\filterscore.dir\debug\vtkstaticcleanunstructuredgrid.obj
d:\cybermed\daddy\dependency\sdk-vtk-9.4.2\build_msvc\filters\core\filterscore.dir\debug\vtkstaticcleanpolydata.obj
d:\cybermed\daddy\dependency\sdk-vtk-9.4.2\build_msvc\filters\core\filterscore.dir\debug\vtkstructureddataplanecutter.obj
d:\cybermed\daddy\dependency\sdk-vtk-9.4.2\build_msvc\filters\core\filterscore.dir\debug\vtksplitsharpedgespolydata.obj
d:\cybermed\daddy\dependency\sdk-vtk-9.4.2\build_msvc\filters\core\filterscore.dir\debug\vtkspheretreefilter.obj
d:\cybermed\daddy\dependency\sdk-vtk-9.4.2\build_msvc\filters\core\filterscore.dir\debug\vtksmoothpolydatafilter.obj
d:\cybermed\daddy\dependency\sdk-vtk-9.4.2\build_msvc\filters\core\filterscore.dir\debug\vtksimpleelevationfilter.obj
d:\cybermed\daddy\dependency\sdk-vtk-9.4.2\build_msvc\filters\core\filterscore.dir\debug\vtkreversesense.obj
d:\cybermed\daddy\dependency\sdk-vtk-9.4.2\build_msvc\filters\core\filterscore.dir\debug\vtkresamplewithdataset.obj
d:\cybermed\daddy\dependency\sdk-vtk-9.4.2\build_msvc\filters\core\filterscore.dir\debug\vtkresampletoimage.obj
d:\cybermed\daddy\dependency\sdk-vtk-9.4.2\build_msvc\filters\core\filterscore.dir\debug\vtkremoveunusedpoints.obj
d:\cybermed\daddy\dependency\sdk-vtk-9.4.2\build_msvc\filters\core\filterscore.dir\debug\vtkwindowedsincpolydatafilter.obj
d:\cybermed\daddy\dependency\sdk-vtk-9.4.2\build_msvc\filters\core\filterscore.dir\debug\vtkvoronoi2d.obj
d:\cybermed\daddy\dependency\sdk-vtk-9.4.2\build_msvc\filters\core\filterscore.dir\debug\vtkvectornorm.obj
d:\cybermed\daddy\dependency\sdk-vtk-9.4.2\build_msvc\filters\core\filterscore.dir\debug\vtkvectordot.obj
d:\cybermed\daddy\dependency\sdk-vtk-9.4.2\build_msvc\filters\core\filterscore.dir\debug\vtkunstructuredgridtoexplicitstructuredgrid.obj
d:\cybermed\daddy\dependency\sdk-vtk-9.4.2\build_msvc\filters\core\filterscore.dir\debug\vtkunstructuredgridquadricdecimation.obj
d:\cybermed\daddy\dependency\sdk-vtk-9.4.2\build_msvc\filters\core\filterscore.dir\debug\vtktubefilter.obj
d:\cybermed\daddy\dependency\sdk-vtk-9.4.2\build_msvc\filters\core\filterscore.dir\debug\vtktubebender.obj
d:\cybermed\daddy\dependency\sdk-vtk-9.4.2\build_msvc\filters\core\filterscore.dir\debug\vtktrianglemeshpointnormals.obj
d:\cybermed\daddy\dependency\sdk-vtk-9.4.2\build_msvc\filters\core\filterscore.dir\debug\vtktrianglefilter.obj
d:\cybermed\daddy\dependency\sdk-vtk-9.4.2\build_msvc\filters\core\filterscore.dir\debug\vtktransposetable.obj
d:\cybermed\daddy\dependency\sdk-vtk-9.4.2\build_msvc\filters\core\filterscore.dir\debug\vtkthresholdpoints.obj
d:\cybermed\daddy\dependency\sdk-vtk-9.4.2\build_msvc\filters\core\filterscore.dir\debug\vtkthreshold.obj
d:\cybermed\daddy\dependency\sdk-vtk-9.4.2\build_msvc\filters\core\filterscore.dir\debug\vtktensorglyph.obj
d:\cybermed\daddy\dependency\sdk-vtk-9.4.2\build_msvc\filters\core\filterscore.dir\debug\vtksynchronizedtemplatescutter3d.obj
d:\cybermed\daddy\dependency\sdk-vtk-9.4.2\build_msvc\filters\core\filterscore.dir\debug\vc143.pdb
d:\cybermed\daddy\dependency\sdk-vtk-9.4.2\build_msvc\filters\core\cmakefiles\generate.stamp
d:\cybermed\daddy\dependency\sdk-vtk-9.4.2\build_msvc\lib\debug\vtkfilterscore-9.4d.lib
d:\cybermed\daddy\dependency\sdk-vtk-9.4.2\build_msvc\bin\debug\vtkfilterscore-9.4d.dll
d:\cybermed\daddy\dependency\sdk-vtk-9.4.2\build_msvc\bin\debug\vtkfilterscore-9.4d.pdb
d:\cybermed\daddy\dependency\sdk-vtk-9.4.2\build_msvc\lib\debug\vtkfilterscore-9.4d.exp
d:\cybermed\daddy\dependency\sdk-vtk-9.4.2\build_msvc\filters\core\filterscore.dir\debug\vtkfilterscore-9.4d.ilk
d:\cybermed\daddy\dependency\sdk-vtk-9.4.2\build_msvc\filters\core\filterscore.dir\debug\filterscore.tlog\cl.command.1.tlog
d:\cybermed\daddy\dependency\sdk-vtk-9.4.2\build_msvc\filters\core\filterscore.dir\debug\filterscore.tlog\cl.items.tlog
d:\cybermed\daddy\dependency\sdk-vtk-9.4.2\build_msvc\filters\core\filterscore.dir\debug\filterscore.tlog\cl.read.1.tlog
d:\cybermed\daddy\dependency\sdk-vtk-9.4.2\build_msvc\filters\core\filterscore.dir\debug\filterscore.tlog\cl.write.1.tlog
d:\cybermed\daddy\dependency\sdk-vtk-9.4.2\build_msvc\filters\core\filterscore.dir\debug\filterscore.tlog\custombuild.command.1.tlog
d:\cybermed\daddy\dependency\sdk-vtk-9.4.2\build_msvc\filters\core\filterscore.dir\debug\filterscore.tlog\custombuild.read.1.tlog
d:\cybermed\daddy\dependency\sdk-vtk-9.4.2\build_msvc\filters\core\filterscore.dir\debug\filterscore.tlog\custombuild.write.1.tlog
d:\cybermed\daddy\dependency\sdk-vtk-9.4.2\build_msvc\filters\core\filterscore.dir\debug\filterscore.tlog\lib-link.read.1.tlog
d:\cybermed\daddy\dependency\sdk-vtk-9.4.2\build_msvc\filters\core\filterscore.dir\debug\filterscore.tlog\lib-link.write.1.tlog
d:\cybermed\daddy\dependency\sdk-vtk-9.4.2\build_msvc\filters\core\filterscore.dir\debug\filterscore.tlog\lib.command.1.tlog
d:\cybermed\daddy\dependency\sdk-vtk-9.4.2\build_msvc\filters\core\filterscore.dir\debug\filterscore.tlog\link.command.1.tlog
d:\cybermed\daddy\dependency\sdk-vtk-9.4.2\build_msvc\filters\core\filterscore.dir\debug\filterscore.tlog\link.read.1.tlog
d:\cybermed\daddy\dependency\sdk-vtk-9.4.2\build_msvc\filters\core\filterscore.dir\debug\filterscore.tlog\link.secondary.1.tlog
d:\cybermed\daddy\dependency\sdk-vtk-9.4.2\build_msvc\filters\core\filterscore.dir\debug\filterscore.tlog\link.write.1.tlog
