d:\cybermed\daddy\dependency\dcmtk-dcmtk-3.6.8\build_msvc\dcmwlm\libsrc\dcmwlm.dir\release\wlmactmg.obj
d:\cybermed\daddy\dependency\dcmtk-dcmtk-3.6.8\build_msvc\dcmwlm\libsrc\dcmwlm.dir\release\wlfsim.obj
d:\cybermed\daddy\dependency\dcmtk-dcmtk-3.6.8\build_msvc\dcmwlm\libsrc\dcmwlm.dir\release\wldsfs.obj
d:\cybermed\daddy\dependency\dcmtk-dcmtk-3.6.8\build_msvc\dcmwlm\libsrc\dcmwlm.dir\release\wlds.obj
d:\cybermed\daddy\dependency\dcmtk-dcmtk-3.6.8\build_msvc\dcmwlm\libsrc\cmakefiles\generate.stamp
d:\cybermed\daddy\dependency\dcmtk-dcmtk-3.6.8\build_msvc\lib\release\dcmwlm.lib
d:\cybermed\daddy\dependency\dcmtk-dcmtk-3.6.8\build_msvc\bin\release\dcmwlm.dll
d:\cybermed\daddy\dependency\dcmtk-dcmtk-3.6.8\build_msvc\lib\release\dcmwlm.exp
d:\cybermed\daddy\dependency\dcmtk-dcmtk-3.6.8\build_msvc\dcmwlm\libsrc\dcmwlm.dir\release\dcmwlm.tlog\cl.command.1.tlog
d:\cybermed\daddy\dependency\dcmtk-dcmtk-3.6.8\build_msvc\dcmwlm\libsrc\dcmwlm.dir\release\dcmwlm.tlog\cl.items.tlog
d:\cybermed\daddy\dependency\dcmtk-dcmtk-3.6.8\build_msvc\dcmwlm\libsrc\dcmwlm.dir\release\dcmwlm.tlog\cl.read.1.tlog
d:\cybermed\daddy\dependency\dcmtk-dcmtk-3.6.8\build_msvc\dcmwlm\libsrc\dcmwlm.dir\release\dcmwlm.tlog\cl.write.1.tlog
d:\cybermed\daddy\dependency\dcmtk-dcmtk-3.6.8\build_msvc\dcmwlm\libsrc\dcmwlm.dir\release\dcmwlm.tlog\custombuild.command.1.tlog
d:\cybermed\daddy\dependency\dcmtk-dcmtk-3.6.8\build_msvc\dcmwlm\libsrc\dcmwlm.dir\release\dcmwlm.tlog\custombuild.read.1.tlog
d:\cybermed\daddy\dependency\dcmtk-dcmtk-3.6.8\build_msvc\dcmwlm\libsrc\dcmwlm.dir\release\dcmwlm.tlog\custombuild.write.1.tlog
d:\cybermed\daddy\dependency\dcmtk-dcmtk-3.6.8\build_msvc\dcmwlm\libsrc\dcmwlm.dir\release\dcmwlm.tlog\lib-link.read.1.tlog
d:\cybermed\daddy\dependency\dcmtk-dcmtk-3.6.8\build_msvc\dcmwlm\libsrc\dcmwlm.dir\release\dcmwlm.tlog\lib-link.write.1.tlog
d:\cybermed\daddy\dependency\dcmtk-dcmtk-3.6.8\build_msvc\dcmwlm\libsrc\dcmwlm.dir\release\dcmwlm.tlog\lib.command.1.tlog
d:\cybermed\daddy\dependency\dcmtk-dcmtk-3.6.8\build_msvc\dcmwlm\libsrc\dcmwlm.dir\release\dcmwlm.tlog\link.command.1.tlog
d:\cybermed\daddy\dependency\dcmtk-dcmtk-3.6.8\build_msvc\dcmwlm\libsrc\dcmwlm.dir\release\dcmwlm.tlog\link.read.1.tlog
d:\cybermed\daddy\dependency\dcmtk-dcmtk-3.6.8\build_msvc\dcmwlm\libsrc\dcmwlm.dir\release\dcmwlm.tlog\link.secondary.1.tlog
d:\cybermed\daddy\dependency\dcmtk-dcmtk-3.6.8\build_msvc\dcmwlm\libsrc\dcmwlm.dir\release\dcmwlm.tlog\link.write.1.tlog
