d:\cybermed\daddy\dependency\sdk-vtk-9.4.2\build_msvc\lib\debug\vtkfiltershybrid-9.4d.pdb
d:\cybermed\daddy\dependency\sdk-vtk-9.4.2\build_msvc\filters\hybrid\filtershybrid.dir\debug\vtktemporaldatasetcache.obj
d:\cybermed\daddy\dependency\sdk-vtk-9.4.2\build_msvc\filters\hybrid\filtershybrid.dir\debug\vtktemporalarrayoperatorfilter.obj
d:\cybermed\daddy\dependency\sdk-vtk-9.4.2\build_msvc\filters\hybrid\filtershybrid.dir\debug\vtkrenderlargeimage.obj
d:\cybermed\daddy\dependency\sdk-vtk-9.4.2\build_msvc\filters\hybrid\filtershybrid.dir\debug\vtkprojectedterrainpath.obj
d:\cybermed\daddy\dependency\sdk-vtk-9.4.2\build_msvc\filters\hybrid\filtershybrid.dir\debug\vtkprocrustesalignmentfilter.obj
d:\cybermed\daddy\dependency\sdk-vtk-9.4.2\build_msvc\filters\hybrid\filtershybrid.dir\debug\vtkpolydatasilhouette.obj
d:\cybermed\daddy\dependency\sdk-vtk-9.4.2\build_msvc\filters\hybrid\filtershybrid.dir\debug\vtkpcaanalysisfilter.obj
d:\cybermed\daddy\dependency\sdk-vtk-9.4.2\build_msvc\filters\hybrid\filtershybrid.dir\debug\vtkimplicitmodeller.obj
d:\cybermed\daddy\dependency\sdk-vtk-9.4.2\build_msvc\filters\hybrid\filtershybrid.dir\debug\vtkimagetopolydatafilter.obj
d:\cybermed\daddy\dependency\sdk-vtk-9.4.2\build_msvc\filters\hybrid\filtershybrid.dir\debug\vtkgridtransform.obj
d:\cybermed\daddy\dependency\sdk-vtk-9.4.2\build_msvc\filters\hybrid\filtershybrid.dir\debug\vtkgreedyterraindecimation.obj
d:\cybermed\daddy\dependency\sdk-vtk-9.4.2\build_msvc\filters\hybrid\filtershybrid.dir\debug\vtkgeneratetimesteps.obj
d:\cybermed\daddy\dependency\sdk-vtk-9.4.2\build_msvc\filters\hybrid\filtershybrid.dir\debug\vtkforcetime.obj
d:\cybermed\daddy\dependency\sdk-vtk-9.4.2\build_msvc\filters\hybrid\filtershybrid.dir\debug\vtkfacetreader.obj
d:\cybermed\daddy\dependency\sdk-vtk-9.4.2\build_msvc\filters\hybrid\filtershybrid.dir\debug\vtkearthsource.obj
d:\cybermed\daddy\dependency\sdk-vtk-9.4.2\build_msvc\filters\hybrid\filtershybrid.dir\debug\vtkdspfiltergroup.obj
d:\cybermed\daddy\dependency\sdk-vtk-9.4.2\build_msvc\filters\hybrid\filtershybrid.dir\debug\vtkdspfilterdefinition.obj
d:\cybermed\daddy\dependency\sdk-vtk-9.4.2\build_msvc\filters\hybrid\filtershybrid.dir\debug\vtkdepthsortpolydata.obj
d:\cybermed\daddy\dependency\sdk-vtk-9.4.2\build_msvc\filters\hybrid\filtershybrid.dir\debug\vtkbsplinetransform.obj
d:\cybermed\daddy\dependency\sdk-vtk-9.4.2\build_msvc\filters\hybrid\filtershybrid.dir\debug\vtkadaptivedatasetsurfacefilter.obj
d:\cybermed\daddy\dependency\sdk-vtk-9.4.2\build_msvc\filters\hybrid\filtershybrid.dir\debug\vtkweightedtransformfilter.obj
d:\cybermed\daddy\dependency\sdk-vtk-9.4.2\build_msvc\filters\hybrid\filtershybrid.dir\debug\vtktransformtogrid.obj
d:\cybermed\daddy\dependency\sdk-vtk-9.4.2\build_msvc\filters\hybrid\filtershybrid.dir\debug\vtktemporalsnaptotimestep.obj
d:\cybermed\daddy\dependency\sdk-vtk-9.4.2\build_msvc\filters\hybrid\filtershybrid.dir\debug\vtktemporalshiftscale.obj
d:\cybermed\daddy\dependency\sdk-vtk-9.4.2\build_msvc\filters\hybrid\filtershybrid.dir\debug\vtktemporalinterpolator.obj
d:\cybermed\daddy\dependency\sdk-vtk-9.4.2\build_msvc\filters\hybrid\filtershybrid.dir\debug\vtktemporalfractal.obj
d:\cybermed\daddy\dependency\sdk-vtk-9.4.2\build_msvc\filters\hybrid\filtershybrid.dir\debug\vc143.pdb
d:\cybermed\daddy\dependency\sdk-vtk-9.4.2\build_msvc\filters\hybrid\cmakefiles\generate.stamp
d:\cybermed\daddy\dependency\sdk-vtk-9.4.2\build_msvc\lib\debug\vtkfiltershybrid-9.4d.lib
d:\cybermed\daddy\dependency\sdk-vtk-9.4.2\build_msvc\bin\debug\vtkfiltershybrid-9.4d.dll
d:\cybermed\daddy\dependency\sdk-vtk-9.4.2\build_msvc\bin\debug\vtkfiltershybrid-9.4d.pdb
d:\cybermed\daddy\dependency\sdk-vtk-9.4.2\build_msvc\lib\debug\vtkfiltershybrid-9.4d.exp
d:\cybermed\daddy\dependency\sdk-vtk-9.4.2\build_msvc\filters\hybrid\filtershybrid.dir\debug\vtkfiltershybrid-9.4d.ilk
d:\cybermed\daddy\dependency\sdk-vtk-9.4.2\build_msvc\filters\hybrid\filtershybrid.dir\debug\filtershybrid.tlog\cl.command.1.tlog
d:\cybermed\daddy\dependency\sdk-vtk-9.4.2\build_msvc\filters\hybrid\filtershybrid.dir\debug\filtershybrid.tlog\cl.items.tlog
d:\cybermed\daddy\dependency\sdk-vtk-9.4.2\build_msvc\filters\hybrid\filtershybrid.dir\debug\filtershybrid.tlog\cl.read.1.tlog
d:\cybermed\daddy\dependency\sdk-vtk-9.4.2\build_msvc\filters\hybrid\filtershybrid.dir\debug\filtershybrid.tlog\cl.write.1.tlog
d:\cybermed\daddy\dependency\sdk-vtk-9.4.2\build_msvc\filters\hybrid\filtershybrid.dir\debug\filtershybrid.tlog\custombuild.command.1.tlog
d:\cybermed\daddy\dependency\sdk-vtk-9.4.2\build_msvc\filters\hybrid\filtershybrid.dir\debug\filtershybrid.tlog\custombuild.read.1.tlog
d:\cybermed\daddy\dependency\sdk-vtk-9.4.2\build_msvc\filters\hybrid\filtershybrid.dir\debug\filtershybrid.tlog\custombuild.write.1.tlog
d:\cybermed\daddy\dependency\sdk-vtk-9.4.2\build_msvc\filters\hybrid\filtershybrid.dir\debug\filtershybrid.tlog\lib-link.read.1.tlog
d:\cybermed\daddy\dependency\sdk-vtk-9.4.2\build_msvc\filters\hybrid\filtershybrid.dir\debug\filtershybrid.tlog\lib-link.write.1.tlog
d:\cybermed\daddy\dependency\sdk-vtk-9.4.2\build_msvc\filters\hybrid\filtershybrid.dir\debug\filtershybrid.tlog\lib.command.1.tlog
d:\cybermed\daddy\dependency\sdk-vtk-9.4.2\build_msvc\filters\hybrid\filtershybrid.dir\debug\filtershybrid.tlog\link.command.1.tlog
d:\cybermed\daddy\dependency\sdk-vtk-9.4.2\build_msvc\filters\hybrid\filtershybrid.dir\debug\filtershybrid.tlog\link.read.1.tlog
d:\cybermed\daddy\dependency\sdk-vtk-9.4.2\build_msvc\filters\hybrid\filtershybrid.dir\debug\filtershybrid.tlog\link.secondary.1.tlog
d:\cybermed\daddy\dependency\sdk-vtk-9.4.2\build_msvc\filters\hybrid\filtershybrid.dir\debug\filtershybrid.tlog\link.write.1.tlog
