d:\cybermed\daddy\dependency\sdk-vtk-9.4.2\build_msvc\thirdparty\netcdf\vtknetcdf\netcdf.dir\release\dinternal.obj
d:\cybermed\daddy\dependency\sdk-vtk-9.4.2\build_msvc\thirdparty\netcdf\vtknetcdf\netcdf.dir\release\dinstance.obj
d:\cybermed\daddy\dependency\sdk-vtk-9.4.2\build_msvc\thirdparty\netcdf\vtknetcdf\netcdf.dir\release\dinfermodel.obj
d:\cybermed\daddy\dependency\sdk-vtk-9.4.2\build_msvc\thirdparty\netcdf\vtknetcdf\netcdf.dir\release\dgroup.obj
d:\cybermed\daddy\dependency\sdk-vtk-9.4.2\build_msvc\thirdparty\netcdf\vtknetcdf\netcdf.dir\release\dfilter.obj
d:\cybermed\daddy\dependency\sdk-vtk-9.4.2\build_msvc\thirdparty\netcdf\vtknetcdf\netcdf.dir\release\dfile.obj
d:\cybermed\daddy\dependency\sdk-vtk-9.4.2\build_msvc\thirdparty\netcdf\vtknetcdf\netcdf.dir\release\derror.obj
d:\cybermed\daddy\dependency\sdk-vtk-9.4.2\build_msvc\thirdparty\netcdf\vtknetcdf\netcdf.dir\release\denum.obj
d:\cybermed\daddy\dependency\sdk-vtk-9.4.2\build_msvc\thirdparty\netcdf\vtknetcdf\netcdf.dir\release\ddispatch.obj
d:\cybermed\daddy\dependency\sdk-vtk-9.4.2\build_msvc\thirdparty\netcdf\vtknetcdf\netcdf.dir\release\ddim.obj
d:\cybermed\daddy\dependency\sdk-vtk-9.4.2\build_msvc\thirdparty\netcdf\vtknetcdf\netcdf.dir\release\dcrc64.obj
d:\cybermed\daddy\dependency\sdk-vtk-9.4.2\build_msvc\thirdparty\netcdf\vtknetcdf\netcdf.dir\release\dcrc32.obj
d:\cybermed\daddy\dependency\sdk-vtk-9.4.2\build_msvc\thirdparty\netcdf\vtknetcdf\netcdf.dir\release\dcopy.obj
d:\cybermed\daddy\dependency\sdk-vtk-9.4.2\build_msvc\thirdparty\netcdf\vtknetcdf\netcdf.dir\release\dcompound.obj
d:\cybermed\daddy\dependency\sdk-vtk-9.4.2\build_msvc\thirdparty\netcdf\vtknetcdf\netcdf.dir\release\daux.obj
d:\cybermed\daddy\dependency\sdk-vtk-9.4.2\build_msvc\thirdparty\netcdf\vtknetcdf\netcdf.dir\release\dauth.obj
d:\cybermed\daddy\dependency\sdk-vtk-9.4.2\build_msvc\thirdparty\netcdf\vtknetcdf\netcdf.dir\release\dattput.obj
d:\cybermed\daddy\dependency\sdk-vtk-9.4.2\build_msvc\thirdparty\netcdf\vtknetcdf\netcdf.dir\release\dattinq.obj
d:\cybermed\daddy\dependency\sdk-vtk-9.4.2\build_msvc\thirdparty\netcdf\vtknetcdf\netcdf.dir\release\dattget.obj
d:\cybermed\daddy\dependency\sdk-vtk-9.4.2\build_msvc\thirdparty\netcdf\vtknetcdf\netcdf.dir\release\datt.obj
d:\cybermed\daddy\dependency\sdk-vtk-9.4.2\build_msvc\thirdparty\netcdf\vtknetcdf\netcdf.dir\release\ncbytes.obj
d:\cybermed\daddy\dependency\sdk-vtk-9.4.2\build_msvc\thirdparty\netcdf\vtknetcdf\netcdf.dir\release\nc.obj
d:\cybermed\daddy\dependency\sdk-vtk-9.4.2\build_msvc\thirdparty\netcdf\vtknetcdf\netcdf.dir\release\dvlen.obj
d:\cybermed\daddy\dependency\sdk-vtk-9.4.2\build_msvc\thirdparty\netcdf\vtknetcdf\netcdf.dir\release\dvarput.obj
d:\cybermed\daddy\dependency\sdk-vtk-9.4.2\build_msvc\thirdparty\netcdf\vtknetcdf\netcdf.dir\release\dvarinq.obj
d:\cybermed\daddy\dependency\sdk-vtk-9.4.2\build_msvc\thirdparty\netcdf\vtknetcdf\netcdf.dir\release\dvarget.obj
d:\cybermed\daddy\dependency\sdk-vtk-9.4.2\build_msvc\thirdparty\netcdf\vtknetcdf\netcdf.dir\release\dvar.obj
d:\cybermed\daddy\dependency\sdk-vtk-9.4.2\build_msvc\thirdparty\netcdf\vtknetcdf\netcdf.dir\release\dutil.obj
d:\cybermed\daddy\dependency\sdk-vtk-9.4.2\build_msvc\thirdparty\netcdf\vtknetcdf\netcdf.dir\release\dutf8.obj
d:\cybermed\daddy\dependency\sdk-vtk-9.4.2\build_msvc\thirdparty\netcdf\vtknetcdf\netcdf.dir\release\dtype.obj
d:\cybermed\daddy\dependency\sdk-vtk-9.4.2\build_msvc\thirdparty\netcdf\vtknetcdf\netcdf.dir\release\dstring.obj
d:\cybermed\daddy\dependency\sdk-vtk-9.4.2\build_msvc\thirdparty\netcdf\vtknetcdf\netcdf.dir\release\ds3util.obj
d:\cybermed\daddy\dependency\sdk-vtk-9.4.2\build_msvc\thirdparty\netcdf\vtknetcdf\netcdf.dir\release\dreadonly.obj
d:\cybermed\daddy\dependency\sdk-vtk-9.4.2\build_msvc\thirdparty\netcdf\vtknetcdf\netcdf.dir\release\drc.obj
d:\cybermed\daddy\dependency\sdk-vtk-9.4.2\build_msvc\thirdparty\netcdf\vtknetcdf\netcdf.dir\release\dpathmgr.obj
d:\cybermed\daddy\dependency\sdk-vtk-9.4.2\build_msvc\thirdparty\netcdf\vtknetcdf\netcdf.dir\release\dparallel.obj
d:\cybermed\daddy\dependency\sdk-vtk-9.4.2\build_msvc\thirdparty\netcdf\vtknetcdf\netcdf.dir\release\dopaque.obj
d:\cybermed\daddy\dependency\sdk-vtk-9.4.2\build_msvc\thirdparty\netcdf\vtknetcdf\netcdf.dir\release\doffsets.obj
d:\cybermed\daddy\dependency\sdk-vtk-9.4.2\build_msvc\thirdparty\netcdf\vtknetcdf\netcdf.dir\release\dnotnc4.obj
d:\cybermed\daddy\dependency\sdk-vtk-9.4.2\build_msvc\thirdparty\netcdf\vtknetcdf\netcdf.dir\release\dnotnc3.obj
d:\cybermed\daddy\dependency\sdk-vtk-9.4.2\build_msvc\thirdparty\netcdf\vtknetcdf\netcdf.dir\release\posixio.obj
d:\cybermed\daddy\dependency\sdk-vtk-9.4.2\build_msvc\thirdparty\netcdf\vtknetcdf\netcdf.dir\release\ncx.obj
d:\cybermed\daddy\dependency\sdk-vtk-9.4.2\build_msvc\thirdparty\netcdf\vtknetcdf\netcdf.dir\release\ncio.obj
d:\cybermed\daddy\dependency\sdk-vtk-9.4.2\build_msvc\thirdparty\netcdf\vtknetcdf\netcdf.dir\release\nc3internal.obj
d:\cybermed\daddy\dependency\sdk-vtk-9.4.2\build_msvc\thirdparty\netcdf\vtknetcdf\netcdf.dir\release\nc3dispatch.obj
d:\cybermed\daddy\dependency\sdk-vtk-9.4.2\build_msvc\thirdparty\netcdf\vtknetcdf\netcdf.dir\release\memio.obj
d:\cybermed\daddy\dependency\sdk-vtk-9.4.2\build_msvc\thirdparty\netcdf\vtknetcdf\netcdf.dir\release\lookup3.obj
d:\cybermed\daddy\dependency\sdk-vtk-9.4.2\build_msvc\thirdparty\netcdf\vtknetcdf\netcdf.dir\release\dim.obj
d:\cybermed\daddy\dependency\sdk-vtk-9.4.2\build_msvc\thirdparty\netcdf\vtknetcdf\netcdf.dir\release\attr.obj
d:\cybermed\daddy\dependency\sdk-vtk-9.4.2\build_msvc\thirdparty\netcdf\vtknetcdf\netcdf.dir\release\nc_initialize.obj
d:\cybermed\daddy\dependency\sdk-vtk-9.4.2\build_msvc\thirdparty\netcdf\vtknetcdf\netcdf.dir\release\utf8proc.obj
d:\cybermed\daddy\dependency\sdk-vtk-9.4.2\build_msvc\thirdparty\netcdf\vtknetcdf\netcdf.dir\release\ncxcache.obj
d:\cybermed\daddy\dependency\sdk-vtk-9.4.2\build_msvc\thirdparty\netcdf\vtknetcdf\netcdf.dir\release\ncuri.obj
d:\cybermed\daddy\dependency\sdk-vtk-9.4.2\build_msvc\thirdparty\netcdf\vtknetcdf\netcdf.dir\release\nctime.obj
d:\cybermed\daddy\dependency\sdk-vtk-9.4.2\build_msvc\thirdparty\netcdf\vtknetcdf\netcdf.dir\release\nclog.obj
d:\cybermed\daddy\dependency\sdk-vtk-9.4.2\build_msvc\thirdparty\netcdf\vtknetcdf\netcdf.dir\release\nclistmgr.obj
d:\cybermed\daddy\dependency\sdk-vtk-9.4.2\build_msvc\thirdparty\netcdf\vtknetcdf\netcdf.dir\release\nclist.obj
d:\cybermed\daddy\dependency\sdk-vtk-9.4.2\build_msvc\thirdparty\netcdf\vtknetcdf\netcdf.dir\release\ncjson.obj
d:\cybermed\daddy\dependency\sdk-vtk-9.4.2\build_msvc\thirdparty\netcdf\vtknetcdf\netcdf.dir\release\nchashmap.obj
d:\cybermed\daddy\dependency\sdk-vtk-9.4.2\build_msvc\thirdparty\netcdf\vtknetcdf\netcdf.dir\release\ncexhash.obj
d:\cybermed\daddy\dependency\sdk-vtk-9.4.2\build_msvc\thirdparty\netcdf\vtknetcdf\netcdf.dir\release\hdf5filter.obj
d:\cybermed\daddy\dependency\sdk-vtk-9.4.2\build_msvc\thirdparty\netcdf\vtknetcdf\netcdf.dir\release\hdf5file.obj
d:\cybermed\daddy\dependency\sdk-vtk-9.4.2\build_msvc\thirdparty\netcdf\vtknetcdf\netcdf.dir\release\hdf5dim.obj
d:\cybermed\daddy\dependency\sdk-vtk-9.4.2\build_msvc\thirdparty\netcdf\vtknetcdf\netcdf.dir\release\hdf5debug.obj
d:\cybermed\daddy\dependency\sdk-vtk-9.4.2\build_msvc\thirdparty\netcdf\vtknetcdf\netcdf.dir\release\hdf5attr.obj
d:\cybermed\daddy\dependency\sdk-vtk-9.4.2\build_msvc\thirdparty\netcdf\vtknetcdf\netcdf.dir\release\nc4info.obj
d:\cybermed\daddy\dependency\sdk-vtk-9.4.2\build_msvc\thirdparty\netcdf\vtknetcdf\netcdf.dir\release\nc4hdf.obj
d:\cybermed\daddy\dependency\sdk-vtk-9.4.2\build_msvc\thirdparty\netcdf\vtknetcdf\netcdf.dir\release\ncindex.obj
d:\cybermed\daddy\dependency\sdk-vtk-9.4.2\build_msvc\thirdparty\netcdf\vtknetcdf\netcdf.dir\release\ncfunc.obj
d:\cybermed\daddy\dependency\sdk-vtk-9.4.2\build_msvc\thirdparty\netcdf\vtknetcdf\netcdf.dir\release\nc4var.obj
d:\cybermed\daddy\dependency\sdk-vtk-9.4.2\build_msvc\thirdparty\netcdf\vtknetcdf\netcdf.dir\release\nc4type.obj
d:\cybermed\daddy\dependency\sdk-vtk-9.4.2\build_msvc\thirdparty\netcdf\vtknetcdf\netcdf.dir\release\nc4internal.obj
d:\cybermed\daddy\dependency\sdk-vtk-9.4.2\build_msvc\thirdparty\netcdf\vtknetcdf\netcdf.dir\release\nc4grp.obj
d:\cybermed\daddy\dependency\sdk-vtk-9.4.2\build_msvc\thirdparty\netcdf\vtknetcdf\netcdf.dir\release\nc4dispatch.obj
d:\cybermed\daddy\dependency\sdk-vtk-9.4.2\build_msvc\thirdparty\netcdf\vtknetcdf\netcdf.dir\release\nc4dim.obj
d:\cybermed\daddy\dependency\sdk-vtk-9.4.2\build_msvc\thirdparty\netcdf\vtknetcdf\netcdf.dir\release\nc4cache.obj
d:\cybermed\daddy\dependency\sdk-vtk-9.4.2\build_msvc\thirdparty\netcdf\vtknetcdf\netcdf.dir\release\nc4attr.obj
d:\cybermed\daddy\dependency\sdk-vtk-9.4.2\build_msvc\thirdparty\netcdf\vtknetcdf\netcdf.dir\release\var.obj
d:\cybermed\daddy\dependency\sdk-vtk-9.4.2\build_msvc\thirdparty\netcdf\vtknetcdf\netcdf.dir\release\v1hpg.obj
d:\cybermed\daddy\dependency\sdk-vtk-9.4.2\build_msvc\thirdparty\netcdf\vtknetcdf\netcdf.dir\release\putget.obj
d:\cybermed\daddy\dependency\sdk-vtk-9.4.2\build_msvc\thirdparty\netcdf\vtknetcdf\netcdf.dir\release\dreg.obj
d:\cybermed\daddy\dependency\sdk-vtk-9.4.2\build_msvc\thirdparty\netcdf\vtknetcdf\netcdf.dir\release\hdf5set_format_compatibility.obj
d:\cybermed\daddy\dependency\sdk-vtk-9.4.2\build_msvc\thirdparty\netcdf\vtknetcdf\netcdf.dir\release\hdf5dispatch.obj
d:\cybermed\daddy\dependency\sdk-vtk-9.4.2\build_msvc\thirdparty\netcdf\vtknetcdf\netcdf.dir\release\nc4memcb.obj
d:\cybermed\daddy\dependency\sdk-vtk-9.4.2\build_msvc\thirdparty\netcdf\vtknetcdf\netcdf.dir\release\nc4mem.obj
d:\cybermed\daddy\dependency\sdk-vtk-9.4.2\build_msvc\thirdparty\netcdf\vtknetcdf\netcdf.dir\release\hdf5var.obj
d:\cybermed\daddy\dependency\sdk-vtk-9.4.2\build_msvc\thirdparty\netcdf\vtknetcdf\netcdf.dir\release\hdf5open.obj
d:\cybermed\daddy\dependency\sdk-vtk-9.4.2\build_msvc\thirdparty\netcdf\vtknetcdf\netcdf.dir\release\hdf5create.obj
d:\cybermed\daddy\dependency\sdk-vtk-9.4.2\build_msvc\thirdparty\netcdf\vtknetcdf\netcdf.dir\release\hdf5internal.obj
d:\cybermed\daddy\dependency\sdk-vtk-9.4.2\build_msvc\thirdparty\netcdf\vtknetcdf\netcdf.dir\release\hdf5type.obj
d:\cybermed\daddy\dependency\sdk-vtk-9.4.2\build_msvc\thirdparty\netcdf\vtknetcdf\netcdf.dir\release\hdf5grp.obj
d:\cybermed\daddy\dependency\sdk-vtk-9.4.2\build_msvc\thirdparty\netcdf\vtknetcdf\cmakefiles\generate.stamp
d:\cybermed\daddy\dependency\sdk-vtk-9.4.2\build_msvc\bin\release\vtknetcdf-9.4.dll
d:\cybermed\daddy\dependency\sdk-vtk-9.4.2\build_msvc\lib\release\vtknetcdf-9.4.lib
d:\cybermed\daddy\dependency\sdk-vtk-9.4.2\build_msvc\lib\release\vtknetcdf-9.4.exp
d:\cybermed\daddy\dependency\sdk-vtk-9.4.2\build_msvc\thirdparty\netcdf\vtknetcdf\netcdf.dir\release\netcdf.tlog\cl.command.1.tlog
d:\cybermed\daddy\dependency\sdk-vtk-9.4.2\build_msvc\thirdparty\netcdf\vtknetcdf\netcdf.dir\release\netcdf.tlog\cl.items.tlog
d:\cybermed\daddy\dependency\sdk-vtk-9.4.2\build_msvc\thirdparty\netcdf\vtknetcdf\netcdf.dir\release\netcdf.tlog\cl.read.1.tlog
d:\cybermed\daddy\dependency\sdk-vtk-9.4.2\build_msvc\thirdparty\netcdf\vtknetcdf\netcdf.dir\release\netcdf.tlog\cl.write.1.tlog
d:\cybermed\daddy\dependency\sdk-vtk-9.4.2\build_msvc\thirdparty\netcdf\vtknetcdf\netcdf.dir\release\netcdf.tlog\custombuild.command.1.tlog
d:\cybermed\daddy\dependency\sdk-vtk-9.4.2\build_msvc\thirdparty\netcdf\vtknetcdf\netcdf.dir\release\netcdf.tlog\custombuild.read.1.tlog
d:\cybermed\daddy\dependency\sdk-vtk-9.4.2\build_msvc\thirdparty\netcdf\vtknetcdf\netcdf.dir\release\netcdf.tlog\custombuild.write.1.tlog
d:\cybermed\daddy\dependency\sdk-vtk-9.4.2\build_msvc\thirdparty\netcdf\vtknetcdf\netcdf.dir\release\netcdf.tlog\link.command.1.tlog
d:\cybermed\daddy\dependency\sdk-vtk-9.4.2\build_msvc\thirdparty\netcdf\vtknetcdf\netcdf.dir\release\netcdf.tlog\link.read.1.tlog
d:\cybermed\daddy\dependency\sdk-vtk-9.4.2\build_msvc\thirdparty\netcdf\vtknetcdf\netcdf.dir\release\netcdf.tlog\link.secondary.1.tlog
d:\cybermed\daddy\dependency\sdk-vtk-9.4.2\build_msvc\thirdparty\netcdf\vtknetcdf\netcdf.dir\release\netcdf.tlog\link.write.1.tlog
