d:\cybermed\daddy\dependency\sdk-vtk-9.4.2\build_msvc\io\chemistry\iochemistry.dir\release\vtkxyzmolreader2.obj
d:\cybermed\daddy\dependency\sdk-vtk-9.4.2\build_msvc\io\chemistry\iochemistry.dir\release\vtkxyzmolreader.obj
d:\cybermed\daddy\dependency\sdk-vtk-9.4.2\build_msvc\io\chemistry\iochemistry.dir\release\vtkvasptessellationreader.obj
d:\cybermed\daddy\dependency\sdk-vtk-9.4.2\build_msvc\io\chemistry\iochemistry.dir\release\vtkvaspanimationreader.obj
d:\cybermed\daddy\dependency\sdk-vtk-9.4.2\build_msvc\io\chemistry\iochemistry.dir\release\vtkpdbreader.obj
d:\cybermed\daddy\dependency\sdk-vtk-9.4.2\build_msvc\io\chemistry\iochemistry.dir\release\vtkmoleculereaderbase.obj
d:\cybermed\daddy\dependency\sdk-vtk-9.4.2\build_msvc\io\chemistry\iochemistry.dir\release\vtkgaussiancubereader2.obj
d:\cybermed\daddy\dependency\sdk-vtk-9.4.2\build_msvc\io\chemistry\iochemistry.dir\release\vtkgaussiancubereader.obj
d:\cybermed\daddy\dependency\sdk-vtk-9.4.2\build_msvc\io\chemistry\iochemistry.dir\release\vtkcmlmoleculereader.obj
d:\cybermed\daddy\dependency\sdk-vtk-9.4.2\build_msvc\io\chemistry\cmakefiles\generate.stamp
d:\cybermed\daddy\dependency\sdk-vtk-9.4.2\build_msvc\bin\release\vtkiochemistry-9.4.dll
d:\cybermed\daddy\dependency\sdk-vtk-9.4.2\build_msvc\lib\release\vtkiochemistry-9.4.lib
d:\cybermed\daddy\dependency\sdk-vtk-9.4.2\build_msvc\lib\release\vtkiochemistry-9.4.exp
d:\cybermed\daddy\dependency\sdk-vtk-9.4.2\build_msvc\io\chemistry\iochemistry.dir\release\iochemistry.tlog\cl.command.1.tlog
d:\cybermed\daddy\dependency\sdk-vtk-9.4.2\build_msvc\io\chemistry\iochemistry.dir\release\iochemistry.tlog\cl.items.tlog
d:\cybermed\daddy\dependency\sdk-vtk-9.4.2\build_msvc\io\chemistry\iochemistry.dir\release\iochemistry.tlog\cl.read.1.tlog
d:\cybermed\daddy\dependency\sdk-vtk-9.4.2\build_msvc\io\chemistry\iochemistry.dir\release\iochemistry.tlog\cl.write.1.tlog
d:\cybermed\daddy\dependency\sdk-vtk-9.4.2\build_msvc\io\chemistry\iochemistry.dir\release\iochemistry.tlog\custombuild.command.1.tlog
d:\cybermed\daddy\dependency\sdk-vtk-9.4.2\build_msvc\io\chemistry\iochemistry.dir\release\iochemistry.tlog\custombuild.read.1.tlog
d:\cybermed\daddy\dependency\sdk-vtk-9.4.2\build_msvc\io\chemistry\iochemistry.dir\release\iochemistry.tlog\custombuild.write.1.tlog
d:\cybermed\daddy\dependency\sdk-vtk-9.4.2\build_msvc\io\chemistry\iochemistry.dir\release\iochemistry.tlog\link.command.1.tlog
d:\cybermed\daddy\dependency\sdk-vtk-9.4.2\build_msvc\io\chemistry\iochemistry.dir\release\iochemistry.tlog\link.read.1.tlog
d:\cybermed\daddy\dependency\sdk-vtk-9.4.2\build_msvc\io\chemistry\iochemistry.dir\release\iochemistry.tlog\link.secondary.1.tlog
d:\cybermed\daddy\dependency\sdk-vtk-9.4.2\build_msvc\io\chemistry\iochemistry.dir\release\iochemistry.tlog\link.write.1.tlog
