d:\cybermed\daddy\dependency\sdk-vtk-9.4.2\build_msvc\parallel\core\parallelcore.dir\release\vtksubgroup.obj
d:\cybermed\daddy\dependency\sdk-vtk-9.4.2\build_msvc\parallel\core\parallelcore.dir\release\vtksubcommunicator.obj
d:\cybermed\daddy\dependency\sdk-vtk-9.4.2\build_msvc\parallel\core\parallelcore.dir\release\vtksocketcontroller.obj
d:\cybermed\daddy\dependency\sdk-vtk-9.4.2\build_msvc\parallel\core\parallelcore.dir\release\vtksocketcommunicator.obj
d:\cybermed\daddy\dependency\sdk-vtk-9.4.2\build_msvc\parallel\core\parallelcore.dir\release\vtkpsystemtools.obj
d:\cybermed\daddy\dependency\sdk-vtk-9.4.2\build_msvc\parallel\core\parallelcore.dir\release\vtkprocessgroup.obj
d:\cybermed\daddy\dependency\sdk-vtk-9.4.2\build_msvc\parallel\core\parallelcore.dir\release\vtkprocess.obj
d:\cybermed\daddy\dependency\sdk-vtk-9.4.2\build_msvc\parallel\core\parallelcore.dir\release\vtkpdirectory.obj
d:\cybermed\daddy\dependency\sdk-vtk-9.4.2\build_msvc\parallel\core\parallelcore.dir\release\vtkmultiprocessstream.obj
d:\cybermed\daddy\dependency\sdk-vtk-9.4.2\build_msvc\parallel\core\parallelcore.dir\release\vtkmultiprocesscontroller.obj
d:\cybermed\daddy\dependency\sdk-vtk-9.4.2\build_msvc\parallel\core\parallelcore.dir\release\vtkfielddataserializer.obj
d:\cybermed\daddy\dependency\sdk-vtk-9.4.2\build_msvc\parallel\core\parallelcore.dir\release\vtkdummycontroller.obj
d:\cybermed\daddy\dependency\sdk-vtk-9.4.2\build_msvc\parallel\core\parallelcore.dir\release\vtkdummycommunicator.obj
d:\cybermed\daddy\dependency\sdk-vtk-9.4.2\build_msvc\parallel\core\parallelcore.dir\release\vtkcommunicator.obj
d:\cybermed\daddy\dependency\sdk-vtk-9.4.2\build_msvc\parallel\core\vtksocketcommunicatorhash.h
d:\cybermed\daddy\dependency\sdk-vtk-9.4.2\build_msvc\parallel\core\cmakefiles\generate.stamp
d:\cybermed\daddy\dependency\sdk-vtk-9.4.2\build_msvc\bin\release\vtkparallelcore-9.4.dll
d:\cybermed\daddy\dependency\sdk-vtk-9.4.2\build_msvc\lib\release\vtkparallelcore-9.4.lib
d:\cybermed\daddy\dependency\sdk-vtk-9.4.2\build_msvc\lib\release\vtkparallelcore-9.4.exp
d:\cybermed\daddy\dependency\sdk-vtk-9.4.2\build_msvc\parallel\core\parallelcore.dir\release\parallelcore.tlog\cl.command.1.tlog
d:\cybermed\daddy\dependency\sdk-vtk-9.4.2\build_msvc\parallel\core\parallelcore.dir\release\parallelcore.tlog\cl.items.tlog
d:\cybermed\daddy\dependency\sdk-vtk-9.4.2\build_msvc\parallel\core\parallelcore.dir\release\parallelcore.tlog\cl.read.1.tlog
d:\cybermed\daddy\dependency\sdk-vtk-9.4.2\build_msvc\parallel\core\parallelcore.dir\release\parallelcore.tlog\cl.write.1.tlog
d:\cybermed\daddy\dependency\sdk-vtk-9.4.2\build_msvc\parallel\core\parallelcore.dir\release\parallelcore.tlog\custombuild.command.1.tlog
d:\cybermed\daddy\dependency\sdk-vtk-9.4.2\build_msvc\parallel\core\parallelcore.dir\release\parallelcore.tlog\custombuild.read.1.tlog
d:\cybermed\daddy\dependency\sdk-vtk-9.4.2\build_msvc\parallel\core\parallelcore.dir\release\parallelcore.tlog\custombuild.write.1.tlog
d:\cybermed\daddy\dependency\sdk-vtk-9.4.2\build_msvc\parallel\core\parallelcore.dir\release\parallelcore.tlog\link.command.1.tlog
d:\cybermed\daddy\dependency\sdk-vtk-9.4.2\build_msvc\parallel\core\parallelcore.dir\release\parallelcore.tlog\link.read.1.tlog
d:\cybermed\daddy\dependency\sdk-vtk-9.4.2\build_msvc\parallel\core\parallelcore.dir\release\parallelcore.tlog\link.secondary.1.tlog
d:\cybermed\daddy\dependency\sdk-vtk-9.4.2\build_msvc\parallel\core\parallelcore.dir\release\parallelcore.tlog\link.write.1.tlog
