d:\cybermed\daddy\dependency\sdk-vtk-9.4.2\build_msvc\lib\debug\vtkparallelcore-9.4d.pdb
d:\cybermed\daddy\dependency\sdk-vtk-9.4.2\build_msvc\parallel\core\parallelcore.dir\debug\vtksubgroup.obj
d:\cybermed\daddy\dependency\sdk-vtk-9.4.2\build_msvc\parallel\core\parallelcore.dir\debug\vtksubcommunicator.obj
d:\cybermed\daddy\dependency\sdk-vtk-9.4.2\build_msvc\parallel\core\parallelcore.dir\debug\vtksocketcontroller.obj
d:\cybermed\daddy\dependency\sdk-vtk-9.4.2\build_msvc\parallel\core\parallelcore.dir\debug\vtksocketcommunicator.obj
d:\cybermed\daddy\dependency\sdk-vtk-9.4.2\build_msvc\parallel\core\parallelcore.dir\debug\vtkpsystemtools.obj
d:\cybermed\daddy\dependency\sdk-vtk-9.4.2\build_msvc\parallel\core\parallelcore.dir\debug\vtkprocessgroup.obj
d:\cybermed\daddy\dependency\sdk-vtk-9.4.2\build_msvc\parallel\core\parallelcore.dir\debug\vtkprocess.obj
d:\cybermed\daddy\dependency\sdk-vtk-9.4.2\build_msvc\parallel\core\parallelcore.dir\debug\vtkpdirectory.obj
d:\cybermed\daddy\dependency\sdk-vtk-9.4.2\build_msvc\parallel\core\parallelcore.dir\debug\vtkmultiprocessstream.obj
d:\cybermed\daddy\dependency\sdk-vtk-9.4.2\build_msvc\parallel\core\parallelcore.dir\debug\vtkmultiprocesscontroller.obj
d:\cybermed\daddy\dependency\sdk-vtk-9.4.2\build_msvc\parallel\core\parallelcore.dir\debug\vtkfielddataserializer.obj
d:\cybermed\daddy\dependency\sdk-vtk-9.4.2\build_msvc\parallel\core\parallelcore.dir\debug\vtkdummycontroller.obj
d:\cybermed\daddy\dependency\sdk-vtk-9.4.2\build_msvc\parallel\core\parallelcore.dir\debug\vtkdummycommunicator.obj
d:\cybermed\daddy\dependency\sdk-vtk-9.4.2\build_msvc\parallel\core\parallelcore.dir\debug\vtkcommunicator.obj
d:\cybermed\daddy\dependency\sdk-vtk-9.4.2\build_msvc\parallel\core\parallelcore.dir\debug\vc143.pdb
d:\cybermed\daddy\dependency\sdk-vtk-9.4.2\build_msvc\parallel\core\vtksocketcommunicatorhash.h
d:\cybermed\daddy\dependency\sdk-vtk-9.4.2\build_msvc\parallel\core\cmakefiles\generate.stamp
d:\cybermed\daddy\dependency\sdk-vtk-9.4.2\build_msvc\lib\debug\vtkparallelcore-9.4d.lib
d:\cybermed\daddy\dependency\sdk-vtk-9.4.2\build_msvc\bin\debug\vtkparallelcore-9.4d.dll
d:\cybermed\daddy\dependency\sdk-vtk-9.4.2\build_msvc\bin\debug\vtkparallelcore-9.4d.pdb
d:\cybermed\daddy\dependency\sdk-vtk-9.4.2\build_msvc\lib\debug\vtkparallelcore-9.4d.exp
d:\cybermed\daddy\dependency\sdk-vtk-9.4.2\build_msvc\parallel\core\parallelcore.dir\debug\vtkparallelcore-9.4d.ilk
d:\cybermed\daddy\dependency\sdk-vtk-9.4.2\build_msvc\parallel\core\parallelcore.dir\debug\parallelcore.tlog\cl.command.1.tlog
d:\cybermed\daddy\dependency\sdk-vtk-9.4.2\build_msvc\parallel\core\parallelcore.dir\debug\parallelcore.tlog\cl.items.tlog
d:\cybermed\daddy\dependency\sdk-vtk-9.4.2\build_msvc\parallel\core\parallelcore.dir\debug\parallelcore.tlog\cl.read.1.tlog
d:\cybermed\daddy\dependency\sdk-vtk-9.4.2\build_msvc\parallel\core\parallelcore.dir\debug\parallelcore.tlog\cl.write.1.tlog
d:\cybermed\daddy\dependency\sdk-vtk-9.4.2\build_msvc\parallel\core\parallelcore.dir\debug\parallelcore.tlog\custombuild.command.1.tlog
d:\cybermed\daddy\dependency\sdk-vtk-9.4.2\build_msvc\parallel\core\parallelcore.dir\debug\parallelcore.tlog\custombuild.read.1.tlog
d:\cybermed\daddy\dependency\sdk-vtk-9.4.2\build_msvc\parallel\core\parallelcore.dir\debug\parallelcore.tlog\custombuild.write.1.tlog
d:\cybermed\daddy\dependency\sdk-vtk-9.4.2\build_msvc\parallel\core\parallelcore.dir\debug\parallelcore.tlog\lib-link.read.1.tlog
d:\cybermed\daddy\dependency\sdk-vtk-9.4.2\build_msvc\parallel\core\parallelcore.dir\debug\parallelcore.tlog\lib-link.write.1.tlog
d:\cybermed\daddy\dependency\sdk-vtk-9.4.2\build_msvc\parallel\core\parallelcore.dir\debug\parallelcore.tlog\lib.command.1.tlog
d:\cybermed\daddy\dependency\sdk-vtk-9.4.2\build_msvc\parallel\core\parallelcore.dir\debug\parallelcore.tlog\link.command.1.tlog
d:\cybermed\daddy\dependency\sdk-vtk-9.4.2\build_msvc\parallel\core\parallelcore.dir\debug\parallelcore.tlog\link.read.1.tlog
d:\cybermed\daddy\dependency\sdk-vtk-9.4.2\build_msvc\parallel\core\parallelcore.dir\debug\parallelcore.tlog\link.secondary.1.tlog
d:\cybermed\daddy\dependency\sdk-vtk-9.4.2\build_msvc\parallel\core\parallelcore.dir\debug\parallelcore.tlog\link.write.1.tlog
