d:\cybermed\daddy\dependency\dcmtk-dcmtk-3.6.8\build_msvc\lib\debug\dcmiod.pdb
d:\cybermed\daddy\dependency\dcmtk-dcmtk-3.6.8\build_msvc\dcmiod\libsrc\dcmiod.dir\debug\modgeneralstudy.obj
d:\cybermed\daddy\dependency\dcmtk-dcmtk-3.6.8\build_msvc\dcmiod\libsrc\dcmiod.dir\debug\modgeneralseries.obj
d:\cybermed\daddy\dependency\dcmtk-dcmtk-3.6.8\build_msvc\dcmiod\libsrc\dcmiod.dir\debug\modgeneralimage.obj
d:\cybermed\daddy\dependency\dcmtk-dcmtk-3.6.8\build_msvc\dcmiod\libsrc\dcmiod.dir\debug\modfor.obj
d:\cybermed\daddy\dependency\dcmtk-dcmtk-3.6.8\build_msvc\dcmiod\libsrc\dcmiod.dir\debug\modfloatingpointimagepixel.obj
d:\cybermed\daddy\dependency\dcmtk-dcmtk-3.6.8\build_msvc\dcmiod\libsrc\dcmiod.dir\debug\modequipment.obj
d:\cybermed\daddy\dependency\dcmtk-dcmtk-3.6.8\build_msvc\dcmiod\libsrc\dcmiod.dir\debug\modenhusseries.obj
d:\cybermed\daddy\dependency\dcmtk-dcmtk-3.6.8\build_msvc\dcmiod\libsrc\dcmiod.dir\debug\modenhusimage.obj
d:\cybermed\daddy\dependency\dcmtk-dcmtk-3.6.8\build_msvc\dcmiod\libsrc\dcmiod.dir\debug\modenhequipment.obj
d:\cybermed\daddy\dependency\dcmtk-dcmtk-3.6.8\build_msvc\dcmiod\libsrc\dcmiod.dir\debug\modcommoninstanceref.obj
d:\cybermed\daddy\dependency\dcmtk-dcmtk-3.6.8\build_msvc\dcmiod\libsrc\dcmiod.dir\debug\modbase.obj
d:\cybermed\daddy\dependency\dcmtk-dcmtk-3.6.8\build_msvc\dcmiod\libsrc\dcmiod.dir\debug\modacquisitioncontext.obj
d:\cybermed\daddy\dependency\dcmtk-dcmtk-3.6.8\build_msvc\dcmiod\libsrc\dcmiod.dir\debug\iodtypes.obj
d:\cybermed\daddy\dependency\dcmtk-dcmtk-3.6.8\build_msvc\dcmiod\libsrc\dcmiod.dir\debug\iodutil.obj
d:\cybermed\daddy\dependency\dcmtk-dcmtk-3.6.8\build_msvc\dcmiod\libsrc\dcmiod.dir\debug\iodreferences.obj
d:\cybermed\daddy\dependency\dcmtk-dcmtk-3.6.8\build_msvc\dcmiod\libsrc\dcmiod.dir\debug\iodrules.obj
d:\cybermed\daddy\dependency\dcmtk-dcmtk-3.6.8\build_msvc\dcmiod\libsrc\dcmiod.dir\debug\iodmacro.obj
d:\cybermed\daddy\dependency\dcmtk-dcmtk-3.6.8\build_msvc\dcmiod\libsrc\dcmiod.dir\debug\iodcommn.obj
d:\cybermed\daddy\dependency\dcmtk-dcmtk-3.6.8\build_msvc\dcmiod\libsrc\dcmiod.dir\debug\iodcontentitemmacro.obj
d:\cybermed\daddy\dependency\dcmtk-dcmtk-3.6.8\build_msvc\dcmiod\libsrc\dcmiod.dir\debug\cielabutil.obj
d:\cybermed\daddy\dependency\dcmtk-dcmtk-3.6.8\build_msvc\dcmiod\libsrc\dcmiod.dir\debug\modusfor.obj
d:\cybermed\daddy\dependency\dcmtk-dcmtk-3.6.8\build_msvc\dcmiod\libsrc\dcmiod.dir\debug\modsynchronization.obj
d:\cybermed\daddy\dependency\dcmtk-dcmtk-3.6.8\build_msvc\dcmiod\libsrc\dcmiod.dir\debug\modsopcommon.obj
d:\cybermed\daddy\dependency\dcmtk-dcmtk-3.6.8\build_msvc\dcmiod\libsrc\dcmiod.dir\debug\modsegmentationseries.obj
d:\cybermed\daddy\dependency\dcmtk-dcmtk-3.6.8\build_msvc\dcmiod\libsrc\dcmiod.dir\debug\modpatientstudy.obj
d:\cybermed\daddy\dependency\dcmtk-dcmtk-3.6.8\build_msvc\dcmiod\libsrc\dcmiod.dir\debug\modpatient.obj
d:\cybermed\daddy\dependency\dcmtk-dcmtk-3.6.8\build_msvc\dcmiod\libsrc\dcmiod.dir\debug\modmultiframedimension.obj
d:\cybermed\daddy\dependency\dcmtk-dcmtk-3.6.8\build_msvc\dcmiod\libsrc\dcmiod.dir\debug\modmultiframefg.obj
d:\cybermed\daddy\dependency\dcmtk-dcmtk-3.6.8\build_msvc\dcmiod\libsrc\dcmiod.dir\debug\modimagepixelbase.obj
d:\cybermed\daddy\dependency\dcmtk-dcmtk-3.6.8\build_msvc\dcmiod\libsrc\dcmiod.dir\debug\modimagepixel.obj
d:\cybermed\daddy\dependency\dcmtk-dcmtk-3.6.8\build_msvc\dcmiod\libsrc\dcmiod.dir\debug\modhelp.obj
d:\cybermed\daddy\dependency\dcmtk-dcmtk-3.6.8\build_msvc\dcmiod\libsrc\dcmiod.dir\debug\vc143.pdb
d:\cybermed\daddy\dependency\dcmtk-dcmtk-3.6.8\build_msvc\dcmiod\libsrc\cmakefiles\generate.stamp
d:\cybermed\daddy\dependency\dcmtk-dcmtk-3.6.8\build_msvc\lib\debug\dcmiod.lib
d:\cybermed\daddy\dependency\dcmtk-dcmtk-3.6.8\build_msvc\bin\debug\dcmiod.dll
d:\cybermed\daddy\dependency\dcmtk-dcmtk-3.6.8\build_msvc\bin\debug\dcmiod.pdb
d:\cybermed\daddy\dependency\dcmtk-dcmtk-3.6.8\build_msvc\lib\debug\dcmiod.exp
d:\cybermed\daddy\dependency\dcmtk-dcmtk-3.6.8\build_msvc\dcmiod\libsrc\dcmiod.dir\debug\dcmiod.ilk
d:\cybermed\daddy\dependency\dcmtk-dcmtk-3.6.8\build_msvc\dcmiod\libsrc\dcmiod.dir\debug\dcmiod.tlog\cl.command.1.tlog
d:\cybermed\daddy\dependency\dcmtk-dcmtk-3.6.8\build_msvc\dcmiod\libsrc\dcmiod.dir\debug\dcmiod.tlog\cl.items.tlog
d:\cybermed\daddy\dependency\dcmtk-dcmtk-3.6.8\build_msvc\dcmiod\libsrc\dcmiod.dir\debug\dcmiod.tlog\cl.read.1.tlog
d:\cybermed\daddy\dependency\dcmtk-dcmtk-3.6.8\build_msvc\dcmiod\libsrc\dcmiod.dir\debug\dcmiod.tlog\cl.write.1.tlog
d:\cybermed\daddy\dependency\dcmtk-dcmtk-3.6.8\build_msvc\dcmiod\libsrc\dcmiod.dir\debug\dcmiod.tlog\custombuild.command.1.tlog
d:\cybermed\daddy\dependency\dcmtk-dcmtk-3.6.8\build_msvc\dcmiod\libsrc\dcmiod.dir\debug\dcmiod.tlog\custombuild.read.1.tlog
d:\cybermed\daddy\dependency\dcmtk-dcmtk-3.6.8\build_msvc\dcmiod\libsrc\dcmiod.dir\debug\dcmiod.tlog\custombuild.write.1.tlog
d:\cybermed\daddy\dependency\dcmtk-dcmtk-3.6.8\build_msvc\dcmiod\libsrc\dcmiod.dir\debug\dcmiod.tlog\lib-link.read.1.tlog
d:\cybermed\daddy\dependency\dcmtk-dcmtk-3.6.8\build_msvc\dcmiod\libsrc\dcmiod.dir\debug\dcmiod.tlog\lib-link.write.1.tlog
d:\cybermed\daddy\dependency\dcmtk-dcmtk-3.6.8\build_msvc\dcmiod\libsrc\dcmiod.dir\debug\dcmiod.tlog\lib.command.1.tlog
d:\cybermed\daddy\dependency\dcmtk-dcmtk-3.6.8\build_msvc\dcmiod\libsrc\dcmiod.dir\debug\dcmiod.tlog\link.command.1.tlog
d:\cybermed\daddy\dependency\dcmtk-dcmtk-3.6.8\build_msvc\dcmiod\libsrc\dcmiod.dir\debug\dcmiod.tlog\link.read.1.tlog
d:\cybermed\daddy\dependency\dcmtk-dcmtk-3.6.8\build_msvc\dcmiod\libsrc\dcmiod.dir\debug\dcmiod.tlog\link.secondary.1.tlog
d:\cybermed\daddy\dependency\dcmtk-dcmtk-3.6.8\build_msvc\dcmiod\libsrc\dcmiod.dir\debug\dcmiod.tlog\link.write.1.tlog
