d:\cybermed\daddy\dependency\sdk-vtk-9.4.2\build_msvc\lib\debug\vtkfiltersgeometrypreview-9.4d.pdb
d:\cybermed\daddy\dependency\sdk-vtk-9.4.2\build_msvc\filters\geometrypreview\filtersgeometrypreview.dir\debug\vtkpointsetstreamer.obj
d:\cybermed\daddy\dependency\sdk-vtk-9.4.2\build_msvc\filters\geometrypreview\filtersgeometrypreview.dir\debug\vtkpointsettooctreeimagefilter.obj
d:\cybermed\daddy\dependency\sdk-vtk-9.4.2\build_msvc\filters\geometrypreview\filtersgeometrypreview.dir\debug\vtkoctreeimagetopointsetfilter.obj
d:\cybermed\daddy\dependency\sdk-vtk-9.4.2\build_msvc\filters\geometrypreview\filtersgeometrypreview.dir\debug\vc143.pdb
d:\cybermed\daddy\dependency\sdk-vtk-9.4.2\build_msvc\filters\geometrypreview\cmakefiles\generate.stamp
d:\cybermed\daddy\dependency\sdk-vtk-9.4.2\build_msvc\lib\debug\vtkfiltersgeometrypreview-9.4d.lib
d:\cybermed\daddy\dependency\sdk-vtk-9.4.2\build_msvc\bin\debug\vtkfiltersgeometrypreview-9.4d.dll
d:\cybermed\daddy\dependency\sdk-vtk-9.4.2\build_msvc\bin\debug\vtkfiltersgeometrypreview-9.4d.pdb
d:\cybermed\daddy\dependency\sdk-vtk-9.4.2\build_msvc\lib\debug\vtkfiltersgeometrypreview-9.4d.exp
d:\cybermed\daddy\dependency\sdk-vtk-9.4.2\build_msvc\filters\geometrypreview\filtersgeometrypreview.dir\debug\vtkfiltersgeometrypreview-9.4d.ilk
d:\cybermed\daddy\dependency\sdk-vtk-9.4.2\build_msvc\filters\geometrypreview\filtersgeometrypreview.dir\debug\filtersg.d60a6422.tlog\cl.command.1.tlog
d:\cybermed\daddy\dependency\sdk-vtk-9.4.2\build_msvc\filters\geometrypreview\filtersgeometrypreview.dir\debug\filtersg.d60a6422.tlog\cl.items.tlog
d:\cybermed\daddy\dependency\sdk-vtk-9.4.2\build_msvc\filters\geometrypreview\filtersgeometrypreview.dir\debug\filtersg.d60a6422.tlog\cl.read.1.tlog
d:\cybermed\daddy\dependency\sdk-vtk-9.4.2\build_msvc\filters\geometrypreview\filtersgeometrypreview.dir\debug\filtersg.d60a6422.tlog\cl.write.1.tlog
d:\cybermed\daddy\dependency\sdk-vtk-9.4.2\build_msvc\filters\geometrypreview\filtersgeometrypreview.dir\debug\filtersg.d60a6422.tlog\custombuild.command.1.tlog
d:\cybermed\daddy\dependency\sdk-vtk-9.4.2\build_msvc\filters\geometrypreview\filtersgeometrypreview.dir\debug\filtersg.d60a6422.tlog\custombuild.read.1.tlog
d:\cybermed\daddy\dependency\sdk-vtk-9.4.2\build_msvc\filters\geometrypreview\filtersgeometrypreview.dir\debug\filtersg.d60a6422.tlog\custombuild.write.1.tlog
d:\cybermed\daddy\dependency\sdk-vtk-9.4.2\build_msvc\filters\geometrypreview\filtersgeometrypreview.dir\debug\filtersg.d60a6422.tlog\lib-link.read.1.tlog
d:\cybermed\daddy\dependency\sdk-vtk-9.4.2\build_msvc\filters\geometrypreview\filtersgeometrypreview.dir\debug\filtersg.d60a6422.tlog\lib-link.write.1.tlog
d:\cybermed\daddy\dependency\sdk-vtk-9.4.2\build_msvc\filters\geometrypreview\filtersgeometrypreview.dir\debug\filtersg.d60a6422.tlog\lib.command.1.tlog
d:\cybermed\daddy\dependency\sdk-vtk-9.4.2\build_msvc\filters\geometrypreview\filtersgeometrypreview.dir\debug\filtersg.d60a6422.tlog\link.command.1.tlog
d:\cybermed\daddy\dependency\sdk-vtk-9.4.2\build_msvc\filters\geometrypreview\filtersgeometrypreview.dir\debug\filtersg.d60a6422.tlog\link.read.1.tlog
d:\cybermed\daddy\dependency\sdk-vtk-9.4.2\build_msvc\filters\geometrypreview\filtersgeometrypreview.dir\debug\filtersg.d60a6422.tlog\link.secondary.1.tlog
d:\cybermed\daddy\dependency\sdk-vtk-9.4.2\build_msvc\filters\geometrypreview\filtersgeometrypreview.dir\debug\filtersg.d60a6422.tlog\link.write.1.tlog
