d:\cybermed\daddy\dependency\dcmtk-dcmtk-3.6.8\build_msvc\dcmqrdb\libsrc\dcmqrdb.dir\release\dcmqrtis.obj
d:\cybermed\daddy\dependency\dcmtk-dcmtk-3.6.8\build_msvc\dcmqrdb\libsrc\dcmqrdb.dir\release\dcmqrsrv.obj
d:\cybermed\daddy\dependency\dcmtk-dcmtk-3.6.8\build_msvc\dcmqrdb\libsrc\dcmqrdb.dir\release\dcmqrptb.obj
d:\cybermed\daddy\dependency\dcmtk-dcmtk-3.6.8\build_msvc\dcmqrdb\libsrc\dcmqrdb.dir\release\dcmqropt.obj
d:\cybermed\daddy\dependency\dcmtk-dcmtk-3.6.8\build_msvc\dcmqrdb\libsrc\dcmqrdb.dir\release\dcmqrdbs.obj
d:\cybermed\daddy\dependency\dcmtk-dcmtk-3.6.8\build_msvc\dcmqrdb\libsrc\dcmqrdb.dir\release\dcmqrdbi.obj
d:\cybermed\daddy\dependency\dcmtk-dcmtk-3.6.8\build_msvc\dcmqrdb\libsrc\dcmqrdb.dir\release\dcmqrcnf.obj
d:\cybermed\daddy\dependency\dcmtk-dcmtk-3.6.8\build_msvc\dcmqrdb\libsrc\dcmqrdb.dir\release\dcmqrcbs.obj
d:\cybermed\daddy\dependency\dcmtk-dcmtk-3.6.8\build_msvc\dcmqrdb\libsrc\dcmqrdb.dir\release\dcmqrcbm.obj
d:\cybermed\daddy\dependency\dcmtk-dcmtk-3.6.8\build_msvc\dcmqrdb\libsrc\dcmqrdb.dir\release\dcmqrcbg.obj
d:\cybermed\daddy\dependency\dcmtk-dcmtk-3.6.8\build_msvc\dcmqrdb\libsrc\dcmqrdb.dir\release\dcmqrcbf.obj
d:\cybermed\daddy\dependency\dcmtk-dcmtk-3.6.8\build_msvc\dcmqrdb\libsrc\cmakefiles\generate.stamp
d:\cybermed\daddy\dependency\dcmtk-dcmtk-3.6.8\build_msvc\lib\release\dcmqrdb.lib
d:\cybermed\daddy\dependency\dcmtk-dcmtk-3.6.8\build_msvc\bin\release\dcmqrdb.dll
d:\cybermed\daddy\dependency\dcmtk-dcmtk-3.6.8\build_msvc\lib\release\dcmqrdb.exp
d:\cybermed\daddy\dependency\dcmtk-dcmtk-3.6.8\build_msvc\dcmqrdb\libsrc\dcmqrdb.dir\release\dcmqrdb.tlog\cl.command.1.tlog
d:\cybermed\daddy\dependency\dcmtk-dcmtk-3.6.8\build_msvc\dcmqrdb\libsrc\dcmqrdb.dir\release\dcmqrdb.tlog\cl.items.tlog
d:\cybermed\daddy\dependency\dcmtk-dcmtk-3.6.8\build_msvc\dcmqrdb\libsrc\dcmqrdb.dir\release\dcmqrdb.tlog\cl.read.1.tlog
d:\cybermed\daddy\dependency\dcmtk-dcmtk-3.6.8\build_msvc\dcmqrdb\libsrc\dcmqrdb.dir\release\dcmqrdb.tlog\cl.write.1.tlog
d:\cybermed\daddy\dependency\dcmtk-dcmtk-3.6.8\build_msvc\dcmqrdb\libsrc\dcmqrdb.dir\release\dcmqrdb.tlog\custombuild.command.1.tlog
d:\cybermed\daddy\dependency\dcmtk-dcmtk-3.6.8\build_msvc\dcmqrdb\libsrc\dcmqrdb.dir\release\dcmqrdb.tlog\custombuild.read.1.tlog
d:\cybermed\daddy\dependency\dcmtk-dcmtk-3.6.8\build_msvc\dcmqrdb\libsrc\dcmqrdb.dir\release\dcmqrdb.tlog\custombuild.write.1.tlog
d:\cybermed\daddy\dependency\dcmtk-dcmtk-3.6.8\build_msvc\dcmqrdb\libsrc\dcmqrdb.dir\release\dcmqrdb.tlog\lib-link.read.1.tlog
d:\cybermed\daddy\dependency\dcmtk-dcmtk-3.6.8\build_msvc\dcmqrdb\libsrc\dcmqrdb.dir\release\dcmqrdb.tlog\lib-link.write.1.tlog
d:\cybermed\daddy\dependency\dcmtk-dcmtk-3.6.8\build_msvc\dcmqrdb\libsrc\dcmqrdb.dir\release\dcmqrdb.tlog\lib.command.1.tlog
d:\cybermed\daddy\dependency\dcmtk-dcmtk-3.6.8\build_msvc\dcmqrdb\libsrc\dcmqrdb.dir\release\dcmqrdb.tlog\link.command.1.tlog
d:\cybermed\daddy\dependency\dcmtk-dcmtk-3.6.8\build_msvc\dcmqrdb\libsrc\dcmqrdb.dir\release\dcmqrdb.tlog\link.read.1.tlog
d:\cybermed\daddy\dependency\dcmtk-dcmtk-3.6.8\build_msvc\dcmqrdb\libsrc\dcmqrdb.dir\release\dcmqrdb.tlog\link.secondary.1.tlog
d:\cybermed\daddy\dependency\dcmtk-dcmtk-3.6.8\build_msvc\dcmqrdb\libsrc\dcmqrdb.dir\release\dcmqrdb.tlog\link.write.1.tlog
