d:\cybermed\daddy\dependency\dcmtk-dcmtk-3.6.8\build_msvc\dcmfg\libsrc\dcmfg.dir\release\fgpixeltransform.obj
d:\cybermed\daddy\dependency\dcmtk-dcmtk-3.6.8\build_msvc\dcmfg\libsrc\dcmfg.dir\release\fgframevoilut.obj
d:\cybermed\daddy\dependency\dcmtk-dcmtk-3.6.8\build_msvc\dcmfg\libsrc\dcmfg.dir\release\fgframeanatomy.obj
d:\cybermed\daddy\dependency\dcmtk-dcmtk-3.6.8\build_msvc\dcmfg\libsrc\dcmfg.dir\release\fgfracon.obj
d:\cybermed\daddy\dependency\dcmtk-dcmtk-3.6.8\build_msvc\dcmfg\libsrc\dcmfg.dir\release\fgfact.obj
d:\cybermed\daddy\dependency\dcmtk-dcmtk-3.6.8\build_msvc\dcmfg\libsrc\dcmfg.dir\release\fgderimg.obj
d:\cybermed\daddy\dependency\dcmtk-dcmtk-3.6.8\build_msvc\dcmfg\libsrc\dcmfg.dir\release\fgctxraydetails.obj
d:\cybermed\daddy\dependency\dcmtk-dcmtk-3.6.8\build_msvc\dcmfg\libsrc\dcmfg.dir\release\fgcttabledynamics.obj
d:\cybermed\daddy\dependency\dcmtk-dcmtk-3.6.8\build_msvc\dcmfg\libsrc\dcmfg.dir\release\fgctreconstruction.obj
d:\cybermed\daddy\dependency\dcmtk-dcmtk-3.6.8\build_msvc\dcmfg\libsrc\dcmfg.dir\release\fgctposition.obj
d:\cybermed\daddy\dependency\dcmtk-dcmtk-3.6.8\build_msvc\dcmfg\libsrc\dcmfg.dir\release\fgctimageframetype.obj
d:\cybermed\daddy\dependency\dcmtk-dcmtk-3.6.8\build_msvc\dcmfg\libsrc\dcmfg.dir\release\fgctgeometry.obj
d:\cybermed\daddy\dependency\dcmtk-dcmtk-3.6.8\build_msvc\dcmfg\libsrc\dcmfg.dir\release\fgctexposure.obj
d:\cybermed\daddy\dependency\dcmtk-dcmtk-3.6.8\build_msvc\dcmfg\libsrc\dcmfg.dir\release\fgctadditionalxraysource.obj
d:\cybermed\daddy\dependency\dcmtk-dcmtk-3.6.8\build_msvc\dcmfg\libsrc\dcmfg.dir\release\fgctacquisitiontype.obj
d:\cybermed\daddy\dependency\dcmtk-dcmtk-3.6.8\build_msvc\dcmfg\libsrc\dcmfg.dir\release\fgctacquisitiondetails.obj
d:\cybermed\daddy\dependency\dcmtk-dcmtk-3.6.8\build_msvc\dcmfg\libsrc\dcmfg.dir\release\fgbase.obj
d:\cybermed\daddy\dependency\dcmtk-dcmtk-3.6.8\build_msvc\dcmfg\libsrc\dcmfg.dir\release\fg.obj
d:\cybermed\daddy\dependency\dcmtk-dcmtk-3.6.8\build_msvc\dcmfg\libsrc\dcmfg.dir\release\concatenationloader.obj
d:\cybermed\daddy\dependency\dcmtk-dcmtk-3.6.8\build_msvc\dcmfg\libsrc\dcmfg.dir\release\concatenationcreator.obj
d:\cybermed\daddy\dependency\dcmtk-dcmtk-3.6.8\build_msvc\dcmfg\libsrc\dcmfg.dir\release\stackinterface.obj
d:\cybermed\daddy\dependency\dcmtk-dcmtk-3.6.8\build_msvc\dcmfg\libsrc\dcmfg.dir\release\stack.obj
d:\cybermed\daddy\dependency\dcmtk-dcmtk-3.6.8\build_msvc\dcmfg\libsrc\dcmfg.dir\release\fgtypes.obj
d:\cybermed\daddy\dependency\dcmtk-dcmtk-3.6.8\build_msvc\dcmfg\libsrc\dcmfg.dir\release\fgusimagedescription.obj
d:\cybermed\daddy\dependency\dcmtk-dcmtk-3.6.8\build_msvc\dcmfg\libsrc\dcmfg.dir\release\fgtemporalposition.obj
d:\cybermed\daddy\dependency\dcmtk-dcmtk-3.6.8\build_msvc\dcmfg\libsrc\dcmfg.dir\release\fgseg.obj
d:\cybermed\daddy\dependency\dcmtk-dcmtk-3.6.8\build_msvc\dcmfg\libsrc\dcmfg.dir\release\fgrealworldvaluemapping.obj
d:\cybermed\daddy\dependency\dcmtk-dcmtk-3.6.8\build_msvc\dcmfg\libsrc\dcmfg.dir\release\fgplanposvol.obj
d:\cybermed\daddy\dependency\dcmtk-dcmtk-3.6.8\build_msvc\dcmfg\libsrc\dcmfg.dir\release\fgplanpo.obj
d:\cybermed\daddy\dependency\dcmtk-dcmtk-3.6.8\build_msvc\dcmfg\libsrc\dcmfg.dir\release\fgplanorvol.obj
d:\cybermed\daddy\dependency\dcmtk-dcmtk-3.6.8\build_msvc\dcmfg\libsrc\dcmfg.dir\release\fgplanor.obj
d:\cybermed\daddy\dependency\dcmtk-dcmtk-3.6.8\build_msvc\dcmfg\libsrc\dcmfg.dir\release\fgparametricmapframetype.obj
d:\cybermed\daddy\dependency\dcmtk-dcmtk-3.6.8\build_msvc\dcmfg\libsrc\dcmfg.dir\release\fgpixmsr.obj
d:\cybermed\daddy\dependency\dcmtk-dcmtk-3.6.8\build_msvc\dcmfg\libsrc\dcmfg.dir\release\fgirradiationeventid.obj
d:\cybermed\daddy\dependency\dcmtk-dcmtk-3.6.8\build_msvc\dcmfg\libsrc\dcmfg.dir\release\fginterface.obj
d:\cybermed\daddy\dependency\dcmtk-dcmtk-3.6.8\build_msvc\dcmfg\libsrc\dcmfg.dir\release\fgimagedatatype.obj
d:\cybermed\daddy\dependency\dcmtk-dcmtk-3.6.8\build_msvc\dcmfg\libsrc\cmakefiles\generate.stamp
d:\cybermed\daddy\dependency\dcmtk-dcmtk-3.6.8\build_msvc\lib\release\dcmfg.lib
d:\cybermed\daddy\dependency\dcmtk-dcmtk-3.6.8\build_msvc\bin\release\dcmfg.dll
d:\cybermed\daddy\dependency\dcmtk-dcmtk-3.6.8\build_msvc\lib\release\dcmfg.exp
d:\cybermed\daddy\dependency\dcmtk-dcmtk-3.6.8\build_msvc\dcmfg\libsrc\dcmfg.dir\release\dcmfg.tlog\cl.command.1.tlog
d:\cybermed\daddy\dependency\dcmtk-dcmtk-3.6.8\build_msvc\dcmfg\libsrc\dcmfg.dir\release\dcmfg.tlog\cl.items.tlog
d:\cybermed\daddy\dependency\dcmtk-dcmtk-3.6.8\build_msvc\dcmfg\libsrc\dcmfg.dir\release\dcmfg.tlog\cl.read.1.tlog
d:\cybermed\daddy\dependency\dcmtk-dcmtk-3.6.8\build_msvc\dcmfg\libsrc\dcmfg.dir\release\dcmfg.tlog\cl.write.1.tlog
d:\cybermed\daddy\dependency\dcmtk-dcmtk-3.6.8\build_msvc\dcmfg\libsrc\dcmfg.dir\release\dcmfg.tlog\custombuild.command.1.tlog
d:\cybermed\daddy\dependency\dcmtk-dcmtk-3.6.8\build_msvc\dcmfg\libsrc\dcmfg.dir\release\dcmfg.tlog\custombuild.read.1.tlog
d:\cybermed\daddy\dependency\dcmtk-dcmtk-3.6.8\build_msvc\dcmfg\libsrc\dcmfg.dir\release\dcmfg.tlog\custombuild.write.1.tlog
d:\cybermed\daddy\dependency\dcmtk-dcmtk-3.6.8\build_msvc\dcmfg\libsrc\dcmfg.dir\release\dcmfg.tlog\lib-link.read.1.tlog
d:\cybermed\daddy\dependency\dcmtk-dcmtk-3.6.8\build_msvc\dcmfg\libsrc\dcmfg.dir\release\dcmfg.tlog\lib-link.write.1.tlog
d:\cybermed\daddy\dependency\dcmtk-dcmtk-3.6.8\build_msvc\dcmfg\libsrc\dcmfg.dir\release\dcmfg.tlog\lib.command.1.tlog
d:\cybermed\daddy\dependency\dcmtk-dcmtk-3.6.8\build_msvc\dcmfg\libsrc\dcmfg.dir\release\dcmfg.tlog\link.command.1.tlog
d:\cybermed\daddy\dependency\dcmtk-dcmtk-3.6.8\build_msvc\dcmfg\libsrc\dcmfg.dir\release\dcmfg.tlog\link.read.1.tlog
d:\cybermed\daddy\dependency\dcmtk-dcmtk-3.6.8\build_msvc\dcmfg\libsrc\dcmfg.dir\release\dcmfg.tlog\link.secondary.1.tlog
d:\cybermed\daddy\dependency\dcmtk-dcmtk-3.6.8\build_msvc\dcmfg\libsrc\dcmfg.dir\release\dcmfg.tlog\link.write.1.tlog
