d:\cybermed\daddy\dependency\sdk-vtk-9.4.2\build_msvc\views\qt\viewsqt.dir\release\mocs_compilation_release.obj
d:\cybermed\daddy\dependency\sdk-vtk-9.4.2\build_msvc\views\qt\viewsqt.dir\release\vtkqtview.obj
d:\cybermed\daddy\dependency\sdk-vtk-9.4.2\build_msvc\views\qt\viewsqt.dir\release\vtkqttreeview.obj
d:\cybermed\daddy\dependency\sdk-vtk-9.4.2\build_msvc\views\qt\viewsqt.dir\release\vtkqttableview.obj
d:\cybermed\daddy\dependency\sdk-vtk-9.4.2\build_msvc\views\qt\viewsqt.dir\release\vtkqttablerepresentation.obj
d:\cybermed\daddy\dependency\sdk-vtk-9.4.2\build_msvc\views\qt\viewsqt.dir\release\vtkqtrecordview.obj
d:\cybermed\daddy\dependency\sdk-vtk-9.4.2\build_msvc\views\qt\viewsqt.dir\release\vtkqtlistview.obj
d:\cybermed\daddy\dependency\sdk-vtk-9.4.2\build_msvc\views\qt\viewsqt.dir\release\vtkqtannotationview.obj
d:\cybermed\daddy\dependency\sdk-vtk-9.4.2\build_msvc\views\qt\cmakefiles\generate.stamp
d:\cybermed\daddy\dependency\sdk-vtk-9.4.2\build_msvc\bin\release\vtkviewsqt-9.4.dll
d:\cybermed\daddy\dependency\sdk-vtk-9.4.2\build_msvc\lib\release\vtkviewsqt-9.4.lib
d:\cybermed\daddy\dependency\sdk-vtk-9.4.2\build_msvc\lib\release\vtkviewsqt-9.4.exp
d:\cybermed\daddy\dependency\sdk-vtk-9.4.2\build_msvc\views\qt\viewsqt.dir\release\viewsqt.tlog\cl.command.1.tlog
d:\cybermed\daddy\dependency\sdk-vtk-9.4.2\build_msvc\views\qt\viewsqt.dir\release\viewsqt.tlog\cl.items.tlog
d:\cybermed\daddy\dependency\sdk-vtk-9.4.2\build_msvc\views\qt\viewsqt.dir\release\viewsqt.tlog\cl.read.1.tlog
d:\cybermed\daddy\dependency\sdk-vtk-9.4.2\build_msvc\views\qt\viewsqt.dir\release\viewsqt.tlog\cl.write.1.tlog
d:\cybermed\daddy\dependency\sdk-vtk-9.4.2\build_msvc\views\qt\viewsqt.dir\release\viewsqt.tlog\custombuild.command.1.tlog
d:\cybermed\daddy\dependency\sdk-vtk-9.4.2\build_msvc\views\qt\viewsqt.dir\release\viewsqt.tlog\custombuild.read.1.tlog
d:\cybermed\daddy\dependency\sdk-vtk-9.4.2\build_msvc\views\qt\viewsqt.dir\release\viewsqt.tlog\custombuild.write.1.tlog
d:\cybermed\daddy\dependency\sdk-vtk-9.4.2\build_msvc\views\qt\viewsqt.dir\release\viewsqt.tlog\link.command.1.tlog
d:\cybermed\daddy\dependency\sdk-vtk-9.4.2\build_msvc\views\qt\viewsqt.dir\release\viewsqt.tlog\link.read.1.tlog
d:\cybermed\daddy\dependency\sdk-vtk-9.4.2\build_msvc\views\qt\viewsqt.dir\release\viewsqt.tlog\link.secondary.1.tlog
d:\cybermed\daddy\dependency\sdk-vtk-9.4.2\build_msvc\views\qt\viewsqt.dir\release\viewsqt.tlog\link.write.1.tlog
