d:\cybermed\daddy\dependency\sdk-vtk-9.4.2\build_msvc\lib\debug\vtkiocellgrid-9.4d.pdb
d:\cybermed\daddy\dependency\sdk-vtk-9.4.2\build_msvc\io\cellgrid\iocellgrid.dir\debug\vtkdgioresponder.obj
d:\cybermed\daddy\dependency\sdk-vtk-9.4.2\build_msvc\io\cellgrid\iocellgrid.dir\debug\vtkcompositecellgridreader.obj
d:\cybermed\daddy\dependency\sdk-vtk-9.4.2\build_msvc\io\cellgrid\iocellgrid.dir\debug\vtkcellgridwriter.obj
d:\cybermed\daddy\dependency\sdk-vtk-9.4.2\build_msvc\io\cellgrid\iocellgrid.dir\debug\vtkcellgridreader.obj
d:\cybermed\daddy\dependency\sdk-vtk-9.4.2\build_msvc\io\cellgrid\iocellgrid.dir\debug\vtkcellgridioquery.obj
d:\cybermed\daddy\dependency\sdk-vtk-9.4.2\build_msvc\io\cellgrid\iocellgrid.dir\debug\vtkiocellgrid.obj
d:\cybermed\daddy\dependency\sdk-vtk-9.4.2\build_msvc\io\cellgrid\iocellgrid.dir\debug\vc143.pdb
d:\cybermed\daddy\dependency\sdk-vtk-9.4.2\build_msvc\io\cellgrid\cmakefiles\generate.stamp
d:\cybermed\daddy\dependency\sdk-vtk-9.4.2\build_msvc\lib\debug\vtkiocellgrid-9.4d.lib
d:\cybermed\daddy\dependency\sdk-vtk-9.4.2\build_msvc\bin\debug\vtkiocellgrid-9.4d.dll
d:\cybermed\daddy\dependency\sdk-vtk-9.4.2\build_msvc\bin\debug\vtkiocellgrid-9.4d.pdb
d:\cybermed\daddy\dependency\sdk-vtk-9.4.2\build_msvc\lib\debug\vtkiocellgrid-9.4d.exp
d:\cybermed\daddy\dependency\sdk-vtk-9.4.2\build_msvc\io\cellgrid\iocellgrid.dir\debug\vtkiocellgrid-9.4d.ilk
d:\cybermed\daddy\dependency\sdk-vtk-9.4.2\build_msvc\io\cellgrid\iocellgrid.dir\debug\iocellgrid.tlog\cl.command.1.tlog
d:\cybermed\daddy\dependency\sdk-vtk-9.4.2\build_msvc\io\cellgrid\iocellgrid.dir\debug\iocellgrid.tlog\cl.items.tlog
d:\cybermed\daddy\dependency\sdk-vtk-9.4.2\build_msvc\io\cellgrid\iocellgrid.dir\debug\iocellgrid.tlog\cl.read.1.tlog
d:\cybermed\daddy\dependency\sdk-vtk-9.4.2\build_msvc\io\cellgrid\iocellgrid.dir\debug\iocellgrid.tlog\cl.write.1.tlog
d:\cybermed\daddy\dependency\sdk-vtk-9.4.2\build_msvc\io\cellgrid\iocellgrid.dir\debug\iocellgrid.tlog\custombuild.command.1.tlog
d:\cybermed\daddy\dependency\sdk-vtk-9.4.2\build_msvc\io\cellgrid\iocellgrid.dir\debug\iocellgrid.tlog\custombuild.read.1.tlog
d:\cybermed\daddy\dependency\sdk-vtk-9.4.2\build_msvc\io\cellgrid\iocellgrid.dir\debug\iocellgrid.tlog\custombuild.write.1.tlog
d:\cybermed\daddy\dependency\sdk-vtk-9.4.2\build_msvc\io\cellgrid\iocellgrid.dir\debug\iocellgrid.tlog\lib-link.read.1.tlog
d:\cybermed\daddy\dependency\sdk-vtk-9.4.2\build_msvc\io\cellgrid\iocellgrid.dir\debug\iocellgrid.tlog\lib-link.write.1.tlog
d:\cybermed\daddy\dependency\sdk-vtk-9.4.2\build_msvc\io\cellgrid\iocellgrid.dir\debug\iocellgrid.tlog\lib.command.1.tlog
d:\cybermed\daddy\dependency\sdk-vtk-9.4.2\build_msvc\io\cellgrid\iocellgrid.dir\debug\iocellgrid.tlog\link.command.1.tlog
d:\cybermed\daddy\dependency\sdk-vtk-9.4.2\build_msvc\io\cellgrid\iocellgrid.dir\debug\iocellgrid.tlog\link.read.1.tlog
d:\cybermed\daddy\dependency\sdk-vtk-9.4.2\build_msvc\io\cellgrid\iocellgrid.dir\debug\iocellgrid.tlog\link.secondary.1.tlog
d:\cybermed\daddy\dependency\sdk-vtk-9.4.2\build_msvc\io\cellgrid\iocellgrid.dir\debug\iocellgrid.tlog\link.write.1.tlog
