d:\cybermed\daddy\dependency\sdk-vtk-9.4.2\build_msvc\lib\debug\vtkfiltersverdict-9.4d.pdb
d:\cybermed\daddy\dependency\sdk-vtk-9.4.2\build_msvc\filters\verdict\filtersverdict.dir\debug\vtkmeshquality.obj
d:\cybermed\daddy\dependency\sdk-vtk-9.4.2\build_msvc\filters\verdict\filtersverdict.dir\debug\vtkmatrixmathfilter.obj
d:\cybermed\daddy\dependency\sdk-vtk-9.4.2\build_msvc\filters\verdict\filtersverdict.dir\debug\vtkcellsizefilter.obj
d:\cybermed\daddy\dependency\sdk-vtk-9.4.2\build_msvc\filters\verdict\filtersverdict.dir\debug\vtkcellquality.obj
d:\cybermed\daddy\dependency\sdk-vtk-9.4.2\build_msvc\filters\verdict\filtersverdict.dir\debug\vtkboundarymeshquality.obj
d:\cybermed\daddy\dependency\sdk-vtk-9.4.2\build_msvc\filters\verdict\filtersverdict.dir\debug\vc143.pdb
d:\cybermed\daddy\dependency\sdk-vtk-9.4.2\build_msvc\filters\verdict\cmakefiles\generate.stamp
d:\cybermed\daddy\dependency\sdk-vtk-9.4.2\build_msvc\lib\debug\vtkfiltersverdict-9.4d.lib
d:\cybermed\daddy\dependency\sdk-vtk-9.4.2\build_msvc\bin\debug\vtkfiltersverdict-9.4d.dll
d:\cybermed\daddy\dependency\sdk-vtk-9.4.2\build_msvc\bin\debug\vtkfiltersverdict-9.4d.pdb
d:\cybermed\daddy\dependency\sdk-vtk-9.4.2\build_msvc\lib\debug\vtkfiltersverdict-9.4d.exp
d:\cybermed\daddy\dependency\sdk-vtk-9.4.2\build_msvc\filters\verdict\filtersverdict.dir\debug\vtkfiltersverdict-9.4d.ilk
d:\cybermed\daddy\dependency\sdk-vtk-9.4.2\build_msvc\filters\verdict\filtersverdict.dir\debug\filtersverdict.tlog\cl.command.1.tlog
d:\cybermed\daddy\dependency\sdk-vtk-9.4.2\build_msvc\filters\verdict\filtersverdict.dir\debug\filtersverdict.tlog\cl.items.tlog
d:\cybermed\daddy\dependency\sdk-vtk-9.4.2\build_msvc\filters\verdict\filtersverdict.dir\debug\filtersverdict.tlog\cl.read.1.tlog
d:\cybermed\daddy\dependency\sdk-vtk-9.4.2\build_msvc\filters\verdict\filtersverdict.dir\debug\filtersverdict.tlog\cl.write.1.tlog
d:\cybermed\daddy\dependency\sdk-vtk-9.4.2\build_msvc\filters\verdict\filtersverdict.dir\debug\filtersverdict.tlog\custombuild.command.1.tlog
d:\cybermed\daddy\dependency\sdk-vtk-9.4.2\build_msvc\filters\verdict\filtersverdict.dir\debug\filtersverdict.tlog\custombuild.read.1.tlog
d:\cybermed\daddy\dependency\sdk-vtk-9.4.2\build_msvc\filters\verdict\filtersverdict.dir\debug\filtersverdict.tlog\custombuild.write.1.tlog
d:\cybermed\daddy\dependency\sdk-vtk-9.4.2\build_msvc\filters\verdict\filtersverdict.dir\debug\filtersverdict.tlog\lib-link.read.1.tlog
d:\cybermed\daddy\dependency\sdk-vtk-9.4.2\build_msvc\filters\verdict\filtersverdict.dir\debug\filtersverdict.tlog\lib-link.write.1.tlog
d:\cybermed\daddy\dependency\sdk-vtk-9.4.2\build_msvc\filters\verdict\filtersverdict.dir\debug\filtersverdict.tlog\lib.command.1.tlog
d:\cybermed\daddy\dependency\sdk-vtk-9.4.2\build_msvc\filters\verdict\filtersverdict.dir\debug\filtersverdict.tlog\link.command.1.tlog
d:\cybermed\daddy\dependency\sdk-vtk-9.4.2\build_msvc\filters\verdict\filtersverdict.dir\debug\filtersverdict.tlog\link.read.1.tlog
d:\cybermed\daddy\dependency\sdk-vtk-9.4.2\build_msvc\filters\verdict\filtersverdict.dir\debug\filtersverdict.tlog\link.secondary.1.tlog
d:\cybermed\daddy\dependency\sdk-vtk-9.4.2\build_msvc\filters\verdict\filtersverdict.dir\debug\filtersverdict.tlog\link.write.1.tlog
