d:\cybermed\daddy\dependency\sdk-vtk-9.4.2\build_msvc\lib\debug\vtkioexodus-9.4d.pdb
d:\cybermed\daddy\dependency\sdk-vtk-9.4.2\build_msvc\io\exodus\ioexodus.dir\debug\vtkexodusiireadervariablecheck.obj
d:\cybermed\daddy\dependency\sdk-vtk-9.4.2\build_msvc\io\exodus\ioexodus.dir\debug\vtkmodelmetadata.obj
d:\cybermed\daddy\dependency\sdk-vtk-9.4.2\build_msvc\io\exodus\ioexodus.dir\debug\vtkexodusiiwriter.obj
d:\cybermed\daddy\dependency\sdk-vtk-9.4.2\build_msvc\io\exodus\ioexodus.dir\debug\vtkexodusiireaderparser.obj
d:\cybermed\daddy\dependency\sdk-vtk-9.4.2\build_msvc\io\exodus\ioexodus.dir\debug\vtkexodusiireader.obj
d:\cybermed\daddy\dependency\sdk-vtk-9.4.2\build_msvc\io\exodus\ioexodus.dir\debug\vtkexodusiicache.obj
d:\cybermed\daddy\dependency\sdk-vtk-9.4.2\build_msvc\io\exodus\ioexodus.dir\debug\vtkcpexodusiiinsitureader.obj
d:\cybermed\daddy\dependency\sdk-vtk-9.4.2\build_msvc\io\exodus\ioexodus.dir\debug\vtkcpexodusiielementblock.obj
d:\cybermed\daddy\dependency\sdk-vtk-9.4.2\build_msvc\io\exodus\ioexodus.dir\debug\vc143.pdb
d:\cybermed\daddy\dependency\sdk-vtk-9.4.2\build_msvc\io\exodus\cmakefiles\generate.stamp
d:\cybermed\daddy\dependency\sdk-vtk-9.4.2\build_msvc\lib\debug\vtkioexodus-9.4d.lib
d:\cybermed\daddy\dependency\sdk-vtk-9.4.2\build_msvc\bin\debug\vtkioexodus-9.4d.dll
d:\cybermed\daddy\dependency\sdk-vtk-9.4.2\build_msvc\bin\debug\vtkioexodus-9.4d.pdb
d:\cybermed\daddy\dependency\sdk-vtk-9.4.2\build_msvc\lib\debug\vtkioexodus-9.4d.exp
d:\cybermed\daddy\dependency\sdk-vtk-9.4.2\build_msvc\io\exodus\ioexodus.dir\debug\vtkioexodus-9.4d.ilk
d:\cybermed\daddy\dependency\sdk-vtk-9.4.2\build_msvc\io\exodus\ioexodus.dir\debug\ioexodus.tlog\cl.command.1.tlog
d:\cybermed\daddy\dependency\sdk-vtk-9.4.2\build_msvc\io\exodus\ioexodus.dir\debug\ioexodus.tlog\cl.items.tlog
d:\cybermed\daddy\dependency\sdk-vtk-9.4.2\build_msvc\io\exodus\ioexodus.dir\debug\ioexodus.tlog\cl.read.1.tlog
d:\cybermed\daddy\dependency\sdk-vtk-9.4.2\build_msvc\io\exodus\ioexodus.dir\debug\ioexodus.tlog\cl.write.1.tlog
d:\cybermed\daddy\dependency\sdk-vtk-9.4.2\build_msvc\io\exodus\ioexodus.dir\debug\ioexodus.tlog\custombuild.command.1.tlog
d:\cybermed\daddy\dependency\sdk-vtk-9.4.2\build_msvc\io\exodus\ioexodus.dir\debug\ioexodus.tlog\custombuild.read.1.tlog
d:\cybermed\daddy\dependency\sdk-vtk-9.4.2\build_msvc\io\exodus\ioexodus.dir\debug\ioexodus.tlog\custombuild.write.1.tlog
d:\cybermed\daddy\dependency\sdk-vtk-9.4.2\build_msvc\io\exodus\ioexodus.dir\debug\ioexodus.tlog\lib-link.read.1.tlog
d:\cybermed\daddy\dependency\sdk-vtk-9.4.2\build_msvc\io\exodus\ioexodus.dir\debug\ioexodus.tlog\lib-link.write.1.tlog
d:\cybermed\daddy\dependency\sdk-vtk-9.4.2\build_msvc\io\exodus\ioexodus.dir\debug\ioexodus.tlog\lib.command.1.tlog
d:\cybermed\daddy\dependency\sdk-vtk-9.4.2\build_msvc\io\exodus\ioexodus.dir\debug\ioexodus.tlog\link.command.1.tlog
d:\cybermed\daddy\dependency\sdk-vtk-9.4.2\build_msvc\io\exodus\ioexodus.dir\debug\ioexodus.tlog\link.read.1.tlog
d:\cybermed\daddy\dependency\sdk-vtk-9.4.2\build_msvc\io\exodus\ioexodus.dir\debug\ioexodus.tlog\link.secondary.1.tlog
d:\cybermed\daddy\dependency\sdk-vtk-9.4.2\build_msvc\io\exodus\ioexodus.dir\debug\ioexodus.tlog\link.write.1.tlog
