d:\cybermed\daddy\dependency\sdk-vtk-9.4.2\build_msvc\lib\debug\vtklibproj-9.4d.pdb
d:\cybermed\daddy\dependency\sdk-vtk-9.4.2\build_msvc\thirdparty\libproj\vtklibproj\src\libproj.dir\debug\log.obj
d:\cybermed\daddy\dependency\sdk-vtk-9.4.2\build_msvc\thirdparty\libproj\vtklibproj\src\libproj.dir\debug\list.obj
d:\cybermed\daddy\dependency\sdk-vtk-9.4.2\build_msvc\thirdparty\libproj\vtklibproj\src\libproj.dir\debug\inv.obj
d:\cybermed\daddy\dependency\sdk-vtk-9.4.2\build_msvc\thirdparty\libproj\vtklibproj\src\libproj.dir\debug\initcache.obj
d:\cybermed\daddy\dependency\sdk-vtk-9.4.2\build_msvc\thirdparty\libproj\vtklibproj\src\libproj.dir\debug\init.obj
d:\cybermed\daddy\dependency\sdk-vtk-9.4.2\build_msvc\thirdparty\libproj\vtklibproj\src\libproj.dir\debug\generic_inverse.obj
d:\cybermed\daddy\dependency\sdk-vtk-9.4.2\build_msvc\thirdparty\libproj\vtklibproj\src\libproj.dir\debug\gauss.obj
d:\cybermed\daddy\dependency\sdk-vtk-9.4.2\build_msvc\thirdparty\libproj\vtklibproj\src\libproj.dir\debug\fwd.obj
d:\cybermed\daddy\dependency\sdk-vtk-9.4.2\build_msvc\thirdparty\libproj\vtklibproj\src\libproj.dir\debug\factors.obj
d:\cybermed\daddy\dependency\sdk-vtk-9.4.2\build_msvc\thirdparty\libproj\vtklibproj\src\libproj.dir\debug\ellps.obj
d:\cybermed\daddy\dependency\sdk-vtk-9.4.2\build_msvc\thirdparty\libproj\vtklibproj\src\libproj.dir\debug\ell_set.obj
d:\cybermed\daddy\dependency\sdk-vtk-9.4.2\build_msvc\thirdparty\libproj\vtklibproj\src\libproj.dir\debug\dmstor.obj
d:\cybermed\daddy\dependency\sdk-vtk-9.4.2\build_msvc\thirdparty\libproj\vtklibproj\src\libproj.dir\debug\deriv.obj
d:\cybermed\daddy\dependency\sdk-vtk-9.4.2\build_msvc\thirdparty\libproj\vtklibproj\src\libproj.dir\debug\datums.obj
d:\cybermed\daddy\dependency\sdk-vtk-9.4.2\build_msvc\thirdparty\libproj\vtklibproj\src\libproj.dir\debug\datum_set.obj
d:\cybermed\daddy\dependency\sdk-vtk-9.4.2\build_msvc\thirdparty\libproj\vtklibproj\src\libproj.dir\debug\ctx.obj
d:\cybermed\daddy\dependency\sdk-vtk-9.4.2\build_msvc\thirdparty\libproj\vtklibproj\src\libproj.dir\debug\auth.obj
d:\cybermed\daddy\dependency\sdk-vtk-9.4.2\build_msvc\thirdparty\libproj\vtklibproj\src\libproj.dir\debug\adjlon.obj
d:\cybermed\daddy\dependency\sdk-vtk-9.4.2\build_msvc\thirdparty\libproj\vtklibproj\src\libproj.dir\debug\aasincos.obj
d:\cybermed\daddy\dependency\sdk-vtk-9.4.2\build_msvc\thirdparty\libproj\vtklibproj\src\libproj.dir\debug\4d_api.obj
d:\cybermed\daddy\dependency\sdk-vtk-9.4.2\build_msvc\thirdparty\libproj\vtklibproj\src\libproj.dir\debug\zpoly1.obj
d:\cybermed\daddy\dependency\sdk-vtk-9.4.2\build_msvc\thirdparty\libproj\vtklibproj\src\libproj.dir\debug\wkt_parser.obj
d:\cybermed\daddy\dependency\sdk-vtk-9.4.2\build_msvc\thirdparty\libproj\vtklibproj\src\libproj.dir\debug\wkt2_parser.obj
d:\cybermed\daddy\dependency\sdk-vtk-9.4.2\build_msvc\thirdparty\libproj\vtklibproj\src\libproj.dir\debug\wkt1_parser.obj
d:\cybermed\daddy\dependency\sdk-vtk-9.4.2\build_msvc\thirdparty\libproj\vtklibproj\src\libproj.dir\debug\units.obj
d:\cybermed\daddy\dependency\sdk-vtk-9.4.2\build_msvc\thirdparty\libproj\vtklibproj\src\libproj.dir\debug\tsfn.obj
d:\cybermed\daddy\dependency\sdk-vtk-9.4.2\build_msvc\thirdparty\libproj\vtklibproj\src\libproj.dir\debug\strtod.obj
d:\cybermed\daddy\dependency\sdk-vtk-9.4.2\build_msvc\thirdparty\libproj\vtklibproj\src\libproj.dir\debug\strerrno.obj
d:\cybermed\daddy\dependency\sdk-vtk-9.4.2\build_msvc\thirdparty\libproj\vtklibproj\src\libproj.dir\debug\rtodms.obj
d:\cybermed\daddy\dependency\sdk-vtk-9.4.2\build_msvc\thirdparty\libproj\vtklibproj\src\libproj.dir\debug\release.obj
d:\cybermed\daddy\dependency\sdk-vtk-9.4.2\build_msvc\thirdparty\libproj\vtklibproj\src\libproj.dir\debug\qsfn.obj
d:\cybermed\daddy\dependency\sdk-vtk-9.4.2\build_msvc\thirdparty\libproj\vtklibproj\src\libproj.dir\debug\proj_mdist.obj
d:\cybermed\daddy\dependency\sdk-vtk-9.4.2\build_msvc\thirdparty\libproj\vtklibproj\src\libproj.dir\debug\pr_list.obj
d:\cybermed\daddy\dependency\sdk-vtk-9.4.2\build_msvc\thirdparty\libproj\vtklibproj\src\libproj.dir\debug\pipeline.obj
d:\cybermed\daddy\dependency\sdk-vtk-9.4.2\build_msvc\thirdparty\libproj\vtklibproj\src\libproj.dir\debug\phi2.obj
d:\cybermed\daddy\dependency\sdk-vtk-9.4.2\build_msvc\thirdparty\libproj\vtklibproj\src\libproj.dir\debug\param.obj
d:\cybermed\daddy\dependency\sdk-vtk-9.4.2\build_msvc\thirdparty\libproj\vtklibproj\src\libproj.dir\debug\mutex.obj
d:\cybermed\daddy\dependency\sdk-vtk-9.4.2\build_msvc\thirdparty\libproj\vtklibproj\src\libproj.dir\debug\msfn.obj
d:\cybermed\daddy\dependency\sdk-vtk-9.4.2\build_msvc\thirdparty\libproj\vtklibproj\src\libproj.dir\debug\mlfn.obj
d:\cybermed\daddy\dependency\sdk-vtk-9.4.2\build_msvc\thirdparty\libproj\vtklibproj\src\libproj.dir\debug\malloc.obj
d:\cybermed\daddy\dependency\sdk-vtk-9.4.2\build_msvc\thirdparty\libproj\vtklibproj\src\libproj.dir\debug\nsper.obj
d:\cybermed\daddy\dependency\sdk-vtk-9.4.2\build_msvc\thirdparty\libproj\vtklibproj\src\libproj.dir\debug\mod_ster.obj
d:\cybermed\daddy\dependency\sdk-vtk-9.4.2\build_msvc\thirdparty\libproj\vtklibproj\src\libproj.dir\debug\laea.obj
d:\cybermed\daddy\dependency\sdk-vtk-9.4.2\build_msvc\thirdparty\libproj\vtklibproj\src\libproj.dir\debug\gnom.obj
d:\cybermed\daddy\dependency\sdk-vtk-9.4.2\build_msvc\thirdparty\libproj\vtklibproj\src\libproj.dir\debug\adams.obj
d:\cybermed\daddy\dependency\sdk-vtk-9.4.2\build_msvc\thirdparty\libproj\vtklibproj\src\libproj.dir\debug\aeqd.obj
d:\cybermed\daddy\dependency\sdk-vtk-9.4.2\build_msvc\thirdparty\libproj\vtklibproj\src\libproj.dir\debug\unitconvert.obj
d:\cybermed\daddy\dependency\sdk-vtk-9.4.2\build_msvc\thirdparty\libproj\vtklibproj\src\libproj.dir\debug\set.obj
d:\cybermed\daddy\dependency\sdk-vtk-9.4.2\build_msvc\thirdparty\libproj\vtklibproj\src\libproj.dir\debug\topocentric.obj
d:\cybermed\daddy\dependency\sdk-vtk-9.4.2\build_msvc\thirdparty\libproj\vtklibproj\src\libproj.dir\debug\noop.obj
d:\cybermed\daddy\dependency\sdk-vtk-9.4.2\build_msvc\thirdparty\libproj\vtklibproj\src\libproj.dir\debug\geocent.obj
d:\cybermed\daddy\dependency\sdk-vtk-9.4.2\build_msvc\thirdparty\libproj\vtklibproj\src\libproj.dir\debug\geoc.obj
d:\cybermed\daddy\dependency\sdk-vtk-9.4.2\build_msvc\thirdparty\libproj\vtklibproj\src\libproj.dir\debug\cart.obj
d:\cybermed\daddy\dependency\sdk-vtk-9.4.2\build_msvc\thirdparty\libproj\vtklibproj\src\libproj.dir\debug\axisswap.obj
d:\cybermed\daddy\dependency\sdk-vtk-9.4.2\build_msvc\thirdparty\libproj\vtklibproj\src\libproj.dir\debug\sqlite3_utils.obj
d:\cybermed\daddy\dependency\sdk-vtk-9.4.2\build_msvc\thirdparty\libproj\vtklibproj\src\libproj.dir\debug\networkfilemanager.obj
d:\cybermed\daddy\dependency\sdk-vtk-9.4.2\build_msvc\thirdparty\libproj\vtklibproj\src\libproj.dir\debug\filemanager.obj
d:\cybermed\daddy\dependency\sdk-vtk-9.4.2\build_msvc\thirdparty\libproj\vtklibproj\src\libproj.dir\debug\grids.obj
d:\cybermed\daddy\dependency\sdk-vtk-9.4.2\build_msvc\thirdparty\libproj\vtklibproj\src\libproj.dir\debug\tracing.obj
d:\cybermed\daddy\dependency\sdk-vtk-9.4.2\build_msvc\thirdparty\libproj\vtklibproj\src\libproj.dir\debug\proj_json_streaming_writer.obj
d:\cybermed\daddy\dependency\sdk-vtk-9.4.2\build_msvc\thirdparty\libproj\vtklibproj\src\libproj.dir\debug\cea.obj
d:\cybermed\daddy\dependency\sdk-vtk-9.4.2\build_msvc\thirdparty\libproj\vtklibproj\src\libproj.dir\debug\cc.obj
d:\cybermed\daddy\dependency\sdk-vtk-9.4.2\build_msvc\thirdparty\libproj\vtklibproj\src\libproj.dir\debug\cass.obj
d:\cybermed\daddy\dependency\sdk-vtk-9.4.2\build_msvc\thirdparty\libproj\vtklibproj\src\libproj.dir\debug\rouss.obj
d:\cybermed\daddy\dependency\sdk-vtk-9.4.2\build_msvc\thirdparty\libproj\vtklibproj\src\libproj.dir\debug\sconics.obj
d:\cybermed\daddy\dependency\sdk-vtk-9.4.2\build_msvc\thirdparty\libproj\vtklibproj\src\libproj.dir\debug\rpoly.obj
d:\cybermed\daddy\dependency\sdk-vtk-9.4.2\build_msvc\thirdparty\libproj\vtklibproj\src\libproj.dir\debug\poly.obj
d:\cybermed\daddy\dependency\sdk-vtk-9.4.2\build_msvc\thirdparty\libproj\vtklibproj\src\libproj.dir\debug\lcc.obj
d:\cybermed\daddy\dependency\sdk-vtk-9.4.2\build_msvc\thirdparty\libproj\vtklibproj\src\libproj.dir\debug\krovak.obj
d:\cybermed\daddy\dependency\sdk-vtk-9.4.2\build_msvc\thirdparty\libproj\vtklibproj\src\libproj.dir\debug\imw_p.obj
d:\cybermed\daddy\dependency\sdk-vtk-9.4.2\build_msvc\thirdparty\libproj\vtklibproj\src\libproj.dir\debug\ccon.obj
d:\cybermed\daddy\dependency\sdk-vtk-9.4.2\build_msvc\thirdparty\libproj\vtklibproj\src\libproj.dir\debug\isea.obj
d:\cybermed\daddy\dependency\sdk-vtk-9.4.2\build_msvc\thirdparty\libproj\vtklibproj\src\libproj.dir\debug\eqdc.obj
d:\cybermed\daddy\dependency\sdk-vtk-9.4.2\build_msvc\thirdparty\libproj\vtklibproj\src\libproj.dir\debug\bonne.obj
d:\cybermed\daddy\dependency\sdk-vtk-9.4.2\build_msvc\thirdparty\libproj\vtklibproj\src\libproj.dir\debug\bipc.obj
d:\cybermed\daddy\dependency\sdk-vtk-9.4.2\build_msvc\thirdparty\libproj\vtklibproj\src\libproj.dir\debug\aea.obj
d:\cybermed\daddy\dependency\sdk-vtk-9.4.2\build_msvc\thirdparty\libproj\vtklibproj\src\libproj.dir\debug\sterea.obj
d:\cybermed\daddy\dependency\sdk-vtk-9.4.2\build_msvc\thirdparty\libproj\vtklibproj\src\libproj.dir\debug\stere.obj
d:\cybermed\daddy\dependency\sdk-vtk-9.4.2\build_msvc\thirdparty\libproj\vtklibproj\src\libproj.dir\debug\ortho.obj
d:\cybermed\daddy\dependency\sdk-vtk-9.4.2\build_msvc\thirdparty\libproj\vtklibproj\src\libproj.dir\debug\nzmg.obj
d:\cybermed\daddy\dependency\sdk-vtk-9.4.2\build_msvc\thirdparty\libproj\vtklibproj\src\libproj.dir\debug\bertin1953.obj
d:\cybermed\daddy\dependency\sdk-vtk-9.4.2\build_msvc\thirdparty\libproj\vtklibproj\src\libproj.dir\debug\bacon.obj
d:\cybermed\daddy\dependency\sdk-vtk-9.4.2\build_msvc\thirdparty\libproj\vtklibproj\src\libproj.dir\debug\august.obj
d:\cybermed\daddy\dependency\sdk-vtk-9.4.2\build_msvc\thirdparty\libproj\vtklibproj\src\libproj.dir\debug\aitoff.obj
d:\cybermed\daddy\dependency\sdk-vtk-9.4.2\build_msvc\thirdparty\libproj\vtklibproj\src\libproj.dir\debug\airy.obj
d:\cybermed\daddy\dependency\sdk-vtk-9.4.2\build_msvc\thirdparty\libproj\vtklibproj\src\libproj.dir\debug\tobmerc.obj
d:\cybermed\daddy\dependency\sdk-vtk-9.4.2\build_msvc\thirdparty\libproj\vtklibproj\src\libproj.dir\debug\tmerc.obj
d:\cybermed\daddy\dependency\sdk-vtk-9.4.2\build_msvc\thirdparty\libproj\vtklibproj\src\libproj.dir\debug\times.obj
d:\cybermed\daddy\dependency\sdk-vtk-9.4.2\build_msvc\thirdparty\libproj\vtklibproj\src\libproj.dir\debug\tcea.obj
d:\cybermed\daddy\dependency\sdk-vtk-9.4.2\build_msvc\thirdparty\libproj\vtklibproj\src\libproj.dir\debug\tcc.obj
d:\cybermed\daddy\dependency\sdk-vtk-9.4.2\build_msvc\thirdparty\libproj\vtklibproj\src\libproj.dir\debug\somerc.obj
d:\cybermed\daddy\dependency\sdk-vtk-9.4.2\build_msvc\thirdparty\libproj\vtklibproj\src\libproj.dir\debug\omerc.obj
d:\cybermed\daddy\dependency\sdk-vtk-9.4.2\build_msvc\thirdparty\libproj\vtklibproj\src\libproj.dir\debug\ocea.obj
d:\cybermed\daddy\dependency\sdk-vtk-9.4.2\build_msvc\thirdparty\libproj\vtklibproj\src\libproj.dir\debug\mill.obj
d:\cybermed\daddy\dependency\sdk-vtk-9.4.2\build_msvc\thirdparty\libproj\vtklibproj\src\libproj.dir\debug\merc.obj
d:\cybermed\daddy\dependency\sdk-vtk-9.4.2\build_msvc\thirdparty\libproj\vtklibproj\src\libproj.dir\debug\misrsom.obj
d:\cybermed\daddy\dependency\sdk-vtk-9.4.2\build_msvc\thirdparty\libproj\vtklibproj\src\libproj.dir\debug\lsat.obj
d:\cybermed\daddy\dependency\sdk-vtk-9.4.2\build_msvc\thirdparty\libproj\vtklibproj\src\libproj.dir\debug\labrd.obj
d:\cybermed\daddy\dependency\sdk-vtk-9.4.2\build_msvc\thirdparty\libproj\vtklibproj\src\libproj.dir\debug\gall.obj
d:\cybermed\daddy\dependency\sdk-vtk-9.4.2\build_msvc\thirdparty\libproj\vtklibproj\src\libproj.dir\debug\eqc.obj
d:\cybermed\daddy\dependency\sdk-vtk-9.4.2\build_msvc\thirdparty\libproj\vtklibproj\src\libproj.dir\debug\crast.obj
d:\cybermed\daddy\dependency\sdk-vtk-9.4.2\build_msvc\thirdparty\libproj\vtklibproj\src\libproj.dir\debug\comill.obj
d:\cybermed\daddy\dependency\sdk-vtk-9.4.2\build_msvc\thirdparty\libproj\vtklibproj\src\libproj.dir\debug\collg.obj
d:\cybermed\daddy\dependency\sdk-vtk-9.4.2\build_msvc\thirdparty\libproj\vtklibproj\src\libproj.dir\debug\boggs.obj
d:\cybermed\daddy\dependency\sdk-vtk-9.4.2\build_msvc\thirdparty\libproj\vtklibproj\src\libproj.dir\debug\geos.obj
d:\cybermed\daddy\dependency\sdk-vtk-9.4.2\build_msvc\thirdparty\libproj\vtklibproj\src\libproj.dir\debug\lcca.obj
d:\cybermed\daddy\dependency\sdk-vtk-9.4.2\build_msvc\thirdparty\libproj\vtklibproj\src\libproj.dir\debug\wag7.obj
d:\cybermed\daddy\dependency\sdk-vtk-9.4.2\build_msvc\thirdparty\libproj\vtklibproj\src\libproj.dir\debug\vandg4.obj
d:\cybermed\daddy\dependency\sdk-vtk-9.4.2\build_msvc\thirdparty\libproj\vtklibproj\src\libproj.dir\debug\vandg2.obj
d:\cybermed\daddy\dependency\sdk-vtk-9.4.2\build_msvc\thirdparty\libproj\vtklibproj\src\libproj.dir\debug\vandg.obj
d:\cybermed\daddy\dependency\sdk-vtk-9.4.2\build_msvc\thirdparty\libproj\vtklibproj\src\libproj.dir\debug\tpeqd.obj
d:\cybermed\daddy\dependency\sdk-vtk-9.4.2\build_msvc\thirdparty\libproj\vtklibproj\src\libproj.dir\debug\oea.obj
d:\cybermed\daddy\dependency\sdk-vtk-9.4.2\build_msvc\thirdparty\libproj\vtklibproj\src\libproj.dir\debug\ob_tran.obj
d:\cybermed\daddy\dependency\sdk-vtk-9.4.2\build_msvc\thirdparty\libproj\vtklibproj\src\libproj.dir\debug\nicol.obj
d:\cybermed\daddy\dependency\sdk-vtk-9.4.2\build_msvc\thirdparty\libproj\vtklibproj\src\libproj.dir\debug\latlong.obj
d:\cybermed\daddy\dependency\sdk-vtk-9.4.2\build_msvc\thirdparty\libproj\vtklibproj\src\libproj.dir\debug\lask.obj
d:\cybermed\daddy\dependency\sdk-vtk-9.4.2\build_msvc\thirdparty\libproj\vtklibproj\src\libproj.dir\debug\larr.obj
d:\cybermed\daddy\dependency\sdk-vtk-9.4.2\build_msvc\thirdparty\libproj\vtklibproj\src\libproj.dir\debug\lagrng.obj
d:\cybermed\daddy\dependency\sdk-vtk-9.4.2\build_msvc\thirdparty\libproj\vtklibproj\src\libproj.dir\debug\hammer.obj
d:\cybermed\daddy\dependency\sdk-vtk-9.4.2\build_msvc\thirdparty\libproj\vtklibproj\src\libproj.dir\debug\chamb.obj
d:\cybermed\daddy\dependency\sdk-vtk-9.4.2\build_msvc\thirdparty\libproj\vtklibproj\src\libproj.dir\debug\moll.obj
d:\cybermed\daddy\dependency\sdk-vtk-9.4.2\build_msvc\thirdparty\libproj\vtklibproj\src\libproj.dir\debug\mbtfpq.obj
d:\cybermed\daddy\dependency\sdk-vtk-9.4.2\build_msvc\thirdparty\libproj\vtklibproj\src\libproj.dir\debug\mbtfpp.obj
d:\cybermed\daddy\dependency\sdk-vtk-9.4.2\build_msvc\thirdparty\libproj\vtklibproj\src\libproj.dir\debug\mbt_fps.obj
d:\cybermed\daddy\dependency\sdk-vtk-9.4.2\build_msvc\thirdparty\libproj\vtklibproj\src\libproj.dir\debug\loxim.obj
d:\cybermed\daddy\dependency\sdk-vtk-9.4.2\build_msvc\thirdparty\libproj\vtklibproj\src\libproj.dir\debug\hatano.obj
d:\cybermed\daddy\dependency\sdk-vtk-9.4.2\build_msvc\thirdparty\libproj\vtklibproj\src\libproj.dir\debug\igh_o.obj
d:\cybermed\daddy\dependency\sdk-vtk-9.4.2\build_msvc\thirdparty\libproj\vtklibproj\src\libproj.dir\debug\igh.obj
d:\cybermed\daddy\dependency\sdk-vtk-9.4.2\build_msvc\thirdparty\libproj\vtklibproj\src\libproj.dir\debug\goode.obj
d:\cybermed\daddy\dependency\sdk-vtk-9.4.2\build_msvc\thirdparty\libproj\vtklibproj\src\libproj.dir\debug\gn_sinu.obj
d:\cybermed\daddy\dependency\sdk-vtk-9.4.2\build_msvc\thirdparty\libproj\vtklibproj\src\libproj.dir\debug\gstmerc.obj
d:\cybermed\daddy\dependency\sdk-vtk-9.4.2\build_msvc\thirdparty\libproj\vtklibproj\src\libproj.dir\debug\gins8.obj
d:\cybermed\daddy\dependency\sdk-vtk-9.4.2\build_msvc\thirdparty\libproj\vtklibproj\src\libproj.dir\debug\fouc_s.obj
d:\cybermed\daddy\dependency\sdk-vtk-9.4.2\build_msvc\thirdparty\libproj\vtklibproj\src\libproj.dir\debug\fahey.obj
d:\cybermed\daddy\dependency\sdk-vtk-9.4.2\build_msvc\thirdparty\libproj\vtklibproj\src\libproj.dir\debug\eck5.obj
d:\cybermed\daddy\dependency\sdk-vtk-9.4.2\build_msvc\thirdparty\libproj\vtklibproj\src\libproj.dir\debug\eck4.obj
d:\cybermed\daddy\dependency\sdk-vtk-9.4.2\build_msvc\thirdparty\libproj\vtklibproj\src\libproj.dir\debug\eck3.obj
d:\cybermed\daddy\dependency\sdk-vtk-9.4.2\build_msvc\thirdparty\libproj\vtklibproj\src\libproj.dir\debug\eck2.obj
d:\cybermed\daddy\dependency\sdk-vtk-9.4.2\build_msvc\thirdparty\libproj\vtklibproj\src\libproj.dir\debug\eck1.obj
d:\cybermed\daddy\dependency\sdk-vtk-9.4.2\build_msvc\thirdparty\libproj\vtklibproj\src\libproj.dir\debug\denoy.obj
d:\cybermed\daddy\dependency\sdk-vtk-9.4.2\build_msvc\thirdparty\libproj\vtklibproj\src\libproj.dir\debug\natearth.obj
d:\cybermed\daddy\dependency\sdk-vtk-9.4.2\build_msvc\thirdparty\libproj\vtklibproj\src\libproj.dir\debug\healpix.obj
d:\cybermed\daddy\dependency\sdk-vtk-9.4.2\build_msvc\thirdparty\libproj\vtklibproj\src\libproj.dir\debug\wink2.obj
d:\cybermed\daddy\dependency\sdk-vtk-9.4.2\build_msvc\thirdparty\libproj\vtklibproj\src\libproj.dir\debug\wink1.obj
d:\cybermed\daddy\dependency\sdk-vtk-9.4.2\build_msvc\thirdparty\libproj\vtklibproj\src\libproj.dir\debug\wag3.obj
d:\cybermed\daddy\dependency\sdk-vtk-9.4.2\build_msvc\thirdparty\libproj\vtklibproj\src\libproj.dir\debug\wag2.obj
d:\cybermed\daddy\dependency\sdk-vtk-9.4.2\build_msvc\thirdparty\libproj\vtklibproj\src\libproj.dir\debug\urmfps.obj
d:\cybermed\daddy\dependency\sdk-vtk-9.4.2\build_msvc\thirdparty\libproj\vtklibproj\src\libproj.dir\debug\urm5.obj
d:\cybermed\daddy\dependency\sdk-vtk-9.4.2\build_msvc\thirdparty\libproj\vtklibproj\src\libproj.dir\debug\sts.obj
d:\cybermed\daddy\dependency\sdk-vtk-9.4.2\build_msvc\thirdparty\libproj\vtklibproj\src\libproj.dir\debug\sch.obj
d:\cybermed\daddy\dependency\sdk-vtk-9.4.2\build_msvc\thirdparty\libproj\vtklibproj\src\libproj.dir\debug\robin.obj
d:\cybermed\daddy\dependency\sdk-vtk-9.4.2\build_msvc\thirdparty\libproj\vtklibproj\src\libproj.dir\debug\qsc.obj
d:\cybermed\daddy\dependency\sdk-vtk-9.4.2\build_msvc\thirdparty\libproj\vtklibproj\src\libproj.dir\debug\putp6.obj
d:\cybermed\daddy\dependency\sdk-vtk-9.4.2\build_msvc\thirdparty\libproj\vtklibproj\src\libproj.dir\debug\putp5.obj
d:\cybermed\daddy\dependency\sdk-vtk-9.4.2\build_msvc\thirdparty\libproj\vtklibproj\src\libproj.dir\debug\putp4p.obj
d:\cybermed\daddy\dependency\sdk-vtk-9.4.2\build_msvc\thirdparty\libproj\vtklibproj\src\libproj.dir\debug\putp3.obj
d:\cybermed\daddy\dependency\sdk-vtk-9.4.2\build_msvc\thirdparty\libproj\vtklibproj\src\libproj.dir\debug\putp2.obj
d:\cybermed\daddy\dependency\sdk-vtk-9.4.2\build_msvc\thirdparty\libproj\vtklibproj\src\libproj.dir\debug\patterson.obj
d:\cybermed\daddy\dependency\sdk-vtk-9.4.2\build_msvc\thirdparty\libproj\vtklibproj\src\libproj.dir\debug\nell_h.obj
d:\cybermed\daddy\dependency\sdk-vtk-9.4.2\build_msvc\thirdparty\libproj\vtklibproj\src\libproj.dir\debug\nell.obj
d:\cybermed\daddy\dependency\sdk-vtk-9.4.2\build_msvc\thirdparty\libproj\vtklibproj\src\libproj.dir\debug\datum.obj
d:\cybermed\daddy\dependency\sdk-vtk-9.4.2\build_msvc\thirdparty\libproj\vtklibproj\src\libproj.dir\debug\crs.obj
d:\cybermed\daddy\dependency\sdk-vtk-9.4.2\build_msvc\thirdparty\libproj\vtklibproj\src\libproj.dir\debug\common.obj
d:\cybermed\daddy\dependency\sdk-vtk-9.4.2\build_msvc\thirdparty\libproj\vtklibproj\src\libproj.dir\debug\metadata.obj
d:\cybermed\daddy\dependency\sdk-vtk-9.4.2\build_msvc\thirdparty\libproj\vtklibproj\src\libproj.dir\debug\util.obj
d:\cybermed\daddy\dependency\sdk-vtk-9.4.2\build_msvc\thirdparty\libproj\vtklibproj\src\libproj.dir\debug\static.obj
d:\cybermed\daddy\dependency\sdk-vtk-9.4.2\build_msvc\thirdparty\libproj\vtklibproj\src\libproj.dir\debug\tinshift.obj
d:\cybermed\daddy\dependency\sdk-vtk-9.4.2\build_msvc\thirdparty\libproj\vtklibproj\src\libproj.dir\debug\defmodel.obj
d:\cybermed\daddy\dependency\sdk-vtk-9.4.2\build_msvc\thirdparty\libproj\vtklibproj\src\libproj.dir\debug\xyzgridshift.obj
d:\cybermed\daddy\dependency\sdk-vtk-9.4.2\build_msvc\thirdparty\libproj\vtklibproj\src\libproj.dir\debug\vgridshift.obj
d:\cybermed\daddy\dependency\sdk-vtk-9.4.2\build_msvc\thirdparty\libproj\vtklibproj\src\libproj.dir\debug\molodensky.obj
d:\cybermed\daddy\dependency\sdk-vtk-9.4.2\build_msvc\thirdparty\libproj\vtklibproj\src\libproj.dir\debug\horner.obj
d:\cybermed\daddy\dependency\sdk-vtk-9.4.2\build_msvc\thirdparty\libproj\vtklibproj\src\libproj.dir\debug\hgridshift.obj
d:\cybermed\daddy\dependency\sdk-vtk-9.4.2\build_msvc\thirdparty\libproj\vtklibproj\src\libproj.dir\debug\helmert.obj
d:\cybermed\daddy\dependency\sdk-vtk-9.4.2\build_msvc\thirdparty\libproj\vtklibproj\src\libproj.dir\debug\deformation.obj
d:\cybermed\daddy\dependency\sdk-vtk-9.4.2\build_msvc\thirdparty\libproj\vtklibproj\src\libproj.dir\debug\affine.obj
d:\cybermed\daddy\dependency\sdk-vtk-9.4.2\build_msvc\thirdparty\libproj\vtklibproj\src\libproj.dir\debug\col_urban.obj
d:\cybermed\daddy\dependency\sdk-vtk-9.4.2\build_msvc\thirdparty\libproj\vtklibproj\src\libproj.dir\debug\eqearth.obj
d:\cybermed\daddy\dependency\sdk-vtk-9.4.2\build_msvc\thirdparty\libproj\vtklibproj\src\libproj.dir\debug\calcofi.obj
d:\cybermed\daddy\dependency\sdk-vtk-9.4.2\build_msvc\thirdparty\libproj\vtklibproj\src\libproj.dir\debug\natearth2.obj
d:\cybermed\daddy\dependency\sdk-vtk-9.4.2\build_msvc\thirdparty\libproj\vtklibproj\src\libproj.dir\debug\vectorofvaluesparams.obj
d:\cybermed\daddy\dependency\sdk-vtk-9.4.2\build_msvc\thirdparty\libproj\vtklibproj\src\libproj.dir\debug\transformation.obj
d:\cybermed\daddy\dependency\sdk-vtk-9.4.2\build_msvc\thirdparty\libproj\vtklibproj\src\libproj.dir\debug\singleoperation.obj
d:\cybermed\daddy\dependency\sdk-vtk-9.4.2\build_msvc\thirdparty\libproj\vtklibproj\src\libproj.dir\debug\projbasedoperation.obj
d:\cybermed\daddy\dependency\sdk-vtk-9.4.2\build_msvc\thirdparty\libproj\vtklibproj\src\libproj.dir\debug\parammappings.obj
d:\cybermed\daddy\dependency\sdk-vtk-9.4.2\build_msvc\thirdparty\libproj\vtklibproj\src\libproj.dir\debug\oputils.obj
d:\cybermed\daddy\dependency\sdk-vtk-9.4.2\build_msvc\thirdparty\libproj\vtklibproj\src\libproj.dir\debug\esriparammappings.obj
d:\cybermed\daddy\dependency\sdk-vtk-9.4.2\build_msvc\thirdparty\libproj\vtklibproj\src\libproj.dir\debug\conversion.obj
d:\cybermed\daddy\dependency\sdk-vtk-9.4.2\build_msvc\thirdparty\libproj\vtklibproj\src\libproj.dir\debug\coordinateoperationfactory.obj
d:\cybermed\daddy\dependency\sdk-vtk-9.4.2\build_msvc\thirdparty\libproj\vtklibproj\src\libproj.dir\debug\concatenatedoperation.obj
d:\cybermed\daddy\dependency\sdk-vtk-9.4.2\build_msvc\thirdparty\libproj\vtklibproj\src\libproj.dir\debug\c_api.obj
d:\cybermed\daddy\dependency\sdk-vtk-9.4.2\build_msvc\thirdparty\libproj\vtklibproj\src\libproj.dir\debug\factory.obj
d:\cybermed\daddy\dependency\sdk-vtk-9.4.2\build_msvc\thirdparty\libproj\vtklibproj\src\libproj.dir\debug\io.obj
d:\cybermed\daddy\dependency\sdk-vtk-9.4.2\build_msvc\thirdparty\libproj\vtklibproj\src\libproj.dir\debug\coordinatesystem.obj
d:\cybermed\daddy\dependency\sdk-vtk-9.4.2\build_msvc\thirdparty\libproj\vtklibproj\src\libproj.dir\debug\vc143.pdb
d:\cybermed\daddy\dependency\sdk-vtk-9.4.2\build_msvc\thirdparty\libproj\vtklibproj\src\libproj.dir\debug\wkt2_generated_parser.obj
d:\cybermed\daddy\dependency\sdk-vtk-9.4.2\build_msvc\thirdparty\libproj\vtklibproj\src\libproj.dir\debug\wkt1_generated_parser.obj
d:\cybermed\daddy\dependency\sdk-vtk-9.4.2\build_msvc\thirdparty\libproj\vtklibproj\src\libproj.dir\debug\geodesic.obj
d:\cybermed\daddy\dependency\sdk-vtk-9.4.2\build_msvc\thirdparty\libproj\vtklibproj\src\libproj.dir\debug\internal.cpp.obj
d:\cybermed\daddy\dependency\sdk-vtk-9.4.2\build_msvc\thirdparty\libproj\vtklibproj\src\libproj.dir\debug\iso19111\internal.cpp.obj
d:\cybermed\daddy\dependency\sdk-vtk-9.4.2\build_msvc\thirdparty\libproj\vtklibproj\src\cmakefiles\generate.stamp
d:\cybermed\daddy\dependency\sdk-vtk-9.4.2\build_msvc\lib\debug\vtklibproj-9.4d.lib
d:\cybermed\daddy\dependency\sdk-vtk-9.4.2\build_msvc\bin\debug\vtklibproj-9.4d.dll
d:\cybermed\daddy\dependency\sdk-vtk-9.4.2\build_msvc\bin\debug\vtklibproj-9.4d.pdb
d:\cybermed\daddy\dependency\sdk-vtk-9.4.2\build_msvc\lib\debug\vtklibproj-9.4d.exp
d:\cybermed\daddy\dependency\sdk-vtk-9.4.2\build_msvc\thirdparty\libproj\vtklibproj\src\libproj.dir\debug\vtklibproj-9.4d.ilk
d:\cybermed\daddy\dependency\sdk-vtk-9.4.2\build_msvc\thirdparty\libproj\vtklibproj\src\libproj.dir\debug\libproj.tlog\cl.command.1.tlog
d:\cybermed\daddy\dependency\sdk-vtk-9.4.2\build_msvc\thirdparty\libproj\vtklibproj\src\libproj.dir\debug\libproj.tlog\cl.items.tlog
d:\cybermed\daddy\dependency\sdk-vtk-9.4.2\build_msvc\thirdparty\libproj\vtklibproj\src\libproj.dir\debug\libproj.tlog\cl.read.1.tlog
d:\cybermed\daddy\dependency\sdk-vtk-9.4.2\build_msvc\thirdparty\libproj\vtklibproj\src\libproj.dir\debug\libproj.tlog\cl.write.1.tlog
d:\cybermed\daddy\dependency\sdk-vtk-9.4.2\build_msvc\thirdparty\libproj\vtklibproj\src\libproj.dir\debug\libproj.tlog\custombuild.command.1.tlog
d:\cybermed\daddy\dependency\sdk-vtk-9.4.2\build_msvc\thirdparty\libproj\vtklibproj\src\libproj.dir\debug\libproj.tlog\custombuild.read.1.tlog
d:\cybermed\daddy\dependency\sdk-vtk-9.4.2\build_msvc\thirdparty\libproj\vtklibproj\src\libproj.dir\debug\libproj.tlog\custombuild.write.1.tlog
d:\cybermed\daddy\dependency\sdk-vtk-9.4.2\build_msvc\thirdparty\libproj\vtklibproj\src\libproj.dir\debug\libproj.tlog\lib-link.read.1.tlog
d:\cybermed\daddy\dependency\sdk-vtk-9.4.2\build_msvc\thirdparty\libproj\vtklibproj\src\libproj.dir\debug\libproj.tlog\lib-link.write.1.tlog
d:\cybermed\daddy\dependency\sdk-vtk-9.4.2\build_msvc\thirdparty\libproj\vtklibproj\src\libproj.dir\debug\libproj.tlog\lib.command.1.tlog
d:\cybermed\daddy\dependency\sdk-vtk-9.4.2\build_msvc\thirdparty\libproj\vtklibproj\src\libproj.dir\debug\libproj.tlog\link.command.1.tlog
d:\cybermed\daddy\dependency\sdk-vtk-9.4.2\build_msvc\thirdparty\libproj\vtklibproj\src\libproj.dir\debug\libproj.tlog\link.read.1.tlog
d:\cybermed\daddy\dependency\sdk-vtk-9.4.2\build_msvc\thirdparty\libproj\vtklibproj\src\libproj.dir\debug\libproj.tlog\link.secondary.1.tlog
d:\cybermed\daddy\dependency\sdk-vtk-9.4.2\build_msvc\thirdparty\libproj\vtklibproj\src\libproj.dir\debug\libproj.tlog\link.write.1.tlog
