d:\cybermed\daddy\dependency\dcmtk-dcmtk-3.6.8\build_msvc\dcmpstat\libsrc\dcmpstat.dir\debug\vc143.pdb
d:\cybermed\daddy\dependency\dcmtk-dcmtk-3.6.8\build_msvc\dcmpstat\libsrc\dcmpstat.dir\debug\dvpsib.obj
d:\cybermed\daddy\dependency\dcmtk-dcmtk-3.6.8\build_msvc\dcmpstat\libsrc\dcmpstat.dir\debug\dvpshlp.obj
d:\cybermed\daddy\dependency\dcmtk-dcmtk-3.6.8\build_msvc\dcmpstat\libsrc\dcmpstat.dir\debug\dvpsgrl.obj
d:\cybermed\daddy\dependency\dcmtk-dcmtk-3.6.8\build_msvc\dcmpstat\libsrc\dcmpstat.dir\debug\dvpsgr.obj
d:\cybermed\daddy\dependency\dcmtk-dcmtk-3.6.8\build_msvc\dcmpstat\libsrc\dcmpstat.dir\debug\dvpsgll.obj
d:\cybermed\daddy\dependency\dcmtk-dcmtk-3.6.8\build_msvc\dcmpstat\libsrc\dcmpstat.dir\debug\dvpsgl.obj
d:\cybermed\daddy\dependency\dcmtk-dcmtk-3.6.8\build_msvc\dcmpstat\libsrc\dcmpstat.dir\debug\dvpsgal.obj
d:\cybermed\daddy\dependency\dcmtk-dcmtk-3.6.8\build_msvc\dcmpstat\libsrc\dcmpstat.dir\debug\dvpsga.obj
d:\cybermed\daddy\dependency\dcmtk-dcmtk-3.6.8\build_msvc\dcmpstat\libsrc\dcmpstat.dir\debug\dvpsfs.obj
d:\cybermed\daddy\dependency\dcmtk-dcmtk-3.6.8\build_msvc\dcmpstat\libsrc\dcmpstat.dir\debug\dvpsdal.obj
d:\cybermed\daddy\dependency\dcmtk-dcmtk-3.6.8\build_msvc\dcmpstat\libsrc\dcmpstat.dir\debug\dvpsda.obj
d:\cybermed\daddy\dependency\dcmtk-dcmtk-3.6.8\build_msvc\dcmpstat\libsrc\dcmpstat.dir\debug\dvpscul.obj
d:\cybermed\daddy\dependency\dcmtk-dcmtk-3.6.8\build_msvc\dcmpstat\libsrc\dcmpstat.dir\debug\dvpscu.obj
d:\cybermed\daddy\dependency\dcmtk-dcmtk-3.6.8\build_msvc\dcmpstat\libsrc\dcmpstat.dir\debug\dvpscf.obj
d:\cybermed\daddy\dependency\dcmtk-dcmtk-3.6.8\build_msvc\dcmpstat\libsrc\dcmpstat.dir\debug\dvpsall.obj
d:\cybermed\daddy\dependency\dcmtk-dcmtk-3.6.8\build_msvc\dcmpstat\libsrc\dcmpstat.dir\debug\dvpsal.obj
d:\cybermed\daddy\dependency\dcmtk-dcmtk-3.6.8\build_msvc\dcmpstat\libsrc\dcmpstat.dir\debug\dvpsabl.obj
d:\cybermed\daddy\dependency\dcmtk-dcmtk-3.6.8\build_msvc\dcmpstat\libsrc\dcmpstat.dir\debug\dvpsab.obj
d:\cybermed\daddy\dependency\dcmtk-dcmtk-3.6.8\build_msvc\dcmpstat\libsrc\dcmpstat.dir\debug\dviface.obj
d:\cybermed\daddy\dependency\dcmtk-dcmtk-3.6.8\build_msvc\dcmpstat\libsrc\dcmpstat.dir\debug\dcmpstat.obj
d:\cybermed\daddy\dependency\dcmtk-dcmtk-3.6.8\build_msvc\dcmpstat\libsrc\dcmpstat.dir\debug\dvpstxl.obj
d:\cybermed\daddy\dependency\dcmtk-dcmtk-3.6.8\build_msvc\dcmpstat\libsrc\dcmpstat.dir\debug\dvpstx.obj
d:\cybermed\daddy\dependency\dcmtk-dcmtk-3.6.8\build_msvc\dcmpstat\libsrc\dcmpstat.dir\debug\dvpstat.obj
d:\cybermed\daddy\dependency\dcmtk-dcmtk-3.6.8\build_msvc\dcmpstat\libsrc\dcmpstat.dir\debug\dvpssvl.obj
d:\cybermed\daddy\dependency\dcmtk-dcmtk-3.6.8\build_msvc\dcmpstat\libsrc\dcmpstat.dir\debug\dvpssv.obj
d:\cybermed\daddy\dependency\dcmtk-dcmtk-3.6.8\build_msvc\dcmpstat\libsrc\dcmpstat.dir\debug\dvpsspl.obj
d:\cybermed\daddy\dependency\dcmtk-dcmtk-3.6.8\build_msvc\dcmpstat\libsrc\dcmpstat.dir\debug\dvpssp.obj
d:\cybermed\daddy\dependency\dcmtk-dcmtk-3.6.8\build_msvc\dcmpstat\libsrc\dcmpstat.dir\debug\dvpsrsl.obj
d:\cybermed\daddy\dependency\dcmtk-dcmtk-3.6.8\build_msvc\dcmpstat\libsrc\dcmpstat.dir\debug\dvpsrs.obj
d:\cybermed\daddy\dependency\dcmtk-dcmtk-3.6.8\build_msvc\dcmpstat\libsrc\dcmpstat.dir\debug\dvpsril.obj
d:\cybermed\daddy\dependency\dcmtk-dcmtk-3.6.8\build_msvc\dcmpstat\libsrc\dcmpstat.dir\debug\dvpsri.obj
d:\cybermed\daddy\dependency\dcmtk-dcmtk-3.6.8\build_msvc\dcmpstat\libsrc\dcmpstat.dir\debug\dvpsprt.obj
d:\cybermed\daddy\dependency\dcmtk-dcmtk-3.6.8\build_msvc\dcmpstat\libsrc\dcmpstat.dir\debug\dvpspr.obj
d:\cybermed\daddy\dependency\dcmtk-dcmtk-3.6.8\build_msvc\dcmpstat\libsrc\dcmpstat.dir\debug\dvpspll.obj
d:\cybermed\daddy\dependency\dcmtk-dcmtk-3.6.8\build_msvc\dcmpstat\libsrc\dcmpstat.dir\debug\dvpspl2.obj
d:\cybermed\daddy\dependency\dcmtk-dcmtk-3.6.8\build_msvc\dcmpstat\libsrc\dcmpstat.dir\debug\dvpspl.obj
d:\cybermed\daddy\dependency\dcmtk-dcmtk-3.6.8\build_msvc\dcmpstat\libsrc\dcmpstat.dir\debug\dvpsovl.obj
d:\cybermed\daddy\dependency\dcmtk-dcmtk-3.6.8\build_msvc\dcmpstat\libsrc\dcmpstat.dir\debug\dvpsov.obj
d:\cybermed\daddy\dependency\dcmtk-dcmtk-3.6.8\build_msvc\dcmpstat\libsrc\dcmpstat.dir\debug\dvpsmsg.obj
d:\cybermed\daddy\dependency\dcmtk-dcmtk-3.6.8\build_msvc\dcmpstat\libsrc\dcmpstat.dir\debug\dvpsibl.obj
d:\cybermed\daddy\dependency\dcmtk-dcmtk-3.6.8\build_msvc\dcmpstat\libsrc\dcmpstat.dir\debug\dvsighdl.obj
d:\cybermed\daddy\dependency\dcmtk-dcmtk-3.6.8\build_msvc\dcmpstat\libsrc\dcmpstat.dir\debug\dvpsvwl.obj
d:\cybermed\daddy\dependency\dcmtk-dcmtk-3.6.8\build_msvc\dcmpstat\libsrc\dcmpstat.dir\debug\dvpsvw.obj
d:\cybermed\daddy\dependency\dcmtk-dcmtk-3.6.8\build_msvc\dcmpstat\libsrc\dcmpstat.dir\debug\dvpsvll.obj
d:\cybermed\daddy\dependency\dcmtk-dcmtk-3.6.8\build_msvc\dcmpstat\libsrc\dcmpstat.dir\debug\dvpsvl.obj
d:\cybermed\daddy\dependency\dcmtk-dcmtk-3.6.8\build_msvc\dcmpstat\libsrc\cmakefiles\generate.stamp
d:\cybermed\daddy\dependency\dcmtk-dcmtk-3.6.8\build_msvc\lib\debug\dcmpstat.lib
d:\cybermed\daddy\dependency\dcmtk-dcmtk-3.6.8\build_msvc\bin\debug\dcmpstat.dll
d:\cybermed\daddy\dependency\dcmtk-dcmtk-3.6.8\build_msvc\bin\debug\dcmpstat.pdb
d:\cybermed\daddy\dependency\dcmtk-dcmtk-3.6.8\build_msvc\lib\debug\dcmpstat.exp
d:\cybermed\daddy\dependency\dcmtk-dcmtk-3.6.8\build_msvc\dcmpstat\libsrc\dcmpstat.dir\debug\dcmpstat.ilk
d:\cybermed\daddy\dependency\dcmtk-dcmtk-3.6.8\build_msvc\dcmpstat\libsrc\dcmpstat.dir\debug\dcmpstat.tlog\cl.command.1.tlog
d:\cybermed\daddy\dependency\dcmtk-dcmtk-3.6.8\build_msvc\dcmpstat\libsrc\dcmpstat.dir\debug\dcmpstat.tlog\cl.items.tlog
d:\cybermed\daddy\dependency\dcmtk-dcmtk-3.6.8\build_msvc\dcmpstat\libsrc\dcmpstat.dir\debug\dcmpstat.tlog\cl.read.1.tlog
d:\cybermed\daddy\dependency\dcmtk-dcmtk-3.6.8\build_msvc\dcmpstat\libsrc\dcmpstat.dir\debug\dcmpstat.tlog\cl.write.1.tlog
d:\cybermed\daddy\dependency\dcmtk-dcmtk-3.6.8\build_msvc\dcmpstat\libsrc\dcmpstat.dir\debug\dcmpstat.tlog\custombuild.command.1.tlog
d:\cybermed\daddy\dependency\dcmtk-dcmtk-3.6.8\build_msvc\dcmpstat\libsrc\dcmpstat.dir\debug\dcmpstat.tlog\custombuild.read.1.tlog
d:\cybermed\daddy\dependency\dcmtk-dcmtk-3.6.8\build_msvc\dcmpstat\libsrc\dcmpstat.dir\debug\dcmpstat.tlog\custombuild.write.1.tlog
d:\cybermed\daddy\dependency\dcmtk-dcmtk-3.6.8\build_msvc\dcmpstat\libsrc\dcmpstat.dir\debug\dcmpstat.tlog\lib-link.read.1.tlog
d:\cybermed\daddy\dependency\dcmtk-dcmtk-3.6.8\build_msvc\dcmpstat\libsrc\dcmpstat.dir\debug\dcmpstat.tlog\lib-link.write.1.tlog
d:\cybermed\daddy\dependency\dcmtk-dcmtk-3.6.8\build_msvc\dcmpstat\libsrc\dcmpstat.dir\debug\dcmpstat.tlog\lib.command.1.tlog
d:\cybermed\daddy\dependency\dcmtk-dcmtk-3.6.8\build_msvc\dcmpstat\libsrc\dcmpstat.dir\debug\dcmpstat.tlog\link.command.1.tlog
d:\cybermed\daddy\dependency\dcmtk-dcmtk-3.6.8\build_msvc\dcmpstat\libsrc\dcmpstat.dir\debug\dcmpstat.tlog\link.read.1.tlog
d:\cybermed\daddy\dependency\dcmtk-dcmtk-3.6.8\build_msvc\dcmpstat\libsrc\dcmpstat.dir\debug\dcmpstat.tlog\link.secondary.1.tlog
d:\cybermed\daddy\dependency\dcmtk-dcmtk-3.6.8\build_msvc\dcmpstat\libsrc\dcmpstat.dir\debug\dcmpstat.tlog\link.write.1.tlog
