d:\cybermed\daddy\dependency\sdk-vtk-9.4.2\build_msvc\imaging\color\imagingcolor.dir\release\vtkimageyiqtorgb.obj
d:\cybermed\daddy\dependency\sdk-vtk-9.4.2\build_msvc\imaging\color\imagingcolor.dir\release\vtkimagexyztolab.obj
d:\cybermed\daddy\dependency\sdk-vtk-9.4.2\build_msvc\imaging\color\imagingcolor.dir\release\vtkimagergbtoyiq.obj
d:\cybermed\daddy\dependency\sdk-vtk-9.4.2\build_msvc\imaging\color\imagingcolor.dir\release\vtkimagergbtoxyz.obj
d:\cybermed\daddy\dependency\sdk-vtk-9.4.2\build_msvc\imaging\color\imagingcolor.dir\release\vtkimagergbtohsv.obj
d:\cybermed\daddy\dependency\sdk-vtk-9.4.2\build_msvc\imaging\color\imagingcolor.dir\release\vtkimagergbtohsi.obj
d:\cybermed\daddy\dependency\sdk-vtk-9.4.2\build_msvc\imaging\color\imagingcolor.dir\release\vtkimagequantizergbtoindex.obj
d:\cybermed\daddy\dependency\sdk-vtk-9.4.2\build_msvc\imaging\color\imagingcolor.dir\release\vtkimagemaptowindowlevelcolors.obj
d:\cybermed\daddy\dependency\sdk-vtk-9.4.2\build_msvc\imaging\color\imagingcolor.dir\release\vtkimagemaptorgba.obj
d:\cybermed\daddy\dependency\sdk-vtk-9.4.2\build_msvc\imaging\color\imagingcolor.dir\release\vtkimageluminance.obj
d:\cybermed\daddy\dependency\sdk-vtk-9.4.2\build_msvc\imaging\color\imagingcolor.dir\release\vtkimagehsvtorgb.obj
d:\cybermed\daddy\dependency\sdk-vtk-9.4.2\build_msvc\imaging\color\imagingcolor.dir\release\vtkimagehsitorgb.obj
d:\cybermed\daddy\dependency\sdk-vtk-9.4.2\build_msvc\imaging\color\cmakefiles\generate.stamp
d:\cybermed\daddy\dependency\sdk-vtk-9.4.2\build_msvc\bin\release\vtkimagingcolor-9.4.dll
d:\cybermed\daddy\dependency\sdk-vtk-9.4.2\build_msvc\lib\release\vtkimagingcolor-9.4.lib
d:\cybermed\daddy\dependency\sdk-vtk-9.4.2\build_msvc\lib\release\vtkimagingcolor-9.4.exp
d:\cybermed\daddy\dependency\sdk-vtk-9.4.2\build_msvc\imaging\color\imagingcolor.dir\release\imagingcolor.tlog\cl.command.1.tlog
d:\cybermed\daddy\dependency\sdk-vtk-9.4.2\build_msvc\imaging\color\imagingcolor.dir\release\imagingcolor.tlog\cl.items.tlog
d:\cybermed\daddy\dependency\sdk-vtk-9.4.2\build_msvc\imaging\color\imagingcolor.dir\release\imagingcolor.tlog\cl.read.1.tlog
d:\cybermed\daddy\dependency\sdk-vtk-9.4.2\build_msvc\imaging\color\imagingcolor.dir\release\imagingcolor.tlog\cl.write.1.tlog
d:\cybermed\daddy\dependency\sdk-vtk-9.4.2\build_msvc\imaging\color\imagingcolor.dir\release\imagingcolor.tlog\custombuild.command.1.tlog
d:\cybermed\daddy\dependency\sdk-vtk-9.4.2\build_msvc\imaging\color\imagingcolor.dir\release\imagingcolor.tlog\custombuild.read.1.tlog
d:\cybermed\daddy\dependency\sdk-vtk-9.4.2\build_msvc\imaging\color\imagingcolor.dir\release\imagingcolor.tlog\custombuild.write.1.tlog
d:\cybermed\daddy\dependency\sdk-vtk-9.4.2\build_msvc\imaging\color\imagingcolor.dir\release\imagingcolor.tlog\link.command.1.tlog
d:\cybermed\daddy\dependency\sdk-vtk-9.4.2\build_msvc\imaging\color\imagingcolor.dir\release\imagingcolor.tlog\link.read.1.tlog
d:\cybermed\daddy\dependency\sdk-vtk-9.4.2\build_msvc\imaging\color\imagingcolor.dir\release\imagingcolor.tlog\link.secondary.1.tlog
d:\cybermed\daddy\dependency\sdk-vtk-9.4.2\build_msvc\imaging\color\imagingcolor.dir\release\imagingcolor.tlog\link.write.1.tlog
