d:\cybermed\daddy\dependency\sdk-vtk-9.4.2\build_msvc\rendering\core\renderingcore.dir\release\vtkcellgridrenderrequest.obj
d:\cybermed\daddy\dependency\sdk-vtk-9.4.2\build_msvc\rendering\core\renderingcore.dir\release\vtkcellgridmapper.obj
d:\cybermed\daddy\dependency\sdk-vtk-9.4.2\build_msvc\rendering\core\renderingcore.dir\release\vtkcellgraphicsprimitivemap.obj
d:\cybermed\daddy\dependency\sdk-vtk-9.4.2\build_msvc\rendering\core\renderingcore.dir\release\vtkcellcenterdepthsort.obj
d:\cybermed\daddy\dependency\sdk-vtk-9.4.2\build_msvc\rendering\core\renderingcore.dir\release\vtkcamerainterpolator.obj
d:\cybermed\daddy\dependency\sdk-vtk-9.4.2\build_msvc\rendering\core\renderingcore.dir\release\vtkcameraactor.obj
d:\cybermed\daddy\dependency\sdk-vtk-9.4.2\build_msvc\rendering\core\renderingcore.dir\release\vtkcamera.obj
d:\cybermed\daddy\dependency\sdk-vtk-9.4.2\build_msvc\rendering\core\renderingcore.dir\release\vtkbillboardtextactor3d.obj
d:\cybermed\daddy\dependency\sdk-vtk-9.4.2\build_msvc\rendering\core\renderingcore.dir\release\vtkbackgroundcolormonitor.obj
d:\cybermed\daddy\dependency\sdk-vtk-9.4.2\build_msvc\rendering\core\renderingcore.dir\release\vtkavatar.obj
d:\cybermed\daddy\dependency\sdk-vtk-9.4.2\build_msvc\rendering\core\renderingcore.dir\release\vtkassembly.obj
d:\cybermed\daddy\dependency\sdk-vtk-9.4.2\build_msvc\rendering\core\renderingcore.dir\release\vtkactorcollection.obj
d:\cybermed\daddy\dependency\sdk-vtk-9.4.2\build_msvc\rendering\core\renderingcore.dir\release\vtkactor2dcollection.obj
d:\cybermed\daddy\dependency\sdk-vtk-9.4.2\build_msvc\rendering\core\renderingcore.dir\release\vtkactor2d.obj
d:\cybermed\daddy\dependency\sdk-vtk-9.4.2\build_msvc\rendering\core\renderingcore.dir\release\vtkactor.obj
d:\cybermed\daddy\dependency\sdk-vtk-9.4.2\build_msvc\rendering\core\renderingcore.dir\release\vtkabstractvolumemapper.obj
d:\cybermed\daddy\dependency\sdk-vtk-9.4.2\build_msvc\rendering\core\renderingcore.dir\release\vtkabstractpicker.obj
d:\cybermed\daddy\dependency\sdk-vtk-9.4.2\build_msvc\rendering\core\renderingcore.dir\release\vtkabstractmapper3d.obj
d:\cybermed\daddy\dependency\sdk-vtk-9.4.2\build_msvc\rendering\core\renderingcore.dir\release\vtkabstractmapper.obj
d:\cybermed\daddy\dependency\sdk-vtk-9.4.2\build_msvc\rendering\core\renderingcore.dir\release\vtkabstracthypertreegridmapper.obj
d:\cybermed\daddy\dependency\sdk-vtk-9.4.2\build_msvc\rendering\core\renderingcore.dir\release\vtkgenericvertexattributemapping.obj
d:\cybermed\daddy\dependency\sdk-vtk-9.4.2\build_msvc\rendering\core\renderingcore.dir\release\vtkgpuinfolist.obj
d:\cybermed\daddy\dependency\sdk-vtk-9.4.2\build_msvc\rendering\core\renderingcore.dir\release\vtkgpuinfo.obj
d:\cybermed\daddy\dependency\sdk-vtk-9.4.2\build_msvc\rendering\core\renderingcore.dir\release\vtkfrustumcoverageculler.obj
d:\cybermed\daddy\dependency\sdk-vtk-9.4.2\build_msvc\rendering\core\renderingcore.dir\release\vtkframebufferobjectbase.obj
d:\cybermed\daddy\dependency\sdk-vtk-9.4.2\build_msvc\rendering\core\renderingcore.dir\release\vtkfollower.obj
d:\cybermed\daddy\dependency\sdk-vtk-9.4.2\build_msvc\rendering\core\renderingcore.dir\release\vtkflagpolelabel.obj
d:\cybermed\daddy\dependency\sdk-vtk-9.4.2\build_msvc\rendering\core\renderingcore.dir\release\vtkfxaaoptions.obj
d:\cybermed\daddy\dependency\sdk-vtk-9.4.2\build_msvc\rendering\core\renderingcore.dir\release\vtkdistancetocamera.obj
d:\cybermed\daddy\dependency\sdk-vtk-9.4.2\build_msvc\rendering\core\renderingcore.dir\release\vtkdiscretizablecolortransferfunction.obj
d:\cybermed\daddy\dependency\sdk-vtk-9.4.2\build_msvc\rendering\core\renderingcore.dir\release\vtkdatasetmapper.obj
d:\cybermed\daddy\dependency\sdk-vtk-9.4.2\build_msvc\rendering\core\renderingcore.dir\release\vtkcullercollection.obj
d:\cybermed\daddy\dependency\sdk-vtk-9.4.2\build_msvc\rendering\core\renderingcore.dir\release\vtkculler.obj
d:\cybermed\daddy\dependency\sdk-vtk-9.4.2\build_msvc\rendering\core\renderingcore.dir\release\vtkcoordinate.obj
d:\cybermed\daddy\dependency\sdk-vtk-9.4.2\build_msvc\rendering\core\renderingcore.dir\release\vtkcompositepolydatamapperdelegator.obj
d:\cybermed\daddy\dependency\sdk-vtk-9.4.2\build_msvc\rendering\core\renderingcore.dir\release\vtkcompositepolydatamapper.obj
d:\cybermed\daddy\dependency\sdk-vtk-9.4.2\build_msvc\rendering\core\renderingcore.dir\release\vtkcompositedatadisplayattributeslegacy.obj
d:\cybermed\daddy\dependency\sdk-vtk-9.4.2\build_msvc\rendering\core\renderingcore.dir\release\vtkcompositedatadisplayattributes.obj
d:\cybermed\daddy\dependency\sdk-vtk-9.4.2\build_msvc\rendering\core\renderingcore.dir\release\vtkcompositecellgridmapper.obj
d:\cybermed\daddy\dependency\sdk-vtk-9.4.2\build_msvc\rendering\core\renderingcore.dir\release\vtkcolortransferfunction.obj
d:\cybermed\daddy\dependency\sdk-vtk-9.4.2\build_msvc\rendering\core\renderingcore.dir\release\vtklightkit.obj
d:\cybermed\daddy\dependency\sdk-vtk-9.4.2\build_msvc\rendering\core\renderingcore.dir\release\vtklightcollection.obj
d:\cybermed\daddy\dependency\sdk-vtk-9.4.2\build_msvc\rendering\core\renderingcore.dir\release\vtklightactor.obj
d:\cybermed\daddy\dependency\sdk-vtk-9.4.2\build_msvc\rendering\core\renderingcore.dir\release\vtklight.obj
d:\cybermed\daddy\dependency\sdk-vtk-9.4.2\build_msvc\rendering\core\renderingcore.dir\release\vtklabeledcontourmapper.obj
d:\cybermed\daddy\dependency\sdk-vtk-9.4.2\build_msvc\rendering\core\renderingcore.dir\release\vtkinteractorobserver.obj
d:\cybermed\daddy\dependency\sdk-vtk-9.4.2\build_msvc\rendering\core\renderingcore.dir\release\vtkinteractoreventrecorder.obj
d:\cybermed\daddy\dependency\sdk-vtk-9.4.2\build_msvc\rendering\core\renderingcore.dir\release\vtkimageslicemapper.obj
d:\cybermed\daddy\dependency\sdk-vtk-9.4.2\build_msvc\rendering\core\renderingcore.dir\release\vtkimageslice.obj
d:\cybermed\daddy\dependency\sdk-vtk-9.4.2\build_msvc\rendering\core\renderingcore.dir\release\vtkimageproperty.obj
d:\cybermed\daddy\dependency\sdk-vtk-9.4.2\build_msvc\rendering\core\renderingcore.dir\release\vtkimagemapper3d.obj
d:\cybermed\daddy\dependency\sdk-vtk-9.4.2\build_msvc\rendering\core\renderingcore.dir\release\vtkimagemapper.obj
d:\cybermed\daddy\dependency\sdk-vtk-9.4.2\build_msvc\rendering\core\renderingcore.dir\release\vtkimageactor.obj
d:\cybermed\daddy\dependency\sdk-vtk-9.4.2\build_msvc\rendering\core\renderingcore.dir\release\vtkhierarchicalpolydatamapper.obj
d:\cybermed\daddy\dependency\sdk-vtk-9.4.2\build_msvc\rendering\core\renderingcore.dir\release\vtkhardwarewindow.obj
d:\cybermed\daddy\dependency\sdk-vtk-9.4.2\build_msvc\rendering\core\renderingcore.dir\release\vtkhardwarepicker.obj
d:\cybermed\daddy\dependency\sdk-vtk-9.4.2\build_msvc\rendering\core\renderingcore.dir\release\vtkgraphicsfactory.obj
d:\cybermed\daddy\dependency\sdk-vtk-9.4.2\build_msvc\rendering\core\renderingcore.dir\release\vtkgraphtoglyphs.obj
d:\cybermed\daddy\dependency\sdk-vtk-9.4.2\build_msvc\rendering\core\renderingcore.dir\release\vtkgraphmapper.obj
d:\cybermed\daddy\dependency\sdk-vtk-9.4.2\build_msvc\rendering\core\renderingcore.dir\release\vtkglyph3dmapper.obj
d:\cybermed\daddy\dependency\sdk-vtk-9.4.2\build_msvc\rendering\core\renderingcore.dir\release\vtkrenderstate.obj
d:\cybermed\daddy\dependency\sdk-vtk-9.4.2\build_msvc\rendering\core\renderingcore.dir\release\vtkrenderpass.obj
d:\cybermed\daddy\dependency\sdk-vtk-9.4.2\build_msvc\rendering\core\renderingcore.dir\release\vtkproperty2d.obj
d:\cybermed\daddy\dependency\sdk-vtk-9.4.2\build_msvc\rendering\core\renderingcore.dir\release\vtkproperty.obj
d:\cybermed\daddy\dependency\sdk-vtk-9.4.2\build_msvc\rendering\core\renderingcore.dir\release\vtkpropcollection.obj
d:\cybermed\daddy\dependency\sdk-vtk-9.4.2\build_msvc\rendering\core\renderingcore.dir\release\vtkpropassembly.obj
d:\cybermed\daddy\dependency\sdk-vtk-9.4.2\build_msvc\rendering\core\renderingcore.dir\release\vtkprop3dfollower.obj
d:\cybermed\daddy\dependency\sdk-vtk-9.4.2\build_msvc\rendering\core\renderingcore.dir\release\vtkprop3dcollection.obj
d:\cybermed\daddy\dependency\sdk-vtk-9.4.2\build_msvc\rendering\core\renderingcore.dir\release\vtkprop3d.obj
d:\cybermed\daddy\dependency\sdk-vtk-9.4.2\build_msvc\rendering\core\renderingcore.dir\release\vtkprop.obj
d:\cybermed\daddy\dependency\sdk-vtk-9.4.2\build_msvc\rendering\core\renderingcore.dir\release\vtkpolydatamapper2d.obj
d:\cybermed\daddy\dependency\sdk-vtk-9.4.2\build_msvc\rendering\core\renderingcore.dir\release\vtkpolydatamapper.obj
d:\cybermed\daddy\dependency\sdk-vtk-9.4.2\build_msvc\rendering\core\renderingcore.dir\release\vtkpointgaussianmapper.obj
d:\cybermed\daddy\dependency\sdk-vtk-9.4.2\build_msvc\rendering\core\renderingcore.dir\release\vtkobservermediator.obj
d:\cybermed\daddy\dependency\sdk-vtk-9.4.2\build_msvc\rendering\core\renderingcore.dir\release\vtkmappercollection.obj
d:\cybermed\daddy\dependency\sdk-vtk-9.4.2\build_msvc\rendering\core\renderingcore.dir\release\vtkmapper2d.obj
d:\cybermed\daddy\dependency\sdk-vtk-9.4.2\build_msvc\rendering\core\renderingcore.dir\release\vtkmapper.obj
d:\cybermed\daddy\dependency\sdk-vtk-9.4.2\build_msvc\rendering\core\renderingcore.dir\release\vtkmaparrayvalues.obj
d:\cybermed\daddy\dependency\sdk-vtk-9.4.2\build_msvc\rendering\core\renderingcore.dir\release\vtklookuptablewithenabling.obj
d:\cybermed\daddy\dependency\sdk-vtk-9.4.2\build_msvc\rendering\core\renderingcore.dir\release\vtkloglookuptable.obj
d:\cybermed\daddy\dependency\sdk-vtk-9.4.2\build_msvc\rendering\core\renderingcore.dir\release\vtktupleinterpolator.obj
d:\cybermed\daddy\dependency\sdk-vtk-9.4.2\build_msvc\rendering\core\renderingcore.dir\release\vtktransforminterpolator.obj
d:\cybermed\daddy\dependency\sdk-vtk-9.4.2\build_msvc\rendering\core\renderingcore.dir\release\vtktransformcoordinatesystems.obj
d:\cybermed\daddy\dependency\sdk-vtk-9.4.2\build_msvc\rendering\core\renderingcore.dir\release\vtktexturedactor2d.obj
d:\cybermed\daddy\dependency\sdk-vtk-9.4.2\build_msvc\rendering\core\renderingcore.dir\release\vtktexture.obj
d:\cybermed\daddy\dependency\sdk-vtk-9.4.2\build_msvc\rendering\core\renderingcore.dir\release\vtktextactor3d.obj
d:\cybermed\daddy\dependency\sdk-vtk-9.4.2\build_msvc\rendering\core\renderingcore.dir\release\vtktextactor.obj
d:\cybermed\daddy\dependency\sdk-vtk-9.4.2\build_msvc\rendering\core\renderingcore.dir\release\vtkstereocompositor.obj
d:\cybermed\daddy\dependency\sdk-vtk-9.4.2\build_msvc\rendering\core\renderingcore.dir\release\vtkskybox.obj
d:\cybermed\daddy\dependency\sdk-vtk-9.4.2\build_msvc\rendering\core\renderingcore.dir\release\vtkshaderproperty.obj
d:\cybermed\daddy\dependency\sdk-vtk-9.4.2\build_msvc\rendering\core\renderingcore.dir\release\vtkselectvisiblepoints.obj
d:\cybermed\daddy\dependency\sdk-vtk-9.4.2\build_msvc\rendering\core\renderingcore.dir\release\vtkresizingwindowtoimagefilter.obj
d:\cybermed\daddy\dependency\sdk-vtk-9.4.2\build_msvc\rendering\core\renderingcore.dir\release\vtkrenderersource.obj
d:\cybermed\daddy\dependency\sdk-vtk-9.4.2\build_msvc\rendering\core\renderingcore.dir\release\vtkrendererdelegate.obj
d:\cybermed\daddy\dependency\sdk-vtk-9.4.2\build_msvc\rendering\core\renderingcore.dir\release\vtkrenderercollection.obj
d:\cybermed\daddy\dependency\sdk-vtk-9.4.2\build_msvc\rendering\core\renderingcore.dir\release\vtkrenderer.obj
d:\cybermed\daddy\dependency\sdk-vtk-9.4.2\build_msvc\rendering\core\renderingcore.dir\release\vtkrenderwindowinteractor3d.obj
d:\cybermed\daddy\dependency\sdk-vtk-9.4.2\build_msvc\rendering\core\renderingcore.dir\release\vtkrenderwindowinteractor.obj
d:\cybermed\daddy\dependency\sdk-vtk-9.4.2\build_msvc\rendering\core\renderingcore.dir\release\vtkrenderwindowcollection.obj
d:\cybermed\daddy\dependency\sdk-vtk-9.4.2\build_msvc\rendering\core\renderingcore.dir\release\vtkrendertimerlog.obj
d:\cybermed\daddy\dependency\sdk-vtk-9.4.2\build_msvc\rendering\core\renderingcore.dir\release\vtkcellpicker.obj
d:\cybermed\daddy\dependency\sdk-vtk-9.4.2\build_msvc\rendering\core\renderingcore.dir\release\vtkworldpointpicker.obj
d:\cybermed\daddy\dependency\sdk-vtk-9.4.2\build_msvc\rendering\core\renderingcore.dir\release\vtkpickingmanager.obj
d:\cybermed\daddy\dependency\sdk-vtk-9.4.2\build_msvc\rendering\core\renderingcore.dir\release\vtkproppicker.obj
d:\cybermed\daddy\dependency\sdk-vtk-9.4.2\build_msvc\rendering\core\renderingcore.dir\release\vtklodprop3d.obj
d:\cybermed\daddy\dependency\sdk-vtk-9.4.2\build_msvc\rendering\core\renderingcore.dir\release\vtkabstractproppicker.obj
d:\cybermed\daddy\dependency\sdk-vtk-9.4.2\build_msvc\rendering\core\renderingcore.dir\release\vtkpicker.obj
d:\cybermed\daddy\dependency\sdk-vtk-9.4.2\build_msvc\rendering\core\renderingcore.dir\release\vtkareapicker.obj
d:\cybermed\daddy\dependency\sdk-vtk-9.4.2\build_msvc\rendering\core\renderingcore.dir\release\vtkassemblypaths.obj
d:\cybermed\daddy\dependency\sdk-vtk-9.4.2\build_msvc\rendering\core\renderingcore.dir\release\vtkassemblypath.obj
d:\cybermed\daddy\dependency\sdk-vtk-9.4.2\build_msvc\rendering\core\renderingcore.dir\release\vtkassemblynode.obj
d:\cybermed\daddy\dependency\sdk-vtk-9.4.2\build_msvc\rendering\core\renderingcore.dir\release\vtkwindowtoimagefilter.obj
d:\cybermed\daddy\dependency\sdk-vtk-9.4.2\build_msvc\rendering\core\renderingcore.dir\release\vtkwindowlevellookuptable.obj
d:\cybermed\daddy\dependency\sdk-vtk-9.4.2\build_msvc\rendering\core\renderingcore.dir\release\vtkvolumeproperty.obj
d:\cybermed\daddy\dependency\sdk-vtk-9.4.2\build_msvc\rendering\core\renderingcore.dir\release\vtkvolumecollection.obj
d:\cybermed\daddy\dependency\sdk-vtk-9.4.2\build_msvc\rendering\core\renderingcore.dir\release\vtkvolume.obj
d:\cybermed\daddy\dependency\sdk-vtk-9.4.2\build_msvc\rendering\core\renderingcore.dir\release\vtkvisibilitysort.obj
d:\cybermed\daddy\dependency\sdk-vtk-9.4.2\build_msvc\rendering\core\renderingcore.dir\release\vtkviewport.obj
d:\cybermed\daddy\dependency\sdk-vtk-9.4.2\build_msvc\rendering\core\renderingcore.dir\release\vtkviewdependenterrormetric.obj
d:\cybermed\daddy\dependency\sdk-vtk-9.4.2\build_msvc\rendering\core\renderingcore.dir\release\vtkuniforms.obj
d:\cybermed\daddy\dependency\sdk-vtk-9.4.2\build_msvc\rendering\core\renderingcore.dir\release\vtkciede2000.obj
d:\cybermed\daddy\dependency\sdk-vtk-9.4.2\build_msvc\rendering\core\renderingcore.dir\release\vtkrenderwidget.obj
d:\cybermed\daddy\dependency\sdk-vtk-9.4.2\build_msvc\rendering\core\renderingcore.dir\release\vtkabstractrenderdevice.obj
d:\cybermed\daddy\dependency\sdk-vtk-9.4.2\build_msvc\rendering\core\renderingcore.dir\release\vtkabstractinteractiondevice.obj
d:\cybermed\daddy\dependency\sdk-vtk-9.4.2\build_msvc\rendering\core\renderingcore.dir\release\vtktextrenderer.obj
d:\cybermed\daddy\dependency\sdk-vtk-9.4.2\build_msvc\rendering\core\renderingcore.dir\release\vtktextpropertycollection.obj
d:\cybermed\daddy\dependency\sdk-vtk-9.4.2\build_msvc\rendering\core\renderingcore.dir\release\vtktextproperty.obj
d:\cybermed\daddy\dependency\sdk-vtk-9.4.2\build_msvc\rendering\core\renderingcore.dir\release\vtktextmapper.obj
d:\cybermed\daddy\dependency\sdk-vtk-9.4.2\build_msvc\rendering\core\renderingcore.dir\release\vtkstringtoimage.obj
d:\cybermed\daddy\dependency\sdk-vtk-9.4.2\build_msvc\rendering\core\renderingcore.dir\release\vtktdxinteractorstylesettings.obj
d:\cybermed\daddy\dependency\sdk-vtk-9.4.2\build_msvc\rendering\core\renderingcore.dir\release\vtktdxinteractorstylecamera.obj
d:\cybermed\daddy\dependency\sdk-vtk-9.4.2\build_msvc\rendering\core\renderingcore.dir\release\vtktdxinteractorstyle.obj
d:\cybermed\daddy\dependency\sdk-vtk-9.4.2\build_msvc\rendering\core\renderingcore.dir\release\vtkinteractorstyleswitchbase.obj
d:\cybermed\daddy\dependency\sdk-vtk-9.4.2\build_msvc\rendering\core\renderingcore.dir\release\vtkinteractorstyle3d.obj
d:\cybermed\daddy\dependency\sdk-vtk-9.4.2\build_msvc\rendering\core\renderingcore.dir\release\vtkinteractorstyle.obj
d:\cybermed\daddy\dependency\sdk-vtk-9.4.2\build_msvc\rendering\core\renderingcore.dir\release\vtkscenepicker.obj
d:\cybermed\daddy\dependency\sdk-vtk-9.4.2\build_msvc\rendering\core\renderingcore.dir\release\vtkrenderedareapicker.obj
d:\cybermed\daddy\dependency\sdk-vtk-9.4.2\build_msvc\rendering\core\renderingcore.dir\release\vtkpointpicker.obj
d:\cybermed\daddy\dependency\sdk-vtk-9.4.2\build_msvc\rendering\core\renderingcore.dir\release\vtkrenderwindow.obj
d:\cybermed\daddy\dependency\sdk-vtk-9.4.2\build_msvc\rendering\core\renderingcore.dir\release\vtkhardwareselector.obj
d:\cybermed\daddy\dependency\sdk-vtk-9.4.2\build_msvc\rendering\core\cmakefiles\generate.stamp
d:\cybermed\daddy\dependency\sdk-vtk-9.4.2\build_msvc\bin\release\vtkrenderingcore-9.4.dll
d:\cybermed\daddy\dependency\sdk-vtk-9.4.2\build_msvc\lib\release\vtkrenderingcore-9.4.lib
d:\cybermed\daddy\dependency\sdk-vtk-9.4.2\build_msvc\lib\release\vtkrenderingcore-9.4.exp
d:\cybermed\daddy\dependency\sdk-vtk-9.4.2\build_msvc\rendering\core\renderingcore.dir\release\renderingcore.tlog\cl.command.1.tlog
d:\cybermed\daddy\dependency\sdk-vtk-9.4.2\build_msvc\rendering\core\renderingcore.dir\release\renderingcore.tlog\cl.items.tlog
d:\cybermed\daddy\dependency\sdk-vtk-9.4.2\build_msvc\rendering\core\renderingcore.dir\release\renderingcore.tlog\cl.read.1.tlog
d:\cybermed\daddy\dependency\sdk-vtk-9.4.2\build_msvc\rendering\core\renderingcore.dir\release\renderingcore.tlog\cl.write.1.tlog
d:\cybermed\daddy\dependency\sdk-vtk-9.4.2\build_msvc\rendering\core\renderingcore.dir\release\renderingcore.tlog\custombuild.command.1.tlog
d:\cybermed\daddy\dependency\sdk-vtk-9.4.2\build_msvc\rendering\core\renderingcore.dir\release\renderingcore.tlog\custombuild.read.1.tlog
d:\cybermed\daddy\dependency\sdk-vtk-9.4.2\build_msvc\rendering\core\renderingcore.dir\release\renderingcore.tlog\custombuild.write.1.tlog
d:\cybermed\daddy\dependency\sdk-vtk-9.4.2\build_msvc\rendering\core\renderingcore.dir\release\renderingcore.tlog\link.command.1.tlog
d:\cybermed\daddy\dependency\sdk-vtk-9.4.2\build_msvc\rendering\core\renderingcore.dir\release\renderingcore.tlog\link.read.1.tlog
d:\cybermed\daddy\dependency\sdk-vtk-9.4.2\build_msvc\rendering\core\renderingcore.dir\release\renderingcore.tlog\link.secondary.1.tlog
d:\cybermed\daddy\dependency\sdk-vtk-9.4.2\build_msvc\rendering\core\renderingcore.dir\release\renderingcore.tlog\link.write.1.tlog
