  Generating vtkCellGridShaderBases.h, vtkCellGridShaderBases.cxx
  Generating vtkCellGridShaderCommonDefs.h, vtkCellGridShaderCommonDefs.cxx
  Generating vtkCellGridShaderFragment.h, vtkCellGridShaderFragment.cxx
  Generating vtkCellGridShaderTessellationControl.h, vtkCellGridShaderTessellationControl.cxx
  Generating vtkCellGridShaderTessellationDebugGeometry.h, vtkCellGridShaderTessellationDebugGeometry.cxx
  Generating vtkCellGridShaderTessellationEvaluation.h, vtkCellGridShaderTessellationEvaluation.cxx
  Generating vtkCellGridShaderUtil.h, vtkCellGridShaderUtil.cxx
  Generating vtkCellGridShaderVertex.h, vtkCellGridShaderVertex.cxx
  Building Custom Rule D:/cybermed/daddy/dependency/sdk-VTK-9.4.2/Rendering/CellGrid/CMakeLists.txt
  vtkCellGridShaderBases.cxx
  vtkCellGridShaderCommonDefs.cxx
  vtkCellGridShaderFragment.cxx
  vtkCellGridShaderTessellationControl.cxx
  vtkCellGridShaderTessellationDebugGeometry.cxx
  vtkCellGridShaderTessellationEvaluation.cxx
  vtkCellGridShaderUtil.cxx
  vtkCellGridShaderVertex.cxx
  vtkRenderingCellGridObjectFactory.cxx
  vtkDGRenderResponder.cxx
  vtkOpenGLCellGridMapper.cxx
  vtkRenderingCellGrid.cxx
  코드를 생성하고 있습니다...
     D:/cybermed/daddy/dependency/sdk-VTK-9.4.2/build_msvc/lib/Debug/vtkRenderingCellGrid-9.4d.lib 라이브러리 및 D:/cybermed/daddy/dependency/sdk-VTK-9.4.2/build_msvc/lib/Debug/vtkRenderingCellGrid-9.4d.exp 개체를 생성하고 있습니다.
  RenderingCellGrid.vcxproj -> D:\cybermed\daddy\dependency\sdk-VTK-9.4.2\build_msvc\bin\Debug\vtkRenderingCellGrid-9.4d.dll
