d:\cybermed\daddy\dependency\sdk-vtk-9.4.2\build_msvc\lib\debug\vtkrenderingcellgrid-9.4d.pdb
d:\cybermed\daddy\dependency\sdk-vtk-9.4.2\build_msvc\rendering\cellgrid\renderingcellgrid.dir\debug\vtkrenderingcellgrid.obj
d:\cybermed\daddy\dependency\sdk-vtk-9.4.2\build_msvc\rendering\cellgrid\renderingcellgrid.dir\debug\vtkopenglcellgridmapper.obj
d:\cybermed\daddy\dependency\sdk-vtk-9.4.2\build_msvc\rendering\cellgrid\renderingcellgrid.dir\debug\vtkdgrenderresponder.obj
d:\cybermed\daddy\dependency\sdk-vtk-9.4.2\build_msvc\rendering\cellgrid\renderingcellgrid.dir\debug\vtkrenderingcellgridobjectfactory.obj
d:\cybermed\daddy\dependency\sdk-vtk-9.4.2\build_msvc\rendering\cellgrid\renderingcellgrid.dir\debug\vtkcellgridshadervertex.obj
d:\cybermed\daddy\dependency\sdk-vtk-9.4.2\build_msvc\rendering\cellgrid\renderingcellgrid.dir\debug\vtkcellgridshaderutil.obj
d:\cybermed\daddy\dependency\sdk-vtk-9.4.2\build_msvc\rendering\cellgrid\renderingcellgrid.dir\debug\vtkcellgridshadertessellationevaluation.obj
d:\cybermed\daddy\dependency\sdk-vtk-9.4.2\build_msvc\rendering\cellgrid\renderingcellgrid.dir\debug\vtkcellgridshadertessellationdebuggeometry.obj
d:\cybermed\daddy\dependency\sdk-vtk-9.4.2\build_msvc\rendering\cellgrid\renderingcellgrid.dir\debug\vtkcellgridshadertessellationcontrol.obj
d:\cybermed\daddy\dependency\sdk-vtk-9.4.2\build_msvc\rendering\cellgrid\renderingcellgrid.dir\debug\vtkcellgridshaderfragment.obj
d:\cybermed\daddy\dependency\sdk-vtk-9.4.2\build_msvc\rendering\cellgrid\renderingcellgrid.dir\debug\vtkcellgridshadercommondefs.obj
d:\cybermed\daddy\dependency\sdk-vtk-9.4.2\build_msvc\rendering\cellgrid\renderingcellgrid.dir\debug\vtkcellgridshaderbases.obj
d:\cybermed\daddy\dependency\sdk-vtk-9.4.2\build_msvc\rendering\cellgrid\renderingcellgrid.dir\debug\vc143.pdb
d:\cybermed\daddy\dependency\sdk-vtk-9.4.2\build_msvc\rendering\cellgrid\vtkcellgridshaderbases.h
d:\cybermed\daddy\dependency\sdk-vtk-9.4.2\build_msvc\rendering\cellgrid\vtkcellgridshaderbases.cxx
d:\cybermed\daddy\dependency\sdk-vtk-9.4.2\build_msvc\rendering\cellgrid\vtkcellgridshadercommondefs.h
d:\cybermed\daddy\dependency\sdk-vtk-9.4.2\build_msvc\rendering\cellgrid\vtkcellgridshadercommondefs.cxx
d:\cybermed\daddy\dependency\sdk-vtk-9.4.2\build_msvc\rendering\cellgrid\vtkcellgridshaderfragment.h
d:\cybermed\daddy\dependency\sdk-vtk-9.4.2\build_msvc\rendering\cellgrid\vtkcellgridshaderfragment.cxx
d:\cybermed\daddy\dependency\sdk-vtk-9.4.2\build_msvc\rendering\cellgrid\vtkcellgridshadertessellationcontrol.h
d:\cybermed\daddy\dependency\sdk-vtk-9.4.2\build_msvc\rendering\cellgrid\vtkcellgridshadertessellationcontrol.cxx
d:\cybermed\daddy\dependency\sdk-vtk-9.4.2\build_msvc\rendering\cellgrid\vtkcellgridshadertessellationdebuggeometry.h
d:\cybermed\daddy\dependency\sdk-vtk-9.4.2\build_msvc\rendering\cellgrid\vtkcellgridshadertessellationdebuggeometry.cxx
d:\cybermed\daddy\dependency\sdk-vtk-9.4.2\build_msvc\rendering\cellgrid\vtkcellgridshadertessellationevaluation.h
d:\cybermed\daddy\dependency\sdk-vtk-9.4.2\build_msvc\rendering\cellgrid\vtkcellgridshadertessellationevaluation.cxx
d:\cybermed\daddy\dependency\sdk-vtk-9.4.2\build_msvc\rendering\cellgrid\vtkcellgridshaderutil.h
d:\cybermed\daddy\dependency\sdk-vtk-9.4.2\build_msvc\rendering\cellgrid\vtkcellgridshaderutil.cxx
d:\cybermed\daddy\dependency\sdk-vtk-9.4.2\build_msvc\rendering\cellgrid\vtkcellgridshadervertex.h
d:\cybermed\daddy\dependency\sdk-vtk-9.4.2\build_msvc\rendering\cellgrid\vtkcellgridshadervertex.cxx
d:\cybermed\daddy\dependency\sdk-vtk-9.4.2\build_msvc\rendering\cellgrid\cmakefiles\generate.stamp
d:\cybermed\daddy\dependency\sdk-vtk-9.4.2\build_msvc\lib\debug\vtkrenderingcellgrid-9.4d.lib
d:\cybermed\daddy\dependency\sdk-vtk-9.4.2\build_msvc\bin\debug\vtkrenderingcellgrid-9.4d.dll
d:\cybermed\daddy\dependency\sdk-vtk-9.4.2\build_msvc\bin\debug\vtkrenderingcellgrid-9.4d.pdb
d:\cybermed\daddy\dependency\sdk-vtk-9.4.2\build_msvc\lib\debug\vtkrenderingcellgrid-9.4d.exp
d:\cybermed\daddy\dependency\sdk-vtk-9.4.2\build_msvc\rendering\cellgrid\renderingcellgrid.dir\debug\vtkrenderingcellgrid-9.4d.ilk
d:\cybermed\daddy\dependency\sdk-vtk-9.4.2\build_msvc\rendering\cellgrid\renderingcellgrid.dir\debug\renderin.36b19427.tlog\cl.command.1.tlog
d:\cybermed\daddy\dependency\sdk-vtk-9.4.2\build_msvc\rendering\cellgrid\renderingcellgrid.dir\debug\renderin.36b19427.tlog\cl.items.tlog
d:\cybermed\daddy\dependency\sdk-vtk-9.4.2\build_msvc\rendering\cellgrid\renderingcellgrid.dir\debug\renderin.36b19427.tlog\cl.read.1.tlog
d:\cybermed\daddy\dependency\sdk-vtk-9.4.2\build_msvc\rendering\cellgrid\renderingcellgrid.dir\debug\renderin.36b19427.tlog\cl.write.1.tlog
d:\cybermed\daddy\dependency\sdk-vtk-9.4.2\build_msvc\rendering\cellgrid\renderingcellgrid.dir\debug\renderin.36b19427.tlog\custombuild.command.1.tlog
d:\cybermed\daddy\dependency\sdk-vtk-9.4.2\build_msvc\rendering\cellgrid\renderingcellgrid.dir\debug\renderin.36b19427.tlog\custombuild.read.1.tlog
d:\cybermed\daddy\dependency\sdk-vtk-9.4.2\build_msvc\rendering\cellgrid\renderingcellgrid.dir\debug\renderin.36b19427.tlog\custombuild.write.1.tlog
d:\cybermed\daddy\dependency\sdk-vtk-9.4.2\build_msvc\rendering\cellgrid\renderingcellgrid.dir\debug\renderin.36b19427.tlog\lib-link.read.1.tlog
d:\cybermed\daddy\dependency\sdk-vtk-9.4.2\build_msvc\rendering\cellgrid\renderingcellgrid.dir\debug\renderin.36b19427.tlog\lib-link.write.1.tlog
d:\cybermed\daddy\dependency\sdk-vtk-9.4.2\build_msvc\rendering\cellgrid\renderingcellgrid.dir\debug\renderin.36b19427.tlog\lib.command.1.tlog
d:\cybermed\daddy\dependency\sdk-vtk-9.4.2\build_msvc\rendering\cellgrid\renderingcellgrid.dir\debug\renderin.36b19427.tlog\link.command.1.tlog
d:\cybermed\daddy\dependency\sdk-vtk-9.4.2\build_msvc\rendering\cellgrid\renderingcellgrid.dir\debug\renderin.36b19427.tlog\link.read.1.tlog
d:\cybermed\daddy\dependency\sdk-vtk-9.4.2\build_msvc\rendering\cellgrid\renderingcellgrid.dir\debug\renderin.36b19427.tlog\link.secondary.1.tlog
d:\cybermed\daddy\dependency\sdk-vtk-9.4.2\build_msvc\rendering\cellgrid\renderingcellgrid.dir\debug\renderin.36b19427.tlog\link.write.1.tlog
