d:\cybermed\daddy\dependency\sdk-vtk-9.4.2\build_msvc\lib\debug\vtkiominc-9.4d.pdb
d:\cybermed\daddy\dependency\sdk-vtk-9.4.2\build_msvc\io\minc\iominc.dir\debug\vtkmnitransformwriter.obj
d:\cybermed\daddy\dependency\sdk-vtk-9.4.2\build_msvc\io\minc\iominc.dir\debug\vtkmnitransformreader.obj
d:\cybermed\daddy\dependency\sdk-vtk-9.4.2\build_msvc\io\minc\iominc.dir\debug\vtkmnitagpointwriter.obj
d:\cybermed\daddy\dependency\sdk-vtk-9.4.2\build_msvc\io\minc\iominc.dir\debug\vtkmnitagpointreader.obj
d:\cybermed\daddy\dependency\sdk-vtk-9.4.2\build_msvc\io\minc\iominc.dir\debug\vtkmniobjectwriter.obj
d:\cybermed\daddy\dependency\sdk-vtk-9.4.2\build_msvc\io\minc\iominc.dir\debug\vtkmniobjectreader.obj
d:\cybermed\daddy\dependency\sdk-vtk-9.4.2\build_msvc\io\minc\iominc.dir\debug\vtkmincimagewriter.obj
d:\cybermed\daddy\dependency\sdk-vtk-9.4.2\build_msvc\io\minc\iominc.dir\debug\vtkmincimagereader.obj
d:\cybermed\daddy\dependency\sdk-vtk-9.4.2\build_msvc\io\minc\iominc.dir\debug\vtkmincimageattributes.obj
d:\cybermed\daddy\dependency\sdk-vtk-9.4.2\build_msvc\io\minc\iominc.dir\debug\vc143.pdb
d:\cybermed\daddy\dependency\sdk-vtk-9.4.2\build_msvc\io\minc\cmakefiles\generate.stamp
d:\cybermed\daddy\dependency\sdk-vtk-9.4.2\build_msvc\lib\debug\vtkiominc-9.4d.lib
d:\cybermed\daddy\dependency\sdk-vtk-9.4.2\build_msvc\bin\debug\vtkiominc-9.4d.dll
d:\cybermed\daddy\dependency\sdk-vtk-9.4.2\build_msvc\bin\debug\vtkiominc-9.4d.pdb
d:\cybermed\daddy\dependency\sdk-vtk-9.4.2\build_msvc\lib\debug\vtkiominc-9.4d.exp
d:\cybermed\daddy\dependency\sdk-vtk-9.4.2\build_msvc\io\minc\iominc.dir\debug\vtkiominc-9.4d.ilk
d:\cybermed\daddy\dependency\sdk-vtk-9.4.2\build_msvc\io\minc\iominc.dir\debug\iominc.tlog\cl.command.1.tlog
d:\cybermed\daddy\dependency\sdk-vtk-9.4.2\build_msvc\io\minc\iominc.dir\debug\iominc.tlog\cl.items.tlog
d:\cybermed\daddy\dependency\sdk-vtk-9.4.2\build_msvc\io\minc\iominc.dir\debug\iominc.tlog\cl.read.1.tlog
d:\cybermed\daddy\dependency\sdk-vtk-9.4.2\build_msvc\io\minc\iominc.dir\debug\iominc.tlog\cl.write.1.tlog
d:\cybermed\daddy\dependency\sdk-vtk-9.4.2\build_msvc\io\minc\iominc.dir\debug\iominc.tlog\custombuild.command.1.tlog
d:\cybermed\daddy\dependency\sdk-vtk-9.4.2\build_msvc\io\minc\iominc.dir\debug\iominc.tlog\custombuild.read.1.tlog
d:\cybermed\daddy\dependency\sdk-vtk-9.4.2\build_msvc\io\minc\iominc.dir\debug\iominc.tlog\custombuild.write.1.tlog
d:\cybermed\daddy\dependency\sdk-vtk-9.4.2\build_msvc\io\minc\iominc.dir\debug\iominc.tlog\lib-link.read.1.tlog
d:\cybermed\daddy\dependency\sdk-vtk-9.4.2\build_msvc\io\minc\iominc.dir\debug\iominc.tlog\lib-link.write.1.tlog
d:\cybermed\daddy\dependency\sdk-vtk-9.4.2\build_msvc\io\minc\iominc.dir\debug\iominc.tlog\lib.command.1.tlog
d:\cybermed\daddy\dependency\sdk-vtk-9.4.2\build_msvc\io\minc\iominc.dir\debug\iominc.tlog\link.command.1.tlog
d:\cybermed\daddy\dependency\sdk-vtk-9.4.2\build_msvc\io\minc\iominc.dir\debug\iominc.tlog\link.read.1.tlog
d:\cybermed\daddy\dependency\sdk-vtk-9.4.2\build_msvc\io\minc\iominc.dir\debug\iominc.tlog\link.secondary.1.tlog
d:\cybermed\daddy\dependency\sdk-vtk-9.4.2\build_msvc\io\minc\iominc.dir\debug\iominc.tlog\link.write.1.tlog
