d:\cybermed\daddy\dependency\sdk-vtk-9.4.2\build_msvc\thirdparty\libproj\vtklibproj\src\libproj.dir\release\log.obj
d:\cybermed\daddy\dependency\sdk-vtk-9.4.2\build_msvc\thirdparty\libproj\vtklibproj\src\libproj.dir\release\list.obj
d:\cybermed\daddy\dependency\sdk-vtk-9.4.2\build_msvc\thirdparty\libproj\vtklibproj\src\libproj.dir\release\inv.obj
d:\cybermed\daddy\dependency\sdk-vtk-9.4.2\build_msvc\thirdparty\libproj\vtklibproj\src\libproj.dir\release\initcache.obj
d:\cybermed\daddy\dependency\sdk-vtk-9.4.2\build_msvc\thirdparty\libproj\vtklibproj\src\libproj.dir\release\init.obj
d:\cybermed\daddy\dependency\sdk-vtk-9.4.2\build_msvc\thirdparty\libproj\vtklibproj\src\libproj.dir\release\generic_inverse.obj
d:\cybermed\daddy\dependency\sdk-vtk-9.4.2\build_msvc\thirdparty\libproj\vtklibproj\src\libproj.dir\release\gauss.obj
d:\cybermed\daddy\dependency\sdk-vtk-9.4.2\build_msvc\thirdparty\libproj\vtklibproj\src\libproj.dir\release\fwd.obj
d:\cybermed\daddy\dependency\sdk-vtk-9.4.2\build_msvc\thirdparty\libproj\vtklibproj\src\libproj.dir\release\factors.obj
d:\cybermed\daddy\dependency\sdk-vtk-9.4.2\build_msvc\thirdparty\libproj\vtklibproj\src\libproj.dir\release\ellps.obj
d:\cybermed\daddy\dependency\sdk-vtk-9.4.2\build_msvc\thirdparty\libproj\vtklibproj\src\libproj.dir\release\ell_set.obj
d:\cybermed\daddy\dependency\sdk-vtk-9.4.2\build_msvc\thirdparty\libproj\vtklibproj\src\libproj.dir\release\dmstor.obj
d:\cybermed\daddy\dependency\sdk-vtk-9.4.2\build_msvc\thirdparty\libproj\vtklibproj\src\libproj.dir\release\deriv.obj
d:\cybermed\daddy\dependency\sdk-vtk-9.4.2\build_msvc\thirdparty\libproj\vtklibproj\src\libproj.dir\release\datums.obj
d:\cybermed\daddy\dependency\sdk-vtk-9.4.2\build_msvc\thirdparty\libproj\vtklibproj\src\libproj.dir\release\datum_set.obj
d:\cybermed\daddy\dependency\sdk-vtk-9.4.2\build_msvc\thirdparty\libproj\vtklibproj\src\libproj.dir\release\ctx.obj
d:\cybermed\daddy\dependency\sdk-vtk-9.4.2\build_msvc\thirdparty\libproj\vtklibproj\src\libproj.dir\release\auth.obj
d:\cybermed\daddy\dependency\sdk-vtk-9.4.2\build_msvc\thirdparty\libproj\vtklibproj\src\libproj.dir\release\adjlon.obj
d:\cybermed\daddy\dependency\sdk-vtk-9.4.2\build_msvc\thirdparty\libproj\vtklibproj\src\libproj.dir\release\aasincos.obj
d:\cybermed\daddy\dependency\sdk-vtk-9.4.2\build_msvc\thirdparty\libproj\vtklibproj\src\libproj.dir\release\4d_api.obj
d:\cybermed\daddy\dependency\sdk-vtk-9.4.2\build_msvc\thirdparty\libproj\vtklibproj\src\libproj.dir\release\zpoly1.obj
d:\cybermed\daddy\dependency\sdk-vtk-9.4.2\build_msvc\thirdparty\libproj\vtklibproj\src\libproj.dir\release\wkt_parser.obj
d:\cybermed\daddy\dependency\sdk-vtk-9.4.2\build_msvc\thirdparty\libproj\vtklibproj\src\libproj.dir\release\wkt2_parser.obj
d:\cybermed\daddy\dependency\sdk-vtk-9.4.2\build_msvc\thirdparty\libproj\vtklibproj\src\libproj.dir\release\wkt1_parser.obj
d:\cybermed\daddy\dependency\sdk-vtk-9.4.2\build_msvc\thirdparty\libproj\vtklibproj\src\libproj.dir\release\units.obj
d:\cybermed\daddy\dependency\sdk-vtk-9.4.2\build_msvc\thirdparty\libproj\vtklibproj\src\libproj.dir\release\tsfn.obj
d:\cybermed\daddy\dependency\sdk-vtk-9.4.2\build_msvc\thirdparty\libproj\vtklibproj\src\libproj.dir\release\strtod.obj
d:\cybermed\daddy\dependency\sdk-vtk-9.4.2\build_msvc\thirdparty\libproj\vtklibproj\src\libproj.dir\release\strerrno.obj
d:\cybermed\daddy\dependency\sdk-vtk-9.4.2\build_msvc\thirdparty\libproj\vtklibproj\src\libproj.dir\release\rtodms.obj
d:\cybermed\daddy\dependency\sdk-vtk-9.4.2\build_msvc\thirdparty\libproj\vtklibproj\src\libproj.dir\release\release.obj
d:\cybermed\daddy\dependency\sdk-vtk-9.4.2\build_msvc\thirdparty\libproj\vtklibproj\src\libproj.dir\release\qsfn.obj
d:\cybermed\daddy\dependency\sdk-vtk-9.4.2\build_msvc\thirdparty\libproj\vtklibproj\src\libproj.dir\release\proj_mdist.obj
d:\cybermed\daddy\dependency\sdk-vtk-9.4.2\build_msvc\thirdparty\libproj\vtklibproj\src\libproj.dir\release\pr_list.obj
d:\cybermed\daddy\dependency\sdk-vtk-9.4.2\build_msvc\thirdparty\libproj\vtklibproj\src\libproj.dir\release\pipeline.obj
d:\cybermed\daddy\dependency\sdk-vtk-9.4.2\build_msvc\thirdparty\libproj\vtklibproj\src\libproj.dir\release\phi2.obj
d:\cybermed\daddy\dependency\sdk-vtk-9.4.2\build_msvc\thirdparty\libproj\vtklibproj\src\libproj.dir\release\param.obj
d:\cybermed\daddy\dependency\sdk-vtk-9.4.2\build_msvc\thirdparty\libproj\vtklibproj\src\libproj.dir\release\mutex.obj
d:\cybermed\daddy\dependency\sdk-vtk-9.4.2\build_msvc\thirdparty\libproj\vtklibproj\src\libproj.dir\release\msfn.obj
d:\cybermed\daddy\dependency\sdk-vtk-9.4.2\build_msvc\thirdparty\libproj\vtklibproj\src\libproj.dir\release\mlfn.obj
d:\cybermed\daddy\dependency\sdk-vtk-9.4.2\build_msvc\thirdparty\libproj\vtklibproj\src\libproj.dir\release\malloc.obj
d:\cybermed\daddy\dependency\sdk-vtk-9.4.2\build_msvc\thirdparty\libproj\vtklibproj\src\libproj.dir\release\nsper.obj
d:\cybermed\daddy\dependency\sdk-vtk-9.4.2\build_msvc\thirdparty\libproj\vtklibproj\src\libproj.dir\release\mod_ster.obj
d:\cybermed\daddy\dependency\sdk-vtk-9.4.2\build_msvc\thirdparty\libproj\vtklibproj\src\libproj.dir\release\laea.obj
d:\cybermed\daddy\dependency\sdk-vtk-9.4.2\build_msvc\thirdparty\libproj\vtklibproj\src\libproj.dir\release\gnom.obj
d:\cybermed\daddy\dependency\sdk-vtk-9.4.2\build_msvc\thirdparty\libproj\vtklibproj\src\libproj.dir\release\adams.obj
d:\cybermed\daddy\dependency\sdk-vtk-9.4.2\build_msvc\thirdparty\libproj\vtklibproj\src\libproj.dir\release\aeqd.obj
d:\cybermed\daddy\dependency\sdk-vtk-9.4.2\build_msvc\thirdparty\libproj\vtklibproj\src\libproj.dir\release\unitconvert.obj
d:\cybermed\daddy\dependency\sdk-vtk-9.4.2\build_msvc\thirdparty\libproj\vtklibproj\src\libproj.dir\release\set.obj
d:\cybermed\daddy\dependency\sdk-vtk-9.4.2\build_msvc\thirdparty\libproj\vtklibproj\src\libproj.dir\release\topocentric.obj
d:\cybermed\daddy\dependency\sdk-vtk-9.4.2\build_msvc\thirdparty\libproj\vtklibproj\src\libproj.dir\release\noop.obj
d:\cybermed\daddy\dependency\sdk-vtk-9.4.2\build_msvc\thirdparty\libproj\vtklibproj\src\libproj.dir\release\geocent.obj
d:\cybermed\daddy\dependency\sdk-vtk-9.4.2\build_msvc\thirdparty\libproj\vtklibproj\src\libproj.dir\release\geoc.obj
d:\cybermed\daddy\dependency\sdk-vtk-9.4.2\build_msvc\thirdparty\libproj\vtklibproj\src\libproj.dir\release\cart.obj
d:\cybermed\daddy\dependency\sdk-vtk-9.4.2\build_msvc\thirdparty\libproj\vtklibproj\src\libproj.dir\release\axisswap.obj
d:\cybermed\daddy\dependency\sdk-vtk-9.4.2\build_msvc\thirdparty\libproj\vtklibproj\src\libproj.dir\release\sqlite3_utils.obj
d:\cybermed\daddy\dependency\sdk-vtk-9.4.2\build_msvc\thirdparty\libproj\vtklibproj\src\libproj.dir\release\networkfilemanager.obj
d:\cybermed\daddy\dependency\sdk-vtk-9.4.2\build_msvc\thirdparty\libproj\vtklibproj\src\libproj.dir\release\filemanager.obj
d:\cybermed\daddy\dependency\sdk-vtk-9.4.2\build_msvc\thirdparty\libproj\vtklibproj\src\libproj.dir\release\grids.obj
d:\cybermed\daddy\dependency\sdk-vtk-9.4.2\build_msvc\thirdparty\libproj\vtklibproj\src\libproj.dir\release\tracing.obj
d:\cybermed\daddy\dependency\sdk-vtk-9.4.2\build_msvc\thirdparty\libproj\vtklibproj\src\libproj.dir\release\proj_json_streaming_writer.obj
d:\cybermed\daddy\dependency\sdk-vtk-9.4.2\build_msvc\thirdparty\libproj\vtklibproj\src\libproj.dir\release\cea.obj
d:\cybermed\daddy\dependency\sdk-vtk-9.4.2\build_msvc\thirdparty\libproj\vtklibproj\src\libproj.dir\release\cc.obj
d:\cybermed\daddy\dependency\sdk-vtk-9.4.2\build_msvc\thirdparty\libproj\vtklibproj\src\libproj.dir\release\cass.obj
d:\cybermed\daddy\dependency\sdk-vtk-9.4.2\build_msvc\thirdparty\libproj\vtklibproj\src\libproj.dir\release\rouss.obj
d:\cybermed\daddy\dependency\sdk-vtk-9.4.2\build_msvc\thirdparty\libproj\vtklibproj\src\libproj.dir\release\sconics.obj
d:\cybermed\daddy\dependency\sdk-vtk-9.4.2\build_msvc\thirdparty\libproj\vtklibproj\src\libproj.dir\release\rpoly.obj
d:\cybermed\daddy\dependency\sdk-vtk-9.4.2\build_msvc\thirdparty\libproj\vtklibproj\src\libproj.dir\release\poly.obj
d:\cybermed\daddy\dependency\sdk-vtk-9.4.2\build_msvc\thirdparty\libproj\vtklibproj\src\libproj.dir\release\lcc.obj
d:\cybermed\daddy\dependency\sdk-vtk-9.4.2\build_msvc\thirdparty\libproj\vtklibproj\src\libproj.dir\release\krovak.obj
d:\cybermed\daddy\dependency\sdk-vtk-9.4.2\build_msvc\thirdparty\libproj\vtklibproj\src\libproj.dir\release\imw_p.obj
d:\cybermed\daddy\dependency\sdk-vtk-9.4.2\build_msvc\thirdparty\libproj\vtklibproj\src\libproj.dir\release\ccon.obj
d:\cybermed\daddy\dependency\sdk-vtk-9.4.2\build_msvc\thirdparty\libproj\vtklibproj\src\libproj.dir\release\isea.obj
d:\cybermed\daddy\dependency\sdk-vtk-9.4.2\build_msvc\thirdparty\libproj\vtklibproj\src\libproj.dir\release\eqdc.obj
d:\cybermed\daddy\dependency\sdk-vtk-9.4.2\build_msvc\thirdparty\libproj\vtklibproj\src\libproj.dir\release\bonne.obj
d:\cybermed\daddy\dependency\sdk-vtk-9.4.2\build_msvc\thirdparty\libproj\vtklibproj\src\libproj.dir\release\bipc.obj
d:\cybermed\daddy\dependency\sdk-vtk-9.4.2\build_msvc\thirdparty\libproj\vtklibproj\src\libproj.dir\release\aea.obj
d:\cybermed\daddy\dependency\sdk-vtk-9.4.2\build_msvc\thirdparty\libproj\vtklibproj\src\libproj.dir\release\sterea.obj
d:\cybermed\daddy\dependency\sdk-vtk-9.4.2\build_msvc\thirdparty\libproj\vtklibproj\src\libproj.dir\release\stere.obj
d:\cybermed\daddy\dependency\sdk-vtk-9.4.2\build_msvc\thirdparty\libproj\vtklibproj\src\libproj.dir\release\ortho.obj
d:\cybermed\daddy\dependency\sdk-vtk-9.4.2\build_msvc\thirdparty\libproj\vtklibproj\src\libproj.dir\release\nzmg.obj
d:\cybermed\daddy\dependency\sdk-vtk-9.4.2\build_msvc\thirdparty\libproj\vtklibproj\src\libproj.dir\release\bertin1953.obj
d:\cybermed\daddy\dependency\sdk-vtk-9.4.2\build_msvc\thirdparty\libproj\vtklibproj\src\libproj.dir\release\bacon.obj
d:\cybermed\daddy\dependency\sdk-vtk-9.4.2\build_msvc\thirdparty\libproj\vtklibproj\src\libproj.dir\release\august.obj
d:\cybermed\daddy\dependency\sdk-vtk-9.4.2\build_msvc\thirdparty\libproj\vtklibproj\src\libproj.dir\release\aitoff.obj
d:\cybermed\daddy\dependency\sdk-vtk-9.4.2\build_msvc\thirdparty\libproj\vtklibproj\src\libproj.dir\release\airy.obj
d:\cybermed\daddy\dependency\sdk-vtk-9.4.2\build_msvc\thirdparty\libproj\vtklibproj\src\libproj.dir\release\tobmerc.obj
d:\cybermed\daddy\dependency\sdk-vtk-9.4.2\build_msvc\thirdparty\libproj\vtklibproj\src\libproj.dir\release\tmerc.obj
d:\cybermed\daddy\dependency\sdk-vtk-9.4.2\build_msvc\thirdparty\libproj\vtklibproj\src\libproj.dir\release\times.obj
d:\cybermed\daddy\dependency\sdk-vtk-9.4.2\build_msvc\thirdparty\libproj\vtklibproj\src\libproj.dir\release\tcea.obj
d:\cybermed\daddy\dependency\sdk-vtk-9.4.2\build_msvc\thirdparty\libproj\vtklibproj\src\libproj.dir\release\tcc.obj
d:\cybermed\daddy\dependency\sdk-vtk-9.4.2\build_msvc\thirdparty\libproj\vtklibproj\src\libproj.dir\release\somerc.obj
d:\cybermed\daddy\dependency\sdk-vtk-9.4.2\build_msvc\thirdparty\libproj\vtklibproj\src\libproj.dir\release\omerc.obj
d:\cybermed\daddy\dependency\sdk-vtk-9.4.2\build_msvc\thirdparty\libproj\vtklibproj\src\libproj.dir\release\ocea.obj
d:\cybermed\daddy\dependency\sdk-vtk-9.4.2\build_msvc\thirdparty\libproj\vtklibproj\src\libproj.dir\release\mill.obj
d:\cybermed\daddy\dependency\sdk-vtk-9.4.2\build_msvc\thirdparty\libproj\vtklibproj\src\libproj.dir\release\merc.obj
d:\cybermed\daddy\dependency\sdk-vtk-9.4.2\build_msvc\thirdparty\libproj\vtklibproj\src\libproj.dir\release\misrsom.obj
d:\cybermed\daddy\dependency\sdk-vtk-9.4.2\build_msvc\thirdparty\libproj\vtklibproj\src\libproj.dir\release\lsat.obj
d:\cybermed\daddy\dependency\sdk-vtk-9.4.2\build_msvc\thirdparty\libproj\vtklibproj\src\libproj.dir\release\labrd.obj
d:\cybermed\daddy\dependency\sdk-vtk-9.4.2\build_msvc\thirdparty\libproj\vtklibproj\src\libproj.dir\release\gall.obj
d:\cybermed\daddy\dependency\sdk-vtk-9.4.2\build_msvc\thirdparty\libproj\vtklibproj\src\libproj.dir\release\eqc.obj
d:\cybermed\daddy\dependency\sdk-vtk-9.4.2\build_msvc\thirdparty\libproj\vtklibproj\src\libproj.dir\release\crast.obj
d:\cybermed\daddy\dependency\sdk-vtk-9.4.2\build_msvc\thirdparty\libproj\vtklibproj\src\libproj.dir\release\comill.obj
d:\cybermed\daddy\dependency\sdk-vtk-9.4.2\build_msvc\thirdparty\libproj\vtklibproj\src\libproj.dir\release\collg.obj
d:\cybermed\daddy\dependency\sdk-vtk-9.4.2\build_msvc\thirdparty\libproj\vtklibproj\src\libproj.dir\release\boggs.obj
d:\cybermed\daddy\dependency\sdk-vtk-9.4.2\build_msvc\thirdparty\libproj\vtklibproj\src\libproj.dir\release\geos.obj
d:\cybermed\daddy\dependency\sdk-vtk-9.4.2\build_msvc\thirdparty\libproj\vtklibproj\src\libproj.dir\release\lcca.obj
d:\cybermed\daddy\dependency\sdk-vtk-9.4.2\build_msvc\thirdparty\libproj\vtklibproj\src\libproj.dir\release\wag7.obj
d:\cybermed\daddy\dependency\sdk-vtk-9.4.2\build_msvc\thirdparty\libproj\vtklibproj\src\libproj.dir\release\vandg4.obj
d:\cybermed\daddy\dependency\sdk-vtk-9.4.2\build_msvc\thirdparty\libproj\vtklibproj\src\libproj.dir\release\vandg2.obj
d:\cybermed\daddy\dependency\sdk-vtk-9.4.2\build_msvc\thirdparty\libproj\vtklibproj\src\libproj.dir\release\vandg.obj
d:\cybermed\daddy\dependency\sdk-vtk-9.4.2\build_msvc\thirdparty\libproj\vtklibproj\src\libproj.dir\release\tpeqd.obj
d:\cybermed\daddy\dependency\sdk-vtk-9.4.2\build_msvc\thirdparty\libproj\vtklibproj\src\libproj.dir\release\oea.obj
d:\cybermed\daddy\dependency\sdk-vtk-9.4.2\build_msvc\thirdparty\libproj\vtklibproj\src\libproj.dir\release\ob_tran.obj
d:\cybermed\daddy\dependency\sdk-vtk-9.4.2\build_msvc\thirdparty\libproj\vtklibproj\src\libproj.dir\release\nicol.obj
d:\cybermed\daddy\dependency\sdk-vtk-9.4.2\build_msvc\thirdparty\libproj\vtklibproj\src\libproj.dir\release\latlong.obj
d:\cybermed\daddy\dependency\sdk-vtk-9.4.2\build_msvc\thirdparty\libproj\vtklibproj\src\libproj.dir\release\lask.obj
d:\cybermed\daddy\dependency\sdk-vtk-9.4.2\build_msvc\thirdparty\libproj\vtklibproj\src\libproj.dir\release\larr.obj
d:\cybermed\daddy\dependency\sdk-vtk-9.4.2\build_msvc\thirdparty\libproj\vtklibproj\src\libproj.dir\release\lagrng.obj
d:\cybermed\daddy\dependency\sdk-vtk-9.4.2\build_msvc\thirdparty\libproj\vtklibproj\src\libproj.dir\release\hammer.obj
d:\cybermed\daddy\dependency\sdk-vtk-9.4.2\build_msvc\thirdparty\libproj\vtklibproj\src\libproj.dir\release\chamb.obj
d:\cybermed\daddy\dependency\sdk-vtk-9.4.2\build_msvc\thirdparty\libproj\vtklibproj\src\libproj.dir\release\moll.obj
d:\cybermed\daddy\dependency\sdk-vtk-9.4.2\build_msvc\thirdparty\libproj\vtklibproj\src\libproj.dir\release\mbtfpq.obj
d:\cybermed\daddy\dependency\sdk-vtk-9.4.2\build_msvc\thirdparty\libproj\vtklibproj\src\libproj.dir\release\mbtfpp.obj
d:\cybermed\daddy\dependency\sdk-vtk-9.4.2\build_msvc\thirdparty\libproj\vtklibproj\src\libproj.dir\release\mbt_fps.obj
d:\cybermed\daddy\dependency\sdk-vtk-9.4.2\build_msvc\thirdparty\libproj\vtklibproj\src\libproj.dir\release\loxim.obj
d:\cybermed\daddy\dependency\sdk-vtk-9.4.2\build_msvc\thirdparty\libproj\vtklibproj\src\libproj.dir\release\hatano.obj
d:\cybermed\daddy\dependency\sdk-vtk-9.4.2\build_msvc\thirdparty\libproj\vtklibproj\src\libproj.dir\release\igh_o.obj
d:\cybermed\daddy\dependency\sdk-vtk-9.4.2\build_msvc\thirdparty\libproj\vtklibproj\src\libproj.dir\release\igh.obj
d:\cybermed\daddy\dependency\sdk-vtk-9.4.2\build_msvc\thirdparty\libproj\vtklibproj\src\libproj.dir\release\goode.obj
d:\cybermed\daddy\dependency\sdk-vtk-9.4.2\build_msvc\thirdparty\libproj\vtklibproj\src\libproj.dir\release\gn_sinu.obj
d:\cybermed\daddy\dependency\sdk-vtk-9.4.2\build_msvc\thirdparty\libproj\vtklibproj\src\libproj.dir\release\gstmerc.obj
d:\cybermed\daddy\dependency\sdk-vtk-9.4.2\build_msvc\thirdparty\libproj\vtklibproj\src\libproj.dir\release\gins8.obj
d:\cybermed\daddy\dependency\sdk-vtk-9.4.2\build_msvc\thirdparty\libproj\vtklibproj\src\libproj.dir\release\fouc_s.obj
d:\cybermed\daddy\dependency\sdk-vtk-9.4.2\build_msvc\thirdparty\libproj\vtklibproj\src\libproj.dir\release\fahey.obj
d:\cybermed\daddy\dependency\sdk-vtk-9.4.2\build_msvc\thirdparty\libproj\vtklibproj\src\libproj.dir\release\eck5.obj
d:\cybermed\daddy\dependency\sdk-vtk-9.4.2\build_msvc\thirdparty\libproj\vtklibproj\src\libproj.dir\release\eck4.obj
d:\cybermed\daddy\dependency\sdk-vtk-9.4.2\build_msvc\thirdparty\libproj\vtklibproj\src\libproj.dir\release\eck3.obj
d:\cybermed\daddy\dependency\sdk-vtk-9.4.2\build_msvc\thirdparty\libproj\vtklibproj\src\libproj.dir\release\eck2.obj
d:\cybermed\daddy\dependency\sdk-vtk-9.4.2\build_msvc\thirdparty\libproj\vtklibproj\src\libproj.dir\release\eck1.obj
d:\cybermed\daddy\dependency\sdk-vtk-9.4.2\build_msvc\thirdparty\libproj\vtklibproj\src\libproj.dir\release\denoy.obj
d:\cybermed\daddy\dependency\sdk-vtk-9.4.2\build_msvc\thirdparty\libproj\vtklibproj\src\libproj.dir\release\natearth.obj
d:\cybermed\daddy\dependency\sdk-vtk-9.4.2\build_msvc\thirdparty\libproj\vtklibproj\src\libproj.dir\release\healpix.obj
d:\cybermed\daddy\dependency\sdk-vtk-9.4.2\build_msvc\thirdparty\libproj\vtklibproj\src\libproj.dir\release\wink2.obj
d:\cybermed\daddy\dependency\sdk-vtk-9.4.2\build_msvc\thirdparty\libproj\vtklibproj\src\libproj.dir\release\wink1.obj
d:\cybermed\daddy\dependency\sdk-vtk-9.4.2\build_msvc\thirdparty\libproj\vtklibproj\src\libproj.dir\release\wag3.obj
d:\cybermed\daddy\dependency\sdk-vtk-9.4.2\build_msvc\thirdparty\libproj\vtklibproj\src\libproj.dir\release\wag2.obj
d:\cybermed\daddy\dependency\sdk-vtk-9.4.2\build_msvc\thirdparty\libproj\vtklibproj\src\libproj.dir\release\urmfps.obj
d:\cybermed\daddy\dependency\sdk-vtk-9.4.2\build_msvc\thirdparty\libproj\vtklibproj\src\libproj.dir\release\urm5.obj
d:\cybermed\daddy\dependency\sdk-vtk-9.4.2\build_msvc\thirdparty\libproj\vtklibproj\src\libproj.dir\release\sts.obj
d:\cybermed\daddy\dependency\sdk-vtk-9.4.2\build_msvc\thirdparty\libproj\vtklibproj\src\libproj.dir\release\sch.obj
d:\cybermed\daddy\dependency\sdk-vtk-9.4.2\build_msvc\thirdparty\libproj\vtklibproj\src\libproj.dir\release\robin.obj
d:\cybermed\daddy\dependency\sdk-vtk-9.4.2\build_msvc\thirdparty\libproj\vtklibproj\src\libproj.dir\release\qsc.obj
d:\cybermed\daddy\dependency\sdk-vtk-9.4.2\build_msvc\thirdparty\libproj\vtklibproj\src\libproj.dir\release\putp6.obj
d:\cybermed\daddy\dependency\sdk-vtk-9.4.2\build_msvc\thirdparty\libproj\vtklibproj\src\libproj.dir\release\putp5.obj
d:\cybermed\daddy\dependency\sdk-vtk-9.4.2\build_msvc\thirdparty\libproj\vtklibproj\src\libproj.dir\release\putp4p.obj
d:\cybermed\daddy\dependency\sdk-vtk-9.4.2\build_msvc\thirdparty\libproj\vtklibproj\src\libproj.dir\release\putp3.obj
d:\cybermed\daddy\dependency\sdk-vtk-9.4.2\build_msvc\thirdparty\libproj\vtklibproj\src\libproj.dir\release\putp2.obj
d:\cybermed\daddy\dependency\sdk-vtk-9.4.2\build_msvc\thirdparty\libproj\vtklibproj\src\libproj.dir\release\patterson.obj
d:\cybermed\daddy\dependency\sdk-vtk-9.4.2\build_msvc\thirdparty\libproj\vtklibproj\src\libproj.dir\release\nell_h.obj
d:\cybermed\daddy\dependency\sdk-vtk-9.4.2\build_msvc\thirdparty\libproj\vtklibproj\src\libproj.dir\release\nell.obj
d:\cybermed\daddy\dependency\sdk-vtk-9.4.2\build_msvc\thirdparty\libproj\vtklibproj\src\libproj.dir\release\datum.obj
d:\cybermed\daddy\dependency\sdk-vtk-9.4.2\build_msvc\thirdparty\libproj\vtklibproj\src\libproj.dir\release\crs.obj
d:\cybermed\daddy\dependency\sdk-vtk-9.4.2\build_msvc\thirdparty\libproj\vtklibproj\src\libproj.dir\release\common.obj
d:\cybermed\daddy\dependency\sdk-vtk-9.4.2\build_msvc\thirdparty\libproj\vtklibproj\src\libproj.dir\release\metadata.obj
d:\cybermed\daddy\dependency\sdk-vtk-9.4.2\build_msvc\thirdparty\libproj\vtklibproj\src\libproj.dir\release\util.obj
d:\cybermed\daddy\dependency\sdk-vtk-9.4.2\build_msvc\thirdparty\libproj\vtklibproj\src\libproj.dir\release\static.obj
d:\cybermed\daddy\dependency\sdk-vtk-9.4.2\build_msvc\thirdparty\libproj\vtklibproj\src\libproj.dir\release\tinshift.obj
d:\cybermed\daddy\dependency\sdk-vtk-9.4.2\build_msvc\thirdparty\libproj\vtklibproj\src\libproj.dir\release\defmodel.obj
d:\cybermed\daddy\dependency\sdk-vtk-9.4.2\build_msvc\thirdparty\libproj\vtklibproj\src\libproj.dir\release\xyzgridshift.obj
d:\cybermed\daddy\dependency\sdk-vtk-9.4.2\build_msvc\thirdparty\libproj\vtklibproj\src\libproj.dir\release\vgridshift.obj
d:\cybermed\daddy\dependency\sdk-vtk-9.4.2\build_msvc\thirdparty\libproj\vtklibproj\src\libproj.dir\release\molodensky.obj
d:\cybermed\daddy\dependency\sdk-vtk-9.4.2\build_msvc\thirdparty\libproj\vtklibproj\src\libproj.dir\release\horner.obj
d:\cybermed\daddy\dependency\sdk-vtk-9.4.2\build_msvc\thirdparty\libproj\vtklibproj\src\libproj.dir\release\hgridshift.obj
d:\cybermed\daddy\dependency\sdk-vtk-9.4.2\build_msvc\thirdparty\libproj\vtklibproj\src\libproj.dir\release\helmert.obj
d:\cybermed\daddy\dependency\sdk-vtk-9.4.2\build_msvc\thirdparty\libproj\vtklibproj\src\libproj.dir\release\deformation.obj
d:\cybermed\daddy\dependency\sdk-vtk-9.4.2\build_msvc\thirdparty\libproj\vtklibproj\src\libproj.dir\release\affine.obj
d:\cybermed\daddy\dependency\sdk-vtk-9.4.2\build_msvc\thirdparty\libproj\vtklibproj\src\libproj.dir\release\col_urban.obj
d:\cybermed\daddy\dependency\sdk-vtk-9.4.2\build_msvc\thirdparty\libproj\vtklibproj\src\libproj.dir\release\eqearth.obj
d:\cybermed\daddy\dependency\sdk-vtk-9.4.2\build_msvc\thirdparty\libproj\vtklibproj\src\libproj.dir\release\calcofi.obj
d:\cybermed\daddy\dependency\sdk-vtk-9.4.2\build_msvc\thirdparty\libproj\vtklibproj\src\libproj.dir\release\natearth2.obj
d:\cybermed\daddy\dependency\sdk-vtk-9.4.2\build_msvc\thirdparty\libproj\vtklibproj\src\libproj.dir\release\vectorofvaluesparams.obj
d:\cybermed\daddy\dependency\sdk-vtk-9.4.2\build_msvc\thirdparty\libproj\vtklibproj\src\libproj.dir\release\transformation.obj
d:\cybermed\daddy\dependency\sdk-vtk-9.4.2\build_msvc\thirdparty\libproj\vtklibproj\src\libproj.dir\release\singleoperation.obj
d:\cybermed\daddy\dependency\sdk-vtk-9.4.2\build_msvc\thirdparty\libproj\vtklibproj\src\libproj.dir\release\projbasedoperation.obj
d:\cybermed\daddy\dependency\sdk-vtk-9.4.2\build_msvc\thirdparty\libproj\vtklibproj\src\libproj.dir\release\parammappings.obj
d:\cybermed\daddy\dependency\sdk-vtk-9.4.2\build_msvc\thirdparty\libproj\vtklibproj\src\libproj.dir\release\oputils.obj
d:\cybermed\daddy\dependency\sdk-vtk-9.4.2\build_msvc\thirdparty\libproj\vtklibproj\src\libproj.dir\release\esriparammappings.obj
d:\cybermed\daddy\dependency\sdk-vtk-9.4.2\build_msvc\thirdparty\libproj\vtklibproj\src\libproj.dir\release\conversion.obj
d:\cybermed\daddy\dependency\sdk-vtk-9.4.2\build_msvc\thirdparty\libproj\vtklibproj\src\libproj.dir\release\coordinateoperationfactory.obj
d:\cybermed\daddy\dependency\sdk-vtk-9.4.2\build_msvc\thirdparty\libproj\vtklibproj\src\libproj.dir\release\concatenatedoperation.obj
d:\cybermed\daddy\dependency\sdk-vtk-9.4.2\build_msvc\thirdparty\libproj\vtklibproj\src\libproj.dir\release\c_api.obj
d:\cybermed\daddy\dependency\sdk-vtk-9.4.2\build_msvc\thirdparty\libproj\vtklibproj\src\libproj.dir\release\factory.obj
d:\cybermed\daddy\dependency\sdk-vtk-9.4.2\build_msvc\thirdparty\libproj\vtklibproj\src\libproj.dir\release\io.obj
d:\cybermed\daddy\dependency\sdk-vtk-9.4.2\build_msvc\thirdparty\libproj\vtklibproj\src\libproj.dir\release\coordinatesystem.obj
d:\cybermed\daddy\dependency\sdk-vtk-9.4.2\build_msvc\thirdparty\libproj\vtklibproj\src\libproj.dir\release\wkt2_generated_parser.obj
d:\cybermed\daddy\dependency\sdk-vtk-9.4.2\build_msvc\thirdparty\libproj\vtklibproj\src\libproj.dir\release\wkt1_generated_parser.obj
d:\cybermed\daddy\dependency\sdk-vtk-9.4.2\build_msvc\thirdparty\libproj\vtklibproj\src\libproj.dir\release\geodesic.obj
d:\cybermed\daddy\dependency\sdk-vtk-9.4.2\build_msvc\thirdparty\libproj\vtklibproj\src\libproj.dir\release\internal.cpp.obj
d:\cybermed\daddy\dependency\sdk-vtk-9.4.2\build_msvc\thirdparty\libproj\vtklibproj\src\libproj.dir\release\iso19111\internal.cpp.obj
d:\cybermed\daddy\dependency\sdk-vtk-9.4.2\build_msvc\thirdparty\libproj\vtklibproj\src\cmakefiles\generate.stamp
d:\cybermed\daddy\dependency\sdk-vtk-9.4.2\build_msvc\bin\release\vtklibproj-9.4.dll
d:\cybermed\daddy\dependency\sdk-vtk-9.4.2\build_msvc\lib\release\vtklibproj-9.4.lib
d:\cybermed\daddy\dependency\sdk-vtk-9.4.2\build_msvc\lib\release\vtklibproj-9.4.exp
d:\cybermed\daddy\dependency\sdk-vtk-9.4.2\build_msvc\thirdparty\libproj\vtklibproj\src\libproj.dir\release\libproj.tlog\cl.command.1.tlog
d:\cybermed\daddy\dependency\sdk-vtk-9.4.2\build_msvc\thirdparty\libproj\vtklibproj\src\libproj.dir\release\libproj.tlog\cl.items.tlog
d:\cybermed\daddy\dependency\sdk-vtk-9.4.2\build_msvc\thirdparty\libproj\vtklibproj\src\libproj.dir\release\libproj.tlog\cl.read.1.tlog
d:\cybermed\daddy\dependency\sdk-vtk-9.4.2\build_msvc\thirdparty\libproj\vtklibproj\src\libproj.dir\release\libproj.tlog\cl.write.1.tlog
d:\cybermed\daddy\dependency\sdk-vtk-9.4.2\build_msvc\thirdparty\libproj\vtklibproj\src\libproj.dir\release\libproj.tlog\custombuild.command.1.tlog
d:\cybermed\daddy\dependency\sdk-vtk-9.4.2\build_msvc\thirdparty\libproj\vtklibproj\src\libproj.dir\release\libproj.tlog\custombuild.read.1.tlog
d:\cybermed\daddy\dependency\sdk-vtk-9.4.2\build_msvc\thirdparty\libproj\vtklibproj\src\libproj.dir\release\libproj.tlog\custombuild.write.1.tlog
d:\cybermed\daddy\dependency\sdk-vtk-9.4.2\build_msvc\thirdparty\libproj\vtklibproj\src\libproj.dir\release\libproj.tlog\link.command.1.tlog
d:\cybermed\daddy\dependency\sdk-vtk-9.4.2\build_msvc\thirdparty\libproj\vtklibproj\src\libproj.dir\release\libproj.tlog\link.read.1.tlog
d:\cybermed\daddy\dependency\sdk-vtk-9.4.2\build_msvc\thirdparty\libproj\vtklibproj\src\libproj.dir\release\libproj.tlog\link.secondary.1.tlog
d:\cybermed\daddy\dependency\sdk-vtk-9.4.2\build_msvc\thirdparty\libproj\vtklibproj\src\libproj.dir\release\libproj.tlog\link.write.1.tlog
