d:\cybermed\daddy\dependency\sdk-vtk-9.4.2\build_msvc\common\executionmodel\commonexecutionmodel.dir\release\vtkexplicitstructuredgridalgorithm.obj
d:\cybermed\daddy\dependency\sdk-vtk-9.4.2\build_msvc\common\executionmodel\commonexecutionmodel.dir\release\vtkexecutive.obj
d:\cybermed\daddy\dependency\sdk-vtk-9.4.2\build_msvc\common\executionmodel\commonexecutionmodel.dir\release\vtkexecutionrange.obj
d:\cybermed\daddy\dependency\sdk-vtk-9.4.2\build_msvc\common\executionmodel\commonexecutionmodel.dir\release\vtkexecutionaggregator.obj
d:\cybermed\daddy\dependency\sdk-vtk-9.4.2\build_msvc\common\executionmodel\commonexecutionmodel.dir\release\vtkensemblesource.obj
d:\cybermed\daddy\dependency\sdk-vtk-9.4.2\build_msvc\common\executionmodel\commonexecutionmodel.dir\release\vtkendfor.obj
d:\cybermed\daddy\dependency\sdk-vtk-9.4.2\build_msvc\common\executionmodel\commonexecutionmodel.dir\release\vtkdirectedgraphalgorithm.obj
d:\cybermed\daddy\dependency\sdk-vtk-9.4.2\build_msvc\common\executionmodel\commonexecutionmodel.dir\release\vtkdemanddrivenpipeline.obj
d:\cybermed\daddy\dependency\sdk-vtk-9.4.2\build_msvc\common\executionmodel\commonexecutionmodel.dir\release\vtkdatasetalgorithm.obj
d:\cybermed\daddy\dependency\sdk-vtk-9.4.2\build_msvc\common\executionmodel\commonexecutionmodel.dir\release\vtkdataobjectalgorithm.obj
d:\cybermed\daddy\dependency\sdk-vtk-9.4.2\build_msvc\common\executionmodel\commonexecutionmodel.dir\release\vtkcompositedatasetalgorithm.obj
d:\cybermed\daddy\dependency\sdk-vtk-9.4.2\build_msvc\common\executionmodel\commonexecutionmodel.dir\release\vtkcompositedatapipeline.obj
d:\cybermed\daddy\dependency\sdk-vtk-9.4.2\build_msvc\common\executionmodel\commonexecutionmodel.dir\release\vtkcellgridalgorithm.obj
d:\cybermed\daddy\dependency\sdk-vtk-9.4.2\build_msvc\common\executionmodel\commonexecutionmodel.dir\release\vtkcasttoconcrete.obj
d:\cybermed\daddy\dependency\sdk-vtk-9.4.2\build_msvc\common\executionmodel\commonexecutionmodel.dir\release\vtkcachedstreamingdemanddrivenpipeline.obj
d:\cybermed\daddy\dependency\sdk-vtk-9.4.2\build_msvc\common\executionmodel\commonexecutionmodel.dir\release\vtkarraydataalgorithm.obj
d:\cybermed\daddy\dependency\sdk-vtk-9.4.2\build_msvc\common\executionmodel\commonexecutionmodel.dir\release\vtkannotationlayersalgorithm.obj
d:\cybermed\daddy\dependency\sdk-vtk-9.4.2\build_msvc\common\executionmodel\commonexecutionmodel.dir\release\vtkalgorithmoutput.obj
d:\cybermed\daddy\dependency\sdk-vtk-9.4.2\build_msvc\common\executionmodel\commonexecutionmodel.dir\release\vtkalgorithm.obj
d:\cybermed\daddy\dependency\sdk-vtk-9.4.2\build_msvc\common\executionmodel\commonexecutionmodel.dir\release\vtkaggregatetopartitioneddatasetcollection.obj
d:\cybermed\daddy\dependency\sdk-vtk-9.4.2\build_msvc\common\executionmodel\commonexecutionmodel.dir\release\vtkmultitimestepalgorithm.obj
d:\cybermed\daddy\dependency\sdk-vtk-9.4.2\build_msvc\common\executionmodel\commonexecutionmodel.dir\release\vtkmultiblockdatasetalgorithm.obj
d:\cybermed\daddy\dependency\sdk-vtk-9.4.2\build_msvc\common\executionmodel\commonexecutionmodel.dir\release\vtkmoleculealgorithm.obj
d:\cybermed\daddy\dependency\sdk-vtk-9.4.2\build_msvc\common\executionmodel\commonexecutionmodel.dir\release\vtkinformationintegerrequestkey.obj
d:\cybermed\daddy\dependency\sdk-vtk-9.4.2\build_msvc\common\executionmodel\commonexecutionmodel.dir\release\vtkinformationexecutiveportvectorkey.obj
d:\cybermed\daddy\dependency\sdk-vtk-9.4.2\build_msvc\common\executionmodel\commonexecutionmodel.dir\release\vtkinformationexecutiveportkey.obj
d:\cybermed\daddy\dependency\sdk-vtk-9.4.2\build_msvc\common\executionmodel\commonexecutionmodel.dir\release\vtkinformationdataobjectmetadatakey.obj
d:\cybermed\daddy\dependency\sdk-vtk-9.4.2\build_msvc\common\executionmodel\commonexecutionmodel.dir\release\vtkimagetostructuredpoints.obj
d:\cybermed\daddy\dependency\sdk-vtk-9.4.2\build_msvc\common\executionmodel\commonexecutionmodel.dir\release\vtkimagetostructuredgrid.obj
d:\cybermed\daddy\dependency\sdk-vtk-9.4.2\build_msvc\common\executionmodel\commonexecutionmodel.dir\release\vtkimageprogressiterator.obj
d:\cybermed\daddy\dependency\sdk-vtk-9.4.2\build_msvc\common\executionmodel\commonexecutionmodel.dir\release\vtkimageinplacefilter.obj
d:\cybermed\daddy\dependency\sdk-vtk-9.4.2\build_msvc\common\executionmodel\commonexecutionmodel.dir\release\vtkimagealgorithm.obj
d:\cybermed\daddy\dependency\sdk-vtk-9.4.2\build_msvc\common\executionmodel\commonexecutionmodel.dir\release\vtkhypertreegridalgorithm.obj
d:\cybermed\daddy\dependency\sdk-vtk-9.4.2\build_msvc\common\executionmodel\commonexecutionmodel.dir\release\vtkhierarchicalboxdatasetalgorithm.obj
d:\cybermed\daddy\dependency\sdk-vtk-9.4.2\build_msvc\common\executionmodel\commonexecutionmodel.dir\release\vtkgraphalgorithm.obj
d:\cybermed\daddy\dependency\sdk-vtk-9.4.2\build_msvc\common\executionmodel\commonexecutionmodel.dir\release\vtkforeach.obj
d:\cybermed\daddy\dependency\sdk-vtk-9.4.2\build_msvc\common\executionmodel\commonexecutionmodel.dir\release\vtkfilteringinformationkeymanager.obj
d:\cybermed\daddy\dependency\sdk-vtk-9.4.2\build_msvc\common\executionmodel\commonexecutionmodel.dir\release\vtkextenttranslator.obj
d:\cybermed\daddy\dependency\sdk-vtk-9.4.2\build_msvc\common\executionmodel\commonexecutionmodel.dir\release\vtkextentsplitter.obj
d:\cybermed\daddy\dependency\sdk-vtk-9.4.2\build_msvc\common\executionmodel\commonexecutionmodel.dir\release\vtkextentrcbpartitioner.obj
d:\cybermed\daddy\dependency\sdk-vtk-9.4.2\build_msvc\common\executionmodel\commonexecutionmodel.dir\release\vtkstreamingdemanddrivenpipeline.obj
d:\cybermed\daddy\dependency\sdk-vtk-9.4.2\build_msvc\common\executionmodel\commonexecutionmodel.dir\release\vtkspheretree.obj
d:\cybermed\daddy\dependency\sdk-vtk-9.4.2\build_msvc\common\executionmodel\commonexecutionmodel.dir\release\vtkspanspace.obj
d:\cybermed\daddy\dependency\sdk-vtk-9.4.2\build_msvc\common\executionmodel\commonexecutionmodel.dir\release\vtksimplescalartree.obj
d:\cybermed\daddy\dependency\sdk-vtk-9.4.2\build_msvc\common\executionmodel\commonexecutionmodel.dir\release\vtksimplereader.obj
d:\cybermed\daddy\dependency\sdk-vtk-9.4.2\build_msvc\common\executionmodel\commonexecutionmodel.dir\release\vtksimpleimagetoimagefilter.obj
d:\cybermed\daddy\dependency\sdk-vtk-9.4.2\build_msvc\common\executionmodel\commonexecutionmodel.dir\release\vtkselectionalgorithm.obj
d:\cybermed\daddy\dependency\sdk-vtk-9.4.2\build_msvc\common\executionmodel\commonexecutionmodel.dir\release\vtkscalartree.obj
d:\cybermed\daddy\dependency\sdk-vtk-9.4.2\build_msvc\common\executionmodel\commonexecutionmodel.dir\release\vtksmpprogressobserver.obj
d:\cybermed\daddy\dependency\sdk-vtk-9.4.2\build_msvc\common\executionmodel\commonexecutionmodel.dir\release\vtkrectilineargridalgorithm.obj
d:\cybermed\daddy\dependency\sdk-vtk-9.4.2\build_msvc\common\executionmodel\commonexecutionmodel.dir\release\vtkreaderalgorithm.obj
d:\cybermed\daddy\dependency\sdk-vtk-9.4.2\build_msvc\common\executionmodel\commonexecutionmodel.dir\release\vtkprogressobserver.obj
d:\cybermed\daddy\dependency\sdk-vtk-9.4.2\build_msvc\common\executionmodel\commonexecutionmodel.dir\release\vtkpolydataalgorithm.obj
d:\cybermed\daddy\dependency\sdk-vtk-9.4.2\build_msvc\common\executionmodel\commonexecutionmodel.dir\release\vtkpointsetalgorithm.obj
d:\cybermed\daddy\dependency\sdk-vtk-9.4.2\build_msvc\common\executionmodel\commonexecutionmodel.dir\release\vtkpiecewisefunctionshiftscale.obj
d:\cybermed\daddy\dependency\sdk-vtk-9.4.2\build_msvc\common\executionmodel\commonexecutionmodel.dir\release\vtkpiecewisefunctionalgorithm.obj
d:\cybermed\daddy\dependency\sdk-vtk-9.4.2\build_msvc\common\executionmodel\commonexecutionmodel.dir\release\vtkpassinputtypealgorithm.obj
d:\cybermed\daddy\dependency\sdk-vtk-9.4.2\build_msvc\common\executionmodel\commonexecutionmodel.dir\release\vtkpartitioneddatasetcollectionalgorithm.obj
d:\cybermed\daddy\dependency\sdk-vtk-9.4.2\build_msvc\common\executionmodel\commonexecutionmodel.dir\release\vtkpartitioneddatasetalgorithm.obj
d:\cybermed\daddy\dependency\sdk-vtk-9.4.2\build_msvc\common\executionmodel\commonexecutionmodel.dir\release\vtkparallelreader.obj
d:\cybermed\daddy\dependency\sdk-vtk-9.4.2\build_msvc\common\executionmodel\commonexecutionmodel.dir\release\vtkuniformgridamralgorithm.obj
d:\cybermed\daddy\dependency\sdk-vtk-9.4.2\build_msvc\common\executionmodel\commonexecutionmodel.dir\release\vtkoverlappingamralgorithm.obj
d:\cybermed\daddy\dependency\sdk-vtk-9.4.2\build_msvc\common\executionmodel\commonexecutionmodel.dir\release\vtknonoverlappingamralgorithm.obj
d:\cybermed\daddy\dependency\sdk-vtk-9.4.2\build_msvc\common\executionmodel\commonexecutionmodel.dir\release\vtkunstructuredgridbasealgorithm.obj
d:\cybermed\daddy\dependency\sdk-vtk-9.4.2\build_msvc\common\executionmodel\commonexecutionmodel.dir\release\vtkunstructuredgridalgorithm.obj
d:\cybermed\daddy\dependency\sdk-vtk-9.4.2\build_msvc\common\executionmodel\commonexecutionmodel.dir\release\vtkuniformgridpartitioner.obj
d:\cybermed\daddy\dependency\sdk-vtk-9.4.2\build_msvc\common\executionmodel\commonexecutionmodel.dir\release\vtkundirectedgraphalgorithm.obj
d:\cybermed\daddy\dependency\sdk-vtk-9.4.2\build_msvc\common\executionmodel\commonexecutionmodel.dir\release\vtktrivialproducer.obj
d:\cybermed\daddy\dependency\sdk-vtk-9.4.2\build_msvc\common\executionmodel\commonexecutionmodel.dir\release\vtktrivialconsumer.obj
d:\cybermed\daddy\dependency\sdk-vtk-9.4.2\build_msvc\common\executionmodel\commonexecutionmodel.dir\release\vtktreealgorithm.obj
d:\cybermed\daddy\dependency\sdk-vtk-9.4.2\build_msvc\common\executionmodel\commonexecutionmodel.dir\release\vtktimerange.obj
d:\cybermed\daddy\dependency\sdk-vtk-9.4.2\build_msvc\common\executionmodel\commonexecutionmodel.dir\release\vtkthreadedimagealgorithm.obj
d:\cybermed\daddy\dependency\sdk-vtk-9.4.2\build_msvc\common\executionmodel\commonexecutionmodel.dir\release\vtkthreadedcompositedatapipeline.obj
d:\cybermed\daddy\dependency\sdk-vtk-9.4.2\build_msvc\common\executionmodel\commonexecutionmodel.dir\release\vtktablealgorithm.obj
d:\cybermed\daddy\dependency\sdk-vtk-9.4.2\build_msvc\common\executionmodel\commonexecutionmodel.dir\release\vtkstructuredgridalgorithm.obj
d:\cybermed\daddy\dependency\sdk-vtk-9.4.2\build_msvc\common\executionmodel\cmakefiles\generate.stamp
d:\cybermed\daddy\dependency\sdk-vtk-9.4.2\build_msvc\bin\release\vtkcommonexecutionmodel-9.4.dll
d:\cybermed\daddy\dependency\sdk-vtk-9.4.2\build_msvc\lib\release\vtkcommonexecutionmodel-9.4.lib
d:\cybermed\daddy\dependency\sdk-vtk-9.4.2\build_msvc\lib\release\vtkcommonexecutionmodel-9.4.exp
d:\cybermed\daddy\dependency\sdk-vtk-9.4.2\build_msvc\common\executionmodel\commonexecutionmodel.dir\release\commonex.c42165e1.tlog\cl.command.1.tlog
d:\cybermed\daddy\dependency\sdk-vtk-9.4.2\build_msvc\common\executionmodel\commonexecutionmodel.dir\release\commonex.c42165e1.tlog\cl.items.tlog
d:\cybermed\daddy\dependency\sdk-vtk-9.4.2\build_msvc\common\executionmodel\commonexecutionmodel.dir\release\commonex.c42165e1.tlog\cl.read.1.tlog
d:\cybermed\daddy\dependency\sdk-vtk-9.4.2\build_msvc\common\executionmodel\commonexecutionmodel.dir\release\commonex.c42165e1.tlog\cl.write.1.tlog
d:\cybermed\daddy\dependency\sdk-vtk-9.4.2\build_msvc\common\executionmodel\commonexecutionmodel.dir\release\commonex.c42165e1.tlog\custombuild.command.1.tlog
d:\cybermed\daddy\dependency\sdk-vtk-9.4.2\build_msvc\common\executionmodel\commonexecutionmodel.dir\release\commonex.c42165e1.tlog\custombuild.read.1.tlog
d:\cybermed\daddy\dependency\sdk-vtk-9.4.2\build_msvc\common\executionmodel\commonexecutionmodel.dir\release\commonex.c42165e1.tlog\custombuild.write.1.tlog
d:\cybermed\daddy\dependency\sdk-vtk-9.4.2\build_msvc\common\executionmodel\commonexecutionmodel.dir\release\commonex.c42165e1.tlog\link.command.1.tlog
d:\cybermed\daddy\dependency\sdk-vtk-9.4.2\build_msvc\common\executionmodel\commonexecutionmodel.dir\release\commonex.c42165e1.tlog\link.read.1.tlog
d:\cybermed\daddy\dependency\sdk-vtk-9.4.2\build_msvc\common\executionmodel\commonexecutionmodel.dir\release\commonex.c42165e1.tlog\link.secondary.1.tlog
d:\cybermed\daddy\dependency\sdk-vtk-9.4.2\build_msvc\common\executionmodel\commonexecutionmodel.dir\release\commonex.c42165e1.tlog\link.write.1.tlog
