d:\cybermed\daddy\dependency\sdk-vtk-9.4.2\build_msvc\thirdparty\cgns\vtkcgns\src\cgns.dir\release\adfh.obj
d:\cybermed\daddy\dependency\sdk-vtk-9.4.2\build_msvc\thirdparty\cgns\vtkcgns\src\cgns.dir\release\adf_internals.obj
d:\cybermed\daddy\dependency\sdk-vtk-9.4.2\build_msvc\thirdparty\cgns\vtkcgns\src\cgns.dir\release\adf_interface.obj
d:\cybermed\daddy\dependency\sdk-vtk-9.4.2\build_msvc\thirdparty\cgns\vtkcgns\src\cgns.dir\release\cg_hashmap.obj
d:\cybermed\daddy\dependency\sdk-vtk-9.4.2\build_msvc\thirdparty\cgns\vtkcgns\src\cgns.dir\release\cgnslib.obj
d:\cybermed\daddy\dependency\sdk-vtk-9.4.2\build_msvc\thirdparty\cgns\vtkcgns\src\cgns.dir\release\cgns_io.obj
d:\cybermed\daddy\dependency\sdk-vtk-9.4.2\build_msvc\thirdparty\cgns\vtkcgns\src\cgns.dir\release\cgns_internals.obj
d:\cybermed\daddy\dependency\sdk-vtk-9.4.2\build_msvc\thirdparty\cgns\vtkcgns\src\cgns.dir\release\cgns_error.obj
d:\cybermed\daddy\dependency\sdk-vtk-9.4.2\build_msvc\thirdparty\cgns\vtkcgns\src\cmakefiles\generate.stamp
d:\cybermed\daddy\dependency\sdk-vtk-9.4.2\build_msvc\bin\release\vtkcgns-9.4.dll
d:\cybermed\daddy\dependency\sdk-vtk-9.4.2\build_msvc\lib\release\vtkcgns-9.4.lib
d:\cybermed\daddy\dependency\sdk-vtk-9.4.2\build_msvc\lib\release\vtkcgns-9.4.exp
d:\cybermed\daddy\dependency\sdk-vtk-9.4.2\build_msvc\thirdparty\cgns\vtkcgns\src\cgns.dir\release\cgns.tlog\cl.command.1.tlog
d:\cybermed\daddy\dependency\sdk-vtk-9.4.2\build_msvc\thirdparty\cgns\vtkcgns\src\cgns.dir\release\cgns.tlog\cl.items.tlog
d:\cybermed\daddy\dependency\sdk-vtk-9.4.2\build_msvc\thirdparty\cgns\vtkcgns\src\cgns.dir\release\cgns.tlog\cl.read.1.tlog
d:\cybermed\daddy\dependency\sdk-vtk-9.4.2\build_msvc\thirdparty\cgns\vtkcgns\src\cgns.dir\release\cgns.tlog\cl.write.1.tlog
d:\cybermed\daddy\dependency\sdk-vtk-9.4.2\build_msvc\thirdparty\cgns\vtkcgns\src\cgns.dir\release\cgns.tlog\custombuild.command.1.tlog
d:\cybermed\daddy\dependency\sdk-vtk-9.4.2\build_msvc\thirdparty\cgns\vtkcgns\src\cgns.dir\release\cgns.tlog\custombuild.read.1.tlog
d:\cybermed\daddy\dependency\sdk-vtk-9.4.2\build_msvc\thirdparty\cgns\vtkcgns\src\cgns.dir\release\cgns.tlog\custombuild.write.1.tlog
d:\cybermed\daddy\dependency\sdk-vtk-9.4.2\build_msvc\thirdparty\cgns\vtkcgns\src\cgns.dir\release\cgns.tlog\link.command.1.tlog
d:\cybermed\daddy\dependency\sdk-vtk-9.4.2\build_msvc\thirdparty\cgns\vtkcgns\src\cgns.dir\release\cgns.tlog\link.read.1.tlog
d:\cybermed\daddy\dependency\sdk-vtk-9.4.2\build_msvc\thirdparty\cgns\vtkcgns\src\cgns.dir\release\cgns.tlog\link.secondary.1.tlog
d:\cybermed\daddy\dependency\sdk-vtk-9.4.2\build_msvc\thirdparty\cgns\vtkcgns\src\cgns.dir\release\cgns.tlog\link.write.1.tlog
