d:\cybermed\daddy\dependency\dcmtk-dcmtk-3.6.8\build_msvc\lib\debug\oflog.pdb
d:\cybermed\daddy\dependency\dcmtk-dcmtk-3.6.8\build_msvc\oflog\libsrc\oflog.dir\debug\logevent.obj
d:\cybermed\daddy\dependency\dcmtk-dcmtk-3.6.8\build_msvc\oflog\libsrc\oflog.dir\debug\log4judp.obj
d:\cybermed\daddy\dependency\dcmtk-dcmtk-3.6.8\build_msvc\oflog\libsrc\oflog.dir\debug\lockfile.obj
d:\cybermed\daddy\dependency\dcmtk-dcmtk-3.6.8\build_msvc\oflog\libsrc\oflog.dir\debug\lloguser.obj
d:\cybermed\daddy\dependency\dcmtk-dcmtk-3.6.8\build_msvc\oflog\libsrc\oflog.dir\debug\layout.obj
d:\cybermed\daddy\dependency\dcmtk-dcmtk-3.6.8\build_msvc\oflog\libsrc\oflog.dir\debug\hierlock.obj
d:\cybermed\daddy\dependency\dcmtk-dcmtk-3.6.8\build_msvc\oflog\libsrc\oflog.dir\debug\hierarchy.obj
d:\cybermed\daddy\dependency\dcmtk-dcmtk-3.6.8\build_msvc\oflog\libsrc\oflog.dir\debug\globinit.obj
d:\cybermed\daddy\dependency\dcmtk-dcmtk-3.6.8\build_msvc\oflog\libsrc\oflog.dir\debug\filter.obj
d:\cybermed\daddy\dependency\dcmtk-dcmtk-3.6.8\build_msvc\oflog\libsrc\oflog.dir\debug\fileinfo.obj
d:\cybermed\daddy\dependency\dcmtk-dcmtk-3.6.8\build_msvc\oflog\libsrc\oflog.dir\debug\fileap.obj
d:\cybermed\daddy\dependency\dcmtk-dcmtk-3.6.8\build_msvc\oflog\libsrc\oflog.dir\debug\factory.obj
d:\cybermed\daddy\dependency\dcmtk-dcmtk-3.6.8\build_msvc\oflog\libsrc\oflog.dir\debug\env.obj
d:\cybermed\daddy\dependency\dcmtk-dcmtk-3.6.8\build_msvc\oflog\libsrc\oflog.dir\debug\cygwin32.obj
d:\cybermed\daddy\dependency\dcmtk-dcmtk-3.6.8\build_msvc\oflog\libsrc\oflog.dir\debug\consap.obj
d:\cybermed\daddy\dependency\dcmtk-dcmtk-3.6.8\build_msvc\oflog\libsrc\oflog.dir\debug\config.obj
d:\cybermed\daddy\dependency\dcmtk-dcmtk-3.6.8\build_msvc\oflog\libsrc\oflog.dir\debug\clogger.obj
d:\cybermed\daddy\dependency\dcmtk-dcmtk-3.6.8\build_msvc\oflog\libsrc\oflog.dir\debug\asyncap.obj
d:\cybermed\daddy\dependency\dcmtk-dcmtk-3.6.8\build_msvc\oflog\libsrc\oflog.dir\debug\appender.obj
d:\cybermed\daddy\dependency\dcmtk-dcmtk-3.6.8\build_msvc\oflog\libsrc\oflog.dir\debug\apndimpl.obj
d:\cybermed\daddy\dependency\dcmtk-dcmtk-3.6.8\build_msvc\oflog\libsrc\oflog.dir\debug\socket.obj
d:\cybermed\daddy\dependency\dcmtk-dcmtk-3.6.8\build_msvc\oflog\libsrc\oflog.dir\debug\sockbuff.obj
d:\cybermed\daddy\dependency\dcmtk-dcmtk-3.6.8\build_msvc\oflog\libsrc\oflog.dir\debug\snprintf.obj
d:\cybermed\daddy\dependency\dcmtk-dcmtk-3.6.8\build_msvc\oflog\libsrc\oflog.dir\debug\sleep.obj
d:\cybermed\daddy\dependency\dcmtk-dcmtk-3.6.8\build_msvc\oflog\libsrc\oflog.dir\debug\rootlog.obj
d:\cybermed\daddy\dependency\dcmtk-dcmtk-3.6.8\build_msvc\oflog\libsrc\oflog.dir\debug\queue.obj
d:\cybermed\daddy\dependency\dcmtk-dcmtk-3.6.8\build_msvc\oflog\libsrc\oflog.dir\debug\property.obj
d:\cybermed\daddy\dependency\dcmtk-dcmtk-3.6.8\build_msvc\oflog\libsrc\oflog.dir\debug\pointer.obj
d:\cybermed\daddy\dependency\dcmtk-dcmtk-3.6.8\build_msvc\oflog\libsrc\oflog.dir\debug\patlay.obj
d:\cybermed\daddy\dependency\dcmtk-dcmtk-3.6.8\build_msvc\oflog\libsrc\oflog.dir\debug\oflog.obj
d:\cybermed\daddy\dependency\dcmtk-dcmtk-3.6.8\build_msvc\oflog\libsrc\oflog.dir\debug\objreg.obj
d:\cybermed\daddy\dependency\dcmtk-dcmtk-3.6.8\build_msvc\oflog\libsrc\oflog.dir\debug\nullap.obj
d:\cybermed\daddy\dependency\dcmtk-dcmtk-3.6.8\build_msvc\oflog\libsrc\oflog.dir\debug\ntelogap.obj
d:\cybermed\daddy\dependency\dcmtk-dcmtk-3.6.8\build_msvc\oflog\libsrc\oflog.dir\debug\ndc.obj
d:\cybermed\daddy\dependency\dcmtk-dcmtk-3.6.8\build_msvc\oflog\libsrc\oflog.dir\debug\mdc.obj
d:\cybermed\daddy\dependency\dcmtk-dcmtk-3.6.8\build_msvc\oflog\libsrc\oflog.dir\debug\logmacro.obj
d:\cybermed\daddy\dependency\dcmtk-dcmtk-3.6.8\build_msvc\oflog\libsrc\oflog.dir\debug\loglog.obj
d:\cybermed\daddy\dependency\dcmtk-dcmtk-3.6.8\build_msvc\oflog\libsrc\oflog.dir\debug\loglevel.obj
d:\cybermed\daddy\dependency\dcmtk-dcmtk-3.6.8\build_msvc\oflog\libsrc\oflog.dir\debug\logimpl.obj
d:\cybermed\daddy\dependency\dcmtk-dcmtk-3.6.8\build_msvc\oflog\libsrc\oflog.dir\debug\logger.obj
d:\cybermed\daddy\dependency\dcmtk-dcmtk-3.6.8\build_msvc\oflog\libsrc\oflog.dir\debug\winconap.obj
d:\cybermed\daddy\dependency\dcmtk-dcmtk-3.6.8\build_msvc\oflog\libsrc\oflog.dir\debug\windebap.obj
d:\cybermed\daddy\dependency\dcmtk-dcmtk-3.6.8\build_msvc\oflog\libsrc\oflog.dir\debug\winsock.obj
d:\cybermed\daddy\dependency\dcmtk-dcmtk-3.6.8\build_msvc\oflog\libsrc\oflog.dir\debug\version.obj
d:\cybermed\daddy\dependency\dcmtk-dcmtk-3.6.8\build_msvc\oflog\libsrc\oflog.dir\debug\tls.obj
d:\cybermed\daddy\dependency\dcmtk-dcmtk-3.6.8\build_msvc\oflog\libsrc\oflog.dir\debug\timehelp.obj
d:\cybermed\daddy\dependency\dcmtk-dcmtk-3.6.8\build_msvc\oflog\libsrc\oflog.dir\debug\threads.obj
d:\cybermed\daddy\dependency\dcmtk-dcmtk-3.6.8\build_msvc\oflog\libsrc\oflog.dir\debug\syslogap.obj
d:\cybermed\daddy\dependency\dcmtk-dcmtk-3.6.8\build_msvc\oflog\libsrc\oflog.dir\debug\syncprims.obj
d:\cybermed\daddy\dependency\dcmtk-dcmtk-3.6.8\build_msvc\oflog\libsrc\oflog.dir\debug\striconv.obj
d:\cybermed\daddy\dependency\dcmtk-dcmtk-3.6.8\build_msvc\oflog\libsrc\oflog.dir\debug\strhelp.obj
d:\cybermed\daddy\dependency\dcmtk-dcmtk-3.6.8\build_msvc\oflog\libsrc\oflog.dir\debug\strcloc.obj
d:\cybermed\daddy\dependency\dcmtk-dcmtk-3.6.8\build_msvc\oflog\libsrc\oflog.dir\debug\strccloc.obj
d:\cybermed\daddy\dependency\dcmtk-dcmtk-3.6.8\build_msvc\oflog\libsrc\oflog.dir\debug\socketap.obj
d:\cybermed\daddy\dependency\dcmtk-dcmtk-3.6.8\build_msvc\oflog\libsrc\oflog.dir\debug\vc143.pdb
d:\cybermed\daddy\dependency\dcmtk-dcmtk-3.6.8\build_msvc\oflog\libsrc\cmakefiles\generate.stamp
d:\cybermed\daddy\dependency\dcmtk-dcmtk-3.6.8\build_msvc\lib\debug\oflog.lib
d:\cybermed\daddy\dependency\dcmtk-dcmtk-3.6.8\build_msvc\bin\debug\oflog.dll
d:\cybermed\daddy\dependency\dcmtk-dcmtk-3.6.8\build_msvc\bin\debug\oflog.pdb
d:\cybermed\daddy\dependency\dcmtk-dcmtk-3.6.8\build_msvc\lib\debug\oflog.exp
d:\cybermed\daddy\dependency\dcmtk-dcmtk-3.6.8\build_msvc\oflog\libsrc\oflog.dir\debug\oflog.ilk
d:\cybermed\daddy\dependency\dcmtk-dcmtk-3.6.8\build_msvc\oflog\libsrc\oflog.dir\debug\oflog.tlog\cl.command.1.tlog
d:\cybermed\daddy\dependency\dcmtk-dcmtk-3.6.8\build_msvc\oflog\libsrc\oflog.dir\debug\oflog.tlog\cl.items.tlog
d:\cybermed\daddy\dependency\dcmtk-dcmtk-3.6.8\build_msvc\oflog\libsrc\oflog.dir\debug\oflog.tlog\cl.read.1.tlog
d:\cybermed\daddy\dependency\dcmtk-dcmtk-3.6.8\build_msvc\oflog\libsrc\oflog.dir\debug\oflog.tlog\cl.write.1.tlog
d:\cybermed\daddy\dependency\dcmtk-dcmtk-3.6.8\build_msvc\oflog\libsrc\oflog.dir\debug\oflog.tlog\custombuild.command.1.tlog
d:\cybermed\daddy\dependency\dcmtk-dcmtk-3.6.8\build_msvc\oflog\libsrc\oflog.dir\debug\oflog.tlog\custombuild.read.1.tlog
d:\cybermed\daddy\dependency\dcmtk-dcmtk-3.6.8\build_msvc\oflog\libsrc\oflog.dir\debug\oflog.tlog\custombuild.write.1.tlog
d:\cybermed\daddy\dependency\dcmtk-dcmtk-3.6.8\build_msvc\oflog\libsrc\oflog.dir\debug\oflog.tlog\lib-link.read.1.tlog
d:\cybermed\daddy\dependency\dcmtk-dcmtk-3.6.8\build_msvc\oflog\libsrc\oflog.dir\debug\oflog.tlog\lib-link.write.1.tlog
d:\cybermed\daddy\dependency\dcmtk-dcmtk-3.6.8\build_msvc\oflog\libsrc\oflog.dir\debug\oflog.tlog\lib.command.1.tlog
d:\cybermed\daddy\dependency\dcmtk-dcmtk-3.6.8\build_msvc\oflog\libsrc\oflog.dir\debug\oflog.tlog\link.command.1.tlog
d:\cybermed\daddy\dependency\dcmtk-dcmtk-3.6.8\build_msvc\oflog\libsrc\oflog.dir\debug\oflog.tlog\link.read.1.tlog
d:\cybermed\daddy\dependency\dcmtk-dcmtk-3.6.8\build_msvc\oflog\libsrc\oflog.dir\debug\oflog.tlog\link.secondary.1.tlog
d:\cybermed\daddy\dependency\dcmtk-dcmtk-3.6.8\build_msvc\oflog\libsrc\oflog.dir\debug\oflog.tlog\link.write.1.tlog
