d:\cybermed\daddy\dependency\dcmtk-dcmtk-3.6.8\build_msvc\dcmjpls\libcharls\dcmtkcharls.dir\release\jpegls.obj
d:\cybermed\daddy\dependency\dcmtk-dcmtk-3.6.8\build_msvc\dcmjpls\libcharls\dcmtkcharls.dir\release\intrface.obj
d:\cybermed\daddy\dependency\dcmtk-dcmtk-3.6.8\build_msvc\dcmjpls\libcharls\dcmtkcharls.dir\release\header.obj
d:\cybermed\daddy\dependency\dcmtk-dcmtk-3.6.8\build_msvc\dcmjpls\libcharls\cmakefiles\generate.stamp
d:\cybermed\daddy\dependency\dcmtk-dcmtk-3.6.8\build_msvc\lib\release\dcmtkcharls.lib
d:\cybermed\daddy\dependency\dcmtk-dcmtk-3.6.8\build_msvc\bin\release\dcmtkcharls.dll
d:\cybermed\daddy\dependency\dcmtk-dcmtk-3.6.8\build_msvc\lib\release\dcmtkcharls.exp
d:\cybermed\daddy\dependency\dcmtk-dcmtk-3.6.8\build_msvc\dcmjpls\libcharls\dcmtkcharls.dir\release\dcmtkcharls.tlog\cl.command.1.tlog
d:\cybermed\daddy\dependency\dcmtk-dcmtk-3.6.8\build_msvc\dcmjpls\libcharls\dcmtkcharls.dir\release\dcmtkcharls.tlog\cl.items.tlog
d:\cybermed\daddy\dependency\dcmtk-dcmtk-3.6.8\build_msvc\dcmjpls\libcharls\dcmtkcharls.dir\release\dcmtkcharls.tlog\cl.read.1.tlog
d:\cybermed\daddy\dependency\dcmtk-dcmtk-3.6.8\build_msvc\dcmjpls\libcharls\dcmtkcharls.dir\release\dcmtkcharls.tlog\cl.write.1.tlog
d:\cybermed\daddy\dependency\dcmtk-dcmtk-3.6.8\build_msvc\dcmjpls\libcharls\dcmtkcharls.dir\release\dcmtkcharls.tlog\custombuild.command.1.tlog
d:\cybermed\daddy\dependency\dcmtk-dcmtk-3.6.8\build_msvc\dcmjpls\libcharls\dcmtkcharls.dir\release\dcmtkcharls.tlog\custombuild.read.1.tlog
d:\cybermed\daddy\dependency\dcmtk-dcmtk-3.6.8\build_msvc\dcmjpls\libcharls\dcmtkcharls.dir\release\dcmtkcharls.tlog\custombuild.write.1.tlog
d:\cybermed\daddy\dependency\dcmtk-dcmtk-3.6.8\build_msvc\dcmjpls\libcharls\dcmtkcharls.dir\release\dcmtkcharls.tlog\lib-link.read.1.tlog
d:\cybermed\daddy\dependency\dcmtk-dcmtk-3.6.8\build_msvc\dcmjpls\libcharls\dcmtkcharls.dir\release\dcmtkcharls.tlog\lib-link.write.1.tlog
d:\cybermed\daddy\dependency\dcmtk-dcmtk-3.6.8\build_msvc\dcmjpls\libcharls\dcmtkcharls.dir\release\dcmtkcharls.tlog\lib.command.1.tlog
d:\cybermed\daddy\dependency\dcmtk-dcmtk-3.6.8\build_msvc\dcmjpls\libcharls\dcmtkcharls.dir\release\dcmtkcharls.tlog\link.command.1.tlog
d:\cybermed\daddy\dependency\dcmtk-dcmtk-3.6.8\build_msvc\dcmjpls\libcharls\dcmtkcharls.dir\release\dcmtkcharls.tlog\link.read.1.tlog
d:\cybermed\daddy\dependency\dcmtk-dcmtk-3.6.8\build_msvc\dcmjpls\libcharls\dcmtkcharls.dir\release\dcmtkcharls.tlog\link.secondary.1.tlog
d:\cybermed\daddy\dependency\dcmtk-dcmtk-3.6.8\build_msvc\dcmjpls\libcharls\dcmtkcharls.dir\release\dcmtkcharls.tlog\link.write.1.tlog
