d:\cybermed\daddy\dependency\sdk-vtk-9.4.2\build_msvc\lib\debug\vtkcommoncore-9.4d.pdb
d:\cybermed\daddy\dependency\sdk-vtk-9.4.2\build_msvc\common\core\commoncore.dir\debug\vtkcompositearrayinstantiate_char.obj
d:\cybermed\daddy\dependency\sdk-vtk-9.4.2\build_msvc\common\core\commoncore.dir\debug\vtkaffineimplicitbackendinstantiate_char.obj
d:\cybermed\daddy\dependency\sdk-vtk-9.4.2\build_msvc\common\core\commoncore.dir\debug\vtkaffinearrayinstantiate_char.obj
d:\cybermed\daddy\dependency\sdk-vtk-9.4.2\build_msvc\common\core\commoncore.dir\debug\vtkdataarray_vectorrange.obj
d:\cybermed\daddy\dependency\sdk-vtk-9.4.2\build_msvc\common\core\commoncore.dir\debug\vtkdataarray_settuple_array.obj
d:\cybermed\daddy\dependency\sdk-vtk-9.4.2\build_msvc\common\core\commoncore.dir\debug\vtkdataarray_scalarrange.obj
d:\cybermed\daddy\dependency\sdk-vtk-9.4.2\build_msvc\common\core\commoncore.dir\debug\vtkdataarray_interpolatetuple_weights.obj
d:\cybermed\daddy\dependency\sdk-vtk-9.4.2\build_msvc\common\core\commoncore.dir\debug\vtkdataarray_interpolatetuple_time.obj
d:\cybermed\daddy\dependency\sdk-vtk-9.4.2\build_msvc\common\core\commoncore.dir\debug\vtkdataarray_inserttuples_array_range.obj
d:\cybermed\daddy\dependency\sdk-vtk-9.4.2\build_msvc\common\core\commoncore.dir\debug\vtkdataarray_inserttuples_array_idlist_range.obj
d:\cybermed\daddy\dependency\sdk-vtk-9.4.2\build_msvc\common\core\commoncore.dir\debug\vtkdataarray_inserttuples_array_idlist.obj
d:\cybermed\daddy\dependency\sdk-vtk-9.4.2\build_msvc\common\core\commoncore.dir\debug\vtkdataarray_gettuples_range.obj
d:\cybermed\daddy\dependency\sdk-vtk-9.4.2\build_msvc\common\core\commoncore.dir\debug\vtkdataarray_gettuples_ids.obj
d:\cybermed\daddy\dependency\sdk-vtk-9.4.2\build_msvc\common\core\commoncore.dir\debug\vtkdataarray_finitevectorrange.obj
d:\cybermed\daddy\dependency\sdk-vtk-9.4.2\build_msvc\common\core\commoncore.dir\debug\vtkdataarray_finitescalarrange.obj
d:\cybermed\daddy\dependency\sdk-vtk-9.4.2\build_msvc\common\core\commoncore.dir\debug\vtkdataarray_deepcopy.obj
d:\cybermed\daddy\dependency\sdk-vtk-9.4.2\build_msvc\common\core\commoncore.dir\debug\vtkdataarray_copycomponent.obj
d:\cybermed\daddy\dependency\sdk-vtk-9.4.2\build_msvc\common\core\commoncore.dir\debug\vtkvaluefromstring.obj
d:\cybermed\daddy\dependency\sdk-vtk-9.4.2\build_msvc\common\core\commoncore.dir\debug\vtkgenericdataarray.obj
d:\cybermed\daddy\dependency\sdk-vtk-9.4.2\build_msvc\common\core\commoncore.dir\debug\vtkarrayiteratortemplateinstantiate.obj
d:\cybermed\daddy\dependency\sdk-vtk-9.4.2\build_msvc\common\core\commoncore.dir\debug\vtkstdfunctionarrayinstantiate_double.obj
d:\cybermed\daddy\dependency\sdk-vtk-9.4.2\build_msvc\common\core\commoncore.dir\debug\vtksoadataarraytemplateinstantiate_double.obj
d:\cybermed\daddy\dependency\sdk-vtk-9.4.2\build_msvc\common\core\commoncore.dir\debug\vtkindexedimplicitbackendinstantiate_double.obj
d:\cybermed\daddy\dependency\sdk-vtk-9.4.2\build_msvc\common\core\commoncore.dir\debug\vtkindexedarrayinstantiate_double.obj
d:\cybermed\daddy\dependency\sdk-vtk-9.4.2\build_msvc\common\core\commoncore.dir\debug\vtkconstantimplicitbackendinstantiate_double.obj
d:\cybermed\daddy\dependency\sdk-vtk-9.4.2\build_msvc\common\core\commoncore.dir\debug\vtkconstantarrayinstantiate_double.obj
d:\cybermed\daddy\dependency\sdk-vtk-9.4.2\build_msvc\common\core\commoncore.dir\debug\vtkcompositeimplicitbackendinstantiate_double.obj
d:\cybermed\daddy\dependency\sdk-vtk-9.4.2\build_msvc\common\core\commoncore.dir\debug\vtkcompositearrayinstantiate_double.obj
d:\cybermed\daddy\dependency\sdk-vtk-9.4.2\build_msvc\common\core\commoncore.dir\debug\vtkaffineimplicitbackendinstantiate_double.obj
d:\cybermed\daddy\dependency\sdk-vtk-9.4.2\build_msvc\common\core\commoncore.dir\debug\vtkaffinearrayinstantiate_double.obj
d:\cybermed\daddy\dependency\sdk-vtk-9.4.2\build_msvc\common\core\commoncore.dir\debug\vtktypeddataarrayinstantiate_char.obj
d:\cybermed\daddy\dependency\sdk-vtk-9.4.2\build_msvc\common\core\commoncore.dir\debug\vtkstructuredpointarrayinstantiate_char.obj
d:\cybermed\daddy\dependency\sdk-vtk-9.4.2\build_msvc\common\core\commoncore.dir\debug\vtkstructuredpointbackendinstantiate_char.obj
d:\cybermed\daddy\dependency\sdk-vtk-9.4.2\build_msvc\common\core\commoncore.dir\debug\vtkstdfunctionarrayinstantiate_char.obj
d:\cybermed\daddy\dependency\sdk-vtk-9.4.2\build_msvc\common\core\commoncore.dir\debug\vtksoadataarraytemplateinstantiate_char.obj
d:\cybermed\daddy\dependency\sdk-vtk-9.4.2\build_msvc\common\core\commoncore.dir\debug\vtkindexedimplicitbackendinstantiate_char.obj
d:\cybermed\daddy\dependency\sdk-vtk-9.4.2\build_msvc\common\core\commoncore.dir\debug\vtkindexedarrayinstantiate_char.obj
d:\cybermed\daddy\dependency\sdk-vtk-9.4.2\build_msvc\common\core\commoncore.dir\debug\vtkconstantimplicitbackendinstantiate_char.obj
d:\cybermed\daddy\dependency\sdk-vtk-9.4.2\build_msvc\common\core\commoncore.dir\debug\vtkconstantarrayinstantiate_char.obj
d:\cybermed\daddy\dependency\sdk-vtk-9.4.2\build_msvc\common\core\commoncore.dir\debug\vtkcompositeimplicitbackendinstantiate_char.obj
d:\cybermed\daddy\dependency\sdk-vtk-9.4.2\build_msvc\common\core\commoncore.dir\debug\vtkcompositeimplicitbackendinstantiate_int.obj
d:\cybermed\daddy\dependency\sdk-vtk-9.4.2\build_msvc\common\core\commoncore.dir\debug\vtkcompositearrayinstantiate_int.obj
d:\cybermed\daddy\dependency\sdk-vtk-9.4.2\build_msvc\common\core\commoncore.dir\debug\vtkaffineimplicitbackendinstantiate_int.obj
d:\cybermed\daddy\dependency\sdk-vtk-9.4.2\build_msvc\common\core\commoncore.dir\debug\vtkaffinearrayinstantiate_int.obj
d:\cybermed\daddy\dependency\sdk-vtk-9.4.2\build_msvc\common\core\commoncore.dir\debug\vtktypeddataarrayinstantiate_float.obj
d:\cybermed\daddy\dependency\sdk-vtk-9.4.2\build_msvc\common\core\commoncore.dir\debug\vtkstructuredpointarrayinstantiate_float.obj
d:\cybermed\daddy\dependency\sdk-vtk-9.4.2\build_msvc\common\core\commoncore.dir\debug\vtkstructuredpointbackendinstantiate_float.obj
d:\cybermed\daddy\dependency\sdk-vtk-9.4.2\build_msvc\common\core\commoncore.dir\debug\vtkstdfunctionarrayinstantiate_float.obj
d:\cybermed\daddy\dependency\sdk-vtk-9.4.2\build_msvc\common\core\commoncore.dir\debug\vtksoadataarraytemplateinstantiate_float.obj
d:\cybermed\daddy\dependency\sdk-vtk-9.4.2\build_msvc\common\core\commoncore.dir\debug\vtkindexedimplicitbackendinstantiate_float.obj
d:\cybermed\daddy\dependency\sdk-vtk-9.4.2\build_msvc\common\core\commoncore.dir\debug\vtkindexedarrayinstantiate_float.obj
d:\cybermed\daddy\dependency\sdk-vtk-9.4.2\build_msvc\common\core\commoncore.dir\debug\vtkconstantimplicitbackendinstantiate_float.obj
d:\cybermed\daddy\dependency\sdk-vtk-9.4.2\build_msvc\common\core\commoncore.dir\debug\vtkconstantarrayinstantiate_float.obj
d:\cybermed\daddy\dependency\sdk-vtk-9.4.2\build_msvc\common\core\commoncore.dir\debug\vtkcompositeimplicitbackendinstantiate_float.obj
d:\cybermed\daddy\dependency\sdk-vtk-9.4.2\build_msvc\common\core\commoncore.dir\debug\vtkcompositearrayinstantiate_float.obj
d:\cybermed\daddy\dependency\sdk-vtk-9.4.2\build_msvc\common\core\commoncore.dir\debug\vtkaffineimplicitbackendinstantiate_float.obj
d:\cybermed\daddy\dependency\sdk-vtk-9.4.2\build_msvc\common\core\commoncore.dir\debug\vtkaffinearrayinstantiate_float.obj
d:\cybermed\daddy\dependency\sdk-vtk-9.4.2\build_msvc\common\core\commoncore.dir\debug\vtktypeddataarrayinstantiate_double.obj
d:\cybermed\daddy\dependency\sdk-vtk-9.4.2\build_msvc\common\core\commoncore.dir\debug\vtkstructuredpointarrayinstantiate_double.obj
d:\cybermed\daddy\dependency\sdk-vtk-9.4.2\build_msvc\common\core\commoncore.dir\debug\vtkstructuredpointbackendinstantiate_double.obj
d:\cybermed\daddy\dependency\sdk-vtk-9.4.2\build_msvc\common\core\commoncore.dir\debug\vtkstructuredpointbackendinstantiate_long.obj
d:\cybermed\daddy\dependency\sdk-vtk-9.4.2\build_msvc\common\core\commoncore.dir\debug\vtkstdfunctionarrayinstantiate_long.obj
d:\cybermed\daddy\dependency\sdk-vtk-9.4.2\build_msvc\common\core\commoncore.dir\debug\vtksoadataarraytemplateinstantiate_long.obj
d:\cybermed\daddy\dependency\sdk-vtk-9.4.2\build_msvc\common\core\commoncore.dir\debug\vtkindexedimplicitbackendinstantiate_long.obj
d:\cybermed\daddy\dependency\sdk-vtk-9.4.2\build_msvc\common\core\commoncore.dir\debug\vtkindexedarrayinstantiate_long.obj
d:\cybermed\daddy\dependency\sdk-vtk-9.4.2\build_msvc\common\core\commoncore.dir\debug\vtkconstantimplicitbackendinstantiate_long.obj
d:\cybermed\daddy\dependency\sdk-vtk-9.4.2\build_msvc\common\core\commoncore.dir\debug\vtkconstantarrayinstantiate_long.obj
d:\cybermed\daddy\dependency\sdk-vtk-9.4.2\build_msvc\common\core\commoncore.dir\debug\vtkcompositeimplicitbackendinstantiate_long.obj
d:\cybermed\daddy\dependency\sdk-vtk-9.4.2\build_msvc\common\core\commoncore.dir\debug\vtkcompositearrayinstantiate_long.obj
d:\cybermed\daddy\dependency\sdk-vtk-9.4.2\build_msvc\common\core\commoncore.dir\debug\vtkaffineimplicitbackendinstantiate_long.obj
d:\cybermed\daddy\dependency\sdk-vtk-9.4.2\build_msvc\common\core\commoncore.dir\debug\vtkaffinearrayinstantiate_long.obj
d:\cybermed\daddy\dependency\sdk-vtk-9.4.2\build_msvc\common\core\commoncore.dir\debug\vtktypeddataarrayinstantiate_int.obj
d:\cybermed\daddy\dependency\sdk-vtk-9.4.2\build_msvc\common\core\commoncore.dir\debug\vtkstructuredpointarrayinstantiate_int.obj
d:\cybermed\daddy\dependency\sdk-vtk-9.4.2\build_msvc\common\core\commoncore.dir\debug\vtkstructuredpointbackendinstantiate_int.obj
d:\cybermed\daddy\dependency\sdk-vtk-9.4.2\build_msvc\common\core\commoncore.dir\debug\vtkstdfunctionarrayinstantiate_int.obj
d:\cybermed\daddy\dependency\sdk-vtk-9.4.2\build_msvc\common\core\commoncore.dir\debug\vtksoadataarraytemplateinstantiate_int.obj
d:\cybermed\daddy\dependency\sdk-vtk-9.4.2\build_msvc\common\core\commoncore.dir\debug\vtkindexedimplicitbackendinstantiate_int.obj
d:\cybermed\daddy\dependency\sdk-vtk-9.4.2\build_msvc\common\core\commoncore.dir\debug\vtkindexedarrayinstantiate_int.obj
d:\cybermed\daddy\dependency\sdk-vtk-9.4.2\build_msvc\common\core\commoncore.dir\debug\vtkconstantimplicitbackendinstantiate_int.obj
d:\cybermed\daddy\dependency\sdk-vtk-9.4.2\build_msvc\common\core\commoncore.dir\debug\vtkconstantarrayinstantiate_int.obj
d:\cybermed\daddy\dependency\sdk-vtk-9.4.2\build_msvc\common\core\commoncore.dir\debug\vtkcompositearrayinstantiate_short.obj
d:\cybermed\daddy\dependency\sdk-vtk-9.4.2\build_msvc\common\core\commoncore.dir\debug\vtkaffineimplicitbackendinstantiate_short.obj
d:\cybermed\daddy\dependency\sdk-vtk-9.4.2\build_msvc\common\core\commoncore.dir\debug\vtkaffinearrayinstantiate_short.obj
d:\cybermed\daddy\dependency\sdk-vtk-9.4.2\build_msvc\common\core\commoncore.dir\debug\vtkgenericdataarrayvaluerangeinstantiate_long_long.obj
d:\cybermed\daddy\dependency\sdk-vtk-9.4.2\build_msvc\common\core\commoncore.dir\debug\vtktypeddataarrayinstantiate_long_long.obj
d:\cybermed\daddy\dependency\sdk-vtk-9.4.2\build_msvc\common\core\commoncore.dir\debug\vtkstructuredpointarrayinstantiate_long_long.obj
d:\cybermed\daddy\dependency\sdk-vtk-9.4.2\build_msvc\common\core\commoncore.dir\debug\vtkstructuredpointbackendinstantiate_long_long.obj
d:\cybermed\daddy\dependency\sdk-vtk-9.4.2\build_msvc\common\core\commoncore.dir\debug\vtkstdfunctionarrayinstantiate_long_long.obj
d:\cybermed\daddy\dependency\sdk-vtk-9.4.2\build_msvc\common\core\commoncore.dir\debug\vtksoadataarraytemplateinstantiate_long_long.obj
d:\cybermed\daddy\dependency\sdk-vtk-9.4.2\build_msvc\common\core\commoncore.dir\debug\vtkindexedimplicitbackendinstantiate_long_long.obj
d:\cybermed\daddy\dependency\sdk-vtk-9.4.2\build_msvc\common\core\commoncore.dir\debug\vtkindexedarrayinstantiate_long_long.obj
d:\cybermed\daddy\dependency\sdk-vtk-9.4.2\build_msvc\common\core\commoncore.dir\debug\vtkconstantimplicitbackendinstantiate_long_long.obj
d:\cybermed\daddy\dependency\sdk-vtk-9.4.2\build_msvc\common\core\commoncore.dir\debug\vtkconstantarrayinstantiate_long_long.obj
d:\cybermed\daddy\dependency\sdk-vtk-9.4.2\build_msvc\common\core\commoncore.dir\debug\vtkcompositeimplicitbackendinstantiate_long_long.obj
d:\cybermed\daddy\dependency\sdk-vtk-9.4.2\build_msvc\common\core\commoncore.dir\debug\vtkcompositearrayinstantiate_long_long.obj
d:\cybermed\daddy\dependency\sdk-vtk-9.4.2\build_msvc\common\core\commoncore.dir\debug\vtkaffineimplicitbackendinstantiate_long_long.obj
d:\cybermed\daddy\dependency\sdk-vtk-9.4.2\build_msvc\common\core\commoncore.dir\debug\vtkaffinearrayinstantiate_long_long.obj
d:\cybermed\daddy\dependency\sdk-vtk-9.4.2\build_msvc\common\core\commoncore.dir\debug\vtkgenericdataarrayvaluerangeinstantiate_long.obj
d:\cybermed\daddy\dependency\sdk-vtk-9.4.2\build_msvc\common\core\commoncore.dir\debug\vtktypeddataarrayinstantiate_long.obj
d:\cybermed\daddy\dependency\sdk-vtk-9.4.2\build_msvc\common\core\commoncore.dir\debug\vtkstructuredpointarrayinstantiate_long.obj
d:\cybermed\daddy\dependency\sdk-vtk-9.4.2\build_msvc\common\core\commoncore.dir\debug\vtkstdfunctionarrayinstantiate_signed_char.obj
d:\cybermed\daddy\dependency\sdk-vtk-9.4.2\build_msvc\common\core\commoncore.dir\debug\vtksoadataarraytemplateinstantiate_signed_char.obj
d:\cybermed\daddy\dependency\sdk-vtk-9.4.2\build_msvc\common\core\commoncore.dir\debug\vtkindexedimplicitbackendinstantiate_signed_char.obj
d:\cybermed\daddy\dependency\sdk-vtk-9.4.2\build_msvc\common\core\commoncore.dir\debug\vtkindexedarrayinstantiate_signed_char.obj
d:\cybermed\daddy\dependency\sdk-vtk-9.4.2\build_msvc\common\core\commoncore.dir\debug\vtkconstantimplicitbackendinstantiate_signed_char.obj
d:\cybermed\daddy\dependency\sdk-vtk-9.4.2\build_msvc\common\core\commoncore.dir\debug\vtkconstantarrayinstantiate_signed_char.obj
d:\cybermed\daddy\dependency\sdk-vtk-9.4.2\build_msvc\common\core\commoncore.dir\debug\vtkcompositeimplicitbackendinstantiate_signed_char.obj
d:\cybermed\daddy\dependency\sdk-vtk-9.4.2\build_msvc\common\core\commoncore.dir\debug\vtkcompositearrayinstantiate_signed_char.obj
d:\cybermed\daddy\dependency\sdk-vtk-9.4.2\build_msvc\common\core\commoncore.dir\debug\vtkaffineimplicitbackendinstantiate_signed_char.obj
d:\cybermed\daddy\dependency\sdk-vtk-9.4.2\build_msvc\common\core\commoncore.dir\debug\vtkaffinearrayinstantiate_signed_char.obj
d:\cybermed\daddy\dependency\sdk-vtk-9.4.2\build_msvc\common\core\commoncore.dir\debug\vtktypeddataarrayinstantiate_short.obj
d:\cybermed\daddy\dependency\sdk-vtk-9.4.2\build_msvc\common\core\commoncore.dir\debug\vtkstructuredpointarrayinstantiate_short.obj
d:\cybermed\daddy\dependency\sdk-vtk-9.4.2\build_msvc\common\core\commoncore.dir\debug\vtkstructuredpointbackendinstantiate_short.obj
d:\cybermed\daddy\dependency\sdk-vtk-9.4.2\build_msvc\common\core\commoncore.dir\debug\vtkstdfunctionarrayinstantiate_short.obj
d:\cybermed\daddy\dependency\sdk-vtk-9.4.2\build_msvc\common\core\commoncore.dir\debug\vtksoadataarraytemplateinstantiate_short.obj
d:\cybermed\daddy\dependency\sdk-vtk-9.4.2\build_msvc\common\core\commoncore.dir\debug\vtkindexedimplicitbackendinstantiate_short.obj
d:\cybermed\daddy\dependency\sdk-vtk-9.4.2\build_msvc\common\core\commoncore.dir\debug\vtkindexedarrayinstantiate_short.obj
d:\cybermed\daddy\dependency\sdk-vtk-9.4.2\build_msvc\common\core\commoncore.dir\debug\vtkconstantimplicitbackendinstantiate_short.obj
d:\cybermed\daddy\dependency\sdk-vtk-9.4.2\build_msvc\common\core\commoncore.dir\debug\vtkconstantarrayinstantiate_short.obj
d:\cybermed\daddy\dependency\sdk-vtk-9.4.2\build_msvc\common\core\commoncore.dir\debug\vtkcompositeimplicitbackendinstantiate_short.obj
d:\cybermed\daddy\dependency\sdk-vtk-9.4.2\build_msvc\common\core\commoncore.dir\debug\vtkcompositeimplicitbackendinstantiate_unsigned_int.obj
d:\cybermed\daddy\dependency\sdk-vtk-9.4.2\build_msvc\common\core\commoncore.dir\debug\vtkcompositearrayinstantiate_unsigned_int.obj
d:\cybermed\daddy\dependency\sdk-vtk-9.4.2\build_msvc\common\core\commoncore.dir\debug\vtkaffineimplicitbackendinstantiate_unsigned_int.obj
d:\cybermed\daddy\dependency\sdk-vtk-9.4.2\build_msvc\common\core\commoncore.dir\debug\vtkaffinearrayinstantiate_unsigned_int.obj
d:\cybermed\daddy\dependency\sdk-vtk-9.4.2\build_msvc\common\core\commoncore.dir\debug\vtktypeddataarrayinstantiate_unsigned_char.obj
d:\cybermed\daddy\dependency\sdk-vtk-9.4.2\build_msvc\common\core\commoncore.dir\debug\vtkstructuredpointarrayinstantiate_unsigned_char.obj
d:\cybermed\daddy\dependency\sdk-vtk-9.4.2\build_msvc\common\core\commoncore.dir\debug\vtkstructuredpointbackendinstantiate_unsigned_char.obj
d:\cybermed\daddy\dependency\sdk-vtk-9.4.2\build_msvc\common\core\commoncore.dir\debug\vtkstdfunctionarrayinstantiate_unsigned_char.obj
d:\cybermed\daddy\dependency\sdk-vtk-9.4.2\build_msvc\common\core\commoncore.dir\debug\vtksoadataarraytemplateinstantiate_unsigned_char.obj
d:\cybermed\daddy\dependency\sdk-vtk-9.4.2\build_msvc\common\core\commoncore.dir\debug\vtkindexedimplicitbackendinstantiate_unsigned_char.obj
d:\cybermed\daddy\dependency\sdk-vtk-9.4.2\build_msvc\common\core\commoncore.dir\debug\vtkindexedarrayinstantiate_unsigned_char.obj
d:\cybermed\daddy\dependency\sdk-vtk-9.4.2\build_msvc\common\core\commoncore.dir\debug\vtkconstantimplicitbackendinstantiate_unsigned_char.obj
d:\cybermed\daddy\dependency\sdk-vtk-9.4.2\build_msvc\common\core\commoncore.dir\debug\vtkconstantarrayinstantiate_unsigned_char.obj
d:\cybermed\daddy\dependency\sdk-vtk-9.4.2\build_msvc\common\core\commoncore.dir\debug\vtkcompositeimplicitbackendinstantiate_unsigned_char.obj
d:\cybermed\daddy\dependency\sdk-vtk-9.4.2\build_msvc\common\core\commoncore.dir\debug\vtkcompositearrayinstantiate_unsigned_char.obj
d:\cybermed\daddy\dependency\sdk-vtk-9.4.2\build_msvc\common\core\commoncore.dir\debug\vtkaffineimplicitbackendinstantiate_unsigned_char.obj
d:\cybermed\daddy\dependency\sdk-vtk-9.4.2\build_msvc\common\core\commoncore.dir\debug\vtkaffinearrayinstantiate_unsigned_char.obj
d:\cybermed\daddy\dependency\sdk-vtk-9.4.2\build_msvc\common\core\commoncore.dir\debug\vtktypeddataarrayinstantiate_signed_char.obj
d:\cybermed\daddy\dependency\sdk-vtk-9.4.2\build_msvc\common\core\commoncore.dir\debug\vtkstructuredpointarrayinstantiate_signed_char.obj
d:\cybermed\daddy\dependency\sdk-vtk-9.4.2\build_msvc\common\core\commoncore.dir\debug\vtkstructuredpointbackendinstantiate_signed_char.obj
d:\cybermed\daddy\dependency\sdk-vtk-9.4.2\build_msvc\common\core\commoncore.dir\debug\vtkstructuredpointbackendinstantiate_unsigned_long.obj
d:\cybermed\daddy\dependency\sdk-vtk-9.4.2\build_msvc\common\core\commoncore.dir\debug\vtkstdfunctionarrayinstantiate_unsigned_long.obj
d:\cybermed\daddy\dependency\sdk-vtk-9.4.2\build_msvc\common\core\commoncore.dir\debug\vtksoadataarraytemplateinstantiate_unsigned_long.obj
d:\cybermed\daddy\dependency\sdk-vtk-9.4.2\build_msvc\common\core\commoncore.dir\debug\vtkindexedimplicitbackendinstantiate_unsigned_long.obj
d:\cybermed\daddy\dependency\sdk-vtk-9.4.2\build_msvc\common\core\commoncore.dir\debug\vtkindexedarrayinstantiate_unsigned_long.obj
d:\cybermed\daddy\dependency\sdk-vtk-9.4.2\build_msvc\common\core\commoncore.dir\debug\vtkconstantimplicitbackendinstantiate_unsigned_long.obj
d:\cybermed\daddy\dependency\sdk-vtk-9.4.2\build_msvc\common\core\commoncore.dir\debug\vtkconstantarrayinstantiate_unsigned_long.obj
d:\cybermed\daddy\dependency\sdk-vtk-9.4.2\build_msvc\common\core\commoncore.dir\debug\vtkcompositeimplicitbackendinstantiate_unsigned_long.obj
d:\cybermed\daddy\dependency\sdk-vtk-9.4.2\build_msvc\common\core\commoncore.dir\debug\vtkcompositearrayinstantiate_unsigned_long.obj
d:\cybermed\daddy\dependency\sdk-vtk-9.4.2\build_msvc\common\core\commoncore.dir\debug\vtkaffineimplicitbackendinstantiate_unsigned_long.obj
d:\cybermed\daddy\dependency\sdk-vtk-9.4.2\build_msvc\common\core\commoncore.dir\debug\vtkaffinearrayinstantiate_unsigned_long.obj
d:\cybermed\daddy\dependency\sdk-vtk-9.4.2\build_msvc\common\core\commoncore.dir\debug\vtktypeddataarrayinstantiate_unsigned_int.obj
d:\cybermed\daddy\dependency\sdk-vtk-9.4.2\build_msvc\common\core\commoncore.dir\debug\vtkstructuredpointarrayinstantiate_unsigned_int.obj
d:\cybermed\daddy\dependency\sdk-vtk-9.4.2\build_msvc\common\core\commoncore.dir\debug\vtkstructuredpointbackendinstantiate_unsigned_int.obj
d:\cybermed\daddy\dependency\sdk-vtk-9.4.2\build_msvc\common\core\commoncore.dir\debug\vtkstdfunctionarrayinstantiate_unsigned_int.obj
d:\cybermed\daddy\dependency\sdk-vtk-9.4.2\build_msvc\common\core\commoncore.dir\debug\vtksoadataarraytemplateinstantiate_unsigned_int.obj
d:\cybermed\daddy\dependency\sdk-vtk-9.4.2\build_msvc\common\core\commoncore.dir\debug\vtkindexedimplicitbackendinstantiate_unsigned_int.obj
d:\cybermed\daddy\dependency\sdk-vtk-9.4.2\build_msvc\common\core\commoncore.dir\debug\vtkindexedarrayinstantiate_unsigned_int.obj
d:\cybermed\daddy\dependency\sdk-vtk-9.4.2\build_msvc\common\core\commoncore.dir\debug\vtkconstantimplicitbackendinstantiate_unsigned_int.obj
d:\cybermed\daddy\dependency\sdk-vtk-9.4.2\build_msvc\common\core\commoncore.dir\debug\vtkconstantarrayinstantiate_unsigned_int.obj
d:\cybermed\daddy\dependency\sdk-vtk-9.4.2\build_msvc\common\core\commoncore.dir\debug\vtkcompositearrayinstantiate_unsigned_short.obj
d:\cybermed\daddy\dependency\sdk-vtk-9.4.2\build_msvc\common\core\commoncore.dir\debug\vtkaffineimplicitbackendinstantiate_unsigned_short.obj
d:\cybermed\daddy\dependency\sdk-vtk-9.4.2\build_msvc\common\core\commoncore.dir\debug\vtkaffinearrayinstantiate_unsigned_short.obj
d:\cybermed\daddy\dependency\sdk-vtk-9.4.2\build_msvc\common\core\commoncore.dir\debug\vtkgenericdataarrayvaluerangeinstantiate_unsigned_long_long.obj
d:\cybermed\daddy\dependency\sdk-vtk-9.4.2\build_msvc\common\core\commoncore.dir\debug\vtktypeddataarrayinstantiate_unsigned_long_long.obj
d:\cybermed\daddy\dependency\sdk-vtk-9.4.2\build_msvc\common\core\commoncore.dir\debug\vtkstructuredpointarrayinstantiate_unsigned_long_long.obj
d:\cybermed\daddy\dependency\sdk-vtk-9.4.2\build_msvc\common\core\commoncore.dir\debug\vtkstructuredpointbackendinstantiate_unsigned_long_long.obj
d:\cybermed\daddy\dependency\sdk-vtk-9.4.2\build_msvc\common\core\commoncore.dir\debug\vtkstdfunctionarrayinstantiate_unsigned_long_long.obj
d:\cybermed\daddy\dependency\sdk-vtk-9.4.2\build_msvc\common\core\commoncore.dir\debug\vtksoadataarraytemplateinstantiate_unsigned_long_long.obj
d:\cybermed\daddy\dependency\sdk-vtk-9.4.2\build_msvc\common\core\commoncore.dir\debug\vtkindexedimplicitbackendinstantiate_unsigned_long_long.obj
d:\cybermed\daddy\dependency\sdk-vtk-9.4.2\build_msvc\common\core\commoncore.dir\debug\vtkindexedarrayinstantiate_unsigned_long_long.obj
d:\cybermed\daddy\dependency\sdk-vtk-9.4.2\build_msvc\common\core\commoncore.dir\debug\vtkconstantimplicitbackendinstantiate_unsigned_long_long.obj
d:\cybermed\daddy\dependency\sdk-vtk-9.4.2\build_msvc\common\core\commoncore.dir\debug\vtkconstantarrayinstantiate_unsigned_long_long.obj
d:\cybermed\daddy\dependency\sdk-vtk-9.4.2\build_msvc\common\core\commoncore.dir\debug\vtkcompositeimplicitbackendinstantiate_unsigned_long_long.obj
d:\cybermed\daddy\dependency\sdk-vtk-9.4.2\build_msvc\common\core\commoncore.dir\debug\vtkcompositearrayinstantiate_unsigned_long_long.obj
d:\cybermed\daddy\dependency\sdk-vtk-9.4.2\build_msvc\common\core\commoncore.dir\debug\vtkaffineimplicitbackendinstantiate_unsigned_long_long.obj
d:\cybermed\daddy\dependency\sdk-vtk-9.4.2\build_msvc\common\core\commoncore.dir\debug\vtkaffinearrayinstantiate_unsigned_long_long.obj
d:\cybermed\daddy\dependency\sdk-vtk-9.4.2\build_msvc\common\core\commoncore.dir\debug\vtkgenericdataarrayvaluerangeinstantiate_unsigned_long.obj
d:\cybermed\daddy\dependency\sdk-vtk-9.4.2\build_msvc\common\core\commoncore.dir\debug\vtktypeddataarrayinstantiate_unsigned_long.obj
d:\cybermed\daddy\dependency\sdk-vtk-9.4.2\build_msvc\common\core\commoncore.dir\debug\vtkstructuredpointarrayinstantiate_unsigned_long.obj
d:\cybermed\daddy\dependency\sdk-vtk-9.4.2\build_msvc\common\core\commoncore.dir\debug\vtktypeuint16array.obj
d:\cybermed\daddy\dependency\sdk-vtk-9.4.2\build_msvc\common\core\commoncore.dir\debug\vtktypeuint8array.obj
d:\cybermed\daddy\dependency\sdk-vtk-9.4.2\build_msvc\common\core\commoncore.dir\debug\vtktypeint64array.obj
d:\cybermed\daddy\dependency\sdk-vtk-9.4.2\build_msvc\common\core\commoncore.dir\debug\vtktypeint32array.obj
d:\cybermed\daddy\dependency\sdk-vtk-9.4.2\build_msvc\common\core\commoncore.dir\debug\vtktypeint16array.obj
d:\cybermed\daddy\dependency\sdk-vtk-9.4.2\build_msvc\common\core\commoncore.dir\debug\vtktypeint8array.obj
d:\cybermed\daddy\dependency\sdk-vtk-9.4.2\build_msvc\common\core\commoncore.dir\debug\vtksmptools.obj
d:\cybermed\daddy\dependency\sdk-vtk-9.4.2\build_msvc\common\core\commoncore.dir\debug\vtksmptoolsapi.obj
d:\cybermed\daddy\dependency\sdk-vtk-9.4.2\build_msvc\common\core\commoncore.dir\debug\vtksmpthreadpool.obj
d:\cybermed\daddy\dependency\sdk-vtk-9.4.2\build_msvc\common\core\commoncore.dir\debug\vtksmpthreadlocalbackend.obj
d:\cybermed\daddy\dependency\sdk-vtk-9.4.2\build_msvc\common\core\commoncore.dir\debug\vtktypeddataarrayinstantiate_unsigned_short.obj
d:\cybermed\daddy\dependency\sdk-vtk-9.4.2\build_msvc\common\core\commoncore.dir\debug\vtkstructuredpointarrayinstantiate_unsigned_short.obj
d:\cybermed\daddy\dependency\sdk-vtk-9.4.2\build_msvc\common\core\commoncore.dir\debug\vtkstructuredpointbackendinstantiate_unsigned_short.obj
d:\cybermed\daddy\dependency\sdk-vtk-9.4.2\build_msvc\common\core\commoncore.dir\debug\vtkstdfunctionarrayinstantiate_unsigned_short.obj
d:\cybermed\daddy\dependency\sdk-vtk-9.4.2\build_msvc\common\core\commoncore.dir\debug\vtksoadataarraytemplateinstantiate_unsigned_short.obj
d:\cybermed\daddy\dependency\sdk-vtk-9.4.2\build_msvc\common\core\commoncore.dir\debug\vtkindexedimplicitbackendinstantiate_unsigned_short.obj
d:\cybermed\daddy\dependency\sdk-vtk-9.4.2\build_msvc\common\core\commoncore.dir\debug\vtkindexedarrayinstantiate_unsigned_short.obj
d:\cybermed\daddy\dependency\sdk-vtk-9.4.2\build_msvc\common\core\commoncore.dir\debug\vtkconstantimplicitbackendinstantiate_unsigned_short.obj
d:\cybermed\daddy\dependency\sdk-vtk-9.4.2\build_msvc\common\core\commoncore.dir\debug\vtkconstantarrayinstantiate_unsigned_short.obj
d:\cybermed\daddy\dependency\sdk-vtk-9.4.2\build_msvc\common\core\commoncore.dir\debug\vtkcompositeimplicitbackendinstantiate_unsigned_short.obj
d:\cybermed\daddy\dependency\sdk-vtk-9.4.2\build_msvc\common\core\commoncore.dir\debug\vtkaffinedoublearray.obj
d:\cybermed\daddy\dependency\sdk-vtk-9.4.2\build_msvc\common\core\commoncore.dir\debug\vtkaffinechararray.obj
d:\cybermed\daddy\dependency\sdk-vtk-9.4.2\build_msvc\common\core\commoncore.dir\debug\vtkconstantidtypearray.obj
d:\cybermed\daddy\dependency\sdk-vtk-9.4.2\build_msvc\common\core\commoncore.dir\debug\vtkconstantunsignedshortarray.obj
d:\cybermed\daddy\dependency\sdk-vtk-9.4.2\build_msvc\common\core\commoncore.dir\debug\vtkconstantunsignedlonglongarray.obj
d:\cybermed\daddy\dependency\sdk-vtk-9.4.2\build_msvc\common\core\commoncore.dir\debug\vtkconstantunsignedlongarray.obj
d:\cybermed\daddy\dependency\sdk-vtk-9.4.2\build_msvc\common\core\commoncore.dir\debug\vtkconstantunsignedintarray.obj
d:\cybermed\daddy\dependency\sdk-vtk-9.4.2\build_msvc\common\core\commoncore.dir\debug\vtkconstantunsignedchararray.obj
d:\cybermed\daddy\dependency\sdk-vtk-9.4.2\build_msvc\common\core\commoncore.dir\debug\vtkconstantsignedchararray.obj
d:\cybermed\daddy\dependency\sdk-vtk-9.4.2\build_msvc\common\core\commoncore.dir\debug\vtkconstantshortarray.obj
d:\cybermed\daddy\dependency\sdk-vtk-9.4.2\build_msvc\common\core\commoncore.dir\debug\vtkconstantlonglongarray.obj
d:\cybermed\daddy\dependency\sdk-vtk-9.4.2\build_msvc\common\core\commoncore.dir\debug\vtkconstantlongarray.obj
d:\cybermed\daddy\dependency\sdk-vtk-9.4.2\build_msvc\common\core\commoncore.dir\debug\vtkconstantintarray.obj
d:\cybermed\daddy\dependency\sdk-vtk-9.4.2\build_msvc\common\core\commoncore.dir\debug\vtkconstantfloatarray.obj
d:\cybermed\daddy\dependency\sdk-vtk-9.4.2\build_msvc\common\core\commoncore.dir\debug\vtkconstantdoublearray.obj
d:\cybermed\daddy\dependency\sdk-vtk-9.4.2\build_msvc\common\core\commoncore.dir\debug\vtkconstantchararray.obj
d:\cybermed\daddy\dependency\sdk-vtk-9.4.2\build_msvc\common\core\commoncore.dir\debug\vtktypefloat64array.obj
d:\cybermed\daddy\dependency\sdk-vtk-9.4.2\build_msvc\common\core\commoncore.dir\debug\vtktypefloat32array.obj
d:\cybermed\daddy\dependency\sdk-vtk-9.4.2\build_msvc\common\core\commoncore.dir\debug\vtktypeuint64array.obj
d:\cybermed\daddy\dependency\sdk-vtk-9.4.2\build_msvc\common\core\commoncore.dir\debug\vtktypeuint32array.obj
d:\cybermed\daddy\dependency\sdk-vtk-9.4.2\build_msvc\common\core\commoncore.dir\debug\vtkindexedsignedchararray.obj
d:\cybermed\daddy\dependency\sdk-vtk-9.4.2\build_msvc\common\core\commoncore.dir\debug\vtkindexedshortarray.obj
d:\cybermed\daddy\dependency\sdk-vtk-9.4.2\build_msvc\common\core\commoncore.dir\debug\vtkindexedlonglongarray.obj
d:\cybermed\daddy\dependency\sdk-vtk-9.4.2\build_msvc\common\core\commoncore.dir\debug\vtkindexedlongarray.obj
d:\cybermed\daddy\dependency\sdk-vtk-9.4.2\build_msvc\common\core\commoncore.dir\debug\vtkindexedintarray.obj
d:\cybermed\daddy\dependency\sdk-vtk-9.4.2\build_msvc\common\core\commoncore.dir\debug\vtkindexedfloatarray.obj
d:\cybermed\daddy\dependency\sdk-vtk-9.4.2\build_msvc\common\core\commoncore.dir\debug\vtkindexeddoublearray.obj
d:\cybermed\daddy\dependency\sdk-vtk-9.4.2\build_msvc\common\core\commoncore.dir\debug\vtkindexedchararray.obj
d:\cybermed\daddy\dependency\sdk-vtk-9.4.2\build_msvc\common\core\commoncore.dir\debug\vtkaffineidtypearray.obj
d:\cybermed\daddy\dependency\sdk-vtk-9.4.2\build_msvc\common\core\commoncore.dir\debug\vtkaffineunsignedshortarray.obj
d:\cybermed\daddy\dependency\sdk-vtk-9.4.2\build_msvc\common\core\commoncore.dir\debug\vtkaffineunsignedlonglongarray.obj
d:\cybermed\daddy\dependency\sdk-vtk-9.4.2\build_msvc\common\core\commoncore.dir\debug\vtkaffineunsignedlongarray.obj
d:\cybermed\daddy\dependency\sdk-vtk-9.4.2\build_msvc\common\core\commoncore.dir\debug\vtkaffineunsignedintarray.obj
d:\cybermed\daddy\dependency\sdk-vtk-9.4.2\build_msvc\common\core\commoncore.dir\debug\vtkaffineunsignedchararray.obj
d:\cybermed\daddy\dependency\sdk-vtk-9.4.2\build_msvc\common\core\commoncore.dir\debug\vtkaffinesignedchararray.obj
d:\cybermed\daddy\dependency\sdk-vtk-9.4.2\build_msvc\common\core\commoncore.dir\debug\vtkaffineshortarray.obj
d:\cybermed\daddy\dependency\sdk-vtk-9.4.2\build_msvc\common\core\commoncore.dir\debug\vtkaffinelonglongarray.obj
d:\cybermed\daddy\dependency\sdk-vtk-9.4.2\build_msvc\common\core\commoncore.dir\debug\vtkaffinelongarray.obj
d:\cybermed\daddy\dependency\sdk-vtk-9.4.2\build_msvc\common\core\commoncore.dir\debug\vtkaffineintarray.obj
d:\cybermed\daddy\dependency\sdk-vtk-9.4.2\build_msvc\common\core\commoncore.dir\debug\vtkaffinefloatarray.obj
d:\cybermed\daddy\dependency\sdk-vtk-9.4.2\build_msvc\common\core\commoncore.dir\debug\vtkcompositeidtypearray.obj
d:\cybermed\daddy\dependency\sdk-vtk-9.4.2\build_msvc\common\core\commoncore.dir\debug\vtkcompositeunsignedshortarray.obj
d:\cybermed\daddy\dependency\sdk-vtk-9.4.2\build_msvc\common\core\commoncore.dir\debug\vtkcompositeunsignedlonglongarray.obj
d:\cybermed\daddy\dependency\sdk-vtk-9.4.2\build_msvc\common\core\commoncore.dir\debug\vtkcompositeunsignedlongarray.obj
d:\cybermed\daddy\dependency\sdk-vtk-9.4.2\build_msvc\common\core\commoncore.dir\debug\vtkcompositeunsignedintarray.obj
d:\cybermed\daddy\dependency\sdk-vtk-9.4.2\build_msvc\common\core\commoncore.dir\debug\vtkcompositeunsignedchararray.obj
d:\cybermed\daddy\dependency\sdk-vtk-9.4.2\build_msvc\common\core\commoncore.dir\debug\vtkcompositesignedchararray.obj
d:\cybermed\daddy\dependency\sdk-vtk-9.4.2\build_msvc\common\core\commoncore.dir\debug\vtkcompositeshortarray.obj
d:\cybermed\daddy\dependency\sdk-vtk-9.4.2\build_msvc\common\core\commoncore.dir\debug\vtkcompositelonglongarray.obj
d:\cybermed\daddy\dependency\sdk-vtk-9.4.2\build_msvc\common\core\commoncore.dir\debug\vtkcompositelongarray.obj
d:\cybermed\daddy\dependency\sdk-vtk-9.4.2\build_msvc\common\core\commoncore.dir\debug\vtkcompositeintarray.obj
d:\cybermed\daddy\dependency\sdk-vtk-9.4.2\build_msvc\common\core\commoncore.dir\debug\vtkcompositefloatarray.obj
d:\cybermed\daddy\dependency\sdk-vtk-9.4.2\build_msvc\common\core\commoncore.dir\debug\vtkcompositedoublearray.obj
d:\cybermed\daddy\dependency\sdk-vtk-9.4.2\build_msvc\common\core\commoncore.dir\debug\vtkcompositechararray.obj
d:\cybermed\daddy\dependency\sdk-vtk-9.4.2\build_msvc\common\core\commoncore.dir\debug\vtkindexedidtypearray.obj
d:\cybermed\daddy\dependency\sdk-vtk-9.4.2\build_msvc\common\core\commoncore.dir\debug\vtkindexedunsignedshortarray.obj
d:\cybermed\daddy\dependency\sdk-vtk-9.4.2\build_msvc\common\core\commoncore.dir\debug\vtkindexedunsignedlonglongarray.obj
d:\cybermed\daddy\dependency\sdk-vtk-9.4.2\build_msvc\common\core\commoncore.dir\debug\vtkindexedunsignedlongarray.obj
d:\cybermed\daddy\dependency\sdk-vtk-9.4.2\build_msvc\common\core\commoncore.dir\debug\vtkindexedunsignedintarray.obj
d:\cybermed\daddy\dependency\sdk-vtk-9.4.2\build_msvc\common\core\commoncore.dir\debug\vtkindexedunsignedchararray.obj
d:\cybermed\daddy\dependency\sdk-vtk-9.4.2\build_msvc\common\core\commoncore.dir\debug\vtkcollection.obj
d:\cybermed\daddy\dependency\sdk-vtk-9.4.2\build_msvc\common\core\commoncore.dir\debug\vtkchararray.obj
d:\cybermed\daddy\dependency\sdk-vtk-9.4.2\build_msvc\common\core\commoncore.dir\debug\vtkcallbackcommand.obj
d:\cybermed\daddy\dependency\sdk-vtk-9.4.2\build_msvc\common\core\commoncore.dir\debug\vtkbyteswap.obj
d:\cybermed\daddy\dependency\sdk-vtk-9.4.2\build_msvc\common\core\commoncore.dir\debug\vtkbreakpoint.obj
d:\cybermed\daddy\dependency\sdk-vtk-9.4.2\build_msvc\common\core\commoncore.dir\debug\vtkboxmuellerrandomsequence.obj
d:\cybermed\daddy\dependency\sdk-vtk-9.4.2\build_msvc\common\core\commoncore.dir\debug\vtkbitarrayiterator.obj
d:\cybermed\daddy\dependency\sdk-vtk-9.4.2\build_msvc\common\core\commoncore.dir\debug\vtkbitarray.obj
d:\cybermed\daddy\dependency\sdk-vtk-9.4.2\build_msvc\common\core\commoncore.dir\debug\vtkatomicmutex.obj
d:\cybermed\daddy\dependency\sdk-vtk-9.4.2\build_msvc\common\core\commoncore.dir\debug\vtkarrayweights.obj
d:\cybermed\daddy\dependency\sdk-vtk-9.4.2\build_msvc\common\core\commoncore.dir\debug\vtkarraysort.obj
d:\cybermed\daddy\dependency\sdk-vtk-9.4.2\build_msvc\common\core\commoncore.dir\debug\vtkarrayrange.obj
d:\cybermed\daddy\dependency\sdk-vtk-9.4.2\build_msvc\common\core\commoncore.dir\debug\vtkarrayiterator.obj
d:\cybermed\daddy\dependency\sdk-vtk-9.4.2\build_msvc\common\core\commoncore.dir\debug\vtkarrayextentslist.obj
d:\cybermed\daddy\dependency\sdk-vtk-9.4.2\build_msvc\common\core\commoncore.dir\debug\vtkarrayextents.obj
d:\cybermed\daddy\dependency\sdk-vtk-9.4.2\build_msvc\common\core\commoncore.dir\debug\vtkarraycoordinates.obj
d:\cybermed\daddy\dependency\sdk-vtk-9.4.2\build_msvc\common\core\commoncore.dir\debug\vtkarray.obj
d:\cybermed\daddy\dependency\sdk-vtk-9.4.2\build_msvc\common\core\commoncore.dir\debug\vtkarchiver.obj
d:\cybermed\daddy\dependency\sdk-vtk-9.4.2\build_msvc\common\core\commoncore.dir\debug\vtkanimationcue.obj
d:\cybermed\daddy\dependency\sdk-vtk-9.4.2\build_msvc\common\core\commoncore.dir\debug\vtkabstractarray.obj
d:\cybermed\daddy\dependency\sdk-vtk-9.4.2\build_msvc\common\core\commoncore.dir\debug\vtkidlistcollection.obj
d:\cybermed\daddy\dependency\sdk-vtk-9.4.2\build_msvc\common\core\commoncore.dir\debug\vtkidlist.obj
d:\cybermed\daddy\dependency\sdk-vtk-9.4.2\build_msvc\common\core\commoncore.dir\debug\vtkgaussianrandomsequence.obj
d:\cybermed\daddy\dependency\sdk-vtk-9.4.2\build_msvc\common\core\commoncore.dir\debug\vtkgarbagecollectormanager.obj
d:\cybermed\daddy\dependency\sdk-vtk-9.4.2\build_msvc\common\core\commoncore.dir\debug\vtkgarbagecollector.obj
d:\cybermed\daddy\dependency\sdk-vtk-9.4.2\build_msvc\common\core\commoncore.dir\debug\vtkfloatingpointexceptions.obj
d:\cybermed\daddy\dependency\sdk-vtk-9.4.2\build_msvc\common\core\commoncore.dir\debug\vtkfloatarray.obj
d:\cybermed\daddy\dependency\sdk-vtk-9.4.2\build_msvc\common\core\commoncore.dir\debug\vtkfileoutputwindow.obj
d:\cybermed\daddy\dependency\sdk-vtk-9.4.2\build_msvc\common\core\commoncore.dir\debug\vtkeventforwardercommand.obj
d:\cybermed\daddy\dependency\sdk-vtk-9.4.2\build_msvc\common\core\commoncore.dir\debug\vtkdynamicloader.obj
d:\cybermed\daddy\dependency\sdk-vtk-9.4.2\build_msvc\common\core\commoncore.dir\debug\vtkdoublearray.obj
d:\cybermed\daddy\dependency\sdk-vtk-9.4.2\build_msvc\common\core\commoncore.dir\debug\vtkdeserializer.obj
d:\cybermed\daddy\dependency\sdk-vtk-9.4.2\build_msvc\common\core\commoncore.dir\debug\vtkdebugleaksmanager.obj
d:\cybermed\daddy\dependency\sdk-vtk-9.4.2\build_msvc\common\core\commoncore.dir\debug\vtkdebugleaks.obj
d:\cybermed\daddy\dependency\sdk-vtk-9.4.2\build_msvc\common\core\commoncore.dir\debug\vtkdataarrayselection.obj
d:\cybermed\daddy\dependency\sdk-vtk-9.4.2\build_msvc\common\core\commoncore.dir\debug\vtkdataarraycollectioniterator.obj
d:\cybermed\daddy\dependency\sdk-vtk-9.4.2\build_msvc\common\core\commoncore.dir\debug\vtkdataarraycollection.obj
d:\cybermed\daddy\dependency\sdk-vtk-9.4.2\build_msvc\common\core\commoncore.dir\debug\vtkcommoninformationkeymanager.obj
d:\cybermed\daddy\dependency\sdk-vtk-9.4.2\build_msvc\common\core\commoncore.dir\debug\vtkcommand.obj
d:\cybermed\daddy\dependency\sdk-vtk-9.4.2\build_msvc\common\core\commoncore.dir\debug\vtkcollectioniterator.obj
d:\cybermed\daddy\dependency\sdk-vtk-9.4.2\build_msvc\common\core\commoncore.dir\debug\vtkinformationstringkey.obj
d:\cybermed\daddy\dependency\sdk-vtk-9.4.2\build_msvc\common\core\commoncore.dir\debug\vtkinformationrequestkey.obj
d:\cybermed\daddy\dependency\sdk-vtk-9.4.2\build_msvc\common\core\commoncore.dir\debug\vtkinformationobjectbasevectorkey.obj
d:\cybermed\daddy\dependency\sdk-vtk-9.4.2\build_msvc\common\core\commoncore.dir\debug\vtkinformationobjectbasekey.obj
d:\cybermed\daddy\dependency\sdk-vtk-9.4.2\build_msvc\common\core\commoncore.dir\debug\vtkinformationkeyvectorkey.obj
d:\cybermed\daddy\dependency\sdk-vtk-9.4.2\build_msvc\common\core\commoncore.dir\debug\vtkinformationkeylookup.obj
d:\cybermed\daddy\dependency\sdk-vtk-9.4.2\build_msvc\common\core\commoncore.dir\debug\vtkinformationkey.obj
d:\cybermed\daddy\dependency\sdk-vtk-9.4.2\build_msvc\common\core\commoncore.dir\debug\vtkinformationiterator.obj
d:\cybermed\daddy\dependency\sdk-vtk-9.4.2\build_msvc\common\core\commoncore.dir\debug\vtkinformationintegervectorkey.obj
d:\cybermed\daddy\dependency\sdk-vtk-9.4.2\build_msvc\common\core\commoncore.dir\debug\vtkinformationintegerpointerkey.obj
d:\cybermed\daddy\dependency\sdk-vtk-9.4.2\build_msvc\common\core\commoncore.dir\debug\vtkinformationintegerkey.obj
d:\cybermed\daddy\dependency\sdk-vtk-9.4.2\build_msvc\common\core\commoncore.dir\debug\vtkinformationinformationvectorkey.obj
d:\cybermed\daddy\dependency\sdk-vtk-9.4.2\build_msvc\common\core\commoncore.dir\debug\vtkinformationinformationkey.obj
d:\cybermed\daddy\dependency\sdk-vtk-9.4.2\build_msvc\common\core\commoncore.dir\debug\vtkinformationidtypekey.obj
d:\cybermed\daddy\dependency\sdk-vtk-9.4.2\build_msvc\common\core\commoncore.dir\debug\vtkinformationdoublevectorkey.obj
d:\cybermed\daddy\dependency\sdk-vtk-9.4.2\build_msvc\common\core\commoncore.dir\debug\vtkinformationdoublekey.obj
d:\cybermed\daddy\dependency\sdk-vtk-9.4.2\build_msvc\common\core\commoncore.dir\debug\vtkinformationdataobjectkey.obj
d:\cybermed\daddy\dependency\sdk-vtk-9.4.2\build_msvc\common\core\commoncore.dir\debug\vtkinformation.obj
d:\cybermed\daddy\dependency\sdk-vtk-9.4.2\build_msvc\common\core\commoncore.dir\debug\vtkindent.obj
d:\cybermed\daddy\dependency\sdk-vtk-9.4.2\build_msvc\common\core\commoncore.dir\debug\vtkidtypearray.obj
d:\cybermed\daddy\dependency\sdk-vtk-9.4.2\build_msvc\common\core\commoncore.dir\debug\vtkobjectbase.obj
d:\cybermed\daddy\dependency\sdk-vtk-9.4.2\build_msvc\common\core\commoncore.dir\debug\vtkobject.obj
d:\cybermed\daddy\dependency\sdk-vtk-9.4.2\build_msvc\common\core\commoncore.dir\debug\vtkostreamwrapper.obj
d:\cybermed\daddy\dependency\sdk-vtk-9.4.2\build_msvc\common\core\commoncore.dir\debug\vtkostrstreamwrapper.obj
d:\cybermed\daddy\dependency\sdk-vtk-9.4.2\build_msvc\common\core\commoncore.dir\debug\vtknumbertostring.obj
d:\cybermed\daddy\dependency\sdk-vtk-9.4.2\build_msvc\common\core\commoncore.dir\debug\vtkmultithreader.obj
d:\cybermed\daddy\dependency\sdk-vtk-9.4.2\build_msvc\common\core\commoncore.dir\debug\vtkminimalstandardrandomsequence.obj
d:\cybermed\daddy\dependency\sdk-vtk-9.4.2\build_msvc\common\core\commoncore.dir\debug\vtkmersennetwister.obj
d:\cybermed\daddy\dependency\sdk-vtk-9.4.2\build_msvc\common\core\commoncore.dir\debug\vtkmarshalcontext.obj
d:\cybermed\daddy\dependency\sdk-vtk-9.4.2\build_msvc\common\core\commoncore.dir\debug\vtkmath.obj
d:\cybermed\daddy\dependency\sdk-vtk-9.4.2\build_msvc\common\core\commoncore.dir\debug\vtklookuptable.obj
d:\cybermed\daddy\dependency\sdk-vtk-9.4.2\build_msvc\common\core\commoncore.dir\debug\vtklonglongarray.obj
d:\cybermed\daddy\dependency\sdk-vtk-9.4.2\build_msvc\common\core\commoncore.dir\debug\vtklongarray.obj
d:\cybermed\daddy\dependency\sdk-vtk-9.4.2\build_msvc\common\core\commoncore.dir\debug\vtklargeinteger.obj
d:\cybermed\daddy\dependency\sdk-vtk-9.4.2\build_msvc\common\core\commoncore.dir\debug\vtkintarray.obj
d:\cybermed\daddy\dependency\sdk-vtk-9.4.2\build_msvc\common\core\commoncore.dir\debug\vtkinformationvector.obj
d:\cybermed\daddy\dependency\sdk-vtk-9.4.2\build_msvc\common\core\commoncore.dir\debug\vtkinformationvariantvectorkey.obj
d:\cybermed\daddy\dependency\sdk-vtk-9.4.2\build_msvc\common\core\commoncore.dir\debug\vtkinformationvariantkey.obj
d:\cybermed\daddy\dependency\sdk-vtk-9.4.2\build_msvc\common\core\commoncore.dir\debug\vtkinformationunsignedlongkey.obj
d:\cybermed\daddy\dependency\sdk-vtk-9.4.2\build_msvc\common\core\commoncore.dir\debug\vtkinformationstringvectorkey.obj
d:\cybermed\daddy\dependency\sdk-vtk-9.4.2\build_msvc\common\core\commoncore.dir\debug\vtkstringarray.obj
d:\cybermed\daddy\dependency\sdk-vtk-9.4.2\build_msvc\common\core\commoncore.dir\debug\vtkstdstring.obj
d:\cybermed\daddy\dependency\sdk-vtk-9.4.2\build_msvc\common\core\commoncore.dir\debug\vtksortdataarray.obj
d:\cybermed\daddy\dependency\sdk-vtk-9.4.2\build_msvc\common\core\commoncore.dir\debug\vtksmartpointerbase.obj
d:\cybermed\daddy\dependency\sdk-vtk-9.4.2\build_msvc\common\core\commoncore.dir\debug\vtksignedchararray.obj
d:\cybermed\daddy\dependency\sdk-vtk-9.4.2\build_msvc\common\core\commoncore.dir\debug\vtkshortarray.obj
d:\cybermed\daddy\dependency\sdk-vtk-9.4.2\build_msvc\common\core\commoncore.dir\debug\vtkscalarstocolors.obj
d:\cybermed\daddy\dependency\sdk-vtk-9.4.2\build_msvc\common\core\commoncore.dir\debug\vtkserializer.obj
d:\cybermed\daddy\dependency\sdk-vtk-9.4.2\build_msvc\common\core\commoncore.dir\debug\vtkreferencecount.obj
d:\cybermed\daddy\dependency\sdk-vtk-9.4.2\build_msvc\common\core\commoncore.dir\debug\vtkrandomsequence.obj
d:\cybermed\daddy\dependency\sdk-vtk-9.4.2\build_msvc\common\core\commoncore.dir\debug\vtkrandompool.obj
d:\cybermed\daddy\dependency\sdk-vtk-9.4.2\build_msvc\common\core\commoncore.dir\debug\vtkpriorityqueue.obj
d:\cybermed\daddy\dependency\sdk-vtk-9.4.2\build_msvc\common\core\commoncore.dir\debug\vtkpoints2d.obj
d:\cybermed\daddy\dependency\sdk-vtk-9.4.2\build_msvc\common\core\commoncore.dir\debug\vtkpoints.obj
d:\cybermed\daddy\dependency\sdk-vtk-9.4.2\build_msvc\common\core\commoncore.dir\debug\vtkoverrideinformationcollection.obj
d:\cybermed\daddy\dependency\sdk-vtk-9.4.2\build_msvc\common\core\commoncore.dir\debug\vtkoverrideinformation.obj
d:\cybermed\daddy\dependency\sdk-vtk-9.4.2\build_msvc\common\core\commoncore.dir\debug\vtkoutputwindow.obj
d:\cybermed\daddy\dependency\sdk-vtk-9.4.2\build_msvc\common\core\commoncore.dir\debug\vtkoldstylecallbackcommand.obj
d:\cybermed\daddy\dependency\sdk-vtk-9.4.2\build_msvc\common\core\commoncore.dir\debug\vtkobjectfactorycollection.obj
d:\cybermed\daddy\dependency\sdk-vtk-9.4.2\build_msvc\common\core\commoncore.dir\debug\vtkobjectfactory.obj
d:\cybermed\daddy\dependency\sdk-vtk-9.4.2\build_msvc\common\core\commoncore.dir\debug\vtkwin32processoutputwindow.obj
d:\cybermed\daddy\dependency\sdk-vtk-9.4.2\build_msvc\common\core\commoncore.dir\debug\vtkwin32outputwindow.obj
d:\cybermed\daddy\dependency\sdk-vtk-9.4.2\build_msvc\common\core\commoncore.dir\debug\vtkxmlfileoutputwindow.obj
d:\cybermed\daddy\dependency\sdk-vtk-9.4.2\build_msvc\common\core\commoncore.dir\debug\vtkwindow.obj
d:\cybermed\daddy\dependency\sdk-vtk-9.4.2\build_msvc\common\core\commoncore.dir\debug\vtkweakreference.obj
d:\cybermed\daddy\dependency\sdk-vtk-9.4.2\build_msvc\common\core\commoncore.dir\debug\vtkweakpointerbase.obj
d:\cybermed\daddy\dependency\sdk-vtk-9.4.2\build_msvc\common\core\commoncore.dir\debug\vtkvoidarray.obj
d:\cybermed\daddy\dependency\sdk-vtk-9.4.2\build_msvc\common\core\commoncore.dir\debug\vtkversion.obj
d:\cybermed\daddy\dependency\sdk-vtk-9.4.2\build_msvc\common\core\commoncore.dir\debug\vtkvariantarray.obj
d:\cybermed\daddy\dependency\sdk-vtk-9.4.2\build_msvc\common\core\commoncore.dir\debug\vtkvariant.obj
d:\cybermed\daddy\dependency\sdk-vtk-9.4.2\build_msvc\common\core\commoncore.dir\debug\vtkunsignedshortarray.obj
d:\cybermed\daddy\dependency\sdk-vtk-9.4.2\build_msvc\common\core\commoncore.dir\debug\vtkunsignedlonglongarray.obj
d:\cybermed\daddy\dependency\sdk-vtk-9.4.2\build_msvc\common\core\commoncore.dir\debug\vtkunsignedlongarray.obj
d:\cybermed\daddy\dependency\sdk-vtk-9.4.2\build_msvc\common\core\commoncore.dir\debug\vtkunsignedintarray.obj
d:\cybermed\daddy\dependency\sdk-vtk-9.4.2\build_msvc\common\core\commoncore.dir\debug\vtkunsignedchararray.obj
d:\cybermed\daddy\dependency\sdk-vtk-9.4.2\build_msvc\common\core\commoncore.dir\debug\vtkthreadedcallbackqueue.obj
d:\cybermed\daddy\dependency\sdk-vtk-9.4.2\build_msvc\common\core\commoncore.dir\debug\vtktimestamp.obj
d:\cybermed\daddy\dependency\sdk-vtk-9.4.2\build_msvc\common\core\commoncore.dir\debug\vtktimepointutility.obj
d:\cybermed\daddy\dependency\sdk-vtk-9.4.2\build_msvc\common\core\commoncore.dir\debug\vtkstringtoken.obj
d:\cybermed\daddy\dependency\sdk-vtk-9.4.2\build_msvc\common\core\commoncore.dir\debug\vtkstringoutputwindow.obj
d:\cybermed\daddy\dependency\sdk-vtk-9.4.2\build_msvc\common\core\commoncore.dir\debug\vc143.pdb
d:\cybermed\daddy\dependency\sdk-vtk-9.4.2\build_msvc\common\core\commoncore.dir\debug\smp\stdthread\vtksmptoolsimpl.cxx.obj
d:\cybermed\daddy\dependency\sdk-vtk-9.4.2\build_msvc\common\core\commoncore.dir\debug\smp\sequential\vtksmptoolsimpl.cxx.obj
d:\cybermed\daddy\dependency\sdk-vtk-9.4.2\build_msvc\common\core\commoncore.dir\debug\vtkwin32outputwindowprocessencoded.obj
d:\cybermed\daddy\dependency\sdk-vtk-9.4.2\build_msvc\common\core\commoncore.dir\debug\vtkdataarray.obj
d:\cybermed\daddy\dependency\sdk-vtk-9.4.2\build_msvc\common\core\commoncore.dir\debug\vtklogger.obj
d:\cybermed\daddy\dependency\sdk-vtk-9.4.2\build_msvc\common\core\cmakefiles\generate.stamp
d:\cybermed\daddy\dependency\sdk-vtk-9.4.2\build_msvc\lib\debug\vtkcommoncore-9.4d.lib
d:\cybermed\daddy\dependency\sdk-vtk-9.4.2\build_msvc\bin\debug\vtkcommoncore-9.4d.dll
d:\cybermed\daddy\dependency\sdk-vtk-9.4.2\build_msvc\bin\debug\vtkcommoncore-9.4d.pdb
d:\cybermed\daddy\dependency\sdk-vtk-9.4.2\build_msvc\lib\debug\vtkcommoncore-9.4d.exp
d:\cybermed\daddy\dependency\sdk-vtk-9.4.2\build_msvc\common\core\commoncore.dir\debug\vtkcommoncore-9.4d.ilk
d:\cybermed\daddy\dependency\sdk-vtk-9.4.2\build_msvc\common\core\commoncore.dir\debug\commoncore.tlog\cl.command.1.tlog
d:\cybermed\daddy\dependency\sdk-vtk-9.4.2\build_msvc\common\core\commoncore.dir\debug\commoncore.tlog\cl.items.tlog
d:\cybermed\daddy\dependency\sdk-vtk-9.4.2\build_msvc\common\core\commoncore.dir\debug\commoncore.tlog\cl.read.1.tlog
d:\cybermed\daddy\dependency\sdk-vtk-9.4.2\build_msvc\common\core\commoncore.dir\debug\commoncore.tlog\cl.write.1.tlog
d:\cybermed\daddy\dependency\sdk-vtk-9.4.2\build_msvc\common\core\commoncore.dir\debug\commoncore.tlog\custombuild.command.1.tlog
d:\cybermed\daddy\dependency\sdk-vtk-9.4.2\build_msvc\common\core\commoncore.dir\debug\commoncore.tlog\custombuild.read.1.tlog
d:\cybermed\daddy\dependency\sdk-vtk-9.4.2\build_msvc\common\core\commoncore.dir\debug\commoncore.tlog\custombuild.write.1.tlog
d:\cybermed\daddy\dependency\sdk-vtk-9.4.2\build_msvc\common\core\commoncore.dir\debug\commoncore.tlog\lib-link.read.1.tlog
d:\cybermed\daddy\dependency\sdk-vtk-9.4.2\build_msvc\common\core\commoncore.dir\debug\commoncore.tlog\lib-link.write.1.tlog
d:\cybermed\daddy\dependency\sdk-vtk-9.4.2\build_msvc\common\core\commoncore.dir\debug\commoncore.tlog\lib.command.1.tlog
d:\cybermed\daddy\dependency\sdk-vtk-9.4.2\build_msvc\common\core\commoncore.dir\debug\commoncore.tlog\link.command.1.tlog
d:\cybermed\daddy\dependency\sdk-vtk-9.4.2\build_msvc\common\core\commoncore.dir\debug\commoncore.tlog\link.read.1.tlog
d:\cybermed\daddy\dependency\sdk-vtk-9.4.2\build_msvc\common\core\commoncore.dir\debug\commoncore.tlog\link.secondary.1.tlog
d:\cybermed\daddy\dependency\sdk-vtk-9.4.2\build_msvc\common\core\commoncore.dir\debug\commoncore.tlog\link.write.1.tlog
