d:\cybermed\daddy\dependency\sdk-vtk-9.4.2\build_msvc\lib\debug\vtkdomainschemistry-9.4d.pdb
d:\cybermed\daddy\dependency\sdk-vtk-9.4.2\build_msvc\domains\chemistry\domainschemistry.dir\debug\vtksimplebondperceiver.obj
d:\cybermed\daddy\dependency\sdk-vtk-9.4.2\build_msvc\domains\chemistry\domainschemistry.dir\debug\vtkproteinribbonfilter.obj
d:\cybermed\daddy\dependency\sdk-vtk-9.4.2\build_msvc\domains\chemistry\domainschemistry.dir\debug\vtkprogrammableelectronicdata.obj
d:\cybermed\daddy\dependency\sdk-vtk-9.4.2\build_msvc\domains\chemistry\domainschemistry.dir\debug\vtkpointsettomoleculefilter.obj
d:\cybermed\daddy\dependency\sdk-vtk-9.4.2\build_msvc\domains\chemistry\domainschemistry.dir\debug\vtkperiodictable.obj
d:\cybermed\daddy\dependency\sdk-vtk-9.4.2\build_msvc\domains\chemistry\domainschemistry.dir\debug\vtkmoleculetopolydatafilter.obj
d:\cybermed\daddy\dependency\sdk-vtk-9.4.2\build_msvc\domains\chemistry\domainschemistry.dir\debug\vtkmoleculetolinesfilter.obj
d:\cybermed\daddy\dependency\sdk-vtk-9.4.2\build_msvc\domains\chemistry\domainschemistry.dir\debug\vtkmoleculetobondstickfilter.obj
d:\cybermed\daddy\dependency\sdk-vtk-9.4.2\build_msvc\domains\chemistry\domainschemistry.dir\debug\vtkmoleculetoatomballfilter.obj
d:\cybermed\daddy\dependency\sdk-vtk-9.4.2\build_msvc\domains\chemistry\domainschemistry.dir\debug\vtkmoleculemapper.obj
d:\cybermed\daddy\dependency\sdk-vtk-9.4.2\build_msvc\domains\chemistry\domainschemistry.dir\debug\vtkblueobeliskdataparser.obj
d:\cybermed\daddy\dependency\sdk-vtk-9.4.2\build_msvc\domains\chemistry\domainschemistry.dir\debug\vtkblueobeliskdata.obj
d:\cybermed\daddy\dependency\sdk-vtk-9.4.2\build_msvc\domains\chemistry\domainschemistry.dir\debug\vc143.pdb
d:\cybermed\daddy\dependency\sdk-vtk-9.4.2\build_msvc\domains\chemistry\cmakefiles\generate.stamp
d:\cybermed\daddy\dependency\sdk-vtk-9.4.2\build_msvc\lib\debug\vtkdomainschemistry-9.4d.lib
d:\cybermed\daddy\dependency\sdk-vtk-9.4.2\build_msvc\bin\debug\vtkdomainschemistry-9.4d.dll
d:\cybermed\daddy\dependency\sdk-vtk-9.4.2\build_msvc\bin\debug\vtkdomainschemistry-9.4d.pdb
d:\cybermed\daddy\dependency\sdk-vtk-9.4.2\build_msvc\lib\debug\vtkdomainschemistry-9.4d.exp
d:\cybermed\daddy\dependency\sdk-vtk-9.4.2\build_msvc\domains\chemistry\domainschemistry.dir\debug\vtkdomainschemistry-9.4d.ilk
d:\cybermed\daddy\dependency\sdk-vtk-9.4.2\build_msvc\domains\chemistry\domainschemistry.dir\debug\domainschemistry.tlog\cl.command.1.tlog
d:\cybermed\daddy\dependency\sdk-vtk-9.4.2\build_msvc\domains\chemistry\domainschemistry.dir\debug\domainschemistry.tlog\cl.items.tlog
d:\cybermed\daddy\dependency\sdk-vtk-9.4.2\build_msvc\domains\chemistry\domainschemistry.dir\debug\domainschemistry.tlog\cl.read.1.tlog
d:\cybermed\daddy\dependency\sdk-vtk-9.4.2\build_msvc\domains\chemistry\domainschemistry.dir\debug\domainschemistry.tlog\cl.write.1.tlog
d:\cybermed\daddy\dependency\sdk-vtk-9.4.2\build_msvc\domains\chemistry\domainschemistry.dir\debug\domainschemistry.tlog\custombuild.command.1.tlog
d:\cybermed\daddy\dependency\sdk-vtk-9.4.2\build_msvc\domains\chemistry\domainschemistry.dir\debug\domainschemistry.tlog\custombuild.read.1.tlog
d:\cybermed\daddy\dependency\sdk-vtk-9.4.2\build_msvc\domains\chemistry\domainschemistry.dir\debug\domainschemistry.tlog\custombuild.write.1.tlog
d:\cybermed\daddy\dependency\sdk-vtk-9.4.2\build_msvc\domains\chemistry\domainschemistry.dir\debug\domainschemistry.tlog\lib-link.read.1.tlog
d:\cybermed\daddy\dependency\sdk-vtk-9.4.2\build_msvc\domains\chemistry\domainschemistry.dir\debug\domainschemistry.tlog\lib-link.write.1.tlog
d:\cybermed\daddy\dependency\sdk-vtk-9.4.2\build_msvc\domains\chemistry\domainschemistry.dir\debug\domainschemistry.tlog\lib.command.1.tlog
d:\cybermed\daddy\dependency\sdk-vtk-9.4.2\build_msvc\domains\chemistry\domainschemistry.dir\debug\domainschemistry.tlog\link.command.1.tlog
d:\cybermed\daddy\dependency\sdk-vtk-9.4.2\build_msvc\domains\chemistry\domainschemistry.dir\debug\domainschemistry.tlog\link.read.1.tlog
d:\cybermed\daddy\dependency\sdk-vtk-9.4.2\build_msvc\domains\chemistry\domainschemistry.dir\debug\domainschemistry.tlog\link.secondary.1.tlog
d:\cybermed\daddy\dependency\sdk-vtk-9.4.2\build_msvc\domains\chemistry\domainschemistry.dir\debug\domainschemistry.tlog\link.write.1.tlog
