d:\cybermed\daddy\dependency\sdk-vtk-9.4.2\build_msvc\lib\debug\vtkimagingfourier-9.4d.pdb
d:\cybermed\daddy\dependency\sdk-vtk-9.4.2\build_msvc\imaging\fourier\imagingfourier.dir\debug\vtkimagerfft.obj
d:\cybermed\daddy\dependency\sdk-vtk-9.4.2\build_msvc\imaging\fourier\imagingfourier.dir\debug\vtkimageideallowpass.obj
d:\cybermed\daddy\dependency\sdk-vtk-9.4.2\build_msvc\imaging\fourier\imagingfourier.dir\debug\vtkimageidealhighpass.obj
d:\cybermed\daddy\dependency\sdk-vtk-9.4.2\build_msvc\imaging\fourier\imagingfourier.dir\debug\vtkimagefourierfilter.obj
d:\cybermed\daddy\dependency\sdk-vtk-9.4.2\build_msvc\imaging\fourier\imagingfourier.dir\debug\vtkimagefouriercenter.obj
d:\cybermed\daddy\dependency\sdk-vtk-9.4.2\build_msvc\imaging\fourier\imagingfourier.dir\debug\vtkimagefft.obj
d:\cybermed\daddy\dependency\sdk-vtk-9.4.2\build_msvc\imaging\fourier\imagingfourier.dir\debug\vtkimagebutterworthlowpass.obj
d:\cybermed\daddy\dependency\sdk-vtk-9.4.2\build_msvc\imaging\fourier\imagingfourier.dir\debug\vtkimagebutterworthhighpass.obj
d:\cybermed\daddy\dependency\sdk-vtk-9.4.2\build_msvc\imaging\fourier\imagingfourier.dir\debug\vc143.pdb
d:\cybermed\daddy\dependency\sdk-vtk-9.4.2\build_msvc\imaging\fourier\cmakefiles\generate.stamp
d:\cybermed\daddy\dependency\sdk-vtk-9.4.2\build_msvc\lib\debug\vtkimagingfourier-9.4d.lib
d:\cybermed\daddy\dependency\sdk-vtk-9.4.2\build_msvc\bin\debug\vtkimagingfourier-9.4d.dll
d:\cybermed\daddy\dependency\sdk-vtk-9.4.2\build_msvc\bin\debug\vtkimagingfourier-9.4d.pdb
d:\cybermed\daddy\dependency\sdk-vtk-9.4.2\build_msvc\lib\debug\vtkimagingfourier-9.4d.exp
d:\cybermed\daddy\dependency\sdk-vtk-9.4.2\build_msvc\imaging\fourier\imagingfourier.dir\debug\vtkimagingfourier-9.4d.ilk
d:\cybermed\daddy\dependency\sdk-vtk-9.4.2\build_msvc\imaging\fourier\imagingfourier.dir\debug\imagingfourier.tlog\cl.command.1.tlog
d:\cybermed\daddy\dependency\sdk-vtk-9.4.2\build_msvc\imaging\fourier\imagingfourier.dir\debug\imagingfourier.tlog\cl.items.tlog
d:\cybermed\daddy\dependency\sdk-vtk-9.4.2\build_msvc\imaging\fourier\imagingfourier.dir\debug\imagingfourier.tlog\cl.read.1.tlog
d:\cybermed\daddy\dependency\sdk-vtk-9.4.2\build_msvc\imaging\fourier\imagingfourier.dir\debug\imagingfourier.tlog\cl.write.1.tlog
d:\cybermed\daddy\dependency\sdk-vtk-9.4.2\build_msvc\imaging\fourier\imagingfourier.dir\debug\imagingfourier.tlog\custombuild.command.1.tlog
d:\cybermed\daddy\dependency\sdk-vtk-9.4.2\build_msvc\imaging\fourier\imagingfourier.dir\debug\imagingfourier.tlog\custombuild.read.1.tlog
d:\cybermed\daddy\dependency\sdk-vtk-9.4.2\build_msvc\imaging\fourier\imagingfourier.dir\debug\imagingfourier.tlog\custombuild.write.1.tlog
d:\cybermed\daddy\dependency\sdk-vtk-9.4.2\build_msvc\imaging\fourier\imagingfourier.dir\debug\imagingfourier.tlog\lib-link.read.1.tlog
d:\cybermed\daddy\dependency\sdk-vtk-9.4.2\build_msvc\imaging\fourier\imagingfourier.dir\debug\imagingfourier.tlog\lib-link.write.1.tlog
d:\cybermed\daddy\dependency\sdk-vtk-9.4.2\build_msvc\imaging\fourier\imagingfourier.dir\debug\imagingfourier.tlog\lib.command.1.tlog
d:\cybermed\daddy\dependency\sdk-vtk-9.4.2\build_msvc\imaging\fourier\imagingfourier.dir\debug\imagingfourier.tlog\link.command.1.tlog
d:\cybermed\daddy\dependency\sdk-vtk-9.4.2\build_msvc\imaging\fourier\imagingfourier.dir\debug\imagingfourier.tlog\link.read.1.tlog
d:\cybermed\daddy\dependency\sdk-vtk-9.4.2\build_msvc\imaging\fourier\imagingfourier.dir\debug\imagingfourier.tlog\link.secondary.1.tlog
d:\cybermed\daddy\dependency\sdk-vtk-9.4.2\build_msvc\imaging\fourier\imagingfourier.dir\debug\imagingfourier.tlog\link.write.1.tlog
