d:\cybermed\daddy\dependency\sdk-vtk-9.4.2\build_msvc\lib\debug\vtkimagingmorphological-9.4d.pdb
d:\cybermed\daddy\dependency\sdk-vtk-9.4.2\build_msvc\imaging\morphological\imagingmorphological.dir\debug\vtkimagethresholdconnectivity.obj
d:\cybermed\daddy\dependency\sdk-vtk-9.4.2\build_msvc\imaging\morphological\imagingmorphological.dir\debug\vtkimageskeleton2d.obj
d:\cybermed\daddy\dependency\sdk-vtk-9.4.2\build_msvc\imaging\morphological\imagingmorphological.dir\debug\vtkimageseedconnectivity.obj
d:\cybermed\daddy\dependency\sdk-vtk-9.4.2\build_msvc\imaging\morphological\imagingmorphological.dir\debug\vtkimageopenclose3d.obj
d:\cybermed\daddy\dependency\sdk-vtk-9.4.2\build_msvc\imaging\morphological\imagingmorphological.dir\debug\vtkimagenonmaximumsuppression.obj
d:\cybermed\daddy\dependency\sdk-vtk-9.4.2\build_msvc\imaging\morphological\imagingmorphological.dir\debug\vtkimageislandremoval2d.obj
d:\cybermed\daddy\dependency\sdk-vtk-9.4.2\build_msvc\imaging\morphological\imagingmorphological.dir\debug\vtkimagedilateerode3d.obj
d:\cybermed\daddy\dependency\sdk-vtk-9.4.2\build_msvc\imaging\morphological\imagingmorphological.dir\debug\vtkimagecontinuouserode3d.obj
d:\cybermed\daddy\dependency\sdk-vtk-9.4.2\build_msvc\imaging\morphological\imagingmorphological.dir\debug\vtkimagecontinuousdilate3d.obj
d:\cybermed\daddy\dependency\sdk-vtk-9.4.2\build_msvc\imaging\morphological\imagingmorphological.dir\debug\vtkimageconnector.obj
d:\cybermed\daddy\dependency\sdk-vtk-9.4.2\build_msvc\imaging\morphological\imagingmorphological.dir\debug\vtkimageconnectivityfilter.obj
d:\cybermed\daddy\dependency\sdk-vtk-9.4.2\build_msvc\imaging\morphological\imagingmorphological.dir\debug\vc143.pdb
d:\cybermed\daddy\dependency\sdk-vtk-9.4.2\build_msvc\imaging\morphological\cmakefiles\generate.stamp
d:\cybermed\daddy\dependency\sdk-vtk-9.4.2\build_msvc\lib\debug\vtkimagingmorphological-9.4d.lib
d:\cybermed\daddy\dependency\sdk-vtk-9.4.2\build_msvc\bin\debug\vtkimagingmorphological-9.4d.dll
d:\cybermed\daddy\dependency\sdk-vtk-9.4.2\build_msvc\bin\debug\vtkimagingmorphological-9.4d.pdb
d:\cybermed\daddy\dependency\sdk-vtk-9.4.2\build_msvc\lib\debug\vtkimagingmorphological-9.4d.exp
d:\cybermed\daddy\dependency\sdk-vtk-9.4.2\build_msvc\imaging\morphological\imagingmorphological.dir\debug\vtkimagingmorphological-9.4d.ilk
d:\cybermed\daddy\dependency\sdk-vtk-9.4.2\build_msvc\imaging\morphological\imagingmorphological.dir\debug\imagingm.a8eb4999.tlog\cl.command.1.tlog
d:\cybermed\daddy\dependency\sdk-vtk-9.4.2\build_msvc\imaging\morphological\imagingmorphological.dir\debug\imagingm.a8eb4999.tlog\cl.items.tlog
d:\cybermed\daddy\dependency\sdk-vtk-9.4.2\build_msvc\imaging\morphological\imagingmorphological.dir\debug\imagingm.a8eb4999.tlog\cl.read.1.tlog
d:\cybermed\daddy\dependency\sdk-vtk-9.4.2\build_msvc\imaging\morphological\imagingmorphological.dir\debug\imagingm.a8eb4999.tlog\cl.write.1.tlog
d:\cybermed\daddy\dependency\sdk-vtk-9.4.2\build_msvc\imaging\morphological\imagingmorphological.dir\debug\imagingm.a8eb4999.tlog\custombuild.command.1.tlog
d:\cybermed\daddy\dependency\sdk-vtk-9.4.2\build_msvc\imaging\morphological\imagingmorphological.dir\debug\imagingm.a8eb4999.tlog\custombuild.read.1.tlog
d:\cybermed\daddy\dependency\sdk-vtk-9.4.2\build_msvc\imaging\morphological\imagingmorphological.dir\debug\imagingm.a8eb4999.tlog\custombuild.write.1.tlog
d:\cybermed\daddy\dependency\sdk-vtk-9.4.2\build_msvc\imaging\morphological\imagingmorphological.dir\debug\imagingm.a8eb4999.tlog\lib-link.read.1.tlog
d:\cybermed\daddy\dependency\sdk-vtk-9.4.2\build_msvc\imaging\morphological\imagingmorphological.dir\debug\imagingm.a8eb4999.tlog\lib-link.write.1.tlog
d:\cybermed\daddy\dependency\sdk-vtk-9.4.2\build_msvc\imaging\morphological\imagingmorphological.dir\debug\imagingm.a8eb4999.tlog\lib.command.1.tlog
d:\cybermed\daddy\dependency\sdk-vtk-9.4.2\build_msvc\imaging\morphological\imagingmorphological.dir\debug\imagingm.a8eb4999.tlog\link.command.1.tlog
d:\cybermed\daddy\dependency\sdk-vtk-9.4.2\build_msvc\imaging\morphological\imagingmorphological.dir\debug\imagingm.a8eb4999.tlog\link.read.1.tlog
d:\cybermed\daddy\dependency\sdk-vtk-9.4.2\build_msvc\imaging\morphological\imagingmorphological.dir\debug\imagingm.a8eb4999.tlog\link.secondary.1.tlog
d:\cybermed\daddy\dependency\sdk-vtk-9.4.2\build_msvc\imaging\morphological\imagingmorphological.dir\debug\imagingm.a8eb4999.tlog\link.write.1.tlog
