d:\cybermed\daddy\dependency\dcmtk-dcmtk-3.6.8\build_msvc\oficonv\libsrc\oficonv.dir\release\citrus_jisx0208.obj
d:\cybermed\daddy\dependency\dcmtk-dcmtk-3.6.8\build_msvc\oficonv\libsrc\oficonv.dir\release\citrus_iso2022.obj
d:\cybermed\daddy\dependency\dcmtk-dcmtk-3.6.8\build_msvc\oficonv\libsrc\oficonv.dir\release\citrus_iconv_std.obj
d:\cybermed\daddy\dependency\dcmtk-dcmtk-3.6.8\build_msvc\oficonv\libsrc\oficonv.dir\release\citrus_iconv_none.obj
d:\cybermed\daddy\dependency\dcmtk-dcmtk-3.6.8\build_msvc\oficonv\libsrc\oficonv.dir\release\citrus_iconv.obj
d:\cybermed\daddy\dependency\dcmtk-dcmtk-3.6.8\build_msvc\oficonv\libsrc\oficonv.dir\release\citrus_hz.obj
d:\cybermed\daddy\dependency\dcmtk-dcmtk-3.6.8\build_msvc\oficonv\libsrc\oficonv.dir\release\citrus_hash.obj
d:\cybermed\daddy\dependency\dcmtk-dcmtk-3.6.8\build_msvc\oficonv\libsrc\oficonv.dir\release\citrus_gbk2k.obj
d:\cybermed\daddy\dependency\dcmtk-dcmtk-3.6.8\build_msvc\oficonv\libsrc\oficonv.dir\release\citrus_euctw.obj
d:\cybermed\daddy\dependency\dcmtk-dcmtk-3.6.8\build_msvc\oficonv\libsrc\oficonv.dir\release\citrus_euc.obj
d:\cybermed\daddy\dependency\dcmtk-dcmtk-3.6.8\build_msvc\oficonv\libsrc\oficonv.dir\release\citrus_esdb.obj
d:\cybermed\daddy\dependency\dcmtk-dcmtk-3.6.8\build_msvc\oficonv\libsrc\oficonv.dir\release\citrus_dechanyu.obj
d:\cybermed\daddy\dependency\dcmtk-dcmtk-3.6.8\build_msvc\oficonv\libsrc\oficonv.dir\release\citrus_db_hash.obj
d:\cybermed\daddy\dependency\dcmtk-dcmtk-3.6.8\build_msvc\oficonv\libsrc\oficonv.dir\release\citrus_db_factory.obj
d:\cybermed\daddy\dependency\dcmtk-dcmtk-3.6.8\build_msvc\oficonv\libsrc\oficonv.dir\release\citrus_db.obj
d:\cybermed\daddy\dependency\dcmtk-dcmtk-3.6.8\build_msvc\oficonv\libsrc\oficonv.dir\release\citrus_csmapper.obj
d:\cybermed\daddy\dependency\dcmtk-dcmtk-3.6.8\build_msvc\oficonv\libsrc\oficonv.dir\release\citrus_big5.obj
d:\cybermed\daddy\dependency\dcmtk-dcmtk-3.6.8\build_msvc\oficonv\libsrc\oficonv.dir\release\citrus_bcs_strtoul.obj
d:\cybermed\daddy\dependency\dcmtk-dcmtk-3.6.8\build_msvc\oficonv\libsrc\oficonv.dir\release\citrus_bcs_strtol.obj
d:\cybermed\daddy\dependency\dcmtk-dcmtk-3.6.8\build_msvc\oficonv\libsrc\oficonv.dir\release\citrus_bcs.obj
d:\cybermed\daddy\dependency\dcmtk-dcmtk-3.6.8\build_msvc\oficonv\libsrc\oficonv.dir\release\citrus_utf7.obj
d:\cybermed\daddy\dependency\dcmtk-dcmtk-3.6.8\build_msvc\oficonv\libsrc\oficonv.dir\release\citrus_utf1632.obj
d:\cybermed\daddy\dependency\dcmtk-dcmtk-3.6.8\build_msvc\oficonv\libsrc\oficonv.dir\release\citrus_ues.obj
d:\cybermed\daddy\dependency\dcmtk-dcmtk-3.6.8\build_msvc\oficonv\libsrc\oficonv.dir\release\citrus_stdenc.obj
d:\cybermed\daddy\dependency\dcmtk-dcmtk-3.6.8\build_msvc\oficonv\libsrc\oficonv.dir\release\citrus_prop.obj
d:\cybermed\daddy\dependency\dcmtk-dcmtk-3.6.8\build_msvc\oficonv\libsrc\oficonv.dir\release\citrus_pivot_factory.obj
d:\cybermed\daddy\dependency\dcmtk-dcmtk-3.6.8\build_msvc\oficonv\libsrc\oficonv.dir\release\citrus_none.obj
d:\cybermed\daddy\dependency\dcmtk-dcmtk-3.6.8\build_msvc\oficonv\libsrc\oficonv.dir\release\citrus_mskanji.obj
d:\cybermed\daddy\dependency\dcmtk-dcmtk-3.6.8\build_msvc\oficonv\libsrc\oficonv.dir\release\citrus_module.obj
d:\cybermed\daddy\dependency\dcmtk-dcmtk-3.6.8\build_msvc\oficonv\libsrc\oficonv.dir\release\citrus_mmap.obj
d:\cybermed\daddy\dependency\dcmtk-dcmtk-3.6.8\build_msvc\oficonv\libsrc\oficonv.dir\release\citrus_memstream.obj
d:\cybermed\daddy\dependency\dcmtk-dcmtk-3.6.8\build_msvc\oficonv\libsrc\oficonv.dir\release\citrus_mapper_zone.obj
d:\cybermed\daddy\dependency\dcmtk-dcmtk-3.6.8\build_msvc\oficonv\libsrc\oficonv.dir\release\citrus_mapper_std.obj
d:\cybermed\daddy\dependency\dcmtk-dcmtk-3.6.8\build_msvc\oficonv\libsrc\oficonv.dir\release\citrus_mapper_serial.obj
d:\cybermed\daddy\dependency\dcmtk-dcmtk-3.6.8\build_msvc\oficonv\libsrc\oficonv.dir\release\citrus_mapper_none.obj
d:\cybermed\daddy\dependency\dcmtk-dcmtk-3.6.8\build_msvc\oficonv\libsrc\oficonv.dir\release\citrus_mapper.obj
d:\cybermed\daddy\dependency\dcmtk-dcmtk-3.6.8\build_msvc\oficonv\libsrc\oficonv.dir\release\citrus_mapper_646.obj
d:\cybermed\daddy\dependency\dcmtk-dcmtk-3.6.8\build_msvc\oficonv\libsrc\oficonv.dir\release\citrus_lookup_factory.obj
d:\cybermed\daddy\dependency\dcmtk-dcmtk-3.6.8\build_msvc\oficonv\libsrc\oficonv.dir\release\citrus_lookup.obj
d:\cybermed\daddy\dependency\dcmtk-dcmtk-3.6.8\build_msvc\oficonv\libsrc\oficonv.dir\release\citrus_johab.obj
d:\cybermed\daddy\dependency\dcmtk-dcmtk-3.6.8\build_msvc\oficonv\libsrc\oficonv.dir\release\data_csmapper.obj
d:\cybermed\daddy\dependency\dcmtk-dcmtk-3.6.8\build_msvc\oficonv\libsrc\oficonv.dir\release\data_esdb.obj
d:\cybermed\daddy\dependency\dcmtk-dcmtk-3.6.8\build_msvc\oficonv\libsrc\oficonv.dir\release\oficonv_strcasestr.obj
d:\cybermed\daddy\dependency\dcmtk-dcmtk-3.6.8\build_msvc\oficonv\libsrc\oficonv.dir\release\oficonv_strlcpy.obj
d:\cybermed\daddy\dependency\dcmtk-dcmtk-3.6.8\build_msvc\oficonv\libsrc\oficonv.dir\release\oficonv_logger.obj
d:\cybermed\daddy\dependency\dcmtk-dcmtk-3.6.8\build_msvc\oficonv\libsrc\oficonv.dir\release\oficonv_iconv.obj
d:\cybermed\daddy\dependency\dcmtk-dcmtk-3.6.8\build_msvc\oficonv\libsrc\oficonv.dir\release\citrus_zw.obj
d:\cybermed\daddy\dependency\dcmtk-dcmtk-3.6.8\build_msvc\oficonv\libsrc\oficonv.dir\release\citrus_viqr.obj
d:\cybermed\daddy\dependency\dcmtk-dcmtk-3.6.8\build_msvc\oficonv\libsrc\oficonv.dir\release\citrus_utf8.obj
d:\cybermed\daddy\dependency\dcmtk-dcmtk-3.6.8\build_msvc\oficonv\libsrc\cmakefiles\generate.stamp
d:\cybermed\daddy\dependency\dcmtk-dcmtk-3.6.8\build_msvc\lib\release\oficonv.lib
d:\cybermed\daddy\dependency\dcmtk-dcmtk-3.6.8\build_msvc\bin\release\oficonv.dll
d:\cybermed\daddy\dependency\dcmtk-dcmtk-3.6.8\build_msvc\lib\release\oficonv.exp
d:\cybermed\daddy\dependency\dcmtk-dcmtk-3.6.8\build_msvc\oficonv\libsrc\oficonv.dir\release\oficonv.tlog\cl.command.1.tlog
d:\cybermed\daddy\dependency\dcmtk-dcmtk-3.6.8\build_msvc\oficonv\libsrc\oficonv.dir\release\oficonv.tlog\cl.items.tlog
d:\cybermed\daddy\dependency\dcmtk-dcmtk-3.6.8\build_msvc\oficonv\libsrc\oficonv.dir\release\oficonv.tlog\cl.read.1.tlog
d:\cybermed\daddy\dependency\dcmtk-dcmtk-3.6.8\build_msvc\oficonv\libsrc\oficonv.dir\release\oficonv.tlog\cl.write.1.tlog
d:\cybermed\daddy\dependency\dcmtk-dcmtk-3.6.8\build_msvc\oficonv\libsrc\oficonv.dir\release\oficonv.tlog\custombuild.command.1.tlog
d:\cybermed\daddy\dependency\dcmtk-dcmtk-3.6.8\build_msvc\oficonv\libsrc\oficonv.dir\release\oficonv.tlog\custombuild.read.1.tlog
d:\cybermed\daddy\dependency\dcmtk-dcmtk-3.6.8\build_msvc\oficonv\libsrc\oficonv.dir\release\oficonv.tlog\custombuild.write.1.tlog
d:\cybermed\daddy\dependency\dcmtk-dcmtk-3.6.8\build_msvc\oficonv\libsrc\oficonv.dir\release\oficonv.tlog\lib-link.read.1.tlog
d:\cybermed\daddy\dependency\dcmtk-dcmtk-3.6.8\build_msvc\oficonv\libsrc\oficonv.dir\release\oficonv.tlog\lib-link.write.1.tlog
d:\cybermed\daddy\dependency\dcmtk-dcmtk-3.6.8\build_msvc\oficonv\libsrc\oficonv.dir\release\oficonv.tlog\lib.command.1.tlog
d:\cybermed\daddy\dependency\dcmtk-dcmtk-3.6.8\build_msvc\oficonv\libsrc\oficonv.dir\release\oficonv.tlog\link.command.1.tlog
d:\cybermed\daddy\dependency\dcmtk-dcmtk-3.6.8\build_msvc\oficonv\libsrc\oficonv.dir\release\oficonv.tlog\link.read.1.tlog
d:\cybermed\daddy\dependency\dcmtk-dcmtk-3.6.8\build_msvc\oficonv\libsrc\oficonv.dir\release\oficonv.tlog\link.secondary.1.tlog
d:\cybermed\daddy\dependency\dcmtk-dcmtk-3.6.8\build_msvc\oficonv\libsrc\oficonv.dir\release\oficonv.tlog\link.write.1.tlog
