d:\cybermed\daddy\dependency\sdk-vtk-9.4.2\build_msvc\imaging\morphological\imagingmorphological.dir\release\vtkimagethresholdconnectivity.obj
d:\cybermed\daddy\dependency\sdk-vtk-9.4.2\build_msvc\imaging\morphological\imagingmorphological.dir\release\vtkimageskeleton2d.obj
d:\cybermed\daddy\dependency\sdk-vtk-9.4.2\build_msvc\imaging\morphological\imagingmorphological.dir\release\vtkimageseedconnectivity.obj
d:\cybermed\daddy\dependency\sdk-vtk-9.4.2\build_msvc\imaging\morphological\imagingmorphological.dir\release\vtkimageopenclose3d.obj
d:\cybermed\daddy\dependency\sdk-vtk-9.4.2\build_msvc\imaging\morphological\imagingmorphological.dir\release\vtkimagenonmaximumsuppression.obj
d:\cybermed\daddy\dependency\sdk-vtk-9.4.2\build_msvc\imaging\morphological\imagingmorphological.dir\release\vtkimageislandremoval2d.obj
d:\cybermed\daddy\dependency\sdk-vtk-9.4.2\build_msvc\imaging\morphological\imagingmorphological.dir\release\vtkimagedilateerode3d.obj
d:\cybermed\daddy\dependency\sdk-vtk-9.4.2\build_msvc\imaging\morphological\imagingmorphological.dir\release\vtkimagecontinuouserode3d.obj
d:\cybermed\daddy\dependency\sdk-vtk-9.4.2\build_msvc\imaging\morphological\imagingmorphological.dir\release\vtkimagecontinuousdilate3d.obj
d:\cybermed\daddy\dependency\sdk-vtk-9.4.2\build_msvc\imaging\morphological\imagingmorphological.dir\release\vtkimageconnector.obj
d:\cybermed\daddy\dependency\sdk-vtk-9.4.2\build_msvc\imaging\morphological\imagingmorphological.dir\release\vtkimageconnectivityfilter.obj
d:\cybermed\daddy\dependency\sdk-vtk-9.4.2\build_msvc\imaging\morphological\cmakefiles\generate.stamp
d:\cybermed\daddy\dependency\sdk-vtk-9.4.2\build_msvc\bin\release\vtkimagingmorphological-9.4.dll
d:\cybermed\daddy\dependency\sdk-vtk-9.4.2\build_msvc\lib\release\vtkimagingmorphological-9.4.lib
d:\cybermed\daddy\dependency\sdk-vtk-9.4.2\build_msvc\lib\release\vtkimagingmorphological-9.4.exp
d:\cybermed\daddy\dependency\sdk-vtk-9.4.2\build_msvc\imaging\morphological\imagingmorphological.dir\release\imagingm.a8eb4999.tlog\cl.command.1.tlog
d:\cybermed\daddy\dependency\sdk-vtk-9.4.2\build_msvc\imaging\morphological\imagingmorphological.dir\release\imagingm.a8eb4999.tlog\cl.items.tlog
d:\cybermed\daddy\dependency\sdk-vtk-9.4.2\build_msvc\imaging\morphological\imagingmorphological.dir\release\imagingm.a8eb4999.tlog\cl.read.1.tlog
d:\cybermed\daddy\dependency\sdk-vtk-9.4.2\build_msvc\imaging\morphological\imagingmorphological.dir\release\imagingm.a8eb4999.tlog\cl.write.1.tlog
d:\cybermed\daddy\dependency\sdk-vtk-9.4.2\build_msvc\imaging\morphological\imagingmorphological.dir\release\imagingm.a8eb4999.tlog\custombuild.command.1.tlog
d:\cybermed\daddy\dependency\sdk-vtk-9.4.2\build_msvc\imaging\morphological\imagingmorphological.dir\release\imagingm.a8eb4999.tlog\custombuild.read.1.tlog
d:\cybermed\daddy\dependency\sdk-vtk-9.4.2\build_msvc\imaging\morphological\imagingmorphological.dir\release\imagingm.a8eb4999.tlog\custombuild.write.1.tlog
d:\cybermed\daddy\dependency\sdk-vtk-9.4.2\build_msvc\imaging\morphological\imagingmorphological.dir\release\imagingm.a8eb4999.tlog\link.command.1.tlog
d:\cybermed\daddy\dependency\sdk-vtk-9.4.2\build_msvc\imaging\morphological\imagingmorphological.dir\release\imagingm.a8eb4999.tlog\link.read.1.tlog
d:\cybermed\daddy\dependency\sdk-vtk-9.4.2\build_msvc\imaging\morphological\imagingmorphological.dir\release\imagingm.a8eb4999.tlog\link.secondary.1.tlog
d:\cybermed\daddy\dependency\sdk-vtk-9.4.2\build_msvc\imaging\morphological\imagingmorphological.dir\release\imagingm.a8eb4999.tlog\link.write.1.tlog
