d:\cybermed\daddy\dependency\dcmtk-dcmtk-3.6.8\build_msvc\lib\debug\dcmdata.pdb
d:\cybermed\daddy\dependency\dcmtk-dcmtk-3.6.8\build_msvc\dcmdata\libsrc\dcmdata.dir\debug\dcistrmb.obj
d:\cybermed\daddy\dependency\dcmtk-dcmtk-3.6.8\build_msvc\dcmdata\libsrc\dcmdata.dir\debug\dcistrma.obj
d:\cybermed\daddy\dependency\dcmtk-dcmtk-3.6.8\build_msvc\dcmdata\libsrc\dcmdata.dir\debug\dchashdi.obj
d:\cybermed\daddy\dependency\dcmtk-dcmtk-3.6.8\build_msvc\dcmdata\libsrc\dcmdata.dir\debug\dcfilter.obj
d:\cybermed\daddy\dependency\dcmtk-dcmtk-3.6.8\build_msvc\dcmdata\libsrc\dcmdata.dir\debug\dcfilefo.obj
d:\cybermed\daddy\dependency\dcmtk-dcmtk-3.6.8\build_msvc\dcmdata\libsrc\dcmdata.dir\debug\dcerror.obj
d:\cybermed\daddy\dependency\dcmtk-dcmtk-3.6.8\build_msvc\dcmdata\libsrc\dcmdata.dir\debug\dcencdoc.obj
d:\cybermed\daddy\dependency\dcmtk-dcmtk-3.6.8\build_msvc\dcmdata\libsrc\dcmdata.dir\debug\dcelem.obj
d:\cybermed\daddy\dependency\dcmtk-dcmtk-3.6.8\build_msvc\dcmdata\libsrc\dcmdata.dir\debug\dcdirrec.obj
d:\cybermed\daddy\dependency\dcmtk-dcmtk-3.6.8\build_msvc\dcmdata\libsrc\dcmdata.dir\debug\dcdictbi.obj
d:\cybermed\daddy\dependency\dcmtk-dcmtk-3.6.8\build_msvc\dcmdata\libsrc\dcmdata.dir\debug\dcdict.obj
d:\cybermed\daddy\dependency\dcmtk-dcmtk-3.6.8\build_msvc\dcmdata\libsrc\dcmdata.dir\debug\dcdicent.obj
d:\cybermed\daddy\dependency\dcmtk-dcmtk-3.6.8\build_msvc\dcmdata\libsrc\dcmdata.dir\debug\dcdicdir.obj
d:\cybermed\daddy\dependency\dcmtk-dcmtk-3.6.8\build_msvc\dcmdata\libsrc\dcmdata.dir\debug\dcddirif.obj
d:\cybermed\daddy\dependency\dcmtk-dcmtk-3.6.8\build_msvc\dcmdata\libsrc\dcmdata.dir\debug\dcdatutl.obj
d:\cybermed\daddy\dependency\dcmtk-dcmtk-3.6.8\build_msvc\dcmdata\libsrc\dcmdata.dir\debug\dcdatset.obj
d:\cybermed\daddy\dependency\dcmtk-dcmtk-3.6.8\build_msvc\dcmdata\libsrc\dcmdata.dir\debug\dccodec.obj
d:\cybermed\daddy\dependency\dcmtk-dcmtk-3.6.8\build_msvc\dcmdata\libsrc\dcmdata.dir\debug\dcchrstr.obj
d:\cybermed\daddy\dependency\dcmtk-dcmtk-3.6.8\build_msvc\dcmdata\libsrc\dcmdata.dir\debug\dcbytstr.obj
d:\cybermed\daddy\dependency\dcmtk-dcmtk-3.6.8\build_msvc\dcmdata\libsrc\dcmdata.dir\debug\cmdlnarg.obj
d:\cybermed\daddy\dependency\dcmtk-dcmtk-3.6.8\build_msvc\dcmdata\libsrc\dcmdata.dir\debug\dcrleccd.obj
d:\cybermed\daddy\dependency\dcmtk-dcmtk-3.6.8\build_msvc\dcmdata\libsrc\dcmdata.dir\debug\dcpxitem.obj
d:\cybermed\daddy\dependency\dcmtk-dcmtk-3.6.8\build_msvc\dcmdata\libsrc\dcmdata.dir\debug\dcpixseq.obj
d:\cybermed\daddy\dependency\dcmtk-dcmtk-3.6.8\build_msvc\dcmdata\libsrc\dcmdata.dir\debug\dcpixel.obj
d:\cybermed\daddy\dependency\dcmtk-dcmtk-3.6.8\build_msvc\dcmdata\libsrc\dcmdata.dir\debug\dcpcache.obj
d:\cybermed\daddy\dependency\dcmtk-dcmtk-3.6.8\build_msvc\dcmdata\libsrc\dcmdata.dir\debug\dcpath.obj
d:\cybermed\daddy\dependency\dcmtk-dcmtk-3.6.8\build_msvc\dcmdata\libsrc\dcmdata.dir\debug\dcostrmz.obj
d:\cybermed\daddy\dependency\dcmtk-dcmtk-3.6.8\build_msvc\dcmdata\libsrc\dcmdata.dir\debug\dcostrms.obj
d:\cybermed\daddy\dependency\dcmtk-dcmtk-3.6.8\build_msvc\dcmdata\libsrc\dcmdata.dir\debug\dcostrmf.obj
d:\cybermed\daddy\dependency\dcmtk-dcmtk-3.6.8\build_msvc\dcmdata\libsrc\dcmdata.dir\debug\dcostrmb.obj
d:\cybermed\daddy\dependency\dcmtk-dcmtk-3.6.8\build_msvc\dcmdata\libsrc\dcmdata.dir\debug\dcostrma.obj
d:\cybermed\daddy\dependency\dcmtk-dcmtk-3.6.8\build_msvc\dcmdata\libsrc\dcmdata.dir\debug\dcobject.obj
d:\cybermed\daddy\dependency\dcmtk-dcmtk-3.6.8\build_msvc\dcmdata\libsrc\dcmdata.dir\debug\dcmetinf.obj
d:\cybermed\daddy\dependency\dcmtk-dcmtk-3.6.8\build_msvc\dcmdata\libsrc\dcmdata.dir\debug\dcmatch.obj
d:\cybermed\daddy\dependency\dcmtk-dcmtk-3.6.8\build_msvc\dcmdata\libsrc\dcmdata.dir\debug\dclist.obj
d:\cybermed\daddy\dependency\dcmtk-dcmtk-3.6.8\build_msvc\dcmdata\libsrc\dcmdata.dir\debug\dcjson.obj
d:\cybermed\daddy\dependency\dcmtk-dcmtk-3.6.8\build_msvc\dcmdata\libsrc\dcmdata.dir\debug\dcitem.obj
d:\cybermed\daddy\dependency\dcmtk-dcmtk-3.6.8\build_msvc\dcmdata\libsrc\dcmdata.dir\debug\dcistrmz.obj
d:\cybermed\daddy\dependency\dcmtk-dcmtk-3.6.8\build_msvc\dcmdata\libsrc\dcmdata.dir\debug\dcistrms.obj
d:\cybermed\daddy\dependency\dcmtk-dcmtk-3.6.8\build_msvc\dcmdata\libsrc\dcmdata.dir\debug\dcistrmf.obj
d:\cybermed\daddy\dependency\dcmtk-dcmtk-3.6.8\build_msvc\dcmdata\libsrc\dcmdata.dir\debug\dcvrds.obj
d:\cybermed\daddy\dependency\dcmtk-dcmtk-3.6.8\build_msvc\dcmdata\libsrc\dcmdata.dir\debug\dcvrda.obj
d:\cybermed\daddy\dependency\dcmtk-dcmtk-3.6.8\build_msvc\dcmdata\libsrc\dcmdata.dir\debug\dcvrcs.obj
d:\cybermed\daddy\dependency\dcmtk-dcmtk-3.6.8\build_msvc\dcmdata\libsrc\dcmdata.dir\debug\dcvrat.obj
d:\cybermed\daddy\dependency\dcmtk-dcmtk-3.6.8\build_msvc\dcmdata\libsrc\dcmdata.dir\debug\dcvras.obj
d:\cybermed\daddy\dependency\dcmtk-dcmtk-3.6.8\build_msvc\dcmdata\libsrc\dcmdata.dir\debug\dcvrae.obj
d:\cybermed\daddy\dependency\dcmtk-dcmtk-3.6.8\build_msvc\dcmdata\libsrc\dcmdata.dir\debug\dcvr.obj
d:\cybermed\daddy\dependency\dcmtk-dcmtk-3.6.8\build_msvc\dcmdata\libsrc\dcmdata.dir\debug\dcuid.obj
d:\cybermed\daddy\dependency\dcmtk-dcmtk-3.6.8\build_msvc\dcmdata\libsrc\dcmdata.dir\debug\dctypes.obj
d:\cybermed\daddy\dependency\dcmtk-dcmtk-3.6.8\build_msvc\dcmdata\libsrc\dcmdata.dir\debug\dctagkey.obj
d:\cybermed\daddy\dependency\dcmtk-dcmtk-3.6.8\build_msvc\dcmdata\libsrc\dcmdata.dir\debug\dctag.obj
d:\cybermed\daddy\dependency\dcmtk-dcmtk-3.6.8\build_msvc\dcmdata\libsrc\dcmdata.dir\debug\dcswap.obj
d:\cybermed\daddy\dependency\dcmtk-dcmtk-3.6.8\build_msvc\dcmdata\libsrc\dcmdata.dir\debug\dcstack.obj
d:\cybermed\daddy\dependency\dcmtk-dcmtk-3.6.8\build_msvc\dcmdata\libsrc\dcmdata.dir\debug\dcspchrs.obj
d:\cybermed\daddy\dependency\dcmtk-dcmtk-3.6.8\build_msvc\dcmdata\libsrc\dcmdata.dir\debug\dcsequen.obj
d:\cybermed\daddy\dependency\dcmtk-dcmtk-3.6.8\build_msvc\dcmdata\libsrc\dcmdata.dir\debug\dcrlerp.obj
d:\cybermed\daddy\dependency\dcmtk-dcmtk-3.6.8\build_msvc\dcmdata\libsrc\dcmdata.dir\debug\dcrleerg.obj
d:\cybermed\daddy\dependency\dcmtk-dcmtk-3.6.8\build_msvc\dcmdata\libsrc\dcmdata.dir\debug\dcrledrg.obj
d:\cybermed\daddy\dependency\dcmtk-dcmtk-3.6.8\build_msvc\dcmdata\libsrc\dcmdata.dir\debug\dcrlecp.obj
d:\cybermed\daddy\dependency\dcmtk-dcmtk-3.6.8\build_msvc\dcmdata\libsrc\dcmdata.dir\debug\dcrlecce.obj
d:\cybermed\daddy\dependency\dcmtk-dcmtk-3.6.8\build_msvc\dcmdata\libsrc\dcmdata.dir\debug\dcvruc.obj
d:\cybermed\daddy\dependency\dcmtk-dcmtk-3.6.8\build_msvc\dcmdata\libsrc\dcmdata.dir\debug\dcvrtm.obj
d:\cybermed\daddy\dependency\dcmtk-dcmtk-3.6.8\build_msvc\dcmdata\libsrc\dcmdata.dir\debug\dcvrsv.obj
d:\cybermed\daddy\dependency\dcmtk-dcmtk-3.6.8\build_msvc\dcmdata\libsrc\dcmdata.dir\debug\dcvrst.obj
d:\cybermed\daddy\dependency\dcmtk-dcmtk-3.6.8\build_msvc\dcmdata\libsrc\dcmdata.dir\debug\dcvrss.obj
d:\cybermed\daddy\dependency\dcmtk-dcmtk-3.6.8\build_msvc\dcmdata\libsrc\dcmdata.dir\debug\dcvrsl.obj
d:\cybermed\daddy\dependency\dcmtk-dcmtk-3.6.8\build_msvc\dcmdata\libsrc\dcmdata.dir\debug\dcvrsh.obj
d:\cybermed\daddy\dependency\dcmtk-dcmtk-3.6.8\build_msvc\dcmdata\libsrc\dcmdata.dir\debug\dcvrpobw.obj
d:\cybermed\daddy\dependency\dcmtk-dcmtk-3.6.8\build_msvc\dcmdata\libsrc\dcmdata.dir\debug\dcvrpn.obj
d:\cybermed\daddy\dependency\dcmtk-dcmtk-3.6.8\build_msvc\dcmdata\libsrc\dcmdata.dir\debug\dcvrov.obj
d:\cybermed\daddy\dependency\dcmtk-dcmtk-3.6.8\build_msvc\dcmdata\libsrc\dcmdata.dir\debug\dcvrol.obj
d:\cybermed\daddy\dependency\dcmtk-dcmtk-3.6.8\build_msvc\dcmdata\libsrc\dcmdata.dir\debug\dcvrof.obj
d:\cybermed\daddy\dependency\dcmtk-dcmtk-3.6.8\build_msvc\dcmdata\libsrc\dcmdata.dir\debug\dcvrod.obj
d:\cybermed\daddy\dependency\dcmtk-dcmtk-3.6.8\build_msvc\dcmdata\libsrc\dcmdata.dir\debug\dcvrobow.obj
d:\cybermed\daddy\dependency\dcmtk-dcmtk-3.6.8\build_msvc\dcmdata\libsrc\dcmdata.dir\debug\dcvrlt.obj
d:\cybermed\daddy\dependency\dcmtk-dcmtk-3.6.8\build_msvc\dcmdata\libsrc\dcmdata.dir\debug\dcvrlo.obj
d:\cybermed\daddy\dependency\dcmtk-dcmtk-3.6.8\build_msvc\dcmdata\libsrc\dcmdata.dir\debug\dcvris.obj
d:\cybermed\daddy\dependency\dcmtk-dcmtk-3.6.8\build_msvc\dcmdata\libsrc\dcmdata.dir\debug\dcvrfl.obj
d:\cybermed\daddy\dependency\dcmtk-dcmtk-3.6.8\build_msvc\dcmdata\libsrc\dcmdata.dir\debug\dcvrfd.obj
d:\cybermed\daddy\dependency\dcmtk-dcmtk-3.6.8\build_msvc\dcmdata\libsrc\dcmdata.dir\debug\dcvrdt.obj
d:\cybermed\daddy\dependency\dcmtk-dcmtk-3.6.8\build_msvc\dcmdata\libsrc\dcmdata.dir\debug\vrscan.obj
d:\cybermed\daddy\dependency\dcmtk-dcmtk-3.6.8\build_msvc\dcmdata\libsrc\dcmdata.dir\debug\dcxfer.obj
d:\cybermed\daddy\dependency\dcmtk-dcmtk-3.6.8\build_msvc\dcmdata\libsrc\dcmdata.dir\debug\dcwcache.obj
d:\cybermed\daddy\dependency\dcmtk-dcmtk-3.6.8\build_msvc\dcmdata\libsrc\dcmdata.dir\debug\dcvruv.obj
d:\cybermed\daddy\dependency\dcmtk-dcmtk-3.6.8\build_msvc\dcmdata\libsrc\dcmdata.dir\debug\dcvrut.obj
d:\cybermed\daddy\dependency\dcmtk-dcmtk-3.6.8\build_msvc\dcmdata\libsrc\dcmdata.dir\debug\dcvrus.obj
d:\cybermed\daddy\dependency\dcmtk-dcmtk-3.6.8\build_msvc\dcmdata\libsrc\dcmdata.dir\debug\dcvrur.obj
d:\cybermed\daddy\dependency\dcmtk-dcmtk-3.6.8\build_msvc\dcmdata\libsrc\dcmdata.dir\debug\dcvrulup.obj
d:\cybermed\daddy\dependency\dcmtk-dcmtk-3.6.8\build_msvc\dcmdata\libsrc\dcmdata.dir\debug\dcvrul.obj
d:\cybermed\daddy\dependency\dcmtk-dcmtk-3.6.8\build_msvc\dcmdata\libsrc\dcmdata.dir\debug\dcvrui.obj
d:\cybermed\daddy\dependency\dcmtk-dcmtk-3.6.8\build_msvc\dcmdata\libsrc\dcmdata.dir\debug\vc143.pdb
d:\cybermed\daddy\dependency\dcmtk-dcmtk-3.6.8\build_msvc\dcmdata\libsrc\dcmdata.dir\debug\vrscanl.obj
d:\cybermed\daddy\dependency\dcmtk-dcmtk-3.6.8\build_msvc\dcmdata\libsrc\cmakefiles\generate.stamp
d:\cybermed\daddy\dependency\dcmtk-dcmtk-3.6.8\build_msvc\lib\debug\dcmdata.lib
d:\cybermed\daddy\dependency\dcmtk-dcmtk-3.6.8\build_msvc\bin\debug\dcmdata.dll
d:\cybermed\daddy\dependency\dcmtk-dcmtk-3.6.8\build_msvc\bin\debug\dcmdata.pdb
d:\cybermed\daddy\dependency\dcmtk-dcmtk-3.6.8\build_msvc\lib\debug\dcmdata.exp
d:\cybermed\daddy\dependency\dcmtk-dcmtk-3.6.8\build_msvc\dcmdata\libsrc\dcmdata.dir\debug\dcmdata.ilk
d:\cybermed\daddy\dependency\dcmtk-dcmtk-3.6.8\build_msvc\dcmdata\libsrc\dcmdata.dir\debug\dcmdata.tlog\cl.command.1.tlog
d:\cybermed\daddy\dependency\dcmtk-dcmtk-3.6.8\build_msvc\dcmdata\libsrc\dcmdata.dir\debug\dcmdata.tlog\cl.items.tlog
d:\cybermed\daddy\dependency\dcmtk-dcmtk-3.6.8\build_msvc\dcmdata\libsrc\dcmdata.dir\debug\dcmdata.tlog\cl.read.1.tlog
d:\cybermed\daddy\dependency\dcmtk-dcmtk-3.6.8\build_msvc\dcmdata\libsrc\dcmdata.dir\debug\dcmdata.tlog\cl.write.1.tlog
d:\cybermed\daddy\dependency\dcmtk-dcmtk-3.6.8\build_msvc\dcmdata\libsrc\dcmdata.dir\debug\dcmdata.tlog\custombuild.command.1.tlog
d:\cybermed\daddy\dependency\dcmtk-dcmtk-3.6.8\build_msvc\dcmdata\libsrc\dcmdata.dir\debug\dcmdata.tlog\custombuild.read.1.tlog
d:\cybermed\daddy\dependency\dcmtk-dcmtk-3.6.8\build_msvc\dcmdata\libsrc\dcmdata.dir\debug\dcmdata.tlog\custombuild.write.1.tlog
d:\cybermed\daddy\dependency\dcmtk-dcmtk-3.6.8\build_msvc\dcmdata\libsrc\dcmdata.dir\debug\dcmdata.tlog\lib-link.read.1.tlog
d:\cybermed\daddy\dependency\dcmtk-dcmtk-3.6.8\build_msvc\dcmdata\libsrc\dcmdata.dir\debug\dcmdata.tlog\lib-link.write.1.tlog
d:\cybermed\daddy\dependency\dcmtk-dcmtk-3.6.8\build_msvc\dcmdata\libsrc\dcmdata.dir\debug\dcmdata.tlog\lib.command.1.tlog
d:\cybermed\daddy\dependency\dcmtk-dcmtk-3.6.8\build_msvc\dcmdata\libsrc\dcmdata.dir\debug\dcmdata.tlog\link.command.1.tlog
d:\cybermed\daddy\dependency\dcmtk-dcmtk-3.6.8\build_msvc\dcmdata\libsrc\dcmdata.dir\debug\dcmdata.tlog\link.read.1.tlog
d:\cybermed\daddy\dependency\dcmtk-dcmtk-3.6.8\build_msvc\dcmdata\libsrc\dcmdata.dir\debug\dcmdata.tlog\link.secondary.1.tlog
d:\cybermed\daddy\dependency\dcmtk-dcmtk-3.6.8\build_msvc\dcmdata\libsrc\dcmdata.dir\debug\dcmdata.tlog\link.write.1.tlog
