d:\cybermed\daddy\dependency\sdk-vtk-9.4.2\build_msvc\lib\debug\vtkgl2ps-9.4d.pdb
d:\cybermed\daddy\dependency\sdk-vtk-9.4.2\build_msvc\thirdparty\gl2ps\vtkgl2ps\gl2ps.dir\debug\gl2ps.obj
d:\cybermed\daddy\dependency\sdk-vtk-9.4.2\build_msvc\thirdparty\gl2ps\vtkgl2ps\gl2ps.dir\debug\vc143.pdb
d:\cybermed\daddy\dependency\sdk-vtk-9.4.2\build_msvc\thirdparty\gl2ps\vtkgl2ps\cmakefiles\generate.stamp
d:\cybermed\daddy\dependency\sdk-vtk-9.4.2\build_msvc\lib\debug\vtkgl2ps-9.4d.lib
d:\cybermed\daddy\dependency\sdk-vtk-9.4.2\build_msvc\bin\debug\vtkgl2ps-9.4d.dll
d:\cybermed\daddy\dependency\sdk-vtk-9.4.2\build_msvc\bin\debug\vtkgl2ps-9.4d.pdb
d:\cybermed\daddy\dependency\sdk-vtk-9.4.2\build_msvc\lib\debug\vtkgl2ps-9.4d.exp
d:\cybermed\daddy\dependency\sdk-vtk-9.4.2\build_msvc\thirdparty\gl2ps\vtkgl2ps\gl2ps.dir\debug\vtkgl2ps-9.4d.ilk
d:\cybermed\daddy\dependency\sdk-vtk-9.4.2\build_msvc\thirdparty\gl2ps\vtkgl2ps\gl2ps.dir\debug\gl2ps.tlog\cl.command.1.tlog
d:\cybermed\daddy\dependency\sdk-vtk-9.4.2\build_msvc\thirdparty\gl2ps\vtkgl2ps\gl2ps.dir\debug\gl2ps.tlog\cl.items.tlog
d:\cybermed\daddy\dependency\sdk-vtk-9.4.2\build_msvc\thirdparty\gl2ps\vtkgl2ps\gl2ps.dir\debug\gl2ps.tlog\cl.read.1.tlog
d:\cybermed\daddy\dependency\sdk-vtk-9.4.2\build_msvc\thirdparty\gl2ps\vtkgl2ps\gl2ps.dir\debug\gl2ps.tlog\cl.write.1.tlog
d:\cybermed\daddy\dependency\sdk-vtk-9.4.2\build_msvc\thirdparty\gl2ps\vtkgl2ps\gl2ps.dir\debug\gl2ps.tlog\custombuild.command.1.tlog
d:\cybermed\daddy\dependency\sdk-vtk-9.4.2\build_msvc\thirdparty\gl2ps\vtkgl2ps\gl2ps.dir\debug\gl2ps.tlog\custombuild.read.1.tlog
d:\cybermed\daddy\dependency\sdk-vtk-9.4.2\build_msvc\thirdparty\gl2ps\vtkgl2ps\gl2ps.dir\debug\gl2ps.tlog\custombuild.write.1.tlog
d:\cybermed\daddy\dependency\sdk-vtk-9.4.2\build_msvc\thirdparty\gl2ps\vtkgl2ps\gl2ps.dir\debug\gl2ps.tlog\lib-link.read.1.tlog
d:\cybermed\daddy\dependency\sdk-vtk-9.4.2\build_msvc\thirdparty\gl2ps\vtkgl2ps\gl2ps.dir\debug\gl2ps.tlog\lib-link.write.1.tlog
d:\cybermed\daddy\dependency\sdk-vtk-9.4.2\build_msvc\thirdparty\gl2ps\vtkgl2ps\gl2ps.dir\debug\gl2ps.tlog\lib.command.1.tlog
d:\cybermed\daddy\dependency\sdk-vtk-9.4.2\build_msvc\thirdparty\gl2ps\vtkgl2ps\gl2ps.dir\debug\gl2ps.tlog\link.command.1.tlog
d:\cybermed\daddy\dependency\sdk-vtk-9.4.2\build_msvc\thirdparty\gl2ps\vtkgl2ps\gl2ps.dir\debug\gl2ps.tlog\link.read.1.tlog
d:\cybermed\daddy\dependency\sdk-vtk-9.4.2\build_msvc\thirdparty\gl2ps\vtkgl2ps\gl2ps.dir\debug\gl2ps.tlog\link.secondary.1.tlog
d:\cybermed\daddy\dependency\sdk-vtk-9.4.2\build_msvc\thirdparty\gl2ps\vtkgl2ps\gl2ps.dir\debug\gl2ps.tlog\link.write.1.tlog
