d:\cybermed\daddy\dependency\sdk-vtk-9.4.2\build_msvc\lib\debug\vtkcommonmisc-9.4d.pdb
d:\cybermed\daddy\dependency\sdk-vtk-9.4.2\build_msvc\common\misc\commonmisc.dir\debug\vtkresourcefilelocator.obj
d:\cybermed\daddy\dependency\sdk-vtk-9.4.2\build_msvc\common\misc\commonmisc.dir\debug\vtkpolygonbuilder.obj
d:\cybermed\daddy\dependency\sdk-vtk-9.4.2\build_msvc\common\misc\commonmisc.dir\debug\vtkheap.obj
d:\cybermed\daddy\dependency\sdk-vtk-9.4.2\build_msvc\common\misc\commonmisc.dir\debug\vtkfunctionparser.obj
d:\cybermed\daddy\dependency\sdk-vtk-9.4.2\build_msvc\common\misc\commonmisc.dir\debug\vtkexprtkfunctionparser.obj
d:\cybermed\daddy\dependency\sdk-vtk-9.4.2\build_msvc\common\misc\commonmisc.dir\debug\vtkerrorcode.obj
d:\cybermed\daddy\dependency\sdk-vtk-9.4.2\build_msvc\common\misc\commonmisc.dir\debug\vtkcontourvalues.obj
d:\cybermed\daddy\dependency\sdk-vtk-9.4.2\build_msvc\common\misc\commonmisc.dir\debug\vc143.pdb
d:\cybermed\daddy\dependency\sdk-vtk-9.4.2\build_msvc\common\misc\cmakefiles\generate.stamp
d:\cybermed\daddy\dependency\sdk-vtk-9.4.2\build_msvc\lib\debug\vtkcommonmisc-9.4d.lib
d:\cybermed\daddy\dependency\sdk-vtk-9.4.2\build_msvc\bin\debug\vtkcommonmisc-9.4d.dll
d:\cybermed\daddy\dependency\sdk-vtk-9.4.2\build_msvc\bin\debug\vtkcommonmisc-9.4d.pdb
d:\cybermed\daddy\dependency\sdk-vtk-9.4.2\build_msvc\lib\debug\vtkcommonmisc-9.4d.exp
d:\cybermed\daddy\dependency\sdk-vtk-9.4.2\build_msvc\common\misc\commonmisc.dir\debug\vtkcommonmisc-9.4d.ilk
d:\cybermed\daddy\dependency\sdk-vtk-9.4.2\build_msvc\common\misc\commonmisc.dir\debug\commonmisc.tlog\cl.command.1.tlog
d:\cybermed\daddy\dependency\sdk-vtk-9.4.2\build_msvc\common\misc\commonmisc.dir\debug\commonmisc.tlog\cl.items.tlog
d:\cybermed\daddy\dependency\sdk-vtk-9.4.2\build_msvc\common\misc\commonmisc.dir\debug\commonmisc.tlog\cl.read.1.tlog
d:\cybermed\daddy\dependency\sdk-vtk-9.4.2\build_msvc\common\misc\commonmisc.dir\debug\commonmisc.tlog\cl.write.1.tlog
d:\cybermed\daddy\dependency\sdk-vtk-9.4.2\build_msvc\common\misc\commonmisc.dir\debug\commonmisc.tlog\custombuild.command.1.tlog
d:\cybermed\daddy\dependency\sdk-vtk-9.4.2\build_msvc\common\misc\commonmisc.dir\debug\commonmisc.tlog\custombuild.read.1.tlog
d:\cybermed\daddy\dependency\sdk-vtk-9.4.2\build_msvc\common\misc\commonmisc.dir\debug\commonmisc.tlog\custombuild.write.1.tlog
d:\cybermed\daddy\dependency\sdk-vtk-9.4.2\build_msvc\common\misc\commonmisc.dir\debug\commonmisc.tlog\lib-link.read.1.tlog
d:\cybermed\daddy\dependency\sdk-vtk-9.4.2\build_msvc\common\misc\commonmisc.dir\debug\commonmisc.tlog\lib-link.write.1.tlog
d:\cybermed\daddy\dependency\sdk-vtk-9.4.2\build_msvc\common\misc\commonmisc.dir\debug\commonmisc.tlog\lib.command.1.tlog
d:\cybermed\daddy\dependency\sdk-vtk-9.4.2\build_msvc\common\misc\commonmisc.dir\debug\commonmisc.tlog\link.command.1.tlog
d:\cybermed\daddy\dependency\sdk-vtk-9.4.2\build_msvc\common\misc\commonmisc.dir\debug\commonmisc.tlog\link.read.1.tlog
d:\cybermed\daddy\dependency\sdk-vtk-9.4.2\build_msvc\common\misc\commonmisc.dir\debug\commonmisc.tlog\link.secondary.1.tlog
d:\cybermed\daddy\dependency\sdk-vtk-9.4.2\build_msvc\common\misc\commonmisc.dir\debug\commonmisc.tlog\link.write.1.tlog
