d:\cybermed\daddy\dependency\sdk-vtk-9.4.2\build_msvc\common\datamodel\commondatamodel.dir\release\vtkabstractpointlocator.obj
d:\cybermed\daddy\dependency\sdk-vtk-9.4.2\build_msvc\common\datamodel\commondatamodel.dir\release\vtkabstractelectronicdata.obj
d:\cybermed\daddy\dependency\sdk-vtk-9.4.2\build_msvc\common\datamodel\commondatamodel.dir\release\vtkabstractcelllocator.obj
d:\cybermed\daddy\dependency\sdk-vtk-9.4.2\build_msvc\common\datamodel\commondatamodel.dir\release\vtkabstractcelllinks.obj
d:\cybermed\daddy\dependency\sdk-vtk-9.4.2\build_msvc\common\datamodel\commondatamodel.dir\release\vtkabstractcellarray.obj
d:\cybermed\daddy\dependency\sdk-vtk-9.4.2\build_msvc\common\datamodel\commondatamodel.dir\release\vtkamrutilities.obj
d:\cybermed\daddy\dependency\sdk-vtk-9.4.2\build_msvc\common\datamodel\commondatamodel.dir\release\vtkamrbox.obj
d:\cybermed\daddy\dependency\sdk-vtk-9.4.2\build_msvc\common\datamodel\commondatamodel.dir\release\vtkdataobjectimplicitbackendinstantiateunsignedshort.obj
d:\cybermed\daddy\dependency\sdk-vtk-9.4.2\build_msvc\common\datamodel\commondatamodel.dir\release\vtkdataobjectimplicitbackendinstantiateunsignedlonglong.obj
d:\cybermed\daddy\dependency\sdk-vtk-9.4.2\build_msvc\common\datamodel\commondatamodel.dir\release\vtkdataobjectimplicitbackendinstantiateunsignedlong.obj
d:\cybermed\daddy\dependency\sdk-vtk-9.4.2\build_msvc\common\datamodel\commondatamodel.dir\release\vtkdataobjectimplicitbackendinstantiateunsignedint.obj
d:\cybermed\daddy\dependency\sdk-vtk-9.4.2\build_msvc\common\datamodel\commondatamodel.dir\release\vtkdataobjectimplicitbackendinstantiateunsignedchar.obj
d:\cybermed\daddy\dependency\sdk-vtk-9.4.2\build_msvc\common\datamodel\commondatamodel.dir\release\vtkdataobjectimplicitbackendinstantiatesignedchar.obj
d:\cybermed\daddy\dependency\sdk-vtk-9.4.2\build_msvc\common\datamodel\commondatamodel.dir\release\vtkdataobjectimplicitbackendinstantiateshort.obj
d:\cybermed\daddy\dependency\sdk-vtk-9.4.2\build_msvc\common\datamodel\commondatamodel.dir\release\vtkdataobjectimplicitbackendinstantiatelonglong.obj
d:\cybermed\daddy\dependency\sdk-vtk-9.4.2\build_msvc\common\datamodel\commondatamodel.dir\release\vtkdataobjectimplicitbackendinstantiatelong.obj
d:\cybermed\daddy\dependency\sdk-vtk-9.4.2\build_msvc\common\datamodel\commondatamodel.dir\release\vtkdataobjectimplicitbackendinstantiateint.obj
d:\cybermed\daddy\dependency\sdk-vtk-9.4.2\build_msvc\common\datamodel\commondatamodel.dir\release\vtkdataobjectimplicitbackendinstantiatefloat.obj
d:\cybermed\daddy\dependency\sdk-vtk-9.4.2\build_msvc\common\datamodel\commondatamodel.dir\release\vtkdataobjectimplicitbackendinstantiatedouble.obj
d:\cybermed\daddy\dependency\sdk-vtk-9.4.2\build_msvc\common\datamodel\commondatamodel.dir\release\vtkdataobjectimplicitbackendinstantiatechar.obj
d:\cybermed\daddy\dependency\sdk-vtk-9.4.2\build_msvc\common\datamodel\commondatamodel.dir\release\vtkbiquadraticquadraticwedge.obj
d:\cybermed\daddy\dependency\sdk-vtk-9.4.2\build_msvc\common\datamodel\commondatamodel.dir\release\vtkbiquadraticquadratichexahedron.obj
d:\cybermed\daddy\dependency\sdk-vtk-9.4.2\build_msvc\common\datamodel\commondatamodel.dir\release\vtkbiquadraticquad.obj
d:\cybermed\daddy\dependency\sdk-vtk-9.4.2\build_msvc\common\datamodel\commondatamodel.dir\release\vtkbezierwedge.obj
d:\cybermed\daddy\dependency\sdk-vtk-9.4.2\build_msvc\common\datamodel\commondatamodel.dir\release\vtkbeziertriangle.obj
d:\cybermed\daddy\dependency\sdk-vtk-9.4.2\build_msvc\common\datamodel\commondatamodel.dir\release\vtkbeziertetra.obj
d:\cybermed\daddy\dependency\sdk-vtk-9.4.2\build_msvc\common\datamodel\commondatamodel.dir\release\vtkbezierquadrilateral.obj
d:\cybermed\daddy\dependency\sdk-vtk-9.4.2\build_msvc\common\datamodel\commondatamodel.dir\release\vtkbezierinterpolation.obj
d:\cybermed\daddy\dependency\sdk-vtk-9.4.2\build_msvc\common\datamodel\commondatamodel.dir\release\vtkbezierhexahedron.obj
d:\cybermed\daddy\dependency\sdk-vtk-9.4.2\build_msvc\common\datamodel\commondatamodel.dir\release\vtkbeziercurve.obj
d:\cybermed\daddy\dependency\sdk-vtk-9.4.2\build_msvc\common\datamodel\commondatamodel.dir\release\vtkbspintersections.obj
d:\cybermed\daddy\dependency\sdk-vtk-9.4.2\build_msvc\common\datamodel\commondatamodel.dir\release\vtkbspcuts.obj
d:\cybermed\daddy\dependency\sdk-vtk-9.4.2\build_msvc\common\datamodel\commondatamodel.dir\release\vtkattributeserrormetric.obj
d:\cybermed\daddy\dependency\sdk-vtk-9.4.2\build_msvc\common\datamodel\commondatamodel.dir\release\vtkatom.obj
d:\cybermed\daddy\dependency\sdk-vtk-9.4.2\build_msvc\common\datamodel\commondatamodel.dir\release\vtkarraydata.obj
d:\cybermed\daddy\dependency\sdk-vtk-9.4.2\build_msvc\common\datamodel\commondatamodel.dir\release\vtkannulus.obj
d:\cybermed\daddy\dependency\sdk-vtk-9.4.2\build_msvc\common\datamodel\commondatamodel.dir\release\vtkannotationlayers.obj
d:\cybermed\daddy\dependency\sdk-vtk-9.4.2\build_msvc\common\datamodel\commondatamodel.dir\release\vtkannotation.obj
d:\cybermed\daddy\dependency\sdk-vtk-9.4.2\build_msvc\common\datamodel\commondatamodel.dir\release\vtkanimationscene.obj
d:\cybermed\daddy\dependency\sdk-vtk-9.4.2\build_msvc\common\datamodel\commondatamodel.dir\release\vtkadjacentvertexiterator.obj
d:\cybermed\daddy\dependency\sdk-vtk-9.4.2\build_msvc\common\datamodel\commondatamodel.dir\release\vtkcellgridsidesquery.obj
d:\cybermed\daddy\dependency\sdk-vtk-9.4.2\build_msvc\common\datamodel\commondatamodel.dir\release\vtkcellgridsidescache.obj
d:\cybermed\daddy\dependency\sdk-vtk-9.4.2\build_msvc\common\datamodel\commondatamodel.dir\release\vtkcellgridresponders.obj
d:\cybermed\daddy\dependency\sdk-vtk-9.4.2\build_msvc\common\datamodel\commondatamodel.dir\release\vtkcellgridquery.obj
d:\cybermed\daddy\dependency\sdk-vtk-9.4.2\build_msvc\common\datamodel\commondatamodel.dir\release\vtkcellgridrangequery.obj
d:\cybermed\daddy\dependency\sdk-vtk-9.4.2\build_msvc\common\datamodel\commondatamodel.dir\release\vtkcellgridevaluator.obj
d:\cybermed\daddy\dependency\sdk-vtk-9.4.2\build_msvc\common\datamodel\commondatamodel.dir\release\vtkcellgridcopyquery.obj
d:\cybermed\daddy\dependency\sdk-vtk-9.4.2\build_msvc\common\datamodel\commondatamodel.dir\release\vtkcellgridboundsquery.obj
d:\cybermed\daddy\dependency\sdk-vtk-9.4.2\build_msvc\common\datamodel\commondatamodel.dir\release\vtkcellgrid.obj
d:\cybermed\daddy\dependency\sdk-vtk-9.4.2\build_msvc\common\datamodel\commondatamodel.dir\release\vtkcelldata.obj
d:\cybermed\daddy\dependency\sdk-vtk-9.4.2\build_msvc\common\datamodel\commondatamodel.dir\release\vtkcellattributecalculator.obj
d:\cybermed\daddy\dependency\sdk-vtk-9.4.2\build_msvc\common\datamodel\commondatamodel.dir\release\vtkcellattribute.obj
d:\cybermed\daddy\dependency\sdk-vtk-9.4.2\build_msvc\common\datamodel\commondatamodel.dir\release\vtkcellarrayiterator.obj
d:\cybermed\daddy\dependency\sdk-vtk-9.4.2\build_msvc\common\datamodel\commondatamodel.dir\release\vtkcellarray.obj
d:\cybermed\daddy\dependency\sdk-vtk-9.4.2\build_msvc\common\datamodel\commondatamodel.dir\release\vtkcell3d.obj
d:\cybermed\daddy\dependency\sdk-vtk-9.4.2\build_msvc\common\datamodel\commondatamodel.dir\release\vtkcell.obj
d:\cybermed\daddy\dependency\sdk-vtk-9.4.2\build_msvc\common\datamodel\commondatamodel.dir\release\vtkbox.obj
d:\cybermed\daddy\dependency\sdk-vtk-9.4.2\build_msvc\common\datamodel\commondatamodel.dir\release\vtkboundingbox.obj
d:\cybermed\daddy\dependency\sdk-vtk-9.4.2\build_msvc\common\datamodel\commondatamodel.dir\release\vtkbond.obj
d:\cybermed\daddy\dependency\sdk-vtk-9.4.2\build_msvc\common\datamodel\commondatamodel.dir\release\vtkbiquadratictriangle.obj
d:\cybermed\daddy\dependency\sdk-vtk-9.4.2\build_msvc\common\datamodel\commondatamodel.dir\release\vtkdataobjectcollection.obj
d:\cybermed\daddy\dependency\sdk-vtk-9.4.2\build_msvc\common\datamodel\commondatamodel.dir\release\vtkdataobject.obj
d:\cybermed\daddy\dependency\sdk-vtk-9.4.2\build_msvc\common\datamodel\commondatamodel.dir\release\vtkdataassemblyutilities.obj
d:\cybermed\daddy\dependency\sdk-vtk-9.4.2\build_msvc\common\datamodel\commondatamodel.dir\release\vtkdataassembly.obj
d:\cybermed\daddy\dependency\sdk-vtk-9.4.2\build_msvc\common\datamodel\commondatamodel.dir\release\vtkcylinder.obj
d:\cybermed\daddy\dependency\sdk-vtk-9.4.2\build_msvc\common\datamodel\commondatamodel.dir\release\vtkcubicline.obj
d:\cybermed\daddy\dependency\sdk-vtk-9.4.2\build_msvc\common\datamodel\commondatamodel.dir\release\vtkcoordinateframe.obj
d:\cybermed\daddy\dependency\sdk-vtk-9.4.2\build_msvc\common\datamodel\commondatamodel.dir\release\vtkconvexpointset.obj
d:\cybermed\daddy\dependency\sdk-vtk-9.4.2\build_msvc\common\datamodel\commondatamodel.dir\release\vtkcone.obj
d:\cybermed\daddy\dependency\sdk-vtk-9.4.2\build_msvc\common\datamodel\commondatamodel.dir\release\vtkcompositedataset.obj
d:\cybermed\daddy\dependency\sdk-vtk-9.4.2\build_msvc\common\datamodel\commondatamodel.dir\release\vtkcompositedataiterator.obj
d:\cybermed\daddy\dependency\sdk-vtk-9.4.2\build_msvc\common\datamodel\commondatamodel.dir\release\vtkclosestpointstrategy.obj
d:\cybermed\daddy\dependency\sdk-vtk-9.4.2\build_msvc\common\datamodel\commondatamodel.dir\release\vtkclosestnpointsstrategy.obj
d:\cybermed\daddy\dependency\sdk-vtk-9.4.2\build_msvc\common\datamodel\commondatamodel.dir\release\vtkcelltypes.obj
d:\cybermed\daddy\dependency\sdk-vtk-9.4.2\build_msvc\common\datamodel\commondatamodel.dir\release\vtkcelltreelocator.obj
d:\cybermed\daddy\dependency\sdk-vtk-9.4.2\build_msvc\common\datamodel\commondatamodel.dir\release\vtkcellmetadata.obj
d:\cybermed\daddy\dependency\sdk-vtk-9.4.2\build_msvc\common\datamodel\commondatamodel.dir\release\vtkcelllocatorstrategy.obj
d:\cybermed\daddy\dependency\sdk-vtk-9.4.2\build_msvc\common\datamodel\commondatamodel.dir\release\vtkcelllocator.obj
d:\cybermed\daddy\dependency\sdk-vtk-9.4.2\build_msvc\common\datamodel\commondatamodel.dir\release\vtkcelllinks.obj
d:\cybermed\daddy\dependency\sdk-vtk-9.4.2\build_msvc\common\datamodel\commondatamodel.dir\release\vtkcelliterator.obj
d:\cybermed\daddy\dependency\sdk-vtk-9.4.2\build_msvc\common\datamodel\commondatamodel.dir\release\vtkgenericattribute.obj
d:\cybermed\daddy\dependency\sdk-vtk-9.4.2\build_msvc\common\datamodel\commondatamodel.dir\release\vtkgenericadaptorcell.obj
d:\cybermed\daddy\dependency\sdk-vtk-9.4.2\build_msvc\common\datamodel\commondatamodel.dir\release\vtkfindcellstrategy.obj
d:\cybermed\daddy\dependency\sdk-vtk-9.4.2\build_msvc\common\datamodel\commondatamodel.dir\release\vtkfielddata.obj
d:\cybermed\daddy\dependency\sdk-vtk-9.4.2\build_msvc\common\datamodel\commondatamodel.dir\release\vtkextractstructuredgridhelper.obj
d:\cybermed\daddy\dependency\sdk-vtk-9.4.2\build_msvc\common\datamodel\commondatamodel.dir\release\vtkexplicitstructuredgrid.obj
d:\cybermed\daddy\dependency\sdk-vtk-9.4.2\build_msvc\common\datamodel\commondatamodel.dir\release\vtkemptycell.obj
d:\cybermed\daddy\dependency\sdk-vtk-9.4.2\build_msvc\common\datamodel\commondatamodel.dir\release\vtkedgetable.obj
d:\cybermed\daddy\dependency\sdk-vtk-9.4.2\build_msvc\common\datamodel\commondatamodel.dir\release\vtkedgelistiterator.obj
d:\cybermed\daddy\dependency\sdk-vtk-9.4.2\build_msvc\common\datamodel\commondatamodel.dir\release\vtkdistributedgraphhelper.obj
d:\cybermed\daddy\dependency\sdk-vtk-9.4.2\build_msvc\common\datamodel\commondatamodel.dir\release\vtkdirectedgraph.obj
d:\cybermed\daddy\dependency\sdk-vtk-9.4.2\build_msvc\common\datamodel\commondatamodel.dir\release\vtkdirectedacyclicgraph.obj
d:\cybermed\daddy\dependency\sdk-vtk-9.4.2\build_msvc\common\datamodel\commondatamodel.dir\release\vtkdatasetcollection.obj
d:\cybermed\daddy\dependency\sdk-vtk-9.4.2\build_msvc\common\datamodel\commondatamodel.dir\release\vtkdatasetcelliterator.obj
d:\cybermed\daddy\dependency\sdk-vtk-9.4.2\build_msvc\common\datamodel\commondatamodel.dir\release\vtkdatasetattributesfieldlist.obj
d:\cybermed\daddy\dependency\sdk-vtk-9.4.2\build_msvc\common\datamodel\commondatamodel.dir\release\vtkdatasetattributes.obj
d:\cybermed\daddy\dependency\sdk-vtk-9.4.2\build_msvc\common\datamodel\commondatamodel.dir\release\vtkdataset.obj
d:\cybermed\daddy\dependency\sdk-vtk-9.4.2\build_msvc\common\datamodel\commondatamodel.dir\release\vtkdataobjecttypes.obj
d:\cybermed\daddy\dependency\sdk-vtk-9.4.2\build_msvc\common\datamodel\commondatamodel.dir\release\vtkdataobjecttreeiterator.obj
d:\cybermed\daddy\dependency\sdk-vtk-9.4.2\build_msvc\common\datamodel\commondatamodel.dir\release\vtkdataobjecttree.obj
d:\cybermed\daddy\dependency\sdk-vtk-9.4.2\build_msvc\common\datamodel\commondatamodel.dir\release\vtkhigherorderquadrilateral.obj
d:\cybermed\daddy\dependency\sdk-vtk-9.4.2\build_msvc\common\datamodel\commondatamodel.dir\release\vtkhigherorderinterpolation.obj
d:\cybermed\daddy\dependency\sdk-vtk-9.4.2\build_msvc\common\datamodel\commondatamodel.dir\release\vtkhigherorderhexahedron.obj
d:\cybermed\daddy\dependency\sdk-vtk-9.4.2\build_msvc\common\datamodel\commondatamodel.dir\release\vtkhigherordercurve.obj
d:\cybermed\daddy\dependency\sdk-vtk-9.4.2\build_msvc\common\datamodel\commondatamodel.dir\release\vtkhierarchicalboxdataset.obj
d:\cybermed\daddy\dependency\sdk-vtk-9.4.2\build_msvc\common\datamodel\commondatamodel.dir\release\vtkhexahedron.obj
d:\cybermed\daddy\dependency\sdk-vtk-9.4.2\build_msvc\common\datamodel\commondatamodel.dir\release\vtkhexagonalprism.obj
d:\cybermed\daddy\dependency\sdk-vtk-9.4.2\build_msvc\common\datamodel\commondatamodel.dir\release\vtkgraphinternals.obj
d:\cybermed\daddy\dependency\sdk-vtk-9.4.2\build_msvc\common\datamodel\commondatamodel.dir\release\vtkgraphedge.obj
d:\cybermed\daddy\dependency\sdk-vtk-9.4.2\build_msvc\common\datamodel\commondatamodel.dir\release\vtkgraph.obj
d:\cybermed\daddy\dependency\sdk-vtk-9.4.2\build_msvc\common\datamodel\commondatamodel.dir\release\vtkgeometricerrormetric.obj
d:\cybermed\daddy\dependency\sdk-vtk-9.4.2\build_msvc\common\datamodel\commondatamodel.dir\release\vtkgenericsubdivisionerrormetric.obj
d:\cybermed\daddy\dependency\sdk-vtk-9.4.2\build_msvc\common\datamodel\commondatamodel.dir\release\vtkgenericpointiterator.obj
d:\cybermed\daddy\dependency\sdk-vtk-9.4.2\build_msvc\common\datamodel\commondatamodel.dir\release\vtkgenericinterpolatedvelocityfield.obj
d:\cybermed\daddy\dependency\sdk-vtk-9.4.2\build_msvc\common\datamodel\commondatamodel.dir\release\vtkgenericedgetable.obj
d:\cybermed\daddy\dependency\sdk-vtk-9.4.2\build_msvc\common\datamodel\commondatamodel.dir\release\vtkgenericdataset.obj
d:\cybermed\daddy\dependency\sdk-vtk-9.4.2\build_msvc\common\datamodel\commondatamodel.dir\release\vtkgenericcelltessellator.obj
d:\cybermed\daddy\dependency\sdk-vtk-9.4.2\build_msvc\common\datamodel\commondatamodel.dir\release\vtkgenericcelliterator.obj
d:\cybermed\daddy\dependency\sdk-vtk-9.4.2\build_msvc\common\datamodel\commondatamodel.dir\release\vtkgenericcell.obj
d:\cybermed\daddy\dependency\sdk-vtk-9.4.2\build_msvc\common\datamodel\commondatamodel.dir\release\vtkgenericattributecollection.obj
d:\cybermed\daddy\dependency\sdk-vtk-9.4.2\build_msvc\common\datamodel\commondatamodel.dir\release\vtkhypertreegridorientedgeometrycursor.obj
d:\cybermed\daddy\dependency\sdk-vtk-9.4.2\build_msvc\common\datamodel\commondatamodel.dir\release\vtkhypertreegridorientedcursor.obj
d:\cybermed\daddy\dependency\sdk-vtk-9.4.2\build_msvc\common\datamodel\commondatamodel.dir\release\vtkhypertreegridnonorientedvonneumannsupercursorlight.obj
d:\cybermed\daddy\dependency\sdk-vtk-9.4.2\build_msvc\common\datamodel\commondatamodel.dir\release\vtkhypertreegridnonorientedvonneumannsupercursor.obj
d:\cybermed\daddy\dependency\sdk-vtk-9.4.2\build_msvc\common\datamodel\commondatamodel.dir\release\vtkhypertreegridnonorientedunlimitedsupercursor.obj
d:\cybermed\daddy\dependency\sdk-vtk-9.4.2\build_msvc\common\datamodel\commondatamodel.dir\release\vtkhypertreegridnonorientedsupercursorlight.obj
d:\cybermed\daddy\dependency\sdk-vtk-9.4.2\build_msvc\common\datamodel\commondatamodel.dir\release\vtkhypertreegridnonorientedsupercursor.obj
d:\cybermed\daddy\dependency\sdk-vtk-9.4.2\build_msvc\common\datamodel\commondatamodel.dir\release\vtkhypertreegridnonorientedunlimitedmooresupercursor.obj
d:\cybermed\daddy\dependency\sdk-vtk-9.4.2\build_msvc\common\datamodel\commondatamodel.dir\release\vtkhypertreegridnonorientedmooresupercursorlight.obj
d:\cybermed\daddy\dependency\sdk-vtk-9.4.2\build_msvc\common\datamodel\commondatamodel.dir\release\vtkhypertreegridnonorientedmooresupercursor.obj
d:\cybermed\daddy\dependency\sdk-vtk-9.4.2\build_msvc\common\datamodel\commondatamodel.dir\release\vtkhypertreegridnonorientedunlimitedgeometrycursor.obj
d:\cybermed\daddy\dependency\sdk-vtk-9.4.2\build_msvc\common\datamodel\commondatamodel.dir\release\vtkhypertreegridnonorientedgeometrycursor.obj
d:\cybermed\daddy\dependency\sdk-vtk-9.4.2\build_msvc\common\datamodel\commondatamodel.dir\release\vtkhypertreegridnonorientedcursor.obj
d:\cybermed\daddy\dependency\sdk-vtk-9.4.2\build_msvc\common\datamodel\commondatamodel.dir\release\vtkhypertreegridgeometriclocator.obj
d:\cybermed\daddy\dependency\sdk-vtk-9.4.2\build_msvc\common\datamodel\commondatamodel.dir\release\vtkhypertreegridlocator.obj
d:\cybermed\daddy\dependency\sdk-vtk-9.4.2\build_msvc\common\datamodel\commondatamodel.dir\release\vtkhypertreegrid.obj
d:\cybermed\daddy\dependency\sdk-vtk-9.4.2\build_msvc\common\datamodel\commondatamodel.dir\release\vtkhypertree.obj
d:\cybermed\daddy\dependency\sdk-vtk-9.4.2\build_msvc\common\datamodel\commondatamodel.dir\release\vtkhigherorderwedge.obj
d:\cybermed\daddy\dependency\sdk-vtk-9.4.2\build_msvc\common\datamodel\commondatamodel.dir\release\vtkhigherordertriangle.obj
d:\cybermed\daddy\dependency\sdk-vtk-9.4.2\build_msvc\common\datamodel\commondatamodel.dir\release\vtkhigherordertetra.obj
d:\cybermed\daddy\dependency\sdk-vtk-9.4.2\build_msvc\common\datamodel\commondatamodel.dir\release\vtkkdtree.obj
d:\cybermed\daddy\dependency\sdk-vtk-9.4.2\build_msvc\common\datamodel\commondatamodel.dir\release\vtkkdnode.obj
d:\cybermed\daddy\dependency\sdk-vtk-9.4.2\build_msvc\common\datamodel\commondatamodel.dir\release\vtkiterativeclosestpointtransform.obj
d:\cybermed\daddy\dependency\sdk-vtk-9.4.2\build_msvc\common\datamodel\commondatamodel.dir\release\vtkinformationquadratureschemedefinitionvectorkey.obj
d:\cybermed\daddy\dependency\sdk-vtk-9.4.2\build_msvc\common\datamodel\commondatamodel.dir\release\vtkincrementalpointlocator.obj
d:\cybermed\daddy\dependency\sdk-vtk-9.4.2\build_msvc\common\datamodel\commondatamodel.dir\release\vtkincrementaloctreepointlocator.obj
d:\cybermed\daddy\dependency\sdk-vtk-9.4.2\build_msvc\common\datamodel\commondatamodel.dir\release\vtkincrementaloctreenode.obj
d:\cybermed\daddy\dependency\sdk-vtk-9.4.2\build_msvc\common\datamodel\commondatamodel.dir\release\vtkinedgeiterator.obj
d:\cybermed\daddy\dependency\sdk-vtk-9.4.2\build_msvc\common\datamodel\commondatamodel.dir\release\vtkimplicitwindowfunction.obj
d:\cybermed\daddy\dependency\sdk-vtk-9.4.2\build_msvc\common\datamodel\commondatamodel.dir\release\vtkimplicitvolume.obj
d:\cybermed\daddy\dependency\sdk-vtk-9.4.2\build_msvc\common\datamodel\commondatamodel.dir\release\vtkimplicitsum.obj
d:\cybermed\daddy\dependency\sdk-vtk-9.4.2\build_msvc\common\datamodel\commondatamodel.dir\release\vtkimplicitselectionloop.obj
d:\cybermed\daddy\dependency\sdk-vtk-9.4.2\build_msvc\common\datamodel\commondatamodel.dir\release\vtkimplicithalo.obj
d:\cybermed\daddy\dependency\sdk-vtk-9.4.2\build_msvc\common\datamodel\commondatamodel.dir\release\vtkimplicitfunctioncollection.obj
d:\cybermed\daddy\dependency\sdk-vtk-9.4.2\build_msvc\common\datamodel\commondatamodel.dir\release\vtkimplicitfunction.obj
d:\cybermed\daddy\dependency\sdk-vtk-9.4.2\build_msvc\common\datamodel\commondatamodel.dir\release\vtkimplicitdataset.obj
d:\cybermed\daddy\dependency\sdk-vtk-9.4.2\build_msvc\common\datamodel\commondatamodel.dir\release\vtkimplicitboolean.obj
d:\cybermed\daddy\dependency\sdk-vtk-9.4.2\build_msvc\common\datamodel\commondatamodel.dir\release\vtkimagetransform.obj
d:\cybermed\daddy\dependency\sdk-vtk-9.4.2\build_msvc\common\datamodel\commondatamodel.dir\release\vtkimageiterator.obj
d:\cybermed\daddy\dependency\sdk-vtk-9.4.2\build_msvc\common\datamodel\commondatamodel.dir\release\vtkimagedata.obj
d:\cybermed\daddy\dependency\sdk-vtk-9.4.2\build_msvc\common\datamodel\commondatamodel.dir\release\vtkmutableundirectedgraph.obj
d:\cybermed\daddy\dependency\sdk-vtk-9.4.2\build_msvc\common\datamodel\commondatamodel.dir\release\vtkmutabledirectedgraph.obj
d:\cybermed\daddy\dependency\sdk-vtk-9.4.2\build_msvc\common\datamodel\commondatamodel.dir\release\vtkmultipiecedataset.obj
d:\cybermed\daddy\dependency\sdk-vtk-9.4.2\build_msvc\common\datamodel\commondatamodel.dir\release\vtkmultiblockdataset.obj
d:\cybermed\daddy\dependency\sdk-vtk-9.4.2\build_msvc\common\datamodel\commondatamodel.dir\release\vtkmolecule.obj
d:\cybermed\daddy\dependency\sdk-vtk-9.4.2\build_msvc\common\datamodel\commondatamodel.dir\release\vtkmergepoints.obj
d:\cybermed\daddy\dependency\sdk-vtk-9.4.2\build_msvc\common\datamodel\commondatamodel.dir\release\vtkmeanvaluecoordinatesinterpolator.obj
d:\cybermed\daddy\dependency\sdk-vtk-9.4.2\build_msvc\common\datamodel\commondatamodel.dir\release\vtkmarchingsquareslinecases.obj
d:\cybermed\daddy\dependency\sdk-vtk-9.4.2\build_msvc\common\datamodel\commondatamodel.dir\release\vtkmarchingcubespolygoncases.obj
d:\cybermed\daddy\dependency\sdk-vtk-9.4.2\build_msvc\common\datamodel\commondatamodel.dir\release\vtkmarchingcubestrianglecases.obj
d:\cybermed\daddy\dependency\sdk-vtk-9.4.2\build_msvc\common\datamodel\commondatamodel.dir\release\vtklocator.obj
d:\cybermed\daddy\dependency\sdk-vtk-9.4.2\build_msvc\common\datamodel\commondatamodel.dir\release\vtkline.obj
d:\cybermed\daddy\dependency\sdk-vtk-9.4.2\build_msvc\common\datamodel\commondatamodel.dir\release\vtklagrangewedge.obj
d:\cybermed\daddy\dependency\sdk-vtk-9.4.2\build_msvc\common\datamodel\commondatamodel.dir\release\vtklagrangetriangle.obj
d:\cybermed\daddy\dependency\sdk-vtk-9.4.2\build_msvc\common\datamodel\commondatamodel.dir\release\vtklagrangetetra.obj
d:\cybermed\daddy\dependency\sdk-vtk-9.4.2\build_msvc\common\datamodel\commondatamodel.dir\release\vtklagrangequadrilateral.obj
d:\cybermed\daddy\dependency\sdk-vtk-9.4.2\build_msvc\common\datamodel\commondatamodel.dir\release\vtklagrangeinterpolation.obj
d:\cybermed\daddy\dependency\sdk-vtk-9.4.2\build_msvc\common\datamodel\commondatamodel.dir\release\vtklagrangehexahedron.obj
d:\cybermed\daddy\dependency\sdk-vtk-9.4.2\build_msvc\common\datamodel\commondatamodel.dir\release\vtklagrangecurve.obj
d:\cybermed\daddy\dependency\sdk-vtk-9.4.2\build_msvc\common\datamodel\commondatamodel.dir\release\vtkkdtreepointlocator.obj
d:\cybermed\daddy\dependency\sdk-vtk-9.4.2\build_msvc\common\datamodel\commondatamodel.dir\release\vtkpointdata.obj
d:\cybermed\daddy\dependency\sdk-vtk-9.4.2\build_msvc\common\datamodel\commondatamodel.dir\release\vtkplanesintersection.obj
d:\cybermed\daddy\dependency\sdk-vtk-9.4.2\build_msvc\common\datamodel\commondatamodel.dir\release\vtkplanes.obj
d:\cybermed\daddy\dependency\sdk-vtk-9.4.2\build_msvc\common\datamodel\commondatamodel.dir\release\vtkplanecollection.obj
d:\cybermed\daddy\dependency\sdk-vtk-9.4.2\build_msvc\common\datamodel\commondatamodel.dir\release\vtkplane.obj
d:\cybermed\daddy\dependency\sdk-vtk-9.4.2\build_msvc\common\datamodel\commondatamodel.dir\release\vtkpixeltransfer.obj
d:\cybermed\daddy\dependency\sdk-vtk-9.4.2\build_msvc\common\datamodel\commondatamodel.dir\release\vtkpixelextent.obj
d:\cybermed\daddy\dependency\sdk-vtk-9.4.2\build_msvc\common\datamodel\commondatamodel.dir\release\vtkpixel.obj
d:\cybermed\daddy\dependency\sdk-vtk-9.4.2\build_msvc\common\datamodel\commondatamodel.dir\release\vtkpiecewisefunction.obj
d:\cybermed\daddy\dependency\sdk-vtk-9.4.2\build_msvc\common\datamodel\commondatamodel.dir\release\vtkperlinnoise.obj
d:\cybermed\daddy\dependency\sdk-vtk-9.4.2\build_msvc\common\datamodel\commondatamodel.dir\release\vtkpentagonalprism.obj
d:\cybermed\daddy\dependency\sdk-vtk-9.4.2\build_msvc\common\datamodel\commondatamodel.dir\release\vtkpath.obj
d:\cybermed\daddy\dependency\sdk-vtk-9.4.2\build_msvc\common\datamodel\commondatamodel.dir\release\vtkpartitioneddatasetcollection.obj
d:\cybermed\daddy\dependency\sdk-vtk-9.4.2\build_msvc\common\datamodel\commondatamodel.dir\release\vtkpartitioneddataset.obj
d:\cybermed\daddy\dependency\sdk-vtk-9.4.2\build_msvc\common\datamodel\commondatamodel.dir\release\vtkoutedgeiterator.obj
d:\cybermed\daddy\dependency\sdk-vtk-9.4.2\build_msvc\common\datamodel\commondatamodel.dir\release\vtkorderedtriangulator.obj
d:\cybermed\daddy\dependency\sdk-vtk-9.4.2\build_msvc\common\datamodel\commondatamodel.dir\release\vtkoctreepointlocatornode.obj
d:\cybermed\daddy\dependency\sdk-vtk-9.4.2\build_msvc\common\datamodel\commondatamodel.dir\release\vtkoctreepointlocator.obj
d:\cybermed\daddy\dependency\sdk-vtk-9.4.2\build_msvc\common\datamodel\commondatamodel.dir\release\vtknonmergingpointlocator.obj
d:\cybermed\daddy\dependency\sdk-vtk-9.4.2\build_msvc\common\datamodel\commondatamodel.dir\release\vtknonlinearcell.obj
d:\cybermed\daddy\dependency\sdk-vtk-9.4.2\build_msvc\common\datamodel\commondatamodel.dir\release\vtkquadraticpyramid.obj
d:\cybermed\daddy\dependency\sdk-vtk-9.4.2\build_msvc\common\datamodel\commondatamodel.dir\release\vtkquadraticpolygon.obj
d:\cybermed\daddy\dependency\sdk-vtk-9.4.2\build_msvc\common\datamodel\commondatamodel.dir\release\vtkquadraticlinearwedge.obj
d:\cybermed\daddy\dependency\sdk-vtk-9.4.2\build_msvc\common\datamodel\commondatamodel.dir\release\vtkquadraticlinearquad.obj
d:\cybermed\daddy\dependency\sdk-vtk-9.4.2\build_msvc\common\datamodel\commondatamodel.dir\release\vtkquadratichexahedron.obj
d:\cybermed\daddy\dependency\sdk-vtk-9.4.2\build_msvc\common\datamodel\commondatamodel.dir\release\vtkquadraticedge.obj
d:\cybermed\daddy\dependency\sdk-vtk-9.4.2\build_msvc\common\datamodel\commondatamodel.dir\release\vtkquad.obj
d:\cybermed\daddy\dependency\sdk-vtk-9.4.2\build_msvc\common\datamodel\commondatamodel.dir\release\vtkpyramid.obj
d:\cybermed\daddy\dependency\sdk-vtk-9.4.2\build_msvc\common\datamodel\commondatamodel.dir\release\vtkpolyhedronutilities.obj
d:\cybermed\daddy\dependency\sdk-vtk-9.4.2\build_msvc\common\datamodel\commondatamodel.dir\release\vtkpolyhedron.obj
d:\cybermed\daddy\dependency\sdk-vtk-9.4.2\build_msvc\common\datamodel\commondatamodel.dir\release\vtkpolygon.obj
d:\cybermed\daddy\dependency\sdk-vtk-9.4.2\build_msvc\common\datamodel\commondatamodel.dir\release\vtkpolyvertex.obj
d:\cybermed\daddy\dependency\sdk-vtk-9.4.2\build_msvc\common\datamodel\commondatamodel.dir\release\vtkpolyplane.obj
d:\cybermed\daddy\dependency\sdk-vtk-9.4.2\build_msvc\common\datamodel\commondatamodel.dir\release\vtkpolyline.obj
d:\cybermed\daddy\dependency\sdk-vtk-9.4.2\build_msvc\common\datamodel\commondatamodel.dir\release\vtkpolydatacollection.obj
d:\cybermed\daddy\dependency\sdk-vtk-9.4.2\build_msvc\common\datamodel\commondatamodel.dir\release\vtkpolydata.obj
d:\cybermed\daddy\dependency\sdk-vtk-9.4.2\build_msvc\common\datamodel\commondatamodel.dir\release\vtkpointsprojectedhull.obj
d:\cybermed\daddy\dependency\sdk-vtk-9.4.2\build_msvc\common\datamodel\commondatamodel.dir\release\vtkpointsetcelliterator.obj
d:\cybermed\daddy\dependency\sdk-vtk-9.4.2\build_msvc\common\datamodel\commondatamodel.dir\release\vtkpointset.obj
d:\cybermed\daddy\dependency\sdk-vtk-9.4.2\build_msvc\common\datamodel\commondatamodel.dir\release\vtkpointlocator.obj
d:\cybermed\daddy\dependency\sdk-vtk-9.4.2\build_msvc\common\datamodel\commondatamodel.dir\release\vtkstaticcelllocator.obj
d:\cybermed\daddy\dependency\sdk-vtk-9.4.2\build_msvc\common\datamodel\commondatamodel.dir\release\vtkstaticcelllinks.obj
d:\cybermed\daddy\dependency\sdk-vtk-9.4.2\build_msvc\common\datamodel\commondatamodel.dir\release\vtkspline.obj
d:\cybermed\daddy\dependency\sdk-vtk-9.4.2\build_msvc\common\datamodel\commondatamodel.dir\release\vtksphericalpointiterator.obj
d:\cybermed\daddy\dependency\sdk-vtk-9.4.2\build_msvc\common\datamodel\commondatamodel.dir\release\vtkspheres.obj
d:\cybermed\daddy\dependency\sdk-vtk-9.4.2\build_msvc\common\datamodel\commondatamodel.dir\release\vtksphere.obj
d:\cybermed\daddy\dependency\sdk-vtk-9.4.2\build_msvc\common\datamodel\commondatamodel.dir\release\vtksortfielddata.obj
d:\cybermed\daddy\dependency\sdk-vtk-9.4.2\build_msvc\common\datamodel\commondatamodel.dir\release\vtksmootherrormetric.obj
d:\cybermed\daddy\dependency\sdk-vtk-9.4.2\build_msvc\common\datamodel\commondatamodel.dir\release\vtksimplecelltessellator.obj
d:\cybermed\daddy\dependency\sdk-vtk-9.4.2\build_msvc\common\datamodel\commondatamodel.dir\release\vtkselectionnode.obj
d:\cybermed\daddy\dependency\sdk-vtk-9.4.2\build_msvc\common\datamodel\commondatamodel.dir\release\vtkselection.obj
d:\cybermed\daddy\dependency\sdk-vtk-9.4.2\build_msvc\common\datamodel\commondatamodel.dir\release\vtkreebgraphsimplificationmetric.obj
d:\cybermed\daddy\dependency\sdk-vtk-9.4.2\build_msvc\common\datamodel\commondatamodel.dir\release\vtkreebgraph.obj
d:\cybermed\daddy\dependency\sdk-vtk-9.4.2\build_msvc\common\datamodel\commondatamodel.dir\release\vtkrectilineargrid.obj
d:\cybermed\daddy\dependency\sdk-vtk-9.4.2\build_msvc\common\datamodel\commondatamodel.dir\release\vtkquadric.obj
d:\cybermed\daddy\dependency\sdk-vtk-9.4.2\build_msvc\common\datamodel\commondatamodel.dir\release\vtkquadratureschemedefinition.obj
d:\cybermed\daddy\dependency\sdk-vtk-9.4.2\build_msvc\common\datamodel\commondatamodel.dir\release\vtkquadraticwedge.obj
d:\cybermed\daddy\dependency\sdk-vtk-9.4.2\build_msvc\common\datamodel\commondatamodel.dir\release\vtkquadratictriangle.obj
d:\cybermed\daddy\dependency\sdk-vtk-9.4.2\build_msvc\common\datamodel\commondatamodel.dir\release\vtkquadratictetra.obj
d:\cybermed\daddy\dependency\sdk-vtk-9.4.2\build_msvc\common\datamodel\commondatamodel.dir\release\vtkquadraticquad.obj
d:\cybermed\daddy\dependency\sdk-vtk-9.4.2\build_msvc\common\datamodel\commondatamodel.dir\release\vtkundirectedgraph.obj
d:\cybermed\daddy\dependency\sdk-vtk-9.4.2\build_msvc\common\datamodel\commondatamodel.dir\release\vtktrianglestrip.obj
d:\cybermed\daddy\dependency\sdk-vtk-9.4.2\build_msvc\common\datamodel\commondatamodel.dir\release\vtktriangle.obj
d:\cybermed\daddy\dependency\sdk-vtk-9.4.2\build_msvc\common\datamodel\commondatamodel.dir\release\vtktriquadraticpyramid.obj
d:\cybermed\daddy\dependency\sdk-vtk-9.4.2\build_msvc\common\datamodel\commondatamodel.dir\release\vtktriquadratichexahedron.obj
d:\cybermed\daddy\dependency\sdk-vtk-9.4.2\build_msvc\common\datamodel\commondatamodel.dir\release\vtktreeiterator.obj
d:\cybermed\daddy\dependency\sdk-vtk-9.4.2\build_msvc\common\datamodel\commondatamodel.dir\release\vtktreedfsiterator.obj
d:\cybermed\daddy\dependency\sdk-vtk-9.4.2\build_msvc\common\datamodel\commondatamodel.dir\release\vtktreebfsiterator.obj
d:\cybermed\daddy\dependency\sdk-vtk-9.4.2\build_msvc\common\datamodel\commondatamodel.dir\release\vtktree.obj
d:\cybermed\daddy\dependency\sdk-vtk-9.4.2\build_msvc\common\datamodel\commondatamodel.dir\release\vtktetra.obj
d:\cybermed\daddy\dependency\sdk-vtk-9.4.2\build_msvc\common\datamodel\commondatamodel.dir\release\vtktable.obj
d:\cybermed\daddy\dependency\sdk-vtk-9.4.2\build_msvc\common\datamodel\commondatamodel.dir\release\vtksuperquadric.obj
d:\cybermed\daddy\dependency\sdk-vtk-9.4.2\build_msvc\common\datamodel\commondatamodel.dir\release\vtkstructuredpointscollection.obj
d:\cybermed\daddy\dependency\sdk-vtk-9.4.2\build_msvc\common\datamodel\commondatamodel.dir\release\vtkstructuredpoints.obj
d:\cybermed\daddy\dependency\sdk-vtk-9.4.2\build_msvc\common\datamodel\commondatamodel.dir\release\vtkstructuredgrid.obj
d:\cybermed\daddy\dependency\sdk-vtk-9.4.2\build_msvc\common\datamodel\commondatamodel.dir\release\vtkstructuredextent.obj
d:\cybermed\daddy\dependency\sdk-vtk-9.4.2\build_msvc\common\datamodel\commondatamodel.dir\release\vtkstructureddata.obj
d:\cybermed\daddy\dependency\sdk-vtk-9.4.2\build_msvc\common\datamodel\commondatamodel.dir\release\vtkstructuredcellarray.obj
d:\cybermed\daddy\dependency\sdk-vtk-9.4.2\build_msvc\common\datamodel\commondatamodel.dir\release\vtkstaticpointlocator2d.obj
d:\cybermed\daddy\dependency\sdk-vtk-9.4.2\build_msvc\common\datamodel\commondatamodel.dir\release\vtkstaticpointlocator.obj
d:\cybermed\daddy\dependency\sdk-vtk-9.4.2\build_msvc\common\datamodel\commondatamodel.dir\release\vtkhypertreegridgeometrylevelentry.obj
d:\cybermed\daddy\dependency\sdk-vtk-9.4.2\build_msvc\common\datamodel\commondatamodel.dir\release\vtkhypertreegridgeometryunlimitedentry.obj
d:\cybermed\daddy\dependency\sdk-vtk-9.4.2\build_msvc\common\datamodel\commondatamodel.dir\release\vtkhypertreegridgeometryentry.obj
d:\cybermed\daddy\dependency\sdk-vtk-9.4.2\build_msvc\common\datamodel\commondatamodel.dir\release\vtkhypertreegridentry.obj
d:\cybermed\daddy\dependency\sdk-vtk-9.4.2\build_msvc\common\datamodel\commondatamodel.dir\release\vtkuniformgridamrdataiterator.obj
d:\cybermed\daddy\dependency\sdk-vtk-9.4.2\build_msvc\common\datamodel\commondatamodel.dir\release\vtkuniformgridamr.obj
d:\cybermed\daddy\dependency\sdk-vtk-9.4.2\build_msvc\common\datamodel\commondatamodel.dir\release\vtkoverlappingamr.obj
d:\cybermed\daddy\dependency\sdk-vtk-9.4.2\build_msvc\common\datamodel\commondatamodel.dir\release\vtknonoverlappingamr.obj
d:\cybermed\daddy\dependency\sdk-vtk-9.4.2\build_msvc\common\datamodel\commondatamodel.dir\release\vtkamrinformation.obj
d:\cybermed\daddy\dependency\sdk-vtk-9.4.2\build_msvc\common\datamodel\commondatamodel.dir\release\vtkamrdatainternals.obj
d:\cybermed\daddy\dependency\sdk-vtk-9.4.2\build_msvc\common\datamodel\commondatamodel.dir\release\vtkxmldataelement.obj
d:\cybermed\daddy\dependency\sdk-vtk-9.4.2\build_msvc\common\datamodel\commondatamodel.dir\release\vtkwedge.obj
d:\cybermed\daddy\dependency\sdk-vtk-9.4.2\build_msvc\common\datamodel\commondatamodel.dir\release\vtkvoxel.obj
d:\cybermed\daddy\dependency\sdk-vtk-9.4.2\build_msvc\common\datamodel\commondatamodel.dir\release\vtkvertexlistiterator.obj
d:\cybermed\daddy\dependency\sdk-vtk-9.4.2\build_msvc\common\datamodel\commondatamodel.dir\release\vtkvertex.obj
d:\cybermed\daddy\dependency\sdk-vtk-9.4.2\build_msvc\common\datamodel\commondatamodel.dir\release\vtkunstructuredgridcelliterator.obj
d:\cybermed\daddy\dependency\sdk-vtk-9.4.2\build_msvc\common\datamodel\commondatamodel.dir\release\vtkunstructuredgridbase.obj
d:\cybermed\daddy\dependency\sdk-vtk-9.4.2\build_msvc\common\datamodel\commondatamodel.dir\release\vtkunstructuredgrid.obj
d:\cybermed\daddy\dependency\sdk-vtk-9.4.2\build_msvc\common\datamodel\commondatamodel.dir\release\vtkuniformhypertreegrid.obj
d:\cybermed\daddy\dependency\sdk-vtk-9.4.2\build_msvc\common\datamodel\commondatamodel.dir\release\vtkuniformgrid.obj
d:\cybermed\daddy\dependency\sdk-vtk-9.4.2\build_msvc\common\datamodel\commondatamodel.dir\release\vtkhypertreegridlevelentry.obj
d:\cybermed\daddy\dependency\sdk-vtk-9.4.2\build_msvc\common\datamodel\commondatamodel.dir\release\vtkhypertreegridgeometryunlimitedlevelentry.obj
d:\cybermed\daddy\dependency\sdk-vtk-9.4.2\build_msvc\common\datamodel\cmakefiles\generate.stamp
d:\cybermed\daddy\dependency\sdk-vtk-9.4.2\build_msvc\bin\release\vtkcommondatamodel-9.4.dll
d:\cybermed\daddy\dependency\sdk-vtk-9.4.2\build_msvc\lib\release\vtkcommondatamodel-9.4.lib
d:\cybermed\daddy\dependency\sdk-vtk-9.4.2\build_msvc\lib\release\vtkcommondatamodel-9.4.exp
d:\cybermed\daddy\dependency\sdk-vtk-9.4.2\build_msvc\common\datamodel\commondatamodel.dir\release\commondatamodel.tlog\cl.command.1.tlog
d:\cybermed\daddy\dependency\sdk-vtk-9.4.2\build_msvc\common\datamodel\commondatamodel.dir\release\commondatamodel.tlog\cl.items.tlog
d:\cybermed\daddy\dependency\sdk-vtk-9.4.2\build_msvc\common\datamodel\commondatamodel.dir\release\commondatamodel.tlog\cl.read.1.tlog
d:\cybermed\daddy\dependency\sdk-vtk-9.4.2\build_msvc\common\datamodel\commondatamodel.dir\release\commondatamodel.tlog\cl.write.1.tlog
d:\cybermed\daddy\dependency\sdk-vtk-9.4.2\build_msvc\common\datamodel\commondatamodel.dir\release\commondatamodel.tlog\custombuild.command.1.tlog
d:\cybermed\daddy\dependency\sdk-vtk-9.4.2\build_msvc\common\datamodel\commondatamodel.dir\release\commondatamodel.tlog\custombuild.read.1.tlog
d:\cybermed\daddy\dependency\sdk-vtk-9.4.2\build_msvc\common\datamodel\commondatamodel.dir\release\commondatamodel.tlog\custombuild.write.1.tlog
d:\cybermed\daddy\dependency\sdk-vtk-9.4.2\build_msvc\common\datamodel\commondatamodel.dir\release\commondatamodel.tlog\link.command.1.tlog
d:\cybermed\daddy\dependency\sdk-vtk-9.4.2\build_msvc\common\datamodel\commondatamodel.dir\release\commondatamodel.tlog\link.read.1.tlog
d:\cybermed\daddy\dependency\sdk-vtk-9.4.2\build_msvc\common\datamodel\commondatamodel.dir\release\commondatamodel.tlog\link.secondary.1.tlog
d:\cybermed\daddy\dependency\sdk-vtk-9.4.2\build_msvc\common\datamodel\commondatamodel.dir\release\commondatamodel.tlog\link.write.1.tlog
