d:\cybermed\daddy\dependency\sdk-vtk-9.4.2\build_msvc\lib\debug\vtkrenderingvtkjs-9.4d.pdb
d:\cybermed\daddy\dependency\sdk-vtk-9.4.2\build_msvc\rendering\vtkjs\renderingvtkjs.dir\debug\vtkvtkjsviewnodefactory.obj
d:\cybermed\daddy\dependency\sdk-vtk-9.4.2\build_msvc\rendering\vtkjs\renderingvtkjs.dir\debug\vtkvtkjsscenegraphserializer.obj
d:\cybermed\daddy\dependency\sdk-vtk-9.4.2\build_msvc\rendering\vtkjs\renderingvtkjs.dir\debug\vc143.pdb
d:\cybermed\daddy\dependency\sdk-vtk-9.4.2\build_msvc\rendering\vtkjs\cmakefiles\generate.stamp
d:\cybermed\daddy\dependency\sdk-vtk-9.4.2\build_msvc\lib\debug\vtkrenderingvtkjs-9.4d.lib
d:\cybermed\daddy\dependency\sdk-vtk-9.4.2\build_msvc\bin\debug\vtkrenderingvtkjs-9.4d.dll
d:\cybermed\daddy\dependency\sdk-vtk-9.4.2\build_msvc\bin\debug\vtkrenderingvtkjs-9.4d.pdb
d:\cybermed\daddy\dependency\sdk-vtk-9.4.2\build_msvc\lib\debug\vtkrenderingvtkjs-9.4d.exp
d:\cybermed\daddy\dependency\sdk-vtk-9.4.2\build_msvc\rendering\vtkjs\renderingvtkjs.dir\debug\vtkrenderingvtkjs-9.4d.ilk
d:\cybermed\daddy\dependency\sdk-vtk-9.4.2\build_msvc\rendering\vtkjs\renderingvtkjs.dir\debug\renderingvtkjs.tlog\cl.command.1.tlog
d:\cybermed\daddy\dependency\sdk-vtk-9.4.2\build_msvc\rendering\vtkjs\renderingvtkjs.dir\debug\renderingvtkjs.tlog\cl.items.tlog
d:\cybermed\daddy\dependency\sdk-vtk-9.4.2\build_msvc\rendering\vtkjs\renderingvtkjs.dir\debug\renderingvtkjs.tlog\cl.read.1.tlog
d:\cybermed\daddy\dependency\sdk-vtk-9.4.2\build_msvc\rendering\vtkjs\renderingvtkjs.dir\debug\renderingvtkjs.tlog\cl.write.1.tlog
d:\cybermed\daddy\dependency\sdk-vtk-9.4.2\build_msvc\rendering\vtkjs\renderingvtkjs.dir\debug\renderingvtkjs.tlog\custombuild.command.1.tlog
d:\cybermed\daddy\dependency\sdk-vtk-9.4.2\build_msvc\rendering\vtkjs\renderingvtkjs.dir\debug\renderingvtkjs.tlog\custombuild.read.1.tlog
d:\cybermed\daddy\dependency\sdk-vtk-9.4.2\build_msvc\rendering\vtkjs\renderingvtkjs.dir\debug\renderingvtkjs.tlog\custombuild.write.1.tlog
d:\cybermed\daddy\dependency\sdk-vtk-9.4.2\build_msvc\rendering\vtkjs\renderingvtkjs.dir\debug\renderingvtkjs.tlog\lib-link.read.1.tlog
d:\cybermed\daddy\dependency\sdk-vtk-9.4.2\build_msvc\rendering\vtkjs\renderingvtkjs.dir\debug\renderingvtkjs.tlog\lib-link.write.1.tlog
d:\cybermed\daddy\dependency\sdk-vtk-9.4.2\build_msvc\rendering\vtkjs\renderingvtkjs.dir\debug\renderingvtkjs.tlog\lib.command.1.tlog
d:\cybermed\daddy\dependency\sdk-vtk-9.4.2\build_msvc\rendering\vtkjs\renderingvtkjs.dir\debug\renderingvtkjs.tlog\link.command.1.tlog
d:\cybermed\daddy\dependency\sdk-vtk-9.4.2\build_msvc\rendering\vtkjs\renderingvtkjs.dir\debug\renderingvtkjs.tlog\link.read.1.tlog
d:\cybermed\daddy\dependency\sdk-vtk-9.4.2\build_msvc\rendering\vtkjs\renderingvtkjs.dir\debug\renderingvtkjs.tlog\link.secondary.1.tlog
d:\cybermed\daddy\dependency\sdk-vtk-9.4.2\build_msvc\rendering\vtkjs\renderingvtkjs.dir\debug\renderingvtkjs.tlog\link.write.1.tlog
