  vtkASCIITextCodec.cxx
  vtkAbstractParticleWriter.cxx
  vtkAbstractPolyDataReader.cxx
  vtkArrayDataReader.cxx
  vtkArrayDataWriter.cxx
  vtkArrayReader.cxx
  vtkArrayWriter.cxx
  vtkBase64InputStream.cxx
  vtkBase64OutputStream.cxx
  vtkBase64Utilities.cxx
  vtkDataCompressor.cxx
  vtkDelimitedTextWriter.cxx
  vtkFileResourceStream.cxx
  vtkGlobFileNames.cxx
  vtkInputStream.cxx
  vtkJavaScriptDataWriter.cxx
  vtkLZ4DataCompressor.cxx
  vtkLZMADataCompressor.cxx
  vtkMemoryResourceStream.cxx
  vtkOutputStream.cxx
  코드를 생성하고 있습니다...
  컴파일하고 있습니다...
  vtkResourceParser.cxx
  vtkResourceStream.cxx
  vtkSortFileNames.cxx
  vtkTextCodec.cxx
  vtkTextCodecFactory.cxx
  vtkURI.cxx
  vtkURILoader.cxx
  vtkUTF16TextCodec.cxx
  vtkUTF8TextCodec.cxx
  vtkWriter.cxx
  vtkZLibDataCompressor.cxx
  코드를 생성하고 있습니다...
     D:/cybermed/daddy/dependency/sdk-VTK-9.4.2/build_msvc/lib/Release/vtkIOCore-9.4.lib 라이브러리 및 D:/cybermed/daddy/dependency/sdk-VTK-9.4.2/build_msvc/lib/Release/vtkIOCore-9.4.exp 개체를 생성하고 있습니다.
  IOCore.vcxproj -> D:\cybermed\daddy\dependency\sdk-VTK-9.4.2\build_msvc\bin\Release\vtkIOCore-9.4.dll
