d:\cybermed\daddy\dependency\sdk-vtk-9.4.2\build_msvc\io\core\iocore.dir\release\vtkoutputstream.obj
d:\cybermed\daddy\dependency\sdk-vtk-9.4.2\build_msvc\io\core\iocore.dir\release\vtkmemoryresourcestream.obj
d:\cybermed\daddy\dependency\sdk-vtk-9.4.2\build_msvc\io\core\iocore.dir\release\vtklzmadatacompressor.obj
d:\cybermed\daddy\dependency\sdk-vtk-9.4.2\build_msvc\io\core\iocore.dir\release\vtklz4datacompressor.obj
d:\cybermed\daddy\dependency\sdk-vtk-9.4.2\build_msvc\io\core\iocore.dir\release\vtkjavascriptdatawriter.obj
d:\cybermed\daddy\dependency\sdk-vtk-9.4.2\build_msvc\io\core\iocore.dir\release\vtkinputstream.obj
d:\cybermed\daddy\dependency\sdk-vtk-9.4.2\build_msvc\io\core\iocore.dir\release\vtkglobfilenames.obj
d:\cybermed\daddy\dependency\sdk-vtk-9.4.2\build_msvc\io\core\iocore.dir\release\vtkfileresourcestream.obj
d:\cybermed\daddy\dependency\sdk-vtk-9.4.2\build_msvc\io\core\iocore.dir\release\vtkdelimitedtextwriter.obj
d:\cybermed\daddy\dependency\sdk-vtk-9.4.2\build_msvc\io\core\iocore.dir\release\vtkdatacompressor.obj
d:\cybermed\daddy\dependency\sdk-vtk-9.4.2\build_msvc\io\core\iocore.dir\release\vtkbase64utilities.obj
d:\cybermed\daddy\dependency\sdk-vtk-9.4.2\build_msvc\io\core\iocore.dir\release\vtkbase64outputstream.obj
d:\cybermed\daddy\dependency\sdk-vtk-9.4.2\build_msvc\io\core\iocore.dir\release\vtkbase64inputstream.obj
d:\cybermed\daddy\dependency\sdk-vtk-9.4.2\build_msvc\io\core\iocore.dir\release\vtkasciitextcodec.obj
d:\cybermed\daddy\dependency\sdk-vtk-9.4.2\build_msvc\io\core\iocore.dir\release\vtkarraywriter.obj
d:\cybermed\daddy\dependency\sdk-vtk-9.4.2\build_msvc\io\core\iocore.dir\release\vtkarrayreader.obj
d:\cybermed\daddy\dependency\sdk-vtk-9.4.2\build_msvc\io\core\iocore.dir\release\vtkarraydatawriter.obj
d:\cybermed\daddy\dependency\sdk-vtk-9.4.2\build_msvc\io\core\iocore.dir\release\vtkarraydatareader.obj
d:\cybermed\daddy\dependency\sdk-vtk-9.4.2\build_msvc\io\core\iocore.dir\release\vtkabstractpolydatareader.obj
d:\cybermed\daddy\dependency\sdk-vtk-9.4.2\build_msvc\io\core\iocore.dir\release\vtkabstractparticlewriter.obj
d:\cybermed\daddy\dependency\sdk-vtk-9.4.2\build_msvc\io\core\iocore.dir\release\vtkzlibdatacompressor.obj
d:\cybermed\daddy\dependency\sdk-vtk-9.4.2\build_msvc\io\core\iocore.dir\release\vtkwriter.obj
d:\cybermed\daddy\dependency\sdk-vtk-9.4.2\build_msvc\io\core\iocore.dir\release\vtkutf8textcodec.obj
d:\cybermed\daddy\dependency\sdk-vtk-9.4.2\build_msvc\io\core\iocore.dir\release\vtkutf16textcodec.obj
d:\cybermed\daddy\dependency\sdk-vtk-9.4.2\build_msvc\io\core\iocore.dir\release\vtkuriloader.obj
d:\cybermed\daddy\dependency\sdk-vtk-9.4.2\build_msvc\io\core\iocore.dir\release\vtkuri.obj
d:\cybermed\daddy\dependency\sdk-vtk-9.4.2\build_msvc\io\core\iocore.dir\release\vtktextcodecfactory.obj
d:\cybermed\daddy\dependency\sdk-vtk-9.4.2\build_msvc\io\core\iocore.dir\release\vtktextcodec.obj
d:\cybermed\daddy\dependency\sdk-vtk-9.4.2\build_msvc\io\core\iocore.dir\release\vtksortfilenames.obj
d:\cybermed\daddy\dependency\sdk-vtk-9.4.2\build_msvc\io\core\iocore.dir\release\vtkresourcestream.obj
d:\cybermed\daddy\dependency\sdk-vtk-9.4.2\build_msvc\io\core\iocore.dir\release\vtkresourceparser.obj
d:\cybermed\daddy\dependency\sdk-vtk-9.4.2\build_msvc\io\core\cmakefiles\generate.stamp
d:\cybermed\daddy\dependency\sdk-vtk-9.4.2\build_msvc\bin\release\vtkiocore-9.4.dll
d:\cybermed\daddy\dependency\sdk-vtk-9.4.2\build_msvc\lib\release\vtkiocore-9.4.lib
d:\cybermed\daddy\dependency\sdk-vtk-9.4.2\build_msvc\lib\release\vtkiocore-9.4.exp
d:\cybermed\daddy\dependency\sdk-vtk-9.4.2\build_msvc\io\core\iocore.dir\release\iocore.tlog\cl.command.1.tlog
d:\cybermed\daddy\dependency\sdk-vtk-9.4.2\build_msvc\io\core\iocore.dir\release\iocore.tlog\cl.items.tlog
d:\cybermed\daddy\dependency\sdk-vtk-9.4.2\build_msvc\io\core\iocore.dir\release\iocore.tlog\cl.read.1.tlog
d:\cybermed\daddy\dependency\sdk-vtk-9.4.2\build_msvc\io\core\iocore.dir\release\iocore.tlog\cl.write.1.tlog
d:\cybermed\daddy\dependency\sdk-vtk-9.4.2\build_msvc\io\core\iocore.dir\release\iocore.tlog\custombuild.command.1.tlog
d:\cybermed\daddy\dependency\sdk-vtk-9.4.2\build_msvc\io\core\iocore.dir\release\iocore.tlog\custombuild.read.1.tlog
d:\cybermed\daddy\dependency\sdk-vtk-9.4.2\build_msvc\io\core\iocore.dir\release\iocore.tlog\custombuild.write.1.tlog
d:\cybermed\daddy\dependency\sdk-vtk-9.4.2\build_msvc\io\core\iocore.dir\release\iocore.tlog\link.command.1.tlog
d:\cybermed\daddy\dependency\sdk-vtk-9.4.2\build_msvc\io\core\iocore.dir\release\iocore.tlog\link.read.1.tlog
d:\cybermed\daddy\dependency\sdk-vtk-9.4.2\build_msvc\io\core\iocore.dir\release\iocore.tlog\link.secondary.1.tlog
d:\cybermed\daddy\dependency\sdk-vtk-9.4.2\build_msvc\io\core\iocore.dir\release\iocore.tlog\link.write.1.tlog
