d:\cybermed\daddy\dependency\sdk-vtk-9.4.2\build_msvc\filters\general\filtersgeneral.dir\release\vtkclipdataset.obj
d:\cybermed\daddy\dependency\sdk-vtk-9.4.2\build_msvc\filters\general\filtersgeneral.dir\release\vtkclipconvexpolydata.obj
d:\cybermed\daddy\dependency\sdk-vtk-9.4.2\build_msvc\filters\general\filtersgeneral.dir\release\vtkclipclosedsurface.obj
d:\cybermed\daddy\dependency\sdk-vtk-9.4.2\build_msvc\filters\general\filtersgeneral.dir\release\vtkcleanunstructuredgridcells.obj
d:\cybermed\daddy\dependency\sdk-vtk-9.4.2\build_msvc\filters\general\filtersgeneral.dir\release\vtkcleanunstructuredgrid.obj
d:\cybermed\daddy\dependency\sdk-vtk-9.4.2\build_msvc\filters\general\filtersgeneral.dir\release\vtkcellvalidator.obj
d:\cybermed\daddy\dependency\sdk-vtk-9.4.2\build_msvc\filters\general\filtersgeneral.dir\release\vtkcellderivatives.obj
d:\cybermed\daddy\dependency\sdk-vtk-9.4.2\build_msvc\filters\general\filtersgeneral.dir\release\vtkbrownianpoints.obj
d:\cybermed\daddy\dependency\sdk-vtk-9.4.2\build_msvc\filters\general\filtersgeneral.dir\release\vtkboxclipdataset.obj
d:\cybermed\daddy\dependency\sdk-vtk-9.4.2\build_msvc\filters\general\filtersgeneral.dir\release\vtkbooleanoperationpolydatafilter.obj
d:\cybermed\daddy\dependency\sdk-vtk-9.4.2\build_msvc\filters\general\filtersgeneral.dir\release\vtkblockidscalars.obj
d:\cybermed\daddy\dependency\sdk-vtk-9.4.2\build_msvc\filters\general\filtersgeneral.dir\release\vtkblankstructuredgridwithimage.obj
d:\cybermed\daddy\dependency\sdk-vtk-9.4.2\build_msvc\filters\general\filtersgeneral.dir\release\vtkblankstructuredgrid.obj
d:\cybermed\daddy\dependency\sdk-vtk-9.4.2\build_msvc\filters\general\filtersgeneral.dir\release\vtkaxes.obj
d:\cybermed\daddy\dependency\sdk-vtk-9.4.2\build_msvc\filters\general\filtersgeneral.dir\release\vtkareacontourspectrumfilter.obj
d:\cybermed\daddy\dependency\sdk-vtk-9.4.2\build_msvc\filters\general\filtersgeneral.dir\release\vtkapproximatingsubdivisionfilter.obj
d:\cybermed\daddy\dependency\sdk-vtk-9.4.2\build_msvc\filters\general\filtersgeneral.dir\release\vtkappendpoints.obj
d:\cybermed\daddy\dependency\sdk-vtk-9.4.2\build_msvc\filters\general\filtersgeneral.dir\release\vtkappendlocationattributes.obj
d:\cybermed\daddy\dependency\sdk-vtk-9.4.2\build_msvc\filters\general\filtersgeneral.dir\release\vtkannotationlink.obj
d:\cybermed\daddy\dependency\sdk-vtk-9.4.2\build_msvc\filters\general\filtersgeneral.dir\release\vtkanimatemodes.obj
d:\cybermed\daddy\dependency\sdk-vtk-9.4.2\build_msvc\filters\general\filtersgeneral.dir\release\vtkdiscretemarchingcubes.obj
d:\cybermed\daddy\dependency\sdk-vtk-9.4.2\build_msvc\filters\general\filtersgeneral.dir\release\vtkdiscreteflyingedgesclipper2d.obj
d:\cybermed\daddy\dependency\sdk-vtk-9.4.2\build_msvc\filters\general\filtersgeneral.dir\release\vtkdiscreteflyingedges3d.obj
d:\cybermed\daddy\dependency\sdk-vtk-9.4.2\build_msvc\filters\general\filtersgeneral.dir\release\vtkdiscreteflyingedges2d.obj
d:\cybermed\daddy\dependency\sdk-vtk-9.4.2\build_msvc\filters\general\filtersgeneral.dir\release\vtkdicer.obj
d:\cybermed\daddy\dependency\sdk-vtk-9.4.2\build_msvc\filters\general\filtersgeneral.dir\release\vtkdensifypolydata.obj
d:\cybermed\daddy\dependency\sdk-vtk-9.4.2\build_msvc\filters\general\filtersgeneral.dir\release\vtkdeformpointset.obj
d:\cybermed\daddy\dependency\sdk-vtk-9.4.2\build_msvc\filters\general\filtersgeneral.dir\release\vtkdeflectnormals.obj
d:\cybermed\daddy\dependency\sdk-vtk-9.4.2\build_msvc\filters\general\filtersgeneral.dir\release\vtkdatetonumeric.obj
d:\cybermed\daddy\dependency\sdk-vtk-9.4.2\build_msvc\filters\general\filtersgeneral.dir\release\vtkdatasettrianglefilter.obj
d:\cybermed\daddy\dependency\sdk-vtk-9.4.2\build_msvc\filters\general\filtersgeneral.dir\release\vtkdatasetgradientprecompute.obj
d:\cybermed\daddy\dependency\sdk-vtk-9.4.2\build_msvc\filters\general\filtersgeneral.dir\release\vtkdatasetgradient.obj
d:\cybermed\daddy\dependency\sdk-vtk-9.4.2\build_msvc\filters\general\filtersgeneral.dir\release\vtkcurvatures.obj
d:\cybermed\daddy\dependency\sdk-vtk-9.4.2\build_msvc\filters\general\filtersgeneral.dir\release\vtkcursor3d.obj
d:\cybermed\daddy\dependency\sdk-vtk-9.4.2\build_msvc\filters\general\filtersgeneral.dir\release\vtkcursor2d.obj
d:\cybermed\daddy\dependency\sdk-vtk-9.4.2\build_msvc\filters\general\filtersgeneral.dir\release\vtkcountvertices.obj
d:\cybermed\daddy\dependency\sdk-vtk-9.4.2\build_msvc\filters\general\filtersgeneral.dir\release\vtkcountfaces.obj
d:\cybermed\daddy\dependency\sdk-vtk-9.4.2\build_msvc\filters\general\filtersgeneral.dir\release\vtkcontourtriangulator.obj
d:\cybermed\daddy\dependency\sdk-vtk-9.4.2\build_msvc\filters\general\filtersgeneral.dir\release\vtkcoincidentpoints.obj
d:\cybermed\daddy\dependency\sdk-vtk-9.4.2\build_msvc\filters\general\filtersgeneral.dir\release\vtkclipvolume.obj
d:\cybermed\daddy\dependency\sdk-vtk-9.4.2\build_msvc\filters\general\filtersgeneral.dir\release\vtkimagemarchingcubes.obj
d:\cybermed\daddy\dependency\sdk-vtk-9.4.2\build_msvc\filters\general\filtersgeneral.dir\release\vtkimagedatatopointset.obj
d:\cybermed\daddy\dependency\sdk-vtk-9.4.2\build_msvc\filters\general\filtersgeneral.dir\release\vtkiconglyphfilter.obj
d:\cybermed\daddy\dependency\sdk-vtk-9.4.2\build_msvc\filters\general\filtersgeneral.dir\release\vtkhyperstreamline.obj
d:\cybermed\daddy\dependency\sdk-vtk-9.4.2\build_msvc\filters\general\filtersgeneral.dir\release\vtkhierarchicaldatalevelfilter.obj
d:\cybermed\daddy\dependency\sdk-vtk-9.4.2\build_msvc\filters\general\filtersgeneral.dir\release\vtkgrouptimestepsfilter.obj
d:\cybermed\daddy\dependency\sdk-vtk-9.4.2\build_msvc\filters\general\filtersgeneral.dir\release\vtkgroupdatasetsfilter.obj
d:\cybermed\daddy\dependency\sdk-vtk-9.4.2\build_msvc\filters\general\filtersgeneral.dir\release\vtkgraphweightfilter.obj
d:\cybermed\daddy\dependency\sdk-vtk-9.4.2\build_msvc\filters\general\filtersgeneral.dir\release\vtkgraphweighteuclideandistancefilter.obj
d:\cybermed\daddy\dependency\sdk-vtk-9.4.2\build_msvc\filters\general\filtersgeneral.dir\release\vtkgraphtopoints.obj
d:\cybermed\daddy\dependency\sdk-vtk-9.4.2\build_msvc\filters\general\filtersgeneral.dir\release\vtkgraphlayoutfilter.obj
d:\cybermed\daddy\dependency\sdk-vtk-9.4.2\build_msvc\filters\general\filtersgeneral.dir\release\vtkgradientfilter.obj
d:\cybermed\daddy\dependency\sdk-vtk-9.4.2\build_msvc\filters\general\filtersgeneral.dir\release\vtkfiniteelementfielddistributor.obj
d:\cybermed\daddy\dependency\sdk-vtk-9.4.2\build_msvc\filters\general\filtersgeneral.dir\release\vtkextractselectionbase.obj
d:\cybermed\daddy\dependency\sdk-vtk-9.4.2\build_msvc\filters\general\filtersgeneral.dir\release\vtkextractselectedfrustum.obj
d:\cybermed\daddy\dependency\sdk-vtk-9.4.2\build_msvc\filters\general\filtersgeneral.dir\release\vtkextractghostcells.obj
d:\cybermed\daddy\dependency\sdk-vtk-9.4.2\build_msvc\filters\general\filtersgeneral.dir\release\vtkextractarray.obj
d:\cybermed\daddy\dependency\sdk-vtk-9.4.2\build_msvc\filters\general\filtersgeneral.dir\release\vtkequalizerfilter.obj
d:\cybermed\daddy\dependency\sdk-vtk-9.4.2\build_msvc\filters\general\filtersgeneral.dir\release\vtkedgepoints.obj
d:\cybermed\daddy\dependency\sdk-vtk-9.4.2\build_msvc\filters\general\filtersgeneral.dir\release\vtkdistancepolydatafilter.obj
d:\cybermed\daddy\dependency\sdk-vtk-9.4.2\build_msvc\filters\general\filtersgeneral.dir\release\vtkoverlappingamrlevelidscalars.obj
d:\cybermed\daddy\dependency\sdk-vtk-9.4.2\build_msvc\filters\general\filtersgeneral.dir\release\vtkobbtree.obj
d:\cybermed\daddy\dependency\sdk-vtk-9.4.2\build_msvc\filters\general\filtersgeneral.dir\release\vtkobbdicer.obj
d:\cybermed\daddy\dependency\sdk-vtk-9.4.2\build_msvc\filters\general\filtersgeneral.dir\release\vtknormalizematrixvectors.obj
d:\cybermed\daddy\dependency\sdk-vtk-9.4.2\build_msvc\filters\general\filtersgeneral.dir\release\vtkmultithreshold.obj
d:\cybermed\daddy\dependency\sdk-vtk-9.4.2\build_msvc\filters\general\filtersgeneral.dir\release\vtkmultiblockmergefilter.obj
d:\cybermed\daddy\dependency\sdk-vtk-9.4.2\build_msvc\filters\general\filtersgeneral.dir\release\vtkmultiblockdatagroupfilter.obj
d:\cybermed\daddy\dependency\sdk-vtk-9.4.2\build_msvc\filters\general\filtersgeneral.dir\release\vtkmergevectorcomponents.obj
d:\cybermed\daddy\dependency\sdk-vtk-9.4.2\build_msvc\filters\general\filtersgeneral.dir\release\vtkmergetimefilter.obj
d:\cybermed\daddy\dependency\sdk-vtk-9.4.2\build_msvc\filters\general\filtersgeneral.dir\release\vtkmergecells.obj
d:\cybermed\daddy\dependency\sdk-vtk-9.4.2\build_msvc\filters\general\filtersgeneral.dir\release\vtkmergearrays.obj
d:\cybermed\daddy\dependency\sdk-vtk-9.4.2\build_msvc\filters\general\filtersgeneral.dir\release\vtkmatricizearray.obj
d:\cybermed\daddy\dependency\sdk-vtk-9.4.2\build_msvc\filters\general\filtersgeneral.dir\release\vtkmarchingcontourfilter.obj
d:\cybermed\daddy\dependency\sdk-vtk-9.4.2\build_msvc\filters\general\filtersgeneral.dir\release\vtkloopbooleanpolydatafilter.obj
d:\cybermed\daddy\dependency\sdk-vtk-9.4.2\build_msvc\filters\general\filtersgeneral.dir\release\vtklinkedgels.obj
d:\cybermed\daddy\dependency\sdk-vtk-9.4.2\build_msvc\filters\general\filtersgeneral.dir\release\vtklevelidscalars.obj
d:\cybermed\daddy\dependency\sdk-vtk-9.4.2\build_msvc\filters\general\filtersgeneral.dir\release\vtkjointables.obj
d:\cybermed\daddy\dependency\sdk-vtk-9.4.2\build_msvc\filters\general\filtersgeneral.dir\release\vtkintersectionpolydatafilter.obj
d:\cybermed\daddy\dependency\sdk-vtk-9.4.2\build_msvc\filters\general\filtersgeneral.dir\release\vtkinterpolatingsubdivisionfilter.obj
d:\cybermed\daddy\dependency\sdk-vtk-9.4.2\build_msvc\filters\general\filtersgeneral.dir\release\vtkinterpolatedatasetattributes.obj
d:\cybermed\daddy\dependency\sdk-vtk-9.4.2\build_msvc\filters\general\filtersgeneral.dir\release\vtkshrinkfilter.obj
d:\cybermed\daddy\dependency\sdk-vtk-9.4.2\build_msvc\filters\general\filtersgeneral.dir\release\vtksampleimplicitfunctionfilter.obj
d:\cybermed\daddy\dependency\sdk-vtk-9.4.2\build_msvc\filters\general\filtersgeneral.dir\release\vtkrotationfilter.obj
d:\cybermed\daddy\dependency\sdk-vtk-9.4.2\build_msvc\filters\general\filtersgeneral.dir\release\vtkremovepolydata.obj
d:\cybermed\daddy\dependency\sdk-vtk-9.4.2\build_msvc\filters\general\filtersgeneral.dir\release\vtkreflectionfilter.obj
d:\cybermed\daddy\dependency\sdk-vtk-9.4.2\build_msvc\filters\general\filtersgeneral.dir\release\vtkrecursivedividingcubes.obj
d:\cybermed\daddy\dependency\sdk-vtk-9.4.2\build_msvc\filters\general\filtersgeneral.dir\release\vtkrectilineargridtotetrahedra.obj
d:\cybermed\daddy\dependency\sdk-vtk-9.4.2\build_msvc\filters\general\filtersgeneral.dir\release\vtkrectilineargridtopointset.obj
d:\cybermed\daddy\dependency\sdk-vtk-9.4.2\build_msvc\filters\general\filtersgeneral.dir\release\vtkrectilineargridclip.obj
d:\cybermed\daddy\dependency\sdk-vtk-9.4.2\build_msvc\filters\general\filtersgeneral.dir\release\vtkrandomattributegenerator.obj
d:\cybermed\daddy\dependency\sdk-vtk-9.4.2\build_msvc\filters\general\filtersgeneral.dir\release\vtkquantizepolydatapoints.obj
d:\cybermed\daddy\dependency\sdk-vtk-9.4.2\build_msvc\filters\general\filtersgeneral.dir\release\vtkquadratureschemedictionarygenerator.obj
d:\cybermed\daddy\dependency\sdk-vtk-9.4.2\build_msvc\filters\general\filtersgeneral.dir\release\vtkquadraturepointsgenerator.obj
d:\cybermed\daddy\dependency\sdk-vtk-9.4.2\build_msvc\filters\general\filtersgeneral.dir\release\vtkquadraturepointinterpolator.obj
d:\cybermed\daddy\dependency\sdk-vtk-9.4.2\build_msvc\filters\general\filtersgeneral.dir\release\vtkprobepolyhedron.obj
d:\cybermed\daddy\dependency\sdk-vtk-9.4.2\build_msvc\filters\general\filtersgeneral.dir\release\vtkpolydatatoreebgraphfilter.obj
d:\cybermed\daddy\dependency\sdk-vtk-9.4.2\build_msvc\filters\general\filtersgeneral.dir\release\vtkpolydatastreamer.obj
d:\cybermed\daddy\dependency\sdk-vtk-9.4.2\build_msvc\filters\general\filtersgeneral.dir\release\vtkpointconnectivityfilter.obj
d:\cybermed\daddy\dependency\sdk-vtk-9.4.2\build_msvc\filters\general\filtersgeneral.dir\release\vtkpassselectedarrays.obj
d:\cybermed\daddy\dependency\sdk-vtk-9.4.2\build_msvc\filters\general\filtersgeneral.dir\release\vtkpassarrays.obj
d:\cybermed\daddy\dependency\sdk-vtk-9.4.2\build_msvc\filters\general\filtersgeneral.dir\release\vtktimesourceexample.obj
d:\cybermed\daddy\dependency\sdk-vtk-9.4.2\build_msvc\filters\general\filtersgeneral.dir\release\vtktessellatorfilter.obj
d:\cybermed\daddy\dependency\sdk-vtk-9.4.2\build_msvc\filters\general\filtersgeneral.dir\release\vtktemporalstatistics.obj
d:\cybermed\daddy\dependency\sdk-vtk-9.4.2\build_msvc\filters\general\filtersgeneral.dir\release\vtktemporalpathlinefilter.obj
d:\cybermed\daddy\dependency\sdk-vtk-9.4.2\build_msvc\filters\general\filtersgeneral.dir\release\vtktabletostructuredgrid.obj
d:\cybermed\daddy\dependency\sdk-vtk-9.4.2\build_msvc\filters\general\filtersgeneral.dir\release\vtktabletopolydata.obj
d:\cybermed\daddy\dependency\sdk-vtk-9.4.2\build_msvc\filters\general\filtersgeneral.dir\release\vtktablefft.obj
d:\cybermed\daddy\dependency\sdk-vtk-9.4.2\build_msvc\filters\general\filtersgeneral.dir\release\vtktablebasedclipdataset.obj
d:\cybermed\daddy\dependency\sdk-vtk-9.4.2\build_msvc\filters\general\filtersgeneral.dir\release\vtksynchronizetimefilter.obj
d:\cybermed\daddy\dependency\sdk-vtk-9.4.2\build_msvc\filters\general\filtersgeneral.dir\release\vtksubdivisionfilter.obj
d:\cybermed\daddy\dependency\sdk-vtk-9.4.2\build_msvc\filters\general\filtersgeneral.dir\release\vtksubpixelpositionedgels.obj
d:\cybermed\daddy\dependency\sdk-vtk-9.4.2\build_msvc\filters\general\filtersgeneral.dir\release\vtkstructuredgridclip.obj
d:\cybermed\daddy\dependency\sdk-vtk-9.4.2\build_msvc\filters\general\filtersgeneral.dir\release\vtksplitfield.obj
d:\cybermed\daddy\dependency\sdk-vtk-9.4.2\build_msvc\filters\general\filtersgeneral.dir\release\vtksplitcolumncomponents.obj
d:\cybermed\daddy\dependency\sdk-vtk-9.4.2\build_msvc\filters\general\filtersgeneral.dir\release\vtksplitbycellscalarfilter.obj
d:\cybermed\daddy\dependency\sdk-vtk-9.4.2\build_msvc\filters\general\filtersgeneral.dir\release\vtksplinefilter.obj
d:\cybermed\daddy\dependency\sdk-vtk-9.4.2\build_msvc\filters\general\filtersgeneral.dir\release\vtksphericalharmonics.obj
d:\cybermed\daddy\dependency\sdk-vtk-9.4.2\build_msvc\filters\general\filtersgeneral.dir\release\vtkspatiotemporalharmonicsattribute.obj
d:\cybermed\daddy\dependency\sdk-vtk-9.4.2\build_msvc\filters\general\filtersgeneral.dir\release\vtkspatialrepresentationfilter.obj
d:\cybermed\daddy\dependency\sdk-vtk-9.4.2\build_msvc\filters\general\filtersgeneral.dir\release\vtkshrinkpolydata.obj
d:\cybermed\daddy\dependency\sdk-vtk-9.4.2\build_msvc\filters\general\filtersgeneral.dir\release\vtktablebasedclipcases.obj
d:\cybermed\daddy\dependency\sdk-vtk-9.4.2\build_msvc\filters\general\filtersgeneral.dir\release\vtkyoungsmaterialinterface.obj
d:\cybermed\daddy\dependency\sdk-vtk-9.4.2\build_msvc\filters\general\filtersgeneral.dir\release\vtkwarpvector.obj
d:\cybermed\daddy\dependency\sdk-vtk-9.4.2\build_msvc\filters\general\filtersgeneral.dir\release\vtkwarpto.obj
d:\cybermed\daddy\dependency\sdk-vtk-9.4.2\build_msvc\filters\general\filtersgeneral.dir\release\vtkwarpscalar.obj
d:\cybermed\daddy\dependency\sdk-vtk-9.4.2\build_msvc\filters\general\filtersgeneral.dir\release\vtkwarplens.obj
d:\cybermed\daddy\dependency\sdk-vtk-9.4.2\build_msvc\filters\general\filtersgeneral.dir\release\vtkvoxelcontourstosurfacefilter.obj
d:\cybermed\daddy\dependency\sdk-vtk-9.4.2\build_msvc\filters\general\filtersgeneral.dir\release\vtkvolumecontourspectrumfilter.obj
d:\cybermed\daddy\dependency\sdk-vtk-9.4.2\build_msvc\filters\general\filtersgeneral.dir\release\vtkvertexglyphfilter.obj
d:\cybermed\daddy\dependency\sdk-vtk-9.4.2\build_msvc\filters\general\filtersgeneral.dir\release\vtkuncertaintytubefilter.obj
d:\cybermed\daddy\dependency\sdk-vtk-9.4.2\build_msvc\filters\general\filtersgeneral.dir\release\vtktransformpolydatafilter.obj
d:\cybermed\daddy\dependency\sdk-vtk-9.4.2\build_msvc\filters\general\filtersgeneral.dir\release\vtktransformfilter.obj
d:\cybermed\daddy\dependency\sdk-vtk-9.4.2\build_msvc\filters\general\cmakefiles\generate.stamp
d:\cybermed\daddy\dependency\sdk-vtk-9.4.2\build_msvc\bin\release\vtkfiltersgeneral-9.4.dll
d:\cybermed\daddy\dependency\sdk-vtk-9.4.2\build_msvc\lib\release\vtkfiltersgeneral-9.4.lib
d:\cybermed\daddy\dependency\sdk-vtk-9.4.2\build_msvc\lib\release\vtkfiltersgeneral-9.4.exp
d:\cybermed\daddy\dependency\sdk-vtk-9.4.2\build_msvc\filters\general\filtersgeneral.dir\release\filtersgeneral.tlog\cl.command.1.tlog
d:\cybermed\daddy\dependency\sdk-vtk-9.4.2\build_msvc\filters\general\filtersgeneral.dir\release\filtersgeneral.tlog\cl.items.tlog
d:\cybermed\daddy\dependency\sdk-vtk-9.4.2\build_msvc\filters\general\filtersgeneral.dir\release\filtersgeneral.tlog\cl.read.1.tlog
d:\cybermed\daddy\dependency\sdk-vtk-9.4.2\build_msvc\filters\general\filtersgeneral.dir\release\filtersgeneral.tlog\cl.write.1.tlog
d:\cybermed\daddy\dependency\sdk-vtk-9.4.2\build_msvc\filters\general\filtersgeneral.dir\release\filtersgeneral.tlog\custombuild.command.1.tlog
d:\cybermed\daddy\dependency\sdk-vtk-9.4.2\build_msvc\filters\general\filtersgeneral.dir\release\filtersgeneral.tlog\custombuild.read.1.tlog
d:\cybermed\daddy\dependency\sdk-vtk-9.4.2\build_msvc\filters\general\filtersgeneral.dir\release\filtersgeneral.tlog\custombuild.write.1.tlog
d:\cybermed\daddy\dependency\sdk-vtk-9.4.2\build_msvc\filters\general\filtersgeneral.dir\release\filtersgeneral.tlog\link.command.1.tlog
d:\cybermed\daddy\dependency\sdk-vtk-9.4.2\build_msvc\filters\general\filtersgeneral.dir\release\filtersgeneral.tlog\link.read.1.tlog
d:\cybermed\daddy\dependency\sdk-vtk-9.4.2\build_msvc\filters\general\filtersgeneral.dir\release\filtersgeneral.tlog\link.secondary.1.tlog
d:\cybermed\daddy\dependency\sdk-vtk-9.4.2\build_msvc\filters\general\filtersgeneral.dir\release\filtersgeneral.tlog\link.write.1.tlog
