  Building Custom Rule D:/cybermed/daddy/dependency/sdk-VTK-9.4.2/ThirdParty/libharu/vtklibharu/src/CMakeLists.txt
  hpdf_annotation.c
  hpdf_array.c
  hpdf_binary.c
  hpdf_boolean.c
  hpdf_catalog.c
  hpdf_destination.c
  hpdf_dict.c
  hpdf_direct.c
  hpdf_doc_png.c
  hpdf_doc.c
  hpdf_encoder_cns.c
  hpdf_encoder_cnt.c
  hpdf_encoder_jp.c
  hpdf_encoder_kr.c
  hpdf_encoder.c
  hpdf_encrypt.c
  hpdf_encryptdict.c
  hpdf_error.c
  hpdf_ext_gstate.c
  hpdf_font_cid.c
  코드를 생성하고 있습니다...
  컴파일하고 있습니다...
  hpdf_font_tt.c
  hpdf_font_type1.c
  hpdf_font.c
  hpdf_fontdef_base14.c
  hpdf_fontdef_cid.c
  hpdf_fontdef_cns.c
  hpdf_fontdef_cnt.c
  hpdf_fontdef_jp.c
  hpdf_fontdef_kr.c
  hpdf_fontdef_tt.c
  hpdf_fontdef_type1.c
  hpdf_fontdef.c
  hpdf_gstate.c
  hpdf_image_ccitt.c
  hpdf_image_png.c
  hpdf_image.c
  hpdf_info.c
  hpdf_list.c
  hpdf_mmgr.c
  hpdf_name.c
  코드를 생성하고 있습니다...
  컴파일하고 있습니다...
  hpdf_namedict.c
  hpdf_null.c
  hpdf_number.c
  hpdf_objects.c
  hpdf_outline.c
  hpdf_page_label.c
  hpdf_page_operator.c
  hpdf_pages.c
  hpdf_real.c
  hpdf_shading.c
  hpdf_streams.c
  hpdf_string.c
  hpdf_u3d.c
  hpdf_utils.c
  hpdf_xref.c
  hpdf_pdfa.c
  hpdf_3dmeasure.c
  hpdf_exdata.c
  hpdf_encoder_utf.c
  코드를 생성하고 있습니다...
  Auto build dll exports
     D:/cybermed/daddy/dependency/sdk-VTK-9.4.2/build_msvc/lib/Release/vtklibharu-9.4.lib 라이브러리 및 D:/cybermed/daddy/dependency/sdk-VTK-9.4.2/build_msvc/lib/Release/vtklibharu-9.4.exp 개체를 생성하고 있습니다.
  libharu.vcxproj -> D:\cybermed\daddy\dependency\sdk-VTK-9.4.2\build_msvc\bin\Release\vtklibharu-9.4.dll
