d:\cybermed\daddy\dependency\sdk-vtk-9.4.2\build_msvc\thirdparty\libharu\vtklibharu\src\libharu.dir\release\hpdf_font_cid.obj
d:\cybermed\daddy\dependency\sdk-vtk-9.4.2\build_msvc\thirdparty\libharu\vtklibharu\src\libharu.dir\release\hpdf_ext_gstate.obj
d:\cybermed\daddy\dependency\sdk-vtk-9.4.2\build_msvc\thirdparty\libharu\vtklibharu\src\libharu.dir\release\hpdf_error.obj
d:\cybermed\daddy\dependency\sdk-vtk-9.4.2\build_msvc\thirdparty\libharu\vtklibharu\src\libharu.dir\release\hpdf_encryptdict.obj
d:\cybermed\daddy\dependency\sdk-vtk-9.4.2\build_msvc\thirdparty\libharu\vtklibharu\src\libharu.dir\release\hpdf_encrypt.obj
d:\cybermed\daddy\dependency\sdk-vtk-9.4.2\build_msvc\thirdparty\libharu\vtklibharu\src\libharu.dir\release\hpdf_encoder.obj
d:\cybermed\daddy\dependency\sdk-vtk-9.4.2\build_msvc\thirdparty\libharu\vtklibharu\src\libharu.dir\release\hpdf_encoder_kr.obj
d:\cybermed\daddy\dependency\sdk-vtk-9.4.2\build_msvc\thirdparty\libharu\vtklibharu\src\libharu.dir\release\hpdf_encoder_jp.obj
d:\cybermed\daddy\dependency\sdk-vtk-9.4.2\build_msvc\thirdparty\libharu\vtklibharu\src\libharu.dir\release\hpdf_encoder_cnt.obj
d:\cybermed\daddy\dependency\sdk-vtk-9.4.2\build_msvc\thirdparty\libharu\vtklibharu\src\libharu.dir\release\hpdf_encoder_cns.obj
d:\cybermed\daddy\dependency\sdk-vtk-9.4.2\build_msvc\thirdparty\libharu\vtklibharu\src\libharu.dir\release\hpdf_doc.obj
d:\cybermed\daddy\dependency\sdk-vtk-9.4.2\build_msvc\thirdparty\libharu\vtklibharu\src\libharu.dir\release\hpdf_doc_png.obj
d:\cybermed\daddy\dependency\sdk-vtk-9.4.2\build_msvc\thirdparty\libharu\vtklibharu\src\libharu.dir\release\hpdf_direct.obj
d:\cybermed\daddy\dependency\sdk-vtk-9.4.2\build_msvc\thirdparty\libharu\vtklibharu\src\libharu.dir\release\hpdf_dict.obj
d:\cybermed\daddy\dependency\sdk-vtk-9.4.2\build_msvc\thirdparty\libharu\vtklibharu\src\libharu.dir\release\hpdf_destination.obj
d:\cybermed\daddy\dependency\sdk-vtk-9.4.2\build_msvc\thirdparty\libharu\vtklibharu\src\libharu.dir\release\hpdf_catalog.obj
d:\cybermed\daddy\dependency\sdk-vtk-9.4.2\build_msvc\thirdparty\libharu\vtklibharu\src\libharu.dir\release\hpdf_boolean.obj
d:\cybermed\daddy\dependency\sdk-vtk-9.4.2\build_msvc\thirdparty\libharu\vtklibharu\src\libharu.dir\release\hpdf_binary.obj
d:\cybermed\daddy\dependency\sdk-vtk-9.4.2\build_msvc\thirdparty\libharu\vtklibharu\src\libharu.dir\release\hpdf_array.obj
d:\cybermed\daddy\dependency\sdk-vtk-9.4.2\build_msvc\thirdparty\libharu\vtklibharu\src\libharu.dir\release\hpdf_annotation.obj
d:\cybermed\daddy\dependency\sdk-vtk-9.4.2\build_msvc\thirdparty\libharu\vtklibharu\src\libharu.dir\release\hpdf_name.obj
d:\cybermed\daddy\dependency\sdk-vtk-9.4.2\build_msvc\thirdparty\libharu\vtklibharu\src\libharu.dir\release\hpdf_mmgr.obj
d:\cybermed\daddy\dependency\sdk-vtk-9.4.2\build_msvc\thirdparty\libharu\vtklibharu\src\libharu.dir\release\hpdf_list.obj
d:\cybermed\daddy\dependency\sdk-vtk-9.4.2\build_msvc\thirdparty\libharu\vtklibharu\src\libharu.dir\release\hpdf_info.obj
d:\cybermed\daddy\dependency\sdk-vtk-9.4.2\build_msvc\thirdparty\libharu\vtklibharu\src\libharu.dir\release\hpdf_image.obj
d:\cybermed\daddy\dependency\sdk-vtk-9.4.2\build_msvc\thirdparty\libharu\vtklibharu\src\libharu.dir\release\hpdf_image_png.obj
d:\cybermed\daddy\dependency\sdk-vtk-9.4.2\build_msvc\thirdparty\libharu\vtklibharu\src\libharu.dir\release\hpdf_image_ccitt.obj
d:\cybermed\daddy\dependency\sdk-vtk-9.4.2\build_msvc\thirdparty\libharu\vtklibharu\src\libharu.dir\release\hpdf_gstate.obj
d:\cybermed\daddy\dependency\sdk-vtk-9.4.2\build_msvc\thirdparty\libharu\vtklibharu\src\libharu.dir\release\hpdf_fontdef.obj
d:\cybermed\daddy\dependency\sdk-vtk-9.4.2\build_msvc\thirdparty\libharu\vtklibharu\src\libharu.dir\release\hpdf_fontdef_type1.obj
d:\cybermed\daddy\dependency\sdk-vtk-9.4.2\build_msvc\thirdparty\libharu\vtklibharu\src\libharu.dir\release\hpdf_fontdef_tt.obj
d:\cybermed\daddy\dependency\sdk-vtk-9.4.2\build_msvc\thirdparty\libharu\vtklibharu\src\libharu.dir\release\hpdf_fontdef_kr.obj
d:\cybermed\daddy\dependency\sdk-vtk-9.4.2\build_msvc\thirdparty\libharu\vtklibharu\src\libharu.dir\release\hpdf_fontdef_jp.obj
d:\cybermed\daddy\dependency\sdk-vtk-9.4.2\build_msvc\thirdparty\libharu\vtklibharu\src\libharu.dir\release\hpdf_fontdef_cnt.obj
d:\cybermed\daddy\dependency\sdk-vtk-9.4.2\build_msvc\thirdparty\libharu\vtklibharu\src\libharu.dir\release\hpdf_fontdef_cns.obj
d:\cybermed\daddy\dependency\sdk-vtk-9.4.2\build_msvc\thirdparty\libharu\vtklibharu\src\libharu.dir\release\hpdf_fontdef_cid.obj
d:\cybermed\daddy\dependency\sdk-vtk-9.4.2\build_msvc\thirdparty\libharu\vtklibharu\src\libharu.dir\release\hpdf_fontdef_base14.obj
d:\cybermed\daddy\dependency\sdk-vtk-9.4.2\build_msvc\thirdparty\libharu\vtklibharu\src\libharu.dir\release\hpdf_font.obj
d:\cybermed\daddy\dependency\sdk-vtk-9.4.2\build_msvc\thirdparty\libharu\vtklibharu\src\libharu.dir\release\hpdf_font_type1.obj
d:\cybermed\daddy\dependency\sdk-vtk-9.4.2\build_msvc\thirdparty\libharu\vtklibharu\src\libharu.dir\release\hpdf_font_tt.obj
d:\cybermed\daddy\dependency\sdk-vtk-9.4.2\build_msvc\thirdparty\libharu\vtklibharu\src\libharu.dir\release\hpdf_encoder_utf.obj
d:\cybermed\daddy\dependency\sdk-vtk-9.4.2\build_msvc\thirdparty\libharu\vtklibharu\src\libharu.dir\release\hpdf_exdata.obj
d:\cybermed\daddy\dependency\sdk-vtk-9.4.2\build_msvc\thirdparty\libharu\vtklibharu\src\libharu.dir\release\hpdf_3dmeasure.obj
d:\cybermed\daddy\dependency\sdk-vtk-9.4.2\build_msvc\thirdparty\libharu\vtklibharu\src\libharu.dir\release\hpdf_pdfa.obj
d:\cybermed\daddy\dependency\sdk-vtk-9.4.2\build_msvc\thirdparty\libharu\vtklibharu\src\libharu.dir\release\hpdf_xref.obj
d:\cybermed\daddy\dependency\sdk-vtk-9.4.2\build_msvc\thirdparty\libharu\vtklibharu\src\libharu.dir\release\hpdf_utils.obj
d:\cybermed\daddy\dependency\sdk-vtk-9.4.2\build_msvc\thirdparty\libharu\vtklibharu\src\libharu.dir\release\hpdf_u3d.obj
d:\cybermed\daddy\dependency\sdk-vtk-9.4.2\build_msvc\thirdparty\libharu\vtklibharu\src\libharu.dir\release\hpdf_string.obj
d:\cybermed\daddy\dependency\sdk-vtk-9.4.2\build_msvc\thirdparty\libharu\vtklibharu\src\libharu.dir\release\hpdf_streams.obj
d:\cybermed\daddy\dependency\sdk-vtk-9.4.2\build_msvc\thirdparty\libharu\vtklibharu\src\libharu.dir\release\hpdf_shading.obj
d:\cybermed\daddy\dependency\sdk-vtk-9.4.2\build_msvc\thirdparty\libharu\vtklibharu\src\libharu.dir\release\hpdf_real.obj
d:\cybermed\daddy\dependency\sdk-vtk-9.4.2\build_msvc\thirdparty\libharu\vtklibharu\src\libharu.dir\release\hpdf_pages.obj
d:\cybermed\daddy\dependency\sdk-vtk-9.4.2\build_msvc\thirdparty\libharu\vtklibharu\src\libharu.dir\release\hpdf_page_operator.obj
d:\cybermed\daddy\dependency\sdk-vtk-9.4.2\build_msvc\thirdparty\libharu\vtklibharu\src\libharu.dir\release\hpdf_page_label.obj
d:\cybermed\daddy\dependency\sdk-vtk-9.4.2\build_msvc\thirdparty\libharu\vtklibharu\src\libharu.dir\release\hpdf_outline.obj
d:\cybermed\daddy\dependency\sdk-vtk-9.4.2\build_msvc\thirdparty\libharu\vtklibharu\src\libharu.dir\release\hpdf_objects.obj
d:\cybermed\daddy\dependency\sdk-vtk-9.4.2\build_msvc\thirdparty\libharu\vtklibharu\src\libharu.dir\release\hpdf_number.obj
d:\cybermed\daddy\dependency\sdk-vtk-9.4.2\build_msvc\thirdparty\libharu\vtklibharu\src\libharu.dir\release\hpdf_null.obj
d:\cybermed\daddy\dependency\sdk-vtk-9.4.2\build_msvc\thirdparty\libharu\vtklibharu\src\libharu.dir\release\hpdf_namedict.obj
d:\cybermed\daddy\dependency\sdk-vtk-9.4.2\build_msvc\thirdparty\libharu\vtklibharu\src\cmakefiles\generate.stamp
d:\cybermed\daddy\dependency\sdk-vtk-9.4.2\build_msvc\bin\release\vtklibharu-9.4.dll
d:\cybermed\daddy\dependency\sdk-vtk-9.4.2\build_msvc\lib\release\vtklibharu-9.4.lib
d:\cybermed\daddy\dependency\sdk-vtk-9.4.2\build_msvc\lib\release\vtklibharu-9.4.exp
d:\cybermed\daddy\dependency\sdk-vtk-9.4.2\build_msvc\thirdparty\libharu\vtklibharu\src\libharu.dir\release\libharu.tlog\cl.command.1.tlog
d:\cybermed\daddy\dependency\sdk-vtk-9.4.2\build_msvc\thirdparty\libharu\vtklibharu\src\libharu.dir\release\libharu.tlog\cl.items.tlog
d:\cybermed\daddy\dependency\sdk-vtk-9.4.2\build_msvc\thirdparty\libharu\vtklibharu\src\libharu.dir\release\libharu.tlog\cl.read.1.tlog
d:\cybermed\daddy\dependency\sdk-vtk-9.4.2\build_msvc\thirdparty\libharu\vtklibharu\src\libharu.dir\release\libharu.tlog\cl.write.1.tlog
d:\cybermed\daddy\dependency\sdk-vtk-9.4.2\build_msvc\thirdparty\libharu\vtklibharu\src\libharu.dir\release\libharu.tlog\custombuild.command.1.tlog
d:\cybermed\daddy\dependency\sdk-vtk-9.4.2\build_msvc\thirdparty\libharu\vtklibharu\src\libharu.dir\release\libharu.tlog\custombuild.read.1.tlog
d:\cybermed\daddy\dependency\sdk-vtk-9.4.2\build_msvc\thirdparty\libharu\vtklibharu\src\libharu.dir\release\libharu.tlog\custombuild.write.1.tlog
d:\cybermed\daddy\dependency\sdk-vtk-9.4.2\build_msvc\thirdparty\libharu\vtklibharu\src\libharu.dir\release\libharu.tlog\link.command.1.tlog
d:\cybermed\daddy\dependency\sdk-vtk-9.4.2\build_msvc\thirdparty\libharu\vtklibharu\src\libharu.dir\release\libharu.tlog\link.read.1.tlog
d:\cybermed\daddy\dependency\sdk-vtk-9.4.2\build_msvc\thirdparty\libharu\vtklibharu\src\libharu.dir\release\libharu.tlog\link.secondary.1.tlog
d:\cybermed\daddy\dependency\sdk-vtk-9.4.2\build_msvc\thirdparty\libharu\vtklibharu\src\libharu.dir\release\libharu.tlog\link.write.1.tlog
