d:\cybermed\daddy\dependency\sdk-vtk-9.4.2\build_msvc\lib\debug\vtkinteractionwidgets-9.4d.pdb
d:\cybermed\daddy\dependency\sdk-vtk-9.4.2\build_msvc\interaction\widgets\interactionwidgets.dir\debug\vtkbidimensionalrepresentation2d.obj
d:\cybermed\daddy\dependency\sdk-vtk-9.4.2\build_msvc\interaction\widgets\interactionwidgets.dir\debug\vtkbidimensionalrepresentation.obj
d:\cybermed\daddy\dependency\sdk-vtk-9.4.2\build_msvc\interaction\widgets\interactionwidgets.dir\debug\vtkbeziercontourlineinterpolator.obj
d:\cybermed\daddy\dependency\sdk-vtk-9.4.2\build_msvc\interaction\widgets\interactionwidgets.dir\debug\vtkballoonwidget.obj
d:\cybermed\daddy\dependency\sdk-vtk-9.4.2\build_msvc\interaction\widgets\interactionwidgets.dir\debug\vtkballoonrepresentation.obj
d:\cybermed\daddy\dependency\sdk-vtk-9.4.2\build_msvc\interaction\widgets\interactionwidgets.dir\debug\vtkaxestransformwidget.obj
d:\cybermed\daddy\dependency\sdk-vtk-9.4.2\build_msvc\interaction\widgets\interactionwidgets.dir\debug\vtkaxestransformrepresentation.obj
d:\cybermed\daddy\dependency\sdk-vtk-9.4.2\build_msvc\interaction\widgets\interactionwidgets.dir\debug\vtkanglewidget.obj
d:\cybermed\daddy\dependency\sdk-vtk-9.4.2\build_msvc\interaction\widgets\interactionwidgets.dir\debug\vtkanglerepresentation3d.obj
d:\cybermed\daddy\dependency\sdk-vtk-9.4.2\build_msvc\interaction\widgets\interactionwidgets.dir\debug\vtkanglerepresentation2d.obj
d:\cybermed\daddy\dependency\sdk-vtk-9.4.2\build_msvc\interaction\widgets\interactionwidgets.dir\debug\vtkanglerepresentation.obj
d:\cybermed\daddy\dependency\sdk-vtk-9.4.2\build_msvc\interaction\widgets\interactionwidgets.dir\debug\vtkaffinewidget.obj
d:\cybermed\daddy\dependency\sdk-vtk-9.4.2\build_msvc\interaction\widgets\interactionwidgets.dir\debug\vtkaffinerepresentation2d.obj
d:\cybermed\daddy\dependency\sdk-vtk-9.4.2\build_msvc\interaction\widgets\interactionwidgets.dir\debug\vtkaffinerepresentation.obj
d:\cybermed\daddy\dependency\sdk-vtk-9.4.2\build_msvc\interaction\widgets\interactionwidgets.dir\debug\vtkabstractwidget.obj
d:\cybermed\daddy\dependency\sdk-vtk-9.4.2\build_msvc\interaction\widgets\interactionwidgets.dir\debug\vtkabstractsplinerepresentation.obj
d:\cybermed\daddy\dependency\sdk-vtk-9.4.2\build_msvc\interaction\widgets\interactionwidgets.dir\debug\vtkabstractpolygonalhandlerepresentation3d.obj
d:\cybermed\daddy\dependency\sdk-vtk-9.4.2\build_msvc\interaction\widgets\interactionwidgets.dir\debug\vtk3dwidget.obj
d:\cybermed\daddy\dependency\sdk-vtk-9.4.2\build_msvc\interaction\widgets\interactionwidgets.dir\debug\vtk3dcursorwidget.obj
d:\cybermed\daddy\dependency\sdk-vtk-9.4.2\build_msvc\interaction\widgets\interactionwidgets.dir\debug\vtk3dcursorrepresentation.obj
d:\cybermed\daddy\dependency\sdk-vtk-9.4.2\build_msvc\interaction\widgets\interactionwidgets.dir\debug\vtkcaptionrepresentation.obj
d:\cybermed\daddy\dependency\sdk-vtk-9.4.2\build_msvc\interaction\widgets\interactionwidgets.dir\debug\vtkcamerawidget.obj
d:\cybermed\daddy\dependency\sdk-vtk-9.4.2\build_msvc\interaction\widgets\interactionwidgets.dir\debug\vtkcamerarepresentation.obj
d:\cybermed\daddy\dependency\sdk-vtk-9.4.2\build_msvc\interaction\widgets\interactionwidgets.dir\debug\vtkcamerapathwidget.obj
d:\cybermed\daddy\dependency\sdk-vtk-9.4.2\build_msvc\interaction\widgets\interactionwidgets.dir\debug\vtkcamerapathrepresentation.obj
d:\cybermed\daddy\dependency\sdk-vtk-9.4.2\build_msvc\interaction\widgets\interactionwidgets.dir\debug\vtkcameraorientationrepresentation.obj
d:\cybermed\daddy\dependency\sdk-vtk-9.4.2\build_msvc\interaction\widgets\interactionwidgets.dir\debug\vtkcameraorientationwidget.obj
d:\cybermed\daddy\dependency\sdk-vtk-9.4.2\build_msvc\interaction\widgets\interactionwidgets.dir\debug\vtkcamerahandlesource.obj
d:\cybermed\daddy\dependency\sdk-vtk-9.4.2\build_msvc\interaction\widgets\interactionwidgets.dir\debug\vtkcamera3dwidget.obj
d:\cybermed\daddy\dependency\sdk-vtk-9.4.2\build_msvc\interaction\widgets\interactionwidgets.dir\debug\vtkcamera3drepresentation.obj
d:\cybermed\daddy\dependency\sdk-vtk-9.4.2\build_msvc\interaction\widgets\interactionwidgets.dir\debug\vtkbuttonwidget.obj
d:\cybermed\daddy\dependency\sdk-vtk-9.4.2\build_msvc\interaction\widgets\interactionwidgets.dir\debug\vtkbuttonrepresentation.obj
d:\cybermed\daddy\dependency\sdk-vtk-9.4.2\build_msvc\interaction\widgets\interactionwidgets.dir\debug\vtkbrokenlinewidget.obj
d:\cybermed\daddy\dependency\sdk-vtk-9.4.2\build_msvc\interaction\widgets\interactionwidgets.dir\debug\vtkboxwidget2.obj
d:\cybermed\daddy\dependency\sdk-vtk-9.4.2\build_msvc\interaction\widgets\interactionwidgets.dir\debug\vtkboxwidget.obj
d:\cybermed\daddy\dependency\sdk-vtk-9.4.2\build_msvc\interaction\widgets\interactionwidgets.dir\debug\vtkboxrepresentation.obj
d:\cybermed\daddy\dependency\sdk-vtk-9.4.2\build_msvc\interaction\widgets\interactionwidgets.dir\debug\vtkboundedplanepointplacer.obj
d:\cybermed\daddy\dependency\sdk-vtk-9.4.2\build_msvc\interaction\widgets\interactionwidgets.dir\debug\vtkborderwidget.obj
d:\cybermed\daddy\dependency\sdk-vtk-9.4.2\build_msvc\interaction\widgets\interactionwidgets.dir\debug\vtkborderrepresentation.obj
d:\cybermed\daddy\dependency\sdk-vtk-9.4.2\build_msvc\interaction\widgets\interactionwidgets.dir\debug\vtkbidimensionalwidget.obj
d:\cybermed\daddy\dependency\sdk-vtk-9.4.2\build_msvc\interaction\widgets\interactionwidgets.dir\debug\vtkdisplaysizedimplicitplanewidget.obj
d:\cybermed\daddy\dependency\sdk-vtk-9.4.2\build_msvc\interaction\widgets\interactionwidgets.dir\debug\vtkdijkstraimagecontourlineinterpolator.obj
d:\cybermed\daddy\dependency\sdk-vtk-9.4.2\build_msvc\interaction\widgets\interactionwidgets.dir\debug\vtkcurverepresentation.obj
d:\cybermed\daddy\dependency\sdk-vtk-9.4.2\build_msvc\interaction\widgets\interactionwidgets.dir\debug\vtkcoordinateframewidget.obj
d:\cybermed\daddy\dependency\sdk-vtk-9.4.2\build_msvc\interaction\widgets\interactionwidgets.dir\debug\vtkcoordinateframerepresentation.obj
d:\cybermed\daddy\dependency\sdk-vtk-9.4.2\build_msvc\interaction\widgets\interactionwidgets.dir\debug\vtkcontourwidget.obj
d:\cybermed\daddy\dependency\sdk-vtk-9.4.2\build_msvc\interaction\widgets\interactionwidgets.dir\debug\vtkcontourrepresentation.obj
d:\cybermed\daddy\dependency\sdk-vtk-9.4.2\build_msvc\interaction\widgets\interactionwidgets.dir\debug\vtkcontourlineinterpolator.obj
d:\cybermed\daddy\dependency\sdk-vtk-9.4.2\build_msvc\interaction\widgets\interactionwidgets.dir\debug\vtkcontinuousvaluewidgetrepresentation.obj
d:\cybermed\daddy\dependency\sdk-vtk-9.4.2\build_msvc\interaction\widgets\interactionwidgets.dir\debug\vtkcontinuousvaluewidget.obj
d:\cybermed\daddy\dependency\sdk-vtk-9.4.2\build_msvc\interaction\widgets\interactionwidgets.dir\debug\vtkconstrainedpointhandlerepresentation.obj
d:\cybermed\daddy\dependency\sdk-vtk-9.4.2\build_msvc\interaction\widgets\interactionwidgets.dir\debug\vtkcompasswidget.obj
d:\cybermed\daddy\dependency\sdk-vtk-9.4.2\build_msvc\interaction\widgets\interactionwidgets.dir\debug\vtkcompassrepresentation.obj
d:\cybermed\daddy\dependency\sdk-vtk-9.4.2\build_msvc\interaction\widgets\interactionwidgets.dir\debug\vtkclosedsurfacepointplacer.obj
d:\cybermed\daddy\dependency\sdk-vtk-9.4.2\build_msvc\interaction\widgets\interactionwidgets.dir\debug\vtkcheckerboardwidget.obj
d:\cybermed\daddy\dependency\sdk-vtk-9.4.2\build_msvc\interaction\widgets\interactionwidgets.dir\debug\vtkcheckerboardrepresentation.obj
d:\cybermed\daddy\dependency\sdk-vtk-9.4.2\build_msvc\interaction\widgets\interactionwidgets.dir\debug\vtkcenteredsliderwidget.obj
d:\cybermed\daddy\dependency\sdk-vtk-9.4.2\build_msvc\interaction\widgets\interactionwidgets.dir\debug\vtkcenteredsliderrepresentation.obj
d:\cybermed\daddy\dependency\sdk-vtk-9.4.2\build_msvc\interaction\widgets\interactionwidgets.dir\debug\vtkcellcenterspointplacer.obj
d:\cybermed\daddy\dependency\sdk-vtk-9.4.2\build_msvc\interaction\widgets\interactionwidgets.dir\debug\vtkcaptionwidget.obj
d:\cybermed\daddy\dependency\sdk-vtk-9.4.2\build_msvc\interaction\widgets\interactionwidgets.dir\debug\vtkimageplanewidget.obj
d:\cybermed\daddy\dependency\sdk-vtk-9.4.2\build_msvc\interaction\widgets\interactionwidgets.dir\debug\vtkimageorthoplanes.obj
d:\cybermed\daddy\dependency\sdk-vtk-9.4.2\build_msvc\interaction\widgets\interactionwidgets.dir\debug\vtkimagecroppingregionswidget.obj
d:\cybermed\daddy\dependency\sdk-vtk-9.4.2\build_msvc\interaction\widgets\interactionwidgets.dir\debug\vtkimageactorpointplacer.obj
d:\cybermed\daddy\dependency\sdk-vtk-9.4.2\build_msvc\interaction\widgets\interactionwidgets.dir\debug\vtkhoverwidget.obj
d:\cybermed\daddy\dependency\sdk-vtk-9.4.2\build_msvc\interaction\widgets\interactionwidgets.dir\debug\vtkhandlewidget.obj
d:\cybermed\daddy\dependency\sdk-vtk-9.4.2\build_msvc\interaction\widgets\interactionwidgets.dir\debug\vtkhandlerepresentation.obj
d:\cybermed\daddy\dependency\sdk-vtk-9.4.2\build_msvc\interaction\widgets\interactionwidgets.dir\debug\vtkfocalplanepointplacer.obj
d:\cybermed\daddy\dependency\sdk-vtk-9.4.2\build_msvc\interaction\widgets\interactionwidgets.dir\debug\vtkfocalplanecontourrepresentation.obj
d:\cybermed\daddy\dependency\sdk-vtk-9.4.2\build_msvc\interaction\widgets\interactionwidgets.dir\debug\vtkfixedsizehandlerepresentation3d.obj
d:\cybermed\daddy\dependency\sdk-vtk-9.4.2\build_msvc\interaction\widgets\interactionwidgets.dir\debug\vtkfiniteplanewidget.obj
d:\cybermed\daddy\dependency\sdk-vtk-9.4.2\build_msvc\interaction\widgets\interactionwidgets.dir\debug\vtkfiniteplanerepresentation.obj
d:\cybermed\daddy\dependency\sdk-vtk-9.4.2\build_msvc\interaction\widgets\interactionwidgets.dir\debug\vtkevent.obj
d:\cybermed\daddy\dependency\sdk-vtk-9.4.2\build_msvc\interaction\widgets\interactionwidgets.dir\debug\vtkequalizercontextitem.obj
d:\cybermed\daddy\dependency\sdk-vtk-9.4.2\build_msvc\interaction\widgets\interactionwidgets.dir\debug\vtkellipsoidtensorproberepresentation.obj
d:\cybermed\daddy\dependency\sdk-vtk-9.4.2\build_msvc\interaction\widgets\interactionwidgets.dir\debug\vtkdistancewidget.obj
d:\cybermed\daddy\dependency\sdk-vtk-9.4.2\build_msvc\interaction\widgets\interactionwidgets.dir\debug\vtkdistancerepresentation3d.obj
d:\cybermed\daddy\dependency\sdk-vtk-9.4.2\build_msvc\interaction\widgets\interactionwidgets.dir\debug\vtkdistancerepresentation2d.obj
d:\cybermed\daddy\dependency\sdk-vtk-9.4.2\build_msvc\interaction\widgets\interactionwidgets.dir\debug\vtkdistancerepresentation.obj
d:\cybermed\daddy\dependency\sdk-vtk-9.4.2\build_msvc\interaction\widgets\interactionwidgets.dir\debug\vtkdisplaysizedimplicitplanerepresentation.obj
d:\cybermed\daddy\dependency\sdk-vtk-9.4.2\build_msvc\interaction\widgets\interactionwidgets.dir\debug\vtkmagnifierrepresentation.obj
d:\cybermed\daddy\dependency\sdk-vtk-9.4.2\build_msvc\interaction\widgets\interactionwidgets.dir\debug\vtklogowidget.obj
d:\cybermed\daddy\dependency\sdk-vtk-9.4.2\build_msvc\interaction\widgets\interactionwidgets.dir\debug\vtklogorepresentation.obj
d:\cybermed\daddy\dependency\sdk-vtk-9.4.2\build_msvc\interaction\widgets\interactionwidgets.dir\debug\vtklinewidget2.obj
d:\cybermed\daddy\dependency\sdk-vtk-9.4.2\build_msvc\interaction\widgets\interactionwidgets.dir\debug\vtklinewidget.obj
d:\cybermed\daddy\dependency\sdk-vtk-9.4.2\build_msvc\interaction\widgets\interactionwidgets.dir\debug\vtklinerepresentation.obj
d:\cybermed\daddy\dependency\sdk-vtk-9.4.2\build_msvc\interaction\widgets\interactionwidgets.dir\debug\vtklinearcontourlineinterpolator.obj
d:\cybermed\daddy\dependency\sdk-vtk-9.4.2\build_msvc\interaction\widgets\interactionwidgets.dir\debug\vtklightwidget.obj
d:\cybermed\daddy\dependency\sdk-vtk-9.4.2\build_msvc\interaction\widgets\interactionwidgets.dir\debug\vtklightrepresentation.obj
d:\cybermed\daddy\dependency\sdk-vtk-9.4.2\build_msvc\interaction\widgets\interactionwidgets.dir\debug\vtkimplicitplanewidget2.obj
d:\cybermed\daddy\dependency\sdk-vtk-9.4.2\build_msvc\interaction\widgets\interactionwidgets.dir\debug\vtkimplicitplanewidget.obj
d:\cybermed\daddy\dependency\sdk-vtk-9.4.2\build_msvc\interaction\widgets\interactionwidgets.dir\debug\vtkimplicitplanerepresentation.obj
d:\cybermed\daddy\dependency\sdk-vtk-9.4.2\build_msvc\interaction\widgets\interactionwidgets.dir\debug\vtkimplicitimagerepresentation.obj
d:\cybermed\daddy\dependency\sdk-vtk-9.4.2\build_msvc\interaction\widgets\interactionwidgets.dir\debug\vtkimplicitcylinderwidget.obj
d:\cybermed\daddy\dependency\sdk-vtk-9.4.2\build_msvc\interaction\widgets\interactionwidgets.dir\debug\vtkimplicitcylinderrepresentation.obj
d:\cybermed\daddy\dependency\sdk-vtk-9.4.2\build_msvc\interaction\widgets\interactionwidgets.dir\debug\vtkimplicitconewidget.obj
d:\cybermed\daddy\dependency\sdk-vtk-9.4.2\build_msvc\interaction\widgets\interactionwidgets.dir\debug\vtkimplicitconerepresentation.obj
d:\cybermed\daddy\dependency\sdk-vtk-9.4.2\build_msvc\interaction\widgets\interactionwidgets.dir\debug\vtkimplicitannuluswidget.obj
d:\cybermed\daddy\dependency\sdk-vtk-9.4.2\build_msvc\interaction\widgets\interactionwidgets.dir\debug\vtkimplicitannulusrepresentation.obj
d:\cybermed\daddy\dependency\sdk-vtk-9.4.2\build_msvc\interaction\widgets\interactionwidgets.dir\debug\vtkimagetracerwidget.obj
d:\cybermed\daddy\dependency\sdk-vtk-9.4.2\build_msvc\interaction\widgets\interactionwidgets.dir\debug\vtkpolydatacontourlineinterpolator.obj
d:\cybermed\daddy\dependency\sdk-vtk-9.4.2\build_msvc\interaction\widgets\interactionwidgets.dir\debug\vtkpointwidget.obj
d:\cybermed\daddy\dependency\sdk-vtk-9.4.2\build_msvc\interaction\widgets\interactionwidgets.dir\debug\vtkpointplacer.obj
d:\cybermed\daddy\dependency\sdk-vtk-9.4.2\build_msvc\interaction\widgets\interactionwidgets.dir\debug\vtkpointhandlerepresentation3d.obj
d:\cybermed\daddy\dependency\sdk-vtk-9.4.2\build_msvc\interaction\widgets\interactionwidgets.dir\debug\vtkpointhandlerepresentation2d.obj
d:\cybermed\daddy\dependency\sdk-vtk-9.4.2\build_msvc\interaction\widgets\interactionwidgets.dir\debug\vtkpointcloudwidget.obj
d:\cybermed\daddy\dependency\sdk-vtk-9.4.2\build_msvc\interaction\widgets\interactionwidgets.dir\debug\vtkpointcloudrepresentation.obj
d:\cybermed\daddy\dependency\sdk-vtk-9.4.2\build_msvc\interaction\widgets\interactionwidgets.dir\debug\vtkplaybackwidget.obj
d:\cybermed\daddy\dependency\sdk-vtk-9.4.2\build_msvc\interaction\widgets\interactionwidgets.dir\debug\vtkplaybackrepresentation.obj
d:\cybermed\daddy\dependency\sdk-vtk-9.4.2\build_msvc\interaction\widgets\interactionwidgets.dir\debug\vtkplanewidget.obj
d:\cybermed\daddy\dependency\sdk-vtk-9.4.2\build_msvc\interaction\widgets\interactionwidgets.dir\debug\vtkparallelopipedwidget.obj
d:\cybermed\daddy\dependency\sdk-vtk-9.4.2\build_msvc\interaction\widgets\interactionwidgets.dir\debug\vtkparallelopipedrepresentation.obj
d:\cybermed\daddy\dependency\sdk-vtk-9.4.2\build_msvc\interaction\widgets\interactionwidgets.dir\debug\vtkorientedpolygonalhandlerepresentation3d.obj
d:\cybermed\daddy\dependency\sdk-vtk-9.4.2\build_msvc\interaction\widgets\interactionwidgets.dir\debug\vtkorientedglyphfocalplanecontourrepresentation.obj
d:\cybermed\daddy\dependency\sdk-vtk-9.4.2\build_msvc\interaction\widgets\interactionwidgets.dir\debug\vtkorientedglyphcontourrepresentation.obj
d:\cybermed\daddy\dependency\sdk-vtk-9.4.2\build_msvc\interaction\widgets\interactionwidgets.dir\debug\vtkorientationwidget.obj
d:\cybermed\daddy\dependency\sdk-vtk-9.4.2\build_msvc\interaction\widgets\interactionwidgets.dir\debug\vtkorientationrepresentation.obj
d:\cybermed\daddy\dependency\sdk-vtk-9.4.2\build_msvc\interaction\widgets\interactionwidgets.dir\debug\vtkorientationmarkerwidget.obj
d:\cybermed\daddy\dependency\sdk-vtk-9.4.2\build_msvc\interaction\widgets\interactionwidgets.dir\debug\vtkmeasurementcubehandlerepresentation3d.obj
d:\cybermed\daddy\dependency\sdk-vtk-9.4.2\build_msvc\interaction\widgets\interactionwidgets.dir\debug\vtkmagnifierwidget.obj
d:\cybermed\daddy\dependency\sdk-vtk-9.4.2\build_msvc\interaction\widgets\interactionwidgets.dir\debug\vtkreslicecursorwidget.obj
d:\cybermed\daddy\dependency\sdk-vtk-9.4.2\build_msvc\interaction\widgets\interactionwidgets.dir\debug\vtkreslicecursorthicklinerepresentation.obj
d:\cybermed\daddy\dependency\sdk-vtk-9.4.2\build_msvc\interaction\widgets\interactionwidgets.dir\debug\vtkreslicecursorrepresentation.obj
d:\cybermed\daddy\dependency\sdk-vtk-9.4.2\build_msvc\interaction\widgets\interactionwidgets.dir\debug\vtkreslicecursorpolydataalgorithm.obj
d:\cybermed\daddy\dependency\sdk-vtk-9.4.2\build_msvc\interaction\widgets\interactionwidgets.dir\debug\vtkreslicecursorpicker.obj
d:\cybermed\daddy\dependency\sdk-vtk-9.4.2\build_msvc\interaction\widgets\interactionwidgets.dir\debug\vtkreslicecursorlinerepresentation.obj
d:\cybermed\daddy\dependency\sdk-vtk-9.4.2\build_msvc\interaction\widgets\interactionwidgets.dir\debug\vtkreslicecursoractor.obj
d:\cybermed\daddy\dependency\sdk-vtk-9.4.2\build_msvc\interaction\widgets\interactionwidgets.dir\debug\vtkreslicecursor.obj
d:\cybermed\daddy\dependency\sdk-vtk-9.4.2\build_msvc\interaction\widgets\interactionwidgets.dir\debug\vtkrectilinearwipewidget.obj
d:\cybermed\daddy\dependency\sdk-vtk-9.4.2\build_msvc\interaction\widgets\interactionwidgets.dir\debug\vtkrectilinearwiperepresentation.obj
d:\cybermed\daddy\dependency\sdk-vtk-9.4.2\build_msvc\interaction\widgets\interactionwidgets.dir\debug\vtkprop3dbuttonrepresentation.obj
d:\cybermed\daddy\dependency\sdk-vtk-9.4.2\build_msvc\interaction\widgets\interactionwidgets.dir\debug\vtkprogressbarwidget.obj
d:\cybermed\daddy\dependency\sdk-vtk-9.4.2\build_msvc\interaction\widgets\interactionwidgets.dir\debug\vtkprogressbarrepresentation.obj
d:\cybermed\daddy\dependency\sdk-vtk-9.4.2\build_msvc\interaction\widgets\interactionwidgets.dir\debug\vtkpolylinewidget.obj
d:\cybermed\daddy\dependency\sdk-vtk-9.4.2\build_msvc\interaction\widgets\interactionwidgets.dir\debug\vtkpolylinerepresentation.obj
d:\cybermed\daddy\dependency\sdk-vtk-9.4.2\build_msvc\interaction\widgets\interactionwidgets.dir\debug\vtkpolygonalsurfacepointplacer.obj
d:\cybermed\daddy\dependency\sdk-vtk-9.4.2\build_msvc\interaction\widgets\interactionwidgets.dir\debug\vtkpolygonalsurfacecontourlineinterpolator.obj
d:\cybermed\daddy\dependency\sdk-vtk-9.4.2\build_msvc\interaction\widgets\interactionwidgets.dir\debug\vtkpolygonalhandlerepresentation3d.obj
d:\cybermed\daddy\dependency\sdk-vtk-9.4.2\build_msvc\interaction\widgets\interactionwidgets.dir\debug\vtkpolydatasourcewidget.obj
d:\cybermed\daddy\dependency\sdk-vtk-9.4.2\build_msvc\interaction\widgets\interactionwidgets.dir\debug\vtkpolydatapointplacer.obj
d:\cybermed\daddy\dependency\sdk-vtk-9.4.2\build_msvc\interaction\widgets\interactionwidgets.dir\debug\vtkterraincontourlineinterpolator.obj
d:\cybermed\daddy\dependency\sdk-vtk-9.4.2\build_msvc\interaction\widgets\interactionwidgets.dir\debug\vtktensorwidget.obj
d:\cybermed\daddy\dependency\sdk-vtk-9.4.2\build_msvc\interaction\widgets\interactionwidgets.dir\debug\vtktensorrepresentation.obj
d:\cybermed\daddy\dependency\sdk-vtk-9.4.2\build_msvc\interaction\widgets\interactionwidgets.dir\debug\vtktensorprobewidget.obj
d:\cybermed\daddy\dependency\sdk-vtk-9.4.2\build_msvc\interaction\widgets\interactionwidgets.dir\debug\vtktensorproberepresentation.obj
d:\cybermed\daddy\dependency\sdk-vtk-9.4.2\build_msvc\interaction\widgets\interactionwidgets.dir\debug\vtksplinewidget2.obj
d:\cybermed\daddy\dependency\sdk-vtk-9.4.2\build_msvc\interaction\widgets\interactionwidgets.dir\debug\vtksplinewidget.obj
d:\cybermed\daddy\dependency\sdk-vtk-9.4.2\build_msvc\interaction\widgets\interactionwidgets.dir\debug\vtksplinerepresentation.obj
d:\cybermed\daddy\dependency\sdk-vtk-9.4.2\build_msvc\interaction\widgets\interactionwidgets.dir\debug\vtkspherewidget2.obj
d:\cybermed\daddy\dependency\sdk-vtk-9.4.2\build_msvc\interaction\widgets\interactionwidgets.dir\debug\vtkspherewidget.obj
d:\cybermed\daddy\dependency\sdk-vtk-9.4.2\build_msvc\interaction\widgets\interactionwidgets.dir\debug\vtksphererepresentation.obj
d:\cybermed\daddy\dependency\sdk-vtk-9.4.2\build_msvc\interaction\widgets\interactionwidgets.dir\debug\vtkspherehandlerepresentation.obj
d:\cybermed\daddy\dependency\sdk-vtk-9.4.2\build_msvc\interaction\widgets\interactionwidgets.dir\debug\vtksliderwidget.obj
d:\cybermed\daddy\dependency\sdk-vtk-9.4.2\build_msvc\interaction\widgets\interactionwidgets.dir\debug\vtksliderrepresentation3d.obj
d:\cybermed\daddy\dependency\sdk-vtk-9.4.2\build_msvc\interaction\widgets\interactionwidgets.dir\debug\vtksliderrepresentation2d.obj
d:\cybermed\daddy\dependency\sdk-vtk-9.4.2\build_msvc\interaction\widgets\interactionwidgets.dir\debug\vtksliderrepresentation.obj
d:\cybermed\daddy\dependency\sdk-vtk-9.4.2\build_msvc\interaction\widgets\interactionwidgets.dir\debug\vtkseedwidget.obj
d:\cybermed\daddy\dependency\sdk-vtk-9.4.2\build_msvc\interaction\widgets\interactionwidgets.dir\debug\vtkseedrepresentation.obj
d:\cybermed\daddy\dependency\sdk-vtk-9.4.2\build_msvc\interaction\widgets\interactionwidgets.dir\debug\vtkscalarbarwidget.obj
d:\cybermed\daddy\dependency\sdk-vtk-9.4.2\build_msvc\interaction\widgets\interactionwidgets.dir\debug\vtkscalarbarrepresentation.obj
d:\cybermed\daddy\dependency\sdk-vtk-9.4.2\build_msvc\interaction\widgets\interactionwidgets.dir\debug\vtkxyplotwidget.obj
d:\cybermed\daddy\dependency\sdk-vtk-9.4.2\build_msvc\interaction\widgets\interactionwidgets.dir\debug\vtkwidgetset.obj
d:\cybermed\daddy\dependency\sdk-vtk-9.4.2\build_msvc\interaction\widgets\interactionwidgets.dir\debug\vtkwidgetrepresentation.obj
d:\cybermed\daddy\dependency\sdk-vtk-9.4.2\build_msvc\interaction\widgets\interactionwidgets.dir\debug\vtkwidgeteventtranslator.obj
d:\cybermed\daddy\dependency\sdk-vtk-9.4.2\build_msvc\interaction\widgets\interactionwidgets.dir\debug\vtkwidgetevent.obj
d:\cybermed\daddy\dependency\sdk-vtk-9.4.2\build_msvc\interaction\widgets\interactionwidgets.dir\debug\vtkwidgetcallbackmapper.obj
d:\cybermed\daddy\dependency\sdk-vtk-9.4.2\build_msvc\interaction\widgets\interactionwidgets.dir\debug\vtktextwidget.obj
d:\cybermed\daddy\dependency\sdk-vtk-9.4.2\build_msvc\interaction\widgets\interactionwidgets.dir\debug\vtktexturedbuttonrepresentation2d.obj
d:\cybermed\daddy\dependency\sdk-vtk-9.4.2\build_msvc\interaction\widgets\interactionwidgets.dir\debug\vtktexturedbuttonrepresentation.obj
d:\cybermed\daddy\dependency\sdk-vtk-9.4.2\build_msvc\interaction\widgets\interactionwidgets.dir\debug\vtktextrepresentation.obj
d:\cybermed\daddy\dependency\sdk-vtk-9.4.2\build_msvc\interaction\widgets\interactionwidgets.dir\debug\vtkterraindatapointplacer.obj
d:\cybermed\daddy\dependency\sdk-vtk-9.4.2\build_msvc\interaction\widgets\interactionwidgets.dir\debug\vc143.pdb
d:\cybermed\daddy\dependency\sdk-vtk-9.4.2\build_msvc\interaction\widgets\cmakefiles\generate.stamp
d:\cybermed\daddy\dependency\sdk-vtk-9.4.2\build_msvc\lib\debug\vtkinteractionwidgets-9.4d.lib
d:\cybermed\daddy\dependency\sdk-vtk-9.4.2\build_msvc\bin\debug\vtkinteractionwidgets-9.4d.dll
d:\cybermed\daddy\dependency\sdk-vtk-9.4.2\build_msvc\bin\debug\vtkinteractionwidgets-9.4d.pdb
d:\cybermed\daddy\dependency\sdk-vtk-9.4.2\build_msvc\lib\debug\vtkinteractionwidgets-9.4d.exp
d:\cybermed\daddy\dependency\sdk-vtk-9.4.2\build_msvc\interaction\widgets\interactionwidgets.dir\debug\vtkinteractionwidgets-9.4d.ilk
d:\cybermed\daddy\dependency\sdk-vtk-9.4.2\build_msvc\interaction\widgets\interactionwidgets.dir\debug\interact.7b52b37b.tlog\cl.command.1.tlog
d:\cybermed\daddy\dependency\sdk-vtk-9.4.2\build_msvc\interaction\widgets\interactionwidgets.dir\debug\interact.7b52b37b.tlog\cl.items.tlog
d:\cybermed\daddy\dependency\sdk-vtk-9.4.2\build_msvc\interaction\widgets\interactionwidgets.dir\debug\interact.7b52b37b.tlog\cl.read.1.tlog
d:\cybermed\daddy\dependency\sdk-vtk-9.4.2\build_msvc\interaction\widgets\interactionwidgets.dir\debug\interact.7b52b37b.tlog\cl.write.1.tlog
d:\cybermed\daddy\dependency\sdk-vtk-9.4.2\build_msvc\interaction\widgets\interactionwidgets.dir\debug\interact.7b52b37b.tlog\custombuild.command.1.tlog
d:\cybermed\daddy\dependency\sdk-vtk-9.4.2\build_msvc\interaction\widgets\interactionwidgets.dir\debug\interact.7b52b37b.tlog\custombuild.read.1.tlog
d:\cybermed\daddy\dependency\sdk-vtk-9.4.2\build_msvc\interaction\widgets\interactionwidgets.dir\debug\interact.7b52b37b.tlog\custombuild.write.1.tlog
d:\cybermed\daddy\dependency\sdk-vtk-9.4.2\build_msvc\interaction\widgets\interactionwidgets.dir\debug\interact.7b52b37b.tlog\lib-link.read.1.tlog
d:\cybermed\daddy\dependency\sdk-vtk-9.4.2\build_msvc\interaction\widgets\interactionwidgets.dir\debug\interact.7b52b37b.tlog\lib-link.write.1.tlog
d:\cybermed\daddy\dependency\sdk-vtk-9.4.2\build_msvc\interaction\widgets\interactionwidgets.dir\debug\interact.7b52b37b.tlog\lib.command.1.tlog
d:\cybermed\daddy\dependency\sdk-vtk-9.4.2\build_msvc\interaction\widgets\interactionwidgets.dir\debug\interact.7b52b37b.tlog\link.command.1.tlog
d:\cybermed\daddy\dependency\sdk-vtk-9.4.2\build_msvc\interaction\widgets\interactionwidgets.dir\debug\interact.7b52b37b.tlog\link.read.1.tlog
d:\cybermed\daddy\dependency\sdk-vtk-9.4.2\build_msvc\interaction\widgets\interactionwidgets.dir\debug\interact.7b52b37b.tlog\link.secondary.1.tlog
d:\cybermed\daddy\dependency\sdk-vtk-9.4.2\build_msvc\interaction\widgets\interactionwidgets.dir\debug\interact.7b52b37b.tlog\link.write.1.tlog
