d:\cybermed\daddy\dependency\sdk-vtk-9.4.2\build_msvc\lib\debug\vtkioexport-9.4d.pdb
d:\cybermed\daddy\dependency\sdk-vtk-9.4.2\build_msvc\io\export\ioexport.dir\debug\vtkx3dexporterwriter.obj
d:\cybermed\daddy\dependency\sdk-vtk-9.4.2\build_msvc\io\export\ioexport.dir\debug\vtkx3dexporterfiwriter.obj
d:\cybermed\daddy\dependency\sdk-vtk-9.4.2\build_msvc\io\export\ioexport.dir\debug\vtkx3dexporter.obj
d:\cybermed\daddy\dependency\sdk-vtk-9.4.2\build_msvc\io\export\ioexport.dir\debug\vtkx3d.obj
d:\cybermed\daddy\dependency\sdk-vtk-9.4.2\build_msvc\io\export\ioexport.dir\debug\vtkvrmlexporter.obj
d:\cybermed\daddy\dependency\sdk-vtk-9.4.2\build_msvc\io\export\ioexport.dir\debug\vtksinglevtpexporter.obj
d:\cybermed\daddy\dependency\sdk-vtk-9.4.2\build_msvc\io\export\ioexport.dir\debug\vtksvgexporter.obj
d:\cybermed\daddy\dependency\sdk-vtk-9.4.2\build_msvc\io\export\ioexport.dir\debug\vtksvgcontextdevice2d.obj
d:\cybermed\daddy\dependency\sdk-vtk-9.4.2\build_msvc\io\export\ioexport.dir\debug\vtkribproperty.obj
d:\cybermed\daddy\dependency\sdk-vtk-9.4.2\build_msvc\io\export\ioexport.dir\debug\vtkriblight.obj
d:\cybermed\daddy\dependency\sdk-vtk-9.4.2\build_msvc\io\export\ioexport.dir\debug\vtkribexporter.obj
d:\cybermed\daddy\dependency\sdk-vtk-9.4.2\build_msvc\io\export\ioexport.dir\debug\vtkpovexporter.obj
d:\cybermed\daddy\dependency\sdk-vtk-9.4.2\build_msvc\io\export\ioexport.dir\debug\vtkooglexporter.obj
d:\cybermed\daddy\dependency\sdk-vtk-9.4.2\build_msvc\io\export\ioexport.dir\debug\vtkobjexporter.obj
d:\cybermed\daddy\dependency\sdk-vtk-9.4.2\build_msvc\io\export\ioexport.dir\debug\vtkjsonsceneexporter.obj
d:\cybermed\daddy\dependency\sdk-vtk-9.4.2\build_msvc\io\export\ioexport.dir\debug\vtkjsonrenderwindowexporter.obj
d:\cybermed\daddy\dependency\sdk-vtk-9.4.2\build_msvc\io\export\ioexport.dir\debug\vtkjsondatasetwriter.obj
d:\cybermed\daddy\dependency\sdk-vtk-9.4.2\build_msvc\io\export\ioexport.dir\debug\vtkivexporter.obj
d:\cybermed\daddy\dependency\sdk-vtk-9.4.2\build_msvc\io\export\ioexport.dir\debug\vtkgltfexporter.obj
d:\cybermed\daddy\dependency\sdk-vtk-9.4.2\build_msvc\io\export\ioexport.dir\debug\vtkexporter.obj
d:\cybermed\daddy\dependency\sdk-vtk-9.4.2\build_msvc\io\export\ioexport.dir\debug\vtkx3dexporterxmlwriter.obj
d:\cybermed\daddy\dependency\sdk-vtk-9.4.2\build_msvc\io\export\ioexport.dir\debug\vc143.pdb
d:\cybermed\daddy\dependency\sdk-vtk-9.4.2\build_msvc\io\export\cmakefiles\generate.stamp
d:\cybermed\daddy\dependency\sdk-vtk-9.4.2\build_msvc\lib\debug\vtkioexport-9.4d.lib
d:\cybermed\daddy\dependency\sdk-vtk-9.4.2\build_msvc\bin\debug\vtkioexport-9.4d.dll
d:\cybermed\daddy\dependency\sdk-vtk-9.4.2\build_msvc\bin\debug\vtkioexport-9.4d.pdb
d:\cybermed\daddy\dependency\sdk-vtk-9.4.2\build_msvc\lib\debug\vtkioexport-9.4d.exp
d:\cybermed\daddy\dependency\sdk-vtk-9.4.2\build_msvc\io\export\ioexport.dir\debug\vtkioexport-9.4d.ilk
d:\cybermed\daddy\dependency\sdk-vtk-9.4.2\build_msvc\io\export\ioexport.dir\debug\ioexport.tlog\cl.command.1.tlog
d:\cybermed\daddy\dependency\sdk-vtk-9.4.2\build_msvc\io\export\ioexport.dir\debug\ioexport.tlog\cl.items.tlog
d:\cybermed\daddy\dependency\sdk-vtk-9.4.2\build_msvc\io\export\ioexport.dir\debug\ioexport.tlog\cl.read.1.tlog
d:\cybermed\daddy\dependency\sdk-vtk-9.4.2\build_msvc\io\export\ioexport.dir\debug\ioexport.tlog\cl.write.1.tlog
d:\cybermed\daddy\dependency\sdk-vtk-9.4.2\build_msvc\io\export\ioexport.dir\debug\ioexport.tlog\custombuild.command.1.tlog
d:\cybermed\daddy\dependency\sdk-vtk-9.4.2\build_msvc\io\export\ioexport.dir\debug\ioexport.tlog\custombuild.read.1.tlog
d:\cybermed\daddy\dependency\sdk-vtk-9.4.2\build_msvc\io\export\ioexport.dir\debug\ioexport.tlog\custombuild.write.1.tlog
d:\cybermed\daddy\dependency\sdk-vtk-9.4.2\build_msvc\io\export\ioexport.dir\debug\ioexport.tlog\lib-link.read.1.tlog
d:\cybermed\daddy\dependency\sdk-vtk-9.4.2\build_msvc\io\export\ioexport.dir\debug\ioexport.tlog\lib-link.write.1.tlog
d:\cybermed\daddy\dependency\sdk-vtk-9.4.2\build_msvc\io\export\ioexport.dir\debug\ioexport.tlog\lib.command.1.tlog
d:\cybermed\daddy\dependency\sdk-vtk-9.4.2\build_msvc\io\export\ioexport.dir\debug\ioexport.tlog\link.command.1.tlog
d:\cybermed\daddy\dependency\sdk-vtk-9.4.2\build_msvc\io\export\ioexport.dir\debug\ioexport.tlog\link.read.1.tlog
d:\cybermed\daddy\dependency\sdk-vtk-9.4.2\build_msvc\io\export\ioexport.dir\debug\ioexport.tlog\link.secondary.1.tlog
d:\cybermed\daddy\dependency\sdk-vtk-9.4.2\build_msvc\io\export\ioexport.dir\debug\ioexport.tlog\link.write.1.tlog
