d:\cybermed\daddy\dependency\dcmtk-dcmtk-3.6.8\build_msvc\ofstd\libsrc\ofstd.dir\release\oftime.obj
d:\cybermed\daddy\dependency\dcmtk-dcmtk-3.6.8\build_msvc\ofstd\libsrc\ofstd.dir\release\ofthread.obj
d:\cybermed\daddy\dependency\dcmtk-dcmtk-3.6.8\build_msvc\ofstd\libsrc\ofstd.dir\release\ofstrutl.obj
d:\cybermed\daddy\dependency\dcmtk-dcmtk-3.6.8\build_msvc\ofstd\libsrc\ofstd.dir\release\ofstring.obj
d:\cybermed\daddy\dependency\dcmtk-dcmtk-3.6.8\build_msvc\ofstd\libsrc\ofstd.dir\release\ofstd.obj
d:\cybermed\daddy\dependency\dcmtk-dcmtk-3.6.8\build_msvc\ofstd\libsrc\ofstd.dir\release\oflist.obj
d:\cybermed\daddy\dependency\dcmtk-dcmtk-3.6.8\build_msvc\ofstd\libsrc\ofstd.dir\release\ofipc.obj
d:\cybermed\daddy\dependency\dcmtk-dcmtk-3.6.8\build_msvc\ofstd\libsrc\ofstd.dir\release\offname.obj
d:\cybermed\daddy\dependency\dcmtk-dcmtk-3.6.8\build_msvc\ofstd\libsrc\ofstd.dir\release\offilsys.obj
d:\cybermed\daddy\dependency\dcmtk-dcmtk-3.6.8\build_msvc\ofstd\libsrc\ofstd.dir\release\offile.obj
d:\cybermed\daddy\dependency\dcmtk-dcmtk-3.6.8\build_msvc\ofstd\libsrc\ofstd.dir\release\oferror.obj
d:\cybermed\daddy\dependency\dcmtk-dcmtk-3.6.8\build_msvc\ofstd\libsrc\ofstd.dir\release\ofdatime.obj
d:\cybermed\daddy\dependency\dcmtk-dcmtk-3.6.8\build_msvc\ofstd\libsrc\ofstd.dir\release\ofdate.obj
d:\cybermed\daddy\dependency\dcmtk-dcmtk-3.6.8\build_msvc\ofstd\libsrc\ofstd.dir\release\ofcrc32.obj
d:\cybermed\daddy\dependency\dcmtk-dcmtk-3.6.8\build_msvc\ofstd\libsrc\ofstd.dir\release\ofconsol.obj
d:\cybermed\daddy\dependency\dcmtk-dcmtk-3.6.8\build_msvc\ofstd\libsrc\ofstd.dir\release\ofconfig.obj
d:\cybermed\daddy\dependency\dcmtk-dcmtk-3.6.8\build_msvc\ofstd\libsrc\ofstd.dir\release\ofcond.obj
d:\cybermed\daddy\dependency\dcmtk-dcmtk-3.6.8\build_msvc\ofstd\libsrc\ofstd.dir\release\ofconapp.obj
d:\cybermed\daddy\dependency\dcmtk-dcmtk-3.6.8\build_msvc\ofstd\libsrc\ofstd.dir\release\ofcmdln.obj
d:\cybermed\daddy\dependency\dcmtk-dcmtk-3.6.8\build_msvc\ofstd\libsrc\ofstd.dir\release\ofchrenc.obj
d:\cybermed\daddy\dependency\dcmtk-dcmtk-3.6.8\build_msvc\ofstd\libsrc\ofstd.dir\release\ofrand.obj
d:\cybermed\daddy\dependency\dcmtk-dcmtk-3.6.8\build_msvc\ofstd\libsrc\ofstd.dir\release\ofsockad.obj
d:\cybermed\daddy\dependency\dcmtk-dcmtk-3.6.8\build_msvc\ofstd\libsrc\ofstd.dir\release\ofmath.obj
d:\cybermed\daddy\dependency\dcmtk-dcmtk-3.6.8\build_msvc\ofstd\libsrc\ofstd.dir\release\ofuuid.obj
d:\cybermed\daddy\dependency\dcmtk-dcmtk-3.6.8\build_msvc\ofstd\libsrc\ofstd.dir\release\ofxml.obj
d:\cybermed\daddy\dependency\dcmtk-dcmtk-3.6.8\build_msvc\ofstd\libsrc\ofstd.dir\release\oftempf.obj
d:\cybermed\daddy\dependency\dcmtk-dcmtk-3.6.8\build_msvc\ofstd\libsrc\ofstd.dir\release\oftimer.obj
d:\cybermed\daddy\dependency\dcmtk-dcmtk-3.6.8\build_msvc\ofstd\libsrc\cmakefiles\generate.stamp
d:\cybermed\daddy\dependency\dcmtk-dcmtk-3.6.8\build_msvc\lib\release\ofstd.lib
d:\cybermed\daddy\dependency\dcmtk-dcmtk-3.6.8\build_msvc\bin\release\ofstd.dll
d:\cybermed\daddy\dependency\dcmtk-dcmtk-3.6.8\build_msvc\lib\release\ofstd.exp
d:\cybermed\daddy\dependency\dcmtk-dcmtk-3.6.8\build_msvc\ofstd\libsrc\ofstd.dir\release\ofstd.tlog\cl.command.1.tlog
d:\cybermed\daddy\dependency\dcmtk-dcmtk-3.6.8\build_msvc\ofstd\libsrc\ofstd.dir\release\ofstd.tlog\cl.items.tlog
d:\cybermed\daddy\dependency\dcmtk-dcmtk-3.6.8\build_msvc\ofstd\libsrc\ofstd.dir\release\ofstd.tlog\cl.read.1.tlog
d:\cybermed\daddy\dependency\dcmtk-dcmtk-3.6.8\build_msvc\ofstd\libsrc\ofstd.dir\release\ofstd.tlog\cl.write.1.tlog
d:\cybermed\daddy\dependency\dcmtk-dcmtk-3.6.8\build_msvc\ofstd\libsrc\ofstd.dir\release\ofstd.tlog\custombuild.command.1.tlog
d:\cybermed\daddy\dependency\dcmtk-dcmtk-3.6.8\build_msvc\ofstd\libsrc\ofstd.dir\release\ofstd.tlog\custombuild.read.1.tlog
d:\cybermed\daddy\dependency\dcmtk-dcmtk-3.6.8\build_msvc\ofstd\libsrc\ofstd.dir\release\ofstd.tlog\custombuild.write.1.tlog
d:\cybermed\daddy\dependency\dcmtk-dcmtk-3.6.8\build_msvc\ofstd\libsrc\ofstd.dir\release\ofstd.tlog\lib-link.read.1.tlog
d:\cybermed\daddy\dependency\dcmtk-dcmtk-3.6.8\build_msvc\ofstd\libsrc\ofstd.dir\release\ofstd.tlog\lib-link.write.1.tlog
d:\cybermed\daddy\dependency\dcmtk-dcmtk-3.6.8\build_msvc\ofstd\libsrc\ofstd.dir\release\ofstd.tlog\lib.command.1.tlog
d:\cybermed\daddy\dependency\dcmtk-dcmtk-3.6.8\build_msvc\ofstd\libsrc\ofstd.dir\release\ofstd.tlog\link.command.1.tlog
d:\cybermed\daddy\dependency\dcmtk-dcmtk-3.6.8\build_msvc\ofstd\libsrc\ofstd.dir\release\ofstd.tlog\link.read.1.tlog
d:\cybermed\daddy\dependency\dcmtk-dcmtk-3.6.8\build_msvc\ofstd\libsrc\ofstd.dir\release\ofstd.tlog\link.secondary.1.tlog
d:\cybermed\daddy\dependency\dcmtk-dcmtk-3.6.8\build_msvc\ofstd\libsrc\ofstd.dir\release\ofstd.tlog\link.write.1.tlog
