d:\cybermed\daddy\dependency\sdk-vtk-9.4.2\build_msvc\lib\debug\vtkiogeometry-9.4d.pdb
d:\cybermed\daddy\dependency\sdk-vtk-9.4.2\build_msvc\io\geometry\iogeometry.dir\debug\vtkopenfoamreader.obj
d:\cybermed\daddy\dependency\sdk-vtk-9.4.2\build_msvc\io\geometry\iogeometry.dir\debug\vtkoffreader.obj
d:\cybermed\daddy\dependency\sdk-vtk-9.4.2\build_msvc\io\geometry\iogeometry.dir\debug\vtkobjwriter.obj
d:\cybermed\daddy\dependency\sdk-vtk-9.4.2\build_msvc\io\geometry\iogeometry.dir\debug\vtkobjreader.obj
d:\cybermed\daddy\dependency\sdk-vtk-9.4.2\build_msvc\io\geometry\iogeometry.dir\debug\vtkmfixreader.obj
d:\cybermed\daddy\dependency\sdk-vtk-9.4.2\build_msvc\io\geometry\iogeometry.dir\debug\vtkmcubeswriter.obj
d:\cybermed\daddy\dependency\sdk-vtk-9.4.2\build_msvc\io\geometry\iogeometry.dir\debug\vtkmcubesreader.obj
d:\cybermed\daddy\dependency\sdk-vtk-9.4.2\build_msvc\io\geometry\iogeometry.dir\debug\vtkivwriter.obj
d:\cybermed\daddy\dependency\sdk-vtk-9.4.2\build_msvc\io\geometry\iogeometry.dir\debug\vtkhoudinipolydatawriter.obj
d:\cybermed\daddy\dependency\sdk-vtk-9.4.2\build_msvc\io\geometry\iogeometry.dir\debug\vtkgltfwriter.obj
d:\cybermed\daddy\dependency\sdk-vtk-9.4.2\build_msvc\io\geometry\iogeometry.dir\debug\vtkgltftexture.obj
d:\cybermed\daddy\dependency\sdk-vtk-9.4.2\build_msvc\io\geometry\iogeometry.dir\debug\vtkgltfreader.obj
d:\cybermed\daddy\dependency\sdk-vtk-9.4.2\build_msvc\io\geometry\iogeometry.dir\debug\vtkgltfdocumentloader.obj
d:\cybermed\daddy\dependency\sdk-vtk-9.4.2\build_msvc\io\geometry\iogeometry.dir\debug\vtkgambitreader.obj
d:\cybermed\daddy\dependency\sdk-vtk-9.4.2\build_msvc\io\geometry\iogeometry.dir\debug\vtkfluentreader.obj
d:\cybermed\daddy\dependency\sdk-vtk-9.4.2\build_msvc\io\geometry\iogeometry.dir\debug\vtkfacetwriter.obj
d:\cybermed\daddy\dependency\sdk-vtk-9.4.2\build_msvc\io\geometry\iogeometry.dir\debug\vtkchacoreader.obj
d:\cybermed\daddy\dependency\sdk-vtk-9.4.2\build_msvc\io\geometry\iogeometry.dir\debug\vtkbyuwriter.obj
d:\cybermed\daddy\dependency\sdk-vtk-9.4.2\build_msvc\io\geometry\iogeometry.dir\debug\vtkbyureader.obj
d:\cybermed\daddy\dependency\sdk-vtk-9.4.2\build_msvc\io\geometry\iogeometry.dir\debug\vtkavsucdreader.obj
d:\cybermed\daddy\dependency\sdk-vtk-9.4.2\build_msvc\io\geometry\iogeometry.dir\debug\vtkgltfutils.obj
d:\cybermed\daddy\dependency\sdk-vtk-9.4.2\build_msvc\io\geometry\iogeometry.dir\debug\vtkgltfwriterutils.obj
d:\cybermed\daddy\dependency\sdk-vtk-9.4.2\build_msvc\io\geometry\iogeometry.dir\debug\vtkgltfdocumentloaderinternals.obj
d:\cybermed\daddy\dependency\sdk-vtk-9.4.2\build_msvc\io\geometry\iogeometry.dir\debug\vtkwindbladereader.obj
d:\cybermed\daddy\dependency\sdk-vtk-9.4.2\build_msvc\io\geometry\iogeometry.dir\debug\vtktecplotreader.obj
d:\cybermed\daddy\dependency\sdk-vtk-9.4.2\build_msvc\io\geometry\iogeometry.dir\debug\vtkstlwriter.obj
d:\cybermed\daddy\dependency\sdk-vtk-9.4.2\build_msvc\io\geometry\iogeometry.dir\debug\vtkstlreader.obj
d:\cybermed\daddy\dependency\sdk-vtk-9.4.2\build_msvc\io\geometry\iogeometry.dir\debug\vtkptsreader.obj
d:\cybermed\daddy\dependency\sdk-vtk-9.4.2\build_msvc\io\geometry\iogeometry.dir\debug\vtkprostarreader.obj
d:\cybermed\daddy\dependency\sdk-vtk-9.4.2\build_msvc\io\geometry\iogeometry.dir\debug\vtkparticlereader.obj
d:\cybermed\daddy\dependency\sdk-vtk-9.4.2\build_msvc\io\geometry\iogeometry.dir\debug\vc143.pdb
d:\cybermed\daddy\dependency\sdk-vtk-9.4.2\build_msvc\io\geometry\cmakefiles\generate.stamp
d:\cybermed\daddy\dependency\sdk-vtk-9.4.2\build_msvc\lib\debug\vtkiogeometry-9.4d.lib
d:\cybermed\daddy\dependency\sdk-vtk-9.4.2\build_msvc\bin\debug\vtkiogeometry-9.4d.dll
d:\cybermed\daddy\dependency\sdk-vtk-9.4.2\build_msvc\bin\debug\vtkiogeometry-9.4d.pdb
d:\cybermed\daddy\dependency\sdk-vtk-9.4.2\build_msvc\lib\debug\vtkiogeometry-9.4d.exp
d:\cybermed\daddy\dependency\sdk-vtk-9.4.2\build_msvc\io\geometry\iogeometry.dir\debug\vtkiogeometry-9.4d.ilk
d:\cybermed\daddy\dependency\sdk-vtk-9.4.2\build_msvc\io\geometry\iogeometry.dir\debug\iogeometry.tlog\cl.command.1.tlog
d:\cybermed\daddy\dependency\sdk-vtk-9.4.2\build_msvc\io\geometry\iogeometry.dir\debug\iogeometry.tlog\cl.items.tlog
d:\cybermed\daddy\dependency\sdk-vtk-9.4.2\build_msvc\io\geometry\iogeometry.dir\debug\iogeometry.tlog\cl.read.1.tlog
d:\cybermed\daddy\dependency\sdk-vtk-9.4.2\build_msvc\io\geometry\iogeometry.dir\debug\iogeometry.tlog\cl.write.1.tlog
d:\cybermed\daddy\dependency\sdk-vtk-9.4.2\build_msvc\io\geometry\iogeometry.dir\debug\iogeometry.tlog\custombuild.command.1.tlog
d:\cybermed\daddy\dependency\sdk-vtk-9.4.2\build_msvc\io\geometry\iogeometry.dir\debug\iogeometry.tlog\custombuild.read.1.tlog
d:\cybermed\daddy\dependency\sdk-vtk-9.4.2\build_msvc\io\geometry\iogeometry.dir\debug\iogeometry.tlog\custombuild.write.1.tlog
d:\cybermed\daddy\dependency\sdk-vtk-9.4.2\build_msvc\io\geometry\iogeometry.dir\debug\iogeometry.tlog\lib-link.read.1.tlog
d:\cybermed\daddy\dependency\sdk-vtk-9.4.2\build_msvc\io\geometry\iogeometry.dir\debug\iogeometry.tlog\lib-link.write.1.tlog
d:\cybermed\daddy\dependency\sdk-vtk-9.4.2\build_msvc\io\geometry\iogeometry.dir\debug\iogeometry.tlog\lib.command.1.tlog
d:\cybermed\daddy\dependency\sdk-vtk-9.4.2\build_msvc\io\geometry\iogeometry.dir\debug\iogeometry.tlog\link.command.1.tlog
d:\cybermed\daddy\dependency\sdk-vtk-9.4.2\build_msvc\io\geometry\iogeometry.dir\debug\iogeometry.tlog\link.read.1.tlog
d:\cybermed\daddy\dependency\sdk-vtk-9.4.2\build_msvc\io\geometry\iogeometry.dir\debug\iogeometry.tlog\link.secondary.1.tlog
d:\cybermed\daddy\dependency\sdk-vtk-9.4.2\build_msvc\io\geometry\iogeometry.dir\debug\iogeometry.tlog\link.write.1.tlog
