d:\cybermed\daddy\dependency\sdk-vtk-9.4.2\build_msvc\lib\debug\vtkrenderinggl2psopengl2-9.4d.pdb
d:\cybermed\daddy\dependency\sdk-vtk-9.4.2\build_msvc\rendering\gl2psopengl2\renderinggl2psopengl2.dir\debug\vtkopenglgl2pshelperimpl.obj
d:\cybermed\daddy\dependency\sdk-vtk-9.4.2\build_msvc\rendering\gl2psopengl2\renderinggl2psopengl2.dir\debug\vtkrenderinggl2psopengl2objectfactory.obj
d:\cybermed\daddy\dependency\sdk-vtk-9.4.2\build_msvc\rendering\gl2psopengl2\renderinggl2psopengl2.dir\debug\vc143.pdb
d:\cybermed\daddy\dependency\sdk-vtk-9.4.2\build_msvc\rendering\gl2psopengl2\cmakefiles\generate.stamp
d:\cybermed\daddy\dependency\sdk-vtk-9.4.2\build_msvc\lib\debug\vtkrenderinggl2psopengl2-9.4d.lib
d:\cybermed\daddy\dependency\sdk-vtk-9.4.2\build_msvc\bin\debug\vtkrenderinggl2psopengl2-9.4d.dll
d:\cybermed\daddy\dependency\sdk-vtk-9.4.2\build_msvc\bin\debug\vtkrenderinggl2psopengl2-9.4d.pdb
d:\cybermed\daddy\dependency\sdk-vtk-9.4.2\build_msvc\lib\debug\vtkrenderinggl2psopengl2-9.4d.exp
d:\cybermed\daddy\dependency\sdk-vtk-9.4.2\build_msvc\rendering\gl2psopengl2\renderinggl2psopengl2.dir\debug\vtkrenderinggl2psopengl2-9.4d.ilk
d:\cybermed\daddy\dependency\sdk-vtk-9.4.2\build_msvc\rendering\gl2psopengl2\renderinggl2psopengl2.dir\debug\renderin.447c9bd5.tlog\cl.command.1.tlog
d:\cybermed\daddy\dependency\sdk-vtk-9.4.2\build_msvc\rendering\gl2psopengl2\renderinggl2psopengl2.dir\debug\renderin.447c9bd5.tlog\cl.items.tlog
d:\cybermed\daddy\dependency\sdk-vtk-9.4.2\build_msvc\rendering\gl2psopengl2\renderinggl2psopengl2.dir\debug\renderin.447c9bd5.tlog\cl.read.1.tlog
d:\cybermed\daddy\dependency\sdk-vtk-9.4.2\build_msvc\rendering\gl2psopengl2\renderinggl2psopengl2.dir\debug\renderin.447c9bd5.tlog\cl.write.1.tlog
d:\cybermed\daddy\dependency\sdk-vtk-9.4.2\build_msvc\rendering\gl2psopengl2\renderinggl2psopengl2.dir\debug\renderin.447c9bd5.tlog\custombuild.command.1.tlog
d:\cybermed\daddy\dependency\sdk-vtk-9.4.2\build_msvc\rendering\gl2psopengl2\renderinggl2psopengl2.dir\debug\renderin.447c9bd5.tlog\custombuild.read.1.tlog
d:\cybermed\daddy\dependency\sdk-vtk-9.4.2\build_msvc\rendering\gl2psopengl2\renderinggl2psopengl2.dir\debug\renderin.447c9bd5.tlog\custombuild.write.1.tlog
d:\cybermed\daddy\dependency\sdk-vtk-9.4.2\build_msvc\rendering\gl2psopengl2\renderinggl2psopengl2.dir\debug\renderin.447c9bd5.tlog\lib-link.read.1.tlog
d:\cybermed\daddy\dependency\sdk-vtk-9.4.2\build_msvc\rendering\gl2psopengl2\renderinggl2psopengl2.dir\debug\renderin.447c9bd5.tlog\lib-link.write.1.tlog
d:\cybermed\daddy\dependency\sdk-vtk-9.4.2\build_msvc\rendering\gl2psopengl2\renderinggl2psopengl2.dir\debug\renderin.447c9bd5.tlog\lib.command.1.tlog
d:\cybermed\daddy\dependency\sdk-vtk-9.4.2\build_msvc\rendering\gl2psopengl2\renderinggl2psopengl2.dir\debug\renderin.447c9bd5.tlog\link.command.1.tlog
d:\cybermed\daddy\dependency\sdk-vtk-9.4.2\build_msvc\rendering\gl2psopengl2\renderinggl2psopengl2.dir\debug\renderin.447c9bd5.tlog\link.read.1.tlog
d:\cybermed\daddy\dependency\sdk-vtk-9.4.2\build_msvc\rendering\gl2psopengl2\renderinggl2psopengl2.dir\debug\renderin.447c9bd5.tlog\link.secondary.1.tlog
d:\cybermed\daddy\dependency\sdk-vtk-9.4.2\build_msvc\rendering\gl2psopengl2\renderinggl2psopengl2.dir\debug\renderin.447c9bd5.tlog\link.write.1.tlog
