d:\cybermed\daddy\dependency\sdk-vtk-9.4.2\build_msvc\filters\sources\filterssources.dir\release\vtklinesource.obj
d:\cybermed\daddy\dependency\sdk-vtk-9.4.2\build_msvc\filters\sources\filterssources.dir\release\vtkhypertreegridsource.obj
d:\cybermed\daddy\dependency\sdk-vtk-9.4.2\build_msvc\filters\sources\filterssources.dir\release\vtkhypertreegridpreconfiguredsource.obj
d:\cybermed\daddy\dependency\sdk-vtk-9.4.2\build_msvc\filters\sources\filterssources.dir\release\vtkhandlesource.obj
d:\cybermed\daddy\dependency\sdk-vtk-9.4.2\build_msvc\filters\sources\filterssources.dir\release\vtkgraphtopolydata.obj
d:\cybermed\daddy\dependency\sdk-vtk-9.4.2\build_msvc\filters\sources\filterssources.dir\release\vtkgoldenballsource.obj
d:\cybermed\daddy\dependency\sdk-vtk-9.4.2\build_msvc\filters\sources\filterssources.dir\release\vtkglyphsource2d.obj
d:\cybermed\daddy\dependency\sdk-vtk-9.4.2\build_msvc\filters\sources\filterssources.dir\release\vtkfrustumsource.obj
d:\cybermed\daddy\dependency\sdk-vtk-9.4.2\build_msvc\filters\sources\filterssources.dir\release\vtkellipticalbuttonsource.obj
d:\cybermed\daddy\dependency\sdk-vtk-9.4.2\build_msvc\filters\sources\filterssources.dir\release\vtkellipsearcsource.obj
d:\cybermed\daddy\dependency\sdk-vtk-9.4.2\build_msvc\filters\sources\filterssources.dir\release\vtkdisksource.obj
d:\cybermed\daddy\dependency\sdk-vtk-9.4.2\build_msvc\filters\sources\filterssources.dir\release\vtkdiagonalmatrixsource.obj
d:\cybermed\daddy\dependency\sdk-vtk-9.4.2\build_msvc\filters\sources\filterssources.dir\release\vtkcylindersource.obj
d:\cybermed\daddy\dependency\sdk-vtk-9.4.2\build_msvc\filters\sources\filterssources.dir\release\vtkcubesource.obj
d:\cybermed\daddy\dependency\sdk-vtk-9.4.2\build_msvc\filters\sources\filterssources.dir\release\vtkconesource.obj
d:\cybermed\daddy\dependency\sdk-vtk-9.4.2\build_msvc\filters\sources\filterssources.dir\release\vtkcelltypesource.obj
d:\cybermed\daddy\dependency\sdk-vtk-9.4.2\build_msvc\filters\sources\filterssources.dir\release\vtkcapsulesource.obj
d:\cybermed\daddy\dependency\sdk-vtk-9.4.2\build_msvc\filters\sources\filterssources.dir\release\vtkbuttonsource.obj
d:\cybermed\daddy\dependency\sdk-vtk-9.4.2\build_msvc\filters\sources\filterssources.dir\release\vtkarrowsource.obj
d:\cybermed\daddy\dependency\sdk-vtk-9.4.2\build_msvc\filters\sources\filterssources.dir\release\vtkarcsource.obj
d:\cybermed\daddy\dependency\sdk-vtk-9.4.2\build_msvc\filters\sources\filterssources.dir\release\vtkspheresource.obj
d:\cybermed\daddy\dependency\sdk-vtk-9.4.2\build_msvc\filters\sources\filterssources.dir\release\vtkspatiotemporalharmonicssource.obj
d:\cybermed\daddy\dependency\sdk-vtk-9.4.2\build_msvc\filters\sources\filterssources.dir\release\vtkselectionsource.obj
d:\cybermed\daddy\dependency\sdk-vtk-9.4.2\build_msvc\filters\sources\filterssources.dir\release\vtkregularpolygonsource.obj
d:\cybermed\daddy\dependency\sdk-vtk-9.4.2\build_msvc\filters\sources\filterssources.dir\release\vtkrectangularbuttonsource.obj
d:\cybermed\daddy\dependency\sdk-vtk-9.4.2\build_msvc\filters\sources\filterssources.dir\release\vtkrandomhypertreegridsource.obj
d:\cybermed\daddy\dependency\sdk-vtk-9.4.2\build_msvc\filters\sources\filterssources.dir\release\vtkprogrammablesource.obj
d:\cybermed\daddy\dependency\sdk-vtk-9.4.2\build_msvc\filters\sources\filterssources.dir\release\vtkprogrammabledataobjectsource.obj
d:\cybermed\daddy\dependency\sdk-vtk-9.4.2\build_msvc\filters\sources\filterssources.dir\release\vtkpolypointsource.obj
d:\cybermed\daddy\dependency\sdk-vtk-9.4.2\build_msvc\filters\sources\filterssources.dir\release\vtkpolylinesource.obj
d:\cybermed\daddy\dependency\sdk-vtk-9.4.2\build_msvc\filters\sources\filterssources.dir\release\vtkpointsource.obj
d:\cybermed\daddy\dependency\sdk-vtk-9.4.2\build_msvc\filters\sources\filterssources.dir\release\vtkpointhandlesource.obj
d:\cybermed\daddy\dependency\sdk-vtk-9.4.2\build_msvc\filters\sources\filterssources.dir\release\vtkplatonicsolidsource.obj
d:\cybermed\daddy\dependency\sdk-vtk-9.4.2\build_msvc\filters\sources\filterssources.dir\release\vtkplanesource.obj
d:\cybermed\daddy\dependency\sdk-vtk-9.4.2\build_msvc\filters\sources\filterssources.dir\release\vtkpartitioneddatasetcollectionsource.obj
d:\cybermed\daddy\dependency\sdk-vtk-9.4.2\build_msvc\filters\sources\filterssources.dir\release\vtkpartitioneddatasetsource.obj
d:\cybermed\daddy\dependency\sdk-vtk-9.4.2\build_msvc\filters\sources\filterssources.dir\release\vtkparametricfunctionsource.obj
d:\cybermed\daddy\dependency\sdk-vtk-9.4.2\build_msvc\filters\sources\filterssources.dir\release\vtkoutlinesource.obj
d:\cybermed\daddy\dependency\sdk-vtk-9.4.2\build_msvc\filters\sources\filterssources.dir\release\vtkoutlinecornersource.obj
d:\cybermed\daddy\dependency\sdk-vtk-9.4.2\build_msvc\filters\sources\filterssources.dir\release\vtkoutlinecornerfilter.obj
d:\cybermed\daddy\dependency\sdk-vtk-9.4.2\build_msvc\filters\sources\filterssources.dir\release\vtkuniformhypertreegridsource.obj
d:\cybermed\daddy\dependency\sdk-vtk-9.4.2\build_msvc\filters\sources\filterssources.dir\release\vtktexturedspheresource.obj
d:\cybermed\daddy\dependency\sdk-vtk-9.4.2\build_msvc\filters\sources\filterssources.dir\release\vtktextsource.obj
d:\cybermed\daddy\dependency\sdk-vtk-9.4.2\build_msvc\filters\sources\filterssources.dir\release\vtktessellatedboxsource.obj
d:\cybermed\daddy\dependency\sdk-vtk-9.4.2\build_msvc\filters\sources\filterssources.dir\release\vtksuperquadricsource.obj
d:\cybermed\daddy\dependency\sdk-vtk-9.4.2\build_msvc\filters\sources\cmakefiles\generate.stamp
d:\cybermed\daddy\dependency\sdk-vtk-9.4.2\build_msvc\bin\release\vtkfilterssources-9.4.dll
d:\cybermed\daddy\dependency\sdk-vtk-9.4.2\build_msvc\lib\release\vtkfilterssources-9.4.lib
d:\cybermed\daddy\dependency\sdk-vtk-9.4.2\build_msvc\lib\release\vtkfilterssources-9.4.exp
d:\cybermed\daddy\dependency\sdk-vtk-9.4.2\build_msvc\filters\sources\filterssources.dir\release\filterssources.tlog\cl.command.1.tlog
d:\cybermed\daddy\dependency\sdk-vtk-9.4.2\build_msvc\filters\sources\filterssources.dir\release\filterssources.tlog\cl.items.tlog
d:\cybermed\daddy\dependency\sdk-vtk-9.4.2\build_msvc\filters\sources\filterssources.dir\release\filterssources.tlog\cl.read.1.tlog
d:\cybermed\daddy\dependency\sdk-vtk-9.4.2\build_msvc\filters\sources\filterssources.dir\release\filterssources.tlog\cl.write.1.tlog
d:\cybermed\daddy\dependency\sdk-vtk-9.4.2\build_msvc\filters\sources\filterssources.dir\release\filterssources.tlog\custombuild.command.1.tlog
d:\cybermed\daddy\dependency\sdk-vtk-9.4.2\build_msvc\filters\sources\filterssources.dir\release\filterssources.tlog\custombuild.read.1.tlog
d:\cybermed\daddy\dependency\sdk-vtk-9.4.2\build_msvc\filters\sources\filterssources.dir\release\filterssources.tlog\custombuild.write.1.tlog
d:\cybermed\daddy\dependency\sdk-vtk-9.4.2\build_msvc\filters\sources\filterssources.dir\release\filterssources.tlog\link.command.1.tlog
d:\cybermed\daddy\dependency\sdk-vtk-9.4.2\build_msvc\filters\sources\filterssources.dir\release\filterssources.tlog\link.read.1.tlog
d:\cybermed\daddy\dependency\sdk-vtk-9.4.2\build_msvc\filters\sources\filterssources.dir\release\filterssources.tlog\link.secondary.1.tlog
d:\cybermed\daddy\dependency\sdk-vtk-9.4.2\build_msvc\filters\sources\filterssources.dir\release\filterssources.tlog\link.write.1.tlog
