d:\cybermed\daddy\dependency\sdk-vtk-9.4.2\build_msvc\lib\debug\vtkviewsinfovis-9.4d.pdb
d:\cybermed\daddy\dependency\sdk-vtk-9.4.2\build_msvc\views\infovis\viewsinfovis.dir\debug\vtkrenderview.obj
d:\cybermed\daddy\dependency\sdk-vtk-9.4.2\build_msvc\views\infovis\viewsinfovis.dir\debug\vtkrenderedtreearearepresentation.obj
d:\cybermed\daddy\dependency\sdk-vtk-9.4.2\build_msvc\views\infovis\viewsinfovis.dir\debug\vtkrenderedsurfacerepresentation.obj
d:\cybermed\daddy\dependency\sdk-vtk-9.4.2\build_msvc\views\infovis\viewsinfovis.dir\debug\vtkrenderedrepresentation.obj
d:\cybermed\daddy\dependency\sdk-vtk-9.4.2\build_msvc\views\infovis\viewsinfovis.dir\debug\vtkrenderedhierarchyrepresentation.obj
d:\cybermed\daddy\dependency\sdk-vtk-9.4.2\build_msvc\views\infovis\viewsinfovis.dir\debug\vtkrenderedgraphrepresentation.obj
d:\cybermed\daddy\dependency\sdk-vtk-9.4.2\build_msvc\views\infovis\viewsinfovis.dir\debug\vtkparallelcoordinatesview.obj
d:\cybermed\daddy\dependency\sdk-vtk-9.4.2\build_msvc\views\infovis\viewsinfovis.dir\debug\vtkparallelcoordinatesrepresentation.obj
d:\cybermed\daddy\dependency\sdk-vtk-9.4.2\build_msvc\views\infovis\viewsinfovis.dir\debug\vtkparallelcoordinateshistogramrepresentation.obj
d:\cybermed\daddy\dependency\sdk-vtk-9.4.2\build_msvc\views\infovis\viewsinfovis.dir\debug\vtkinteractorstyletreemaphover.obj
d:\cybermed\daddy\dependency\sdk-vtk-9.4.2\build_msvc\views\infovis\viewsinfovis.dir\debug\vtkinteractorstyleareaselecthover.obj
d:\cybermed\daddy\dependency\sdk-vtk-9.4.2\build_msvc\views\infovis\viewsinfovis.dir\debug\vtkicicleview.obj
d:\cybermed\daddy\dependency\sdk-vtk-9.4.2\build_msvc\views\infovis\viewsinfovis.dir\debug\vtkhierarchicalgraphview.obj
d:\cybermed\daddy\dependency\sdk-vtk-9.4.2\build_msvc\views\infovis\viewsinfovis.dir\debug\vtkhierarchicalgraphpipeline.obj
d:\cybermed\daddy\dependency\sdk-vtk-9.4.2\build_msvc\views\infovis\viewsinfovis.dir\debug\vtkheatmapitem.obj
d:\cybermed\daddy\dependency\sdk-vtk-9.4.2\build_msvc\views\infovis\viewsinfovis.dir\debug\vtkgraphlayoutview.obj
d:\cybermed\daddy\dependency\sdk-vtk-9.4.2\build_msvc\views\infovis\viewsinfovis.dir\debug\vtkgraphitem.obj
d:\cybermed\daddy\dependency\sdk-vtk-9.4.2\build_msvc\views\infovis\viewsinfovis.dir\debug\vtkdendrogramitem.obj
d:\cybermed\daddy\dependency\sdk-vtk-9.4.2\build_msvc\views\infovis\viewsinfovis.dir\debug\vtkapplyicons.obj
d:\cybermed\daddy\dependency\sdk-vtk-9.4.2\build_msvc\views\infovis\viewsinfovis.dir\debug\vtkapplycolors.obj
d:\cybermed\daddy\dependency\sdk-vtk-9.4.2\build_msvc\views\infovis\viewsinfovis.dir\debug\vtkviewupdater.obj
d:\cybermed\daddy\dependency\sdk-vtk-9.4.2\build_msvc\views\infovis\viewsinfovis.dir\debug\vtktreeringview.obj
d:\cybermed\daddy\dependency\sdk-vtk-9.4.2\build_msvc\views\infovis\viewsinfovis.dir\debug\vtktreemapview.obj
d:\cybermed\daddy\dependency\sdk-vtk-9.4.2\build_msvc\views\infovis\viewsinfovis.dir\debug\vtktreeheatmapitem.obj
d:\cybermed\daddy\dependency\sdk-vtk-9.4.2\build_msvc\views\infovis\viewsinfovis.dir\debug\vtktreeareaview.obj
d:\cybermed\daddy\dependency\sdk-vtk-9.4.2\build_msvc\views\infovis\viewsinfovis.dir\debug\vtktanglegramitem.obj
d:\cybermed\daddy\dependency\sdk-vtk-9.4.2\build_msvc\views\infovis\viewsinfovis.dir\debug\vtkscurvespline.obj
d:\cybermed\daddy\dependency\sdk-vtk-9.4.2\build_msvc\views\infovis\viewsinfovis.dir\debug\vc143.pdb
d:\cybermed\daddy\dependency\sdk-vtk-9.4.2\build_msvc\views\infovis\cmakefiles\generate.stamp
d:\cybermed\daddy\dependency\sdk-vtk-9.4.2\build_msvc\lib\debug\vtkviewsinfovis-9.4d.lib
d:\cybermed\daddy\dependency\sdk-vtk-9.4.2\build_msvc\bin\debug\vtkviewsinfovis-9.4d.dll
d:\cybermed\daddy\dependency\sdk-vtk-9.4.2\build_msvc\bin\debug\vtkviewsinfovis-9.4d.pdb
d:\cybermed\daddy\dependency\sdk-vtk-9.4.2\build_msvc\lib\debug\vtkviewsinfovis-9.4d.exp
d:\cybermed\daddy\dependency\sdk-vtk-9.4.2\build_msvc\views\infovis\viewsinfovis.dir\debug\vtkviewsinfovis-9.4d.ilk
d:\cybermed\daddy\dependency\sdk-vtk-9.4.2\build_msvc\views\infovis\viewsinfovis.dir\debug\viewsinfovis.tlog\cl.command.1.tlog
d:\cybermed\daddy\dependency\sdk-vtk-9.4.2\build_msvc\views\infovis\viewsinfovis.dir\debug\viewsinfovis.tlog\cl.items.tlog
d:\cybermed\daddy\dependency\sdk-vtk-9.4.2\build_msvc\views\infovis\viewsinfovis.dir\debug\viewsinfovis.tlog\cl.read.1.tlog
d:\cybermed\daddy\dependency\sdk-vtk-9.4.2\build_msvc\views\infovis\viewsinfovis.dir\debug\viewsinfovis.tlog\cl.write.1.tlog
d:\cybermed\daddy\dependency\sdk-vtk-9.4.2\build_msvc\views\infovis\viewsinfovis.dir\debug\viewsinfovis.tlog\custombuild.command.1.tlog
d:\cybermed\daddy\dependency\sdk-vtk-9.4.2\build_msvc\views\infovis\viewsinfovis.dir\debug\viewsinfovis.tlog\custombuild.read.1.tlog
d:\cybermed\daddy\dependency\sdk-vtk-9.4.2\build_msvc\views\infovis\viewsinfovis.dir\debug\viewsinfovis.tlog\custombuild.write.1.tlog
d:\cybermed\daddy\dependency\sdk-vtk-9.4.2\build_msvc\views\infovis\viewsinfovis.dir\debug\viewsinfovis.tlog\lib-link.read.1.tlog
d:\cybermed\daddy\dependency\sdk-vtk-9.4.2\build_msvc\views\infovis\viewsinfovis.dir\debug\viewsinfovis.tlog\lib-link.write.1.tlog
d:\cybermed\daddy\dependency\sdk-vtk-9.4.2\build_msvc\views\infovis\viewsinfovis.dir\debug\viewsinfovis.tlog\lib.command.1.tlog
d:\cybermed\daddy\dependency\sdk-vtk-9.4.2\build_msvc\views\infovis\viewsinfovis.dir\debug\viewsinfovis.tlog\link.command.1.tlog
d:\cybermed\daddy\dependency\sdk-vtk-9.4.2\build_msvc\views\infovis\viewsinfovis.dir\debug\viewsinfovis.tlog\link.read.1.tlog
d:\cybermed\daddy\dependency\sdk-vtk-9.4.2\build_msvc\views\infovis\viewsinfovis.dir\debug\viewsinfovis.tlog\link.secondary.1.tlog
d:\cybermed\daddy\dependency\sdk-vtk-9.4.2\build_msvc\views\infovis\viewsinfovis.dir\debug\viewsinfovis.tlog\link.write.1.tlog
