  Building Custom Rule D:/cybermed/daddy/dependency/sdk-VTK-9.4.2/Views/Infovis/CMakeLists.txt
  vtkApplyColors.cxx
  vtkApplyIcons.cxx
  vtkDendrogramItem.cxx
  vtkGraphItem.cxx
  vtkGraphLayoutView.cxx
  vtkHeatmapItem.cxx
  vtkHierarchicalGraphPipeline.cxx
  vtkHierarchicalGraphView.cxx
  vtkIcicleView.cxx
  vtkInteractorStyleAreaSelectHover.cxx
  vtkInteractorStyleTreeMapHover.cxx
  vtkParallelCoordinatesHistogramRepresentation.cxx
  vtkParallelCoordinatesRepresentation.cxx
  vtkParallelCoordinatesView.cxx
  vtkRenderedGraphRepresentation.cxx
  vtkRenderedHierarchyRepresentation.cxx
  vtkRenderedRepresentation.cxx
  vtkRenderedSurfaceRepresentation.cxx
  vtkRenderedTreeAreaRepresentation.cxx
  vtkRenderView.cxx
  코드를 생성하고 있습니다...
  컴파일하고 있습니다...
  vtkSCurveSpline.cxx
  vtkTanglegramItem.cxx
  vtkTreeAreaView.cxx
  vtkTreeHeatmapItem.cxx
  vtkTreeMapView.cxx
  vtkTreeRingView.cxx
  vtkViewUpdater.cxx
  코드를 생성하고 있습니다...
     D:/cybermed/daddy/dependency/sdk-VTK-9.4.2/build_msvc/lib/Release/vtkViewsInfovis-9.4.lib 라이브러리 및 D:/cybermed/daddy/dependency/sdk-VTK-9.4.2/build_msvc/lib/Release/vtkViewsInfovis-9.4.exp 개체를 생성하고 있습니다.
  ViewsInfovis.vcxproj -> D:\cybermed\daddy\dependency\sdk-VTK-9.4.2\build_msvc\bin\Release\vtkViewsInfovis-9.4.dll
