d:\cybermed\daddy\dependency\sdk-vtk-9.4.2\build_msvc\views\infovis\viewsinfovis.dir\release\vtkrenderview.obj
d:\cybermed\daddy\dependency\sdk-vtk-9.4.2\build_msvc\views\infovis\viewsinfovis.dir\release\vtkrenderedtreearearepresentation.obj
d:\cybermed\daddy\dependency\sdk-vtk-9.4.2\build_msvc\views\infovis\viewsinfovis.dir\release\vtkrenderedsurfacerepresentation.obj
d:\cybermed\daddy\dependency\sdk-vtk-9.4.2\build_msvc\views\infovis\viewsinfovis.dir\release\vtkrenderedrepresentation.obj
d:\cybermed\daddy\dependency\sdk-vtk-9.4.2\build_msvc\views\infovis\viewsinfovis.dir\release\vtkrenderedhierarchyrepresentation.obj
d:\cybermed\daddy\dependency\sdk-vtk-9.4.2\build_msvc\views\infovis\viewsinfovis.dir\release\vtkrenderedgraphrepresentation.obj
d:\cybermed\daddy\dependency\sdk-vtk-9.4.2\build_msvc\views\infovis\viewsinfovis.dir\release\vtkparallelcoordinatesview.obj
d:\cybermed\daddy\dependency\sdk-vtk-9.4.2\build_msvc\views\infovis\viewsinfovis.dir\release\vtkparallelcoordinatesrepresentation.obj
d:\cybermed\daddy\dependency\sdk-vtk-9.4.2\build_msvc\views\infovis\viewsinfovis.dir\release\vtkparallelcoordinateshistogramrepresentation.obj
d:\cybermed\daddy\dependency\sdk-vtk-9.4.2\build_msvc\views\infovis\viewsinfovis.dir\release\vtkinteractorstyletreemaphover.obj
d:\cybermed\daddy\dependency\sdk-vtk-9.4.2\build_msvc\views\infovis\viewsinfovis.dir\release\vtkinteractorstyleareaselecthover.obj
d:\cybermed\daddy\dependency\sdk-vtk-9.4.2\build_msvc\views\infovis\viewsinfovis.dir\release\vtkicicleview.obj
d:\cybermed\daddy\dependency\sdk-vtk-9.4.2\build_msvc\views\infovis\viewsinfovis.dir\release\vtkhierarchicalgraphview.obj
d:\cybermed\daddy\dependency\sdk-vtk-9.4.2\build_msvc\views\infovis\viewsinfovis.dir\release\vtkhierarchicalgraphpipeline.obj
d:\cybermed\daddy\dependency\sdk-vtk-9.4.2\build_msvc\views\infovis\viewsinfovis.dir\release\vtkheatmapitem.obj
d:\cybermed\daddy\dependency\sdk-vtk-9.4.2\build_msvc\views\infovis\viewsinfovis.dir\release\vtkgraphlayoutview.obj
d:\cybermed\daddy\dependency\sdk-vtk-9.4.2\build_msvc\views\infovis\viewsinfovis.dir\release\vtkgraphitem.obj
d:\cybermed\daddy\dependency\sdk-vtk-9.4.2\build_msvc\views\infovis\viewsinfovis.dir\release\vtkdendrogramitem.obj
d:\cybermed\daddy\dependency\sdk-vtk-9.4.2\build_msvc\views\infovis\viewsinfovis.dir\release\vtkapplyicons.obj
d:\cybermed\daddy\dependency\sdk-vtk-9.4.2\build_msvc\views\infovis\viewsinfovis.dir\release\vtkapplycolors.obj
d:\cybermed\daddy\dependency\sdk-vtk-9.4.2\build_msvc\views\infovis\viewsinfovis.dir\release\vtkviewupdater.obj
d:\cybermed\daddy\dependency\sdk-vtk-9.4.2\build_msvc\views\infovis\viewsinfovis.dir\release\vtktreeringview.obj
d:\cybermed\daddy\dependency\sdk-vtk-9.4.2\build_msvc\views\infovis\viewsinfovis.dir\release\vtktreemapview.obj
d:\cybermed\daddy\dependency\sdk-vtk-9.4.2\build_msvc\views\infovis\viewsinfovis.dir\release\vtktreeheatmapitem.obj
d:\cybermed\daddy\dependency\sdk-vtk-9.4.2\build_msvc\views\infovis\viewsinfovis.dir\release\vtktreeareaview.obj
d:\cybermed\daddy\dependency\sdk-vtk-9.4.2\build_msvc\views\infovis\viewsinfovis.dir\release\vtktanglegramitem.obj
d:\cybermed\daddy\dependency\sdk-vtk-9.4.2\build_msvc\views\infovis\viewsinfovis.dir\release\vtkscurvespline.obj
d:\cybermed\daddy\dependency\sdk-vtk-9.4.2\build_msvc\views\infovis\cmakefiles\generate.stamp
d:\cybermed\daddy\dependency\sdk-vtk-9.4.2\build_msvc\bin\release\vtkviewsinfovis-9.4.dll
d:\cybermed\daddy\dependency\sdk-vtk-9.4.2\build_msvc\lib\release\vtkviewsinfovis-9.4.lib
d:\cybermed\daddy\dependency\sdk-vtk-9.4.2\build_msvc\lib\release\vtkviewsinfovis-9.4.exp
d:\cybermed\daddy\dependency\sdk-vtk-9.4.2\build_msvc\views\infovis\viewsinfovis.dir\release\viewsinfovis.tlog\cl.command.1.tlog
d:\cybermed\daddy\dependency\sdk-vtk-9.4.2\build_msvc\views\infovis\viewsinfovis.dir\release\viewsinfovis.tlog\cl.items.tlog
d:\cybermed\daddy\dependency\sdk-vtk-9.4.2\build_msvc\views\infovis\viewsinfovis.dir\release\viewsinfovis.tlog\cl.read.1.tlog
d:\cybermed\daddy\dependency\sdk-vtk-9.4.2\build_msvc\views\infovis\viewsinfovis.dir\release\viewsinfovis.tlog\cl.write.1.tlog
d:\cybermed\daddy\dependency\sdk-vtk-9.4.2\build_msvc\views\infovis\viewsinfovis.dir\release\viewsinfovis.tlog\custombuild.command.1.tlog
d:\cybermed\daddy\dependency\sdk-vtk-9.4.2\build_msvc\views\infovis\viewsinfovis.dir\release\viewsinfovis.tlog\custombuild.read.1.tlog
d:\cybermed\daddy\dependency\sdk-vtk-9.4.2\build_msvc\views\infovis\viewsinfovis.dir\release\viewsinfovis.tlog\custombuild.write.1.tlog
d:\cybermed\daddy\dependency\sdk-vtk-9.4.2\build_msvc\views\infovis\viewsinfovis.dir\release\viewsinfovis.tlog\link.command.1.tlog
d:\cybermed\daddy\dependency\sdk-vtk-9.4.2\build_msvc\views\infovis\viewsinfovis.dir\release\viewsinfovis.tlog\link.read.1.tlog
d:\cybermed\daddy\dependency\sdk-vtk-9.4.2\build_msvc\views\infovis\viewsinfovis.dir\release\viewsinfovis.tlog\link.secondary.1.tlog
d:\cybermed\daddy\dependency\sdk-vtk-9.4.2\build_msvc\views\infovis\viewsinfovis.dir\release\viewsinfovis.tlog\link.write.1.tlog
