d:\cybermed\daddy\dependency\sdk-vtk-9.4.2\build_msvc\lib\debug\vtkinteractionstyle-9.4d.pdb
d:\cybermed\daddy\dependency\sdk-vtk-9.4.2\build_msvc\interaction\style\interactionstyle.dir\debug\vtkparallelcoordinatesinteractorstyle.obj
d:\cybermed\daddy\dependency\sdk-vtk-9.4.2\build_msvc\interaction\style\interactionstyle.dir\debug\vtkinteractorstyleswitch.obj
d:\cybermed\daddy\dependency\sdk-vtk-9.4.2\build_msvc\interaction\style\interactionstyle.dir\debug\vtkinteractorstyleuser.obj
d:\cybermed\daddy\dependency\sdk-vtk-9.4.2\build_msvc\interaction\style\interactionstyle.dir\debug\vtkinteractorstyleunicam.obj
d:\cybermed\daddy\dependency\sdk-vtk-9.4.2\build_msvc\interaction\style\interactionstyle.dir\debug\vtkinteractorstyletrackballcamera.obj
d:\cybermed\daddy\dependency\sdk-vtk-9.4.2\build_msvc\interaction\style\interactionstyle.dir\debug\vtkinteractorstyletrackballactor.obj
d:\cybermed\daddy\dependency\sdk-vtk-9.4.2\build_msvc\interaction\style\interactionstyle.dir\debug\vtkinteractorstyletrackball.obj
d:\cybermed\daddy\dependency\sdk-vtk-9.4.2\build_msvc\interaction\style\interactionstyle.dir\debug\vtkinteractorstyleterrain.obj
d:\cybermed\daddy\dependency\sdk-vtk-9.4.2\build_msvc\interaction\style\interactionstyle.dir\debug\vtkinteractorstylerubberbandzoom.obj
d:\cybermed\daddy\dependency\sdk-vtk-9.4.2\build_msvc\interaction\style\interactionstyle.dir\debug\vtkinteractorstylerubberbandpick.obj
d:\cybermed\daddy\dependency\sdk-vtk-9.4.2\build_msvc\interaction\style\interactionstyle.dir\debug\vtkinteractorstylerubberband3d.obj
d:\cybermed\daddy\dependency\sdk-vtk-9.4.2\build_msvc\interaction\style\interactionstyle.dir\debug\vtkinteractorstylerubberband2d.obj
d:\cybermed\daddy\dependency\sdk-vtk-9.4.2\build_msvc\interaction\style\interactionstyle.dir\debug\vtkinteractorstylemultitouchcamera.obj
d:\cybermed\daddy\dependency\sdk-vtk-9.4.2\build_msvc\interaction\style\interactionstyle.dir\debug\vtkinteractorstylejoystickcamera.obj
d:\cybermed\daddy\dependency\sdk-vtk-9.4.2\build_msvc\interaction\style\interactionstyle.dir\debug\vtkinteractorstylejoystickactor.obj
d:\cybermed\daddy\dependency\sdk-vtk-9.4.2\build_msvc\interaction\style\interactionstyle.dir\debug\vtkinteractorstyleimage.obj
d:\cybermed\daddy\dependency\sdk-vtk-9.4.2\build_msvc\interaction\style\interactionstyle.dir\debug\vtkinteractorstyleflight.obj
d:\cybermed\daddy\dependency\sdk-vtk-9.4.2\build_msvc\interaction\style\interactionstyle.dir\debug\vtkinteractorstyledrawpolygon.obj
d:\cybermed\daddy\dependency\sdk-vtk-9.4.2\build_msvc\interaction\style\interactionstyle.dir\debug\vtkinteractionstyleobjectfactory.obj
d:\cybermed\daddy\dependency\sdk-vtk-9.4.2\build_msvc\interaction\style\interactionstyle.dir\debug\vc143.pdb
d:\cybermed\daddy\dependency\sdk-vtk-9.4.2\build_msvc\interaction\style\cmakefiles\generate.stamp
d:\cybermed\daddy\dependency\sdk-vtk-9.4.2\build_msvc\lib\debug\vtkinteractionstyle-9.4d.lib
d:\cybermed\daddy\dependency\sdk-vtk-9.4.2\build_msvc\bin\debug\vtkinteractionstyle-9.4d.dll
d:\cybermed\daddy\dependency\sdk-vtk-9.4.2\build_msvc\bin\debug\vtkinteractionstyle-9.4d.pdb
d:\cybermed\daddy\dependency\sdk-vtk-9.4.2\build_msvc\lib\debug\vtkinteractionstyle-9.4d.exp
d:\cybermed\daddy\dependency\sdk-vtk-9.4.2\build_msvc\interaction\style\interactionstyle.dir\debug\vtkinteractionstyle-9.4d.ilk
d:\cybermed\daddy\dependency\sdk-vtk-9.4.2\build_msvc\interaction\style\interactionstyle.dir\debug\interactionstyle.tlog\cl.command.1.tlog
d:\cybermed\daddy\dependency\sdk-vtk-9.4.2\build_msvc\interaction\style\interactionstyle.dir\debug\interactionstyle.tlog\cl.items.tlog
d:\cybermed\daddy\dependency\sdk-vtk-9.4.2\build_msvc\interaction\style\interactionstyle.dir\debug\interactionstyle.tlog\cl.read.1.tlog
d:\cybermed\daddy\dependency\sdk-vtk-9.4.2\build_msvc\interaction\style\interactionstyle.dir\debug\interactionstyle.tlog\cl.write.1.tlog
d:\cybermed\daddy\dependency\sdk-vtk-9.4.2\build_msvc\interaction\style\interactionstyle.dir\debug\interactionstyle.tlog\custombuild.command.1.tlog
d:\cybermed\daddy\dependency\sdk-vtk-9.4.2\build_msvc\interaction\style\interactionstyle.dir\debug\interactionstyle.tlog\custombuild.read.1.tlog
d:\cybermed\daddy\dependency\sdk-vtk-9.4.2\build_msvc\interaction\style\interactionstyle.dir\debug\interactionstyle.tlog\custombuild.write.1.tlog
d:\cybermed\daddy\dependency\sdk-vtk-9.4.2\build_msvc\interaction\style\interactionstyle.dir\debug\interactionstyle.tlog\lib-link.read.1.tlog
d:\cybermed\daddy\dependency\sdk-vtk-9.4.2\build_msvc\interaction\style\interactionstyle.dir\debug\interactionstyle.tlog\lib-link.write.1.tlog
d:\cybermed\daddy\dependency\sdk-vtk-9.4.2\build_msvc\interaction\style\interactionstyle.dir\debug\interactionstyle.tlog\lib.command.1.tlog
d:\cybermed\daddy\dependency\sdk-vtk-9.4.2\build_msvc\interaction\style\interactionstyle.dir\debug\interactionstyle.tlog\link.command.1.tlog
d:\cybermed\daddy\dependency\sdk-vtk-9.4.2\build_msvc\interaction\style\interactionstyle.dir\debug\interactionstyle.tlog\link.read.1.tlog
d:\cybermed\daddy\dependency\sdk-vtk-9.4.2\build_msvc\interaction\style\interactionstyle.dir\debug\interactionstyle.tlog\link.secondary.1.tlog
d:\cybermed\daddy\dependency\sdk-vtk-9.4.2\build_msvc\interaction\style\interactionstyle.dir\debug\interactionstyle.tlog\link.write.1.tlog
