  Building Custom Rule D:/cybermed/daddy/dependency/dcmtk-DCMTK-3.6.8/dcmrt/libsrc/CMakeLists.txt
  drmdose.cc
  drmimage.cc
  drmplan.cc
  drmstrct.cc
  drtaadcs.cc
  drtadcs.cc
  drtads.cc
  drtafcs.cc
  drtafs.cc
  drtags.cc
  drtajcs.cc
  drtancs.cc
  drtarms.cc
  drtars.cc
  drtas1.cc
  drtas2.cc
  drtas3.cc
  drtas4.cc
  drtass.cc
  drtbads.cc
  코드를 생성하고 있습니다...
  컴파일하고 있습니다...
  drtbas.cc
  drtbcps.cc
  drtbl1.cc
  drtbl2.cc
  drtbldls.cc
  drtbldps.cc
  drtblds1.cc
  drtblds2.cc
  drtbldts.cc
  drtbrcss.cc
  drtbrdrs.cc
  drtbrs.cc
  drtbs.cc
  drtbss.cc
  drtbvcps.cc
  drtcbars.cc
  drtccs.cc
  drtcctus.cc
  drtcdrs.cc
  drtces.cc
  코드를 생성하고 있습니다...
  컴파일하고 있습니다...
  drtcgis.cc
  drtchs.cc
  drtcims.cc
  drtcis.cc
  drtcncs.cc
  drtcos.cc
  drtcpas.cc
  drtcpis.cc
  drtcps.cc
  drtcsas.cc
  drtcs.cc
  drtcshs.cc
  drtcsis.cc
  drtcsrs.cc
  drtcss.cc
  drtcttcs.cc
  drtcvcss.cc
  drtcvdas.cc
  drtcvis.cc
  drtdccs.cc
  코드를 생성하고 있습니다...
  컴파일하고 있습니다...
  drtdcs.cc
  drtdcvs.cc
  drtdddps.cc
  drtddps.cc
  drtdfss.cc
  drtdias.cc
  drtdimcs.cc
  drtdimrs.cc
  drtdirs.cc
  drtdose.cc
  drtdrs.cc
  drtds.cc
  drtdspcs.cc
  drtdss.cc
  drtdtcs.cc
  drtdvhs.cc
  drtdvrrs.cc
  drteas.cc
  drteblds.cc
  drteblos.cc
  코드를 생성하고 있습니다...
  컴파일하고 있습니다...
  drtecs.cc
  drtecvis.cc
  drtecvs.cc
  drtes.cc
  drtfbdds.cc
  drtfds.cc
  drtfes.cc
  drtfgs.cc
  drtfgss.cc
  drtfms.cc
  drtfsss.cc
  drtgas1.cc
  drtgas2.cc
  drtgas3.cc
  drtgas4.cc
  drtgas5.cc
  drtgas6.cc
  drtgmcs.cc
  drtgms.cc
  drtgpis.cc
  코드를 생성하고 있습니다...
  컴파일하고 있습니다...
  drthsdrs.cc
  drtiais.cc
  drtians.cc
  drtiblds.cc
  drtibls.cc
  drtibs.cc
  drticpds.cc
  drticps.cc
  drtics.cc
  drtidcs.cc
  drtiis.cc
  drtimage.cc
  drtionpl.cc
  drtiontr.cc
  drtipiqs.cc
  drtircs.cc
  drtiseis.cc
  drtitts.cc
  drtiwps.cc
  drtiws.cc
  코드를 생성하고 있습니다...
  컴파일하고 있습니다...
  drtlsds1.cc
  drtlsds2.cc
  drtlsds.cc
  drtmacds.cc
  drtmas.cc
  drtmdrs.cc
  drtmls.cc
  drtmps.cc
  drtmris.cc
  drtmss.cc
  drtmttcs.cc
  drtmucs.cc
  drtnmas.cc
  drtoas.cc
  drtois.cc
  drtopis.cc
  drtos.cc
  drtosirs.cc
  drtpasms.cc
  drtpass.cc
  코드를 생성하고 있습니다...
  컴파일하고 있습니다...
  drtpbcs.cc
  drtpbdds.cc
  drtpbdos.cc
  drtpcs.cc
  drtpcxs.cc
  drtpdecs.cc
  drtpdeds.cc
  drtpfms.cc
  drtpics.cc
  drtplan.cc
  drtplos.cc
  drtporcs.cc
  drtporis.cc
  drtppcs.cc
  drtpros.cc
  drtprsis.cc
  drtpscs.cc
  drtpsics.cc
  drtpss.cc
  drtpsss.cc
  코드를 생성하고 있습니다...
  컴파일하고 있습니다...
  drtpvis.cc
  drtqds.cc
  drtras.cc
  drtrbas1.cc
  drtrbas2.cc
  drtrbdgs.cc
  drtrbls.cc
  drtrbos1.cc
  drtrbos2.cc
  drtrbos3.cc
  drtrbs1.cc
  drtrbs2.cc
  drtrbs3.cc
  drtrbss.cc
  drtrcdrs.cc
  drtrcos.cc
  drtrcps.cc
  drtrcs.cc
  drtrdais.cc
  drtrdcks.cc
  코드를 생성하고 있습니다...
  컴파일하고 있습니다...
  drtrdps.cc
  drtrdrs1.cc
  drtrdrs2.cc
  drtrdrs3.cc
  drtrds.cc
  drtrdsis.cc
  drtrecs.cc
  drtrfgs.cc
  drtrfors.cc
  drtrics.cc
  drtrims.cc
  drtris.cc
  drtrlsds.cc
  drtrmdrs.cc
  drtrms.cc
  drtrmss1.cc
  drtrmss2.cc
  drtrpcs.cc
  drtrpis.cc
  drtrppcs.cc
  코드를 생성하고 있습니다...
  컴파일하고 있습니다...
  drtrpphs.cc
  drtrpprs.cc
  drtrpps.cc
  drtrppss.cc
  drtrps.cc
  drtrris1.cc
  drtrris2.cc
  drtrris3.cc
  drtrrms.cc
  drtrros.cc
  drtrrpcs.cc
  drtrrros.cc
  drtrrs.cc
  drtrrshs.cc
  drtrscs.cc
  drtrsers.cc
  drtrses.cc
  drtrshs1.cc
  drtrshs2.cc
  drtrshs.cc
  코드를 생성하고 있습니다...
  컴파일하고 있습니다...
  drtrsis.cc
  drtrsns.cc
  drtrsos.cc
  drtrsrs.cc
  drtrss.cc
  drtrsss.cc
  drtrsts.cc
  drtrtps1.cc
  drtrtps2.cc
  drtrtps3.cc
  drtrtps4.cc
  drtrtrs1.cc
  drtrtrs2.cc
  drtrvcs.cc
  drtrvis.cc
  drtrws.cc
  drtrwvms.cc
  drtscris.cc
  drtscs.cc
  drtscvs.cc
  코드를 생성하고 있습니다...
  컴파일하고 있습니다...
  drtsdcs.cc
  drtsds.cc
  drtshds.cc
  drtsins.cc
  drtsis.cc
  drtsns.cc
  drtspccs.cc
  drtspcs.cc
  drtspgis.cc
  drtsppcs.cc
  drtsptcs.cc
  drtss.cc
  drtssrcs.cc
  drtssrs.cc
  drtsss.cc
  drtstrct.cc
  drttms1.cc
  drttms2.cc
  drttrccs.cc
  drttreat.cc
  코드를 생성하고 있습니다...
  컴파일하고 있습니다...
  drttrtcs.cc
  drttscds.cc
  drttscs.cc
  drttsibs.cc
  drttsmds.cc
  drtttrcs.cc
  drttts.cc
  drttypes.cc
  drtudis.cc
  drtvls.cc
  drtwps.cc
  drtwrs.cc
  drtwrsrs.cc
  drtws.cc
  drtxrs.cc
  코드를 생성하고 있습니다...
     D:/cybermed/daddy/dependency/dcmtk-DCMTK-3.6.8/build_msvc/lib/Release/dcmrt.lib 라이브러리 및 D:/cybermed/daddy/dependency/dcmtk-DCMTK-3.6.8/build_msvc/lib/Release/dcmrt.exp 개체를 생성하고 있습니다.
  dcmrt.vcxproj -> D:\cybermed\daddy\dependency\dcmtk-DCMTK-3.6.8\build_msvc\bin\Release\dcmrt.dll
