d:\cybermed\daddy\dependency\dcmtk-dcmtk-3.6.8\build_msvc\dcmrt\libsrc\dcmrt.dir\release\drtbads.obj
d:\cybermed\daddy\dependency\dcmtk-dcmtk-3.6.8\build_msvc\dcmrt\libsrc\dcmrt.dir\release\drtass.obj
d:\cybermed\daddy\dependency\dcmtk-dcmtk-3.6.8\build_msvc\dcmrt\libsrc\dcmrt.dir\release\drtas4.obj
d:\cybermed\daddy\dependency\dcmtk-dcmtk-3.6.8\build_msvc\dcmrt\libsrc\dcmrt.dir\release\drtas3.obj
d:\cybermed\daddy\dependency\dcmtk-dcmtk-3.6.8\build_msvc\dcmrt\libsrc\dcmrt.dir\release\drtas2.obj
d:\cybermed\daddy\dependency\dcmtk-dcmtk-3.6.8\build_msvc\dcmrt\libsrc\dcmrt.dir\release\drtas1.obj
d:\cybermed\daddy\dependency\dcmtk-dcmtk-3.6.8\build_msvc\dcmrt\libsrc\dcmrt.dir\release\drtars.obj
d:\cybermed\daddy\dependency\dcmtk-dcmtk-3.6.8\build_msvc\dcmrt\libsrc\dcmrt.dir\release\drtarms.obj
d:\cybermed\daddy\dependency\dcmtk-dcmtk-3.6.8\build_msvc\dcmrt\libsrc\dcmrt.dir\release\drtancs.obj
d:\cybermed\daddy\dependency\dcmtk-dcmtk-3.6.8\build_msvc\dcmrt\libsrc\dcmrt.dir\release\drtajcs.obj
d:\cybermed\daddy\dependency\dcmtk-dcmtk-3.6.8\build_msvc\dcmrt\libsrc\dcmrt.dir\release\drtags.obj
d:\cybermed\daddy\dependency\dcmtk-dcmtk-3.6.8\build_msvc\dcmrt\libsrc\dcmrt.dir\release\drtafs.obj
d:\cybermed\daddy\dependency\dcmtk-dcmtk-3.6.8\build_msvc\dcmrt\libsrc\dcmrt.dir\release\drtafcs.obj
d:\cybermed\daddy\dependency\dcmtk-dcmtk-3.6.8\build_msvc\dcmrt\libsrc\dcmrt.dir\release\drtads.obj
d:\cybermed\daddy\dependency\dcmtk-dcmtk-3.6.8\build_msvc\dcmrt\libsrc\dcmrt.dir\release\drtadcs.obj
d:\cybermed\daddy\dependency\dcmtk-dcmtk-3.6.8\build_msvc\dcmrt\libsrc\dcmrt.dir\release\drtaadcs.obj
d:\cybermed\daddy\dependency\dcmtk-dcmtk-3.6.8\build_msvc\dcmrt\libsrc\dcmrt.dir\release\drmstrct.obj
d:\cybermed\daddy\dependency\dcmtk-dcmtk-3.6.8\build_msvc\dcmrt\libsrc\dcmrt.dir\release\drmplan.obj
d:\cybermed\daddy\dependency\dcmtk-dcmtk-3.6.8\build_msvc\dcmrt\libsrc\dcmrt.dir\release\drmimage.obj
d:\cybermed\daddy\dependency\dcmtk-dcmtk-3.6.8\build_msvc\dcmrt\libsrc\dcmrt.dir\release\drmdose.obj
d:\cybermed\daddy\dependency\dcmtk-dcmtk-3.6.8\build_msvc\dcmrt\libsrc\dcmrt.dir\release\drtces.obj
d:\cybermed\daddy\dependency\dcmtk-dcmtk-3.6.8\build_msvc\dcmrt\libsrc\dcmrt.dir\release\drtcdrs.obj
d:\cybermed\daddy\dependency\dcmtk-dcmtk-3.6.8\build_msvc\dcmrt\libsrc\dcmrt.dir\release\drtcctus.obj
d:\cybermed\daddy\dependency\dcmtk-dcmtk-3.6.8\build_msvc\dcmrt\libsrc\dcmrt.dir\release\drtccs.obj
d:\cybermed\daddy\dependency\dcmtk-dcmtk-3.6.8\build_msvc\dcmrt\libsrc\dcmrt.dir\release\drtcbars.obj
d:\cybermed\daddy\dependency\dcmtk-dcmtk-3.6.8\build_msvc\dcmrt\libsrc\dcmrt.dir\release\drtbvcps.obj
d:\cybermed\daddy\dependency\dcmtk-dcmtk-3.6.8\build_msvc\dcmrt\libsrc\dcmrt.dir\release\drtbss.obj
d:\cybermed\daddy\dependency\dcmtk-dcmtk-3.6.8\build_msvc\dcmrt\libsrc\dcmrt.dir\release\drtbs.obj
d:\cybermed\daddy\dependency\dcmtk-dcmtk-3.6.8\build_msvc\dcmrt\libsrc\dcmrt.dir\release\drtbrs.obj
d:\cybermed\daddy\dependency\dcmtk-dcmtk-3.6.8\build_msvc\dcmrt\libsrc\dcmrt.dir\release\drtbrdrs.obj
d:\cybermed\daddy\dependency\dcmtk-dcmtk-3.6.8\build_msvc\dcmrt\libsrc\dcmrt.dir\release\drtbrcss.obj
d:\cybermed\daddy\dependency\dcmtk-dcmtk-3.6.8\build_msvc\dcmrt\libsrc\dcmrt.dir\release\drtbldts.obj
d:\cybermed\daddy\dependency\dcmtk-dcmtk-3.6.8\build_msvc\dcmrt\libsrc\dcmrt.dir\release\drtblds2.obj
d:\cybermed\daddy\dependency\dcmtk-dcmtk-3.6.8\build_msvc\dcmrt\libsrc\dcmrt.dir\release\drtblds1.obj
d:\cybermed\daddy\dependency\dcmtk-dcmtk-3.6.8\build_msvc\dcmrt\libsrc\dcmrt.dir\release\drtbldps.obj
d:\cybermed\daddy\dependency\dcmtk-dcmtk-3.6.8\build_msvc\dcmrt\libsrc\dcmrt.dir\release\drtbldls.obj
d:\cybermed\daddy\dependency\dcmtk-dcmtk-3.6.8\build_msvc\dcmrt\libsrc\dcmrt.dir\release\drtbl2.obj
d:\cybermed\daddy\dependency\dcmtk-dcmtk-3.6.8\build_msvc\dcmrt\libsrc\dcmrt.dir\release\drtbl1.obj
d:\cybermed\daddy\dependency\dcmtk-dcmtk-3.6.8\build_msvc\dcmrt\libsrc\dcmrt.dir\release\drtbcps.obj
d:\cybermed\daddy\dependency\dcmtk-dcmtk-3.6.8\build_msvc\dcmrt\libsrc\dcmrt.dir\release\drtbas.obj
d:\cybermed\daddy\dependency\dcmtk-dcmtk-3.6.8\build_msvc\dcmrt\libsrc\dcmrt.dir\release\drtdccs.obj
d:\cybermed\daddy\dependency\dcmtk-dcmtk-3.6.8\build_msvc\dcmrt\libsrc\dcmrt.dir\release\drtcvis.obj
d:\cybermed\daddy\dependency\dcmtk-dcmtk-3.6.8\build_msvc\dcmrt\libsrc\dcmrt.dir\release\drtcvdas.obj
d:\cybermed\daddy\dependency\dcmtk-dcmtk-3.6.8\build_msvc\dcmrt\libsrc\dcmrt.dir\release\drtcvcss.obj
d:\cybermed\daddy\dependency\dcmtk-dcmtk-3.6.8\build_msvc\dcmrt\libsrc\dcmrt.dir\release\drtcttcs.obj
d:\cybermed\daddy\dependency\dcmtk-dcmtk-3.6.8\build_msvc\dcmrt\libsrc\dcmrt.dir\release\drtcss.obj
d:\cybermed\daddy\dependency\dcmtk-dcmtk-3.6.8\build_msvc\dcmrt\libsrc\dcmrt.dir\release\drtcsrs.obj
d:\cybermed\daddy\dependency\dcmtk-dcmtk-3.6.8\build_msvc\dcmrt\libsrc\dcmrt.dir\release\drtcsis.obj
d:\cybermed\daddy\dependency\dcmtk-dcmtk-3.6.8\build_msvc\dcmrt\libsrc\dcmrt.dir\release\drtcshs.obj
d:\cybermed\daddy\dependency\dcmtk-dcmtk-3.6.8\build_msvc\dcmrt\libsrc\dcmrt.dir\release\drtcsas.obj
d:\cybermed\daddy\dependency\dcmtk-dcmtk-3.6.8\build_msvc\dcmrt\libsrc\dcmrt.dir\release\drtcs.obj
d:\cybermed\daddy\dependency\dcmtk-dcmtk-3.6.8\build_msvc\dcmrt\libsrc\dcmrt.dir\release\drtcps.obj
d:\cybermed\daddy\dependency\dcmtk-dcmtk-3.6.8\build_msvc\dcmrt\libsrc\dcmrt.dir\release\drtcpis.obj
d:\cybermed\daddy\dependency\dcmtk-dcmtk-3.6.8\build_msvc\dcmrt\libsrc\dcmrt.dir\release\drtcpas.obj
d:\cybermed\daddy\dependency\dcmtk-dcmtk-3.6.8\build_msvc\dcmrt\libsrc\dcmrt.dir\release\drtcos.obj
d:\cybermed\daddy\dependency\dcmtk-dcmtk-3.6.8\build_msvc\dcmrt\libsrc\dcmrt.dir\release\drtcncs.obj
d:\cybermed\daddy\dependency\dcmtk-dcmtk-3.6.8\build_msvc\dcmrt\libsrc\dcmrt.dir\release\drtcis.obj
d:\cybermed\daddy\dependency\dcmtk-dcmtk-3.6.8\build_msvc\dcmrt\libsrc\dcmrt.dir\release\drtcims.obj
d:\cybermed\daddy\dependency\dcmtk-dcmtk-3.6.8\build_msvc\dcmrt\libsrc\dcmrt.dir\release\drtchs.obj
d:\cybermed\daddy\dependency\dcmtk-dcmtk-3.6.8\build_msvc\dcmrt\libsrc\dcmrt.dir\release\drtcgis.obj
d:\cybermed\daddy\dependency\dcmtk-dcmtk-3.6.8\build_msvc\dcmrt\libsrc\dcmrt.dir\release\drteblos.obj
d:\cybermed\daddy\dependency\dcmtk-dcmtk-3.6.8\build_msvc\dcmrt\libsrc\dcmrt.dir\release\drteblds.obj
d:\cybermed\daddy\dependency\dcmtk-dcmtk-3.6.8\build_msvc\dcmrt\libsrc\dcmrt.dir\release\drteas.obj
d:\cybermed\daddy\dependency\dcmtk-dcmtk-3.6.8\build_msvc\dcmrt\libsrc\dcmrt.dir\release\drtdvrrs.obj
d:\cybermed\daddy\dependency\dcmtk-dcmtk-3.6.8\build_msvc\dcmrt\libsrc\dcmrt.dir\release\drtdvhs.obj
d:\cybermed\daddy\dependency\dcmtk-dcmtk-3.6.8\build_msvc\dcmrt\libsrc\dcmrt.dir\release\drtdtcs.obj
d:\cybermed\daddy\dependency\dcmtk-dcmtk-3.6.8\build_msvc\dcmrt\libsrc\dcmrt.dir\release\drtdss.obj
d:\cybermed\daddy\dependency\dcmtk-dcmtk-3.6.8\build_msvc\dcmrt\libsrc\dcmrt.dir\release\drtdspcs.obj
d:\cybermed\daddy\dependency\dcmtk-dcmtk-3.6.8\build_msvc\dcmrt\libsrc\dcmrt.dir\release\drtds.obj
d:\cybermed\daddy\dependency\dcmtk-dcmtk-3.6.8\build_msvc\dcmrt\libsrc\dcmrt.dir\release\drtdrs.obj
d:\cybermed\daddy\dependency\dcmtk-dcmtk-3.6.8\build_msvc\dcmrt\libsrc\dcmrt.dir\release\drtdose.obj
d:\cybermed\daddy\dependency\dcmtk-dcmtk-3.6.8\build_msvc\dcmrt\libsrc\dcmrt.dir\release\drtdirs.obj
d:\cybermed\daddy\dependency\dcmtk-dcmtk-3.6.8\build_msvc\dcmrt\libsrc\dcmrt.dir\release\drtdimrs.obj
d:\cybermed\daddy\dependency\dcmtk-dcmtk-3.6.8\build_msvc\dcmrt\libsrc\dcmrt.dir\release\drtdimcs.obj
d:\cybermed\daddy\dependency\dcmtk-dcmtk-3.6.8\build_msvc\dcmrt\libsrc\dcmrt.dir\release\drtdias.obj
d:\cybermed\daddy\dependency\dcmtk-dcmtk-3.6.8\build_msvc\dcmrt\libsrc\dcmrt.dir\release\drtdfss.obj
d:\cybermed\daddy\dependency\dcmtk-dcmtk-3.6.8\build_msvc\dcmrt\libsrc\dcmrt.dir\release\drtddps.obj
d:\cybermed\daddy\dependency\dcmtk-dcmtk-3.6.8\build_msvc\dcmrt\libsrc\dcmrt.dir\release\drtdddps.obj
d:\cybermed\daddy\dependency\dcmtk-dcmtk-3.6.8\build_msvc\dcmrt\libsrc\dcmrt.dir\release\drtdcvs.obj
d:\cybermed\daddy\dependency\dcmtk-dcmtk-3.6.8\build_msvc\dcmrt\libsrc\dcmrt.dir\release\drtdcs.obj
d:\cybermed\daddy\dependency\dcmtk-dcmtk-3.6.8\build_msvc\dcmrt\libsrc\dcmrt.dir\release\drtgpis.obj
d:\cybermed\daddy\dependency\dcmtk-dcmtk-3.6.8\build_msvc\dcmrt\libsrc\dcmrt.dir\release\drtgms.obj
d:\cybermed\daddy\dependency\dcmtk-dcmtk-3.6.8\build_msvc\dcmrt\libsrc\dcmrt.dir\release\drtgmcs.obj
d:\cybermed\daddy\dependency\dcmtk-dcmtk-3.6.8\build_msvc\dcmrt\libsrc\dcmrt.dir\release\drtgas6.obj
d:\cybermed\daddy\dependency\dcmtk-dcmtk-3.6.8\build_msvc\dcmrt\libsrc\dcmrt.dir\release\drtgas5.obj
d:\cybermed\daddy\dependency\dcmtk-dcmtk-3.6.8\build_msvc\dcmrt\libsrc\dcmrt.dir\release\drtgas4.obj
d:\cybermed\daddy\dependency\dcmtk-dcmtk-3.6.8\build_msvc\dcmrt\libsrc\dcmrt.dir\release\drtgas3.obj
d:\cybermed\daddy\dependency\dcmtk-dcmtk-3.6.8\build_msvc\dcmrt\libsrc\dcmrt.dir\release\drtgas2.obj
d:\cybermed\daddy\dependency\dcmtk-dcmtk-3.6.8\build_msvc\dcmrt\libsrc\dcmrt.dir\release\drtgas1.obj
d:\cybermed\daddy\dependency\dcmtk-dcmtk-3.6.8\build_msvc\dcmrt\libsrc\dcmrt.dir\release\drtfsss.obj
d:\cybermed\daddy\dependency\dcmtk-dcmtk-3.6.8\build_msvc\dcmrt\libsrc\dcmrt.dir\release\drtfms.obj
d:\cybermed\daddy\dependency\dcmtk-dcmtk-3.6.8\build_msvc\dcmrt\libsrc\dcmrt.dir\release\drtfgss.obj
d:\cybermed\daddy\dependency\dcmtk-dcmtk-3.6.8\build_msvc\dcmrt\libsrc\dcmrt.dir\release\drtfgs.obj
d:\cybermed\daddy\dependency\dcmtk-dcmtk-3.6.8\build_msvc\dcmrt\libsrc\dcmrt.dir\release\drtfes.obj
d:\cybermed\daddy\dependency\dcmtk-dcmtk-3.6.8\build_msvc\dcmrt\libsrc\dcmrt.dir\release\drtfds.obj
d:\cybermed\daddy\dependency\dcmtk-dcmtk-3.6.8\build_msvc\dcmrt\libsrc\dcmrt.dir\release\drtfbdds.obj
d:\cybermed\daddy\dependency\dcmtk-dcmtk-3.6.8\build_msvc\dcmrt\libsrc\dcmrt.dir\release\drtes.obj
d:\cybermed\daddy\dependency\dcmtk-dcmtk-3.6.8\build_msvc\dcmrt\libsrc\dcmrt.dir\release\drtecvs.obj
d:\cybermed\daddy\dependency\dcmtk-dcmtk-3.6.8\build_msvc\dcmrt\libsrc\dcmrt.dir\release\drtecvis.obj
d:\cybermed\daddy\dependency\dcmtk-dcmtk-3.6.8\build_msvc\dcmrt\libsrc\dcmrt.dir\release\drtecs.obj
d:\cybermed\daddy\dependency\dcmtk-dcmtk-3.6.8\build_msvc\dcmrt\libsrc\dcmrt.dir\release\drtiws.obj
d:\cybermed\daddy\dependency\dcmtk-dcmtk-3.6.8\build_msvc\dcmrt\libsrc\dcmrt.dir\release\drtiwps.obj
d:\cybermed\daddy\dependency\dcmtk-dcmtk-3.6.8\build_msvc\dcmrt\libsrc\dcmrt.dir\release\drtitts.obj
d:\cybermed\daddy\dependency\dcmtk-dcmtk-3.6.8\build_msvc\dcmrt\libsrc\dcmrt.dir\release\drtiseis.obj
d:\cybermed\daddy\dependency\dcmtk-dcmtk-3.6.8\build_msvc\dcmrt\libsrc\dcmrt.dir\release\drtircs.obj
d:\cybermed\daddy\dependency\dcmtk-dcmtk-3.6.8\build_msvc\dcmrt\libsrc\dcmrt.dir\release\drtipiqs.obj
d:\cybermed\daddy\dependency\dcmtk-dcmtk-3.6.8\build_msvc\dcmrt\libsrc\dcmrt.dir\release\drtiontr.obj
d:\cybermed\daddy\dependency\dcmtk-dcmtk-3.6.8\build_msvc\dcmrt\libsrc\dcmrt.dir\release\drtionpl.obj
d:\cybermed\daddy\dependency\dcmtk-dcmtk-3.6.8\build_msvc\dcmrt\libsrc\dcmrt.dir\release\drtimage.obj
d:\cybermed\daddy\dependency\dcmtk-dcmtk-3.6.8\build_msvc\dcmrt\libsrc\dcmrt.dir\release\drtiis.obj
d:\cybermed\daddy\dependency\dcmtk-dcmtk-3.6.8\build_msvc\dcmrt\libsrc\dcmrt.dir\release\drtidcs.obj
d:\cybermed\daddy\dependency\dcmtk-dcmtk-3.6.8\build_msvc\dcmrt\libsrc\dcmrt.dir\release\drtics.obj
d:\cybermed\daddy\dependency\dcmtk-dcmtk-3.6.8\build_msvc\dcmrt\libsrc\dcmrt.dir\release\drticps.obj
d:\cybermed\daddy\dependency\dcmtk-dcmtk-3.6.8\build_msvc\dcmrt\libsrc\dcmrt.dir\release\drticpds.obj
d:\cybermed\daddy\dependency\dcmtk-dcmtk-3.6.8\build_msvc\dcmrt\libsrc\dcmrt.dir\release\drtibs.obj
d:\cybermed\daddy\dependency\dcmtk-dcmtk-3.6.8\build_msvc\dcmrt\libsrc\dcmrt.dir\release\drtibls.obj
d:\cybermed\daddy\dependency\dcmtk-dcmtk-3.6.8\build_msvc\dcmrt\libsrc\dcmrt.dir\release\drtiblds.obj
d:\cybermed\daddy\dependency\dcmtk-dcmtk-3.6.8\build_msvc\dcmrt\libsrc\dcmrt.dir\release\drtians.obj
d:\cybermed\daddy\dependency\dcmtk-dcmtk-3.6.8\build_msvc\dcmrt\libsrc\dcmrt.dir\release\drtiais.obj
d:\cybermed\daddy\dependency\dcmtk-dcmtk-3.6.8\build_msvc\dcmrt\libsrc\dcmrt.dir\release\drthsdrs.obj
d:\cybermed\daddy\dependency\dcmtk-dcmtk-3.6.8\build_msvc\dcmrt\libsrc\dcmrt.dir\release\drtpass.obj
d:\cybermed\daddy\dependency\dcmtk-dcmtk-3.6.8\build_msvc\dcmrt\libsrc\dcmrt.dir\release\drtpasms.obj
d:\cybermed\daddy\dependency\dcmtk-dcmtk-3.6.8\build_msvc\dcmrt\libsrc\dcmrt.dir\release\drtosirs.obj
d:\cybermed\daddy\dependency\dcmtk-dcmtk-3.6.8\build_msvc\dcmrt\libsrc\dcmrt.dir\release\drtos.obj
d:\cybermed\daddy\dependency\dcmtk-dcmtk-3.6.8\build_msvc\dcmrt\libsrc\dcmrt.dir\release\drtopis.obj
d:\cybermed\daddy\dependency\dcmtk-dcmtk-3.6.8\build_msvc\dcmrt\libsrc\dcmrt.dir\release\drtois.obj
d:\cybermed\daddy\dependency\dcmtk-dcmtk-3.6.8\build_msvc\dcmrt\libsrc\dcmrt.dir\release\drtoas.obj
d:\cybermed\daddy\dependency\dcmtk-dcmtk-3.6.8\build_msvc\dcmrt\libsrc\dcmrt.dir\release\drtnmas.obj
d:\cybermed\daddy\dependency\dcmtk-dcmtk-3.6.8\build_msvc\dcmrt\libsrc\dcmrt.dir\release\drtmucs.obj
d:\cybermed\daddy\dependency\dcmtk-dcmtk-3.6.8\build_msvc\dcmrt\libsrc\dcmrt.dir\release\drtmttcs.obj
d:\cybermed\daddy\dependency\dcmtk-dcmtk-3.6.8\build_msvc\dcmrt\libsrc\dcmrt.dir\release\drtmss.obj
d:\cybermed\daddy\dependency\dcmtk-dcmtk-3.6.8\build_msvc\dcmrt\libsrc\dcmrt.dir\release\drtmris.obj
d:\cybermed\daddy\dependency\dcmtk-dcmtk-3.6.8\build_msvc\dcmrt\libsrc\dcmrt.dir\release\drtmps.obj
d:\cybermed\daddy\dependency\dcmtk-dcmtk-3.6.8\build_msvc\dcmrt\libsrc\dcmrt.dir\release\drtmls.obj
d:\cybermed\daddy\dependency\dcmtk-dcmtk-3.6.8\build_msvc\dcmrt\libsrc\dcmrt.dir\release\drtmdrs.obj
d:\cybermed\daddy\dependency\dcmtk-dcmtk-3.6.8\build_msvc\dcmrt\libsrc\dcmrt.dir\release\drtmas.obj
d:\cybermed\daddy\dependency\dcmtk-dcmtk-3.6.8\build_msvc\dcmrt\libsrc\dcmrt.dir\release\drtmacds.obj
d:\cybermed\daddy\dependency\dcmtk-dcmtk-3.6.8\build_msvc\dcmrt\libsrc\dcmrt.dir\release\drtlsds2.obj
d:\cybermed\daddy\dependency\dcmtk-dcmtk-3.6.8\build_msvc\dcmrt\libsrc\dcmrt.dir\release\drtlsds1.obj
d:\cybermed\daddy\dependency\dcmtk-dcmtk-3.6.8\build_msvc\dcmrt\libsrc\dcmrt.dir\release\drtlsds.obj
d:\cybermed\daddy\dependency\dcmtk-dcmtk-3.6.8\build_msvc\dcmrt\libsrc\dcmrt.dir\release\drtpsss.obj
d:\cybermed\daddy\dependency\dcmtk-dcmtk-3.6.8\build_msvc\dcmrt\libsrc\dcmrt.dir\release\drtpss.obj
d:\cybermed\daddy\dependency\dcmtk-dcmtk-3.6.8\build_msvc\dcmrt\libsrc\dcmrt.dir\release\drtpsics.obj
d:\cybermed\daddy\dependency\dcmtk-dcmtk-3.6.8\build_msvc\dcmrt\libsrc\dcmrt.dir\release\drtpscs.obj
d:\cybermed\daddy\dependency\dcmtk-dcmtk-3.6.8\build_msvc\dcmrt\libsrc\dcmrt.dir\release\drtprsis.obj
d:\cybermed\daddy\dependency\dcmtk-dcmtk-3.6.8\build_msvc\dcmrt\libsrc\dcmrt.dir\release\drtpros.obj
d:\cybermed\daddy\dependency\dcmtk-dcmtk-3.6.8\build_msvc\dcmrt\libsrc\dcmrt.dir\release\drtppcs.obj
d:\cybermed\daddy\dependency\dcmtk-dcmtk-3.6.8\build_msvc\dcmrt\libsrc\dcmrt.dir\release\drtporis.obj
d:\cybermed\daddy\dependency\dcmtk-dcmtk-3.6.8\build_msvc\dcmrt\libsrc\dcmrt.dir\release\drtporcs.obj
d:\cybermed\daddy\dependency\dcmtk-dcmtk-3.6.8\build_msvc\dcmrt\libsrc\dcmrt.dir\release\drtplos.obj
d:\cybermed\daddy\dependency\dcmtk-dcmtk-3.6.8\build_msvc\dcmrt\libsrc\dcmrt.dir\release\drtplan.obj
d:\cybermed\daddy\dependency\dcmtk-dcmtk-3.6.8\build_msvc\dcmrt\libsrc\dcmrt.dir\release\drtpics.obj
d:\cybermed\daddy\dependency\dcmtk-dcmtk-3.6.8\build_msvc\dcmrt\libsrc\dcmrt.dir\release\drtpfms.obj
d:\cybermed\daddy\dependency\dcmtk-dcmtk-3.6.8\build_msvc\dcmrt\libsrc\dcmrt.dir\release\drtpdeds.obj
d:\cybermed\daddy\dependency\dcmtk-dcmtk-3.6.8\build_msvc\dcmrt\libsrc\dcmrt.dir\release\drtpdecs.obj
d:\cybermed\daddy\dependency\dcmtk-dcmtk-3.6.8\build_msvc\dcmrt\libsrc\dcmrt.dir\release\drtpcxs.obj
d:\cybermed\daddy\dependency\dcmtk-dcmtk-3.6.8\build_msvc\dcmrt\libsrc\dcmrt.dir\release\drtpcs.obj
d:\cybermed\daddy\dependency\dcmtk-dcmtk-3.6.8\build_msvc\dcmrt\libsrc\dcmrt.dir\release\drtpbdos.obj
d:\cybermed\daddy\dependency\dcmtk-dcmtk-3.6.8\build_msvc\dcmrt\libsrc\dcmrt.dir\release\drtpbdds.obj
d:\cybermed\daddy\dependency\dcmtk-dcmtk-3.6.8\build_msvc\dcmrt\libsrc\dcmrt.dir\release\drtpbcs.obj
d:\cybermed\daddy\dependency\dcmtk-dcmtk-3.6.8\build_msvc\dcmrt\libsrc\dcmrt.dir\release\drtrdcks.obj
d:\cybermed\daddy\dependency\dcmtk-dcmtk-3.6.8\build_msvc\dcmrt\libsrc\dcmrt.dir\release\drtrdais.obj
d:\cybermed\daddy\dependency\dcmtk-dcmtk-3.6.8\build_msvc\dcmrt\libsrc\dcmrt.dir\release\drtrcs.obj
d:\cybermed\daddy\dependency\dcmtk-dcmtk-3.6.8\build_msvc\dcmrt\libsrc\dcmrt.dir\release\drtrcps.obj
d:\cybermed\daddy\dependency\dcmtk-dcmtk-3.6.8\build_msvc\dcmrt\libsrc\dcmrt.dir\release\drtrcos.obj
d:\cybermed\daddy\dependency\dcmtk-dcmtk-3.6.8\build_msvc\dcmrt\libsrc\dcmrt.dir\release\drtrcdrs.obj
d:\cybermed\daddy\dependency\dcmtk-dcmtk-3.6.8\build_msvc\dcmrt\libsrc\dcmrt.dir\release\drtrbss.obj
d:\cybermed\daddy\dependency\dcmtk-dcmtk-3.6.8\build_msvc\dcmrt\libsrc\dcmrt.dir\release\drtrbs3.obj
d:\cybermed\daddy\dependency\dcmtk-dcmtk-3.6.8\build_msvc\dcmrt\libsrc\dcmrt.dir\release\drtrbs2.obj
d:\cybermed\daddy\dependency\dcmtk-dcmtk-3.6.8\build_msvc\dcmrt\libsrc\dcmrt.dir\release\drtrbs1.obj
d:\cybermed\daddy\dependency\dcmtk-dcmtk-3.6.8\build_msvc\dcmrt\libsrc\dcmrt.dir\release\drtrbos3.obj
d:\cybermed\daddy\dependency\dcmtk-dcmtk-3.6.8\build_msvc\dcmrt\libsrc\dcmrt.dir\release\drtrbos2.obj
d:\cybermed\daddy\dependency\dcmtk-dcmtk-3.6.8\build_msvc\dcmrt\libsrc\dcmrt.dir\release\drtrbos1.obj
d:\cybermed\daddy\dependency\dcmtk-dcmtk-3.6.8\build_msvc\dcmrt\libsrc\dcmrt.dir\release\drtrbls.obj
d:\cybermed\daddy\dependency\dcmtk-dcmtk-3.6.8\build_msvc\dcmrt\libsrc\dcmrt.dir\release\drtrbdgs.obj
d:\cybermed\daddy\dependency\dcmtk-dcmtk-3.6.8\build_msvc\dcmrt\libsrc\dcmrt.dir\release\drtrbas2.obj
d:\cybermed\daddy\dependency\dcmtk-dcmtk-3.6.8\build_msvc\dcmrt\libsrc\dcmrt.dir\release\drtrbas1.obj
d:\cybermed\daddy\dependency\dcmtk-dcmtk-3.6.8\build_msvc\dcmrt\libsrc\dcmrt.dir\release\drtras.obj
d:\cybermed\daddy\dependency\dcmtk-dcmtk-3.6.8\build_msvc\dcmrt\libsrc\dcmrt.dir\release\drtqds.obj
d:\cybermed\daddy\dependency\dcmtk-dcmtk-3.6.8\build_msvc\dcmrt\libsrc\dcmrt.dir\release\drtpvis.obj
d:\cybermed\daddy\dependency\dcmtk-dcmtk-3.6.8\build_msvc\dcmrt\libsrc\dcmrt.dir\release\drtrppcs.obj
d:\cybermed\daddy\dependency\dcmtk-dcmtk-3.6.8\build_msvc\dcmrt\libsrc\dcmrt.dir\release\drtrpis.obj
d:\cybermed\daddy\dependency\dcmtk-dcmtk-3.6.8\build_msvc\dcmrt\libsrc\dcmrt.dir\release\drtrpcs.obj
d:\cybermed\daddy\dependency\dcmtk-dcmtk-3.6.8\build_msvc\dcmrt\libsrc\dcmrt.dir\release\drtrmss2.obj
d:\cybermed\daddy\dependency\dcmtk-dcmtk-3.6.8\build_msvc\dcmrt\libsrc\dcmrt.dir\release\drtrmss1.obj
d:\cybermed\daddy\dependency\dcmtk-dcmtk-3.6.8\build_msvc\dcmrt\libsrc\dcmrt.dir\release\drtrms.obj
d:\cybermed\daddy\dependency\dcmtk-dcmtk-3.6.8\build_msvc\dcmrt\libsrc\dcmrt.dir\release\drtrmdrs.obj
d:\cybermed\daddy\dependency\dcmtk-dcmtk-3.6.8\build_msvc\dcmrt\libsrc\dcmrt.dir\release\drtrlsds.obj
d:\cybermed\daddy\dependency\dcmtk-dcmtk-3.6.8\build_msvc\dcmrt\libsrc\dcmrt.dir\release\drtris.obj
d:\cybermed\daddy\dependency\dcmtk-dcmtk-3.6.8\build_msvc\dcmrt\libsrc\dcmrt.dir\release\drtrims.obj
d:\cybermed\daddy\dependency\dcmtk-dcmtk-3.6.8\build_msvc\dcmrt\libsrc\dcmrt.dir\release\drtrics.obj
d:\cybermed\daddy\dependency\dcmtk-dcmtk-3.6.8\build_msvc\dcmrt\libsrc\dcmrt.dir\release\drtrfors.obj
d:\cybermed\daddy\dependency\dcmtk-dcmtk-3.6.8\build_msvc\dcmrt\libsrc\dcmrt.dir\release\drtrfgs.obj
d:\cybermed\daddy\dependency\dcmtk-dcmtk-3.6.8\build_msvc\dcmrt\libsrc\dcmrt.dir\release\drtrecs.obj
d:\cybermed\daddy\dependency\dcmtk-dcmtk-3.6.8\build_msvc\dcmrt\libsrc\dcmrt.dir\release\drtrdsis.obj
d:\cybermed\daddy\dependency\dcmtk-dcmtk-3.6.8\build_msvc\dcmrt\libsrc\dcmrt.dir\release\drtrds.obj
d:\cybermed\daddy\dependency\dcmtk-dcmtk-3.6.8\build_msvc\dcmrt\libsrc\dcmrt.dir\release\drtrdrs3.obj
d:\cybermed\daddy\dependency\dcmtk-dcmtk-3.6.8\build_msvc\dcmrt\libsrc\dcmrt.dir\release\drtrdrs2.obj
d:\cybermed\daddy\dependency\dcmtk-dcmtk-3.6.8\build_msvc\dcmrt\libsrc\dcmrt.dir\release\drtrdrs1.obj
d:\cybermed\daddy\dependency\dcmtk-dcmtk-3.6.8\build_msvc\dcmrt\libsrc\dcmrt.dir\release\drtrdps.obj
d:\cybermed\daddy\dependency\dcmtk-dcmtk-3.6.8\build_msvc\dcmrt\libsrc\dcmrt.dir\release\drtrshs2.obj
d:\cybermed\daddy\dependency\dcmtk-dcmtk-3.6.8\build_msvc\dcmrt\libsrc\dcmrt.dir\release\drtrshs1.obj
d:\cybermed\daddy\dependency\dcmtk-dcmtk-3.6.8\build_msvc\dcmrt\libsrc\dcmrt.dir\release\drtrshs.obj
d:\cybermed\daddy\dependency\dcmtk-dcmtk-3.6.8\build_msvc\dcmrt\libsrc\dcmrt.dir\release\drtrses.obj
d:\cybermed\daddy\dependency\dcmtk-dcmtk-3.6.8\build_msvc\dcmrt\libsrc\dcmrt.dir\release\drtrsers.obj
d:\cybermed\daddy\dependency\dcmtk-dcmtk-3.6.8\build_msvc\dcmrt\libsrc\dcmrt.dir\release\drtrscs.obj
d:\cybermed\daddy\dependency\dcmtk-dcmtk-3.6.8\build_msvc\dcmrt\libsrc\dcmrt.dir\release\drtrrshs.obj
d:\cybermed\daddy\dependency\dcmtk-dcmtk-3.6.8\build_msvc\dcmrt\libsrc\dcmrt.dir\release\drtrrs.obj
d:\cybermed\daddy\dependency\dcmtk-dcmtk-3.6.8\build_msvc\dcmrt\libsrc\dcmrt.dir\release\drtrrros.obj
d:\cybermed\daddy\dependency\dcmtk-dcmtk-3.6.8\build_msvc\dcmrt\libsrc\dcmrt.dir\release\drtrrpcs.obj
d:\cybermed\daddy\dependency\dcmtk-dcmtk-3.6.8\build_msvc\dcmrt\libsrc\dcmrt.dir\release\drtrros.obj
d:\cybermed\daddy\dependency\dcmtk-dcmtk-3.6.8\build_msvc\dcmrt\libsrc\dcmrt.dir\release\drtrrms.obj
d:\cybermed\daddy\dependency\dcmtk-dcmtk-3.6.8\build_msvc\dcmrt\libsrc\dcmrt.dir\release\drtrris3.obj
d:\cybermed\daddy\dependency\dcmtk-dcmtk-3.6.8\build_msvc\dcmrt\libsrc\dcmrt.dir\release\drtrris2.obj
d:\cybermed\daddy\dependency\dcmtk-dcmtk-3.6.8\build_msvc\dcmrt\libsrc\dcmrt.dir\release\drtrris1.obj
d:\cybermed\daddy\dependency\dcmtk-dcmtk-3.6.8\build_msvc\dcmrt\libsrc\dcmrt.dir\release\drtrps.obj
d:\cybermed\daddy\dependency\dcmtk-dcmtk-3.6.8\build_msvc\dcmrt\libsrc\dcmrt.dir\release\drtrppss.obj
d:\cybermed\daddy\dependency\dcmtk-dcmtk-3.6.8\build_msvc\dcmrt\libsrc\dcmrt.dir\release\drtrpps.obj
d:\cybermed\daddy\dependency\dcmtk-dcmtk-3.6.8\build_msvc\dcmrt\libsrc\dcmrt.dir\release\drtrpprs.obj
d:\cybermed\daddy\dependency\dcmtk-dcmtk-3.6.8\build_msvc\dcmrt\libsrc\dcmrt.dir\release\drtrpphs.obj
d:\cybermed\daddy\dependency\dcmtk-dcmtk-3.6.8\build_msvc\dcmrt\libsrc\dcmrt.dir\release\drtscvs.obj
d:\cybermed\daddy\dependency\dcmtk-dcmtk-3.6.8\build_msvc\dcmrt\libsrc\dcmrt.dir\release\drtscs.obj
d:\cybermed\daddy\dependency\dcmtk-dcmtk-3.6.8\build_msvc\dcmrt\libsrc\dcmrt.dir\release\drtscris.obj
d:\cybermed\daddy\dependency\dcmtk-dcmtk-3.6.8\build_msvc\dcmrt\libsrc\dcmrt.dir\release\drtrwvms.obj
d:\cybermed\daddy\dependency\dcmtk-dcmtk-3.6.8\build_msvc\dcmrt\libsrc\dcmrt.dir\release\drtrws.obj
d:\cybermed\daddy\dependency\dcmtk-dcmtk-3.6.8\build_msvc\dcmrt\libsrc\dcmrt.dir\release\drtrvis.obj
d:\cybermed\daddy\dependency\dcmtk-dcmtk-3.6.8\build_msvc\dcmrt\libsrc\dcmrt.dir\release\drtrvcs.obj
d:\cybermed\daddy\dependency\dcmtk-dcmtk-3.6.8\build_msvc\dcmrt\libsrc\dcmrt.dir\release\drtrtrs2.obj
d:\cybermed\daddy\dependency\dcmtk-dcmtk-3.6.8\build_msvc\dcmrt\libsrc\dcmrt.dir\release\drtrtrs1.obj
d:\cybermed\daddy\dependency\dcmtk-dcmtk-3.6.8\build_msvc\dcmrt\libsrc\dcmrt.dir\release\drtrtps4.obj
d:\cybermed\daddy\dependency\dcmtk-dcmtk-3.6.8\build_msvc\dcmrt\libsrc\dcmrt.dir\release\drtrtps3.obj
d:\cybermed\daddy\dependency\dcmtk-dcmtk-3.6.8\build_msvc\dcmrt\libsrc\dcmrt.dir\release\drtrtps2.obj
d:\cybermed\daddy\dependency\dcmtk-dcmtk-3.6.8\build_msvc\dcmrt\libsrc\dcmrt.dir\release\drtrtps1.obj
d:\cybermed\daddy\dependency\dcmtk-dcmtk-3.6.8\build_msvc\dcmrt\libsrc\dcmrt.dir\release\drtrsts.obj
d:\cybermed\daddy\dependency\dcmtk-dcmtk-3.6.8\build_msvc\dcmrt\libsrc\dcmrt.dir\release\drtrsss.obj
d:\cybermed\daddy\dependency\dcmtk-dcmtk-3.6.8\build_msvc\dcmrt\libsrc\dcmrt.dir\release\drtrss.obj
d:\cybermed\daddy\dependency\dcmtk-dcmtk-3.6.8\build_msvc\dcmrt\libsrc\dcmrt.dir\release\drtrsrs.obj
d:\cybermed\daddy\dependency\dcmtk-dcmtk-3.6.8\build_msvc\dcmrt\libsrc\dcmrt.dir\release\drtrsos.obj
d:\cybermed\daddy\dependency\dcmtk-dcmtk-3.6.8\build_msvc\dcmrt\libsrc\dcmrt.dir\release\drtrsns.obj
d:\cybermed\daddy\dependency\dcmtk-dcmtk-3.6.8\build_msvc\dcmrt\libsrc\dcmrt.dir\release\drtrsis.obj
d:\cybermed\daddy\dependency\dcmtk-dcmtk-3.6.8\build_msvc\dcmrt\libsrc\dcmrt.dir\release\drttreat.obj
d:\cybermed\daddy\dependency\dcmtk-dcmtk-3.6.8\build_msvc\dcmrt\libsrc\dcmrt.dir\release\drttrccs.obj
d:\cybermed\daddy\dependency\dcmtk-dcmtk-3.6.8\build_msvc\dcmrt\libsrc\dcmrt.dir\release\drttms2.obj
d:\cybermed\daddy\dependency\dcmtk-dcmtk-3.6.8\build_msvc\dcmrt\libsrc\dcmrt.dir\release\drttms1.obj
d:\cybermed\daddy\dependency\dcmtk-dcmtk-3.6.8\build_msvc\dcmrt\libsrc\dcmrt.dir\release\drtstrct.obj
d:\cybermed\daddy\dependency\dcmtk-dcmtk-3.6.8\build_msvc\dcmrt\libsrc\dcmrt.dir\release\drtsss.obj
d:\cybermed\daddy\dependency\dcmtk-dcmtk-3.6.8\build_msvc\dcmrt\libsrc\dcmrt.dir\release\drtssrs.obj
d:\cybermed\daddy\dependency\dcmtk-dcmtk-3.6.8\build_msvc\dcmrt\libsrc\dcmrt.dir\release\drtssrcs.obj
d:\cybermed\daddy\dependency\dcmtk-dcmtk-3.6.8\build_msvc\dcmrt\libsrc\dcmrt.dir\release\drtss.obj
d:\cybermed\daddy\dependency\dcmtk-dcmtk-3.6.8\build_msvc\dcmrt\libsrc\dcmrt.dir\release\drtsptcs.obj
d:\cybermed\daddy\dependency\dcmtk-dcmtk-3.6.8\build_msvc\dcmrt\libsrc\dcmrt.dir\release\drtsppcs.obj
d:\cybermed\daddy\dependency\dcmtk-dcmtk-3.6.8\build_msvc\dcmrt\libsrc\dcmrt.dir\release\drtspgis.obj
d:\cybermed\daddy\dependency\dcmtk-dcmtk-3.6.8\build_msvc\dcmrt\libsrc\dcmrt.dir\release\drtspcs.obj
d:\cybermed\daddy\dependency\dcmtk-dcmtk-3.6.8\build_msvc\dcmrt\libsrc\dcmrt.dir\release\drtspccs.obj
d:\cybermed\daddy\dependency\dcmtk-dcmtk-3.6.8\build_msvc\dcmrt\libsrc\dcmrt.dir\release\drtsns.obj
d:\cybermed\daddy\dependency\dcmtk-dcmtk-3.6.8\build_msvc\dcmrt\libsrc\dcmrt.dir\release\drtsis.obj
d:\cybermed\daddy\dependency\dcmtk-dcmtk-3.6.8\build_msvc\dcmrt\libsrc\dcmrt.dir\release\drtsins.obj
d:\cybermed\daddy\dependency\dcmtk-dcmtk-3.6.8\build_msvc\dcmrt\libsrc\dcmrt.dir\release\drtshds.obj
d:\cybermed\daddy\dependency\dcmtk-dcmtk-3.6.8\build_msvc\dcmrt\libsrc\dcmrt.dir\release\drtsds.obj
d:\cybermed\daddy\dependency\dcmtk-dcmtk-3.6.8\build_msvc\dcmrt\libsrc\dcmrt.dir\release\drtsdcs.obj
d:\cybermed\daddy\dependency\dcmtk-dcmtk-3.6.8\build_msvc\dcmrt\libsrc\dcmrt.dir\release\drtxrs.obj
d:\cybermed\daddy\dependency\dcmtk-dcmtk-3.6.8\build_msvc\dcmrt\libsrc\dcmrt.dir\release\drtws.obj
d:\cybermed\daddy\dependency\dcmtk-dcmtk-3.6.8\build_msvc\dcmrt\libsrc\dcmrt.dir\release\drtwrsrs.obj
d:\cybermed\daddy\dependency\dcmtk-dcmtk-3.6.8\build_msvc\dcmrt\libsrc\dcmrt.dir\release\drtwrs.obj
d:\cybermed\daddy\dependency\dcmtk-dcmtk-3.6.8\build_msvc\dcmrt\libsrc\dcmrt.dir\release\drtwps.obj
d:\cybermed\daddy\dependency\dcmtk-dcmtk-3.6.8\build_msvc\dcmrt\libsrc\dcmrt.dir\release\drtvls.obj
d:\cybermed\daddy\dependency\dcmtk-dcmtk-3.6.8\build_msvc\dcmrt\libsrc\dcmrt.dir\release\drtudis.obj
d:\cybermed\daddy\dependency\dcmtk-dcmtk-3.6.8\build_msvc\dcmrt\libsrc\dcmrt.dir\release\drttypes.obj
d:\cybermed\daddy\dependency\dcmtk-dcmtk-3.6.8\build_msvc\dcmrt\libsrc\dcmrt.dir\release\drttts.obj
d:\cybermed\daddy\dependency\dcmtk-dcmtk-3.6.8\build_msvc\dcmrt\libsrc\dcmrt.dir\release\drtttrcs.obj
d:\cybermed\daddy\dependency\dcmtk-dcmtk-3.6.8\build_msvc\dcmrt\libsrc\dcmrt.dir\release\drttsmds.obj
d:\cybermed\daddy\dependency\dcmtk-dcmtk-3.6.8\build_msvc\dcmrt\libsrc\dcmrt.dir\release\drttsibs.obj
d:\cybermed\daddy\dependency\dcmtk-dcmtk-3.6.8\build_msvc\dcmrt\libsrc\dcmrt.dir\release\drttscs.obj
d:\cybermed\daddy\dependency\dcmtk-dcmtk-3.6.8\build_msvc\dcmrt\libsrc\dcmrt.dir\release\drttscds.obj
d:\cybermed\daddy\dependency\dcmtk-dcmtk-3.6.8\build_msvc\dcmrt\libsrc\dcmrt.dir\release\drttrtcs.obj
d:\cybermed\daddy\dependency\dcmtk-dcmtk-3.6.8\build_msvc\dcmrt\libsrc\cmakefiles\generate.stamp
d:\cybermed\daddy\dependency\dcmtk-dcmtk-3.6.8\build_msvc\lib\release\dcmrt.lib
d:\cybermed\daddy\dependency\dcmtk-dcmtk-3.6.8\build_msvc\bin\release\dcmrt.dll
d:\cybermed\daddy\dependency\dcmtk-dcmtk-3.6.8\build_msvc\lib\release\dcmrt.exp
d:\cybermed\daddy\dependency\dcmtk-dcmtk-3.6.8\build_msvc\dcmrt\libsrc\dcmrt.dir\release\dcmrt.tlog\cl.command.1.tlog
d:\cybermed\daddy\dependency\dcmtk-dcmtk-3.6.8\build_msvc\dcmrt\libsrc\dcmrt.dir\release\dcmrt.tlog\cl.items.tlog
d:\cybermed\daddy\dependency\dcmtk-dcmtk-3.6.8\build_msvc\dcmrt\libsrc\dcmrt.dir\release\dcmrt.tlog\cl.read.1.tlog
d:\cybermed\daddy\dependency\dcmtk-dcmtk-3.6.8\build_msvc\dcmrt\libsrc\dcmrt.dir\release\dcmrt.tlog\cl.write.1.tlog
d:\cybermed\daddy\dependency\dcmtk-dcmtk-3.6.8\build_msvc\dcmrt\libsrc\dcmrt.dir\release\dcmrt.tlog\custombuild.command.1.tlog
d:\cybermed\daddy\dependency\dcmtk-dcmtk-3.6.8\build_msvc\dcmrt\libsrc\dcmrt.dir\release\dcmrt.tlog\custombuild.read.1.tlog
d:\cybermed\daddy\dependency\dcmtk-dcmtk-3.6.8\build_msvc\dcmrt\libsrc\dcmrt.dir\release\dcmrt.tlog\custombuild.write.1.tlog
d:\cybermed\daddy\dependency\dcmtk-dcmtk-3.6.8\build_msvc\dcmrt\libsrc\dcmrt.dir\release\dcmrt.tlog\lib-link.read.1.tlog
d:\cybermed\daddy\dependency\dcmtk-dcmtk-3.6.8\build_msvc\dcmrt\libsrc\dcmrt.dir\release\dcmrt.tlog\lib-link.write.1.tlog
d:\cybermed\daddy\dependency\dcmtk-dcmtk-3.6.8\build_msvc\dcmrt\libsrc\dcmrt.dir\release\dcmrt.tlog\lib.command.1.tlog
d:\cybermed\daddy\dependency\dcmtk-dcmtk-3.6.8\build_msvc\dcmrt\libsrc\dcmrt.dir\release\dcmrt.tlog\link.command.1.tlog
d:\cybermed\daddy\dependency\dcmtk-dcmtk-3.6.8\build_msvc\dcmrt\libsrc\dcmrt.dir\release\dcmrt.tlog\link.read.1.tlog
d:\cybermed\daddy\dependency\dcmtk-dcmtk-3.6.8\build_msvc\dcmrt\libsrc\dcmrt.dir\release\dcmrt.tlog\link.secondary.1.tlog
d:\cybermed\daddy\dependency\dcmtk-dcmtk-3.6.8\build_msvc\dcmrt\libsrc\dcmrt.dir\release\dcmrt.tlog\link.write.1.tlog
