d:\cybermed\daddy\dependency\dcmtk-dcmtk-3.6.8\build_msvc\dcmimage\libsrc\dcmimage.dir\release\diybrimg.obj
d:\cybermed\daddy\dependency\dcmtk-dcmtk-3.6.8\build_msvc\dcmimage\libsrc\dcmimage.dir\release\dirgbimg.obj
d:\cybermed\daddy\dependency\dcmtk-dcmtk-3.6.8\build_msvc\dcmimage\libsrc\dcmimage.dir\release\diregist.obj
d:\cybermed\daddy\dependency\dcmtk-dcmtk-3.6.8\build_msvc\dcmimage\libsrc\dcmimage.dir\release\diquant.obj
d:\cybermed\daddy\dependency\dcmtk-dcmtk-3.6.8\build_msvc\dcmimage\libsrc\dcmimage.dir\release\diqtpbox.obj
d:\cybermed\daddy\dependency\dcmtk-dcmtk-3.6.8\build_msvc\dcmimage\libsrc\dcmimage.dir\release\diqthitl.obj
d:\cybermed\daddy\dependency\dcmtk-dcmtk-3.6.8\build_msvc\dcmimage\libsrc\dcmimage.dir\release\diqthash.obj
d:\cybermed\daddy\dependency\dcmtk-dcmtk-3.6.8\build_msvc\dcmimage\libsrc\dcmimage.dir\release\diqtfs.obj
d:\cybermed\daddy\dependency\dcmtk-dcmtk-3.6.8\build_msvc\dcmimage\libsrc\dcmimage.dir\release\diqtctab.obj
d:\cybermed\daddy\dependency\dcmtk-dcmtk-3.6.8\build_msvc\dcmimage\libsrc\dcmimage.dir\release\dipitiff.obj
d:\cybermed\daddy\dependency\dcmtk-dcmtk-3.6.8\build_msvc\dcmimage\libsrc\dcmimage.dir\release\dipipng.obj
d:\cybermed\daddy\dependency\dcmtk-dcmtk-3.6.8\build_msvc\dcmimage\libsrc\dcmimage.dir\release\dipalimg.obj
d:\cybermed\daddy\dependency\dcmtk-dcmtk-3.6.8\build_msvc\dcmimage\libsrc\dcmimage.dir\release\dilogger.obj
d:\cybermed\daddy\dependency\dcmtk-dcmtk-3.6.8\build_msvc\dcmimage\libsrc\dcmimage.dir\release\dihsvimg.obj
d:\cybermed\daddy\dependency\dcmtk-dcmtk-3.6.8\build_msvc\dcmimage\libsrc\dcmimage.dir\release\dicopx.obj
d:\cybermed\daddy\dependency\dcmtk-dcmtk-3.6.8\build_msvc\dcmimage\libsrc\dcmimage.dir\release\dicoopx.obj
d:\cybermed\daddy\dependency\dcmtk-dcmtk-3.6.8\build_msvc\dcmimage\libsrc\dcmimage.dir\release\dicoimg.obj
d:\cybermed\daddy\dependency\dcmtk-dcmtk-3.6.8\build_msvc\dcmimage\libsrc\dcmimage.dir\release\dicmyimg.obj
d:\cybermed\daddy\dependency\dcmtk-dcmtk-3.6.8\build_msvc\dcmimage\libsrc\dcmimage.dir\release\diargimg.obj
d:\cybermed\daddy\dependency\dcmtk-dcmtk-3.6.8\build_msvc\dcmimage\libsrc\dcmimage.dir\release\dcmicmph.obj
d:\cybermed\daddy\dependency\dcmtk-dcmtk-3.6.8\build_msvc\dcmimage\libsrc\dcmimage.dir\release\diyp2img.obj
d:\cybermed\daddy\dependency\dcmtk-dcmtk-3.6.8\build_msvc\dcmimage\libsrc\dcmimage.dir\release\diyf2img.obj
d:\cybermed\daddy\dependency\dcmtk-dcmtk-3.6.8\build_msvc\dcmimage\libsrc\cmakefiles\generate.stamp
d:\cybermed\daddy\dependency\dcmtk-dcmtk-3.6.8\build_msvc\lib\release\dcmimage.lib
d:\cybermed\daddy\dependency\dcmtk-dcmtk-3.6.8\build_msvc\bin\release\dcmimage.dll
d:\cybermed\daddy\dependency\dcmtk-dcmtk-3.6.8\build_msvc\lib\release\dcmimage.exp
d:\cybermed\daddy\dependency\dcmtk-dcmtk-3.6.8\build_msvc\dcmimage\libsrc\dcmimage.dir\release\dcmimage.tlog\cl.command.1.tlog
d:\cybermed\daddy\dependency\dcmtk-dcmtk-3.6.8\build_msvc\dcmimage\libsrc\dcmimage.dir\release\dcmimage.tlog\cl.items.tlog
d:\cybermed\daddy\dependency\dcmtk-dcmtk-3.6.8\build_msvc\dcmimage\libsrc\dcmimage.dir\release\dcmimage.tlog\cl.read.1.tlog
d:\cybermed\daddy\dependency\dcmtk-dcmtk-3.6.8\build_msvc\dcmimage\libsrc\dcmimage.dir\release\dcmimage.tlog\cl.write.1.tlog
d:\cybermed\daddy\dependency\dcmtk-dcmtk-3.6.8\build_msvc\dcmimage\libsrc\dcmimage.dir\release\dcmimage.tlog\custombuild.command.1.tlog
d:\cybermed\daddy\dependency\dcmtk-dcmtk-3.6.8\build_msvc\dcmimage\libsrc\dcmimage.dir\release\dcmimage.tlog\custombuild.read.1.tlog
d:\cybermed\daddy\dependency\dcmtk-dcmtk-3.6.8\build_msvc\dcmimage\libsrc\dcmimage.dir\release\dcmimage.tlog\custombuild.write.1.tlog
d:\cybermed\daddy\dependency\dcmtk-dcmtk-3.6.8\build_msvc\dcmimage\libsrc\dcmimage.dir\release\dcmimage.tlog\lib-link.read.1.tlog
d:\cybermed\daddy\dependency\dcmtk-dcmtk-3.6.8\build_msvc\dcmimage\libsrc\dcmimage.dir\release\dcmimage.tlog\lib-link.write.1.tlog
d:\cybermed\daddy\dependency\dcmtk-dcmtk-3.6.8\build_msvc\dcmimage\libsrc\dcmimage.dir\release\dcmimage.tlog\lib.command.1.tlog
d:\cybermed\daddy\dependency\dcmtk-dcmtk-3.6.8\build_msvc\dcmimage\libsrc\dcmimage.dir\release\dcmimage.tlog\link.command.1.tlog
d:\cybermed\daddy\dependency\dcmtk-dcmtk-3.6.8\build_msvc\dcmimage\libsrc\dcmimage.dir\release\dcmimage.tlog\link.read.1.tlog
d:\cybermed\daddy\dependency\dcmtk-dcmtk-3.6.8\build_msvc\dcmimage\libsrc\dcmimage.dir\release\dcmimage.tlog\link.secondary.1.tlog
d:\cybermed\daddy\dependency\dcmtk-dcmtk-3.6.8\build_msvc\dcmimage\libsrc\dcmimage.dir\release\dcmimage.tlog\link.write.1.tlog
