d:\cybermed\daddy\dependency\sdk-vtk-9.4.2\build_msvc\thirdparty\hdf5\vtkhdf5\hl\src\vtkhdf5_hl_src.dir\release\h5ld.obj
d:\cybermed\daddy\dependency\sdk-vtk-9.4.2\build_msvc\thirdparty\hdf5\vtkhdf5\hl\src\vtkhdf5_hl_src.dir\release\h5tb.obj
d:\cybermed\daddy\dependency\sdk-vtk-9.4.2\build_msvc\thirdparty\hdf5\vtkhdf5\hl\src\vtkhdf5_hl_src.dir\release\h5pt.obj
d:\cybermed\daddy\dependency\sdk-vtk-9.4.2\build_msvc\thirdparty\hdf5\vtkhdf5\hl\src\vtkhdf5_hl_src.dir\release\h5ltparse.obj
d:\cybermed\daddy\dependency\sdk-vtk-9.4.2\build_msvc\thirdparty\hdf5\vtkhdf5\hl\src\vtkhdf5_hl_src.dir\release\h5ltanalyze.obj
d:\cybermed\daddy\dependency\sdk-vtk-9.4.2\build_msvc\thirdparty\hdf5\vtkhdf5\hl\src\vtkhdf5_hl_src.dir\release\h5lt.obj
d:\cybermed\daddy\dependency\sdk-vtk-9.4.2\build_msvc\thirdparty\hdf5\vtkhdf5\hl\src\vtkhdf5_hl_src.dir\release\h5im.obj
d:\cybermed\daddy\dependency\sdk-vtk-9.4.2\build_msvc\thirdparty\hdf5\vtkhdf5\hl\src\vtkhdf5_hl_src.dir\release\h5ds.obj
d:\cybermed\daddy\dependency\sdk-vtk-9.4.2\build_msvc\thirdparty\hdf5\vtkhdf5\hl\src\vtkhdf5_hl_src.dir\release\h5do.obj
d:\cybermed\daddy\dependency\sdk-vtk-9.4.2\build_msvc\thirdparty\hdf5\vtkhdf5\hl\src\cmakefiles\generate.stamp
d:\cybermed\daddy\dependency\sdk-vtk-9.4.2\build_msvc\bin\release\vtkhdf5_hl-9.4.dll
d:\cybermed\daddy\dependency\sdk-vtk-9.4.2\build_msvc\lib\release\vtkhdf5_hl-9.4.lib
d:\cybermed\daddy\dependency\sdk-vtk-9.4.2\build_msvc\lib\release\vtkhdf5_hl-9.4.exp
d:\cybermed\daddy\dependency\sdk-vtk-9.4.2\build_msvc\thirdparty\hdf5\vtkhdf5\hl\src\vtkhdf5_hl_src.dir\release\vtkhdf5_hl_src.tlog\cl.command.1.tlog
d:\cybermed\daddy\dependency\sdk-vtk-9.4.2\build_msvc\thirdparty\hdf5\vtkhdf5\hl\src\vtkhdf5_hl_src.dir\release\vtkhdf5_hl_src.tlog\cl.items.tlog
d:\cybermed\daddy\dependency\sdk-vtk-9.4.2\build_msvc\thirdparty\hdf5\vtkhdf5\hl\src\vtkhdf5_hl_src.dir\release\vtkhdf5_hl_src.tlog\cl.read.1.tlog
d:\cybermed\daddy\dependency\sdk-vtk-9.4.2\build_msvc\thirdparty\hdf5\vtkhdf5\hl\src\vtkhdf5_hl_src.dir\release\vtkhdf5_hl_src.tlog\cl.write.1.tlog
d:\cybermed\daddy\dependency\sdk-vtk-9.4.2\build_msvc\thirdparty\hdf5\vtkhdf5\hl\src\vtkhdf5_hl_src.dir\release\vtkhdf5_hl_src.tlog\custombuild.command.1.tlog
d:\cybermed\daddy\dependency\sdk-vtk-9.4.2\build_msvc\thirdparty\hdf5\vtkhdf5\hl\src\vtkhdf5_hl_src.dir\release\vtkhdf5_hl_src.tlog\custombuild.read.1.tlog
d:\cybermed\daddy\dependency\sdk-vtk-9.4.2\build_msvc\thirdparty\hdf5\vtkhdf5\hl\src\vtkhdf5_hl_src.dir\release\vtkhdf5_hl_src.tlog\custombuild.write.1.tlog
d:\cybermed\daddy\dependency\sdk-vtk-9.4.2\build_msvc\thirdparty\hdf5\vtkhdf5\hl\src\vtkhdf5_hl_src.dir\release\vtkhdf5_hl_src.tlog\link.command.1.tlog
d:\cybermed\daddy\dependency\sdk-vtk-9.4.2\build_msvc\thirdparty\hdf5\vtkhdf5\hl\src\vtkhdf5_hl_src.dir\release\vtkhdf5_hl_src.tlog\link.read.1.tlog
d:\cybermed\daddy\dependency\sdk-vtk-9.4.2\build_msvc\thirdparty\hdf5\vtkhdf5\hl\src\vtkhdf5_hl_src.dir\release\vtkhdf5_hl_src.tlog\link.secondary.1.tlog
d:\cybermed\daddy\dependency\sdk-vtk-9.4.2\build_msvc\thirdparty\hdf5\vtkhdf5\hl\src\vtkhdf5_hl_src.dir\release\vtkhdf5_hl_src.tlog\link.write.1.tlog
