d:\cybermed\daddy\dependency\sdk-vtk-9.4.2\build_msvc\io\cellgrid\iocellgrid.dir\release\vtkdgioresponder.obj
d:\cybermed\daddy\dependency\sdk-vtk-9.4.2\build_msvc\io\cellgrid\iocellgrid.dir\release\vtkcompositecellgridreader.obj
d:\cybermed\daddy\dependency\sdk-vtk-9.4.2\build_msvc\io\cellgrid\iocellgrid.dir\release\vtkcellgridwriter.obj
d:\cybermed\daddy\dependency\sdk-vtk-9.4.2\build_msvc\io\cellgrid\iocellgrid.dir\release\vtkcellgridreader.obj
d:\cybermed\daddy\dependency\sdk-vtk-9.4.2\build_msvc\io\cellgrid\iocellgrid.dir\release\vtkcellgridioquery.obj
d:\cybermed\daddy\dependency\sdk-vtk-9.4.2\build_msvc\io\cellgrid\iocellgrid.dir\release\vtkiocellgrid.obj
d:\cybermed\daddy\dependency\sdk-vtk-9.4.2\build_msvc\io\cellgrid\cmakefiles\generate.stamp
d:\cybermed\daddy\dependency\sdk-vtk-9.4.2\build_msvc\bin\release\vtkiocellgrid-9.4.dll
d:\cybermed\daddy\dependency\sdk-vtk-9.4.2\build_msvc\lib\release\vtkiocellgrid-9.4.lib
d:\cybermed\daddy\dependency\sdk-vtk-9.4.2\build_msvc\lib\release\vtkiocellgrid-9.4.exp
d:\cybermed\daddy\dependency\sdk-vtk-9.4.2\build_msvc\io\cellgrid\iocellgrid.dir\release\iocellgrid.tlog\cl.command.1.tlog
d:\cybermed\daddy\dependency\sdk-vtk-9.4.2\build_msvc\io\cellgrid\iocellgrid.dir\release\iocellgrid.tlog\cl.items.tlog
d:\cybermed\daddy\dependency\sdk-vtk-9.4.2\build_msvc\io\cellgrid\iocellgrid.dir\release\iocellgrid.tlog\cl.read.1.tlog
d:\cybermed\daddy\dependency\sdk-vtk-9.4.2\build_msvc\io\cellgrid\iocellgrid.dir\release\iocellgrid.tlog\cl.write.1.tlog
d:\cybermed\daddy\dependency\sdk-vtk-9.4.2\build_msvc\io\cellgrid\iocellgrid.dir\release\iocellgrid.tlog\custombuild.command.1.tlog
d:\cybermed\daddy\dependency\sdk-vtk-9.4.2\build_msvc\io\cellgrid\iocellgrid.dir\release\iocellgrid.tlog\custombuild.read.1.tlog
d:\cybermed\daddy\dependency\sdk-vtk-9.4.2\build_msvc\io\cellgrid\iocellgrid.dir\release\iocellgrid.tlog\custombuild.write.1.tlog
d:\cybermed\daddy\dependency\sdk-vtk-9.4.2\build_msvc\io\cellgrid\iocellgrid.dir\release\iocellgrid.tlog\link.command.1.tlog
d:\cybermed\daddy\dependency\sdk-vtk-9.4.2\build_msvc\io\cellgrid\iocellgrid.dir\release\iocellgrid.tlog\link.read.1.tlog
d:\cybermed\daddy\dependency\sdk-vtk-9.4.2\build_msvc\io\cellgrid\iocellgrid.dir\release\iocellgrid.tlog\link.secondary.1.tlog
d:\cybermed\daddy\dependency\sdk-vtk-9.4.2\build_msvc\io\cellgrid\iocellgrid.dir\release\iocellgrid.tlog\link.write.1.tlog
