d:\cybermed\daddy\dependency\sdk-vtk-9.4.2\build_msvc\io\sql\iosql.dir\release\vtktabletosqlitewriter.obj
d:\cybermed\daddy\dependency\sdk-vtk-9.4.2\build_msvc\io\sql\iosql.dir\release\vtktabletodatabasewriter.obj
d:\cybermed\daddy\dependency\sdk-vtk-9.4.2\build_msvc\io\sql\iosql.dir\release\vtksqlquery.obj
d:\cybermed\daddy\dependency\sdk-vtk-9.4.2\build_msvc\io\sql\iosql.dir\release\vtksqlitetotablereader.obj
d:\cybermed\daddy\dependency\sdk-vtk-9.4.2\build_msvc\io\sql\iosql.dir\release\vtksqlitequery.obj
d:\cybermed\daddy\dependency\sdk-vtk-9.4.2\build_msvc\io\sql\iosql.dir\release\vtksqlitedatabase.obj
d:\cybermed\daddy\dependency\sdk-vtk-9.4.2\build_msvc\io\sql\iosql.dir\release\vtksqldatabasetablesource.obj
d:\cybermed\daddy\dependency\sdk-vtk-9.4.2\build_msvc\io\sql\iosql.dir\release\vtksqldatabaseschema.obj
d:\cybermed\daddy\dependency\sdk-vtk-9.4.2\build_msvc\io\sql\iosql.dir\release\vtksqldatabase.obj
d:\cybermed\daddy\dependency\sdk-vtk-9.4.2\build_msvc\io\sql\iosql.dir\release\vtkrowquerytotable.obj
d:\cybermed\daddy\dependency\sdk-vtk-9.4.2\build_msvc\io\sql\iosql.dir\release\vtkrowquery.obj
d:\cybermed\daddy\dependency\sdk-vtk-9.4.2\build_msvc\io\sql\iosql.dir\release\vtkdatabasetotablereader.obj
d:\cybermed\daddy\dependency\sdk-vtk-9.4.2\build_msvc\io\sql\cmakefiles\generate.stamp
d:\cybermed\daddy\dependency\sdk-vtk-9.4.2\build_msvc\bin\release\vtkiosql-9.4.dll
d:\cybermed\daddy\dependency\sdk-vtk-9.4.2\build_msvc\lib\release\vtkiosql-9.4.lib
d:\cybermed\daddy\dependency\sdk-vtk-9.4.2\build_msvc\lib\release\vtkiosql-9.4.exp
d:\cybermed\daddy\dependency\sdk-vtk-9.4.2\build_msvc\io\sql\iosql.dir\release\iosql.tlog\cl.command.1.tlog
d:\cybermed\daddy\dependency\sdk-vtk-9.4.2\build_msvc\io\sql\iosql.dir\release\iosql.tlog\cl.items.tlog
d:\cybermed\daddy\dependency\sdk-vtk-9.4.2\build_msvc\io\sql\iosql.dir\release\iosql.tlog\cl.read.1.tlog
d:\cybermed\daddy\dependency\sdk-vtk-9.4.2\build_msvc\io\sql\iosql.dir\release\iosql.tlog\cl.write.1.tlog
d:\cybermed\daddy\dependency\sdk-vtk-9.4.2\build_msvc\io\sql\iosql.dir\release\iosql.tlog\custombuild.command.1.tlog
d:\cybermed\daddy\dependency\sdk-vtk-9.4.2\build_msvc\io\sql\iosql.dir\release\iosql.tlog\custombuild.read.1.tlog
d:\cybermed\daddy\dependency\sdk-vtk-9.4.2\build_msvc\io\sql\iosql.dir\release\iosql.tlog\custombuild.write.1.tlog
d:\cybermed\daddy\dependency\sdk-vtk-9.4.2\build_msvc\io\sql\iosql.dir\release\iosql.tlog\link.command.1.tlog
d:\cybermed\daddy\dependency\sdk-vtk-9.4.2\build_msvc\io\sql\iosql.dir\release\iosql.tlog\link.read.1.tlog
d:\cybermed\daddy\dependency\sdk-vtk-9.4.2\build_msvc\io\sql\iosql.dir\release\iosql.tlog\link.secondary.1.tlog
d:\cybermed\daddy\dependency\sdk-vtk-9.4.2\build_msvc\io\sql\iosql.dir\release\iosql.tlog\link.write.1.tlog
