  metaArray.cxx
  metaArrow.cxx
  metaBlob.cxx
  metaCommand.cxx
  metaContour.cxx
  metaDTITube.cxx
  metaEllipse.cxx
  metaFEMObject.cxx
  metaForm.cxx
  metaGaussian.cxx
  metaGroup.cxx
  metaImage.cxx
  metaImageUtils.cxx
  metaLandmark.cxx
  metaLine.cxx
  metaMesh.cxx
  metaObject.cxx
  metaScene.cxx
  metaSurface.cxx
  metaTransform.cxx
  코드를 생성하고 있습니다...
  컴파일하고 있습니다...
  metaTube.cxx
  metaTubeGraph.cxx
  metaUtils.cxx
  metaVesselTube.cxx
  코드를 생성하고 있습니다...
     D:/cybermed/daddy/dependency/sdk-VTK-9.4.2/build_msvc/lib/Debug/vtkmetaio-9.4d.lib 라이브러리 및 D:/cybermed/daddy/dependency/sdk-VTK-9.4.2/build_msvc/lib/Debug/vtkmetaio-9.4d.exp 개체를 생성하고 있습니다.
  metaio.vcxproj -> D:\cybermed\daddy\dependency\sdk-VTK-9.4.2\build_msvc\bin\Debug\vtkmetaio-9.4d.dll
