d:\cybermed\daddy\dependency\sdk-vtk-9.4.2\build_msvc\lib\debug\vtkmetaio-9.4d.pdb
d:\cybermed\daddy\dependency\sdk-vtk-9.4.2\build_msvc\utilities\metaio\vtkmetaio\metaio.dir\debug\metasurface.obj
d:\cybermed\daddy\dependency\sdk-vtk-9.4.2\build_msvc\utilities\metaio\vtkmetaio\metaio.dir\debug\metascene.obj
d:\cybermed\daddy\dependency\sdk-vtk-9.4.2\build_msvc\utilities\metaio\vtkmetaio\metaio.dir\debug\metaobject.obj
d:\cybermed\daddy\dependency\sdk-vtk-9.4.2\build_msvc\utilities\metaio\vtkmetaio\metaio.dir\debug\metamesh.obj
d:\cybermed\daddy\dependency\sdk-vtk-9.4.2\build_msvc\utilities\metaio\vtkmetaio\metaio.dir\debug\metaline.obj
d:\cybermed\daddy\dependency\sdk-vtk-9.4.2\build_msvc\utilities\metaio\vtkmetaio\metaio.dir\debug\metalandmark.obj
d:\cybermed\daddy\dependency\sdk-vtk-9.4.2\build_msvc\utilities\metaio\vtkmetaio\metaio.dir\debug\metaimageutils.obj
d:\cybermed\daddy\dependency\sdk-vtk-9.4.2\build_msvc\utilities\metaio\vtkmetaio\metaio.dir\debug\metaimage.obj
d:\cybermed\daddy\dependency\sdk-vtk-9.4.2\build_msvc\utilities\metaio\vtkmetaio\metaio.dir\debug\metagaussian.obj
d:\cybermed\daddy\dependency\sdk-vtk-9.4.2\build_msvc\utilities\metaio\vtkmetaio\metaio.dir\debug\metagroup.obj
d:\cybermed\daddy\dependency\sdk-vtk-9.4.2\build_msvc\utilities\metaio\vtkmetaio\metaio.dir\debug\metaform.obj
d:\cybermed\daddy\dependency\sdk-vtk-9.4.2\build_msvc\utilities\metaio\vtkmetaio\metaio.dir\debug\metafemobject.obj
d:\cybermed\daddy\dependency\sdk-vtk-9.4.2\build_msvc\utilities\metaio\vtkmetaio\metaio.dir\debug\metaellipse.obj
d:\cybermed\daddy\dependency\sdk-vtk-9.4.2\build_msvc\utilities\metaio\vtkmetaio\metaio.dir\debug\metadtitube.obj
d:\cybermed\daddy\dependency\sdk-vtk-9.4.2\build_msvc\utilities\metaio\vtkmetaio\metaio.dir\debug\metacontour.obj
d:\cybermed\daddy\dependency\sdk-vtk-9.4.2\build_msvc\utilities\metaio\vtkmetaio\metaio.dir\debug\metacommand.obj
d:\cybermed\daddy\dependency\sdk-vtk-9.4.2\build_msvc\utilities\metaio\vtkmetaio\metaio.dir\debug\metablob.obj
d:\cybermed\daddy\dependency\sdk-vtk-9.4.2\build_msvc\utilities\metaio\vtkmetaio\metaio.dir\debug\metaarrow.obj
d:\cybermed\daddy\dependency\sdk-vtk-9.4.2\build_msvc\utilities\metaio\vtkmetaio\metaio.dir\debug\metaarray.obj
d:\cybermed\daddy\dependency\sdk-vtk-9.4.2\build_msvc\utilities\metaio\vtkmetaio\metaio.dir\debug\metautils.obj
d:\cybermed\daddy\dependency\sdk-vtk-9.4.2\build_msvc\utilities\metaio\vtkmetaio\metaio.dir\debug\metavesseltube.obj
d:\cybermed\daddy\dependency\sdk-vtk-9.4.2\build_msvc\utilities\metaio\vtkmetaio\metaio.dir\debug\metatubegraph.obj
d:\cybermed\daddy\dependency\sdk-vtk-9.4.2\build_msvc\utilities\metaio\vtkmetaio\metaio.dir\debug\metatransform.obj
d:\cybermed\daddy\dependency\sdk-vtk-9.4.2\build_msvc\utilities\metaio\vtkmetaio\metaio.dir\debug\metatube.obj
d:\cybermed\daddy\dependency\sdk-vtk-9.4.2\build_msvc\utilities\metaio\vtkmetaio\metaio.dir\debug\vc143.pdb
d:\cybermed\daddy\dependency\sdk-vtk-9.4.2\build_msvc\utilities\metaio\vtkmetaio\cmakefiles\generate.stamp
d:\cybermed\daddy\dependency\sdk-vtk-9.4.2\build_msvc\lib\debug\vtkmetaio-9.4d.lib
d:\cybermed\daddy\dependency\sdk-vtk-9.4.2\build_msvc\bin\debug\vtkmetaio-9.4d.dll
d:\cybermed\daddy\dependency\sdk-vtk-9.4.2\build_msvc\bin\debug\vtkmetaio-9.4d.pdb
d:\cybermed\daddy\dependency\sdk-vtk-9.4.2\build_msvc\lib\debug\vtkmetaio-9.4d.exp
d:\cybermed\daddy\dependency\sdk-vtk-9.4.2\build_msvc\utilities\metaio\vtkmetaio\metaio.dir\debug\vtkmetaio-9.4d.ilk
d:\cybermed\daddy\dependency\sdk-vtk-9.4.2\build_msvc\utilities\metaio\vtkmetaio\metaio.dir\debug\metaio.tlog\cl.command.1.tlog
d:\cybermed\daddy\dependency\sdk-vtk-9.4.2\build_msvc\utilities\metaio\vtkmetaio\metaio.dir\debug\metaio.tlog\cl.items.tlog
d:\cybermed\daddy\dependency\sdk-vtk-9.4.2\build_msvc\utilities\metaio\vtkmetaio\metaio.dir\debug\metaio.tlog\cl.read.1.tlog
d:\cybermed\daddy\dependency\sdk-vtk-9.4.2\build_msvc\utilities\metaio\vtkmetaio\metaio.dir\debug\metaio.tlog\cl.write.1.tlog
d:\cybermed\daddy\dependency\sdk-vtk-9.4.2\build_msvc\utilities\metaio\vtkmetaio\metaio.dir\debug\metaio.tlog\custombuild.command.1.tlog
d:\cybermed\daddy\dependency\sdk-vtk-9.4.2\build_msvc\utilities\metaio\vtkmetaio\metaio.dir\debug\metaio.tlog\custombuild.read.1.tlog
d:\cybermed\daddy\dependency\sdk-vtk-9.4.2\build_msvc\utilities\metaio\vtkmetaio\metaio.dir\debug\metaio.tlog\custombuild.write.1.tlog
d:\cybermed\daddy\dependency\sdk-vtk-9.4.2\build_msvc\utilities\metaio\vtkmetaio\metaio.dir\debug\metaio.tlog\lib-link.read.1.tlog
d:\cybermed\daddy\dependency\sdk-vtk-9.4.2\build_msvc\utilities\metaio\vtkmetaio\metaio.dir\debug\metaio.tlog\lib-link.write.1.tlog
d:\cybermed\daddy\dependency\sdk-vtk-9.4.2\build_msvc\utilities\metaio\vtkmetaio\metaio.dir\debug\metaio.tlog\lib.command.1.tlog
d:\cybermed\daddy\dependency\sdk-vtk-9.4.2\build_msvc\utilities\metaio\vtkmetaio\metaio.dir\debug\metaio.tlog\link.command.1.tlog
d:\cybermed\daddy\dependency\sdk-vtk-9.4.2\build_msvc\utilities\metaio\vtkmetaio\metaio.dir\debug\metaio.tlog\link.read.1.tlog
d:\cybermed\daddy\dependency\sdk-vtk-9.4.2\build_msvc\utilities\metaio\vtkmetaio\metaio.dir\debug\metaio.tlog\link.secondary.1.tlog
d:\cybermed\daddy\dependency\sdk-vtk-9.4.2\build_msvc\utilities\metaio\vtkmetaio\metaio.dir\debug\metaio.tlog\link.write.1.tlog
