d:\cybermed\daddy\dependency\sdk-vtk-9.4.2\build_msvc\thirdparty\libxml2\vtklibxml2\libxml2.dir\release\pattern.obj
d:\cybermed\daddy\dependency\sdk-vtk-9.4.2\build_msvc\thirdparty\libxml2\vtklibxml2\libxml2.dir\release\parserinternals.obj
d:\cybermed\daddy\dependency\sdk-vtk-9.4.2\build_msvc\thirdparty\libxml2\vtklibxml2\libxml2.dir\release\parser.obj
d:\cybermed\daddy\dependency\sdk-vtk-9.4.2\build_msvc\thirdparty\libxml2\vtklibxml2\libxml2.dir\release\nanohttp.obj
d:\cybermed\daddy\dependency\sdk-vtk-9.4.2\build_msvc\thirdparty\libxml2\vtklibxml2\libxml2.dir\release\nanoftp.obj
d:\cybermed\daddy\dependency\sdk-vtk-9.4.2\build_msvc\thirdparty\libxml2\vtklibxml2\libxml2.dir\release\list.obj
d:\cybermed\daddy\dependency\sdk-vtk-9.4.2\build_msvc\thirdparty\libxml2\vtklibxml2\libxml2.dir\release\legacy.obj
d:\cybermed\daddy\dependency\sdk-vtk-9.4.2\build_msvc\thirdparty\libxml2\vtklibxml2\libxml2.dir\release\htmltree.obj
d:\cybermed\daddy\dependency\sdk-vtk-9.4.2\build_msvc\thirdparty\libxml2\vtklibxml2\libxml2.dir\release\htmlparser.obj
d:\cybermed\daddy\dependency\sdk-vtk-9.4.2\build_msvc\thirdparty\libxml2\vtklibxml2\libxml2.dir\release\hash.obj
d:\cybermed\daddy\dependency\sdk-vtk-9.4.2\build_msvc\thirdparty\libxml2\vtklibxml2\libxml2.dir\release\globals.obj
d:\cybermed\daddy\dependency\sdk-vtk-9.4.2\build_msvc\thirdparty\libxml2\vtklibxml2\libxml2.dir\release\error.obj
d:\cybermed\daddy\dependency\sdk-vtk-9.4.2\build_msvc\thirdparty\libxml2\vtklibxml2\libxml2.dir\release\entities.obj
d:\cybermed\daddy\dependency\sdk-vtk-9.4.2\build_msvc\thirdparty\libxml2\vtklibxml2\libxml2.dir\release\encoding.obj
d:\cybermed\daddy\dependency\sdk-vtk-9.4.2\build_msvc\thirdparty\libxml2\vtklibxml2\libxml2.dir\release\dict.obj
d:\cybermed\daddy\dependency\sdk-vtk-9.4.2\build_msvc\thirdparty\libxml2\vtklibxml2\libxml2.dir\release\debugxml.obj
d:\cybermed\daddy\dependency\sdk-vtk-9.4.2\build_msvc\thirdparty\libxml2\vtklibxml2\libxml2.dir\release\chvalid.obj
d:\cybermed\daddy\dependency\sdk-vtk-9.4.2\build_msvc\thirdparty\libxml2\vtklibxml2\libxml2.dir\release\catalog.obj
d:\cybermed\daddy\dependency\sdk-vtk-9.4.2\build_msvc\thirdparty\libxml2\vtklibxml2\libxml2.dir\release\c14n.obj
d:\cybermed\daddy\dependency\sdk-vtk-9.4.2\build_msvc\thirdparty\libxml2\vtklibxml2\libxml2.dir\release\buf.obj
d:\cybermed\daddy\dependency\sdk-vtk-9.4.2\build_msvc\thirdparty\libxml2\vtklibxml2\libxml2.dir\release\xmlunicode.obj
d:\cybermed\daddy\dependency\sdk-vtk-9.4.2\build_msvc\thirdparty\libxml2\vtklibxml2\libxml2.dir\release\xmlstring.obj
d:\cybermed\daddy\dependency\sdk-vtk-9.4.2\build_msvc\thirdparty\libxml2\vtklibxml2\libxml2.dir\release\xmlschemastypes.obj
d:\cybermed\daddy\dependency\sdk-vtk-9.4.2\build_msvc\thirdparty\libxml2\vtklibxml2\libxml2.dir\release\xmlschemas.obj
d:\cybermed\daddy\dependency\sdk-vtk-9.4.2\build_msvc\thirdparty\libxml2\vtklibxml2\libxml2.dir\release\xmlsave.obj
d:\cybermed\daddy\dependency\sdk-vtk-9.4.2\build_msvc\thirdparty\libxml2\vtklibxml2\libxml2.dir\release\xmlregexp.obj
d:\cybermed\daddy\dependency\sdk-vtk-9.4.2\build_msvc\thirdparty\libxml2\vtklibxml2\libxml2.dir\release\xmlreader.obj
d:\cybermed\daddy\dependency\sdk-vtk-9.4.2\build_msvc\thirdparty\libxml2\vtklibxml2\libxml2.dir\release\xmlmodule.obj
d:\cybermed\daddy\dependency\sdk-vtk-9.4.2\build_msvc\thirdparty\libxml2\vtklibxml2\libxml2.dir\release\xmlmemory.obj
d:\cybermed\daddy\dependency\sdk-vtk-9.4.2\build_msvc\thirdparty\libxml2\vtklibxml2\libxml2.dir\release\xmlio.obj
d:\cybermed\daddy\dependency\sdk-vtk-9.4.2\build_msvc\thirdparty\libxml2\vtklibxml2\libxml2.dir\release\xlink.obj
d:\cybermed\daddy\dependency\sdk-vtk-9.4.2\build_msvc\thirdparty\libxml2\vtklibxml2\libxml2.dir\release\xinclude.obj
d:\cybermed\daddy\dependency\sdk-vtk-9.4.2\build_msvc\thirdparty\libxml2\vtklibxml2\libxml2.dir\release\valid.obj
d:\cybermed\daddy\dependency\sdk-vtk-9.4.2\build_msvc\thirdparty\libxml2\vtklibxml2\libxml2.dir\release\uri.obj
d:\cybermed\daddy\dependency\sdk-vtk-9.4.2\build_msvc\thirdparty\libxml2\vtklibxml2\libxml2.dir\release\tree.obj
d:\cybermed\daddy\dependency\sdk-vtk-9.4.2\build_msvc\thirdparty\libxml2\vtklibxml2\libxml2.dir\release\threads.obj
d:\cybermed\daddy\dependency\sdk-vtk-9.4.2\build_msvc\thirdparty\libxml2\vtklibxml2\libxml2.dir\release\schematron.obj
d:\cybermed\daddy\dependency\sdk-vtk-9.4.2\build_msvc\thirdparty\libxml2\vtklibxml2\libxml2.dir\release\sax2.obj
d:\cybermed\daddy\dependency\sdk-vtk-9.4.2\build_msvc\thirdparty\libxml2\vtklibxml2\libxml2.dir\release\sax.obj
d:\cybermed\daddy\dependency\sdk-vtk-9.4.2\build_msvc\thirdparty\libxml2\vtklibxml2\libxml2.dir\release\relaxng.obj
d:\cybermed\daddy\dependency\sdk-vtk-9.4.2\build_msvc\thirdparty\libxml2\vtklibxml2\libxml2.dir\release\xzlib.obj
d:\cybermed\daddy\dependency\sdk-vtk-9.4.2\build_msvc\thirdparty\libxml2\vtklibxml2\libxml2.dir\release\xpointer.obj
d:\cybermed\daddy\dependency\sdk-vtk-9.4.2\build_msvc\thirdparty\libxml2\vtklibxml2\libxml2.dir\release\xpath.obj
d:\cybermed\daddy\dependency\sdk-vtk-9.4.2\build_msvc\thirdparty\libxml2\vtklibxml2\libxml2.dir\release\xmlwriter.obj
d:\cybermed\daddy\dependency\sdk-vtk-9.4.2\build_msvc\thirdparty\libxml2\vtklibxml2\cmakefiles\generate.stamp
d:\cybermed\daddy\dependency\sdk-vtk-9.4.2\build_msvc\bin\release\vtklibxml2-9.4.dll
d:\cybermed\daddy\dependency\sdk-vtk-9.4.2\build_msvc\thirdparty\libxml2\vtklibxml2\libxml2.dir\release\libxml2.res
d:\cybermed\daddy\dependency\sdk-vtk-9.4.2\build_msvc\lib\release\vtklibxml2-9.4.lib
d:\cybermed\daddy\dependency\sdk-vtk-9.4.2\build_msvc\lib\release\vtklibxml2-9.4.exp
d:\cybermed\daddy\dependency\sdk-vtk-9.4.2\build_msvc\thirdparty\libxml2\vtklibxml2\libxml2.dir\release\libxml2.tlog\cl.command.1.tlog
d:\cybermed\daddy\dependency\sdk-vtk-9.4.2\build_msvc\thirdparty\libxml2\vtklibxml2\libxml2.dir\release\libxml2.tlog\cl.items.tlog
d:\cybermed\daddy\dependency\sdk-vtk-9.4.2\build_msvc\thirdparty\libxml2\vtklibxml2\libxml2.dir\release\libxml2.tlog\cl.read.1.tlog
d:\cybermed\daddy\dependency\sdk-vtk-9.4.2\build_msvc\thirdparty\libxml2\vtklibxml2\libxml2.dir\release\libxml2.tlog\cl.write.1.tlog
d:\cybermed\daddy\dependency\sdk-vtk-9.4.2\build_msvc\thirdparty\libxml2\vtklibxml2\libxml2.dir\release\libxml2.tlog\custombuild.command.1.tlog
d:\cybermed\daddy\dependency\sdk-vtk-9.4.2\build_msvc\thirdparty\libxml2\vtklibxml2\libxml2.dir\release\libxml2.tlog\custombuild.read.1.tlog
d:\cybermed\daddy\dependency\sdk-vtk-9.4.2\build_msvc\thirdparty\libxml2\vtklibxml2\libxml2.dir\release\libxml2.tlog\custombuild.write.1.tlog
d:\cybermed\daddy\dependency\sdk-vtk-9.4.2\build_msvc\thirdparty\libxml2\vtklibxml2\libxml2.dir\release\libxml2.tlog\link.command.1.tlog
d:\cybermed\daddy\dependency\sdk-vtk-9.4.2\build_msvc\thirdparty\libxml2\vtklibxml2\libxml2.dir\release\libxml2.tlog\link.read.1.tlog
d:\cybermed\daddy\dependency\sdk-vtk-9.4.2\build_msvc\thirdparty\libxml2\vtklibxml2\libxml2.dir\release\libxml2.tlog\link.secondary.1.tlog
d:\cybermed\daddy\dependency\sdk-vtk-9.4.2\build_msvc\thirdparty\libxml2\vtklibxml2\libxml2.dir\release\libxml2.tlog\link.write.1.tlog
d:\cybermed\daddy\dependency\sdk-vtk-9.4.2\build_msvc\thirdparty\libxml2\vtklibxml2\libxml2.dir\release\libxml2.tlog\rc.command.1.tlog
d:\cybermed\daddy\dependency\sdk-vtk-9.4.2\build_msvc\thirdparty\libxml2\vtklibxml2\libxml2.dir\release\libxml2.tlog\rc.read.1.tlog
d:\cybermed\daddy\dependency\sdk-vtk-9.4.2\build_msvc\thirdparty\libxml2\vtklibxml2\libxml2.dir\release\libxml2.tlog\rc.write.1.tlog
