d:\cybermed\daddy\dependency\sdk-vtk-9.4.2\build_msvc\imaging\core\imagingcore.dir\release\vtkimageiteratefilter.obj
d:\cybermed\daddy\dependency\sdk-vtk-9.4.2\build_msvc\imaging\core\imagingcore.dir\release\vtkimageinterpolator.obj
d:\cybermed\daddy\dependency\sdk-vtk-9.4.2\build_msvc\imaging\core\imagingcore.dir\release\vtkimageflip.obj
d:\cybermed\daddy\dependency\sdk-vtk-9.4.2\build_msvc\imaging\core\imagingcore.dir\release\vtkimageextractcomponents.obj
d:\cybermed\daddy\dependency\sdk-vtk-9.4.2\build_msvc\imaging\core\imagingcore.dir\release\vtkimagedifference.obj
d:\cybermed\daddy\dependency\sdk-vtk-9.4.2\build_msvc\imaging\core\imagingcore.dir\release\vtkimagedecomposefilter.obj
d:\cybermed\daddy\dependency\sdk-vtk-9.4.2\build_msvc\imaging\core\imagingcore.dir\release\vtkimagedatastreamer.obj
d:\cybermed\daddy\dependency\sdk-vtk-9.4.2\build_msvc\imaging\core\imagingcore.dir\release\vtkimageconstantpad.obj
d:\cybermed\daddy\dependency\sdk-vtk-9.4.2\build_msvc\imaging\core\imagingcore.dir\release\vtkimageclip.obj
d:\cybermed\daddy\dependency\sdk-vtk-9.4.2\build_msvc\imaging\core\imagingcore.dir\release\vtkimagechangeinformation.obj
d:\cybermed\daddy\dependency\sdk-vtk-9.4.2\build_msvc\imaging\core\imagingcore.dir\release\vtkimagecast.obj
d:\cybermed\daddy\dependency\sdk-vtk-9.4.2\build_msvc\imaging\core\imagingcore.dir\release\vtkimagecachefilter.obj
d:\cybermed\daddy\dependency\sdk-vtk-9.4.2\build_msvc\imaging\core\imagingcore.dir\release\vtkimagebsplineinterpolator.obj
d:\cybermed\daddy\dependency\sdk-vtk-9.4.2\build_msvc\imaging\core\imagingcore.dir\release\vtkimagebsplineinternals.obj
d:\cybermed\daddy\dependency\sdk-vtk-9.4.2\build_msvc\imaging\core\imagingcore.dir\release\vtkimagebsplinecoefficients.obj
d:\cybermed\daddy\dependency\sdk-vtk-9.4.2\build_msvc\imaging\core\imagingcore.dir\release\vtkimageblend.obj
d:\cybermed\daddy\dependency\sdk-vtk-9.4.2\build_msvc\imaging\core\imagingcore.dir\release\vtkimageappendcomponents.obj
d:\cybermed\daddy\dependency\sdk-vtk-9.4.2\build_msvc\imaging\core\imagingcore.dir\release\vtkgenericimageinterpolator.obj
d:\cybermed\daddy\dependency\sdk-vtk-9.4.2\build_msvc\imaging\core\imagingcore.dir\release\vtkextractvoi.obj
d:\cybermed\daddy\dependency\sdk-vtk-9.4.2\build_msvc\imaging\core\imagingcore.dir\release\vtkabstractimageinterpolator.obj
d:\cybermed\daddy\dependency\sdk-vtk-9.4.2\build_msvc\imaging\core\imagingcore.dir\release\vtkimagestencilsource.obj
d:\cybermed\daddy\dependency\sdk-vtk-9.4.2\build_msvc\imaging\core\imagingcore.dir\release\vtkimagestenciliterator.obj
d:\cybermed\daddy\dependency\sdk-vtk-9.4.2\build_msvc\imaging\core\imagingcore.dir\release\vtkimagestencildata.obj
d:\cybermed\daddy\dependency\sdk-vtk-9.4.2\build_msvc\imaging\core\imagingcore.dir\release\vtkimagestencilalgorithm.obj
d:\cybermed\daddy\dependency\sdk-vtk-9.4.2\build_msvc\imaging\core\imagingcore.dir\release\vtkimagesincinterpolator.obj
d:\cybermed\daddy\dependency\sdk-vtk-9.4.2\build_msvc\imaging\core\imagingcore.dir\release\vtkimageshrink3d.obj
d:\cybermed\daddy\dependency\sdk-vtk-9.4.2\build_msvc\imaging\core\imagingcore.dir\release\vtkimageshiftscale.obj
d:\cybermed\daddy\dependency\sdk-vtk-9.4.2\build_msvc\imaging\core\imagingcore.dir\release\vtkimagereslicetocolors.obj
d:\cybermed\daddy\dependency\sdk-vtk-9.4.2\build_msvc\imaging\core\imagingcore.dir\release\vtkimagereslice.obj
d:\cybermed\daddy\dependency\sdk-vtk-9.4.2\build_msvc\imaging\core\imagingcore.dir\release\vtkimageresize.obj
d:\cybermed\daddy\dependency\sdk-vtk-9.4.2\build_msvc\imaging\core\imagingcore.dir\release\vtkimageresample.obj
d:\cybermed\daddy\dependency\sdk-vtk-9.4.2\build_msvc\imaging\core\imagingcore.dir\release\vtkimageprobefilter.obj
d:\cybermed\daddy\dependency\sdk-vtk-9.4.2\build_msvc\imaging\core\imagingcore.dir\release\vtkimagepointiterator.obj
d:\cybermed\daddy\dependency\sdk-vtk-9.4.2\build_msvc\imaging\core\imagingcore.dir\release\vtkimagepointdataiterator.obj
d:\cybermed\daddy\dependency\sdk-vtk-9.4.2\build_msvc\imaging\core\imagingcore.dir\release\vtkimagepermute.obj
d:\cybermed\daddy\dependency\sdk-vtk-9.4.2\build_msvc\imaging\core\imagingcore.dir\release\vtkimagepadfilter.obj
d:\cybermed\daddy\dependency\sdk-vtk-9.4.2\build_msvc\imaging\core\imagingcore.dir\release\vtkimagemirrorpad.obj
d:\cybermed\daddy\dependency\sdk-vtk-9.4.2\build_msvc\imaging\core\imagingcore.dir\release\vtkimagemask.obj
d:\cybermed\daddy\dependency\sdk-vtk-9.4.2\build_msvc\imaging\core\imagingcore.dir\release\vtkimagemaptocolors.obj
d:\cybermed\daddy\dependency\sdk-vtk-9.4.2\build_msvc\imaging\core\imagingcore.dir\release\vtkimagemagnify.obj
d:\cybermed\daddy\dependency\sdk-vtk-9.4.2\build_msvc\imaging\core\imagingcore.dir\release\vtkrtanalyticsource.obj
d:\cybermed\daddy\dependency\sdk-vtk-9.4.2\build_msvc\imaging\core\imagingcore.dir\release\vtkimagewrappad.obj
d:\cybermed\daddy\dependency\sdk-vtk-9.4.2\build_msvc\imaging\core\imagingcore.dir\release\vtkimagetranslateextent.obj
d:\cybermed\daddy\dependency\sdk-vtk-9.4.2\build_msvc\imaging\core\imagingcore.dir\release\vtkimagethreshold.obj
d:\cybermed\daddy\dependency\sdk-vtk-9.4.2\build_msvc\imaging\core\imagingcore.dir\release\vtkimagessim.obj
d:\cybermed\daddy\dependency\sdk-vtk-9.4.2\build_msvc\imaging\core\cmakefiles\generate.stamp
d:\cybermed\daddy\dependency\sdk-vtk-9.4.2\build_msvc\bin\release\vtkimagingcore-9.4.dll
d:\cybermed\daddy\dependency\sdk-vtk-9.4.2\build_msvc\lib\release\vtkimagingcore-9.4.lib
d:\cybermed\daddy\dependency\sdk-vtk-9.4.2\build_msvc\lib\release\vtkimagingcore-9.4.exp
d:\cybermed\daddy\dependency\sdk-vtk-9.4.2\build_msvc\imaging\core\imagingcore.dir\release\imagingcore.tlog\cl.command.1.tlog
d:\cybermed\daddy\dependency\sdk-vtk-9.4.2\build_msvc\imaging\core\imagingcore.dir\release\imagingcore.tlog\cl.items.tlog
d:\cybermed\daddy\dependency\sdk-vtk-9.4.2\build_msvc\imaging\core\imagingcore.dir\release\imagingcore.tlog\cl.read.1.tlog
d:\cybermed\daddy\dependency\sdk-vtk-9.4.2\build_msvc\imaging\core\imagingcore.dir\release\imagingcore.tlog\cl.write.1.tlog
d:\cybermed\daddy\dependency\sdk-vtk-9.4.2\build_msvc\imaging\core\imagingcore.dir\release\imagingcore.tlog\custombuild.command.1.tlog
d:\cybermed\daddy\dependency\sdk-vtk-9.4.2\build_msvc\imaging\core\imagingcore.dir\release\imagingcore.tlog\custombuild.read.1.tlog
d:\cybermed\daddy\dependency\sdk-vtk-9.4.2\build_msvc\imaging\core\imagingcore.dir\release\imagingcore.tlog\custombuild.write.1.tlog
d:\cybermed\daddy\dependency\sdk-vtk-9.4.2\build_msvc\imaging\core\imagingcore.dir\release\imagingcore.tlog\link.command.1.tlog
d:\cybermed\daddy\dependency\sdk-vtk-9.4.2\build_msvc\imaging\core\imagingcore.dir\release\imagingcore.tlog\link.read.1.tlog
d:\cybermed\daddy\dependency\sdk-vtk-9.4.2\build_msvc\imaging\core\imagingcore.dir\release\imagingcore.tlog\link.secondary.1.tlog
d:\cybermed\daddy\dependency\sdk-vtk-9.4.2\build_msvc\imaging\core\imagingcore.dir\release\imagingcore.tlog\link.write.1.tlog
