d:\cybermed\daddy\dependency\sdk-vtk-9.4.2\build_msvc\lib\debug\vtkionetcdf-9.4d.pdb
d:\cybermed\daddy\dependency\sdk-vtk-9.4.2\build_msvc\io\netcdf\ionetcdf.dir\debug\vtkslacreader.obj
d:\cybermed\daddy\dependency\sdk-vtk-9.4.2\build_msvc\io\netcdf\ionetcdf.dir\debug\vtkslacparticlereader.obj
d:\cybermed\daddy\dependency\sdk-vtk-9.4.2\build_msvc\io\netcdf\ionetcdf.dir\debug\vtknetcdfugridreader.obj
d:\cybermed\daddy\dependency\sdk-vtk-9.4.2\build_msvc\io\netcdf\ionetcdf.dir\debug\vtknetcdfreader.obj
d:\cybermed\daddy\dependency\sdk-vtk-9.4.2\build_msvc\io\netcdf\ionetcdf.dir\debug\vtknetcdfpopreader.obj
d:\cybermed\daddy\dependency\sdk-vtk-9.4.2\build_msvc\io\netcdf\ionetcdf.dir\debug\vtknetcdfcfwriter.obj
d:\cybermed\daddy\dependency\sdk-vtk-9.4.2\build_msvc\io\netcdf\ionetcdf.dir\debug\vtknetcdfcfreader.obj
d:\cybermed\daddy\dependency\sdk-vtk-9.4.2\build_msvc\io\netcdf\ionetcdf.dir\debug\vtknetcdfcamreader.obj
d:\cybermed\daddy\dependency\sdk-vtk-9.4.2\build_msvc\io\netcdf\ionetcdf.dir\debug\vtkmpasreader.obj
d:\cybermed\daddy\dependency\sdk-vtk-9.4.2\build_msvc\io\netcdf\ionetcdf.dir\debug\vc143.pdb
d:\cybermed\daddy\dependency\sdk-vtk-9.4.2\build_msvc\io\netcdf\cmakefiles\generate.stamp
d:\cybermed\daddy\dependency\sdk-vtk-9.4.2\build_msvc\lib\debug\vtkionetcdf-9.4d.lib
d:\cybermed\daddy\dependency\sdk-vtk-9.4.2\build_msvc\bin\debug\vtkionetcdf-9.4d.dll
d:\cybermed\daddy\dependency\sdk-vtk-9.4.2\build_msvc\bin\debug\vtkionetcdf-9.4d.pdb
d:\cybermed\daddy\dependency\sdk-vtk-9.4.2\build_msvc\lib\debug\vtkionetcdf-9.4d.exp
d:\cybermed\daddy\dependency\sdk-vtk-9.4.2\build_msvc\io\netcdf\ionetcdf.dir\debug\vtkionetcdf-9.4d.ilk
d:\cybermed\daddy\dependency\sdk-vtk-9.4.2\build_msvc\io\netcdf\ionetcdf.dir\debug\ionetcdf.tlog\cl.command.1.tlog
d:\cybermed\daddy\dependency\sdk-vtk-9.4.2\build_msvc\io\netcdf\ionetcdf.dir\debug\ionetcdf.tlog\cl.items.tlog
d:\cybermed\daddy\dependency\sdk-vtk-9.4.2\build_msvc\io\netcdf\ionetcdf.dir\debug\ionetcdf.tlog\cl.read.1.tlog
d:\cybermed\daddy\dependency\sdk-vtk-9.4.2\build_msvc\io\netcdf\ionetcdf.dir\debug\ionetcdf.tlog\cl.write.1.tlog
d:\cybermed\daddy\dependency\sdk-vtk-9.4.2\build_msvc\io\netcdf\ionetcdf.dir\debug\ionetcdf.tlog\custombuild.command.1.tlog
d:\cybermed\daddy\dependency\sdk-vtk-9.4.2\build_msvc\io\netcdf\ionetcdf.dir\debug\ionetcdf.tlog\custombuild.read.1.tlog
d:\cybermed\daddy\dependency\sdk-vtk-9.4.2\build_msvc\io\netcdf\ionetcdf.dir\debug\ionetcdf.tlog\custombuild.write.1.tlog
d:\cybermed\daddy\dependency\sdk-vtk-9.4.2\build_msvc\io\netcdf\ionetcdf.dir\debug\ionetcdf.tlog\lib-link.read.1.tlog
d:\cybermed\daddy\dependency\sdk-vtk-9.4.2\build_msvc\io\netcdf\ionetcdf.dir\debug\ionetcdf.tlog\lib-link.write.1.tlog
d:\cybermed\daddy\dependency\sdk-vtk-9.4.2\build_msvc\io\netcdf\ionetcdf.dir\debug\ionetcdf.tlog\lib.command.1.tlog
d:\cybermed\daddy\dependency\sdk-vtk-9.4.2\build_msvc\io\netcdf\ionetcdf.dir\debug\ionetcdf.tlog\link.command.1.tlog
d:\cybermed\daddy\dependency\sdk-vtk-9.4.2\build_msvc\io\netcdf\ionetcdf.dir\debug\ionetcdf.tlog\link.read.1.tlog
d:\cybermed\daddy\dependency\sdk-vtk-9.4.2\build_msvc\io\netcdf\ionetcdf.dir\debug\ionetcdf.tlog\link.secondary.1.tlog
d:\cybermed\daddy\dependency\sdk-vtk-9.4.2\build_msvc\io\netcdf\ionetcdf.dir\debug\ionetcdf.tlog\link.write.1.tlog
