d:\cybermed\daddy\dependency\sdk-vtk-9.4.2\build_msvc\thirdparty\ioss\vtkioss\ioss.dir\release\ioss_entityset.obj
d:\cybermed\daddy\dependency\sdk-vtk-9.4.2\build_msvc\thirdparty\ioss\vtkioss\ioss.dir\release\ioss_entityblock.obj
d:\cybermed\daddy\dependency\sdk-vtk-9.4.2\build_msvc\thirdparty\ioss\vtkioss\ioss.dir\release\ioss_elementtopology.obj
d:\cybermed\daddy\dependency\sdk-vtk-9.4.2\build_msvc\thirdparty\ioss\vtkioss\ioss.dir\release\ioss_elementset.obj
d:\cybermed\daddy\dependency\sdk-vtk-9.4.2\build_msvc\thirdparty\ioss\vtkioss\ioss.dir\release\ioss_elementpermutation.obj
d:\cybermed\daddy\dependency\sdk-vtk-9.4.2\build_msvc\thirdparty\ioss\vtkioss\ioss.dir\release\ioss_elementblock.obj
d:\cybermed\daddy\dependency\sdk-vtk-9.4.2\build_msvc\thirdparty\ioss\vtkioss\ioss.dir\release\ioss_edgeset.obj
d:\cybermed\daddy\dependency\sdk-vtk-9.4.2\build_msvc\thirdparty\ioss\vtkioss\ioss.dir\release\ioss_edgeblock.obj
d:\cybermed\daddy\dependency\sdk-vtk-9.4.2\build_msvc\thirdparty\ioss\vtkioss\ioss.dir\release\ioss_databaseio.obj
d:\cybermed\daddy\dependency\sdk-vtk-9.4.2\build_msvc\thirdparty\ioss\vtkioss\ioss.dir\release\ioss_copydatabase.obj
d:\cybermed\daddy\dependency\sdk-vtk-9.4.2\build_msvc\thirdparty\ioss\vtkioss\ioss.dir\release\ioss_coordinateframe.obj
d:\cybermed\daddy\dependency\sdk-vtk-9.4.2\build_msvc\thirdparty\ioss\vtkioss\ioss.dir\release\ioss_constructedvariabletype.obj
d:\cybermed\daddy\dependency\sdk-vtk-9.4.2\build_msvc\thirdparty\ioss\vtkioss\ioss.dir\release\ioss_concretevariabletype.obj
d:\cybermed\daddy\dependency\sdk-vtk-9.4.2\build_msvc\thirdparty\ioss\vtkioss\ioss.dir\release\ioss_compositevariabletype.obj
d:\cybermed\daddy\dependency\sdk-vtk-9.4.2\build_msvc\thirdparty\ioss\vtkioss\ioss.dir\release\ioss_composedvariabletype.obj
d:\cybermed\daddy\dependency\sdk-vtk-9.4.2\build_msvc\thirdparty\ioss\vtkioss\ioss.dir\release\ioss_compare.obj
d:\cybermed\daddy\dependency\sdk-vtk-9.4.2\build_msvc\thirdparty\ioss\vtkioss\ioss.dir\release\ioss_commset.obj
d:\cybermed\daddy\dependency\sdk-vtk-9.4.2\build_msvc\thirdparty\ioss\vtkioss\ioss.dir\release\ioss_chaingenerator.obj
d:\cybermed\daddy\dependency\sdk-vtk-9.4.2\build_msvc\thirdparty\ioss\vtkioss\ioss.dir\release\ioss_blob.obj
d:\cybermed\daddy\dependency\sdk-vtk-9.4.2\build_msvc\thirdparty\ioss\vtkioss\ioss.dir\release\ioss_assembly.obj
d:\cybermed\daddy\dependency\sdk-vtk-9.4.2\build_msvc\thirdparty\ioss\vtkioss\ioss.dir\release\ioss_propertymanager.obj
d:\cybermed\daddy\dependency\sdk-vtk-9.4.2\build_msvc\thirdparty\ioss\vtkioss\ioss.dir\release\ioss_property.obj
d:\cybermed\daddy\dependency\sdk-vtk-9.4.2\build_msvc\thirdparty\ioss\vtkioss\ioss.dir\release\ioss_parallelutils.obj
d:\cybermed\daddy\dependency\sdk-vtk-9.4.2\build_msvc\thirdparty\ioss\vtkioss\ioss.dir\release\ioss_nullentity.obj
d:\cybermed\daddy\dependency\sdk-vtk-9.4.2\build_msvc\thirdparty\ioss\vtkioss\ioss.dir\release\ioss_nodeset.obj
d:\cybermed\daddy\dependency\sdk-vtk-9.4.2\build_msvc\thirdparty\ioss\vtkioss\ioss.dir\release\ioss_nodeblock.obj
d:\cybermed\daddy\dependency\sdk-vtk-9.4.2\build_msvc\thirdparty\ioss\vtkioss\ioss.dir\release\ioss_memoryutils.obj
d:\cybermed\daddy\dependency\sdk-vtk-9.4.2\build_msvc\thirdparty\ioss\vtkioss\ioss.dir\release\ioss_map.obj
d:\cybermed\daddy\dependency\sdk-vtk-9.4.2\build_msvc\thirdparty\ioss\vtkioss\ioss.dir\release\ioss_iofactory.obj
d:\cybermed\daddy\dependency\sdk-vtk-9.4.2\build_msvc\thirdparty\ioss\vtkioss\ioss.dir\release\ioss_initializer.obj
d:\cybermed\daddy\dependency\sdk-vtk-9.4.2\build_msvc\thirdparty\ioss\vtkioss\ioss.dir\release\ioss_groupingentity.obj
d:\cybermed\daddy\dependency\sdk-vtk-9.4.2\build_msvc\thirdparty\ioss\vtkioss\ioss.dir\release\ioss_glob.obj
d:\cybermed\daddy\dependency\sdk-vtk-9.4.2\build_msvc\thirdparty\ioss\vtkioss\ioss.dir\release\ioss_getlongopt.obj
d:\cybermed\daddy\dependency\sdk-vtk-9.4.2\build_msvc\thirdparty\ioss\vtkioss\ioss.dir\release\ioss_getline.obj
d:\cybermed\daddy\dependency\sdk-vtk-9.4.2\build_msvc\thirdparty\ioss\vtkioss\ioss.dir\release\ioss_fileinfo.obj
d:\cybermed\daddy\dependency\sdk-vtk-9.4.2\build_msvc\thirdparty\ioss\vtkioss\ioss.dir\release\ioss_fieldmanager.obj
d:\cybermed\daddy\dependency\sdk-vtk-9.4.2\build_msvc\thirdparty\ioss\vtkioss\ioss.dir\release\ioss_field.obj
d:\cybermed\daddy\dependency\sdk-vtk-9.4.2\build_msvc\thirdparty\ioss\vtkioss\ioss.dir\release\ioss_faceset.obj
d:\cybermed\daddy\dependency\sdk-vtk-9.4.2\build_msvc\thirdparty\ioss\vtkioss\ioss.dir\release\ioss_facegenerator.obj
d:\cybermed\daddy\dependency\sdk-vtk-9.4.2\build_msvc\thirdparty\ioss\vtkioss\ioss.dir\release\ioss_faceblock.obj
d:\cybermed\daddy\dependency\sdk-vtk-9.4.2\build_msvc\thirdparty\ioss\vtkioss\ioss.dir\release\ioss_edge3.obj
d:\cybermed\daddy\dependency\sdk-vtk-9.4.2\build_msvc\thirdparty\ioss\vtkioss\ioss.dir\release\ioss_edge2d3.obj
d:\cybermed\daddy\dependency\sdk-vtk-9.4.2\build_msvc\thirdparty\ioss\vtkioss\ioss.dir\release\ioss_edge2d2.obj
d:\cybermed\daddy\dependency\sdk-vtk-9.4.2\build_msvc\thirdparty\ioss\vtkioss\ioss.dir\release\ioss_edge2.obj
d:\cybermed\daddy\dependency\sdk-vtk-9.4.2\build_msvc\thirdparty\ioss\vtkioss\ioss.dir\release\ioss_beam4.obj
d:\cybermed\daddy\dependency\sdk-vtk-9.4.2\build_msvc\thirdparty\ioss\vtkioss\ioss.dir\release\ioss_beam3.obj
d:\cybermed\daddy\dependency\sdk-vtk-9.4.2\build_msvc\thirdparty\ioss\vtkioss\ioss.dir\release\ioss_beam2.obj
d:\cybermed\daddy\dependency\sdk-vtk-9.4.2\build_msvc\thirdparty\ioss\vtkioss\ioss.dir\release\tokenize.obj
d:\cybermed\daddy\dependency\sdk-vtk-9.4.2\build_msvc\thirdparty\ioss\vtkioss\ioss.dir\release\ioss_zoneconnectivity.obj
d:\cybermed\daddy\dependency\sdk-vtk-9.4.2\build_msvc\thirdparty\ioss\vtkioss\ioss.dir\release\ioss_variabletype.obj
d:\cybermed\daddy\dependency\sdk-vtk-9.4.2\build_msvc\thirdparty\ioss\vtkioss\ioss.dir\release\ioss_utils.obj
d:\cybermed\daddy\dependency\sdk-vtk-9.4.2\build_msvc\thirdparty\ioss\vtkioss\ioss.dir\release\ioss_transformfactory.obj
d:\cybermed\daddy\dependency\sdk-vtk-9.4.2\build_msvc\thirdparty\ioss\vtkioss\ioss.dir\release\ioss_transform.obj
d:\cybermed\daddy\dependency\sdk-vtk-9.4.2\build_msvc\thirdparty\ioss\vtkioss\ioss.dir\release\ioss_tracer.obj
d:\cybermed\daddy\dependency\sdk-vtk-9.4.2\build_msvc\thirdparty\ioss\vtkioss\ioss.dir\release\ioss_structuredblock.obj
d:\cybermed\daddy\dependency\sdk-vtk-9.4.2\build_msvc\thirdparty\ioss\vtkioss\ioss.dir\release\ioss_smartassert.obj
d:\cybermed\daddy\dependency\sdk-vtk-9.4.2\build_msvc\thirdparty\ioss\vtkioss\ioss.dir\release\ioss_sideset.obj
d:\cybermed\daddy\dependency\sdk-vtk-9.4.2\build_msvc\thirdparty\ioss\vtkioss\ioss.dir\release\ioss_sideblock.obj
d:\cybermed\daddy\dependency\sdk-vtk-9.4.2\build_msvc\thirdparty\ioss\vtkioss\ioss.dir\release\ioss_serializeio.obj
d:\cybermed\daddy\dependency\sdk-vtk-9.4.2\build_msvc\thirdparty\ioss\vtkioss\ioss.dir\release\ioss_region.obj
d:\cybermed\daddy\dependency\sdk-vtk-9.4.2\build_msvc\thirdparty\ioss\vtkioss\ioss.dir\release\ioss_quad16.obj
d:\cybermed\daddy\dependency\sdk-vtk-9.4.2\build_msvc\thirdparty\ioss\vtkioss\ioss.dir\release\ioss_quad12.obj
d:\cybermed\daddy\dependency\sdk-vtk-9.4.2\build_msvc\thirdparty\ioss\vtkioss\ioss.dir\release\ioss_quad9.obj
d:\cybermed\daddy\dependency\sdk-vtk-9.4.2\build_msvc\thirdparty\ioss\vtkioss\ioss.dir\release\ioss_quad8.obj
d:\cybermed\daddy\dependency\sdk-vtk-9.4.2\build_msvc\thirdparty\ioss\vtkioss\ioss.dir\release\ioss_quad6.obj
d:\cybermed\daddy\dependency\sdk-vtk-9.4.2\build_msvc\thirdparty\ioss\vtkioss\ioss.dir\release\ioss_quad4.obj
d:\cybermed\daddy\dependency\sdk-vtk-9.4.2\build_msvc\thirdparty\ioss\vtkioss\ioss.dir\release\ioss_pyramid19.obj
d:\cybermed\daddy\dependency\sdk-vtk-9.4.2\build_msvc\thirdparty\ioss\vtkioss\ioss.dir\release\ioss_pyramid18.obj
d:\cybermed\daddy\dependency\sdk-vtk-9.4.2\build_msvc\thirdparty\ioss\vtkioss\ioss.dir\release\ioss_pyramid14.obj
d:\cybermed\daddy\dependency\sdk-vtk-9.4.2\build_msvc\thirdparty\ioss\vtkioss\ioss.dir\release\ioss_pyramid13.obj
d:\cybermed\daddy\dependency\sdk-vtk-9.4.2\build_msvc\thirdparty\ioss\vtkioss\ioss.dir\release\ioss_pyramid5.obj
d:\cybermed\daddy\dependency\sdk-vtk-9.4.2\build_msvc\thirdparty\ioss\vtkioss\ioss.dir\release\ioss_node.obj
d:\cybermed\daddy\dependency\sdk-vtk-9.4.2\build_msvc\thirdparty\ioss\vtkioss\ioss.dir\release\ioss_hex64.obj
d:\cybermed\daddy\dependency\sdk-vtk-9.4.2\build_msvc\thirdparty\ioss\vtkioss\ioss.dir\release\ioss_hex32.obj
d:\cybermed\daddy\dependency\sdk-vtk-9.4.2\build_msvc\thirdparty\ioss\vtkioss\ioss.dir\release\ioss_hex27.obj
d:\cybermed\daddy\dependency\sdk-vtk-9.4.2\build_msvc\thirdparty\ioss\vtkioss\ioss.dir\release\ioss_hex20.obj
d:\cybermed\daddy\dependency\sdk-vtk-9.4.2\build_msvc\thirdparty\ioss\vtkioss\ioss.dir\release\ioss_hex16.obj
d:\cybermed\daddy\dependency\sdk-vtk-9.4.2\build_msvc\thirdparty\ioss\vtkioss\ioss.dir\release\ioss_hex9.obj
d:\cybermed\daddy\dependency\sdk-vtk-9.4.2\build_msvc\thirdparty\ioss\vtkioss\ioss.dir\release\ioss_hex8.obj
d:\cybermed\daddy\dependency\sdk-vtk-9.4.2\build_msvc\thirdparty\ioss\vtkioss\ioss.dir\release\ioss_edge4.obj
d:\cybermed\daddy\dependency\sdk-vtk-9.4.2\build_msvc\thirdparty\ioss\vtkioss\ioss.dir\release\ioss_tri4.obj
d:\cybermed\daddy\dependency\sdk-vtk-9.4.2\build_msvc\thirdparty\ioss\vtkioss\ioss.dir\release\ioss_tri3.obj
d:\cybermed\daddy\dependency\sdk-vtk-9.4.2\build_msvc\thirdparty\ioss\vtkioss\ioss.dir\release\ioss_tet40.obj
d:\cybermed\daddy\dependency\sdk-vtk-9.4.2\build_msvc\thirdparty\ioss\vtkioss\ioss.dir\release\ioss_tet16.obj
d:\cybermed\daddy\dependency\sdk-vtk-9.4.2\build_msvc\thirdparty\ioss\vtkioss\ioss.dir\release\ioss_tet15.obj
d:\cybermed\daddy\dependency\sdk-vtk-9.4.2\build_msvc\thirdparty\ioss\vtkioss\ioss.dir\release\ioss_tet14.obj
d:\cybermed\daddy\dependency\sdk-vtk-9.4.2\build_msvc\thirdparty\ioss\vtkioss\ioss.dir\release\ioss_tet11.obj
d:\cybermed\daddy\dependency\sdk-vtk-9.4.2\build_msvc\thirdparty\ioss\vtkioss\ioss.dir\release\ioss_tet10.obj
d:\cybermed\daddy\dependency\sdk-vtk-9.4.2\build_msvc\thirdparty\ioss\vtkioss\ioss.dir\release\ioss_tet8.obj
d:\cybermed\daddy\dependency\sdk-vtk-9.4.2\build_msvc\thirdparty\ioss\vtkioss\ioss.dir\release\ioss_tet7.obj
d:\cybermed\daddy\dependency\sdk-vtk-9.4.2\build_msvc\thirdparty\ioss\vtkioss\ioss.dir\release\ioss_tet4.obj
d:\cybermed\daddy\dependency\sdk-vtk-9.4.2\build_msvc\thirdparty\ioss\vtkioss\ioss.dir\release\ioss_super.obj
d:\cybermed\daddy\dependency\sdk-vtk-9.4.2\build_msvc\thirdparty\ioss\vtkioss\ioss.dir\release\ioss_spring3.obj
d:\cybermed\daddy\dependency\sdk-vtk-9.4.2\build_msvc\thirdparty\ioss\vtkioss\ioss.dir\release\ioss_spring2.obj
d:\cybermed\daddy\dependency\sdk-vtk-9.4.2\build_msvc\thirdparty\ioss\vtkioss\ioss.dir\release\ioss_sphere.obj
d:\cybermed\daddy\dependency\sdk-vtk-9.4.2\build_msvc\thirdparty\ioss\vtkioss\ioss.dir\release\ioss_shellline2d3.obj
d:\cybermed\daddy\dependency\sdk-vtk-9.4.2\build_msvc\thirdparty\ioss\vtkioss\ioss.dir\release\ioss_shellline2d2.obj
d:\cybermed\daddy\dependency\sdk-vtk-9.4.2\build_msvc\thirdparty\ioss\vtkioss\ioss.dir\release\ioss_shell9.obj
d:\cybermed\daddy\dependency\sdk-vtk-9.4.2\build_msvc\thirdparty\ioss\vtkioss\ioss.dir\release\ioss_shell8.obj
d:\cybermed\daddy\dependency\sdk-vtk-9.4.2\build_msvc\thirdparty\ioss\vtkioss\ioss.dir\release\ioss_shell4.obj
d:\cybermed\daddy\dependency\sdk-vtk-9.4.2\build_msvc\thirdparty\ioss\vtkioss\ioss.dir\release\iogs_databaseio.obj
d:\cybermed\daddy\dependency\sdk-vtk-9.4.2\build_msvc\thirdparty\ioss\vtkioss\ioss.dir\release\ioss_wedge52.obj
d:\cybermed\daddy\dependency\sdk-vtk-9.4.2\build_msvc\thirdparty\ioss\vtkioss\ioss.dir\release\ioss_wedge24.obj
d:\cybermed\daddy\dependency\sdk-vtk-9.4.2\build_msvc\thirdparty\ioss\vtkioss\ioss.dir\release\ioss_wedge21.obj
d:\cybermed\daddy\dependency\sdk-vtk-9.4.2\build_msvc\thirdparty\ioss\vtkioss\ioss.dir\release\ioss_wedge20.obj
d:\cybermed\daddy\dependency\sdk-vtk-9.4.2\build_msvc\thirdparty\ioss\vtkioss\ioss.dir\release\ioss_wedge18.obj
d:\cybermed\daddy\dependency\sdk-vtk-9.4.2\build_msvc\thirdparty\ioss\vtkioss\ioss.dir\release\ioss_wedge16.obj
d:\cybermed\daddy\dependency\sdk-vtk-9.4.2\build_msvc\thirdparty\ioss\vtkioss\ioss.dir\release\ioss_wedge15.obj
d:\cybermed\daddy\dependency\sdk-vtk-9.4.2\build_msvc\thirdparty\ioss\vtkioss\ioss.dir\release\ioss_wedge12.obj
d:\cybermed\daddy\dependency\sdk-vtk-9.4.2\build_msvc\thirdparty\ioss\vtkioss\ioss.dir\release\ioss_wedge6.obj
d:\cybermed\daddy\dependency\sdk-vtk-9.4.2\build_msvc\thirdparty\ioss\vtkioss\ioss.dir\release\ioss_unknown.obj
d:\cybermed\daddy\dependency\sdk-vtk-9.4.2\build_msvc\thirdparty\ioss\vtkioss\ioss.dir\release\ioss_trishell7.obj
d:\cybermed\daddy\dependency\sdk-vtk-9.4.2\build_msvc\thirdparty\ioss\vtkioss\ioss.dir\release\ioss_trishell6.obj
d:\cybermed\daddy\dependency\sdk-vtk-9.4.2\build_msvc\thirdparty\ioss\vtkioss\ioss.dir\release\ioss_trishell4.obj
d:\cybermed\daddy\dependency\sdk-vtk-9.4.2\build_msvc\thirdparty\ioss\vtkioss\ioss.dir\release\ioss_trishell3.obj
d:\cybermed\daddy\dependency\sdk-vtk-9.4.2\build_msvc\thirdparty\ioss\vtkioss\ioss.dir\release\ioss_tri13.obj
d:\cybermed\daddy\dependency\sdk-vtk-9.4.2\build_msvc\thirdparty\ioss\vtkioss\ioss.dir\release\ioss_tri9.obj
d:\cybermed\daddy\dependency\sdk-vtk-9.4.2\build_msvc\thirdparty\ioss\vtkioss\ioss.dir\release\ioss_tri7.obj
d:\cybermed\daddy\dependency\sdk-vtk-9.4.2\build_msvc\thirdparty\ioss\vtkioss\ioss.dir\release\ioss_tri6.obj
d:\cybermed\daddy\dependency\sdk-vtk-9.4.2\build_msvc\thirdparty\ioss\vtkioss\ioss.dir\release\ioss_tri4a.obj
d:\cybermed\daddy\dependency\sdk-vtk-9.4.2\build_msvc\thirdparty\ioss\vtkioss\ioss.dir\release\iocgns_initializer.obj
d:\cybermed\daddy\dependency\sdk-vtk-9.4.2\build_msvc\thirdparty\ioss\vtkioss\ioss.dir\release\iocgns_utils.obj
d:\cybermed\daddy\dependency\sdk-vtk-9.4.2\build_msvc\thirdparty\ioss\vtkioss\ioss.dir\release\iocgns_databaseio.obj
d:\cybermed\daddy\dependency\sdk-vtk-9.4.2\build_msvc\thirdparty\ioss\vtkioss\ioss.dir\release\iotr_vectormagnitude.obj
d:\cybermed\daddy\dependency\sdk-vtk-9.4.2\build_msvc\thirdparty\ioss\vtkioss\ioss.dir\release\iotr_tensor.obj
d:\cybermed\daddy\dependency\sdk-vtk-9.4.2\build_msvc\thirdparty\ioss\vtkioss\ioss.dir\release\iotr_scale3d.obj
d:\cybermed\daddy\dependency\sdk-vtk-9.4.2\build_msvc\thirdparty\ioss\vtkioss\ioss.dir\release\iotr_scale.obj
d:\cybermed\daddy\dependency\sdk-vtk-9.4.2\build_msvc\thirdparty\ioss\vtkioss\ioss.dir\release\iotr_offset3d.obj
d:\cybermed\daddy\dependency\sdk-vtk-9.4.2\build_msvc\thirdparty\ioss\vtkioss\ioss.dir\release\iotr_offset.obj
d:\cybermed\daddy\dependency\sdk-vtk-9.4.2\build_msvc\thirdparty\ioss\vtkioss\ioss.dir\release\iotr_minmax.obj
d:\cybermed\daddy\dependency\sdk-vtk-9.4.2\build_msvc\thirdparty\ioss\vtkioss\ioss.dir\release\iotr_initializer.obj
d:\cybermed\daddy\dependency\sdk-vtk-9.4.2\build_msvc\thirdparty\ioss\vtkioss\ioss.dir\release\ionull_iofactory.obj
d:\cybermed\daddy\dependency\sdk-vtk-9.4.2\build_msvc\thirdparty\ioss\vtkioss\ioss.dir\release\ionull_databaseio.obj
d:\cybermed\daddy\dependency\sdk-vtk-9.4.2\build_msvc\thirdparty\ioss\vtkioss\ioss.dir\release\ionit_initializer.obj
d:\cybermed\daddy\dependency\sdk-vtk-9.4.2\build_msvc\thirdparty\ioss\vtkioss\ioss.dir\release\iohb_layout.obj
d:\cybermed\daddy\dependency\sdk-vtk-9.4.2\build_msvc\thirdparty\ioss\vtkioss\ioss.dir\release\iohb_databaseio.obj
d:\cybermed\daddy\dependency\sdk-vtk-9.4.2\build_msvc\thirdparty\ioss\vtkioss\ioss.dir\release\iogn_generatedmesh.obj
d:\cybermed\daddy\dependency\sdk-vtk-9.4.2\build_msvc\thirdparty\ioss\vtkioss\ioss.dir\release\iogn_databaseio.obj
d:\cybermed\daddy\dependency\sdk-vtk-9.4.2\build_msvc\thirdparty\ioss\vtkioss\ioss.dir\release\iogn_dashsurfacemesh.obj
d:\cybermed\daddy\dependency\sdk-vtk-9.4.2\build_msvc\thirdparty\ioss\vtkioss\ioss.dir\release\iogs_generatedmesh.obj
d:\cybermed\daddy\dependency\sdk-vtk-9.4.2\build_msvc\thirdparty\ioss\vtkioss\ioss.dir\release\ioex_utils.obj
d:\cybermed\daddy\dependency\sdk-vtk-9.4.2\build_msvc\thirdparty\ioss\vtkioss\ioss.dir\release\ioex_superelement.obj
d:\cybermed\daddy\dependency\sdk-vtk-9.4.2\build_msvc\thirdparty\ioss\vtkioss\ioss.dir\release\ioex_iofactory.obj
d:\cybermed\daddy\dependency\sdk-vtk-9.4.2\build_msvc\thirdparty\ioss\vtkioss\ioss.dir\release\ioex_internals.obj
d:\cybermed\daddy\dependency\sdk-vtk-9.4.2\build_msvc\thirdparty\ioss\vtkioss\ioss.dir\release\ioex_databaseio.obj
d:\cybermed\daddy\dependency\sdk-vtk-9.4.2\build_msvc\thirdparty\ioss\vtkioss\ioss.dir\release\ioex_basedatabaseio.obj
d:\cybermed\daddy\dependency\sdk-vtk-9.4.2\build_msvc\thirdparty\ioss\vtkioss\ioss.dir\release\iocgns_iofactory.obj
d:\cybermed\daddy\dependency\sdk-vtk-9.4.2\build_msvc\thirdparty\ioss\vtkioss\ioss.dir\release\iocgns_structuredzonedata.obj
d:\cybermed\daddy\dependency\sdk-vtk-9.4.2\build_msvc\thirdparty\ioss\vtkioss\cmakefiles\generate.stamp
d:\cybermed\daddy\dependency\sdk-vtk-9.4.2\build_msvc\bin\release\vtkioss-9.4.dll
d:\cybermed\daddy\dependency\sdk-vtk-9.4.2\build_msvc\lib\release\vtkioss-9.4.lib
d:\cybermed\daddy\dependency\sdk-vtk-9.4.2\build_msvc\lib\release\vtkioss-9.4.exp
d:\cybermed\daddy\dependency\sdk-vtk-9.4.2\build_msvc\thirdparty\ioss\vtkioss\ioss.dir\release\ioss.tlog\cl.command.1.tlog
d:\cybermed\daddy\dependency\sdk-vtk-9.4.2\build_msvc\thirdparty\ioss\vtkioss\ioss.dir\release\ioss.tlog\cl.items.tlog
d:\cybermed\daddy\dependency\sdk-vtk-9.4.2\build_msvc\thirdparty\ioss\vtkioss\ioss.dir\release\ioss.tlog\cl.read.1.tlog
d:\cybermed\daddy\dependency\sdk-vtk-9.4.2\build_msvc\thirdparty\ioss\vtkioss\ioss.dir\release\ioss.tlog\cl.write.1.tlog
d:\cybermed\daddy\dependency\sdk-vtk-9.4.2\build_msvc\thirdparty\ioss\vtkioss\ioss.dir\release\ioss.tlog\custombuild.command.1.tlog
d:\cybermed\daddy\dependency\sdk-vtk-9.4.2\build_msvc\thirdparty\ioss\vtkioss\ioss.dir\release\ioss.tlog\custombuild.read.1.tlog
d:\cybermed\daddy\dependency\sdk-vtk-9.4.2\build_msvc\thirdparty\ioss\vtkioss\ioss.dir\release\ioss.tlog\custombuild.write.1.tlog
d:\cybermed\daddy\dependency\sdk-vtk-9.4.2\build_msvc\thirdparty\ioss\vtkioss\ioss.dir\release\ioss.tlog\link.command.1.tlog
d:\cybermed\daddy\dependency\sdk-vtk-9.4.2\build_msvc\thirdparty\ioss\vtkioss\ioss.dir\release\ioss.tlog\link.read.1.tlog
d:\cybermed\daddy\dependency\sdk-vtk-9.4.2\build_msvc\thirdparty\ioss\vtkioss\ioss.dir\release\ioss.tlog\link.secondary.1.tlog
d:\cybermed\daddy\dependency\sdk-vtk-9.4.2\build_msvc\thirdparty\ioss\vtkioss\ioss.dir\release\ioss.tlog\link.write.1.tlog
