d:\cybermed\daddy\dependency\sdk-vtk-9.4.2\build_msvc\lib\debug\vtkioioss-9.4d.pdb
d:\cybermed\daddy\dependency\sdk-vtk-9.4.2\build_msvc\io\ioss\ioioss.dir\debug\vtkiossreaderinternal.obj
d:\cybermed\daddy\dependency\sdk-vtk-9.4.2\build_msvc\io\ioss\ioioss.dir\debug\vtkiossmodel.obj
d:\cybermed\daddy\dependency\sdk-vtk-9.4.2\build_msvc\io\ioss\ioioss.dir\debug\vtkiossutilities.obj
d:\cybermed\daddy\dependency\sdk-vtk-9.4.2\build_msvc\io\ioss\ioioss.dir\debug\vtkiossfilesscanner.obj
d:\cybermed\daddy\dependency\sdk-vtk-9.4.2\build_msvc\io\ioss\ioioss.dir\debug\vtkiosscellgridutilities.obj
d:\cybermed\daddy\dependency\sdk-vtk-9.4.2\build_msvc\io\ioss\ioioss.dir\debug\vtkiosscellgridreaderinternal.obj
d:\cybermed\daddy\dependency\sdk-vtk-9.4.2\build_msvc\io\ioss\ioioss.dir\debug\vtkiosswriter.obj
d:\cybermed\daddy\dependency\sdk-vtk-9.4.2\build_msvc\io\ioss\ioioss.dir\debug\vtkiosscellgridreader.obj
d:\cybermed\daddy\dependency\sdk-vtk-9.4.2\build_msvc\io\ioss\ioioss.dir\debug\vtkiossreader.obj
d:\cybermed\daddy\dependency\sdk-vtk-9.4.2\build_msvc\io\ioss\ioioss.dir\debug\vc143.pdb
d:\cybermed\daddy\dependency\sdk-vtk-9.4.2\build_msvc\io\ioss\cmakefiles\generate.stamp
d:\cybermed\daddy\dependency\sdk-vtk-9.4.2\build_msvc\lib\debug\vtkioioss-9.4d.lib
d:\cybermed\daddy\dependency\sdk-vtk-9.4.2\build_msvc\bin\debug\vtkioioss-9.4d.dll
d:\cybermed\daddy\dependency\sdk-vtk-9.4.2\build_msvc\bin\debug\vtkioioss-9.4d.pdb
d:\cybermed\daddy\dependency\sdk-vtk-9.4.2\build_msvc\lib\debug\vtkioioss-9.4d.exp
d:\cybermed\daddy\dependency\sdk-vtk-9.4.2\build_msvc\io\ioss\ioioss.dir\debug\vtkioioss-9.4d.ilk
d:\cybermed\daddy\dependency\sdk-vtk-9.4.2\build_msvc\io\ioss\ioioss.dir\debug\ioioss.tlog\cl.command.1.tlog
d:\cybermed\daddy\dependency\sdk-vtk-9.4.2\build_msvc\io\ioss\ioioss.dir\debug\ioioss.tlog\cl.items.tlog
d:\cybermed\daddy\dependency\sdk-vtk-9.4.2\build_msvc\io\ioss\ioioss.dir\debug\ioioss.tlog\cl.read.1.tlog
d:\cybermed\daddy\dependency\sdk-vtk-9.4.2\build_msvc\io\ioss\ioioss.dir\debug\ioioss.tlog\cl.write.1.tlog
d:\cybermed\daddy\dependency\sdk-vtk-9.4.2\build_msvc\io\ioss\ioioss.dir\debug\ioioss.tlog\custombuild.command.1.tlog
d:\cybermed\daddy\dependency\sdk-vtk-9.4.2\build_msvc\io\ioss\ioioss.dir\debug\ioioss.tlog\custombuild.read.1.tlog
d:\cybermed\daddy\dependency\sdk-vtk-9.4.2\build_msvc\io\ioss\ioioss.dir\debug\ioioss.tlog\custombuild.write.1.tlog
d:\cybermed\daddy\dependency\sdk-vtk-9.4.2\build_msvc\io\ioss\ioioss.dir\debug\ioioss.tlog\lib-link.read.1.tlog
d:\cybermed\daddy\dependency\sdk-vtk-9.4.2\build_msvc\io\ioss\ioioss.dir\debug\ioioss.tlog\lib-link.write.1.tlog
d:\cybermed\daddy\dependency\sdk-vtk-9.4.2\build_msvc\io\ioss\ioioss.dir\debug\ioioss.tlog\lib.command.1.tlog
d:\cybermed\daddy\dependency\sdk-vtk-9.4.2\build_msvc\io\ioss\ioioss.dir\debug\ioioss.tlog\link.command.1.tlog
d:\cybermed\daddy\dependency\sdk-vtk-9.4.2\build_msvc\io\ioss\ioioss.dir\debug\ioioss.tlog\link.read.1.tlog
d:\cybermed\daddy\dependency\sdk-vtk-9.4.2\build_msvc\io\ioss\ioioss.dir\debug\ioioss.tlog\link.secondary.1.tlog
d:\cybermed\daddy\dependency\sdk-vtk-9.4.2\build_msvc\io\ioss\ioioss.dir\debug\ioioss.tlog\link.write.1.tlog
