d:\cybermed\daddy\dependency\sdk-vtk-9.4.2\build_msvc\rendering\licopengl2\renderinglicopengl2.dir\release\vtksurfacelicinterface.obj
d:\cybermed\daddy\dependency\sdk-vtk-9.4.2\build_msvc\rendering\licopengl2\renderinglicopengl2.dir\release\vtksurfaceliccomposite.obj
d:\cybermed\daddy\dependency\sdk-vtk-9.4.2\build_msvc\rendering\licopengl2\renderinglicopengl2.dir\release\vtkstructuredgridlic2d.obj
d:\cybermed\daddy\dependency\sdk-vtk-9.4.2\build_msvc\rendering\licopengl2\renderinglicopengl2.dir\release\vtklineintegralconvolution2d.obj
d:\cybermed\daddy\dependency\sdk-vtk-9.4.2\build_msvc\rendering\licopengl2\renderinglicopengl2.dir\release\vtkimagedatalic2d.obj
d:\cybermed\daddy\dependency\sdk-vtk-9.4.2\build_msvc\rendering\licopengl2\renderinglicopengl2.dir\release\vtkcompositesurfacelicmapperdelegator.obj
d:\cybermed\daddy\dependency\sdk-vtk-9.4.2\build_msvc\rendering\licopengl2\renderinglicopengl2.dir\release\vtkcompositesurfacelicmapper.obj
d:\cybermed\daddy\dependency\sdk-vtk-9.4.2\build_msvc\rendering\licopengl2\renderinglicopengl2.dir\release\vtkbatchedsurfacelicmapper.obj
d:\cybermed\daddy\dependency\sdk-vtk-9.4.2\build_msvc\rendering\licopengl2\renderinglicopengl2.dir\release\vtksurfacelicinterface_sc.obj
d:\cybermed\daddy\dependency\sdk-vtk-9.4.2\build_msvc\rendering\licopengl2\renderinglicopengl2.dir\release\vtksurfacelicinterface_dcpy.obj
d:\cybermed\daddy\dependency\sdk-vtk-9.4.2\build_msvc\rendering\licopengl2\renderinglicopengl2.dir\release\vtksurfacelicinterface_ce.obj
d:\cybermed\daddy\dependency\sdk-vtk-9.4.2\build_msvc\rendering\licopengl2\renderinglicopengl2.dir\release\vtkstructuredgridlic2d_fs.obj
d:\cybermed\daddy\dependency\sdk-vtk-9.4.2\build_msvc\rendering\licopengl2\renderinglicopengl2.dir\release\vtklineintegralconvolution2d_vt.obj
d:\cybermed\daddy\dependency\sdk-vtk-9.4.2\build_msvc\rendering\licopengl2\renderinglicopengl2.dir\release\vtklineintegralconvolution2d_licn.obj
d:\cybermed\daddy\dependency\sdk-vtk-9.4.2\build_msvc\rendering\licopengl2\renderinglicopengl2.dir\release\vtklineintegralconvolution2d_lici.obj
d:\cybermed\daddy\dependency\sdk-vtk-9.4.2\build_msvc\rendering\licopengl2\renderinglicopengl2.dir\release\vtklineintegralconvolution2d_lic0.obj
d:\cybermed\daddy\dependency\sdk-vtk-9.4.2\build_msvc\rendering\licopengl2\renderinglicopengl2.dir\release\vtklineintegralconvolution2d_ee.obj
d:\cybermed\daddy\dependency\sdk-vtk-9.4.2\build_msvc\rendering\licopengl2\renderinglicopengl2.dir\release\vtklineintegralconvolution2d_ce.obj
d:\cybermed\daddy\dependency\sdk-vtk-9.4.2\build_msvc\rendering\licopengl2\renderinglicopengl2.dir\release\vtklineintegralconvolution2d_aav.obj
d:\cybermed\daddy\dependency\sdk-vtk-9.4.2\build_msvc\rendering\licopengl2\renderinglicopengl2.dir\release\vtklineintegralconvolution2d_aah.obj
d:\cybermed\daddy\dependency\sdk-vtk-9.4.2\build_msvc\rendering\licopengl2\renderinglicopengl2.dir\release\vtksurfacelichelper.obj
d:\cybermed\daddy\dependency\sdk-vtk-9.4.2\build_msvc\rendering\licopengl2\renderinglicopengl2.dir\release\vtklicnoisehelper.obj
d:\cybermed\daddy\dependency\sdk-vtk-9.4.2\build_msvc\rendering\licopengl2\renderinglicopengl2.dir\release\vtktextureio.obj
d:\cybermed\daddy\dependency\sdk-vtk-9.4.2\build_msvc\rendering\licopengl2\renderinglicopengl2.dir\release\vtksurfacelicmapper.obj
d:\cybermed\daddy\dependency\sdk-vtk-9.4.2\build_msvc\rendering\licopengl2\vtklineintegralconvolution2d_aah.h
d:\cybermed\daddy\dependency\sdk-vtk-9.4.2\build_msvc\rendering\licopengl2\vtklineintegralconvolution2d_aah.cxx
d:\cybermed\daddy\dependency\sdk-vtk-9.4.2\build_msvc\rendering\licopengl2\vtklineintegralconvolution2d_aav.h
d:\cybermed\daddy\dependency\sdk-vtk-9.4.2\build_msvc\rendering\licopengl2\vtklineintegralconvolution2d_aav.cxx
d:\cybermed\daddy\dependency\sdk-vtk-9.4.2\build_msvc\rendering\licopengl2\vtklineintegralconvolution2d_ce.h
d:\cybermed\daddy\dependency\sdk-vtk-9.4.2\build_msvc\rendering\licopengl2\vtklineintegralconvolution2d_ce.cxx
d:\cybermed\daddy\dependency\sdk-vtk-9.4.2\build_msvc\rendering\licopengl2\vtklineintegralconvolution2d_ee.h
d:\cybermed\daddy\dependency\sdk-vtk-9.4.2\build_msvc\rendering\licopengl2\vtklineintegralconvolution2d_ee.cxx
d:\cybermed\daddy\dependency\sdk-vtk-9.4.2\build_msvc\rendering\licopengl2\vtklineintegralconvolution2d_lic0.h
d:\cybermed\daddy\dependency\sdk-vtk-9.4.2\build_msvc\rendering\licopengl2\vtklineintegralconvolution2d_lic0.cxx
d:\cybermed\daddy\dependency\sdk-vtk-9.4.2\build_msvc\rendering\licopengl2\vtklineintegralconvolution2d_lici.h
d:\cybermed\daddy\dependency\sdk-vtk-9.4.2\build_msvc\rendering\licopengl2\vtklineintegralconvolution2d_lici.cxx
d:\cybermed\daddy\dependency\sdk-vtk-9.4.2\build_msvc\rendering\licopengl2\vtklineintegralconvolution2d_licn.h
d:\cybermed\daddy\dependency\sdk-vtk-9.4.2\build_msvc\rendering\licopengl2\vtklineintegralconvolution2d_licn.cxx
d:\cybermed\daddy\dependency\sdk-vtk-9.4.2\build_msvc\rendering\licopengl2\vtklineintegralconvolution2d_vt.h
d:\cybermed\daddy\dependency\sdk-vtk-9.4.2\build_msvc\rendering\licopengl2\vtklineintegralconvolution2d_vt.cxx
d:\cybermed\daddy\dependency\sdk-vtk-9.4.2\build_msvc\rendering\licopengl2\vtkstructuredgridlic2d_fs.h
d:\cybermed\daddy\dependency\sdk-vtk-9.4.2\build_msvc\rendering\licopengl2\vtkstructuredgridlic2d_fs.cxx
d:\cybermed\daddy\dependency\sdk-vtk-9.4.2\build_msvc\rendering\licopengl2\vtksurfacelicinterface_ce.h
d:\cybermed\daddy\dependency\sdk-vtk-9.4.2\build_msvc\rendering\licopengl2\vtksurfacelicinterface_ce.cxx
d:\cybermed\daddy\dependency\sdk-vtk-9.4.2\build_msvc\rendering\licopengl2\vtksurfacelicinterface_dcpy.h
d:\cybermed\daddy\dependency\sdk-vtk-9.4.2\build_msvc\rendering\licopengl2\vtksurfacelicinterface_dcpy.cxx
d:\cybermed\daddy\dependency\sdk-vtk-9.4.2\build_msvc\rendering\licopengl2\vtksurfacelicinterface_sc.h
d:\cybermed\daddy\dependency\sdk-vtk-9.4.2\build_msvc\rendering\licopengl2\vtksurfacelicinterface_sc.cxx
d:\cybermed\daddy\dependency\sdk-vtk-9.4.2\build_msvc\rendering\licopengl2\cmakefiles\generate.stamp
d:\cybermed\daddy\dependency\sdk-vtk-9.4.2\build_msvc\bin\release\vtkrenderinglicopengl2-9.4.dll
d:\cybermed\daddy\dependency\sdk-vtk-9.4.2\build_msvc\lib\release\vtkrenderinglicopengl2-9.4.lib
d:\cybermed\daddy\dependency\sdk-vtk-9.4.2\build_msvc\lib\release\vtkrenderinglicopengl2-9.4.exp
d:\cybermed\daddy\dependency\sdk-vtk-9.4.2\build_msvc\rendering\licopengl2\renderinglicopengl2.dir\release\renderin.5a6c6619.tlog\cl.command.1.tlog
d:\cybermed\daddy\dependency\sdk-vtk-9.4.2\build_msvc\rendering\licopengl2\renderinglicopengl2.dir\release\renderin.5a6c6619.tlog\cl.items.tlog
d:\cybermed\daddy\dependency\sdk-vtk-9.4.2\build_msvc\rendering\licopengl2\renderinglicopengl2.dir\release\renderin.5a6c6619.tlog\cl.read.1.tlog
d:\cybermed\daddy\dependency\sdk-vtk-9.4.2\build_msvc\rendering\licopengl2\renderinglicopengl2.dir\release\renderin.5a6c6619.tlog\cl.write.1.tlog
d:\cybermed\daddy\dependency\sdk-vtk-9.4.2\build_msvc\rendering\licopengl2\renderinglicopengl2.dir\release\renderin.5a6c6619.tlog\custombuild.command.1.tlog
d:\cybermed\daddy\dependency\sdk-vtk-9.4.2\build_msvc\rendering\licopengl2\renderinglicopengl2.dir\release\renderin.5a6c6619.tlog\custombuild.read.1.tlog
d:\cybermed\daddy\dependency\sdk-vtk-9.4.2\build_msvc\rendering\licopengl2\renderinglicopengl2.dir\release\renderin.5a6c6619.tlog\custombuild.write.1.tlog
d:\cybermed\daddy\dependency\sdk-vtk-9.4.2\build_msvc\rendering\licopengl2\renderinglicopengl2.dir\release\renderin.5a6c6619.tlog\link.command.1.tlog
d:\cybermed\daddy\dependency\sdk-vtk-9.4.2\build_msvc\rendering\licopengl2\renderinglicopengl2.dir\release\renderin.5a6c6619.tlog\link.read.1.tlog
d:\cybermed\daddy\dependency\sdk-vtk-9.4.2\build_msvc\rendering\licopengl2\renderinglicopengl2.dir\release\renderin.5a6c6619.tlog\link.secondary.1.tlog
d:\cybermed\daddy\dependency\sdk-vtk-9.4.2\build_msvc\rendering\licopengl2\renderinglicopengl2.dir\release\renderin.5a6c6619.tlog\link.write.1.tlog
