d:\cybermed\daddy\dependency\sdk-vtk-9.4.2\build_msvc\lib\debug\vtkrenderinglod-9.4d.pdb
d:\cybermed\daddy\dependency\sdk-vtk-9.4.2\build_msvc\rendering\lod\renderinglod.dir\debug\vtkquadriclodactor.obj
d:\cybermed\daddy\dependency\sdk-vtk-9.4.2\build_msvc\rendering\lod\renderinglod.dir\debug\vtklodactor.obj
d:\cybermed\daddy\dependency\sdk-vtk-9.4.2\build_msvc\rendering\lod\renderinglod.dir\debug\vc143.pdb
d:\cybermed\daddy\dependency\sdk-vtk-9.4.2\build_msvc\rendering\lod\cmakefiles\generate.stamp
d:\cybermed\daddy\dependency\sdk-vtk-9.4.2\build_msvc\lib\debug\vtkrenderinglod-9.4d.lib
d:\cybermed\daddy\dependency\sdk-vtk-9.4.2\build_msvc\bin\debug\vtkrenderinglod-9.4d.dll
d:\cybermed\daddy\dependency\sdk-vtk-9.4.2\build_msvc\bin\debug\vtkrenderinglod-9.4d.pdb
d:\cybermed\daddy\dependency\sdk-vtk-9.4.2\build_msvc\lib\debug\vtkrenderinglod-9.4d.exp
d:\cybermed\daddy\dependency\sdk-vtk-9.4.2\build_msvc\rendering\lod\renderinglod.dir\debug\vtkrenderinglod-9.4d.ilk
d:\cybermed\daddy\dependency\sdk-vtk-9.4.2\build_msvc\rendering\lod\renderinglod.dir\debug\renderinglod.tlog\cl.command.1.tlog
d:\cybermed\daddy\dependency\sdk-vtk-9.4.2\build_msvc\rendering\lod\renderinglod.dir\debug\renderinglod.tlog\cl.items.tlog
d:\cybermed\daddy\dependency\sdk-vtk-9.4.2\build_msvc\rendering\lod\renderinglod.dir\debug\renderinglod.tlog\cl.read.1.tlog
d:\cybermed\daddy\dependency\sdk-vtk-9.4.2\build_msvc\rendering\lod\renderinglod.dir\debug\renderinglod.tlog\cl.write.1.tlog
d:\cybermed\daddy\dependency\sdk-vtk-9.4.2\build_msvc\rendering\lod\renderinglod.dir\debug\renderinglod.tlog\custombuild.command.1.tlog
d:\cybermed\daddy\dependency\sdk-vtk-9.4.2\build_msvc\rendering\lod\renderinglod.dir\debug\renderinglod.tlog\custombuild.read.1.tlog
d:\cybermed\daddy\dependency\sdk-vtk-9.4.2\build_msvc\rendering\lod\renderinglod.dir\debug\renderinglod.tlog\custombuild.write.1.tlog
d:\cybermed\daddy\dependency\sdk-vtk-9.4.2\build_msvc\rendering\lod\renderinglod.dir\debug\renderinglod.tlog\lib-link.read.1.tlog
d:\cybermed\daddy\dependency\sdk-vtk-9.4.2\build_msvc\rendering\lod\renderinglod.dir\debug\renderinglod.tlog\lib-link.write.1.tlog
d:\cybermed\daddy\dependency\sdk-vtk-9.4.2\build_msvc\rendering\lod\renderinglod.dir\debug\renderinglod.tlog\lib.command.1.tlog
d:\cybermed\daddy\dependency\sdk-vtk-9.4.2\build_msvc\rendering\lod\renderinglod.dir\debug\renderinglod.tlog\link.command.1.tlog
d:\cybermed\daddy\dependency\sdk-vtk-9.4.2\build_msvc\rendering\lod\renderinglod.dir\debug\renderinglod.tlog\link.read.1.tlog
d:\cybermed\daddy\dependency\sdk-vtk-9.4.2\build_msvc\rendering\lod\renderinglod.dir\debug\renderinglod.tlog\link.secondary.1.tlog
d:\cybermed\daddy\dependency\sdk-vtk-9.4.2\build_msvc\rendering\lod\renderinglod.dir\debug\renderinglod.tlog\link.write.1.tlog
