d:\cybermed\daddy\dependency\sdk-vtk-9.4.2\build_msvc\lib\debug\vtkimagingstatistics-9.4d.pdb
d:\cybermed\daddy\dependency\sdk-vtk-9.4.2\build_msvc\imaging\statistics\imagingstatistics.dir\debug\vtkimagehistogramstatistics.obj
d:\cybermed\daddy\dependency\sdk-vtk-9.4.2\build_msvc\imaging\statistics\imagingstatistics.dir\debug\vtkimagehistogram.obj
d:\cybermed\daddy\dependency\sdk-vtk-9.4.2\build_msvc\imaging\statistics\imagingstatistics.dir\debug\vtkimageaccumulate.obj
d:\cybermed\daddy\dependency\sdk-vtk-9.4.2\build_msvc\imaging\statistics\imagingstatistics.dir\debug\vc143.pdb
d:\cybermed\daddy\dependency\sdk-vtk-9.4.2\build_msvc\imaging\statistics\cmakefiles\generate.stamp
d:\cybermed\daddy\dependency\sdk-vtk-9.4.2\build_msvc\lib\debug\vtkimagingstatistics-9.4d.lib
d:\cybermed\daddy\dependency\sdk-vtk-9.4.2\build_msvc\bin\debug\vtkimagingstatistics-9.4d.dll
d:\cybermed\daddy\dependency\sdk-vtk-9.4.2\build_msvc\bin\debug\vtkimagingstatistics-9.4d.pdb
d:\cybermed\daddy\dependency\sdk-vtk-9.4.2\build_msvc\lib\debug\vtkimagingstatistics-9.4d.exp
d:\cybermed\daddy\dependency\sdk-vtk-9.4.2\build_msvc\imaging\statistics\imagingstatistics.dir\debug\vtkimagingstatistics-9.4d.ilk
d:\cybermed\daddy\dependency\sdk-vtk-9.4.2\build_msvc\imaging\statistics\imagingstatistics.dir\debug\imagings.c22ad940.tlog\cl.command.1.tlog
d:\cybermed\daddy\dependency\sdk-vtk-9.4.2\build_msvc\imaging\statistics\imagingstatistics.dir\debug\imagings.c22ad940.tlog\cl.items.tlog
d:\cybermed\daddy\dependency\sdk-vtk-9.4.2\build_msvc\imaging\statistics\imagingstatistics.dir\debug\imagings.c22ad940.tlog\cl.read.1.tlog
d:\cybermed\daddy\dependency\sdk-vtk-9.4.2\build_msvc\imaging\statistics\imagingstatistics.dir\debug\imagings.c22ad940.tlog\cl.write.1.tlog
d:\cybermed\daddy\dependency\sdk-vtk-9.4.2\build_msvc\imaging\statistics\imagingstatistics.dir\debug\imagings.c22ad940.tlog\custombuild.command.1.tlog
d:\cybermed\daddy\dependency\sdk-vtk-9.4.2\build_msvc\imaging\statistics\imagingstatistics.dir\debug\imagings.c22ad940.tlog\custombuild.read.1.tlog
d:\cybermed\daddy\dependency\sdk-vtk-9.4.2\build_msvc\imaging\statistics\imagingstatistics.dir\debug\imagings.c22ad940.tlog\custombuild.write.1.tlog
d:\cybermed\daddy\dependency\sdk-vtk-9.4.2\build_msvc\imaging\statistics\imagingstatistics.dir\debug\imagings.c22ad940.tlog\lib-link.read.1.tlog
d:\cybermed\daddy\dependency\sdk-vtk-9.4.2\build_msvc\imaging\statistics\imagingstatistics.dir\debug\imagings.c22ad940.tlog\lib-link.write.1.tlog
d:\cybermed\daddy\dependency\sdk-vtk-9.4.2\build_msvc\imaging\statistics\imagingstatistics.dir\debug\imagings.c22ad940.tlog\lib.command.1.tlog
d:\cybermed\daddy\dependency\sdk-vtk-9.4.2\build_msvc\imaging\statistics\imagingstatistics.dir\debug\imagings.c22ad940.tlog\link.command.1.tlog
d:\cybermed\daddy\dependency\sdk-vtk-9.4.2\build_msvc\imaging\statistics\imagingstatistics.dir\debug\imagings.c22ad940.tlog\link.read.1.tlog
d:\cybermed\daddy\dependency\sdk-vtk-9.4.2\build_msvc\imaging\statistics\imagingstatistics.dir\debug\imagings.c22ad940.tlog\link.secondary.1.tlog
d:\cybermed\daddy\dependency\sdk-vtk-9.4.2\build_msvc\imaging\statistics\imagingstatistics.dir\debug\imagings.c22ad940.tlog\link.write.1.tlog
