d:\cybermed\daddy\dependency\sdk-vtk-9.4.2\build_msvc\lib\debug\vtkcommontransforms-9.4d.pdb
d:\cybermed\daddy\dependency\sdk-vtk-9.4.2\build_msvc\common\transforms\commontransforms.dir\debug\vtkwarptransform.obj
d:\cybermed\daddy\dependency\sdk-vtk-9.4.2\build_msvc\common\transforms\commontransforms.dir\debug\vtktransformcollection.obj
d:\cybermed\daddy\dependency\sdk-vtk-9.4.2\build_msvc\common\transforms\commontransforms.dir\debug\vtktransform2d.obj
d:\cybermed\daddy\dependency\sdk-vtk-9.4.2\build_msvc\common\transforms\commontransforms.dir\debug\vtktransform.obj
d:\cybermed\daddy\dependency\sdk-vtk-9.4.2\build_msvc\common\transforms\commontransforms.dir\debug\vtkthinplatesplinetransform.obj
d:\cybermed\daddy\dependency\sdk-vtk-9.4.2\build_msvc\common\transforms\commontransforms.dir\debug\vtksphericaltransform.obj
d:\cybermed\daddy\dependency\sdk-vtk-9.4.2\build_msvc\common\transforms\commontransforms.dir\debug\vtkperspectivetransform.obj
d:\cybermed\daddy\dependency\sdk-vtk-9.4.2\build_msvc\common\transforms\commontransforms.dir\debug\vtkmatrixtolineartransform.obj
d:\cybermed\daddy\dependency\sdk-vtk-9.4.2\build_msvc\common\transforms\commontransforms.dir\debug\vtkmatrixtohomogeneoustransform.obj
d:\cybermed\daddy\dependency\sdk-vtk-9.4.2\build_msvc\common\transforms\commontransforms.dir\debug\vtklineartransform.obj
d:\cybermed\daddy\dependency\sdk-vtk-9.4.2\build_msvc\common\transforms\commontransforms.dir\debug\vtklandmarktransform.obj
d:\cybermed\daddy\dependency\sdk-vtk-9.4.2\build_msvc\common\transforms\commontransforms.dir\debug\vtkidentitytransform.obj
d:\cybermed\daddy\dependency\sdk-vtk-9.4.2\build_msvc\common\transforms\commontransforms.dir\debug\vtkhomogeneoustransform.obj
d:\cybermed\daddy\dependency\sdk-vtk-9.4.2\build_msvc\common\transforms\commontransforms.dir\debug\vtkgeneraltransform.obj
d:\cybermed\daddy\dependency\sdk-vtk-9.4.2\build_msvc\common\transforms\commontransforms.dir\debug\vtkcylindricaltransform.obj
d:\cybermed\daddy\dependency\sdk-vtk-9.4.2\build_msvc\common\transforms\commontransforms.dir\debug\vtkabstracttransform.obj
d:\cybermed\daddy\dependency\sdk-vtk-9.4.2\build_msvc\common\transforms\commontransforms.dir\debug\vc143.pdb
d:\cybermed\daddy\dependency\sdk-vtk-9.4.2\build_msvc\common\transforms\cmakefiles\generate.stamp
d:\cybermed\daddy\dependency\sdk-vtk-9.4.2\build_msvc\lib\debug\vtkcommontransforms-9.4d.lib
d:\cybermed\daddy\dependency\sdk-vtk-9.4.2\build_msvc\bin\debug\vtkcommontransforms-9.4d.dll
d:\cybermed\daddy\dependency\sdk-vtk-9.4.2\build_msvc\bin\debug\vtkcommontransforms-9.4d.pdb
d:\cybermed\daddy\dependency\sdk-vtk-9.4.2\build_msvc\lib\debug\vtkcommontransforms-9.4d.exp
d:\cybermed\daddy\dependency\sdk-vtk-9.4.2\build_msvc\common\transforms\commontransforms.dir\debug\vtkcommontransforms-9.4d.ilk
d:\cybermed\daddy\dependency\sdk-vtk-9.4.2\build_msvc\common\transforms\commontransforms.dir\debug\commontransforms.tlog\cl.command.1.tlog
d:\cybermed\daddy\dependency\sdk-vtk-9.4.2\build_msvc\common\transforms\commontransforms.dir\debug\commontransforms.tlog\cl.items.tlog
d:\cybermed\daddy\dependency\sdk-vtk-9.4.2\build_msvc\common\transforms\commontransforms.dir\debug\commontransforms.tlog\cl.read.1.tlog
d:\cybermed\daddy\dependency\sdk-vtk-9.4.2\build_msvc\common\transforms\commontransforms.dir\debug\commontransforms.tlog\cl.write.1.tlog
d:\cybermed\daddy\dependency\sdk-vtk-9.4.2\build_msvc\common\transforms\commontransforms.dir\debug\commontransforms.tlog\custombuild.command.1.tlog
d:\cybermed\daddy\dependency\sdk-vtk-9.4.2\build_msvc\common\transforms\commontransforms.dir\debug\commontransforms.tlog\custombuild.read.1.tlog
d:\cybermed\daddy\dependency\sdk-vtk-9.4.2\build_msvc\common\transforms\commontransforms.dir\debug\commontransforms.tlog\custombuild.write.1.tlog
d:\cybermed\daddy\dependency\sdk-vtk-9.4.2\build_msvc\common\transforms\commontransforms.dir\debug\commontransforms.tlog\lib-link.read.1.tlog
d:\cybermed\daddy\dependency\sdk-vtk-9.4.2\build_msvc\common\transforms\commontransforms.dir\debug\commontransforms.tlog\lib-link.write.1.tlog
d:\cybermed\daddy\dependency\sdk-vtk-9.4.2\build_msvc\common\transforms\commontransforms.dir\debug\commontransforms.tlog\lib.command.1.tlog
d:\cybermed\daddy\dependency\sdk-vtk-9.4.2\build_msvc\common\transforms\commontransforms.dir\debug\commontransforms.tlog\link.command.1.tlog
d:\cybermed\daddy\dependency\sdk-vtk-9.4.2\build_msvc\common\transforms\commontransforms.dir\debug\commontransforms.tlog\link.read.1.tlog
d:\cybermed\daddy\dependency\sdk-vtk-9.4.2\build_msvc\common\transforms\commontransforms.dir\debug\commontransforms.tlog\link.secondary.1.tlog
d:\cybermed\daddy\dependency\sdk-vtk-9.4.2\build_msvc\common\transforms\commontransforms.dir\debug\commontransforms.tlog\link.write.1.tlog
